===== Copy Generation Summary =====
#Iter       TotalGen  ind(reg)  mul(reg)  ind(csc)  mul(csc) TotalUsed  ind(reg)  mul(reg)  ind(csc)  mul(csc)            obj
    1            458       323        85        50         0       167       119        40         8         0      1.111e+08
    2            430       291        54        85         0       187       128        41        18         0      1.111e+08
    3            424       298        21       105         0       185       152        16        17         0      9.093e+06
    4            415       370         3        42         0       200       181         2        17         0      5.276e+06
    5            412       365        10        37         0       202       181         8        13         0      3.237e+06
    6            405       366         6        33         0       203       188         5        10         0      2.395e+06
    7            404       370        11        23         0       211       191         8        12         0      2.363e+06
    8            400       363        11        26         0       192       170         8        14         0       2.31e+06
    9            393       371         8        14         0       207       198         5         4         0      2.305e+06
   10            384       335        14        35         0       159       145        10         4         0      2.305e+06
   11            390       330        24        36         0       170       148        18         4         0      2.291e+06
   12            394       348        31        15         0       200       180        19         1         0      2.291e+06
   13            351       269        47        35         0       184       137        35        12         0      2.291e+06
   14            311       214        44        53         0       142        93        28        21         0      2.259e+06
   15            295       210        49        36         0       138        98        35         5         0       2.16e+06
   16            269       184        54        31         0       125        85        38         2         0      2.133e+06
   17            236       153        45        38         0       112        81        30         1         0      2.115e+06
   18            214       157        31        26         0        90        70        20         0         0      2.114e+06
   19            160       132        14        14         0        71        61         8         2         0      2.113e+06
   20            170       118        35        17         0        86        58        20         8         0      2.113e+06
   21            136       106        26         4         0        64        46        18         0         0      2.113e+06
   22            132        88        20        24         0        60        41         9        10         0      2.103e+06
   23            132       100        11        21         0        56        50         6         0         0      2.103e+06
   24            128        64        31        33         0        51        27        21         3         0      2.103e+06
   25            138       123         2        13         0        71        61         0        10         0      2.103e+06
   26            106        65        12        29         0        42        24         7        11         0      2.103e+06
   27            102        41        43        18         0        40        15        25         0         0      2.103e+06
   28             80        34        32        14         0        31         8        23         0         0       2.08e+06
   29             48        27         7        14         0        11         7         3         1         0      2.072e+06
   30             23        14         5         4         0         3         0         3         0         0      2.072e+06
   31             21        13         2         6         0         3         3         0         0         0      2.072e+06
   32             12         8         2         2         0         0         0         0         0         0      2.072e+06
   33             13         9         3         1         0         3         1         2         0         0      2.072e+06
   34            115        49        62         4         0        81        34        46         1         0      2.072e+06
   35             43        19        18         6         0        12         6         6         0         0      2.072e+06
   36             25        17         4         4         0         5         2         3         0         0      2.072e+06
   37             11         7         1         3         0         0         0         0         0         0      2.072e+06
