===== Copy Generation Summary =====
#Iter       TotalGen  ind(reg)  mul(reg)  ind(csc)  mul(csc) TotalUsed  ind(reg)  mul(reg)  ind(csc)  mul(csc)            obj
    1            449       329        74        46         0       185       135        39        11         0      2.466e+08
    2            426       301        40        85         0       202       151        31        20         0      4.272e+07
    3            417       335        10        72         0       179       154         7        18         0      3.154e+07
    4            417       358         8        51         0       213       186         7        20         0      2.131e+07
    5            411       352        11        48         0       199       177         7        15         0      1.649e+07
    6            403       365         7        31         0       199       183         5        11         0      7.887e+06
    7            405       371        12        22         0       211       191        10        10         0      3.432e+06
    8            403       344        10        49         0       181       167         7         7         0      3.117e+06
    9            402       337        19        46         0       185       152        15        18         0      2.621e+06
   10            396       311        19        66         0       180       142        14        24         0      2.487e+06
   11            385       342        10        33         0       168       153         8         7         0      2.404e+06
   12            374       276        19        79         0       146       117         7        22         0      2.308e+06
   13            382       281        40        61         0       164       134        21         9         0      2.184e+06
   14            365       299        20        46         0       171       162         6         3         0       2.13e+06
   15            344       248        35        61         0       161       136        15        10         0      2.005e+06
   16            324       232        35        57         0       127       105        16         6         0      1.855e+06
   17            303       209        50        44         0       143        98        25        20         0      1.805e+06
   18            242       158        40        44         0        84        65        18         1         0      1.749e+06
   19            213       139        41        33         0        94        64        21         9         0      1.557e+06
   20            189       122        26        41         0        73        45        14        14         0      1.556e+06
   21            159       105        39        15         0        77        52        22         3         0      1.541e+06
   22            158       124        16        18         0        54        48         5         1         0       1.54e+06
   23            158        98        40        20         0        68        44        24         0         0      1.525e+06
   24            113        64        21        28         0        29        23         6         0         0      1.524e+06
   25            110        62        21        27         0        31        26         4         1         0      1.524e+06
   26             88        55        21        12         0        31        29         2         0         0      1.524e+06
   27             56        20        16        20         0        12         7         5         0         0      1.524e+06
   28             50        21        18        11         0        12         8         4         0         0      1.516e+06
   29             35        16        12         7         0         6         4         2         0         0      1.516e+06
   30             27        12        11         4         0         3         3         0         0         0      1.516e+06
   31             21         9        11         1         0         3         0         3         0         0      1.516e+06
