Objective:	1.81093e+06
Total CPU time:	00:00:05
================== Aircraft Recovery Schedule ==================
N214AK[30]
375(7/7IAD13:00---SEA18:47)
2025-Jul-07 19:17:00
352-d0(7/7SEA19:18---AUS23:30)
339-d0(7/8AUS00:30---SEA05:07)
2025-Jul-08 15:30:00
--------------------------------------------------------
N224AK[45]
2025-Jul-07 15:00:00
731-d0(7/7PHX17:00---PAE20:03)
732-d0(7/7PAE21:00---PHX00:03)
662-d0(7/8PHX01:05---PDX03:48)
436-d0(7/8PDX04:37---BOS10:00)
2025-Jul-08 15:45:00
--------------------------------------------------------
N236AK[55]
1258(7/7SEA14:00---SAN16:50)
2025-Jul-07 17:45:00
322-d0(7/7SAN17:48---IAD22:59)
435-d0(7/7IAD23:59---SFO05:46)
2025-Jul-08 15:55:00
--------------------------------------------------------
N237AK[55]
2025-Jul-07 15:00:00
83-d0(7/7SEA16:00---ANC19:35)
162-d0(7/7ANC20:40---SEA00:13)
241-d0(7/8SEA01:10---MKE04:59)
2025-Jul-08 15:55:00
--------------------------------------------------------
N238AK[60]
1074(7/7PDX14:25---SAN17:00)
2025-Jul-07 18:00:00
474-d0(7/7SAN18:04---ATL22:31)
334-d0(7/7ATL23:31---SEA05:07)
112-d0(7/8SEA06:50---FAI10:36)
2025-Jul-08 16:00:00
--------------------------------------------------------
N247AK[60]
512(7/7SFO14:00---AUS17:36)
2025-Jul-07 18:36:00
503-d0(7/7AUS18:36---SEA22:59)
1214-d0(7/8SEA00:04---SJC02:15)
2025-Jul-08 16:00:00
--------------------------------------------------------
N248AK[55]
537(7/7BOS13:20---SEA19:35)
2025-Jul-07 20:30:00
357001-d0(7/7SEA20:35---MCI00:01)
357-d0(7/8MCI00:56---SEA04:56)
1227-d0(7/8SEA06:59---AUS11:07)
2025-Jul-08 15:55:00
--------------------------------------------------------
N251AK[60]
2025-Jul-07 15:00:00
113-d0(7/7SFO16:05---JFK21:47)
17-d0(7/7JFK22:53---SEA05:22)
2025-Jul-08 16:00:00
--------------------------------------------------------
N253AK[50]
2025-Jul-07 15:00:00
313001-d0(7/7SEA15:30---DTW19:50)
313-d0(7/7DTW20:46---SEA01:45)
205-d0(7/8SEA02:36---JNU05:05)
2025-Jul-08 15:50:00
--------------------------------------------------------
N260AK[60]
2025-Jul-07 15:00:00
294-d0(7/7PDX16:00---EWR21:21)
293-d0(7/7EWR22:24---SFO04:49)
2025-Jul-08 16:00:00
--------------------------------------------------------
N264AK[60]
2025-Jul-07 15:00:00
429-d70(7/7SEA19:00---ORD23:07)
337-d73(7/8ORD00:07---SEA04:47)
423-d0(7/8SEA06:36---SAT10:40)
2025-Jul-08 16:00:00
--------------------------------------------------------
N265AK[55]
541(7/7AUS12:37---PDX16:50)
2025-Jul-07 17:45:00
121-d0(7/7PDX17:53---BUR20:12)
122-d0(7/7BUR21:07---PDX23:25)
1370-d0(7/8PDX00:35---AUS04:42)
2025-Jul-08 15:55:00
--------------------------------------------------------
N267AK[60]
2025-Jul-07 15:00:00
57-d0(7/7ANC16:00---FAI17:05)
234-d0(7/7FAI18:05---SEA21:43)
460-d0(7/7SEA22:43---BOS03:59)
2025-Jul-08 16:00:00
--------------------------------------------------------
N268AK[60]
413(7/7ORD12:00---PDX16:25)
2025-Jul-07 17:25:00
1296-d0(7/7PDX17:40---SAN20:15)
1297-d0(7/7SAN21:15---PDX23:49)
1455-d0(7/8PDX00:49---ANC04:40)
2025-Jul-08 16:00:00
--------------------------------------------------------
N270AK[45]
2025-Jul-07 15:00:00
572001-d0(7/7SEA15:55---RDU21:01)
572-d0(7/7RDU22:01---SEA03:56)
380-d0(7/8SEA04:45---DTW09:05)
2025-Jul-08 15:45:00
--------------------------------------------------------
N272AK[50]
2025-Jul-07 15:00:00
1290001-d0(7/7SEA15:00---BUR17:36)
1290-d0(7/7BUR18:30---SEA21:08)
1046-d0(7/7SEA22:08---SJC00:17)
1047-d0(7/8SJC01:11---SEA03:18)
2025-Jul-08 15:50:00
--------------------------------------------------------
N273AK[60]
289(7/7EWR11:52---LAX17:46)
2025-Jul-07 18:46:00
2025-Jul-08 16:00:00
--------------------------------------------------------
N274AK[50]
2025-Jul-07 15:00:00
329-d0(7/7ORD15:00---SEA19:34)
1198-d0(7/7SEA21:05---SAN23:55)
735-d0(7/8SAN00:51---SEA03:50)
547-d0(7/8SEA04:40---CLE09:11)
2025-Jul-08 15:50:00
--------------------------------------------------------
N275AK[55]
683(7/7ORD13:00---SEA17:39)
2025-Jul-07 18:34:00
658-d0(7/7SEA19:00---LAS21:44)
634-d0(7/7LAS22:39---SFO00:20)
776-d0(7/8SFO01:40---LAS03:25)
2025-Jul-08 15:55:00
--------------------------------------------------------
N277AK[55]
2025-Jul-07 15:00:00
1254-d0(7/7SEA15:27---ONT18:05)
1111-d0(7/7ONT19:00---SEA21:38)
602-d0(7/7SEA22:49---DEN01:32)
615-d0(7/8DEN02:32---SEA05:42)
2025-Jul-08 15:55:00
--------------------------------------------------------
N280AK[60]
1089(7/7LAS14:05---PDX16:24)
2025-Jul-07 17:24:00
128-d0(7/7PDX17:30---SFO19:24)
534-d0(7/7SFO20:59---AUS00:45)
513-d0(7/8AUS01:45---SFO05:29)
2025-Jul-08 16:00:00
--------------------------------------------------------
N281AK[30]
2025-Jul-07 15:00:00
620001-d0(7/7SEA20:13---DEN22:54)
620-d0(7/7DEN23:50---SEA02:50)
1004-d21(7/8SEA03:20---GEG04:30)
2025-Jul-08 15:30:00
--------------------------------------------------------
N282AK[60]
2025-Jul-07 15:00:00
90-d81(7/7SIT16:36---SEA19:00)
438-d75(7/7SEA20:00---IAH00:25)
439-d75(7/8IAH01:25---SEA06:08)
2025-Jul-08 16:00:00
--------------------------------------------------------
N283AK[50]
2025-Jul-07 15:00:00
1314-d0(7/7SJC19:02---SEA21:10)
1086-d0(7/7SEA22:25---ONT01:04)
1087-d0(7/8ONT01:58---SEA04:37)
161-d0(7/8SEA05:47---EUG07:01)
2025-Jul-08 15:50:00
--------------------------------------------------------
N284AK[40]
943(7/7RDM13:00---SEA14:14)
516(7/7SEA14:55---FLL20:52)
2025-Jul-07 21:32:00
517-d0(7/7FLL21:52---SEA04:20)
959-d0(7/8SEA05:52---GEG06:59)
2025-Jul-08 15:40:00
--------------------------------------------------------
N285AK[60]
383(7/7BNA12:00---SEA17:06)
2025-Jul-07 18:06:00
34-d54(7/7SEA19:00---JFK00:23)
41-d54(7/8JFK01:23---SFO07:53)
2025-Jul-08 16:00:00
--------------------------------------------------------
N287AK[60]
139(7/7ORD14:30---ANC21:15)
2025-Jul-07 22:15:00
226-d0(7/7ANC22:20---SEA01:50)
1039-d0(7/8SEA04:45---GEG05:58)
2025-Jul-08 16:00:00
--------------------------------------------------------
N288AK[55]
2025-Jul-07 15:00:00
479-d80(7/7LAS16:20---SEA19:00)
71-d72(7/7SEA19:55---JNU22:31)
176-d71-c3(7/7JNU23:26---SEA01:50)
105-d46(7/8SEA02:45---ANC06:24)
172-d6(7/8ANC07:19---PHX12:51)
2025-Jul-08 15:55:00
--------------------------------------------------------
N290AK[30]
358(7/7PDX14:00---BOS19:25)
2025-Jul-07 19:55:00
304-d0(7/7BOS20:25---SEA02:48)
780-d19(7/8SEA03:18---ABQ06:18)
2025-Jul-08 15:30:00
--------------------------------------------------------
N291BT[30]
627(7/7TPA11:00---SEA17:06)
2025-Jul-07 17:36:00
535001-d100-c10(7/7SEA19:00---DEN21:37)
535-d64(7/7DEN22:07---SEA01:04)
564-d29(7/8SEA01:34---MCI05:04)
2025-Jul-08 15:30:00
--------------------------------------------------------
N292AK[45]
473(7/7STL11:41---SEA16:10)
2025-Jul-07 16:55:00
1108-d0(7/7SEA16:58---SAN19:49)
1097-d0(7/7SAN20:45---SEA23:45)
1098-d0(7/8SEA00:59---SAN03:54)
1020-d0(7/8SAN04:50---MCO10:00)
2025-Jul-08 15:45:00
--------------------------------------------------------
N293AK[60]
2025-Jul-07 15:00:00
23-d0(7/7JFK17:00---SEA23:08)
1468-d0(7/8SEA00:15---LAX03:00)
2025-Jul-08 16:00:00
--------------------------------------------------------
N294AK[50]
281(7/7BNA14:00---SEA19:03)
2025-Jul-07 19:53:00
175-d0(7/7SEA19:55---ANC23:27)
134-d0(7/8ANC00:30---SEA04:00)
919-d0(7/8SEA04:55---RDU10:00)
2025-Jul-08 15:50:00
--------------------------------------------------------
N296AK[50]
2025-Jul-07 15:00:00
738-d80(7/7SEA19:00---LAS21:39)
756-d76(7/7LAS22:29---PDX00:51)
1176-d71(7/8PDX01:41---PHX04:31)
141-d144(7/8PHX05:21---ANC11:12)
2025-Jul-08 15:50:00
--------------------------------------------------------
N297AK[35]
2025-Jul-07 15:00:00
56-d0(7/7ANC22:50---SEA02:20)
136-d0(7/8SEA02:55---ANC06:38)
2025-Jul-08 15:35:00
--------------------------------------------------------
N298AK[60]
533(7/7ATL13:30---SEA18:51)
2025-Jul-07 19:51:00
700-d0(7/7SEA20:35---PHX23:29)
611-d0(7/8PHX00:29---SEA03:35)
2025-Jul-08 16:00:00
--------------------------------------------------------
N307AS[60]
168(7/7FAI08:14---SEA12:00)
2025-Jul-07 15:00:00
2025-Jul-08 16:00:00
--------------------------------------------------------
N309AS[55]
2025-Jul-07 15:00:00
612-d0(7/7SEA15:26---LAS18:05)
785-d0(7/7LAS19:00---SEA21:44)
1284-d0(7/7SEA22:44---SFO00:57)
1065-d0(7/8SFO01:53---SEA04:11)
185-d0(7/8SEA05:55---JNU08:25)
2025-Jul-08 15:55:00
--------------------------------------------------------
N318AS[40]
2025-Jul-07 15:00:00
215-d60(7/7GEG17:45---SEA19:00)
722-d56-c10(7/7SEA19:40---PHX22:33)
975-d26(7/7PHX23:13---SEA02:18)
1194-d4(7/8SEA02:58---SMF04:56)
2025-Jul-08 15:40:00
--------------------------------------------------------
N402AS[60]
1041(7/7BUR14:00---SEA16:37)
2025-Jul-07 17:37:00
500001-d78-c10(7/7SEA19:00---IND22:56)
500-d68(7/7IND23:56---SEA04:43)
980-d63(7/8SEA05:43---SFO08:02)
2025-Jul-08 16:00:00
--------------------------------------------------------
N403AS[50]
188(7/7ANC13:00---SEA16:30)
2025-Jul-07 17:20:00
216001-d83-c10(7/7SEA19:00---CLE23:14)
216-d69(7/8CLE00:04---SEA05:09)
115-d60(7/8SEA05:59---FAI09:49)
2025-Jul-08 15:50:00
--------------------------------------------------------
N408AS[60]
2025-Jul-07 15:00:00
1268-d0(7/7PDX16:00---BNA20:19)
1269-d0(7/7BNA21:19---PDX02:15)
2025-Jul-08 16:00:00
--------------------------------------------------------
N409AS[55]
150(7/7ANC08:34---LAX13:55)
2025-Jul-07 15:00:00
798-d0(7/7LAX16:50---SEA19:35)
1132-d0(7/7SEA20:35---SFO22:48)
591-d0(7/7SFO23:44---SEA01:54)
1156-d0(7/8SEA02:59---SAN06:00)
2025-Jul-08 15:55:00
--------------------------------------------------------
N413AS[55]
324(7/7PDX14:02---ORD18:07)
2025-Jul-07 19:02:00
325-d0(7/7ORD19:03---PDX23:35)
376-d0(7/8PDX00:35---ORD04:39)
2025-Jul-08 15:55:00
--------------------------------------------------------
N419AS[60]
2025-Jul-07 15:00:00
26-d0(7/7SEA15:05---JFK20:29)
19-d0(7/7JFK21:29---PDX03:46)
2025-Jul-08 16:00:00
--------------------------------------------------------
N423AS[35]
446(7/7PHL10:45---SEA16:42)
2025-Jul-07 17:17:00
522001-d100-c10(7/7SEA19:00---BNA23:14)
522-d65(7/7BNA23:49---SEA04:53)
344-d8(7/8SEA05:28---BWI10:29)
2025-Jul-08 15:35:00
--------------------------------------------------------
N431AS[60]
292(7/7SFO14:54---EWR20:29)
2025-Jul-07 21:29:00
462-d0(7/7EWR21:30---SEA03:44)
2025-Jul-08 16:00:00
--------------------------------------------------------
N433AS[45]
2025-Jul-07 15:00:00
1410-d0(7/7SFO15:00---PDX16:45)
1420-d0(7/7PDX17:30---IAH21:50)
1421-d0(7/7IAH22:50---PDX03:15)
2025-Jul-08 15:45:00
--------------------------------------------------------
N434AS[40]
408(7/7SEA13:00---ORD17:07)
2025-Jul-07 17:47:00
891-d0(7/7ORD18:03---SEA22:42)
941-d0(7/7SEA23:25---ORD03:30)
2025-Jul-08 15:40:00
--------------------------------------------------------
N435AS[55]
920(7/7RDU11:36---SEA17:30)
2025-Jul-07 18:25:00
1256-d99-c10(7/7SEA19:00---PSP21:44)
582-d89(7/7PSP22:39---SEA01:29)
372-d88(7/8SEA02:24---AUS06:33)
2025-Jul-08 15:55:00
--------------------------------------------------------
N440AS[55]
459(7/7BOS11:20---SEA17:38)
2025-Jul-07 18:33:00
733-d22-c8(7/7SEA19:00---SLC20:58)
734-d14(7/7SLC21:53---SEA00:08)
424-d4(7/8SEA01:03---DFW05:03)
2025-Jul-08 15:55:00
--------------------------------------------------------
N442AS[55]
542(7/7SEA07:25---DFW11:20)
365(7/7DFW14:00---SEA18:27)
2025-Jul-07 19:22:00
1150001-d0(7/7SEA19:48---BUR22:19)
1150-d0(7/7BUR23:14---SEA01:54)
167-d0(7/8SEA02:50---FAI06:36)
2025-Jul-08 15:55:00
--------------------------------------------------------
N448AS[45]
242(7/7MKE11:30---SEA15:53)
2025-Jul-07 16:38:00
442-d0(7/7SEA16:42---PHL21:47)
443-d0(7/7PHL22:52---SEA04:57)
2025-Jul-08 15:45:00
--------------------------------------------------------
N453AS[55]
42(7/7JNU09:55---SEA12:23)
2025-Jul-07 15:00:00
648-d0(7/7SEA15:00---TUS18:10)
641-d0(7/7TUS19:06---SEA22:20)
590-d0(7/7SEA23:42---SFO01:53)
922-d0(7/8SFO03:49---SEA06:02)
2025-Jul-08 15:55:00
--------------------------------------------------------
N457AS[45]
606(7/7SEA14:55---PHX17:52)
2025-Jul-07 18:37:00
603-d0(7/7PHX18:52---SEA21:58)
99-d0(7/7SEA22:58---ANC02:42)
70-d0(7/8ANC03:45---JNU05:27)
70001-d0(7/8JNU06:15---SIT06:59)
2025-Jul-08 15:45:00
--------------------------------------------------------
N459AS[50]
1063(7/7BUR14:20---PDX16:37)
2025-Jul-07 17:27:00
1161-d0(7/7PDX17:30---PHX20:16)
1238-d0(7/7PHX21:16---PDX23:59)
1062-d0(7/8PDX01:04---BUR03:23)
2025-Jul-08 15:50:00
--------------------------------------------------------
N462AS[30]
2025-Jul-07 15:00:00
142-d84(7/7JNU16:32---SEA19:00)
N462AS_SEA-04:24/06:34-d0(7/8SEA04:24---7/8 06:34)
427-d0(7/8SEA06:49---CVG11:07)
2025-Jul-08 15:30:00
--------------------------------------------------------
N464AS[60]
453(7/7IAH11:00---SEA15:40)
2025-Jul-07 16:40:00
N464AS_SEA-15:40/19:40-d0(7/7SEA15:40---7/7 19:40)
549-d0(7/7SEA20:40---DFW00:36)
550-d0(7/8DFW01:36---SEA05:59)
464-d0(7/8SEA06:59---ATL11:49)
2025-Jul-08 16:00:00
--------------------------------------------------------
N467AS[40]
132(7/7EUG13:00---SEA14:15)
2025-Jul-07 15:00:00
305001-d0(7/7SEA15:25---MIA21:20)
305-d0(7/7MIA22:20---SEA05:07)
924-d0(7/8SEA05:48---RDM06:59)
2025-Jul-08 15:40:00
--------------------------------------------------------
N469AS[55]
1130(7/7GEG14:00---SAN16:47)
2025-Jul-07 17:42:00
1073-d0(7/7SAN17:50---PDX20:28)
946-d0(7/7PDX21:30---BOI22:48)
1019-d0(7/7BOI23:43---SEA01:20)
1168-d0(7/8SEA02:25---BUR04:59)
2025-Jul-08 15:55:00
--------------------------------------------------------
N471AS[60]
643(7/7DEN12:00---SEA15:01)
2025-Jul-07 16:01:00
502-d0(7/7SEA16:03---AUS20:11)
518-d0(7/7AUS21:11---SFO00:57)
1327-d0(7/8SFO02:49---SEA05:05)
340-d0(7/8SEA06:10---PIT10:43)
2025-Jul-08 16:00:00
--------------------------------------------------------
N472AS[60]
35(7/7JFK14:00---SAN19:52)
2025-Jul-07 20:52:00
432-d0(7/7SAN20:52---TPA01:50)
2025-Jul-08 16:00:00
--------------------------------------------------------
N474AS[40]
942(7/7ORD11:00---SEA15:37)
2025-Jul-07 16:17:00
568-d0(7/7SEA16:19---MSY20:53)
569-d0(7/7MSY21:53---SEA03:00)
444-d0(7/8SEA04:15---PHL09:25)
2025-Jul-08 15:40:00
--------------------------------------------------------
N477AS[60]
963(7/7GEG14:00---SEA15:14)
2025-Jul-07 16:14:00
727-d0(7/7SEA16:22---ATL21:11)
783-d0(7/7ATL22:11---PDX03:35)
2025-Jul-08 16:00:00
--------------------------------------------------------
N478AS[40]
2025-Jul-07 15:00:00
47-d8(7/7ANC15:23---SEA19:00)
494001-d7(7/7SEA19:40---SAT23:44)
494-d0(7/8SAT00:37---SEA04:53)
490-d0(7/8SEA06:16---MSY10:50)
2025-Jul-08 15:40:00
--------------------------------------------------------
N481AS[60]
18(7/7PDX14:20---JFK19:45)
2025-Jul-07 20:45:00
31-d0(7/7JFK20:45---SEA03:10)
22-d0(7/8SEA05:41---JFK11:02)
2025-Jul-08 16:00:00
--------------------------------------------------------
N483AS[60]
54(7/7ANC09:29---SEA13:00)
2025-Jul-07 15:00:00
545-d0(7/8SEA04:45---IND09:00)
2025-Jul-08 16:00:00
--------------------------------------------------------
N486AS[50]
2025-Jul-07 15:00:00
1255-d105(7/7SMF16:58---SEA19:00)
1010-d90-c3(7/7SEA19:50---GEG20:56)
1011-d83(7/7GEG21:46---SEA23:00)
348-d51(7/7SEA23:50---IAD04:50)
2025-Jul-08 15:50:00
--------------------------------------------------------
N487AS[60]
546(7/7IND10:30---SEA15:19)
2025-Jul-07 16:19:00
326-d0(7/7SEA16:24---TPA21:50)
326001-d0(7/7TPA22:55---SEA05:07)
452-d0(7/8SEA06:59---IAH11:20)
2025-Jul-08 16:00:00
--------------------------------------------------------
N491AS[45]
316(7/7CMH11:00---SEA16:05)
2025-Jul-07 16:50:00
101-d0(7/7SEA16:53---KTN18:58)
102-d0(7/7KTN19:52---SEA21:54)
744-d0(7/7SEA22:59---PHX01:57)
2025-Jul-08 15:45:00
--------------------------------------------------------
N492AS[60]
974(7/7SAN14:00---PDX16:35)
2025-Jul-07 17:35:00
300-d0(7/7PDX17:35---MCO23:12)
369-d0(7/8MCO00:12---SFO05:59)
2025-Jul-08 16:00:00
--------------------------------------------------------
N493AS[55]
430(7/7SEA14:14---SLC16:16)
2025-Jul-07 17:11:00
796-d0(7/7SLC17:12---SEA19:28)
410-d0(7/7SEA20:45---ORD00:42)
409-d0(7/8ORD01:42---SEA06:24)
2025-Jul-08 15:55:00
--------------------------------------------------------
N494AS[45]
2025-Jul-07 15:00:00
402-d0(7/7SEA15:47---CHS21:00)
485-d0(7/7CHS22:03---SEA04:00)
315-d0(7/8SEA04:45---CMH09:13)
2025-Jul-08 15:45:00
--------------------------------------------------------
N495AS[60]
2025-Jul-07 15:00:00
233-d0(7/7SAN15:10---EWR20:43)
290-d0(7/7EWR21:43---PDX03:50)
2025-Jul-08 16:00:00
--------------------------------------------------------
N506AS[45]
799(7/7PHX13:00---SEA16:04)
2025-Jul-07 16:49:00
149-d0(7/7SEA16:50---ANC20:26)
66-d0(7/7ANC21:26---CDV22:21)
66001-d0(7/7CDV23:13---YAK00:13)
66003-d0(7/8YAK01:05---JNU02:03)
66002-d0(7/8JNU02:55---SEA05:23)
2025-Jul-08 15:45:00
--------------------------------------------------------
N508AS[55]
2025-Jul-07 15:00:00
890-d0(7/7SEA15:03---ORD19:13)
407-d0(7/7ORD20:09---SEA00:49)
939-d0(7/8SEA01:55---SAN04:47)
259-d0(7/8SAN05:45---BOS11:30)
2025-Jul-08 15:55:00
--------------------------------------------------------
N512AS[60]
2025-Jul-07 15:00:00
560-d0(7/7LAX15:30---KOA21:10)
868-d0(7/7KOA22:10---PDX03:40)
728-d0(7/8PDX04:40---LAS06:59)
2025-Jul-08 16:00:00
--------------------------------------------------------
N513AS[55]
2025-Jul-07 15:00:00
405001-d0(7/7SEA15:11---OKC18:48)
405-d0(7/7OKC19:44---SEA23:38)
632-d0(7/8SEA00:59---PHX04:00)
2025-Jul-08 15:55:00
--------------------------------------------------------
N514AS[55]
1293(7/7LAX13:00---SEA15:50)
2025-Jul-07 16:45:00
174-d0(7/7SEA16:57---FAI20:40)
103-d0(7/7FAI21:35---ANC22:40)
151001-d0(7/7ANC23:40---AKN00:49)
151-d0(7/8AKN01:59---ANC03:10)
272-d0(7/8ANC04:10---SEA07:45)
2025-Jul-08 15:55:00
--------------------------------------------------------
N516AS[55]
1148(7/7SEA14:20---SNA17:15)
2025-Jul-07 18:10:00
1299-d0(7/7SNA18:10---PDX20:34)
1235-d0(7/7PDX21:34---DEN00:10)
1131-d0(7/8DEN01:06---PDX03:50)
2025-Jul-08 15:55:00
--------------------------------------------------------
N517AS[55]
2025-Jul-07 15:00:00
366001-d0(7/7SEA15:02---MKE18:54)
366-d0(7/7MKE19:50---SEA00:16)
839-d0(7/8SEA01:45---LIH07:54)
826-d0(7/8LIH08:54---SAN14:33)
2025-Jul-08 15:55:00
--------------------------------------------------------
N518AS[60]
302(7/7ANC09:44---PDX13:20)
867(7/7PDX14:56---KOA20:50)
2025-Jul-07 21:50:00
894-d0(7/7KOA21:50---SAN03:16)
2025-Jul-08 16:00:00
--------------------------------------------------------
N519AS[40]
349(7/7BWI11:51---SEA17:40)
2025-Jul-07 18:20:00
1174-d38(7/7SEA19:00---SNA21:52)
1191-d30(7/7SNA22:32---SEA01:18)
801-d0(7/8SEA01:59---KOA08:04)
2025-Jul-08 15:40:00
--------------------------------------------------------
N520AS[50]
645(7/7PHX14:05---SEA17:09)
2025-Jul-07 17:59:00
900-d20(7/7SEA19:00---RNO20:58)
601-d16(7/7RNO21:48---SEA23:45)
1163-d0(7/8SEA00:59---DEN03:47)
2025-Jul-08 15:50:00
--------------------------------------------------------
N523AS[50]
15(7/7DCA12:59---SAN18:20)
2025-Jul-07 19:10:00
1137-d0(7/7SAN19:12---SEA22:10)
1042001-d0(7/7SEA23:17---SBP01:43)
1042-d0(7/8SBP02:35---SEA05:07)
2025-Jul-08 15:50:00
--------------------------------------------------------
N525AS[40]
21(7/7JFK11:00---SEA17:13)
2025-Jul-07 17:53:00
1112-d29-c9(7/7SEA19:00---SFO21:07)
1225-d2-c1(7/7SFO21:47---SEA23:55)
1202-d0(7/8SEA00:35---SNA03:25)
774-d0(7/8SNA04:15---SEA07:05)
2025-Jul-08 15:40:00
--------------------------------------------------------
N526AS[50]
210(7/7FAI13:52---SEA17:40)
2025-Jul-07 18:30:00
154001-d28-c3(7/7SEA19:00---RDM20:09)
154-d21-c4(7/7RDM20:59---SEA22:15)
1138-d1(7/7SEA23:05---SBA01:41)
1139-d1(7/8SBA02:31---SEA05:08)
2025-Jul-08 15:50:00
--------------------------------------------------------
N527AS[50]
2025-Jul-07 15:00:00
1190-d0(7/7SEA16:00---SNA18:49)
740-d0(7/7SNA19:42---SFO21:10)
929-d0(7/7SFO22:05---PDX23:50)
1295-d0(7/8PDX00:55---SFO02:48)
2025-Jul-08 15:50:00
--------------------------------------------------------
N529AS[60]
869(7/7SJC14:00---KOA19:30)
2025-Jul-07 20:30:00
808-d0(7/7KOA20:30---SEA02:22)
1050-d0(7/8SEA03:26---SFO05:40)
2025-Jul-08 16:00:00
--------------------------------------------------------
N530AS[60]
2025-Jul-07 15:00:00
1169-d90(7/7SFO16:50---SEA19:00)
843-d55(7/7SEA20:00---KOA02:14)
880-d0(7/8KOA07:30---SEA13:19)
2025-Jul-08 16:00:00
--------------------------------------------------------
N531AS[55]
2025-Jul-07 15:00:00
165-d0(7/7DEN15:20---ANC20:54)
183-d0(7/7ANC22:10---DLG23:25)
182-d0(7/8DLG00:20---ANC01:30)
177-d0(7/8ANC02:30---ADQ03:30)
2025-Jul-08 15:55:00
--------------------------------------------------------
N532AS[60]
1109(7/7SEA13:00---SAN15:53)
2025-Jul-07 16:53:00
821-d0(7/8SAN00:16---LIH06:32)
810-d0(7/8LIH07:32---SEA13:16)
2025-Jul-08 16:00:00
--------------------------------------------------------
N535AS[50]
1151(7/7OAK14:00---SEA16:07)
2025-Jul-07 16:57:00
875-d120(7/7SEA19:00---LIH01:15)
791-d110(7/8LIH02:05---SFO07:19)
2025-Jul-08 15:50:00
--------------------------------------------------------
N536AS[55]
1(7/7DCA12:00---SEA17:56)
2025-Jul-07 18:51:00
1216-d0(7/7SEA19:01---SMF21:01)
1358-d0(7/7SMF21:56---SEA23:54)
1140-d0(7/8SEA00:59---SFO03:15)
2025-Jul-08 15:55:00
--------------------------------------------------------
N537AS[50]
1124(7/7LAX14:00---PDX16:23)
2025-Jul-07 17:13:00
863-d0(7/7PDX17:30---GEG18:41)
864-d0(7/7GEG19:36---PDX20:48)
1100-d0(7/7PDX21:55---SNA00:27)
1085-d0(7/8SNA01:17---PDX03:39)
2025-Jul-08 15:50:00
--------------------------------------------------------
N538AS[55]
2025-Jul-07 15:00:00
1071-d42(7/7SAN15:57---SEA19:00)
1018-d24(7/7SEA19:55---BOI21:28)
947-d23(7/7BOI22:23---PDX23:44)
353-d0(7/8PDX00:46---OGG06:39)
558-d0(7/8OGG07:39---PDX13:00)
2025-Jul-08 15:55:00
--------------------------------------------------------
N546AS[50]
2025-Jul-07 15:00:00
48-d0(7/7ANC17:00---SEA20:33)
92-d0(7/7SEA21:33---KTN23:41)
94-d0(7/8KTN00:35---SEA02:35)
N546AS_SEA-02:35/05:35-d0(7/8SEA02:35---7/8 05:35)
498-d0(7/8SEA06:03---PDX06:59)
2025-Jul-08 15:50:00
--------------------------------------------------------
N548AS[55]
2025-Jul-07 15:00:00
426-d0(7/7SEA16:50---DFW20:48)
646-d0(7/7DFW21:46---PDX01:47)
1158-d0(7/8PDX02:48---SNA05:18)
2025-Jul-08 15:55:00
--------------------------------------------------------
N549AS[50]
2025-Jul-07 15:00:00
231-d0(7/7ANC15:10---ADQ16:11)
232-d0(7/7ADQ17:03---ANC18:01)
43-d0(7/7ANC18:59---BET20:21)
44-d0(7/7BET21:11---ANC22:34)
155-d0(7/7ANC23:32---OME01:09)
155001-d0(7/8OME01:59---ANC03:33)
2025-Jul-08 15:50:00
--------------------------------------------------------
N551AS[55]
2025-Jul-07 15:00:00
229001-d0(7/7SEA20:35---MSP23:53)
229-d0(7/8MSP00:49---SEA04:45)
1292-d93(7/8SEA05:40---LAX08:32)
2025-Jul-08 15:55:00
--------------------------------------------------------
N552AS[55]
981(7/7SFO13:00---SEA15:04)
2025-Jul-07 15:59:00
418001-d0(7/7SEA16:13---MCI19:39)
418-d0(7/7MCI20:34---SEA00:32)
1104-d0(7/8SEA01:50---SNA04:39)
2025-Jul-08 15:55:00
--------------------------------------------------------
N553AS[45]
1298(7/7PDX14:00---SNA16:31)
2025-Jul-07 17:16:00
1277-d0(7/7SNA17:21---SEA20:06)
773-d0(7/7SEA21:10---SNA00:01)
1229-d0(7/8SNA00:49---SEA03:35)
119-d0(7/8SEA05:59---ANC09:39)
2025-Jul-08 15:45:00
--------------------------------------------------------
N556AS[45]
1181(7/7SNA14:00---PDX16:30)
2025-Jul-07 17:15:00
1084-d0(7/7PDX17:30---SNA20:03)
1159-d0(7/7SNA20:51---PDX23:15)
278-d0(7/8PDX00:40---LAX03:15)
1055-d0(7/8LAX04:15---SEA07:06)
2025-Jul-08 15:45:00
--------------------------------------------------------
N557AS[60]
701(7/7LAS13:00---SEA15:45)
2025-Jul-07 16:45:00
49-d65(7/7SEA19:00---ANC22:40)
2025-Jul-08 16:00:00
--------------------------------------------------------
N560AS[60]
2025-Jul-07 15:00:00
10-d0(7/7PDX15:00---DCA20:02)
3-d0(7/7DCA21:02---SEA03:00)
2025-Jul-08 16:00:00
--------------------------------------------------------
N562AS[60]
2025-Jul-07 15:00:00
822-d0(7/7KOA18:00---SEA23:54)
386-d0(7/8SEA01:37---MSP04:59)
2025-Jul-08 16:00:00
--------------------------------------------------------
N564AS[45]
1325(7/7SNA13:45---SEA16:42)
2025-Jul-07 17:27:00
908-d30-c3(7/7SEA19:00---PSC20:06)
909-d21-c3(7/7PSC20:51---SEA21:56)
67002-d8-c5(7/7SEA22:41---KTN00:43)
67001-d3(7/8KTN01:28---SIT02:23)
67003-d0(7/8SIT03:08---JNU03:52)
67-d0(7/8JNU04:40---ANC06:28)
2025-Jul-08 15:45:00
--------------------------------------------------------
N565AS[45]
173(7/7SEA13:00---ANC16:40)
2025-Jul-07 17:25:00
160-d0(7/7ANC17:35---SEA21:09)
1257-d0(7/7SEA22:38---SNA01:26)
1203-d0(7/8SNA02:14---SEA05:07)
2025-Jul-08 15:45:00
--------------------------------------------------------
N568AS[60]
2025-Jul-07 15:00:00
899-d0(7/7SAN16:19---KOA22:20)
561-d0(7/7KOA23:20---LAX04:51)
2025-Jul-08 16:00:00
--------------------------------------------------------
N569AS[50]
790(7/7SFO14:00---LIH19:47)
2025-Jul-07 20:37:00
840-d0(7/7LIH20:47---SEA02:32)
228-d0(7/8SEA03:25---ANC07:04)
2025-Jul-08 15:50:00
--------------------------------------------------------
N570AS[60]
2025-Jul-07 15:00:00
807-d89(7/7SEA19:00---KOA01:09)
856-d89(7/8KOA02:09---SJC07:14)
2025-Jul-08 16:00:00
--------------------------------------------------------
N577AS[50]
260(7/7BOS12:40---SAN18:50)
2025-Jul-07 19:40:00
14-d0(7/7SAN19:42---DCA00:59)
2025-Jul-08 15:50:00
--------------------------------------------------------
N579AS[60]
1316(7/7SEA13:00---LAX15:50)
2025-Jul-07 16:50:00
193-d0(7/8LAX02:45---ANC08:08)
2025-Jul-08 16:00:00
--------------------------------------------------------
N581AS[50]
526(7/7PDX14:04---SFO15:53)
2025-Jul-07 16:43:00
8-d0(7/7SFO16:45---DCA21:58)
7-d0(7/7DCA22:58---SFO04:53)
2025-Jul-08 15:50:00
--------------------------------------------------------
N586AS[50]
62(7/7ANC14:45---JNU16:28)
2025-Jul-07 17:18:00
62001-d0(7/7JNU17:20---SIT18:05)
62003-d0(7/7SIT18:57---KTN19:58)
62002-d0(7/7KTN20:48---SEA22:47)
382-d0(7/8SEA00:43---BNA04:59)
2025-Jul-08 15:50:00
--------------------------------------------------------
N587AS[60]
2025-Jul-07 15:00:00
1149-d64(7/7SNA16:06---SEA19:00)
1118-d60-c10(7/7SEA20:00---ONT22:36)
1119-d36(7/7ONT23:36---SEA02:16)
1288-d35(7/8SEA03:16---SNA06:05)
2025-Jul-08 16:00:00
--------------------------------------------------------
N589AS[60]
2025-Jul-07 15:00:00
1289-d0(7/8LAX03:10---SEA06:06)
2025-Jul-08 16:00:00
--------------------------------------------------------
N590AS[55]
5(7/7DCA13:59---LAX19:33)
2025-Jul-07 20:28:00
6-d0(7/7LAX20:31---DCA01:42)
2025-Jul-08 15:55:00
--------------------------------------------------------
N592AS[50]
2025-Jul-07 15:00:00
196-d0(7/7ADQ15:00---ANC15:57)
137-d0(7/7ANC16:55---OTZ18:32)
137001-d0(7/7OTZ19:24---ANC20:54)
89-d0(7/7ANC21:54---ADQ22:57)
88-d0(7/7ADQ23:49---ANC00:49)
45-d0(7/8ANC01:49---BET03:09)
46-d0(7/8BET03:59---ANC05:18)
164-d0(7/8ANC07:18---DEN12:35)
2025-Jul-08 15:50:00
--------------------------------------------------------
N593AS[60]
393(7/7LAS14:00---PAE16:40)
2025-Jul-07 17:40:00
385-d0(7/7PAE17:40---PHX20:43)
396-d0(7/7PHX21:43---PAE00:44)
391-d0(7/8PAE01:44---LAS04:17)
2025-Jul-08 16:00:00
--------------------------------------------------------
N594AS[55]
1136001(7/7PDX14:00---DEN16:37)
2025-Jul-07 17:32:00
1136-d0(7/7DEN17:33---PDX20:20)
778-d0(7/7PDX21:30---LAS23:49)
599-d0(7/8LAS00:45---SEA03:30)
2025-Jul-08 15:55:00
--------------------------------------------------------
N596AS[45]
966(7/7GEG13:00---SEA14:15)
2025-Jul-07 15:00:00
79-d0(7/7SEA15:00---ANC18:36)
100-d0(7/7ANC19:41---SEA23:10)
1321-d0(7/8SEA00:08---STS02:09)
1321001-d0(7/8STS03:01---SEA05:07)
2025-Jul-08 15:45:00
--------------------------------------------------------
N597AS[60]
2025-Jul-07 15:00:00
320-d0(7/7SAN16:00---MCO21:13)
397-d0(7/7MCO22:13---SAN03:18)
2025-Jul-08 16:00:00
--------------------------------------------------------
N607AS[50]
186(7/7JNU13:00---SEA15:28)
2025-Jul-07 16:18:00
1051-d0(7/7SEA16:50---BUR19:26)
1038-d0(7/7BUR20:20---SEA22:59)
1146-d0(7/7SEA23:59---SAN02:49)
1110-d0(7/8SAN03:45---SEA06:51)
2025-Jul-08 15:50:00
--------------------------------------------------------
N609AS[40]
931(7/7RNO14:00---SEA15:56)
2025-Jul-07 16:36:00
72-d0(7/7SEA16:55---JNU19:26)
74-d0(7/7JNU20:22---SEA22:45)
720-d0(7/7SEA23:46---FAT01:58)
721-d0(7/8FAT02:40---SEA05:07)
2025-Jul-08 15:40:00
--------------------------------------------------------
N611AS[40]
55(7/7ANC13:45---SCC15:30)
2025-Jul-07 16:10:00
55001-d0(7/7SCC16:14---ANC17:58)
64-d0(7/7ANC18:50---JNU20:33)
64001-d0(7/7JNU21:21---PSG22:07)
64003-d0(7/7PSG22:52---WRG23:25)
64004-d0(7/8WRG00:10---KTN00:55)
64002-d0(7/8KTN01:40---SEA03:35)
736-d0(7/8SEA04:40---RNO06:35)
2025-Jul-08 15:40:00
--------------------------------------------------------
N612AS[55]
2025-Jul-07 15:00:00
198-d0(7/7ANC17:05---PDX20:44)
1204-d0(7/7PDX21:49---SAN00:22)
1294-d0(7/8SAN01:18---PDX03:50)
197-d0(7/8PDX04:50---ANC08:34)
2025-Jul-08 15:55:00
--------------------------------------------------------
N613AS[40]
148(7/7ANC08:29---SEA12:00)
65003(7/7SEA14:00---KTN16:04)
2025-Jul-07 16:44:00
65001-d0(7/7KTN16:49---WRG17:28)
65004-d0(7/7WRG18:13---PSG18:44)
65002-d0(7/7PSG19:29---JNU20:19)
65-d0(7/7JNU21:07---ANC22:53)
86-d0(7/7ANC23:45---SCC01:31)
87-d0(7/8SCC02:15---ANC04:00)
2025-Jul-08 15:40:00
--------------------------------------------------------
N615AS[45]
2025-Jul-07 15:00:00
60-d0(7/7JNU15:14---KTN16:15)
60001-d0(7/7KTN17:00---SEA19:03)
95-d0(7/7SEA20:40---JNU23:12)
157-d0(7/8JNU00:02---GST00:41)
77-d0(7/8GST01:35---JNU02:14)
2025-Jul-08 15:45:00
--------------------------------------------------------
N618AS[55]
593(7/7ANC13:05---PDX16:42)
2025-Jul-07 17:37:00
775-d0(7/7PDX17:42---ANC21:26)
201-d0(7/7ANC23:15---JNU00:58)
84-d0(7/8JNU01:55---ANC03:43)
2025-Jul-08 15:55:00
--------------------------------------------------------
N619AS[50]
61002(7/7SEA14:00---JNU16:29)
2025-Jul-07 17:19:00
61001-d0(7/7JNU17:19---YAK18:18)
61003-d0(7/7YAK19:08---CDV20:09)
61-d0(7/7CDV20:59---ANC22:00)
2025-Jul-08 15:50:00
--------------------------------------------------------
N622AS[45]
73001(7/7SIT14:00---JNU14:44)
2025-Jul-07 15:29:00
73-d0(7/7JNU15:34---ANC17:24)
108-d0(7/7ANC18:22---FAI19:27)
140-d0(7/7FAI20:17---SEA00:00)
69001-d0(7/8SEA01:35---KTN03:44)
69-d0(7/8KTN04:29---JNU05:30)
2025-Jul-08 15:45:00
--------------------------------------------------------
N703AL[60]
2025-Jul-07 15:00:00
862-d0(7/7OGG18:00---SEA23:38)
398-d0(7/8SEA00:40---IAH04:59)
2025-Jul-08 16:00:00
--------------------------------------------------------
N705AL[50]
618(7/7ABQ14:00---SEA17:15)
2025-Jul-07 18:05:00
1328-d29-c9(7/7SEA19:00---OAK21:04)
1247-d16-c1(7/7OAK21:54---SEA23:53)
97-d3(7/8SEA00:43---FAI04:28)
192-d0(7/8FAI05:25---ANC06:32)
2025-Jul-08 15:50:00
--------------------------------------------------------
N706AL[60]
2025-Jul-07 15:00:00
825-d0(7/7SEA15:09---OGG21:20)
860-d0(7/7OGG22:20---SEA04:00)
2025-Jul-08 16:00:00
--------------------------------------------------------
N707AL[55]
2025-Jul-07 15:00:00
555001-d0(7/7SEA15:05---MSP18:29)
555-d0(7/7MSP19:25---SEA23:15)
225-d0(7/8SEA00:15---ANC03:54)
138-d0(7/8ANC05:08---ORD11:24)
2025-Jul-08 15:55:00
--------------------------------------------------------
N708AL[60]
373(7/7EWR13:00---SFO19:13)
2025-Jul-07 20:13:00
20-d0(7/7SFO20:24---JFK02:08)
2025-Jul-08 16:00:00
--------------------------------------------------------
N709AL[55]
2025-Jul-07 15:00:00
306-d0(7/7SEA15:21---BOS20:45)
389-d0(7/7BOS21:45---SAN04:00)
36-d0(7/8SAN04:56---JFK10:29)
2025-Jul-08 15:55:00
--------------------------------------------------------
N710AL[50]
341(7/7PIT12:03---SEA17:28)
2025-Jul-07 18:18:00
1017-d40-c3(7/7SEA19:00---PDX20:00)
1016-d25-c2(7/7PDX20:50---SEA21:48)
509-d23(7/7SEA22:38---SLC00:41)
510-d19(7/8SLC01:31---SEA03:49)
1230-d0(7/8SEA04:45---SMF06:45)
2025-Jul-08 15:50:00
--------------------------------------------------------
N712AL[50]
563(7/7MCI11:45---SEA15:47)
2025-Jul-07 16:37:00
1080-d0(7/7SEA16:55---SJC19:10)
1081-d0(7/7SJC20:04---SEA22:12)
1092-d0(7/7SEA23:18---LAX02:05)
803-d0(7/8LAX04:36---PDX06:59)
2025-Jul-08 15:50:00
--------------------------------------------------------
N713AL[60]
249(7/7SFO14:20---BOS20:01)
2025-Jul-07 21:01:00
1319-d0(7/7BOS21:06---PDX03:24)
1291-d0(7/8PDX04:30---LAX06:59)
2025-Jul-08 16:00:00
--------------------------------------------------------
N716AL[60]
368(7/7SFO14:00---MCO19:34)
2025-Jul-07 20:34:00
419-d0(7/7MCO20:39---SEA02:50)
644-d0(7/8SEA03:55---PHX06:54)
2025-Jul-08 16:00:00
--------------------------------------------------------
N719AL[60]
458(7/7IAD12:10---SFO17:55)
2025-Jul-07 18:55:00
598-d0(7/7SFO18:55---ORD23:18)
597-d0(7/8ORD00:18---SFO05:06)
2025-Jul-08 16:00:00
--------------------------------------------------------
N720AL[60]
917(7/7MCO14:00---SEA20:10)
2025-Jul-07 21:10:00
1300-d0(7/7SEA21:10---LAX23:58)
1397-d0(7/8LAX01:07---PDX03:30)
2025-Jul-08 16:00:00
--------------------------------------------------------
N722AL[30]
2025-Jul-07 15:00:00
508001-d108-c10(7/7SEA19:00---CVG23:15)
508-d68(7/7CVG23:45---SEA04:43)
133-d78(7/8SEA05:13---ANC08:52)
2025-Jul-08 15:30:00
--------------------------------------------------------
N723AL[60]
1021(7/7MCO11:00---SAN16:04)
2025-Jul-07 17:04:00
829-d0(7/7SAN17:29---OGG23:34)
806-d0(7/8OGG00:34---SAN05:55)
2025-Jul-08 16:00:00
--------------------------------------------------------
N724AL[30]
377(7/7ATL10:30---SEA15:57)
2025-Jul-07 16:27:00
406001-d12(7/7SEA16:27---IAD21:25)
406-d0(7/7IAD22:13---SEA04:00)
394-d0(7/8SEA06:05---MCO11:40)
2025-Jul-08 15:30:00
--------------------------------------------------------
N725AL[55]
2025-Jul-07 15:00:00
718-d0(7/7SFO15:50---LAS17:32)
1467-d0(7/7LAS18:27---PDX20:48)
1287-d0(7/7PDX21:50---BUR00:09)
1107-d0(7/8BUR01:04---PDX03:21)
2025-Jul-08 15:55:00
--------------------------------------------------------
N729AL[55]
428(7/7CVG12:40---SEA17:39)
2025-Jul-07 18:34:00
1096-d19(7/7SEA19:00---SAN21:57)
1135-d17(7/7SAN22:52---SEA01:48)
1224-d0(7/8SEA02:55---LAX05:46)
2025-Jul-08 15:55:00
--------------------------------------------------------
N731AL[45]
111(7/7ORD05:59---ANC12:37)
82(7/7ANC14:00---SEA17:31)
2025-Jul-07 18:16:00
934001-d40-c4(7/7SEA19:00---EUG20:12)
934-d27-c3(7/7EUG20:57---SEA22:12)
1052001-d9(7/7SEA22:57---BUR01:33)
1052-d0(7/8BUR02:18---SEA05:07)
2025-Jul-08 15:45:00
--------------------------------------------------------
N732AL[60]
2025-Jul-07 15:00:00
270-d0(7/7ONT16:00---HNL21:55)
271-d0(7/7HNL22:55---ONT04:27)
2025-Jul-08 16:00:00
--------------------------------------------------------
N733AL[30]
308(7/7BOS11:30---SFO18:07)
2025-Jul-07 18:37:00
835-d0(7/7SFO19:03---PDX20:50)
1160-d0(7/7PDX21:50---LAX00:15)
1093-d0(7/8LAX01:15---SEA04:00)
636-d12(7/8SEA04:30---LAS07:13)
2025-Jul-08 15:30:00
--------------------------------------------------------
N734AL[60]
548(7/7CLE11:00---SEA16:09)
2025-Jul-07 17:09:00
477-d110(7/7SEA19:00---EWR00:19)
287-d110(7/8EWR01:19---LAX07:25)
2025-Jul-08 16:00:00
--------------------------------------------------------
N738AL[45]
1043(7/7SFO14:00---SEA16:05)
2025-Jul-07 16:50:00
1007-d0(7/7SEA16:54---PHX19:55)
1006-d0(7/7PHX20:55---SEA00:00)
805-d0(7/8SEA01:25---OGG07:34)
814-d0(7/8OGG08:34---SEA14:11)
2025-Jul-08 15:45:00
--------------------------------------------------------
N801AK[60]
2025-Jul-07 15:00:00
622-d0(7/8ANC04:20---JFK11:33)
2025-Jul-08 16:00:00
--------------------------------------------------------
N803AK[50]
623(7/7JFK13:45---ANC21:26)
2025-Jul-07 22:16:00
51-d0(7/7ANC22:26---BRW00:25)
50-d0(7/8BRW01:15---ANC03:05)
2025-Jul-08 15:50:00
--------------------------------------------------------
N804AK[55]
2025-Jul-07 15:00:00
4-d0(7/7SEA15:34---DCA20:43)
9-d0(7/7DCA21:43---PDX03:31)
1162-d0(7/8PDX04:30---SAN07:05)
2025-Jul-08 15:55:00
--------------------------------------------------------
N805AK[60]
2025-Jul-07 15:00:00
1179-d67(7/7LAX16:07---SEA19:00)
1144-d60(7/7SEA20:00---LAX22:54)
2025-Jul-08 16:00:00
--------------------------------------------------------
N806AK[55]
511(7/7PHX14:00---PDX16:43)
2025-Jul-07 17:38:00
757-d0(7/7PDX17:50---LAS20:09)
676-d0(7/7LAS21:04---SEA23:50)
1048-d0(7/8SEA01:09---LAX04:00)
2025-Jul-08 15:55:00
--------------------------------------------------------
N809AK[60]
491(7/7SEA13:00---DFW17:00)
2025-Jul-07 18:00:00
543-d0(7/7DFW18:00---SEA22:17)
N809AK_SEA-22:17/01:17-d0(7/7SEA22:17---7/8 01:17)
91-d0(7/8SEA04:15---SIT06:44)
2025-Jul-08 16:00:00
--------------------------------------------------------
N812AK[30]
110(7/7ANC08:55---SEA12:26)
1082(7/7SEA14:00---SFO16:11)
2025-Jul-07 16:41:00
739-d0(7/7SFO18:00---SNA19:40)
1061-d0(7/7SNA20:30---SEA23:15)
1125-d0(7/7SEA23:47---SLC01:50)
719-d0(7/8SLC02:44---SEA05:07)
2025-Jul-08 15:30:00
--------------------------------------------------------
N813AK[55]
912(7/7SFO14:20---SAN16:02)
2025-Jul-07 16:57:00
1259-d0(7/7SAN17:00---SEA20:00)
2-d0(7/7SEA20:58---DCA01:59)
2025-Jul-08 15:55:00
--------------------------------------------------------
N903AK[60]
2025-Jul-07 15:00:00
725-d0(7/7PDX17:55---AUS21:56)
1396-d0(7/7AUS23:00---PDX03:14)
2025-Jul-08 16:00:00
--------------------------------------------------------
N912AK[60]
284(7/7LAX14:00---EWR19:34)
2025-Jul-07 20:34:00
297-d0(7/7EWR20:34---SAN02:26)
729-d0(7/8SAN03:37---PDX06:14)
2025-Jul-08 16:00:00
--------------------------------------------------------
N913AK[50]
1101(7/7PDX14:00---LAS16:19)
2025-Jul-07 17:09:00
629-d0(7/7LAS17:14---SEA19:58)
189-d0(7/7SEA20:49---ANC00:25)
143-d0(7/8ANC01:30---SEA05:07)
144-d0(7/8SEA06:59---ANC10:39)
2025-Jul-08 15:50:00
--------------------------------------------------------
N915AK[60]
1239(7/7PDX14:00---PHX16:46)
2025-Jul-07 17:46:00
637-d0(7/7PHX17:46---SEA20:53)
131-d0(7/7SEA21:58---ANC01:30)
827-d0(7/8ANC02:55---HNL08:59)
2025-Jul-08 16:00:00
--------------------------------------------------------
N917AK[30]
2025-Jul-07 15:00:00
824-d0(7/7HNL18:00---SEA23:50)
960-d0(7/8SEA00:43---GEG01:50)
965-d0(7/8GEG02:44---SEA04:00)
1040-d0(7/8SEA04:30---ONT07:15)
2025-Jul-08 15:30:00
--------------------------------------------------------
N918AK[60]
2025-Jul-07 15:00:00
613-d0(7/7LAS15:30---SFO17:10)
434-d0(7/7SFO18:10---IAD23:19)
213-d0(7/8IAD00:19---LAX05:48)
2025-Jul-08 16:00:00
--------------------------------------------------------
N919AK[30]
248(7/7ANC14:30---SEA18:08)
2025-Jul-07 18:38:00
932-d24(7/7SEA19:00---ABQ22:01)
933-d0(7/7ABQ22:31---SEA01:41)
2025-Jul-08 15:30:00
--------------------------------------------------------
N920AK[45]
1091(7/7ONT13:00---SEA15:42)
2025-Jul-07 16:27:00
1133-d117-c8(7/7SEA19:00---SMF20:52)
1281-d100-c7(7/7SMF21:37---SEA23:27)
600-d90(7/8SEA00:12---LAS02:46)
403-d46(7/8LAS03:31---SEA06:23)
2025-Jul-08 15:45:00
--------------------------------------------------------
N921AK[30]
745(7/7DEN14:00---SEA17:00)
2025-Jul-07 17:30:00
480001-d95(7/7SEA19:00---MSP22:21)
480-d61(7/7MSP22:51---SEA02:50)
2025-Jul-08 15:30:00
--------------------------------------------------------
N924AK[45]
85(7/7SEA14:00---ANC17:35)
2025-Jul-07 18:20:00
104-d0(7/7ANC18:35---SEA22:04)
445-d0(7/7SEA23:08---RNO00:59)
523-d0(7/8RNO01:47---SEA03:42)
2025-Jul-08 15:45:00
--------------------------------------------------------
N926AK[60]
351(7/7IAD10:30---SEA16:17)
2025-Jul-07 17:17:00
887-d98(7/7SEA19:00---HNL01:11)
896-d98(7/8HNL02:11---SEA08:09)
2025-Jul-08 16:00:00
--------------------------------------------------------
N928AK[55]
499(7/7PDX13:05---SEA14:09)
2025-Jul-07 15:04:00
1166-d0(7/7SEA15:10---SFO17:29)
1075-d0(7/7SFO18:25---SEA20:37)
16-d0(7/7SEA21:37---JFK02:59)
2025-Jul-08 15:55:00
--------------------------------------------------------
N929AK[60]
504(7/7LAX14:00---SEA16:47)
2025-Jul-07 17:47:00
106001-d0(7/7SEA19:00---FAI22:53)
106-d0(7/7FAI23:53---SEA03:35)
1152-d0(7/8SEA04:44---OAK07:01)
2025-Jul-08 16:00:00
--------------------------------------------------------
N931AK[30]
2025-Jul-07 15:00:00
1113-d30(7/7SFO16:45---SEA19:00)
1114-d21(7/7SEA19:30---SJC21:50)
1175-d0(7/7SJC22:24---SEA00:34)
78-d9(7/8SEA01:04---ANC04:46)
59-d0(7/8ANC06:35---MSP12:00)
2025-Jul-08 15:30:00
--------------------------------------------------------
N932AK[60]
2025-Jul-07 15:00:00
390-d0(7/7SAN15:40---BOS21:27)
819-d0(7/7BOS22:32---SEA05:02)
400-d0(7/8SEA06:18---BNA10:40)
2025-Jul-08 16:00:00
--------------------------------------------------------
N933AK[60]
2025-Jul-07 15:00:00
227-d0(7/7JFK15:30---SFO21:48)
571-d0(7/7SFO22:48---LAS00:31)
779-d0(7/8LAS01:31---PDX03:50)
2025-Jul-08 16:00:00
--------------------------------------------------------
N934AK[60]
1076(7/7PDX14:00---LAX16:39)
2025-Jul-07 17:39:00
1215-d0(7/8LAX02:25---SEA05:17)
328-d0(7/8SEA06:40---ORD10:40)
2025-Jul-08 16:00:00
--------------------------------------------------------
N935AK[55]
156(7/7FAI10:09---SEA13:44)
2025-Jul-07 15:00:00
682001-d0(7/7SEA15:06---DEN17:53)
682-d0(7/7DEN18:49---SEA21:48)
420-d0(7/7SEA22:53---MCO04:33)
2025-Jul-08 15:55:00
--------------------------------------------------------
N936AK[60]
1193(7/7SJC14:03---SEA16:15)
2025-Jul-07 17:15:00
818-d62(7/7SEA19:00---BOS00:21)
355-d62(7/8BOS01:21---SFO08:01)
2025-Jul-08 16:00:00
--------------------------------------------------------
N938AK[45]
573(7/7DFW11:00---SEA15:17)
2025-Jul-07 16:02:00
312001-d0(7/7SEA16:06---OMA19:17)
312-d0(7/7OMA20:14---SEA23:54)
478-d0(7/8SEA01:50---LAS04:26)
2025-Jul-08 15:45:00
--------------------------------------------------------
N941AK[60]
1154(7/7SAN14:15---SEA17:22)
2025-Jul-07 18:22:00
817-d5(7/7SEA19:00---OGG01:15)
2025-Jul-08 16:00:00
--------------------------------------------------------
N942AK[60]
2025-Jul-07 15:00:00
916-d0(7/7SEA15:08---MCO20:50)
301-d0(7/7MCO21:50---PDX03:50)
2025-Jul-08 16:00:00
--------------------------------------------------------
N947AK[30]
1217(7/7SMF13:15---SEA15:15)
2025-Jul-07 15:45:00
388-d13(7/7SEA15:45---STL19:39)
388001-d0(7/7STL20:24---SEA00:50)
823-d0(7/8SEA01:25---HNL07:33)
828-d0(7/8HNL08:33---ANC14:40)
2025-Jul-08 15:30:00
--------------------------------------------------------
N948AK[60]
2025-Jul-07 15:00:00
1279-d0(7/7LAX22:16---GEG00:47)
1280-d0(7/8GEG01:49---LAX04:35)
2025-Jul-08 16:00:00
--------------------------------------------------------
N949AK[60]
2025-Jul-07 15:00:00
642-d0(7/8SEA03:17---DEN05:59)
2025-Jul-08 16:00:00
--------------------------------------------------------
N952AK[50]
381(7/7DTW11:00---SEA15:57)
2025-Jul-07 16:47:00
378-d117-c10(7/7SEA19:00---BWI23:57)
379-d97(7/8BWI00:47---SEA06:44)
360-d96(7/8SEA07:34---TPA13:01)
2025-Jul-08 15:50:00
--------------------------------------------------------
N953AK[60]
68(7/7MSP13:20---ANC19:20)
2025-Jul-07 20:20:00
266-d0(7/7ANC20:25---SFO01:05)
525-d0(7/8SFO02:05---PDX03:50)
2025-Jul-08 16:00:00
--------------------------------------------------------
N954AK[50]
1226(7/7SEA14:00---SJC16:08)
2025-Jul-07 16:58:00
1311-d0(7/7SJC17:03---SEA19:14)
N954AK_SEA-19:14/22:14-d0(7/7SEA19:14---7/7 22:14)
962-d0(7/7SEA23:03---GEG00:13)
964-d0(7/8GEG01:07---SEA02:21)
1034-d0(7/8SEA03:14---BOI04:46)
2025-Jul-08 15:50:00
--------------------------------------------------------
N955AK[55]
2025-Jul-07 15:00:00
107-d0(7/7ANC21:40---SEA01:08)
1318-d0(7/8SEA02:13---SFO04:22)
374-d0(7/8SFO05:19---EWR10:54)
2025-Jul-08 15:55:00
--------------------------------------------------------
N956AK[60]
1265(7/7SAN13:15---SEA16:16)
2025-Jul-07 17:16:00
505-d103-c10(7/7SEA19:00---LAX21:43)
1083-d93(7/7LAX22:43---SEA01:27)
538-d93(7/8SEA02:27---ORD06:32)
2025-Jul-08 16:00:00
--------------------------------------------------------
N958AK[30]
361(7/7OMA11:05---SEA14:47)
2025-Jul-07 15:17:00
414-d0(7/7SEA15:17---DFW19:19)
415-d0(7/7DFW20:19---SEA00:34)
1310-d0(7/8SEA01:36---SJC03:51)
1201-d0(7/8SJC04:46---SEA06:59)
2025-Jul-08 15:30:00
--------------------------------------------------------
N960AK[30]
387(7/7MSP11:40---SEA15:44)
2025-Jul-07 16:14:00
450001-d110-c10(7/7SEA19:00---CMH23:12)
450-d74(7/7CMH23:42---SEA04:49)
1264-d76(7/8SEA05:19---SAN08:15)
2025-Jul-08 15:30:00
--------------------------------------------------------
N961AK[55]
336(7/7BOS10:00---PDX16:17)
2025-Jul-07 17:12:00
1143-d0(7/7PDX17:30---LAX20:00)
1315-d0(7/7LAX21:05---PDX23:25)
1122-d0(7/8PDX00:30---SAN03:03)
1067-d0(7/8SAN03:59---GEG06:44)
2025-Jul-08 15:55:00
--------------------------------------------------------
N962AK[60]
2025-Jul-07 15:00:00
214-d0(7/7LAX15:20---IAD20:25)
507-d0(7/7IAD21:25---SAN02:52)
2025-Jul-08 16:00:00
--------------------------------------------------------
N963AK[60]
831(7/7PDX14:00---OGG19:55)
2025-Jul-07 20:55:00
898-d0(7/7OGG20:55---PDX02:19)
1057-d0(7/8PDX05:52---DFW09:40)
2025-Jul-08 16:00:00
--------------------------------------------------------
N964AK[60]
797(7/7SEA14:00---LAX16:50)
2025-Jul-07 17:50:00
1240-d0(7/7LAX18:02---PDX20:25)
836-d0(7/7PDX21:30---SFO23:22)
269-d0(7/8SFO00:22---ANC05:15)
109-d0(7/8ANC07:26---ORD13:40)
2025-Jul-08 16:00:00
--------------------------------------------------------
N966AK[60]
30(7/7SFO13:18---JFK19:00)
2025-Jul-07 20:00:00
25-d0(7/7JFK20:00---SAN01:57)
1005-d0(7/8SAN02:57---SFO04:37)
455-d0(7/8SFO05:43---IAD10:50)
2025-Jul-08 16:00:00
--------------------------------------------------------
N967AK[60]
303(7/7DFW12:25---PDX16:28)
2025-Jul-07 17:28:00
392-d0(7/7PDX18:28---DFW22:16)
317-d0(7/7DFW23:16---SEA03:35)
314-d0(7/8SEA04:40---EWR09:59)
2025-Jul-08 16:00:00
--------------------------------------------------------
N968AK[50]
737(7/7BOI12:25---SEA14:05)
2025-Jul-07 15:00:00
1306-d0(7/7SEA15:00---LAX17:49)
1305-d0(7/7LAX18:55---SEA21:39)
1030-d0(7/7SEA22:48---BZN00:31)
1031-d0(7/8BZN01:25---SEA03:35)
2025-Jul-08 15:50:00
--------------------------------------------------------
N969AK[60]
24(7/7SAN14:00---JFK19:39)
2025-Jul-07 20:39:00
114-d0(7/7JFK20:39---SFO03:02)
307-d0(7/8SFO04:28---BOS10:10)
2025-Jul-08 16:00:00
--------------------------------------------------------
N972AK[55]
399(7/7IAH14:00---SEA18:45)
2025-Jul-07 19:40:00
291-d0(7/7SEA19:46---STL23:35)
291001-d0(7/8STL00:32---SEA05:00)
367-d0(7/8SEA06:30---IAD11:27)
2025-Jul-08 15:55:00
--------------------------------------------------------
N973AK[55]
595(7/7AUS12:15---SEA16:40)
2025-Jul-07 17:35:00
1278-d73-c11(7/7SEA19:00---ONT21:28)
1242-d62-c8(7/7ONT22:23---SEA00:52)
730-d48(7/8SEA01:47---LAS04:26)
570-d0(7/8LAS05:21---SFO06:59)
2025-Jul-08 15:55:00
--------------------------------------------------------
N974AK[60]
298(7/7SEA13:41---EWR19:00)
2025-Jul-07 20:00:00
280-d0(7/7EWR20:00---SEA02:12)
1192-d0(7/8SEA03:37---SJC05:49)
2025-Jul-08 16:00:00
--------------------------------------------------------
N975AK[60]
299(7/7EWR11:19---SEA17:31)
2025-Jul-07 18:31:00
492-d0(7/7SEA23:09---ATL03:59)
2025-Jul-08 16:00:00
--------------------------------------------------------
N976AK[40]
1228(7/7AUS14:45---SEA19:12)
2025-Jul-07 19:52:00
697001-d0(7/7SEA19:52---MSO21:17)
697-d0(7/7MSO22:13---SEA23:51)
472-d0(7/8SEA01:06---STL04:59)
2025-Jul-08 15:40:00
--------------------------------------------------------
N977AK[55]
451(7/7MSY12:10---SEA17:16)
2025-Jul-07 18:11:00
63-d40(7/7SEA19:00---SIT21:24)
58-d39(7/7SIT22:19---SEA00:39)
338-d0(7/8SEA01:48---OMA04:59)
2025-Jul-08 15:55:00
--------------------------------------------------------
N978AK[60]
784(7/7PDX14:00---ATL18:46)
2025-Jul-07 19:46:00
475-d0(7/7ATL19:47---SAN00:31)
1028-d0(7/8SAN01:58---OGG07:59)
1029-d0(7/8OGG08:59---SAN14:18)
2025-Jul-08 16:00:00
--------------------------------------------------------
N982AK[60]
433(7/7TPA13:00---SAN17:50)
2025-Jul-07 18:50:00
1199-d0(7/8SAN02:05---SEA05:07)
536-d0(7/8SEA06:40---BOS12:00)
2025-Jul-08 16:00:00
--------------------------------------------------------
N983AK[50]
495(7/7SAT12:00---SEA16:24)
2025-Jul-07 17:14:00
904-d37-c6(7/7SEA19:00---BZN20:37)
905-d27(7/7BZN21:27---SEA23:26)
688-d17(7/8SEA00:16---LAS02:51)
749-d0(7/8LAS04:19---SEA07:06)
2025-Jul-08 15:50:00
--------------------------------------------------------
N984AK[35]
395(7/7MCO11:20---SEA17:30)
2025-Jul-07 18:05:00
412001-d54(7/7SEA19:00---PIT23:36)
412-d29(7/8PIT00:11---SEA05:36)
2025-Jul-08 15:35:00
--------------------------------------------------------
N985AK[60]
2025-Jul-07 15:00:00
282-d0(7/8LAX04:26---EWR09:59)
2025-Jul-08 16:00:00
--------------------------------------------------------
N990AK[60]
2025-Jul-07 15:00:00
578-d0(7/7LAX16:05---PDX18:31)
330-d0(7/7PDX19:31---LAX21:59)
1167-d0(7/7LAX23:05---PDX01:26)
579-d0(7/8PDX02:35---LAX05:05)
2025-Jul-08 16:00:00
--------------------------------------------------------
================== Unassigned Flights ==================
1301(7/8LAX00:15---SEA03:00)
