===== Copy Generation Summary =====
#Iter       TotalGen  ind(reg)  mul(reg)  ind(csc)  mul(csc) TotalUsed  ind(reg)  mul(reg)  ind(csc)  mul(csc)            obj
    1            457       298        82        75         2       189       137        40        10         2      5.099e+06
    2            421       281        28       109         3       160       113        21        23         3      5.099e+06
    3            420       294         7       117         2       195       162         5        26         2      3.109e+06
    4            420       343        10        67         0       202       172         7        23         0      3.109e+06
    5            413       355         3        55         0       209       177         2        30         0      3.109e+06
    6            402       352         0        47         3       215       190         0        22         3      3.109e+06
    7            396       330         0        65         1       207       174         0        33         0      3.109e+06
    8            405       345        11        41         8       204       173         7        16         8      2.014e+06
    9            392       322         7        62         1       189       164         5        20         0      1.484e+06
   10            395       324        17        48         6       151       125        11        14         1       1.27e+06
   11            382       290        14        76         2       171       138        12        21         0       1.27e+06
   12            361       281         5        66         9       143       115         4        21         3      1.265e+06
   13            354       256        26        57        15       144       116        18         2         8      1.265e+06
   14            311       217        14        54        26       122       101         6         4        11      1.265e+06
   15            304       179        18        80        27       116        88        12        11         5      1.248e+06
   16            284       169        28        53        34        87        49        15         9        14       1.23e+06
   17            221       137         4        64        16        77        66         4         5         2      1.176e+06
   18            213       126         9        55        23        67        50         2         3        12      1.176e+06
   19            180       117         7        33        23        58        42         2         8         6      1.175e+06
   20            157       114         9        17        17        50        44         4         2         0      1.175e+06
   21            138        69         3        38        28        29        19         0         1         9      1.165e+06
   22            130        85         5        17        23        39        26         2         4         7      1.165e+06
   23             77        34         0        18        25        12         7         0         0         5       1.12e+06
   24             79        35         3        19        22        19         8         2         1         8       1.12e+06
   25             71        37         0         9        25        14         7         0         0         7       1.12e+06
   26             46        25         1         8        12         6         6         0         0         0       1.12e+06
   27             68        34         7        11        16        12         9         0         0         3       1.12e+06
   28             36        16         9         4         7         2         2         0         0         0       1.12e+06
   29             35        17        11         4         3         2         0         2         0         0       1.12e+06
   30             22         5         1         0        16         1         1         0         0         0       1.12e+06
   31             17         2         0         1        14         0         0         0         0         0       1.12e+06
