Run time(sec):            612
IP gap:inf
======================= COST =======================
======================= COST =======================
Total:              8.726e+08
Cancel:              8.59e+08
Delay:              6.651e+06
Swaps:              5.052e+06
PosViol:            1.925e+06
CSC:                        0

===================== DISRUPTION ===================
# Cancelled:              859
# Delayed:                331
# Swaps:                  421
# CSCs:                     0
Ttl delay(min):	    6.651e+04
Avg delay(min):	          200
Min delay(min):	           30
Max delay(min):	          360

================= AIRPORT CAPACITY =================

================= AIRCRAFT LOCATION ================
Aircraft     PlannedEnd      ActualEnd
N214AK            AUS            SEA
N224AK            ANC            PHX
N236AK            IAD            SAN
N237AK            SEA            SEA
N238AK            IAD            SAN
N247AK            SEA            AUS
N248AK            SEA            SEA
N251AK            EUG            SFO
N253AK            IND            SEA
N260AK            PDX            PDX
N264AK            OMA            SEA
N265AK            SFO            JNU
N267AK            PDX            PDX
N268AK            PDX            PDX
N270AK            SEA            SEA
N272AK            ORD            SEA
N273AK            JNU            LAX
N274AK            MKE            ORD
N275AK            LAS            SEA
N277AK            CMH            SEA
N280AK            PDX            PDX
N281AK            ABQ            SEA
N282AK            JFK            PDX
N283AK            PDX            SJC
N284AK            SJC            JFK
N285AK            SMF            SEA
N287AK            RDM            PHX
N288AK            ORD            RDM
N290AK            BNA            BOS
N291BT            SEA            SEA
N292AK            LAS            CMH
N293AK            ANC            JFK
N294AK            LAX            SEA
N296AK            PHX            SEA
N297AK            SFO            ANC
N298AK            LAX            SEA
N307AS            SEA            SEA
N309AS            JNU            JNU
N318AS            SEA            SEA
N402AS            LAS            SEA
N403AS            SAN            SEA
N408AS            ANC            PDX
N409AS            SFO            LAX
N413AS            SEA            ORD
N419AS            BOS            SEA
N423AS            LAX            SEA
N431AS            MCO            EWR
N433AS            CLE            SFO
N434AS            ANC            ORD
N435AS            GEG            SEA
N440AS            LAX            SEA
N442AS            SEA            SEA
N448AS            SEA            SEA
N453AS            JNU            ANC
N457AS            DFW            PHX
N459AS            SFO            PDX
N462AS            SFO            IAD
N464AS            ANC            TPA
N467AS            MCI            EUG
N469AS            GEG            SAN
N471AS            SEA            SEA
N472AS            SJC            SAN
N474AS            SEA            SEA
N477AS            TPA            SEA
N478AS            ANC            IND
N481AS            PDX            JFK
N483AS            PDX            SEA
N486AS            SEA            SMF
N487AS            BNA            SEA
N491AS            PDX            SEA
N492AS            PDX            PDX
N493AS            PHL            SLC
N494AS            ANC            SEA
N495AS            HNL            BNA
N506AS            BOS            SEA
N508AS            DCA            SEA
N512AS            SNA            LAX
N513AS            SEA            SEA
N514AS            SFO            SEA
N516AS            LAX            SNA
N517AS            SAN            SEA
N518AS            LAX            KOA
N519AS            SNA            SEA
N520AS            ANC            SEA
N523AS            SEA            SAN
N525AS            ANC            SEA
N526AS            SEA            SEA
N527AS            BWI            SEA
N529AS            SIT            BOS
N530AS            SJC            LAS
N531AS            SEA            DEN
N532AS            PDX            SAN
N535AS            SAN            SEA
N536AS            SEA            SEA
N537AS            DCA            PDX
N538AS            SEA            SMF
N546AS            SEA            ANC
N548AS            DEN            SEA
N549AS            ADQ            ADQ
N551AS            SEA            GEG
N552AS            SNA            SEA
N553AS            SEA            SNA
N556AS            SMF            PDX
N557AS            SAN            SEA
N560AS            SEA            PDX
N562AS            MSP            KOA
N564AS            ANC            SEA
N565AS            SEA            ANC
N568AS            LAX            SAN
N569AS            SAN            LIH
N570AS            SAN            SEA
N577AS            SEA            SAN
N579AS            KOA            LAX
N581AS            BOS            SFO
N586AS            PDX            ANC
N587AS            PHX            SNA
N589AS            JFK            LAX
N590AS            DCA            BOS
N592AS            ORD            MSP
N593AS            LAS            PAE
N594AS            OAK            SEA
N596AS            SEA            SEA
N597AS            OGG            SAN
N607AS            ANC            SEA
N609AS            SIT            SEA
N611AS            SEA            SIT
N612AS            ANC            ANC
N613AS            RNO            KTN
N615AS            JNU            ANC
N618AS            ANC            PDX
N619AS            ANC            RNO
N622AS            SEA            JNU
N703AL            SEA            OGG
N705AL            LAX            SEA
N706AL            EWR            SEA
N707AL            EWR            EWR
N708AL            ORD            SFO
N709AL            TPA            SEA
N710AL            MSP            SEA
N712AL            LAX            SEA
N713AL            PDX            BOS
N716AL            MCO            DEN
N719AL            SEA            SFO
N720AL            BOS            SEA
N722AL            SEA            SEA
N723AL            DFW            SAN
N724AL            AUS            SEA
N725AL            SFO            SFO
N729AL            LAX            SEA
N731AL            MCO            SEA
N732AL            SEA            ORD
N733AL            PDX            SFO
N734AL            JFK            SEA
N738AL            SEA            SEA
N801AK            ANC            SEA
N803AK            JFK            ANC
N804AK            SEA            SEA
N805AK            LAX            LAX
N806AK            LAX            ANC
N809AK            SEA            SFO
N812AK            SFO            SEA
N813AK            SEA            LAX
N903AK            PDX            PDX
N912AK            SAN            EWR
N913AK            GEG            LAS
N915AK            SEA            PHX
N917AK            ONT            HNL
N918AK            RDU            SAT
N919AK            PHX            SEA
N920AK            ATL            SEA
N921AK            AUS            SEA
N924AK            EWR            ANC
N926AK            MSY            SEA
N928AK            DEN            SEA
N929AK            SEA            SEA
N931AK            PDX            SFO
N932AK            SFO            SAN
N933AK            ORD            JFK
N934AK            ANC            LAX
N935AK            SAN            SEA
N936AK            SEA            SEA
N938AK            LAX            SEA
N941AK            IAH            SEA
N942AK            ORD            SEA
N947AK            FAI            SEA
N948AK            LAX            LAX
N949AK            FAI            SEA
N952AK            SEA            SEA
N953AK            CVG            DFW
N954AK            PDX            AUS
N955AK            SFO            EWR
N956AK            PIT            SEA
N958AK            SAT            SEA
N960AK            BOS            SEA
N961AK            PHX            PDX
N962AK            SFO            LAX
N963AK            LAX            OGG
N964AK            IAH            LAX
N966AK            SFO            JFK
N967AK            LAX            PDX
N968AK            JFK            SEA
N969AK            PDX            JFK
N972AK            SFO            SEA
N973AK            ONT            SEA
N974AK            BOI            EWR
N975AK            LAS            BOS
N976AK            STL            SEA
N977AK            SEA            SEA
N978AK            IAD            FAI
N982AK            SEA            SAN
N983AK            ATL            PDX
N984AK            FAI            SEA
N985AK            DEN            LAX
N990AK            LAX            LAX
N407AS            SEA            SEA
N428AS            LAX            LAX
N468AS            DTW            SEA
N479AS            SEA            CLE
N563AS            GEG            SEA
N566AS            SFO            SFO
N588AS            ANC            ANC
N614AS            ANC            ANC
N946AK            BUR            LAX
N971AK            BUR            LAX
N979AK            SAN            SEA
