===== Copy Generation Summary =====
#Iter     Gen    Indv     Seq     CSC    Used            Obj
    1     270     270       0       0     180       2.29e+09
    2     256     254       2       0     192      1.471e+09
    3     235     233       2       0     214      1.194e+09
    4     238     236       2       0     210      9.521e+08
    5     189     187       2       0     259        8.2e+08
    6     225     223       2       0     223       7.62e+08
    7     221     219       2       0     227      6.895e+08
    8     222     220       2       0     226      6.298e+08
    9     221     219       2       0     228      5.733e+08
   10     196     194       2       0     252      5.365e+08
   11     206     204       2       0     241      4.994e+08
   12     216     212       4       0     231      4.712e+08
   13     217     213       4       0     229      4.312e+08
   14     203     201       2       0     241      3.984e+08
   15     196     190       6       0     247       3.79e+08
   16     231     223       8       0     211      3.602e+08
   17     224     218       6       0     216      3.352e+08
   18     187     185       2       0     247      3.099e+08
   19     187     183       4       0     252      2.873e+08
   20     196     192       4       0     235      2.672e+08
   21     176     172       4       0     252      2.457e+08
   22     205     201       4       0     223      2.292e+08
   23     199     195       4       0     229      2.125e+08
   24     226     220       6       0     204      1.997e+08
   25     201     197       4       0     230      1.823e+08
   26     220     214       6       0     210      1.731e+08
   27     172     168       4       0     259      1.593e+08
   28     208     202       6       0     222      1.488e+08
   29     223     217       6       0     207      1.426e+08
   30     221     215       6       0     209      1.358e+08
   31     226     220       6       0     204      1.315e+08
   32     217     209       8       0     219      1.275e+08
   33     190     184       6       0     240      1.254e+08
   34     162     158       4       0     266      1.234e+08
   35     228     224       4       0     202      1.211e+08
   36     201     195       6       0     229      1.194e+08
   37     225     219       6       0     205      1.182e+08
   38     171     165       6       0     259      1.175e+08
   39     225     219       6       0     204      1.171e+08
   40     242     236       6       0     188      1.169e+08
   41     225     219       6       0     204      1.166e+08
   42     254     248       6       0     176      1.163e+08
   43     232     225       7       0     196      1.158e+08
   44     254     248       6       0     176      1.153e+08
   45     192     188       4       0     235      1.148e+08
   46     222     216       6       0     202      1.148e+08
   47     210     206       4       0     214      1.143e+08
   48     233     223      10       0     190       1.14e+08
   49     280     266      14       0     140      1.138e+08
   50     258     232      26       0     164      1.135e+08
   51     223     197      26       0     194      1.134e+08
   52     257     231      26       0     154      1.133e+08
   53     257     221      36       0     159      1.129e+08
   54     212     180      32       0     202      1.126e+08
   55     244     222      22       0     164      1.124e+08
   56     255     223      32       0     157      1.121e+08
   57     286     242      44       0     130      1.119e+08
   58     272     232      40       0     143      1.117e+08
   59     218     178      40       0     193      1.114e+08
   60     237     197      40       0     175      1.111e+08
   61     274     232      42       0     137      1.109e+08
   62     246     208      38       0     163      1.107e+08
   63     262     220      42       0     150      1.104e+08
   64     211     167      44       0     197      1.103e+08
   65     195     157      38       0     212      1.099e+08
   66     275     233      42       0     131      1.098e+08
   67     255     217      38       0     148      1.096e+08
   68     295     251      44       0     110      1.093e+08
   69     228     186      42       0     175      1.092e+08
   70     271     229      42       0     134       1.09e+08
   71     261     221      40       0     144      1.088e+08
   72     278     234      44       0     125      1.087e+08
   73     306     264      42       0      94      1.084e+08
   74     328     288      40       0      74      1.083e+08
   75     275     235      40       0     127      1.081e+08
   76     259     219      40       0     144      1.079e+08
   77     255     213      42       0     143      1.078e+08
   78     314     270      44       0      83      1.077e+08
   79     266     228      38       0     136      1.076e+08
   80     267     227      40       0     130      1.075e+08
   81     287     243      44       0     109      1.074e+08
   82     277     237      40       0     118      1.072e+08
   83     311     263      48       0      79       1.07e+08
   84     260     214      46       0     127      1.069e+08
   85     312     250      62       0      60      1.068e+08
   86     311     251      60       0      64      1.066e+08
   87     304     252      52       0      68      1.065e+08
   88     300     232      68       0      69      1.064e+08
   89     278     220      58       0      84      1.063e+08
   90     245     181      64       0      76      1.062e+08
   91     231     165      66       0      73      1.061e+08
   92     273     215      58       0      91       1.06e+08
   93     204     126      78       0     101       1.06e+08
   94     236     176      60       0      47      1.059e+08
   95     233     179      54       0      39      1.059e+08
   96     211     143      68       0      47      1.059e+08
   97     220     146      74       0      34      1.058e+08
   98     217     143      74       0      44      1.057e+08
   99     233     173      60       0      60      1.057e+08
  100     170      92      78       0      80      1.057e+08
  101     223     173      50       0      93      1.057e+08
  102     187     117      70       0      71      1.057e+08
  103     269     223      46       0      45      1.057e+08
  104     229     167      62       0      74      1.057e+08
  105     246     182      64       0      84      1.056e+08
  106     218     150      68       0     105      1.056e+08
  107     279     221      58       0      38      1.056e+08
  108     262     212      50       0      56      1.055e+08
  109     199     115      84       0      52      1.054e+08
  110     195     125      70       0      43      1.054e+08
  111     185     109      76       0      50      1.054e+08
  112     183     105      78       0      42      1.054e+08
  113     197     119      78       0      22      1.053e+08
  114     183     119      64       0      68      1.052e+08
  115     181     103      78       0      29      1.052e+08
  116     204     122      82       0      16      1.051e+08
  117     193     117      76       0      34      1.051e+08
  118     185      92      93       0      21       1.05e+08
  119     164      73      91       0      35       1.05e+08
  120     168      86      82       0      20      1.049e+08
  121     176      96      80       0      69      1.049e+08
  122     140      52      88       0      50      1.049e+08
  123     162      72      90       0      11      1.048e+08
  124     159      41     118       0      11      1.048e+08
  125     152      47     105       0      13      1.048e+08
  126     169      43     126       0      10      1.048e+08
  127     146      44     102       0      20      1.048e+08
