===== Copy Generation Summary =====
#Iter       TotalGen  ind(reg)  mul(reg)  ind(csc)  mul(csc) TotalUsed  ind(reg)  mul(reg)  ind(csc)  mul(csc)            obj
    1            445       324        61        60         0       179       133        31        15         0      1.318e+08
    2            430       342        31        57         0       193       149        25        19         0      1.053e+08
    3            427       354        16        57         0       185       152        13        20         0      7.881e+07
    4            416       362         5        49         0       165       156         4         5         0      4.969e+07
    5            419       375        15        29         0       220       197        13        10         0      3.451e+07
    6            421       379        20        22         0       211       188        12        11         0      1.696e+07
    7            406       366         3        37         0       204       190         2        12         0      1.052e+07
    8            405       363         6        36         0       205       192         6         7         0      6.199e+06
    9            402       368        10        24         0       175       164         6         5         0      4.089e+06
   10            403       363        20        20         0       189       171        14         4         0      3.727e+06
   11            411       349        29        33         0       195       169        18         8         0       3.57e+06
   12            391       346        16        29         0       198       182         8         8         0      3.376e+06
   13            395       324        49        22         0       197       161        35         1         0      3.294e+06
   14            359       296        37        26         0       179       148        23         8         0      3.186e+06
   15            365       276        61        28         0       176       127        45         4         0      2.987e+06
   16            344       250        71        23         0       199       143        52         4         0      2.912e+06
   17            306       236        41        29         0       136       107        28         1         0        2.7e+06
   18            313       235        56        22         0       138       102        33         3         0      2.483e+06
   19            276       193        54        29         0       138        95        38         5         0       2.45e+06
   20            235       181        35        19         0       112        94        15         3         0      2.426e+06
   21            215       142        52        21         0        73        39        34         0         0       2.34e+06
   22            163       120        36         7         0        84        62        21         1         0      2.322e+06
   23            129        87        15        27         0        53        35         6        12         0      2.222e+06
   24            124        66        27        31         0        44        22        22         0         0       2.21e+06
   25            135        85        28        22         0        57        38        17         2         0      2.125e+06
   26            119        65        38        16         0        62        36        23         3         0      2.088e+06
   27             80        44        22        14         0        30        18        12         0         0      2.083e+06
   28             80        43        27        10         0        30        17        13         0         0      2.034e+06
   29             74        43        21        10         0        29        19        10         0         0      2.003e+06
   30             61        30        19        12         0        28        14        11         3         0      1.992e+06
   31             28        12        13         3         0         9         3         6         0         0      1.991e+06
   32             16        11         2         3         0         2         1         0         1         0      1.976e+06
   33             18        15         2         1         0         4         4         0         0         0      1.967e+06
   34             16        12         4         0         0         4         1         3         0         0      1.967e+06
   35             18        14         4         0         0         5         2         3         0         0      1.967e+06
   36             14        10         4         0         0         1         1         0         0         0      1.965e+06
   37              8         8         0         0         0         1         1         0         0         0      1.965e+06
   38              8         8         0         0         0         0         0         0         0         0      1.965e+06
   39              8         7         0         1         0         0         0         0         0         0      1.965e+06
   40              8         8         0         0         0         1         1         0         0         0      1.965e+06
   41              8         7         0         1         0         0         0         0         0         0      1.965e+06
   42              8         8         0         0         0         0         0         0         0         0      1.965e+06
