Objective:	3.1443e+06
Total CPU time:	00:06:02
================== Aircraft Recovery Schedule ==================
N214AK[30]
375(7/7IAD13:00---SEA18:47)
2025-Jul-07 19:17:00
352-d0(7/7SEA19:43---AUS23:55)
339-d0(7/8AUS00:30---SEA05:07)
N214AK_SEA-05:07/08:07-d0(7/8SEA05:07---7/8 08:07)
1166-d0(7/8SEA15:10---SFO17:29)
1075-d0(7/8SFO18:25---SEA20:37)
1150001-d79(7/8SEA21:07---BUR23:38)
1150-d54(7/9BUR00:08---SEA02:48)
372-d142(7/9SEA03:18---AUS07:27)
2025-Jul-09 15:30:00
--------------------------------------------------------
N224AK[45]
2025-Jul-07 15:00:00
731-d0(7/7PHX17:00---PAE20:03)
732-d0(7/7PAE21:00---PHX00:03)
662-d0(7/8PHX01:05---PDX03:48)
436-d0(7/8PDX04:37---BOS10:00)
459-d0(7/8BOS11:20---SEA17:38)
438-d0(7/8SEA18:45---IAH23:10)
439-d0(7/9IAH00:10---SEA04:53)
119-d0(7/9SEA05:59---ANC09:39)
2025-Jul-09 15:45:00
--------------------------------------------------------
N236AK[55]
1258(7/7SEA14:00---SAN16:50)
2025-Jul-07 17:45:00
322-d0(7/7SAN17:48---IAD22:59)
435-d0(7/7IAD23:59---SFO05:46)
30-d0(7/8SFO13:18---JFK19:00)
25-d0(7/8JFK20:00---SAN01:57)
1005-d0(7/9SAN02:57---SFO04:37)
455-d0(7/9SFO05:43---IAD10:50)
2025-Jul-09 15:55:00
--------------------------------------------------------
N237AK[55]
2025-Jul-07 15:00:00
83-d0(7/7SEA16:00---ANC19:35)
162-d47(7/7ANC21:27---SEA01:00)
241-d45(7/8SEA01:55---MKE05:44)
242-d0(7/8MKE11:30---SEA15:53)
378-d0(7/8SEA17:03---BWI22:10)
379-d0(7/8BWI23:10---SEA05:07)
2025-Jul-09 15:55:00
--------------------------------------------------------
N238AK[40]
1074(7/7PDX14:25---SAN17:00)
2025-Jul-07 17:40:00
474-d0(7/7SAN18:58---ATL23:25)
334-d34(7/8ATL00:05---SEA05:41)
112-d0(7/8SEA06:50---FAI10:36)
210-d0(7/8FAI13:52---SEA17:40)
1017-d0(7/8SEA18:20---PDX19:23)
1016-d0(7/8PDX20:25---SEA21:25)
348-d0(7/8SEA22:59---IAD03:59)
2025-Jul-09 15:40:00
--------------------------------------------------------
N247AK[50]
512(7/7SFO14:00---AUS17:36)
2025-Jul-07 18:26:00
503-d121(7/7AUS20:37---SEA01:00)
1214-d106(7/8SEA01:50---SJC04:01)
1193-d0(7/8SJC14:03---SEA16:15)
934001-d0(7/8SEA18:20---EUG19:36)
934-d0(7/8EUG20:30---SEA21:48)
590-d0(7/8SEA23:42---SFO01:53)
922-d0(7/9SFO03:49---SEA06:02)
2025-Jul-09 15:50:00
--------------------------------------------------------
N248AK[30]
537(7/7BOS13:20---SEA19:35)
2025-Jul-07 20:05:00
357001-d0(7/7SEA20:35---MCI00:01)
357-d0(7/8MCI00:56---SEA04:56)
1227-d0(7/8SEA06:59---AUS11:07)
595-d0(7/8AUS12:15---SEA16:40)
508001-d0(7/8SEA17:12---CVG21:37)
508-d0(7/8CVG22:37---SEA03:35)
2025-Jul-09 15:30:00
--------------------------------------------------------
N251AK[50]
2025-Jul-07 15:00:00
113-d0(7/7SFO16:43---JFK22:25)
17-d22(7/7JFK23:15---SEA05:44)
1046-d0(7/8SEA22:08---SJC00:17)
1047-d0(7/9SJC01:11---SEA03:18)
161-d0(7/9SEA05:47---EUG07:01)
2025-Jul-09 15:50:00
--------------------------------------------------------
N253AK[35]
2025-Jul-07 15:00:00
313001-d0(7/7SEA15:30---DTW19:50)
313-d0(7/7DTW20:46---SEA01:45)
205-d0(7/8SEA02:36---JNU05:05)
142-d0(7/8JNU15:08---SEA17:36)
1010-d0(7/8SEA18:20---GEG19:29)
1011-d0(7/8GEG20:23---SEA21:37)
509-d0(7/8SEA22:15---SLC00:18)
510-d0(7/9SLC01:12---SEA03:30)
545-d0(7/9SEA04:45---IND09:00)
2025-Jul-09 15:35:00
--------------------------------------------------------
N260AK[60]
2025-Jul-07 15:00:00
294-d0(7/7PDX16:17---EWR21:38)
293-d14(7/7EWR22:38---SFO05:03)
1410-d0(7/8SFO15:00---PDX16:45)
725-d0(7/8PDX17:55---AUS21:56)
1396-d0(7/8AUS23:00---PDX03:14)
2025-Jul-09 16:00:00
--------------------------------------------------------
N264AK[30]
2025-Jul-07 15:00:00
429-d0(7/7SEA19:38---ORD23:45)
337-d81(7/8ORD00:15---SEA04:55)
423-d0(7/8SEA06:36---SAT10:40)
495-d0(7/8SAT12:00---SEA16:24)
1108-d0(7/8SEA16:58---SAN19:49)
1097-d0(7/8SAN20:45---SEA23:45)
338-d0(7/9SEA01:48---OMA04:59)
2025-Jul-09 15:30:00
--------------------------------------------------------
N265AK[55]
541(7/7AUS12:37---PDX16:50)
2025-Jul-07 17:45:00
121-d0(7/7PDX17:53---BUR20:12)
122-d35(7/7BUR21:42---PDX00:00)
1370-d20(7/8PDX00:55---AUS05:02)
541-d0(7/8AUS12:37---PDX16:50)
757-d0(7/8PDX17:50---LAS20:09)
676-d0(7/8LAS21:04---SEA23:50)
1140-d0(7/9SEA00:59---SFO03:15)
2025-Jul-09 15:55:00
--------------------------------------------------------
N267AK[60]
2025-Jul-07 15:00:00
57-d0(7/7ANC16:00---FAI17:05)
234-d0(7/7FAI18:05---SEA21:43)
460-d137(7/8SEA01:00---BOS06:16)
336-d0(7/8BOS10:00---PDX16:17)
1420-d0(7/8PDX17:30---IAH21:50)
1421-d0(7/8IAH22:50---PDX03:15)
2025-Jul-09 16:00:00
--------------------------------------------------------
N268AK[55]
413(7/7ORD12:00---PDX16:25)
2025-Jul-07 17:20:00
1296-d0(7/7PDX17:40---SAN20:15)
1297-d0(7/7SAN21:15---PDX23:49)
1455-d0(7/8PDX00:49---ANC04:40)
198-d0(7/8ANC17:05---PDX20:44)
1204-d0(7/8PDX21:49---SAN00:22)
1294-d0(7/9SAN01:18---PDX03:50)
2025-Jul-09 15:55:00
--------------------------------------------------------
N270AK[45]
2025-Jul-07 15:00:00
572001-d0(7/7SEA15:55---RDU21:01)
572-d0(7/7RDU22:01---SEA03:56)
380-d0(7/8SEA04:45---DTW09:05)
381-d0(7/8DTW11:00---SEA15:57)
442-d0(7/8SEA16:42---PHL21:47)
443-d0(7/8PHL22:52---SEA04:57)
924-d0(7/9SEA05:48---RDM06:59)
2025-Jul-09 15:45:00
--------------------------------------------------------
N272AK[50]
2025-Jul-07 15:00:00
1290001-d0(7/7SEA15:00---BUR17:36)
1290-d0-c8(7/7BUR18:30---SEA20:59)
1046-d112(7/8SEA00:00---SJC02:09)
1047-d108(7/8SJC02:59---SEA05:06)
405001-d0(7/8SEA15:11---OKC18:48)
405-d0(7/8OKC19:44---SEA23:38)
538-d0(7/9SEA00:54---ORD04:59)
2025-Jul-09 15:50:00
--------------------------------------------------------
N273AK[45]
289(7/7EWR11:52---LAX17:46)
2025-Jul-07 18:31:00
2025-Jul-09 15:45:00
--------------------------------------------------------
N274AK[50]
2025-Jul-07 15:00:00
329-d0(7/7ORD15:00---SEA19:34)
1198-d55-c10(7/7SEA22:00---SAN00:40)
735-d39(7/8SAN01:30---SEA04:29)
547-d39(7/8SEA05:19---CLE09:50)
548-d0(7/8CLE11:00---SEA16:09)
535001-d0(7/8SEA17:20---DEN20:07)
535-d0(7/8DEN21:03---SEA00:00)
241-d0(7/9SEA01:10---MKE04:59)
2025-Jul-09 15:50:00
--------------------------------------------------------
N275AK[55]
683(7/7ORD13:00---SEA17:39)
2025-Jul-07 18:34:00
658-d0(7/7SEA19:18---LAS22:02)
634-d280(7/8LAS03:19---SFO05:00)
776-d255(7/8SFO05:55---LAS07:40)
393-d0(7/8LAS14:00---PAE16:40)
385-d0(7/8PAE17:40---PHX20:43)
396-d0(7/8PHX21:43---PAE00:44)
391-d0(7/9PAE01:44---LAS04:17)
2025-Jul-09 15:55:00
--------------------------------------------------------
N277AK[45]
2025-Jul-07 15:00:00
1254-d0(7/7SEA15:27---ONT18:05)
1111-d0(7/7ONT19:00---SEA21:38)
602-d71(7/8SEA00:00---DEN02:43)
615-d56(7/8DEN03:28---SEA06:38)
79-d0(7/8SEA15:00---ANC18:36)
100-d0(7/8ANC19:41---SEA23:10)
960-d0(7/9SEA00:43---GEG01:50)
965-d0(7/9GEG02:44---SEA04:00)
315-d0(7/9SEA04:45---CMH09:13)
2025-Jul-09 15:45:00
--------------------------------------------------------
N280AK[55]
1089(7/7LAS14:05---PDX16:24)
2025-Jul-07 17:19:00
128-d0(7/7PDX17:45---SFO19:39)
534-d0(7/7SFO20:59---AUS00:45)
513-d0(7/8AUS01:45---SFO05:29)
912-d0(7/8SFO14:20---SAN16:02)
1259-d0(7/8SAN17:00---SEA20:00)
1300-d0(7/8SEA21:10---LAX23:58)
1397-d0(7/9LAX01:07---PDX03:30)
2025-Jul-09 15:55:00
--------------------------------------------------------
N281AK[30]
2025-Jul-07 15:00:00
620001-d0(7/7SEA21:03---DEN23:44)
620-d24(7/8DEN00:14---SEA03:14)
1004-d45(7/8SEA03:44---GEG04:54)
215-d0(7/8GEG16:45---SEA18:00)
932-d0(7/8SEA18:36---ABQ21:37)
933-d0(7/8ABQ22:31---SEA01:41)
780-d0(7/9SEA02:59---ABQ05:59)
2025-Jul-09 15:30:00
--------------------------------------------------------
N282AK[60]
2025-Jul-07 15:00:00
90-d0(7/7SIT15:15---SEA17:39)
438-d0(7/7SEA19:54---IAH00:19)
439-d69(7/8IAH01:19---SEA06:02)
516-d0(7/8SEA14:55---FLL20:52)
517-d0(7/8FLL21:52---SEA04:20)
22-d0(7/9SEA05:41---JFK11:02)
2025-Jul-09 16:00:00
--------------------------------------------------------
N283AK[50]
2025-Jul-07 15:00:00
1314-d0(7/7SJC19:02---SEA21:10)
1086-d35-c10(7/7SEA23:00---ONT01:29)
1087-d21(7/8ONT02:19---SEA04:58)
161-d1(7/8SEA05:48---EUG07:02)
132-d0(7/8EUG13:00---SEA14:15)
26-d0(7/8SEA15:05---JFK20:29)
19-d0(7/8JFK21:29---PDX03:46)
2025-Jul-09 15:50:00
--------------------------------------------------------
N284AK[40]
943(7/7RDM13:00---SEA14:14)
516(7/7SEA14:55---FLL20:52)
2025-Jul-07 21:32:00
517-d0(7/7FLL21:52---SEA04:20)
959-d0(7/8SEA05:52---GEG06:59)
963-d0(7/8GEG14:00---SEA15:14)
312001-d0(7/8SEA16:06---OMA19:17)
312-d0(7/8OMA20:14---SEA23:54)
1310-d0(7/9SEA01:36---SJC03:51)
2025-Jul-09 15:40:00
--------------------------------------------------------
N285AK[30]
383(7/7BNA12:00---SEA17:06)
2025-Jul-07 17:36:00
34-d0(7/7SEA20:23---JFK01:46)
41-d107(7/8JFK02:16---SFO08:46)
368-d0(7/8SFO14:00---MCO19:34)
419-d0(7/8MCO20:39---SEA02:50)
1194-d26(7/9SEA03:20---SMF05:18)
2025-Jul-09 15:30:00
--------------------------------------------------------
N287AK[55]
139(7/7ORD14:30---ANC21:15)
2025-Jul-07 22:10:00
226-d0(7/7ANC22:20---SEA01:50)
1039-d0(7/8SEA04:45---GEG05:58)
966-d0(7/8GEG13:00---SEA14:15)
313001-d0(7/8SEA15:30---DTW19:50)
313-d0-c10(7/8DTW20:46---SEA01:35)
69001-d55(7/9SEA02:30---KTN04:39)
69-d65(7/9KTN05:34---JNU06:35)
2025-Jul-09 15:55:00
--------------------------------------------------------
N288AK[55]
2025-Jul-07 15:00:00
479-d0(7/7LAS15:00---SEA17:40)
71-d0(7/7SEA18:43---JNU21:19)
176-d18(7/7JNU22:33---SEA01:00)
105-d0(7/8SEA01:59---ANC05:38)
172-d0(7/8ANC07:13---PHX12:45)
645-d0(7/8PHX14:05---SEA17:09)
N288AK_SEA-17:09/23:09-d0(7/8SEA17:09---7/8 23:09)
941-d0(7/8SEA23:25---ORD03:30)
2025-Jul-09 15:55:00
--------------------------------------------------------
N290AK[30]
358(7/7PDX14:00---BOS19:25)
2025-Jul-07 19:55:00
304-d0(7/7BOS20:25---SEA02:48)
780-d19(7/8SEA03:18---ABQ06:18)
618-d0(7/8ABQ14:00---SEA17:15)
63-d0(7/8SEA18:20---SIT20:44)
58-d0(7/8SIT21:40---SEA00:00)
382-d0(7/9SEA00:43---BNA04:59)
2025-Jul-09 15:30:00
--------------------------------------------------------
N291BT[30]
627(7/7TPA11:00---SEA17:06)
2025-Jul-07 17:36:00
535001-d0(7/7SEA18:07---DEN20:54)
535-d60(7/7DEN22:03---SEA01:00)
564-d25(7/8SEA01:30---MCI05:00)
563-d0(7/8MCI11:45---SEA15:47)
406001-d2(7/8SEA16:17---IAD21:15)
406-d0(7/8IAD22:13---SEA04:00)
2025-Jul-09 15:30:00
--------------------------------------------------------
N292AK[45]
473(7/7STL11:41---SEA16:10)
2025-Jul-07 16:55:00
1108-d0(7/7SEA16:58---SAN19:49)
1097-d75(7/7SAN22:00---SEA01:00)
1098-d46(7/8SEA01:45---SAN04:40)
1020-d35(7/8SAN05:25---MCO10:35)
395-d0(7/8MCO11:20---SEA17:30)
733-d0(7/8SEA18:38---SLC20:44)
734-d0(7/8SLC21:39---SEA23:54)
730-d0(7/9SEA00:59---LAS03:38)
2025-Jul-09 15:45:00
--------------------------------------------------------
N293AK[60]
2025-Jul-07 15:00:00
23-d112(7/7JFK18:52---SEA01:00)
1468-d105(7/8SEA02:00---LAX04:45)
193-d0(7/9LAX02:45---ANC08:08)
2025-Jul-09 16:00:00
--------------------------------------------------------
N294AK[50]
281(7/7BNA14:00---SEA19:03)
2025-Jul-07 19:53:00
175-d0(7/7SEA19:55---ANC23:27)
134-d0(7/8ANC00:30---SEA04:00)
919-d0(7/8SEA04:55---RDU10:00)
920-d0(7/8RDU11:36---SEA17:30)
414-d183(7/8SEA18:20---DFW22:22)
415-d173(7/8DFW23:12---SEA03:27)
1224-d82(7/9SEA04:17---LAX07:08)
2025-Jul-09 15:50:00
--------------------------------------------------------
N296AK[50]
2025-Jul-07 15:00:00
738-d0(7/7SEA17:40---LAS20:19)
756-d0(7/7LAS21:13---PDX23:35)
1176-d0(7/8PDX00:30---PHX03:20)
141-d73(7/8PHX04:10---ANC10:01)
172-d0(7/9ANC07:13---PHX12:45)
2025-Jul-09 15:50:00
--------------------------------------------------------
N297AK[35]
2025-Jul-07 15:00:00
56-d0(7/7ANC22:50---SEA02:20)
136-d0(7/8SEA02:55---ANC06:38)
54-d0(7/8ANC09:29---SEA13:00)
1258-d0(7/8SEA14:00---SAN16:50)
322-d0(7/8SAN17:48---IAD22:59)
435-d0(7/8IAD23:59---SFO05:46)
2025-Jul-09 15:35:00
--------------------------------------------------------
N298AK[55]
533(7/7ATL13:30---SEA18:51)
2025-Jul-07 19:46:00
700-d0(7/7SEA20:35---PHX23:29)
611-d0(7/8PHX00:29---SEA03:35)
648-d0(7/8SEA15:00---TUS18:10)
641-d0(7/8TUS19:06---SEA22:20)
1092-d0(7/8SEA23:18---LAX02:05)
2025-Jul-09 15:55:00
--------------------------------------------------------
N307AS[60]
168(7/7FAI08:14---SEA12:00)
2025-Jul-07 15:00:00
1284-d243(7/8SEA02:47---SFO05:00)
1065-d247(7/8SFO06:00---SEA08:18)
2025-Jul-09 16:00:00
--------------------------------------------------------
N309AS[30]
2025-Jul-07 15:00:00
612-d0(7/7SEA15:46---LAS18:25)
785-d156(7/7LAS22:16---SEA01:00)
185-d0(7/8SEA05:55---JNU08:25)
42-d0(7/8JNU09:55---SEA12:23)
1306-d0(7/8SEA15:00---LAX17:49)
1305-d0(7/8LAX18:55---SEA21:39)
962-d0(7/8SEA23:03---GEG00:13)
964-d0(7/9GEG01:07---SEA02:21)
205-d15(7/9SEA02:51---JNU05:20)
2025-Jul-09 15:30:00
--------------------------------------------------------
N318AS[40]
2025-Jul-07 15:00:00
215-d0(7/7GEG17:03---SEA18:18)
722-d0-c1(7/7SEA19:27---PHX22:29)
975-d22(7/7PHX23:09---SEA02:14)
1194-d0(7/8SEA02:54---SMF04:52)
1217-d0(7/8SMF13:15---SEA15:15)
2025-Jul-09 15:40:00
--------------------------------------------------------
N402AS[60]
1041(7/7BUR14:00---SEA16:37)
2025-Jul-07 17:37:00
500001-d0-c10(7/7SEA18:04---IND22:00)
500-d12-c1(7/7IND23:00---SEA03:46)
980-d6(7/8SEA04:46---SFO07:05)
512-d0(7/8SFO14:00---AUS17:36)
503-d0(7/8AUS18:36---SEA22:59)
688-d0(7/8SEA23:59---LAS02:34)
2025-Jul-09 16:00:00
--------------------------------------------------------
N403AS[50]
188(7/7ANC13:00---SEA16:30)
2025-Jul-07 17:20:00
216001-d0(7/7SEA17:37---CLE22:01)
216-d0(7/7CLE22:55---SEA04:00)
115-d0(7/8SEA04:59---FAI08:49)
156-d0(7/8FAI10:09---SEA13:44)
306-d0(7/8SEA15:21---BOS20:45)
389-d0(7/8BOS21:45---SAN04:00)
2025-Jul-09 15:50:00
--------------------------------------------------------
N408AS[55]
2025-Jul-07 15:00:00
1268-d0(7/7PDX16:00---BNA20:19)
1269-d0(7/7BNA21:19---PDX02:15)
1136001-d0(7/8PDX14:00---DEN16:37)
1136-d0(7/8DEN17:33---PDX20:20)
836-d0(7/8PDX21:30---SFO23:22)
269-d0(7/9SFO00:22---ANC05:15)
2025-Jul-09 15:55:00
--------------------------------------------------------
N409AS[55]
150(7/7ANC08:34---LAX13:55)
2025-Jul-07 15:00:00
798-d0(7/7LAX16:50---SEA19:35)
1132-d0(7/7SEA20:35---SFO22:48)
591-d0(7/7SFO23:44---SEA01:54)
1156-d0(7/8SEA02:59---SAN06:00)
24-d0(7/8SAN14:00---JFK19:39)
114-d0(7/8JFK20:39---SFO03:02)
2025-Jul-09 15:55:00
--------------------------------------------------------
N413AS[40]
324(7/7PDX14:02---ORD18:07)
2025-Jul-07 18:47:00
325-d25(7/7ORD19:28---PDX00:00)
376-d5(7/8PDX00:40---ORD04:44)
942-d0(7/8ORD11:00---SEA15:37)
568-d0(7/8SEA16:19---MSY20:53)
569-d0(7/8MSY21:53---SEA03:00)
2025-Jul-09 15:40:00
--------------------------------------------------------
N419AS[60]
2025-Jul-07 15:00:00
26-d0(7/7SEA15:22---JFK20:46)
19-d17(7/7JFK21:46---PDX04:03)
294-d0(7/8PDX16:00---EWR21:21)
293-d0(7/8EWR22:24---SFO04:49)
307-d81(7/9SFO05:49---BOS11:31)
2025-Jul-09 16:00:00
--------------------------------------------------------
N423AS[30]
446(7/7PHL10:45---SEA16:42)
2025-Jul-07 17:12:00
522001-d0(7/7SEA17:20---BNA21:44)
522-d0(7/7BNA22:44---SEA03:48)
344-d0(7/8SEA05:20---BWI10:21)
349-d0(7/8BWI11:51---SEA17:40)
1096-d0(7/8SEA18:41---SAN21:38)
1135-d0-c6(7/8SAN22:35---SEA01:25)
1054-d0(7/9SEA01:55---LAX04:42)
1301-d297(7/9LAX05:12---SEA07:57)
2025-Jul-09 15:30:00
--------------------------------------------------------
N431AS[55]
292(7/7SFO14:54---EWR20:29)
2025-Jul-07 21:24:00
462-d0(7/7EWR21:30---SEA03:44)
1278-d0(7/8SEA17:47---ONT20:26)
1242001-d0(7/8ONT21:22---SEA23:59)
1098-d0(7/9SEA00:59---SAN03:54)
1020-d0(7/9SAN04:50---MCO10:00)
2025-Jul-09 15:55:00
--------------------------------------------------------
N433AS[45]
2025-Jul-07 15:00:00
1410-d0(7/7SFO15:00---PDX16:45)
1420-d0(7/7PDX17:47---IAH22:07)
1421-d2(7/7IAH22:52---PDX03:17)
499-d0(7/8PDX13:05---SEA14:09)
682001-d0(7/8SEA15:06---DEN17:53)
682-d0(7/8DEN18:49---SEA21:48)
445-d0(7/8SEA23:08---RNO00:59)
523-d0(7/9RNO01:47---SEA03:42)
547-d0(7/9SEA04:40---CLE09:11)
2025-Jul-09 15:45:00
--------------------------------------------------------
N434AS[40]
408(7/7SEA13:00---ORD17:07)
2025-Jul-07 17:47:00
891-d121(7/7ORD20:21---SEA01:00)
941-d135(7/8SEA01:40---ORD05:45)
139-d0(7/8ORD14:30---ANC21:15)
56-d0(7/8ANC22:50---SEA02:20)
228-d0(7/9SEA03:25---ANC07:04)
2025-Jul-09 15:40:00
--------------------------------------------------------
N435AS[55]
920(7/7RDU11:36---SEA17:30)
2025-Jul-07 18:25:00
372-d4(7/8SEA01:00---AUS05:09)
1228-d0(7/8AUS14:45---SEA19:12)
1132-d0(7/8SEA20:35---SFO22:48)
591-d0(7/8SFO23:44---SEA01:54)
1004-d0(7/9SEA02:59---GEG04:09)
2025-Jul-09 15:55:00
--------------------------------------------------------
N440AS[30]
459(7/7BOS11:20---SEA17:38)
2025-Jul-07 18:08:00
733-d0(7/7SEA19:10---SLC21:16)
734-d66(7/7SLC22:45---SEA01:00)
424-d31(7/8SEA01:30---DFW05:30)
365-d0(7/8DFW14:00---SEA18:27)
1216-d0(7/8SEA19:01---SMF21:01)
1358-d0(7/8SMF21:56---SEA23:54)
1048001-d0(7/9SEA00:59---LAX03:50)
1215-d115(7/9LAX04:20---SEA07:12)
2025-Jul-09 15:30:00
--------------------------------------------------------
N442AS[55]
542(7/7SEA07:25---DFW11:20)
365(7/7DFW14:00---SEA18:27)
2025-Jul-07 19:22:00
1150001-d0-c10(7/7SEA20:04---BUR22:25)
1150-d6-c1(7/7BUR23:20---SEA01:59)
167-d4(7/8SEA02:54---FAI06:40)
168-d0(7/8FAI08:14---SEA12:00)
85-d0(7/8SEA14:00---ANC17:35)
134-d0(7/9ANC00:30---SEA04:00)
2025-Jul-09 15:55:00
--------------------------------------------------------
N448AS[45]
242(7/7MKE11:30---SEA15:53)
2025-Jul-07 16:38:00
442-d0(7/7SEA16:42---PHL21:47)
443-d0(7/7PHL22:52---SEA04:57)
340-d0(7/8SEA06:10---PIT10:43)
341-d0(7/8PIT12:03---SEA17:28)
2025-Jul-09 15:45:00
--------------------------------------------------------
N453AS[50]
42(7/7JNU09:55---SEA12:23)
2025-Jul-07 15:00:00
648-d0(7/7SEA15:00---TUS18:10)
641-d160(7/7TUS21:46---SEA01:00)
590-d187(7/8SEA02:49---SFO05:00)
922-d121(7/8SFO05:50---SEA08:03)
1290001-d0(7/8SEA15:00---BUR17:36)
1290-d0(7/8BUR18:30---SEA21:08)
1086-d0(7/8SEA22:25---ONT01:04)
1087-d0(7/9ONT01:58---SEA04:37)
185-d0(7/9SEA05:55---JNU08:25)
2025-Jul-09 15:50:00
--------------------------------------------------------
N457AS[45]
606(7/7SEA14:55---PHX17:52)
2025-Jul-07 18:37:00
603-d2(7/7PHX18:54---SEA22:00)
99-d2(7/7SEA23:00---ANC02:44)
70-d0(7/8ANC03:45---JNU05:27)
70001-d0(7/8JNU06:15---SIT06:59)
73001-d0(7/8SIT14:00---JNU14:44)
73-d0(7/8JNU15:34---ANC17:24)
108-d0(7/8ANC18:22---FAI19:27)
140-d0(7/8FAI20:17---SEA00:00)
424-d0(7/9SEA00:59---DFW04:59)
2025-Jul-09 15:45:00
--------------------------------------------------------
N459AS[50]
1063(7/7BUR14:20---PDX16:37)
2025-Jul-07 17:27:00
1161-d0(7/7PDX17:30---PHX20:16)
1238-d1(7/7PHX21:17---PDX00:00)
1062-d0(7/8PDX01:04---BUR03:23)
1041-d0(7/8BUR14:00---SEA16:37)
818-d0(7/8SEA17:58---BOS23:19)
355-d0(7/9BOS00:19---SFO06:59)
2025-Jul-09 15:50:00
--------------------------------------------------------
N462AS[30]
2025-Jul-07 15:00:00
142-d0(7/7JNU15:38---SEA18:06)
N462AS_SEA-03:34/06:34-d0(7/8SEA03:34---7/8 06:34)
427-d0(7/8SEA06:49---CVG11:07)
428-d0(7/8CVG12:40---SEA17:39)
658-d0(7/8SEA19:00---LAS21:44)
634-d0(7/8LAS22:39---SFO00:20)
2025-Jul-09 15:30:00
--------------------------------------------------------
N464AS[55]
453(7/7IAH11:00---SEA15:40)
2025-Jul-07 16:35:00
N464AS_SEA-15:40/18:40-d0(7/7SEA15:40---7/7 18:40)
549-d53-c17(7/7SEA22:00---DFW01:39)
550-d58-c7(7/8DFW02:34---SEA06:50)
464-d46(7/8SEA07:45---ATL12:35)
533-d0(7/8ATL13:30---SEA18:51)
697001-d0(7/8SEA19:52---MSO21:17)
697-d0(7/8MSO22:13---SEA23:51)
823-d0(7/9SEA01:25---HNL07:33)
828-d0(7/9HNL08:33---ANC14:40)
2025-Jul-09 15:55:00
--------------------------------------------------------
N467AS[40]
132(7/7EUG13:00---SEA14:15)
2025-Jul-07 15:00:00
305001-d0(7/7SEA15:25---MIA21:20)
305-d0(7/7MIA22:20---SEA05:07)
924-d0(7/8SEA05:48---RDM06:59)
943-d0(7/8RDM13:00---SEA14:14)
83-d0(7/8SEA16:00---ANC19:35)
162-d0(7/8ANC20:40---SEA00:13)
564-d0(7/9SEA01:05---MCI04:35)
2025-Jul-09 15:40:00
--------------------------------------------------------
N469AS[30]
1130(7/7GEG14:00---SAN16:47)
2025-Jul-07 17:17:00
1073-d0(7/7SAN17:50---PDX20:28)
946-d0(7/7PDX21:30---BOI22:48)
1019-d0(7/7BOI23:43---SEA01:20)
1168-d0(7/8SEA02:25---BUR04:59)
1063-d0(7/8BUR14:20---PDX16:37)
1161-d0(7/8PDX17:30---PHX20:16)
1238-d0(7/8PHX21:16---PDX23:59)
1122-d0(7/9PDX00:30---SAN03:03)
1067-d0(7/9SAN03:59---GEG06:44)
2025-Jul-09 15:30:00
--------------------------------------------------------
N471AS[60]
643(7/7DEN12:00---SEA15:01)
2025-Jul-07 16:01:00
502-d0(7/7SEA16:03---AUS20:11)
518-d243(7/8AUS01:14---SFO05:00)
1327-d191(7/8SFO06:00---SEA08:16)
298-d0(7/8SEA13:41---EWR19:00)
2025-Jul-09 16:00:00
--------------------------------------------------------
N472AS[50]
35(7/7JFK14:00---SAN19:52)
2025-Jul-07 20:42:00
432-d0(7/7SAN20:52---TPA01:50)
627-d0(7/8TPA11:00---SEA17:06)
904-d0(7/8SEA18:23---BZN20:06)
905-d0(7/8BZN21:00---SEA22:59)
1214-d0(7/9SEA00:04---SJC02:15)
2025-Jul-09 15:50:00
--------------------------------------------------------
N474AS[40]
942(7/7ORD11:00---SEA15:37)
2025-Jul-07 16:17:00
568-d0(7/7SEA16:42---MSY21:16)
569-d3(7/7MSY21:56---SEA03:03)
444-d0(7/8SEA04:15---PHL09:25)
446-d0(7/8PHL10:45---SEA16:42)
216001-d0(7/8SEA17:37---CLE22:01)
216-d0(7/8CLE22:55---SEA04:00)
2025-Jul-09 15:40:00
--------------------------------------------------------
N477AS[60]
963(7/7GEG14:00---SEA15:14)
2025-Jul-07 16:14:00
727-d0(7/7SEA17:11---ATL22:00)
783-d49(7/7ATL23:00---PDX04:24)
18-d0(7/8PDX14:20---JFK19:45)
31-d0(7/8JFK20:45---SEA03:10)
360-d0(7/9SEA05:58---TPA11:25)
2025-Jul-09 16:00:00
--------------------------------------------------------
N478AS[40]
2025-Jul-07 15:00:00
47-d0(7/7ANC15:15---SEA18:52)
494001-d0(7/7SEA19:33---SAT23:37)
494-d0(7/8SAT00:37---SEA04:53)
490-d0(7/8SEA06:16---MSY10:50)
451-d0(7/8MSY12:10---SEA17:16)
1112-d0(7/8SEA18:31---SFO20:47)
1225-d0(7/8SFO21:45---SEA23:54)
78-d0(7/9SEA00:55---ANC04:37)
2025-Jul-09 15:40:00
--------------------------------------------------------
N481AS[60]
18(7/7PDX14:20---JFK19:45)
2025-Jul-07 20:45:00
31-d0(7/7JFK20:45---SEA03:10)
22-d0(7/8SEA05:41---JFK11:02)
227-d0(7/8JFK15:30---SFO21:48)
571-d0(7/8SFO22:48---LAS00:31)
779-d0(7/9LAS01:31---PDX03:50)
2025-Jul-09 16:00:00
--------------------------------------------------------
N483AS[60]
54(7/7ANC09:29---SEA13:00)
2025-Jul-07 15:00:00
545-d0(7/8SEA04:45---IND09:00)
546-d0(7/8IND10:30---SEA15:19)
727-d0(7/8SEA16:22---ATL21:11)
783-d0(7/8ATL22:11---PDX03:35)
2025-Jul-09 16:00:00
--------------------------------------------------------
N486AS[50]
2025-Jul-07 15:00:00
1255-d0(7/7SMF15:13---SEA17:15)
1010-d0(7/7SEA18:39---GEG19:48)
1011-d15(7/7GEG20:38---SEA21:52)
348-d121(7/8SEA01:00---IAD06:00)
351-d0(7/8IAD10:30---SEA16:17)
412001-d0(7/8SEA18:06---PIT22:42)
412-d0(7/8PIT23:42---SEA05:07)
2025-Jul-09 15:50:00
--------------------------------------------------------
N487AS[55]
546(7/7IND10:30---SEA15:19)
2025-Jul-07 16:14:00
326-d0(7/7SEA16:24---TPA21:50)
326001-d0(7/7TPA22:55---SEA05:07)
452-d0(7/8SEA06:59---IAH11:20)
399-d0(7/8IAH14:00---SEA18:45)
291-d0(7/8SEA19:46---STL23:35)
291001-d0(7/9STL00:32---SEA05:00)
400-d0(7/9SEA06:18---BNA10:40)
2025-Jul-09 15:55:00
--------------------------------------------------------
N491AS[45]
316(7/7CMH11:00---SEA16:05)
2025-Jul-07 16:50:00
101-d0(7/7SEA17:12---KTN19:17)
102-d165(7/7KTN22:58---SEA01:00)
744-d166(7/8SEA01:45---PHX04:43)
731-d0(7/8PHX17:00---PAE20:03)
732-d0(7/8PAE21:00---PHX00:03)
662-d0(7/9PHX01:05---PDX03:48)
2025-Jul-09 15:45:00
--------------------------------------------------------
N492AS[60]
974(7/7SAN14:00---PDX16:35)
2025-Jul-07 17:35:00
300-d0(7/7PDX18:14---MCO23:51)
369-d39(7/8MCO00:51---SFO06:38)
249-d0(7/8SFO14:20---BOS20:01)
1319-d0(7/8BOS21:06---PDX03:24)
2025-Jul-09 16:00:00
--------------------------------------------------------
N493AS[55]
430(7/7SEA14:14---SLC16:16)
2025-Jul-07 17:11:00
796-d0(7/7SLC17:12---SEA19:28)
410-d228(7/8SEA01:00---ORD04:57)
409-d250(7/8ORD05:52---SEA10:34)
444-d0(7/9SEA04:15---PHL09:25)
2025-Jul-09 15:55:00
--------------------------------------------------------
N494AS[45]
2025-Jul-07 15:00:00
402-d0(7/7SEA15:47---CHS21:00)
485-d0(7/7CHS22:03---SEA04:00)
315-d0(7/8SEA04:45---CMH09:13)
316-d0(7/8CMH11:00---SEA16:05)
1133-d0(7/8SEA17:03---SMF19:03)
1281-d0(7/8SMF19:57---SEA21:54)
744-d0(7/8SEA22:59---PHX01:57)
141-d0(7/9PHX02:57---ANC08:48)
2025-Jul-09 15:45:00
--------------------------------------------------------
N495AS[60]
2025-Jul-07 15:00:00
233-d0(7/7SAN15:10---EWR20:43)
290-d10(7/7EWR21:53---PDX04:00)
1239-d0(7/8PDX14:00---PHX16:46)
637-d0(7/8PHX17:46---SEA20:53)
131-d0(7/8SEA21:58---ANC01:30)
827-d0(7/9ANC02:55---HNL08:59)
2025-Jul-09 16:00:00
--------------------------------------------------------
N506AS[45]
799(7/7PHX13:00---SEA16:04)
2025-Jul-07 16:49:00
149-d0(7/7SEA16:50---ANC20:26)
66-d0(7/7ANC21:26---CDV22:21)
66001-d0(7/7CDV23:13---YAK00:13)
66003-d0(7/8YAK01:05---JNU02:03)
66002-d0(7/8JNU02:55---SEA05:23)
536-d0(7/9SEA06:40---BOS12:00)
2025-Jul-09 15:45:00
--------------------------------------------------------
N508AS[50]
2025-Jul-07 15:00:00
890-d0(7/7SEA15:32---ORD19:42)
407-d0(7/7ORD20:32---SEA01:12)
939-d7(7/8SEA02:02---SAN04:54)
259-d0(7/8SAN05:45---BOS11:30)
260-d0(7/8BOS12:40---SAN18:50)
14-d0(7/8SAN19:42---DCA00:59)
2025-Jul-09 15:50:00
--------------------------------------------------------
N512AS[55]
2025-Jul-07 15:00:00
560-d0(7/7LAX15:54---KOA21:34)
868-d20(7/7KOA22:30---PDX04:00)
728-d15(7/8PDX04:55---LAS07:14)
701-d0(7/8LAS13:00---SEA15:45)
426-d0(7/8SEA16:50---DFW20:48)
646-d0(7/8DFW21:46---PDX01:47)
1158-d0(7/9PDX02:48---SNA05:18)
2025-Jul-09 15:55:00
--------------------------------------------------------
N513AS[55]
2025-Jul-07 15:00:00
405001-d0(7/7SEA15:11---OKC18:48)
405-d66(7/7OKC21:06---SEA01:00)
632-d56(7/8SEA01:55---PHX04:56)
511-d0(7/8PHX14:00---PDX16:43)
392-d0(7/8PDX18:28---DFW22:16)
317-d0(7/8DFW23:16---SEA03:35)
2025-Jul-09 15:55:00
--------------------------------------------------------
N514AS[50]
1293(7/7LAX13:00---SEA15:50)
2025-Jul-07 16:40:00
174-d0(7/7SEA16:57---FAI20:40)
103-d0(7/7FAI21:35---ANC22:40)
151001-d0(7/7ANC23:40---AKN00:49)
151-d0(7/8AKN01:59---ANC03:10)
272-d0(7/8ANC04:10---SEA07:45)
N514AS_SEA-07:45/12:45-d0(7/8SEA07:45---7/8 12:45)
1190-d0(7/8SEA16:00---SNA18:49)
740-d0(7/8SNA19:42---SFO21:10)
929-d0(7/8SFO22:05---PDX23:50)
1295-d0(7/9PDX00:55---SFO02:48)
2025-Jul-09 15:50:00
--------------------------------------------------------
N516AS[55]
1148(7/7SEA14:20---SNA17:15)
2025-Jul-07 18:10:00
1299-d0(7/7SNA18:10---PDX20:34)
1235-d0(7/7PDX21:34---DEN00:10)
1131-d0(7/8DEN01:06---PDX03:50)
1076-d0(7/8PDX14:00---LAX16:39)
2025-Jul-09 15:55:00
--------------------------------------------------------
N517AS[55]
2025-Jul-07 15:00:00
366001-d0(7/7SEA15:02---MKE18:54)
366-d44(7/7MKE20:34---SEA01:00)
839-d10(7/8SEA01:55---LIH08:04)
826-d5(7/8LIH08:59---SAN14:38)
320-d0(7/8SAN16:00---MCO21:13)
397-d0(7/8MCO22:13---SAN03:18)
259-d0(7/9SAN05:45---BOS11:30)
2025-Jul-09 15:55:00
--------------------------------------------------------
N518AS[60]
302(7/7ANC09:44---PDX13:20)
867(7/7PDX14:56---KOA20:50)
2025-Jul-07 21:50:00
894-d0(7/7KOA21:50---SAN03:16)
899-d0(7/8SAN16:19---KOA22:20)
561-d0(7/8KOA23:20---LAX04:51)
2025-Jul-09 16:00:00
--------------------------------------------------------
N519AS[40]
349(7/7BWI11:51---SEA17:40)
2025-Jul-07 18:20:00
1174-d0(7/7SEA18:47---SNA21:39)
1191-d17(7/7SNA22:19---SEA01:05)
801-d0(7/8SEA01:59---KOA08:04)
822-d0(7/8KOA18:00---SEA23:54)
1288-d0(7/9SEA02:41---SNA05:30)
2025-Jul-09 15:40:00
--------------------------------------------------------
N520AS[50]
645(7/7PHX14:05---SEA17:09)
2025-Jul-07 17:59:00
900-d0(7/7SEA19:35---RNO21:33)
601-d91(7/7RNO23:03---SEA01:00)
1163-d51(7/8SEA01:50---DEN04:38)
165-d0(7/8DEN15:20---ANC20:54)
2025-Jul-09 15:50:00
--------------------------------------------------------
N523AS[50]
15(7/7DCA12:59---SAN18:20)
2025-Jul-07 19:10:00
1137-d0(7/7SAN19:12---SEA22:10)
1042001-d43(7/8SEA00:00---SBP02:26)
1042-d41(7/8SBP03:16---SEA05:48)
939-d0(7/9SEA01:55---SAN04:47)
2025-Jul-09 15:50:00
--------------------------------------------------------
N525AS[40]
21(7/7JFK11:00---SEA17:13)
2025-Jul-07 17:53:00
1112-d0(7/7SEA18:31---SFO20:47)
1225-d0(7/7SFO21:45---SEA23:54)
1202-d0(7/8SEA00:35---SNA03:25)
774-d0(7/8SNA04:15---SEA07:05)
N525AS_SEA-07:05/10:05-d0(7/8SEA07:05---7/8 10:05)
1226-d0(7/8SEA14:00---SJC16:08)
1311001-d0(7/8SJC17:00---SEA19:13)
620001-d0(7/8SEA20:13---DEN22:54)
620-d0(7/8DEN23:50---SEA02:50)
133-d0(7/9SEA03:55---ANC07:34)
2025-Jul-09 15:40:00
--------------------------------------------------------
N526AS[50]
210(7/7FAI13:52---SEA17:40)
2025-Jul-07 18:30:00
154001-d0(7/7SEA18:53---RDM20:05)
154-d0(7/7RDM21:00---SEA22:20)
1138-d116(7/8SEA01:00---SBA03:36)
1139-d116(7/8SBA04:26---SEA07:03)
1118-d0(7/8SEA19:00---ONT21:46)
1119-d0(7/8ONT23:00---SEA01:40)
2025-Jul-09 15:50:00
--------------------------------------------------------
N527AS[50]
2025-Jul-07 15:00:00
1190-d0(7/7SEA16:00---SNA18:49)
740-d170(7/7SNA22:32---SFO00:00)
929-d165(7/8SFO00:50---PDX02:35)
1295-d150(7/8PDX03:25---SFO05:18)
292-d0(7/8SFO14:54---EWR20:29)
462-d0(7/8EWR21:30---SEA03:44)
344-d0(7/9SEA05:20---BWI10:21)
2025-Jul-09 15:50:00
--------------------------------------------------------
N529AS[60]
869(7/7SJC14:00---KOA19:30)
2025-Jul-07 20:30:00
808-d0(7/7KOA20:30---SEA02:22)
1050-d0(7/8SEA03:26---SFO05:40)
789-d0(7/8SFO14:00---KOA19:30)
808-d0(7/8KOA20:30---SEA02:22)
91-d0(7/9SEA04:15---SIT06:44)
2025-Jul-09 16:00:00
--------------------------------------------------------
N530AS[60]
2025-Jul-07 15:00:00
1169-d0(7/7SFO15:48---SEA17:58)
843-d0(7/7SEA19:05---KOA01:19)
880-d0(7/8KOA07:30---SEA13:19)
N530AS_SEA-13:19/16:19-d0(7/8SEA13:19---7/8 16:19)
875-d0(7/8SEA17:00---LIH23:15)
844-d0(7/9LIH00:15---SJC05:24)
2025-Jul-09 16:00:00
--------------------------------------------------------
N531AS[45]
2025-Jul-07 15:00:00
165-d0(7/7DEN15:43---ANC21:17)
183-d0(7/7ANC22:10---DLG23:25)
182-d0(7/8DLG00:20---ANC01:30)
177-d0(7/8ANC02:30---ADQ03:30)
196-d0(7/8ADQ15:00---ANC15:57)
160-d0(7/8ANC17:35---SEA21:09)
1257-d0(7/8SEA22:38---SNA01:26)
1203-d0(7/9SNA02:14---SEA05:07)
2025-Jul-09 15:45:00
--------------------------------------------------------
N532AS[60]
1109(7/7SEA13:00---SAN15:53)
2025-Jul-07 16:53:00
821-d0(7/8SAN00:16---LIH06:32)
810-d0(7/8LIH07:32---SEA13:16)
4-d0(7/8SEA15:34---DCA20:43)
9-d0(7/8DCA21:43---PDX03:31)
2025-Jul-09 16:00:00
--------------------------------------------------------
N535AS[50]
1151(7/7OAK14:00---SEA16:07)
2025-Jul-07 16:57:00
875-d0(7/7SEA17:00---LIH23:15)
791-d0(7/8LIH00:15---SFO05:29)
981-d0(7/8SFO13:00---SEA15:04)
418001-d0(7/8SEA16:13---MCI19:39)
418-d0(7/8MCI20:34---SEA00:32)
839-d0(7/9SEA01:45---LIH07:54)
826-d0(7/9LIH08:54---SAN14:33)
2025-Jul-09 15:50:00
--------------------------------------------------------
N536AS[45]
1(7/7DCA12:00---SEA17:56)
2025-Jul-07 18:41:00
1216-d0(7/7SEA19:01---SMF21:01)
1358-d66(7/7SMF23:02---SEA01:00)
1140-d105(7/8SEA02:44---SFO05:00)
1043-d0(7/8SFO14:00---SEA16:05)
149-d0(7/8SEA16:50---ANC20:26)
66-d0(7/8ANC21:26---CDV22:21)
66001-d0(7/8CDV23:13---YAK00:13)
66003-d0(7/9YAK01:05---JNU02:03)
66002-d0(7/9JNU02:55---SEA05:23)
2025-Jul-09 15:45:00
--------------------------------------------------------
N537AS[50]
1124(7/7LAX14:00---PDX16:23)
2025-Jul-07 17:13:00
863-d0(7/7PDX17:30---GEG18:41)
864-d0(7/7GEG19:36---PDX20:48)
1100-d5(7/7PDX22:00---SNA00:32)
1085-d5(7/8SNA01:22---PDX03:44)
1101-d0(7/8PDX14:00---LAS16:19)
629-d0(7/8LAS17:14---SEA19:58)
2-d0(7/8SEA20:58---DCA01:59)
2025-Jul-09 15:50:00
--------------------------------------------------------
N538AS[55]
2025-Jul-07 15:00:00
1071-d0(7/7SAN15:59---SEA19:02)
1018-d9(7/7SEA19:57---BOI21:30)
947-d39(7/7BOI22:39---PDX00:00)
353-d9(7/8PDX00:55---OGG06:48)
558-d4(7/8OGG07:43---PDX13:04)
10-d0(7/8PDX15:00---DCA20:02)
3-d0(7/8DCA21:02---SEA03:00)
2025-Jul-09 15:55:00
--------------------------------------------------------
N546AS[45]
2025-Jul-07 15:00:00
48-d3(7/7ANC18:27---SEA22:00)
92-d147(7/8SEA00:00---KTN02:08)
94-d138(7/8KTN02:53---SEA04:53)
498-d0(7/8SEA06:03---PDX06:59)
1298-d0(7/8PDX14:00---SNA16:31)
1277-d0(7/8SNA17:21---SEA20:06)
773-d0(7/8SEA21:10---SNA00:01)
1229-d0(7/9SNA00:49---SEA03:35)
2025-Jul-09 15:45:00
--------------------------------------------------------
N548AS[35]
2025-Jul-07 15:00:00
426-d0(7/7SEA16:50---DFW20:48)
646-d0(7/7DFW21:46---PDX01:47)
1158-d0(7/8PDX02:48---SNA05:18)
1325-d0(7/8SNA13:45---SEA16:42)
1256-d0(7/8SEA17:21---PSP20:15)
582-d0(7/8PSP21:10---SEA00:00)
1163-d0(7/9SEA00:59---DEN03:47)
2025-Jul-09 15:35:00
--------------------------------------------------------
N549AS[50]
2025-Jul-07 15:00:00
231-d0(7/7ANC15:10---ADQ16:11)
232-d0(7/7ADQ17:03---ANC18:01)
43-d0(7/7ANC19:28---BET20:50)
44-d29(7/7BET21:40---ANC23:03)
155-d21(7/7ANC23:53---OME01:30)
155001-d21(7/8OME02:20---ANC03:54)
47-d0(7/8ANC15:15---SEA18:52)
175-d0(7/8SEA19:55---ANC23:27)
177-d0(7/9ANC02:30---ADQ03:30)
2025-Jul-09 15:50:00
--------------------------------------------------------
N551AS[55]
2025-Jul-07 15:00:00
229001-d0-c10(7/7SEA21:02---MSP00:10)
229-d16(7/8MSP01:05---SEA05:01)
1292-d109(7/8SEA05:56---LAX08:48)
504-d0(7/8LAX14:00---SEA16:47)
429001-d0(7/8SEA17:52---ORD21:59)
337001-d0(7/8ORD22:55---SEA03:35)
2025-Jul-09 15:55:00
--------------------------------------------------------
N552AS[30]
981(7/7SFO13:00---SEA15:04)
2025-Jul-07 15:34:00
418001-d0(7/7SEA16:13---MCI19:39)
418-d28(7/7MCI21:02---SEA01:00)
1104-d0(7/8SEA01:50---SNA04:39)
1149-d0(7/8SNA15:02---SEA17:56)
1174-d4(7/8SEA18:26---SNA21:18)
1191-d0(7/8SNA22:02---SEA00:48)
1104-d0(7/9SEA01:50---SNA04:39)
2025-Jul-09 15:30:00
--------------------------------------------------------
N553AS[45]
1298(7/7PDX14:00---SNA16:31)
2025-Jul-07 17:16:00
1277-d0(7/7SNA17:58---SEA20:43)
773-d110-c8(7/7SEA23:00---SNA01:43)
1229-d99(7/8SNA02:28---SEA05:14)
119-d0(7/8SEA05:59---ANC09:39)
593-d0(7/8ANC13:05---PDX16:42)
775-d0(7/8PDX17:42---ANC21:26)
181-d0(7/8ANC23:06---DLG00:21)
182001-d0(7/9DLG01:15---ANC02:22)
268-d0(7/9ANC03:25---SEA07:06)
2025-Jul-09 15:45:00
--------------------------------------------------------
N556AS[45]
1181(7/7SNA14:00---PDX16:30)
2025-Jul-07 17:15:00
1084-d0(7/7PDX17:30---SNA20:03)
1159-d45(7/7SNA21:36---PDX00:00)
278-d5(7/8PDX00:45---LAX03:20)
1055-d0(7/8LAX04:15---SEA07:06)
1254-d0(7/8SEA15:27---ONT18:05)
1111-d0(7/8ONT19:00---SEA21:38)
1030-d0(7/8SEA22:48---BZN00:31)
1031-d0(7/9BZN01:25---SEA03:35)
1230-d0(7/9SEA04:45---SMF06:45)
2025-Jul-09 15:45:00
--------------------------------------------------------
N557AS[60]
701(7/7LAS13:00---SEA15:45)
2025-Jul-07 16:45:00
49-d0(7/7SEA17:55---ANC21:35)
302-d0(7/8ANC09:44---PDX13:20)
867-d0(7/8PDX14:56---KOA20:50)
894-d0(7/8KOA21:50---SAN03:16)
2025-Jul-09 16:00:00
--------------------------------------------------------
N560AS[60]
2025-Jul-07 15:00:00
10-d0(7/7PDX16:15---DCA21:17)
3-d75(7/7DCA22:17---SEA04:15)
1109-d0(7/8SEA13:00---SAN15:53)
821-d0(7/9SAN00:16---LIH06:32)
810-d0(7/9LIH07:32---SEA13:16)
2025-Jul-09 16:00:00
--------------------------------------------------------
N562AS[50]
2025-Jul-07 15:00:00
822-d66(7/7KOA19:06---SEA01:00)
386-d13(7/8SEA01:50---MSP05:12)
387-d0(7/8MSP11:40---SEA15:44)
174-d0(7/8SEA16:57---FAI20:40)
103-d0(7/8FAI21:35---ANC22:40)
45-d0(7/9ANC01:49---BET03:09)
46-d0(7/9BET03:59---ANC05:18)
59-d0(7/9ANC06:35---MSP12:00)
2025-Jul-09 15:50:00
--------------------------------------------------------
N564AS[45]
1325(7/7SNA13:45---SEA16:42)
2025-Jul-07 17:27:00
908-d0(7/7SEA18:30---PSC19:39)
909-d0(7/7PSC20:30---SEA21:38)
67002-d27-c8(7/7SEA23:00---KTN00:59)
67001-d19-c2(7/8KTN01:44---SIT02:37)
67003-d14(7/8SIT03:22---JNU04:06)
67-d11(7/8JNU04:51---ANC06:39)
110-d0(7/8ANC08:55---SEA12:26)
1082-d0(7/8SEA14:00---SFO16:11)
739-d0(7/8SFO18:00---SNA19:40)
1061-d0(7/8SNA20:30---SEA23:15)
1321-d0(7/9SEA00:08---STS02:09)
1321001-d0(7/9STS03:01---SEA05:07)
144-d0(7/9SEA06:59---ANC10:39)
2025-Jul-09 15:45:00
--------------------------------------------------------
N565AS[45]
173(7/7SEA13:00---ANC16:40)
2025-Jul-07 17:25:00
160-d0-c9(7/7ANC17:35---SEA20:59)
1257-d142(7/8SEA01:00---SNA03:48)
1203-d139(7/8SNA04:33---SEA07:26)
572001-d0(7/8SEA15:55---RDU21:01)
572-d0(7/8RDU22:01---SEA03:56)
2025-Jul-09 15:45:00
--------------------------------------------------------
N568AS[60]
2025-Jul-07 15:00:00
899-d0(7/7SAN16:42---KOA22:43)
561-d23(7/7KOA23:43---LAX05:14)
1147-d0(7/8LAX22:10---SEA00:54)
2025-Jul-09 16:00:00
--------------------------------------------------------
N569AS[40]
790(7/7SFO14:00---LIH19:47)
2025-Jul-07 20:27:00
840-d0(7/7LIH20:47---SEA02:32)
228-d0(7/8SEA03:25---ANC07:04)
148-d0(7/8ANC08:29---SEA12:00)
1148-d0(7/8SEA14:20---SNA17:15)
1299-d0(7/8SNA18:10---PDX20:34)
1235-d0(7/8PDX21:34---DEN00:10)
1131-d0(7/9DEN01:06---PDX03:50)
1162-d0(7/9PDX04:30---SAN07:05)
2025-Jul-09 15:40:00
--------------------------------------------------------
N570AS[60]
2025-Jul-07 15:00:00
807-d0(7/7SEA17:31---KOA23:40)
856-d0(7/8KOA00:40---SJC05:45)
859-d0(7/8SJC14:00---LIH19:44)
840-d0(7/8LIH20:47---SEA02:32)
1264-d0(7/9SEA04:03---SAN06:59)
2025-Jul-09 16:00:00
--------------------------------------------------------
N577AS[50]
260(7/7BOS12:40---SAN18:50)
2025-Jul-07 19:40:00
14-d0(7/7SAN19:42---DCA00:59)
15-d0(7/8DCA12:59---SAN18:20)
1137-d0(7/8SAN19:12---SEA22:10)
1042001-d0(7/8SEA23:17---SBP01:43)
1042-d0(7/9SBP02:35---SEA05:07)
2025-Jul-09 15:50:00
--------------------------------------------------------
N579AS[50]
1316(7/7SEA13:00---LAX15:50)
2025-Jul-07 16:40:00
193-d0(7/8LAX02:45---ANC08:08)
62-d0(7/8ANC14:45---JNU16:28)
62001-d0(7/8JNU17:20---SIT18:05)
62003-d0(7/8SIT18:57---KTN19:58)
62002-d0(7/8KTN20:48---SEA22:47)
N579AS_SEA-22:47/01:47-d0(7/8SEA22:47---7/9 01:47)
801-d0(7/9SEA01:59---KOA08:04)
2025-Jul-09 15:50:00
--------------------------------------------------------
N581AS[50]
526(7/7PDX14:04---SFO15:53)
2025-Jul-07 16:43:00
8-d0(7/7SFO16:45---DCA21:58)
7-d7(7/7DCA23:05---SFO05:00)
2025-Jul-09 15:50:00
--------------------------------------------------------
N586AS[50]
62(7/7ANC14:45---JNU16:28)
2025-Jul-07 17:18:00
62001-d0(7/7JNU17:37---SIT18:22)
62003-d0(7/7SIT19:19---KTN20:20)
62002-d133(7/7KTN23:01---SEA01:00)
382-d67(7/8SEA01:50---BNA06:06)
281-d0(7/8BNA14:00---SEA19:03)
357001-d0(7/8SEA20:35---MCI00:01)
357-d0(7/9MCI00:56---SEA04:56)
498-d0(7/9SEA06:03---PDX06:59)
2025-Jul-09 15:50:00
--------------------------------------------------------
N587AS[45]
2025-Jul-07 15:00:00
1149-d0(7/7SNA15:02---SEA17:56)
1118-d0(7/7SEA19:00---ONT21:46)
1119-d0(7/7ONT23:00---SEA01:40)
1288-d0(7/8SEA02:41---SNA05:30)
1181-d0(7/8SNA14:00---PDX16:30)
1084-d0(7/8PDX17:30---SNA20:03)
1159-d0(7/8SNA20:51---PDX23:15)
1176-d0(7/9PDX00:30---PHX03:20)
2025-Jul-09 15:45:00
--------------------------------------------------------
N589AS[60]
2025-Jul-07 15:00:00
1289-d0(7/8LAX03:10---SEA06:06)
542-d0(7/8SEA07:25---DFW11:20)
303-d0(7/8DFW12:25---PDX16:28)
128-d0(7/8PDX17:30---SFO19:24)
20-d0(7/8SFO20:24---JFK02:08)
2025-Jul-09 16:00:00
--------------------------------------------------------
N590AS[55]
5(7/7DCA13:59---LAX19:33)
2025-Jul-07 20:28:00
6-d0(7/7LAX20:31---DCA01:42)
5-d0(7/8DCA13:59---LAX19:33)
6-d0(7/8LAX20:31---DCA01:42)
2025-Jul-09 15:55:00
--------------------------------------------------------
N592AS[45]
2025-Jul-07 15:00:00
196-d0(7/7ADQ15:00---ANC15:57)
137-d0(7/7ANC16:55---OTZ18:32)
137001-d0(7/7OTZ19:24---ANC20:54)
89-d0(7/7ANC21:54---ADQ22:57)
88-d0(7/7ADQ23:49---ANC00:49)
45-d0(7/8ANC01:49---BET03:09)
46-d0(7/8BET03:59---ANC05:18)
164-d0(7/8ANC07:18---DEN12:35)
745-d0(7/8DEN14:00---SEA17:00)
908-d0(7/8SEA18:30---PSC19:39)
909-d0(7/8PSC20:30---SEA21:38)
67002-d0(7/8SEA22:33---KTN00:40)
67001-d0(7/9KTN01:25---SIT02:20)
67003-d0(7/9SIT03:08---JNU03:52)
67-d0(7/9JNU04:40---ANC06:28)
109-d0(7/9ANC07:26---ORD13:40)
2025-Jul-09 15:45:00
--------------------------------------------------------
N593AS[50]
393(7/7LAS14:00---PAE16:40)
2025-Jul-07 17:30:00
385-d0(7/7PAE17:40---PHX20:43)
396-d0(7/7PHX21:43---PAE00:44)
391-d0(7/8PAE01:44---LAS04:17)
1089-d0(7/8LAS14:05---PDX16:24)
863-d0(7/8PDX17:30---GEG18:41)
864-d0(7/8GEG19:36---PDX20:48)
1100-d0(7/8PDX21:55---SNA00:27)
1085-d0(7/9SNA01:17---PDX03:39)
728-d0(7/9PDX04:40---LAS06:59)
2025-Jul-09 15:50:00
--------------------------------------------------------
N594AS[55]
1136001(7/7PDX14:00---DEN16:37)
2025-Jul-07 17:32:00
1136-d0(7/7DEN17:33---PDX20:20)
778-d0(7/7PDX21:30---LAS23:49)
599-d0(7/8LAS00:45---SEA03:30)
1152-d0(7/9SEA04:44---OAK07:01)
2025-Jul-09 15:55:00
--------------------------------------------------------
N596AS[45]
966(7/7GEG13:00---SEA14:15)
2025-Jul-07 15:00:00
N596AS_SEA-15:00/03:00-d0(7/7SEA15:00---7/8 03:00)
1321-d172(7/8SEA03:00---STS05:01)
1321001-d165(7/8STS05:46---SEA07:52)
366001-d0(7/8SEA15:02---MKE18:54)
366-d0(7/8MKE19:50---SEA00:16)
2025-Jul-09 15:45:00
--------------------------------------------------------
N597AS[55]
2025-Jul-07 15:00:00
320-d0(7/7SAN16:00---MCO21:13)
397-d0(7/7MCO22:13---SAN03:18)
1071-d0(7/8SAN15:15---SEA18:18)
1018-d0(7/8SEA19:31---BOI21:04)
947-d0(7/8BOI22:00---PDX23:21)
353-d0(7/9PDX00:46---OGG06:39)
2025-Jul-09 15:55:00
--------------------------------------------------------
N607AS[40]
186(7/7JNU13:00---SEA15:28)
2025-Jul-07 16:08:00
1051-d0(7/7SEA16:50---BUR19:26)
1038-d61(7/7BUR21:21---SEA00:00)
1146-d61(7/8SEA01:00---SAN03:50)
1110-d45(7/8SAN04:30---SEA07:36)
65003-d0(7/8SEA14:00---KTN16:04)
65001-d0(7/8KTN16:49---WRG17:28)
65004-d0(7/8WRG18:13---PSG18:44)
65002-d0(7/8PSG19:29---JNU20:19)
65-d0(7/8JNU21:07---ANC22:53)
86-d0(7/8ANC23:45---SCC01:31)
87-d0(7/9SCC02:15---ANC04:00)
2025-Jul-09 15:40:00
--------------------------------------------------------
N609AS[40]
931(7/7RNO14:00---SEA15:56)
2025-Jul-07 16:36:00
72-d0(7/7SEA17:20---JNU19:51)
74-d75(7/7JNU21:37---SEA00:00)
720-d74(7/8SEA01:00---FAT03:12)
721-d72(7/8FAT03:52---SEA06:19)
606-d0(7/8SEA14:55---PHX17:52)
603-d0(7/8PHX18:52---SEA21:58)
99-d0(7/8SEA22:58---ANC02:42)
70-d0(7/9ANC03:45---JNU05:27)
70001-d0(7/9JNU06:15---SIT06:59)
2025-Jul-09 15:40:00
--------------------------------------------------------
N611AS[40]
55(7/7ANC13:45---SCC15:30)
2025-Jul-07 16:10:00
55001-d0(7/7SCC16:14---ANC17:58)
64-d0(7/7ANC18:50---JNU20:33)
64001-d0(7/7JNU21:21---PSG22:07)
64003-d0(7/7PSG22:52---WRG23:25)
64004-d0(7/8WRG00:10---KTN00:55)
64002-d0(7/8KTN01:40---SEA03:35)
736-d0(7/8SEA04:40---RNO06:35)
931-d0(7/8RNO14:00---SEA15:56)
72-d0(7/8SEA16:55---JNU19:26)
74-d0(7/8JNU20:22---SEA22:45)
720-d0(7/8SEA23:46---FAT01:58)
721-d0(7/9FAT02:40---SEA05:07)
2025-Jul-09 15:40:00
--------------------------------------------------------
N612AS[50]
2025-Jul-07 15:00:00
198-d0(7/7ANC17:05---PDX20:44)
1204-d11(7/7PDX22:00---SAN00:33)
1294-d10(7/8SAN01:28---PDX04:00)
197-d0(7/8PDX04:50---ANC08:34)
231-d0(7/8ANC15:10---ADQ16:11)
232-d0(7/8ADQ17:03---ANC18:01)
43-d0(7/8ANC18:59---BET20:21)
44-d0(7/8BET21:11---ANC22:34)
155-d0(7/8ANC23:32---OME01:09)
155001-d0(7/9OME01:59---ANC03:33)
2025-Jul-09 15:50:00
--------------------------------------------------------
N613AS[40]
148(7/7ANC08:29---SEA12:00)
65003(7/7SEA14:00---KTN16:04)
2025-Jul-07 16:44:00
65001-d0(7/7KTN16:49---WRG17:28)
65004-d0(7/7WRG18:13---PSG18:44)
65002-d0(7/7PSG19:29---JNU20:19)
65-d0(7/7JNU21:07---ANC22:53)
86-d0(7/7ANC23:45---SCC01:31)
87-d0(7/8SCC02:15---ANC04:00)
55-d0(7/8ANC13:45---SCC15:30)
55001-d0(7/8SCC16:14---ANC17:58)
64-d0(7/8ANC18:50---JNU20:33)
64001-d0(7/8JNU21:21---PSG22:07)
64003-d0(7/8PSG22:52---WRG23:25)
64004-d0(7/9WRG00:10---KTN00:55)
64002-d0(7/9KTN01:40---SEA03:35)
736-d0(7/9SEA04:40---RNO06:35)
2025-Jul-09 15:40:00
--------------------------------------------------------
N615AS[45]
2025-Jul-07 15:00:00
60-d0(7/7JNU15:14---KTN16:15)
60001-d0(7/7KTN17:32---SEA19:35)
95-d0(7/7SEA20:40---JNU23:12)
157-d0(7/8JNU00:02---GST00:41)
77-d0(7/8GST01:35---JNU02:14)
60-d0(7/8JNU15:14---KTN16:15)
60001-d0(7/8KTN17:00---SEA19:03)
95-d0(7/8SEA20:40---JNU23:12)
157-d0(7/9JNU00:02---GST00:41)
77-d0(7/9GST01:35---JNU02:14)
2025-Jul-09 15:45:00
--------------------------------------------------------
N618AS[50]
593(7/7ANC13:05---PDX16:42)
2025-Jul-07 17:32:00
775-d0(7/7PDX17:42---ANC21:26)
201-d0(7/7ANC23:15---JNU00:58)
84-d0(7/8JNU01:55---ANC03:43)
82-d0(7/8ANC14:00---SEA17:31)
1328-d0(7/8SEA18:31---OAK20:44)
1247-d0(7/8OAK21:38---SEA23:38)
97-d0(7/9SEA00:40---FAI04:25)
192-d0(7/9FAI05:25---ANC06:32)
2025-Jul-09 15:50:00
--------------------------------------------------------
N619AS[40]
61002(7/7SEA14:00---JNU16:29)
2025-Jul-07 17:09:00
61001-d0(7/7JNU17:19---YAK18:18)
61003-d0(7/7YAK19:08---CDV20:09)
61-d0(7/7CDV20:59---ANC22:00)
89-d0(7/8ANC21:54---ADQ22:57)
88-d0-c2(7/8ADQ23:49---ANC00:47)
151001-d107(7/9ANC01:27---AKN02:36)
151-d77(7/9AKN03:16---ANC04:27)
2025-Jul-09 15:40:00
--------------------------------------------------------
N622AS[45]
73001(7/7SIT14:00---JNU14:44)
2025-Jul-07 15:29:00
73-d0(7/7JNU15:34---ANC17:24)
108-d0(7/7ANC18:22---FAI19:27)
140-d60(7/7FAI21:17---SEA01:00)
69001-d10(7/8SEA01:45---KTN03:54)
69-d10(7/8KTN04:39---JNU05:40)
186-d0(7/8JNU13:00---SEA15:28)
1051-d0(7/8SEA16:50---BUR19:26)
1038-d0(7/8BUR20:20---SEA22:59)
1146-d0(7/8SEA23:59---SAN02:49)
1110-d0(7/9SAN03:45---SEA06:51)
2025-Jul-09 15:45:00
--------------------------------------------------------
N703AL[40]
2025-Jul-07 15:00:00
862-d82(7/7OGG19:22---SEA01:00)
398-d60(7/8SEA01:40---IAH05:59)
453-d0(7/8IAH11:00---SEA15:40)
326-d0(7/8SEA16:24---TPA21:50)
326001-d0(7/8TPA22:55---SEA05:07)
2025-Jul-09 15:40:00
--------------------------------------------------------
N705AL[50]
618(7/7ABQ14:00---SEA17:15)
2025-Jul-07 18:05:00
1328-d0(7/7SEA18:48---OAK21:01)
1247-d22(7/7OAK22:00---SEA00:00)
97-d20(7/8SEA01:00---FAI04:45)
192-d10(7/8FAI05:35---ANC06:42)
150-d0(7/8ANC08:34---LAX13:55)
2025-Jul-09 15:50:00
--------------------------------------------------------
N706AL[55]
2025-Jul-07 15:00:00
825-d0(7/7SEA16:03---OGG22:14)
860-d49(7/7OGG23:09---SEA04:49)
388-d0(7/8SEA15:32---STL19:26)
388001-d0(7/8STL20:24---SEA00:50)
1318001-d0(7/9SEA01:59---SFO04:12)
374-d0(7/9SFO05:19---EWR10:54)
2025-Jul-09 15:55:00
--------------------------------------------------------
N707AL[55]
2025-Jul-07 15:00:00
555001-d0(7/7SEA15:33---MSP18:57)
555-d0-c10(7/7MSP20:28---SEA00:08)
225-d48(7/8SEA01:03---ANC04:42)
138-d29(7/8ANC05:37---ORD11:53)
683-d0(7/8ORD13:00---SEA17:39)
1114-d0(7/8SEA19:09---SJC21:29)
1175-d0(7/8SJC22:24---SEA00:34)
314-d0(7/9SEA04:40---EWR09:59)
2025-Jul-09 15:55:00
--------------------------------------------------------
N708AL[60]
373(7/7EWR13:00---SFO19:13)
2025-Jul-07 20:13:00
20-d0(7/7SFO21:59---JFK03:43)
23-d0(7/8JFK17:00---SEA23:08)
225-d0(7/9SEA00:15---ANC03:54)
138-d0(7/9ANC05:08---ORD11:24)
2025-Jul-09 16:00:00
--------------------------------------------------------
N709AL[55]
2025-Jul-07 15:00:00
306-d0(7/7SEA15:21---BOS20:45)
389-d0(7/7BOS21:45---SAN04:00)
36-d0(7/8SAN04:56---JFK10:29)
35-d0(7/8JFK14:00---SAN19:52)
432-d0(7/8SAN20:52---TPA01:50)
2025-Jul-09 15:55:00
--------------------------------------------------------
N710AL[50]
341(7/7PIT12:03---SEA17:28)
2025-Jul-07 18:18:00
1017-d0(7/7SEA18:20---PDX19:23)
1016-d0(7/7PDX20:25---SEA21:25)
509-d45-c8(7/7SEA23:00---SLC00:55)
510-d33(7/8SLC01:45---SEA04:03)
1230-d8(7/8SEA04:53---SMF06:53)
1255-d0(7/8SMF15:13---SEA17:15)
71-d0(7/8SEA18:43---JNU21:19)
176-d0(7/8JNU22:15---SEA00:42)
386-d0(7/9SEA01:37---MSP04:59)
2025-Jul-09 15:50:00
--------------------------------------------------------
N712AL[50]
563(7/7MCI11:45---SEA15:47)
2025-Jul-07 16:37:00
1080-d0(7/7SEA16:55---SJC19:10)
1081-d0(7/7SJC20:04---SEA22:12)
1092-d102(7/8SEA01:00---LAX03:47)
803-d1(7/8LAX04:37---PDX07:00)
1143-d0(7/8PDX17:30---LAX20:00)
1315-d0(7/8LAX21:05---PDX23:25)
278-d0(7/9PDX00:40---LAX03:15)
2025-Jul-09 15:50:00
--------------------------------------------------------
N713AL[60]
249(7/7SFO14:20---BOS20:01)
2025-Jul-07 21:01:00
1319-d0(7/7BOS21:06---PDX03:24)
1291-d0(7/8PDX04:30---LAX06:59)
284-d0(7/8LAX14:00---EWR19:34)
297-d0(7/8EWR20:34---SAN02:26)
729-d0(7/9SAN03:37---PDX06:14)
2025-Jul-09 16:00:00
--------------------------------------------------------
N716AL[55]
368(7/7SFO14:00---MCO19:34)
2025-Jul-07 20:29:00
419-d0(7/7MCO20:39---SEA02:50)
644-d0(7/8SEA03:55---PHX06:54)
799-d0(7/8PHX13:00---SEA16:04)
450001-d0(7/8SEA17:10---CMH21:32)
450-d0(7/8CMH22:28---SEA03:35)
394-d0(7/9SEA06:05---MCO11:40)
2025-Jul-09 15:55:00
--------------------------------------------------------
N719AL[60]
458(7/7IAD12:10---SFO17:55)
2025-Jul-07 18:55:00
598-d0(7/7SFO19:54---ORD00:17)
597-d59(7/8ORD01:17---SFO06:05)
1169-d0(7/8SFO15:20---SEA17:30)
722-d0(7/8SEA18:44---PHX21:47)
975-d0-c14(7/8PHX22:47---SEA01:38)
805-d73-c24(7/9SEA02:38---OGG08:23)
814-d49(7/9OGG09:23---SEA15:00)
2025-Jul-09 16:00:00
--------------------------------------------------------
N720AL[60]
917(7/7MCO14:00---SEA20:10)
2025-Jul-07 21:10:00
1300-d230(7/8SEA01:00---LAX03:48)
1397-d221(7/8LAX04:48---PDX07:11)
831-d0(7/8PDX14:00---OGG19:55)
898-d0(7/8OGG20:55---PDX02:19)
436-d0(7/9PDX04:37---BOS10:00)
2025-Jul-09 16:00:00
--------------------------------------------------------
N722AL[30]
2025-Jul-07 15:00:00
508001-d0(7/7SEA17:12---CVG21:37)
508-d0(7/7CVG22:37---SEA03:35)
133-d10(7/8SEA04:05---ANC07:44)
57-d0(7/8ANC16:00---FAI17:05)
234-d0(7/8FAI18:05---SEA21:43)
2025-Jul-09 15:30:00
--------------------------------------------------------
N723AL[60]
1021(7/7MCO11:00---SAN16:04)
2025-Jul-07 17:04:00
829-d0(7/7SAN17:29---OGG23:34)
806-d0(7/8OGG00:34---SAN05:55)
233-d0(7/8SAN15:10---EWR20:43)
290-d0(7/8EWR21:43---PDX03:50)
1057-d0(7/9PDX05:52---DFW09:40)
2025-Jul-09 16:00:00
--------------------------------------------------------
N724AL[30]
377(7/7ATL10:30---SEA15:57)
2025-Jul-07 16:27:00
406001-d0(7/7SEA16:43---IAD21:41)
406-d0(7/7IAD22:13---SEA04:00)
394-d0(7/8SEA06:05---MCO11:40)
917-d0(7/8MCO14:00---SEA20:10)
410-d0(7/8SEA20:45---ORD00:42)
409-d0(7/9ORD01:42---SEA06:24)
1227-d0(7/9SEA06:59---AUS11:07)
2025-Jul-09 15:30:00
--------------------------------------------------------
N725AL[55]
2025-Jul-07 15:00:00
718-d0(7/7SFO15:50---LAS17:32)
1467-d0(7/7LAS18:27---PDX20:48)
1287-d10(7/7PDX22:00---BUR00:19)
1107-d10(7/8BUR01:14---PDX03:31)
526-d0(7/8PDX14:04---SFO15:53)
2025-Jul-09 15:55:00
--------------------------------------------------------
N729AL[55]
428(7/7CVG12:40---SEA17:39)
2025-Jul-07 18:34:00
1096-d0(7/7SEA19:01---SAN21:58)
1135-d18(7/7SAN22:53---SEA01:49)
1224-d0(7/8SEA02:55---LAX05:46)
2025-Jul-09 15:55:00
--------------------------------------------------------
N731AL[45]
111(7/7ORD05:59---ANC12:37)
82(7/7ANC14:00---SEA17:31)
2025-Jul-07 18:16:00
934001-d0(7/7SEA19:08---EUG20:24)
934-d31(7/7EUG21:42---SEA23:00)
1052001-d132(7/8SEA01:00---BUR03:36)
1052-d123(7/8BUR04:21---SEA07:10)
173-d0(7/8SEA13:00---ANC16:40)
104001-d0(7/8ANC18:15---SEA21:49)
420-d0(7/8SEA22:53---MCO04:33)
2025-Jul-09 15:45:00
--------------------------------------------------------
N732AL[60]
2025-Jul-07 15:00:00
270-d0(7/7ONT16:00---HNL21:55)
271-d0(7/7HNL22:55---ONT04:27)
1091-d0(7/8ONT13:00---SEA15:42)
887-d0(7/8SEA17:22---HNL23:33)
896-d0(7/9HNL00:33---SEA06:31)
2025-Jul-09 16:00:00
--------------------------------------------------------
N733AL[30]
308(7/7BOS11:30---SFO18:07)
2025-Jul-07 18:37:00
835-d0(7/7SFO19:03---PDX20:50)
1160-d10(7/7PDX22:00---LAX00:25)
1093-d0(7/8LAX01:15---SEA04:00)
636-d12(7/8SEA04:30---LAS07:13)
479-d0(7/8LAS15:00---SEA17:40)
817-d0(7/8SEA18:55---OGG01:10)
558-d0(7/9OGG07:39---PDX13:00)
2025-Jul-09 15:30:00
--------------------------------------------------------
N734AL[60]
548(7/7CLE11:00---SEA16:09)
2025-Jul-07 17:09:00
477-d0(7/7SEA17:41---EWR23:00)
287-d31(7/8EWR00:00---LAX06:06)
214-d0(7/8LAX15:20---IAD20:25)
507-d0(7/8IAD21:25---SAN02:52)
36-d0(7/9SAN04:56---JFK10:29)
2025-Jul-09 16:00:00
--------------------------------------------------------
N738AL[45]
1043(7/7SFO14:00---SEA16:05)
2025-Jul-07 16:50:00
1007-d0(7/7SEA17:12---PHX20:13)
1006-d60(7/7PHX21:55---SEA01:00)
805-d20(7/8SEA01:45---OGG07:54)
814-d5(7/8OGG08:39---SEA14:16)
305001-d0(7/8SEA15:25---MIA21:20)
305-d0(7/8MIA22:20---SEA05:07)
2025-Jul-09 15:45:00
--------------------------------------------------------
N801AK[50]
2025-Jul-07 15:00:00
622-d0(7/8ANC04:20---JFK11:33)
623-d0(7/8JFK13:45---ANC21:26)
226-d0(7/8ANC22:20---SEA01:50)
136-d0(7/9SEA02:55---ANC06:38)
2025-Jul-09 15:50:00
--------------------------------------------------------
N803AK[50]
623(7/7JFK13:45---ANC21:26)
2025-Jul-07 22:16:00
51-d0(7/7ANC22:26---BRW00:25)
50-d0(7/8BRW01:15---ANC03:05)
137-d0(7/8ANC16:55---OTZ18:32)
137001-d0(7/8OTZ19:24---ANC20:54)
51-d0(7/8ANC22:26---BRW00:25)
50-d0(7/9BRW01:15---ANC03:05)
622-d0(7/9ANC04:20---JFK11:33)
2025-Jul-09 15:50:00
--------------------------------------------------------
N804AK[50]
2025-Jul-07 15:00:00
4-d0-c7(7/7SEA16:00---DCA21:02)
9-d9(7/7DCA21:52---PDX03:40)
1162-d0(7/8PDX04:30---SAN07:05)
1154-d0(7/8SAN14:15---SEA17:22)
154001-d0(7/8SEA18:32---RDM19:44)
154-d0(7/8RDM20:38---SEA21:58)
1138-d0(7/8SEA23:04---SBA01:40)
1139-d0(7/9SBA02:30---SEA05:07)
2025-Jul-09 15:50:00
--------------------------------------------------------
N805AK[60]
2025-Jul-07 15:00:00
1179-d0(7/7LAX15:00---SEA17:53)
1144-d0(7/7SEA19:33---LAX22:27)
1179-d0(7/8LAX15:00---SEA17:53)
1144-d0(7/8SEA19:00---LAX21:54)
1167-d0(7/8LAX23:05---PDX01:26)
579-d0(7/9PDX02:35---LAX05:05)
2025-Jul-09 16:00:00
--------------------------------------------------------
N806AK[55]
511(7/7PHX14:00---PDX16:43)
2025-Jul-07 17:38:00
757-d0(7/7PDX17:50---LAS20:09)
676-d70(7/7LAS22:14---SEA01:00)
1048-d46(7/8SEA01:55---LAX04:46)
578-d0(7/8LAX16:05---PDX18:31)
330-d0(7/8PDX19:31---LAX21:59)
2025-Jul-09 15:55:00
--------------------------------------------------------
N809AK[60]
491(7/7SEA13:00---DFW17:00)
2025-Jul-07 18:00:00
543-d0(7/7DFW18:00---SEA22:17)
N809AK_SEA-22:17/01:17-d0(7/7SEA22:17---7/8 01:17)
91-d0(7/8SEA04:15---SIT06:44)
90-d0(7/8SIT15:15---SEA17:39)
843-d0(7/8SEA19:05---KOA01:19)
880-d0(7/9KOA07:30---SEA13:19)
2025-Jul-09 16:00:00
--------------------------------------------------------
N812AK[30]
110(7/7ANC08:55---SEA12:26)
1082(7/7SEA14:00---SFO16:11)
2025-Jul-07 16:41:00
739-d0(7/7SFO18:00---SNA19:40)
1061-d0(7/7SNA20:30---SEA23:15)
1125-d13(7/8SEA00:00---SLC02:03)
719-d0(7/8SLC02:44---SEA05:07)
807-d0(7/8SEA17:31---KOA23:40)
788-d0(7/9KOA00:40---SFO06:00)
2025-Jul-09 15:30:00
--------------------------------------------------------
N813AK[40]
912(7/7SFO14:20---SAN16:02)
2025-Jul-07 16:42:00
1259-d0(7/7SAN17:00---SEA20:00)
2-d227(7/8SEA01:00---DCA06:01)
1-d0(7/8DCA12:00---SEA17:56)
900-d0(7/8SEA18:40---RNO20:38)
601-d0(7/8RNO21:32---SEA23:29)
1202-d0(7/9SEA00:35---SNA03:25)
774-d0(7/9SNA04:15---SEA07:05)
2025-Jul-09 15:40:00
--------------------------------------------------------
N903AK[60]
2025-Jul-07 15:00:00
725-d0(7/7PDX17:55---AUS21:56)
1396-d0(7/7AUS23:00---PDX03:14)
1268-d0(7/8PDX16:00---BNA20:19)
1269-d0(7/8BNA21:19---PDX02:15)
2025-Jul-09 16:00:00
--------------------------------------------------------
N912AK[60]
284(7/7LAX14:00---EWR19:34)
2025-Jul-07 20:34:00
297-d0(7/7EWR21:48---SAN03:40)
729-d63(7/8SAN04:40---PDX07:17)
784-d0(7/8PDX14:00---ATL18:46)
475-d0(7/8ATL19:47---SAN00:31)
1028-d0(7/9SAN01:58---OGG07:59)
1029-d0(7/9OGG08:59---SAN14:18)
2025-Jul-09 16:00:00
--------------------------------------------------------
N913AK[50]
1101(7/7PDX14:00---LAS16:19)
2025-Jul-07 17:09:00
629-d0(7/7LAS17:44---SEA20:28)
189-d110-c10(7/7SEA23:00---ANC02:26)
143-d106(7/8ANC03:16---SEA06:53)
144-d44(7/8SEA07:43---ANC11:23)
188-d0(7/8ANC13:00---SEA16:30)
500001-d0(7/8SEA17:42---IND21:48)
500-d0(7/8IND22:48---SEA03:35)
1039-d0(7/9SEA04:45---GEG05:58)
2025-Jul-09 15:50:00
--------------------------------------------------------
N915AK[60]
1239(7/7PDX14:00---PHX16:46)
2025-Jul-07 17:46:00
637-d0(7/7PHX17:46---SEA20:53)
131-d182(7/8SEA01:00---ANC04:32)
827-d157(7/8ANC05:32---HNL11:36)
824-d0(7/8HNL18:00---SEA23:50)
2025-Jul-09 16:00:00
--------------------------------------------------------
N917AK[30]
2025-Jul-07 15:00:00
824-d54(7/7HNL19:10---SEA01:00)
960-d47-c3(7/8SEA01:30---GEG02:34)
965-d20(7/8GEG03:04---SEA04:20)
1040-d20(7/8SEA04:50---ONT07:35)
270-d0(7/8ONT16:00---HNL21:55)
271-d0(7/8HNL22:55---ONT04:27)
2025-Jul-09 15:30:00
--------------------------------------------------------
N918AK[60]
2025-Jul-07 15:00:00
613-d0(7/7LAS15:30---SFO17:10)
434-d0(7/7SFO18:10---IAD23:19)
213-d0(7/8IAD00:19---LAX05:48)
798-d0(7/8LAX16:50---SEA19:35)
700-d0(7/8SEA20:35---PHX23:29)
611-d0(7/9PHX00:29---SEA03:35)
919-d0(7/9SEA04:55---RDU10:00)
2025-Jul-09 16:00:00
--------------------------------------------------------
N919AK[30]
248(7/7ANC14:30---SEA18:08)
2025-Jul-07 18:38:00
932-d0(7/7SEA19:19---ABQ22:20)
933-d19(7/7ABQ22:50---SEA02:00)
632-d0(7/9SEA00:59---PHX04:00)
2025-Jul-09 15:30:00
--------------------------------------------------------
N920AK[45]
1091(7/7ONT13:00---SEA15:42)
2025-Jul-07 16:27:00
1133-d0(7/7SEA17:03---SMF19:03)
1281-d6(7/7SMF20:03---SEA22:00)
600-d138(7/8SEA01:00---LAS03:34)
403-d94(7/8LAS04:19---SEA07:11)
464-d0(7/9SEA06:59---ATL11:49)
2025-Jul-09 15:45:00
--------------------------------------------------------
N921AK[30]
745(7/7DEN14:00---SEA17:00)
2025-Jul-07 17:30:00
480001-d0(7/7SEA18:57---MSP22:18)
480-d58(7/7MSP22:48---SEA02:47)
738-d0(7/8SEA17:40---LAS20:19)
756-d0(7/8LAS21:13---PDX23:35)
1370-d0(7/9PDX00:35---AUS04:42)
2025-Jul-09 15:30:00
--------------------------------------------------------
N924AK[45]
85(7/7SEA14:00---ANC17:35)
2025-Jul-07 18:20:00
104-d0(7/7ANC18:35---SEA22:04)
445-d112(7/8SEA01:00---RNO02:51)
523-d109(7/8RNO03:36---SEA05:31)
555001-d0(7/8SEA15:05---MSP18:29)
555-d0(7/8MSP19:25---SEA23:15)
1468-d0(7/9SEA00:15---LAX03:00)
282-d0(7/9LAX04:26---EWR09:59)
2025-Jul-09 15:45:00
--------------------------------------------------------
N926AK[60]
351(7/7IAD10:30---SEA16:17)
2025-Jul-07 17:17:00
887-d0(7/7SEA17:38---HNL23:49)
896-d16(7/8HNL00:49---SEA06:47)
825-d0(7/8SEA15:09---OGG21:20)
860-d0(7/8OGG22:20---SEA04:00)
490-d0(7/9SEA06:16---MSY10:50)
2025-Jul-09 16:00:00
--------------------------------------------------------
N928AK[40]
499(7/7PDX13:05---SEA14:09)
2025-Jul-07 15:00:00
1166-d0(7/7SEA15:10---SFO17:29)
1075-d0(7/7SFO18:25---SEA20:37)
16-d203(7/8SEA01:00---JFK06:22)
21-d0(7/8JFK11:00---SEA17:13)
49-d0(7/8SEA17:55---ANC21:35)
201-d0(7/8ANC23:15---JNU00:58)
84-d0(7/9JNU01:55---ANC03:43)
164-d0(7/9ANC07:18---DEN12:35)
2025-Jul-09 15:40:00
--------------------------------------------------------
N929AK[60]
504(7/7LAX14:00---SEA16:47)
2025-Jul-07 17:47:00
106001-d0-c10(7/7SEA19:22---FAI23:05)
106-d12-c1(7/8FAI00:05---SEA03:46)
1152-d2(7/8SEA04:46---OAK07:03)
1151-d0(7/8OAK14:00---SEA16:07)
522001-d0(7/8SEA17:20---BNA21:44)
522-d0(7/8BNA22:44---SEA03:48)
2025-Jul-09 16:00:00
--------------------------------------------------------
N931AK[30]
2025-Jul-07 15:00:00
1113-d0(7/7SFO16:15---SEA18:30)
1114-d0(7/7SEA19:37---SJC21:57)
1175-d26(7/7SJC22:50---SEA01:00)
78-d35(7/8SEA01:30---ANC05:12)
59-d0(7/8ANC06:35---MSP12:00)
68-d0(7/8MSP13:20---ANC19:20)
266-d0(7/8ANC20:25---SFO01:05)
525-d0(7/9SFO02:05---PDX03:50)
2025-Jul-09 15:30:00
--------------------------------------------------------
N932AK[60]
2025-Jul-07 15:00:00
390-d0(7/7SAN15:40---BOS21:27)
819-d0(7/7BOS22:32---SEA05:02)
400-d0(7/8SEA06:18---BNA10:40)
383-d0(7/8BNA12:00---SEA17:06)
34-d0(7/8SEA18:06---JFK23:29)
41-d0(7/9JFK00:29---SFO06:59)
2025-Jul-09 16:00:00
--------------------------------------------------------
N933AK[55]
2025-Jul-07 15:00:00
227-d0(7/7JFK15:30---SFO21:48)
571-d0(7/7SFO22:48---LAS00:31)
779-d10(7/8LAS01:41---PDX04:00)
324-d0(7/8PDX14:02---ORD18:07)
325-d0(7/8ORD19:03---PDX23:35)
376-d0(7/9PDX00:35---ORD04:39)
2025-Jul-09 15:55:00
--------------------------------------------------------
N934AK[60]
1076(7/7PDX14:00---LAX16:39)
2025-Jul-07 17:39:00
1215-d0(7/8LAX02:25---SEA05:17)
328-d0(7/8SEA06:40---ORD10:40)
413-d0(7/8ORD12:00---PDX16:25)
1296-d0(7/8PDX17:40---SAN20:15)
1297-d0(7/8SAN21:15---PDX23:49)
1455-d0(7/9PDX00:49---ANC04:40)
2025-Jul-09 16:00:00
--------------------------------------------------------
N935AK[55]
156(7/7FAI10:09---SEA13:44)
2025-Jul-07 15:00:00
682001-d0(7/7SEA15:06---DEN17:53)
682-d0(7/7DEN18:49---SEA21:48)
420-d127(7/8SEA01:00---MCO06:40)
1021-d0(7/8MCO11:00---SAN16:04)
829-d0(7/8SAN17:29---OGG23:34)
806-d0(7/9OGG00:34---SAN05:55)
2025-Jul-09 15:55:00
--------------------------------------------------------
N936AK[60]
1193(7/7SJC14:03---SEA16:15)
2025-Jul-07 17:15:00
818-d0(7/7SEA17:58---BOS23:19)
355-d0(7/8BOS00:19---SFO06:59)
113-d0(7/8SFO16:05---JFK21:47)
17-d0(7/8JFK22:53---SEA05:22)
2025-Jul-09 16:00:00
--------------------------------------------------------
N938AK[45]
573(7/7DFW11:00---SEA15:17)
2025-Jul-07 16:02:00
312001-d0(7/7SEA16:55---OMA20:06)
312-d15(7/7OMA21:20---SEA01:00)
478-d0(7/8SEA01:50---LAS04:26)
613-d0(7/8LAS15:30---SFO17:10)
434-d0(7/8SFO18:10---IAD23:19)
213-d0(7/9IAD00:19---LAX05:48)
2025-Jul-09 15:45:00
--------------------------------------------------------
N941AK[60]
1154(7/7SAN14:15---SEA17:22)
2025-Jul-07 18:22:00
817-d0(7/7SEA18:55---OGG01:10)
862-d0(7/8OGG18:00---SEA23:38)
398-d0(7/9SEA00:40---IAH04:59)
2025-Jul-09 16:00:00
--------------------------------------------------------
N942AK[60]
2025-Jul-07 15:00:00
916-d0(7/7SEA15:08---MCO20:50)
301-d0(7/7MCO21:50---PDX03:50)
1074-d0(7/8PDX14:25---SAN17:00)
474-d0(7/8SAN18:04---ATL22:31)
334-d0(7/8ATL23:31---SEA05:07)
328-d0(7/9SEA06:40---ORD10:40)
2025-Jul-09 16:00:00
--------------------------------------------------------
N947AK[30]
1217(7/7SMF13:15---SEA15:15)
2025-Jul-07 15:45:00
388-d0(7/7SEA15:58---STL19:52)
388001-d10(7/7STL20:34---SEA01:00)
823-d5(7/8SEA01:30---HNL07:38)
828-d0(7/8HNL08:33---ANC14:40)
48001-d0(7/8ANC16:25---SEA20:01)
1198-d0(7/8SEA21:05---SAN23:55)
735-d0(7/9SAN00:51---SEA03:50)
115-d0(7/9SEA04:59---FAI08:49)
2025-Jul-09 15:30:00
--------------------------------------------------------
N948AK[60]
2025-Jul-07 15:00:00
1279-d0(7/7LAX22:16---GEG00:47)
1280-d0(7/8GEG01:49---LAX04:35)
2025-Jul-09 16:00:00
--------------------------------------------------------
N949AK[60]
2025-Jul-07 15:00:00
642-d0(7/8SEA03:17---DEN05:59)
643-d0(7/8DEN12:00---SEA15:01)
502-d0(7/8SEA16:03---AUS20:11)
518-d0(7/8AUS21:11---SFO00:57)
1327-d0(7/9SFO02:49---SEA05:05)
112-d0(7/9SEA06:50---FAI10:36)
2025-Jul-09 16:00:00
--------------------------------------------------------
N952AK[50]
381(7/7DTW11:00---SEA15:57)
2025-Jul-07 16:47:00
378-d0-c10(7/7SEA17:35---BWI22:32)
379-d12-c1(7/7BWI23:22---SEA05:18)
360-d10(7/8SEA06:08---TPA11:35)
433-d0(7/8TPA13:00---SAN17:50)
1199-d0(7/9SAN02:05---SEA05:07)
2025-Jul-09 15:50:00
--------------------------------------------------------
N953AK[60]
68(7/7MSP13:20---ANC19:20)
2025-Jul-07 20:20:00
266-d0(7/7ANC20:25---SFO01:05)
525-d175(7/8SFO05:00---PDX06:45)
N953AK_PDX-10:00/14:00-d0(7/8PDX10:00---7/8 14:00)
358-d0(7/8PDX14:00---BOS19:25)
304-d0(7/8BOS20:25---SEA02:48)
427-d0(7/9SEA06:49---CVG11:07)
2025-Jul-09 16:00:00
--------------------------------------------------------
N954AK[50]
1226(7/7SEA14:00---SJC16:08)
2025-Jul-07 16:58:00
1311-d0(7/7SJC17:03---SEA19:14)
962-d0(7/7SEA23:03---GEG00:13)
964-d0(7/8GEG01:07---SEA02:21)
1034-d0(7/8SEA03:14---BOI04:46)
737-d0(7/8BOI12:25---SEA14:05)
916-d0(7/8SEA15:08---MCO20:50)
301-d0(7/8MCO21:50---PDX03:50)
2025-Jul-09 15:50:00
--------------------------------------------------------
N955AK[55]
2025-Jul-07 15:00:00
107-d0(7/7ANC21:40---SEA01:08)
1318-d38(7/8SEA02:51---SFO05:00)
374-d36(7/8SFO05:55---EWR11:30)
373-d0(7/8EWR13:00---SFO19:13)
534-d0(7/8SFO20:59---AUS00:45)
513-d0(7/9AUS01:45---SFO05:29)
2025-Jul-09 15:55:00
--------------------------------------------------------
N956AK[60]
1265(7/7SAN13:15---SEA16:16)
2025-Jul-07 17:16:00
505-d0(7/7SEA17:17---LAX20:10)
1083-d6(7/7LAX21:16---SEA00:00)
538-d6(7/8SEA01:00---ORD05:05)
111-d6(7/8ORD06:05---ANC12:43)
248-d0(7/8ANC14:30---SEA18:08)
352-d0(7/8SEA19:18---AUS23:30)
339-d0(7/9AUS00:30---SEA05:07)
340-d0(7/9SEA06:10---PIT10:43)
2025-Jul-09 16:00:00
--------------------------------------------------------
N958AK[30]
361(7/7OMA11:05---SEA14:47)
2025-Jul-07 15:17:00
414-d0(7/7SEA15:17---DFW19:19)
415-d26(7/7DFW20:45---SEA01:00)
1310-d0(7/8SEA01:36---SJC03:51)
1201-d0(7/8SJC04:46---SEA06:59)
408-d0(7/8SEA13:00---ORD17:07)
891-d0(7/8ORD18:03---SEA22:42)
1052001-d24(7/8SEA23:12---BUR01:48)
1052-d0(7/9BUR02:18---SEA05:07)
423-d0(7/9SEA06:36---SAT10:40)
2025-Jul-09 15:30:00
--------------------------------------------------------
N960AK[30]
387(7/7MSP11:40---SEA15:44)
2025-Jul-07 16:14:00
450001-d0(7/7SEA17:27---CMH21:49)
450-d0(7/7CMH22:28---SEA03:35)
1264-d2(7/8SEA04:05---SAN07:01)
1265-d0(7/8SAN13:15---SEA16:16)
101-d0(7/8SEA16:53---KTN18:58)
102-d0(7/8KTN19:52---SEA21:54)
460-d0(7/8SEA22:43---BOS03:59)
2025-Jul-09 15:30:00
--------------------------------------------------------
N961AK[30]
336(7/7BOS10:00---PDX16:17)
2025-Jul-07 16:47:00
1143-d0(7/7PDX17:30---LAX20:00)
1315-d35(7/7LAX21:40---PDX00:00)
1122-d0(7/8PDX00:30---SAN03:03)
1067-d0(7/8SAN03:59---GEG06:44)
1130-d0(7/8GEG14:00---SAN16:47)
1073-d0(7/8SAN17:50---PDX20:28)
778-d0(7/8PDX21:30---LAS23:49)
599-d0(7/9LAS00:45---SEA03:30)
644-d5(7/9SEA04:00---PHX06:59)
2025-Jul-09 15:30:00
--------------------------------------------------------
N962AK[60]
2025-Jul-07 15:00:00
214-d0(7/7LAX15:20---IAD20:25)
507-d0(7/7IAD21:25---SAN02:52)
974-d0(7/8SAN14:00---PDX16:35)
300-d0(7/8PDX17:35---MCO23:12)
369-d0(7/9MCO00:12---SFO05:59)
2025-Jul-09 16:00:00
--------------------------------------------------------
N963AK[60]
831(7/7PDX14:00---OGG19:55)
2025-Jul-07 20:55:00
898-d0(7/7OGG21:25---PDX02:49)
1057-d0(7/8PDX05:52---DFW09:40)
573-d0(7/8DFW11:00---SEA15:17)
477-d0(7/8SEA17:10---EWR22:29)
287-d0(7/8EWR23:29---LAX05:35)
2025-Jul-09 16:00:00
--------------------------------------------------------
N964AK[60]
797(7/7SEA14:00---LAX16:50)
2025-Jul-07 17:50:00
1240-d0(7/7LAX18:02---PDX20:25)
836-d0(7/7PDX21:30---SFO23:22)
269-d0(7/8SFO00:22---ANC05:15)
109-d0(7/8ANC07:26---ORD13:40)
329-d0(7/8ORD15:00---SEA19:34)
549-d0(7/8SEA20:40---DFW00:36)
550-d0(7/9DFW01:36---SEA05:59)
452-d0(7/9SEA06:59---IAH11:20)
2025-Jul-09 16:00:00
--------------------------------------------------------
N966AK[60]
30(7/7SFO13:18---JFK19:00)
2025-Jul-07 20:00:00
25-d0-c14(7/7JFK20:44---SAN02:27)
1005-d30-c4(7/8SAN03:27---SFO05:03)
455-d20(7/8SFO06:03---IAD11:10)
458-d0(7/8IAD12:10---SFO17:55)
598-d0(7/8SFO18:55---ORD23:18)
597-d0(7/9ORD00:18---SFO05:06)
2025-Jul-09 16:00:00
--------------------------------------------------------
N967AK[60]
303(7/7DFW12:25---PDX16:28)
2025-Jul-07 17:28:00
392-d0-c10(7/7PDX19:16---DFW22:54)
317-d38(7/7DFW23:54---SEA04:13)
314-d33(7/8SEA05:13---EWR10:32)
289-d0(7/8EWR11:52---LAX17:46)
2025-Jul-09 16:00:00
--------------------------------------------------------
N968AK[50]
737(7/7BOI12:25---SEA14:05)
2025-Jul-07 15:00:00
1306-d0(7/7SEA15:00---LAX17:49)
1305-d0(7/7LAX18:55---SEA21:39)
1030-d132(7/8SEA01:00---BZN02:43)
1031-d128(7/8BZN03:33---SEA05:43)
16-d0(7/8SEA21:37---JFK02:59)
2025-Jul-09 15:50:00
--------------------------------------------------------
N969AK[55]
24(7/7SAN14:00---JFK19:39)
2025-Jul-07 20:34:00
114-d51(7/7JFK22:37---SFO05:00)
307-d87-c28(7/8SFO05:55---BOS11:09)
308-d34-c20(7/8BOS12:04---SFO18:21)
835-d13-c7(7/8SFO19:16---PDX20:56)
1287-d1(7/8PDX21:51---BUR00:10)
1107-d1(7/9BUR01:05---PDX03:22)
2025-Jul-09 15:55:00
--------------------------------------------------------
N972AK[30]
399(7/7IAH14:00---SEA18:45)
2025-Jul-07 19:15:00
291-d0(7/7SEA19:46---STL23:35)
291001-d0(7/8STL00:32---SEA05:00)
367-d0(7/8SEA06:30---IAD11:27)
375-d0(7/8IAD13:00---SEA18:47)
106001-d17(7/8SEA19:17---FAI23:10)
106-d0(7/8FAI23:53---SEA03:35)
980-d0(7/9SEA04:40---SFO06:59)
2025-Jul-09 15:30:00
--------------------------------------------------------
N973AK[30]
595(7/7AUS12:15---SEA16:40)
2025-Jul-07 17:10:00
1278-d0(7/7SEA18:14---ONT20:53)
1242-d62(7/7ONT22:23---SEA01:00)
730-d31(7/8SEA01:30---LAS04:09)
570-d0(7/8LAS05:21---SFO06:59)
718-d0(7/8SFO15:50---LAS17:32)
1467-d0(7/8LAS18:27---PDX20:48)
1160-d0(7/8PDX21:50---LAX00:15)
1093-d0(7/9LAX01:15---SEA04:00)
1040-d0(7/9SEA04:30---ONT07:15)
2025-Jul-09 15:30:00
--------------------------------------------------------
N974AK[30]
298(7/7SEA13:41---EWR19:00)
2025-Jul-07 19:30:00
280-d0(7/7EWR21:24---SEA03:36)
1192-d29(7/8SEA04:06---SJC06:18)
1314-d0(7/8SJC19:02---SEA21:10)
92-d7(7/8SEA21:40---KTN23:48)
94-d0(7/9KTN00:35---SEA02:35)
1034-d0(7/9SEA03:14---BOI04:46)
2025-Jul-09 15:30:00
--------------------------------------------------------
N975AK[60]
299(7/7EWR11:19---SEA17:31)
2025-Jul-07 18:31:00
492-d111(7/8SEA01:00---ATL05:50)
377-d0(7/8ATL10:30---SEA15:57)
505-d0(7/8SEA17:17---LAX20:10)
1083-d0(7/8LAX21:10---SEA23:54)
478-d0(7/9SEA01:50---LAS04:26)
2025-Jul-09 16:00:00
--------------------------------------------------------
N976AK[40]
1228(7/7AUS14:45---SEA19:12)
2025-Jul-07 19:52:00
697001-d0(7/7SEA20:08---MSO21:33)
697-d69(7/7MSO23:22---SEA01:00)
472-d34(7/8SEA01:40---STL05:33)
473-d0(7/8STL11:41---SEA16:10)
1007-d0(7/8SEA16:54---PHX19:55)
1006-d0(7/8PHX20:55---SEA00:00)
472-d0(7/9SEA01:06---STL04:59)
2025-Jul-09 15:40:00
--------------------------------------------------------
N977AK[55]
451(7/7MSY12:10---SEA17:16)
2025-Jul-07 18:11:00
63-d0-c2(7/7SEA19:23---SIT21:45)
58-d60(7/7SIT22:40---SEA01:00)
338-d7(7/8SEA01:55---OMA05:06)
361-d0(7/8OMA11:05---SEA14:47)
480001-d0(7/8SEA17:25---MSP20:46)
480-d0(7/8MSP21:50---SEA01:49)
2025-Jul-09 15:55:00
--------------------------------------------------------
N978AK[60]
784(7/7PDX14:00---ATL18:46)
2025-Jul-07 19:46:00
475-d0(7/7ATL19:47---SAN00:31)
1028-d0(7/8SAN01:58---OGG07:59)
1029-d0(7/8OGG08:59---SAN14:18)
390-d0(7/8SAN15:40---BOS21:27)
819-d0(7/8BOS22:32---SEA05:02)
367-d0(7/9SEA06:30---IAD11:27)
2025-Jul-09 16:00:00
--------------------------------------------------------
N982AK[55]
433(7/7TPA13:00---SAN17:50)
2025-Jul-07 18:45:00
1199-d0(7/8SAN02:05---SEA05:07)
536-d0(7/8SEA06:40---BOS12:00)
537-d0(7/8BOS13:20---SEA19:35)
229001-d0(7/8SEA20:35---MSP23:53)
229-d0(7/9MSP00:49---SEA04:45)
2025-Jul-09 15:55:00
--------------------------------------------------------
N983AK[50]
495(7/7SAT12:00---SEA16:24)
2025-Jul-07 17:14:00
904-d0(7/7SEA18:23---BZN20:06)
905-d1(7/7BZN21:01---SEA23:00)
688-d61(7/8SEA01:00---LAS03:35)
749-d6(7/8LAS04:25---SEA07:12)
491-d0(7/8SEA13:00---DFW17:00)
543-d0(7/8DFW18:00---SEA22:17)
492-d0(7/8SEA23:09---ATL03:59)
2025-Jul-09 15:50:00
--------------------------------------------------------
N984AK[35]
395(7/7MCO11:20---SEA17:30)
2025-Jul-07 18:05:00
412001-d0(7/7SEA19:16---PIT23:52)
412-d45(7/8PIT00:27---SEA05:52)
167-d0(7/9SEA02:50---FAI06:36)
2025-Jul-09 15:35:00
--------------------------------------------------------
N985AK[60]
2025-Jul-07 15:00:00
282-d0(7/8LAX04:26---EWR09:59)
280-d0(7/8EWR20:00---SEA02:12)
642-d0(7/9SEA03:17---DEN05:59)
2025-Jul-09 16:00:00
--------------------------------------------------------
N990AK[60]
2025-Jul-07 15:00:00
578-d0(7/7LAX16:05---PDX18:31)
330-d0(7/7PDX19:31---LAX21:59)
1167-d0(7/7LAX23:05---PDX01:26)
579-d0(7/8PDX02:35---LAX05:05)
2025-Jul-09 16:00:00
--------------------------------------------------------
N407AS[60]
2025-Jul-07 15:00:00
600-d0(7/8SEA22:42---LAS01:16)
403-d0(7/9LAS02:45---SEA05:37)
2025-Jul-09 16:00:00
--------------------------------------------------------
N428AS[60]
2025-Jul-07 15:00:00
1301-d0(7/8LAX00:15---SEA03:00)
1316-d0(7/8SEA13:00---LAX15:50)
1279-d0(7/8LAX22:16---GEG00:47)
1280-d0(7/9GEG01:49---LAX04:35)
2025-Jul-09 16:00:00
--------------------------------------------------------
N468AS[45]
2025-Jul-07 15:00:00
1256-d0(7/7SEA18:05---PSP20:59)
582-d230(7/8PSP01:00---SEA03:50)
402-d0(7/8SEA15:47---CHS21:00)
485-d0(7/8CHS22:03---SEA04:00)
380-d0(7/9SEA04:45---DTW09:05)
2025-Jul-09 15:45:00
--------------------------------------------------------
N479AS[60]
2025-Jul-07 15:00:00
1113-d0(7/8SFO16:15---SEA18:30)
494001-d0(7/8SEA19:33---SAT23:37)
494-d0(7/9SAT00:37---SEA04:53)
2025-Jul-09 16:00:00
--------------------------------------------------------
N563AS[45]
2025-Jul-07 15:00:00
79-d0(7/7SEA15:00---ANC18:36)
100-d110(7/7ANC21:31---SEA01:00)
1125-d0(7/8SEA23:47---SLC01:50)
719-d0(7/9SLC02:44---SEA05:07)
959-d0(7/9SEA05:52---GEG06:59)
2025-Jul-09 15:45:00
--------------------------------------------------------
N566AS[60]
2025-Jul-07 15:00:00
8-d0(7/8SFO16:45---DCA21:58)
7-d0(7/8DCA22:58---SFO04:53)
2025-Jul-09 16:00:00
--------------------------------------------------------
N588AS[60]
2025-Jul-07 15:00:00
560-d0(7/8LAX15:30---KOA21:10)
868-d0(7/8KOA22:10---PDX03:40)
197001-d0(7/9PDX04:40---ANC08:24)
2025-Jul-09 16:00:00
--------------------------------------------------------
N614AS[50]
2025-Jul-07 15:00:00
61002-d0(7/8SEA14:00---JNU16:29)
61001-d0(7/8JNU17:19---YAK18:18)
61003-d0(7/8YAK19:08---CDV20:09)
61-d0(7/8CDV20:59---ANC22:00)
2025-Jul-09 15:50:00
--------------------------------------------------------
N946AK[55]
2025-Jul-07 15:00:00
1124-d0(7/8LAX14:00---PDX16:23)
121-d0(7/8PDX17:53---BUR20:12)
122-d0(7/8BUR21:07---PDX23:25)
1062-d0(7/9PDX01:04---BUR03:23)
2025-Jul-09 15:55:00
--------------------------------------------------------
N971AK[55]
2025-Jul-07 15:00:00
1240-d0(7/8LAX18:02---PDX20:25)
946-d0(7/8PDX21:30---BOI22:48)
1019-d0(7/8BOI23:43---SEA01:20)
1168-d0(7/9SEA02:25---BUR04:59)
2025-Jul-09 15:55:00
--------------------------------------------------------
N979AK[55]
2025-Jul-07 15:00:00
890-d0(7/8SEA15:03---ORD19:13)
407-d0(7/8ORD20:09---SEA00:49)
1156-d0(7/9SEA02:59---SAN06:00)
2025-Jul-09 15:55:00
--------------------------------------------------------
================== Unassigned Flights ==================
299(7/8EWR11:19---SEA17:31)
