===== Copy Generation Summary =====
#Iter       TotalGen  ind(reg)  mul(reg)  ind(csc)  mul(csc) TotalUsed  ind(reg)  mul(reg)  ind(csc)  mul(csc)            obj
    1            462       349        20        93         0       216       186        11        19         0      2.799e+08
    2            448       381         0        67         0       203       188         0        15         0      2.629e+08
    3            446       399         0        47         0       260       238         0        22         0      2.288e+08
    4            446       385         0        61         0       221       194         0        27         0      1.983e+08
    5            446       349         0        97         0       220       184         0        36         0       1.61e+08
    6            447       398         0        49         0       234       219         0        15         0      1.402e+08
    7            446       370         0        76         0       223       203         0        20         0      1.167e+08
    8            446       391         0        55         0       235       213         0        22         0      1.047e+08
    9            444       392         0        52         0       256       214         0        42         0      9.735e+07
   10            445       393         4        48         0       226       210         0        16         0      8.694e+07
   11            444       384         0        60         0       236       215         0        21         0      8.139e+07
   12            442       366         0        76         0       270       229         0        41         0      7.135e+07
   13            436       346         2        88         0       231       202         2        27         0       6.29e+07
   14            434       389         3        42         0       246       229         2        15         0      5.643e+07
   15            429       389         2        38         0       249       224         2        23         0      4.591e+07
   16            428       411         0        17         0       241       234         0         7         0      4.123e+07
   17            424       376         0        48         0       256       236         0        20         0      3.672e+07
   18            428       367         2        59         0       229       203         2        24         0      3.344e+07
   19            424       378         0        46         0       223       205         0        18         0      2.898e+07
   20            424       361         0        63         0       218       192         0        26         0      2.587e+07
   21            424       370         0        54         0       207       190         0        17         0       2.32e+07
   22            424       318         0       106         0       206       183         0        23         0      1.899e+07
   23            424       333         0        91         0       221       182         0        39         0      1.568e+07
   24            424       378         0        46         0       239       216         0        23         0      1.423e+07
   25            424       386         0        38         0       252       246         0         6         0      1.284e+07
   26            424       399         0        25         0       244       236         0         8         0      1.124e+07
   27            424       384         0        40         0       254       248         0         6         0      1.064e+07
   28            424       364         0        60         0       247       224         0        23         0      1.016e+07
   29            424       376         0        48         0       220       194         0        26         0      9.013e+06
   30            424       367         0        57         0       210       192         0        18         0      8.445e+06
   31            424       356         0        68         0       231       217         0        14         0      8.237e+06
   32            424       384         0        40         0       205       190         0        15         0      7.858e+06
   33            424       384         0        40         0       213       211         0         2         0      7.731e+06
   34            424       385         0        39         0       231       222         0         9         0      7.623e+06
   35            426       388         4        34         0       241       233         3         5         0       7.53e+06
   36            424       369         0        55         0       219       217         0         2         0      7.494e+06
   37            424       342         0        82         0       207       194         0        13         0      7.325e+06
   38            429       369         9        51         0       242       234         5         3         0      7.192e+06
   39            423       365         2        56         0       242       224         2        16         0      6.928e+06
   40            425       367         3        55         0       197       183         2        12         0      6.854e+06
   41            428       319         6       103         0       183       159         4        20         0      6.684e+06
   42            424       377         0        47         0       187       181         0         6         0      6.542e+06
   43            427       360        10        57         0       212       198         9         5         0      6.445e+06
   44            436       351        29        56         0       208       194        13         1         0      6.285e+06
   45            438       318        25        95         0       178       172         2         4         0      6.156e+06
   46            417       311        13        93         0       177       145        11        21         0      6.076e+06
   47            441       308        44        89         0       243       184        34        25         0      5.905e+06
   48            408       353        12        43         0       222       209         4         9         0      5.759e+06
   49            408       277        19       112         0       199       163        14        22         0      5.646e+06
   50            409       267        21       121         0       182       159        10        13         0      5.536e+06
   51            401       305        16        80         0       181       166        12         3         0      5.494e+06
   52            391       326        21        44         0       195       174        13         8         0      5.327e+06
   53            431       333        42        56         0       266       219        33        14         0      5.248e+06
   54            389       317        13        59         0       190       158         7        25         0      5.209e+06
   55            371       270         7        94         0       144       136         4         4         0      5.071e+06
   56            399       296        28        75         0       202       161        16        25         0      4.923e+06
   57            376       321        12        43         0       170       157         9         4         0      4.805e+06
   58            374       317        12        45         0       226       203         9        14         0      4.693e+06
   59            370       302         6        62         0       177       165         3         9         0      4.614e+06
   60            372       308         7        57         0       176       169         2         5         0      4.564e+06
   61            372       321        14        37         0       151       137         9         5         0      4.474e+06
   62            363       300         3        60         0       168       166         0         2         0      4.434e+06
   63            371       285        10        76         0       175       150         5        20         0       4.38e+06
   64            363       280         2        81         0       173       153         0        20         0      4.296e+06
   65            358       310         2        46         0       204       197         0         7         0       4.23e+06
   66            375       262         6       107         0       126       101         3        22         0      4.176e+06
   67            368       270         8        90         0       189       178         4         7         0      4.089e+06
   68            367       297         6        64         0       170       158         0        12         0      4.017e+06
   69            364       318         6        40         0       219       211         4         4         0      3.994e+06
   70            358       260         2        96         0       148       144         0         4         0      3.985e+06
   71            358       300         2        56         0       174       168         0         6         0      3.957e+06
   72            361       291         5        65         0       148       137         2         9         0      3.936e+06
   73            360       301         5        54         0       187       183         0         4         0      3.845e+06
   74            356       251         2       103         0       140       127         0        13         0      3.826e+06
   75            359       216         5       138         0       161       105         3        53         0      3.738e+06
   76            355       295         2        58         0       187       185         0         2         0      3.691e+06
   77            360       257         8        95         0       104        96         5         3         0      3.663e+06
   78            359       257         2       100         0        99        90         0         9         0      3.597e+06
   79            360       249        11       100         0       147       120         8        19         0      3.532e+06
   80            362       301         5        56         0       201       196         0         5         0      3.459e+06
   81            356       241         3       112         0       105        87         0        18         0      3.436e+06
   82            351       283         5        63         0       146       137         2         7         0      3.362e+06
   83            358       275         3        80         0       130       129         0         1         0      3.296e+06
   84            356       273         2        81         0       145       142         0         3         0       3.28e+06
   85            352       237         6       109         0       107        92         2        13         0      3.228e+06
   86            363       242        13       108         0       153       130         4        19         0      3.138e+06
   87            355       229         2       124         0       119       109         0        10         0      3.076e+06
   88            342       220         5       117         0       130       119         0        11         0      3.054e+06
   89            360       236        15       109         0       136       125         6         5         0      2.996e+06
   90            353       248        11        94         0       145       133         6         6         0      2.933e+06
   91            357       251         7        99         0       135       122         5         8         0      2.921e+06
   92            337       187         7       143         0       100        97         2         1         0      2.855e+06
   93            345       250         5        90         0       125       115         3         7         0      2.784e+06
   94            324       221        12        91         0        61        56         2         3         0      2.767e+06
   95            335       243         6        86         0       118       107         3         8         0      2.683e+06
   96            297       206         7        84         0        78        74         2         2         0      2.648e+06
   97            313       170         9       134         0        67        54         4         9         0      2.615e+06
   98            304       187        17       100         0       129       111        11         7         0      2.613e+06
   99            302       207        15        80         0        97        88         7         2         0      2.607e+06
  100            260       143        19        98         0       107        87        11         9         0      2.582e+06
  101            273       190         5        78         0       115       108         0         7         0      2.559e+06
  102            244       100         7       137         0        33        29         0         4         0      2.526e+06
  103            264       178        14        72         0        77        71         6         0         0      2.494e+06
  104            282       194         2        86         0       100        92         0         8         0      2.486e+06
  105            218       118         4        96         0        58        51         0         7         0      2.483e+06
  106            204        91         9       104         0        34        30         3         1         0      2.474e+06
  107            195       135         2        58         0        82        78         0         4         0      2.411e+06
  108            198       155        12        31         0        83        79         0         4         0      2.372e+06
  109            199       134         9        56         0        70        63         0         7         0      2.358e+06
  110            272       185         3        84         0       107       106         0         1         0      2.345e+06
  111            178       111         2        65         0        37        35         0         2         0      2.343e+06
  112            168       153         2        13         0        82        82         0         0         0       2.33e+06
  113            165        95         2        68         0        26        25         0         1         0      2.324e+06
  114            174       114         5        55         0        58        58         0         0         0      2.308e+06
  115            260       153         3       104         0        77        76         0         1         0      2.305e+06
  116            173       130         2        41         0        63        63         0         0         0      2.299e+06
  117            169       117         5        47         0        74        69         0         5         0      2.299e+06
  118            163       132         2        29         0        64        59         0         5         0      2.297e+06
  119            163       131         2        30         0        83        83         0         0         0      2.292e+06
  120            166        92         2        72         0        44        39         0         5         0      2.282e+06
  121            164       107         2        55         0        28        28         0         0         0      2.279e+06
  122            159       132         5        22         0        60        57         2         1         0      2.279e+06
  123            160        91         4        65         0        55        29         2        24         0       2.27e+06
  124            163       101         3        59         0        52        49         0         3         0      2.266e+06
  125            160       103         2        55         0        53        49         0         4         0      2.258e+06
  126            163       111         5        47         0        71        66         0         5         0      2.253e+06
  127            157       109         2        46         0        53        52         0         1         0      2.206e+06
  128            162        98         5        59         0        36        35         0         1         0      2.203e+06
  129            173       114        13        46         0        50        46         3         1         0      2.166e+06
  130            157        76         3        78         0        34        34         0         0         0      2.166e+06
  131            159       118         8        33         0        64        61         2         1         0      2.148e+06
  132            145        68         6        71         0        20        15         3         2         0      2.148e+06
  133            158        93         2        63         0        31        26         0         5         0      2.109e+06
  134            138        88        16        34         0        42        35         7         0         0      2.109e+06
  135            157       100         3        54         0        62        62         0         0         0      2.085e+06
  136            158       153         2         3         0        78        77         0         1         0       2.08e+06
  137            161        92         2        67         0        26        26         0         0         0       2.08e+06
  138            134        88        16        30         0        49        44         3         2         0       2.08e+06
  139            140        67        39        34         0        36        17        16         3         0      2.046e+06
  140            139        94        20        25         0        53        47         6         0         0      2.028e+06
  141            117        56        31        30         0        31         9        20         2         0      2.028e+06
  142             86        55         6        25         0        16        16         0         0         0      2.024e+06
  143             95        49         5        41         0         7         7         0         0         0      1.939e+06
  144             70        41         6        23         0        11        11         0         0         0      1.939e+06
  145             63        31         5        27         0        11        11         0         0         0      1.926e+06
  146             47        29         7        11         0         9         8         0         1         0      1.923e+06
  147             63        38         8        17         0         5         2         3         0         0      1.923e+06
  148             29        18         6         5         0         2         2         0         0         0      1.923e+06
  149             37        20        13         4         0        11         9         2         0         0      1.916e+06
  150             39        23         7         9         0         5         2         3         0         0      1.916e+06
  151             34        20         3        11         0         0         0         0         0         0      1.909e+06
  152             25        13         5         7         0         1         1         0         0         0      1.909e+06
  153             21        12         5         4         0         2         2         0         0         0      1.909e+06
  154             21        12         8         1         0         4         1         3         0         0      1.909e+06
  155             27        19         5         3         0         6         6         0         0         0      1.909e+06
  156             16         8         5         3         0         1         1         0         0         0      1.909e+06
  157             21        13         5         3         0         1         1         0         0         0      1.909e+06
  158             13         7         5         1         0         0         0         0         0         0      1.909e+06
