Objective:	8.03283e+08
Total CPU time:	00:25:52
================== Aircraft Recovery Schedule ==================
N214AK[30]
375(7/7IAD13:00---SEA18:47)
2025-Jul-07 19:17:00
352-d0(7/7SEA19:43---AUS23:55)
339-d0(7/8AUS00:30---SEA05:07)
N214AK_SEA-05:07/08:07-d0(7/8SEA05:07---7/8 08:07)
1004-d330(7/8SEA08:29---GEG09:39)
215-d0(7/8GEG16:45---SEA18:00)
79-d210(7/8SEA18:30---ANC22:06)
198-d360(7/8ANC23:05---PDX02:44)
1204-d330(7/9PDX03:19---SAN05:52)
1294-d330(7/9SAN06:48---PDX09:20)
2025-Jul-09 15:30:00
--------------------------------------------------------
N224AK[45]
2025-Jul-07 15:00:00
2025-Jul-09 15:45:00
--------------------------------------------------------
N236AK[55]
1258(7/7SEA14:00---SAN16:50)
2025-Jul-07 17:45:00
2025-Jul-09 15:55:00
--------------------------------------------------------
N237AK[55]
2025-Jul-07 15:00:00
2025-Jul-09 15:55:00
--------------------------------------------------------
N238AK[40]
1074(7/7PDX14:25---SAN17:00)
2025-Jul-07 17:40:00
2025-Jul-09 15:40:00
--------------------------------------------------------
N247AK[50]
512(7/7SFO14:00---AUS17:36)
2025-Jul-07 18:26:00
2025-Jul-09 15:50:00
--------------------------------------------------------
N248AK[30]
537(7/7BOS13:20---SEA19:35)
2025-Jul-07 20:05:00
2025-Jul-09 15:30:00
--------------------------------------------------------
N251AK[50]
2025-Jul-07 15:00:00
2025-Jul-09 15:50:00
--------------------------------------------------------
N253AK[35]
2025-Jul-07 15:00:00
2025-Jul-09 15:35:00
--------------------------------------------------------
N260AK[60]
2025-Jul-07 15:00:00
1161-d0(7/7PDX17:30---PHX20:16)
1238-d0(7/7PHX21:16---PDX23:59)
946-d210(7/8PDX01:00---BOI02:18)
1019-d240(7/8BOI03:43---SEA05:20)
423-d0(7/8SEA06:36---SAT10:40)
495-d0(7/8SAT12:00---SEA16:24)
934001-d0(7/8SEA18:20---EUG19:36)
934-d30(7/8EUG21:00---SEA22:18)
1132-d180(7/8SEA23:35---SFO01:48)
571-d240(7/9SFO02:48---LAS04:31)
403-d180(7/9LAS05:45---SEA08:37)
400-d210(7/9SEA09:48---BNA14:10)
2025-Jul-09 16:00:00
--------------------------------------------------------
N264AK[30]
2025-Jul-07 15:00:00
2025-Jul-09 15:30:00
--------------------------------------------------------
N265AK[55]
541(7/7AUS12:37---PDX16:50)
2025-Jul-07 17:45:00
121-d0(7/7PDX17:53---BUR20:12)
1290-d180(7/7BUR21:30---SEA00:08)
620001-d240(7/8SEA01:03---DEN03:44)
620-d300(7/8DEN04:50---SEA07:50)
780-d360(7/8SEA08:59---ABQ11:59)
618-d0(7/8ABQ14:00---SEA17:15)
405001-d180(7/8SEA18:11---OKC21:48)
405-d180(7/8OKC22:44---SEA02:38)
960-d180(7/9SEA03:43---GEG04:50)
965-d210(7/9GEG06:14---SEA07:30)
780-d330(7/9SEA08:29---ABQ11:29)
2025-Jul-09 15:55:00
--------------------------------------------------------
N267AK[60]
2025-Jul-07 15:00:00
2025-Jul-09 16:00:00
--------------------------------------------------------
N268AK[55]
413(7/7ORD12:00---PDX16:25)
2025-Jul-07 17:20:00
2025-Jul-09 15:55:00
--------------------------------------------------------
N270AK[45]
2025-Jul-07 15:00:00
1290001-d0(7/7SEA15:00---BUR17:36)
122-d0(7/7BUR21:07---PDX23:25)
1455-d0(7/8PDX00:49---ANC04:40)
134-d300(7/8ANC05:30---SEA09:00)
380-d300(7/8SEA09:45---DTW14:05)
381-d240(7/8DTW15:00---SEA19:57)
414-d330(7/8SEA20:47---DFW00:49)
415-d330(7/9DFW01:49---SEA06:04)
1194-d240(7/9SEA06:54---SMF08:52)
2025-Jul-09 15:45:00
--------------------------------------------------------
N272AK[50]
2025-Jul-07 15:00:00
2025-Jul-09 15:50:00
--------------------------------------------------------
N273AK[45]
289(7/7EWR11:52---LAX17:46)
2025-Jul-07 18:31:00
193-d0(7/9LAX02:45---ANC08:08)
172-d120(7/9ANC09:13---PHX14:45)
2025-Jul-09 15:45:00
--------------------------------------------------------
N274AK[50]
2025-Jul-07 15:00:00
329-d0(7/7ORD15:00---SEA19:34)
71-d120(7/7SEA20:43---JNU23:19)
176-d120(7/8JNU00:15---SEA02:42)
1046-d330(7/8SEA03:38---SJC05:47)
1047-d330(7/8SJC06:41---SEA08:48)
959-d240(7/8SEA09:52---GEG10:59)
966-d0(7/8GEG13:00---SEA14:15)
1166-d0(7/8SEA15:10---SFO17:29)
1075-d0(7/8SFO18:25---SEA20:37)
1150001-d120(7/8SEA21:48---BUR00:19)
1150-d120(7/9BUR01:14---SEA03:54)
69001-d210(7/9SEA05:05---KTN07:14)
69-d240(7/9KTN08:29---JNU09:30)
2025-Jul-09 15:50:00
--------------------------------------------------------
N275AK[55]
683(7/7ORD13:00---SEA17:39)
2025-Jul-07 18:34:00
2025-Jul-09 15:55:00
--------------------------------------------------------
N277AK[45]
2025-Jul-07 15:00:00
2025-Jul-09 15:45:00
--------------------------------------------------------
N280AK[55]
1089(7/7LAS14:05---PDX16:24)
2025-Jul-07 17:19:00
2025-Jul-09 15:55:00
--------------------------------------------------------
N281AK[30]
2025-Jul-07 15:00:00
2025-Jul-09 15:30:00
--------------------------------------------------------
N282AK[60]
2025-Jul-07 15:00:00
2025-Jul-09 16:00:00
--------------------------------------------------------
N283AK[50]
2025-Jul-07 15:00:00
1314-d0(7/7SJC19:02---SEA21:10)
1086-d60(7/7SEA23:25---ONT02:04)
1087-d60(7/8ONT02:58---SEA05:37)
1098-d330(7/8SEA06:29---SAN09:24)
1020-d330(7/8SAN10:20---MCO15:30)
395-d300(7/8MCO16:20---SEA22:30)
932-d300(7/8SEA23:36---ABQ02:37)
933-d300(7/9ABQ03:31---SEA06:41)
1310-d360(7/9SEA07:36---SJC09:51)
2025-Jul-09 15:50:00
--------------------------------------------------------
N284AK[40]
943(7/7RDM13:00---SEA14:14)
516(7/7SEA14:55---FLL20:52)
2025-Jul-07 21:32:00
2025-Jul-09 15:40:00
--------------------------------------------------------
N285AK[30]
383(7/7BNA12:00---SEA17:06)
2025-Jul-07 17:36:00
2025-Jul-09 15:30:00
--------------------------------------------------------
N287AK[55]
139(7/7ORD14:30---ANC21:15)
2025-Jul-07 22:10:00
226-d0(7/7ANC22:20---SEA01:50)
602-d240(7/8SEA02:49---DEN05:32)
615-d240(7/8DEN06:32---SEA09:42)
161-d300(7/8SEA10:47---EUG12:01)
132-d0(7/8EUG13:00---SEA14:15)
1258-d90(7/8SEA15:30---SAN18:20)
1259-d150(7/8SAN19:30---SEA22:30)
63-d330(7/8SEA23:50---SIT02:14)
58-d330(7/9SIT03:10---SEA05:30)
22-d60(7/9SEA06:41---JFK12:02)
2025-Jul-09 15:55:00
--------------------------------------------------------
N288AK[55]
2025-Jul-07 15:00:00
479-d0(7/7LAS15:00---SEA17:40)
738-d60(7/7SEA18:40---LAS21:19)
756-d90(7/7LAS22:43---PDX01:05)
1176-d90(7/8PDX02:00---PHX04:50)
141-d180(7/8PHX05:57---ANC11:48)
54-d210(7/8ANC12:59---SEA16:30)
N288AK_SEA-17:09/23:09-d0(7/8SEA17:09---7/8 23:09)
535001-d360(7/8SEA23:20---DEN02:07)
535-d360(7/9DEN03:03---SEA06:00)
924-d90(7/9SEA07:18---RDM08:29)
2025-Jul-09 15:55:00
--------------------------------------------------------
N290AK[30]
358(7/7PDX14:00---BOS19:25)
2025-Jul-07 19:55:00
2025-Jul-09 15:30:00
--------------------------------------------------------
N291BT[30]
627(7/7TPA11:00---SEA17:06)
2025-Jul-07 17:36:00
2025-Jul-09 15:30:00
--------------------------------------------------------
N292AK[45]
473(7/7STL11:41---SEA16:10)
2025-Jul-07 16:55:00
2025-Jul-09 15:45:00
--------------------------------------------------------
N293AK[60]
2025-Jul-07 15:00:00
23-d0(7/7JFK17:00---SEA23:08)
658-d300(7/8SEA00:18---LAS03:02)
634-d330(7/8LAS04:09---SFO05:50)
776-d330(7/8SFO07:10---LAS08:55)
393-d0(7/8LAS14:00---PAE16:40)
385-d0(7/8PAE17:40---PHX20:43)
396-d0(7/8PHX21:43---PAE00:44)
391-d0(7/9PAE01:44---LAS04:17)
2025-Jul-09 16:00:00
--------------------------------------------------------
N294AK[50]
281(7/7BNA14:00---SEA19:03)
2025-Jul-07 19:53:00
2025-Jul-09 15:50:00
--------------------------------------------------------
N296AK[50]
2025-Jul-07 15:00:00
2025-Jul-09 15:50:00
--------------------------------------------------------
N297AK[35]
2025-Jul-07 15:00:00
57-d0(7/7ANC16:00---FAI17:05)
234-d0(7/7FAI18:05---SEA21:43)
1108-d330(7/7SEA22:28---SAN01:19)
1297-d300(7/8SAN02:15---PDX04:49)
1370-d300(7/8PDX05:35---AUS09:42)
541-d0(7/8AUS12:37---PDX16:50)
757-d0(7/8PDX17:50---LAS20:09)
676-d0(7/8LAS21:04---SEA23:50)
733-d360(7/9SEA00:38---SLC02:44)
734-d360(7/9SLC03:39---SEA05:54)
315-d120(7/9SEA06:45---CMH11:13)
2025-Jul-09 15:35:00
--------------------------------------------------------
N298AK[55]
533(7/7ATL13:30---SEA18:51)
2025-Jul-07 19:46:00
1254-d270(7/7SEA19:57---ONT22:35)
1111-d270(7/7ONT23:30---SEA02:08)
1198-d360(7/8SEA03:05---SAN05:55)
735-d360(7/8SAN06:51---SEA09:50)
1039-d360(7/8SEA10:45---GEG11:58)
963-d0(7/8GEG14:00---SEA15:14)
648-d90(7/8SEA16:30---TUS19:40)
641-d90(7/8TUS20:36---SEA23:50)
1092-d90(7/9SEA00:48---LAX03:35)
1397-d210(7/9LAX04:37---PDX07:00)
2025-Jul-09 15:55:00
--------------------------------------------------------
N307AS[60]
168(7/7FAI08:14---SEA12:00)
2025-Jul-07 15:00:00
2025-Jul-09 16:00:00
--------------------------------------------------------
N309AS[30]
2025-Jul-07 15:00:00
612-d0(7/7SEA15:46---LAS18:25)
785-d0(7/7LAS19:40---SEA22:24)
1284-d30(7/7SEA23:14---SFO01:27)
1065-d210(7/8SFO05:23---SEA07:41)
185-d150(7/8SEA08:25---JNU10:55)
42-d90(7/8JNU11:25---SEA13:53)
1306-d0(7/8SEA15:00---LAX17:49)
1305-d0(7/8LAX18:55---SEA21:39)
962-d0(7/8SEA23:03---GEG00:13)
964-d0(7/9GEG01:07---SEA02:21)
205-d30(7/9SEA03:06---JNU05:35)
2025-Jul-09 15:30:00
--------------------------------------------------------
N318AS[40]
2025-Jul-07 15:00:00
215-d0(7/7GEG17:03---SEA18:18)
722-d0(7/7SEA19:27---PHX22:30)
975-d30(7/7PHX23:17---SEA02:22)
1194-d30(7/8SEA03:24---SMF05:22)
1217-d0(7/8SMF13:15---SEA15:15)
2025-Jul-09 15:40:00
--------------------------------------------------------
N402AS[60]
1041(7/7BUR14:00---SEA16:37)
2025-Jul-07 17:37:00
2025-Jul-09 16:00:00
--------------------------------------------------------
N403AS[50]
188(7/7ANC13:00---SEA16:30)
2025-Jul-07 17:20:00
2025-Jul-09 15:50:00
--------------------------------------------------------
N408AS[55]
2025-Jul-07 15:00:00
2025-Jul-09 15:55:00
--------------------------------------------------------
N409AS[55]
150(7/7ANC08:34---LAX13:55)
2025-Jul-07 15:00:00
798-d0(7/7LAX16:50---SEA19:35)
1132-d0(7/7SEA20:35---SFO22:48)
591-d0(7/7SFO23:44---SEA01:54)
744-d240(7/8SEA02:59---PHX05:57)
662-d360(7/8PHX07:05---PDX09:48)
1239-d0(7/8PDX14:00---PHX16:46)
637-d0(7/8PHX17:46---SEA20:53)
1216-d180(7/8SEA22:01---SMF00:01)
1358-d180(7/9SMF00:56---SEA02:54)
1054-d120(7/9SEA03:55---LAX06:42)
1215-d330(7/9LAX07:55---SEA10:47)
161-d360(7/9SEA11:47---EUG13:01)
2025-Jul-09 15:55:00
--------------------------------------------------------
N413AS[40]
324(7/7PDX14:02---ORD18:07)
2025-Jul-07 18:47:00
2025-Jul-09 15:40:00
--------------------------------------------------------
N419AS[60]
2025-Jul-07 15:00:00
2025-Jul-09 16:00:00
--------------------------------------------------------
N423AS[30]
446(7/7PHL10:45---SEA16:42)
2025-Jul-07 17:12:00
2025-Jul-09 15:30:00
--------------------------------------------------------
N431AS[55]
292(7/7SFO14:54---EWR20:29)
2025-Jul-07 21:24:00
2025-Jul-09 15:55:00
--------------------------------------------------------
N433AS[45]
2025-Jul-07 15:00:00
2025-Jul-09 15:45:00
--------------------------------------------------------
N434AS[40]
408(7/7SEA13:00---ORD17:07)
2025-Jul-07 17:47:00
2025-Jul-09 15:40:00
--------------------------------------------------------
N435AS[55]
920(7/7RDU11:36---SEA17:30)
2025-Jul-07 18:25:00
1010-d0(7/7SEA18:39---GEG19:48)
1011-d30(7/7GEG20:53---SEA22:07)
357001-d150(7/7SEA23:05---MCI02:31)
357-d150(7/8MCI03:26---SEA07:26)
1168-d360(7/8SEA08:25---BUR10:59)
1063-d0(7/8BUR14:20---PDX16:37)
499-d270(7/8PDX17:35---SEA18:39)
697001-d0(7/8SEA19:52---MSO21:17)
697-d0(7/8MSO22:13---SEA23:51)
1098-d0(7/9SEA00:59---SAN03:54)
1005-d120(7/9SAN04:57---SFO06:37)
455-d120(7/9SFO07:43---IAD12:50)
2025-Jul-09 15:55:00
--------------------------------------------------------
N440AS[30]
459(7/7BOS11:20---SEA17:38)
2025-Jul-07 18:08:00
2025-Jul-09 15:30:00
--------------------------------------------------------
N442AS[55]
542(7/7SEA07:25---DFW11:20)
365(7/7DFW14:00---SEA18:27)
2025-Jul-07 19:22:00
2025-Jul-09 15:55:00
--------------------------------------------------------
N448AS[45]
242(7/7MKE11:30---SEA15:53)
2025-Jul-07 16:38:00
2025-Jul-09 15:45:00
--------------------------------------------------------
N453AS[50]
42(7/7JNU09:55---SEA12:23)
2025-Jul-07 15:00:00
648-d0(7/7SEA15:00---TUS18:10)
641-d0(7/7TUS19:06---SEA22:20)
101-d360(7/7SEA23:12---KTN01:17)
102-d360(7/8KTN02:13---SEA04:15)
115-d30(7/8SEA05:29---FAI09:19)
156-d0(7/8FAI10:09---SEA13:44)
1290001-d0(7/8SEA15:00---BUR17:36)
1290-d0(7/8BUR18:30---SEA21:08)
1046-d0(7/8SEA22:08---SJC00:17)
1047-d0(7/9SJC01:11---SEA03:18)
509-d360(7/9SEA04:15---SLC06:18)
510-d360(7/9SLC07:12---SEA09:30)
119-d270(7/9SEA10:29---ANC14:09)
2025-Jul-09 15:50:00
--------------------------------------------------------
N457AS[45]
606(7/7SEA14:55---PHX17:52)
2025-Jul-07 18:37:00
2025-Jul-09 15:45:00
--------------------------------------------------------
N459AS[50]
1063(7/7BUR14:20---PDX16:37)
2025-Jul-07 17:27:00
2025-Jul-09 15:50:00
--------------------------------------------------------
N462AS[30]
2025-Jul-07 15:00:00
142-d0(7/7JNU15:38---SEA18:06)
83-d180(7/7SEA19:00---ANC22:35)
162-d150(7/7ANC23:10---SEA02:43)
N462AS_SEA-03:34/06:34-d0(7/8SEA03:34---7/8 06:34)
112-d0(7/8SEA06:50---FAI10:36)
168-d180(7/8FAI11:14---SEA15:00)
682001-d30(7/8SEA15:36---DEN18:23)
1136-d90(7/8DEN19:03---PDX21:50)
836-d60(7/8PDX22:30---SFO00:22)
591-d90(7/9SFO01:14---SEA03:24)
1086-d330(7/9SEA03:55---ONT06:34)
1087-d330(7/9ONT07:28---SEA10:07)
545-d360(7/9SEA10:45---IND15:00)
2025-Jul-09 15:30:00
--------------------------------------------------------
N464AS[55]
453(7/7IAH11:00---SEA15:40)
2025-Jul-07 16:35:00
N464AS_SEA-15:40/18:40-d0(7/7SEA15:40---7/7 18:40)
494001-d0(7/7SEA19:33---SAT23:37)
494-d0(7/8SAT00:37---SEA04:53)
205-d210(7/8SEA06:06---JNU08:35)
70001-d210(7/8JNU09:45---SIT10:29)
73001-d0(7/8SIT14:00---JNU14:44)
142-d60(7/8JNU16:08---SEA18:36)
1017-d90(7/8SEA19:50---PDX20:53)
1016-d90(7/8PDX21:55---SEA22:55)
1010-d330(7/8SEA23:50---GEG00:59)
1011-d360(7/9GEG02:23---SEA03:37)
590-d300(7/9SEA04:42---SFO06:53)
307-d210(7/9SFO07:58---BOS13:40)
2025-Jul-09 15:55:00
--------------------------------------------------------
N467AS[40]
132(7/7EUG13:00---SEA14:15)
2025-Jul-07 15:00:00
2025-Jul-09 15:40:00
--------------------------------------------------------
N469AS[30]
1130(7/7GEG14:00---SAN16:47)
2025-Jul-07 17:17:00
2025-Jul-09 15:30:00
--------------------------------------------------------
N471AS[60]
643(7/7DEN12:00---SEA15:01)
2025-Jul-07 16:01:00
2025-Jul-09 16:00:00
--------------------------------------------------------
N472AS[50]
35(7/7JFK14:00---SAN19:52)
2025-Jul-07 20:42:00
2025-Jul-09 15:50:00
--------------------------------------------------------
N474AS[40]
942(7/7ORD11:00---SEA15:37)
2025-Jul-07 16:17:00
2025-Jul-09 15:40:00
--------------------------------------------------------
N477AS[60]
963(7/7GEG14:00---SEA15:14)
2025-Jul-07 16:14:00
2025-Jul-09 16:00:00
--------------------------------------------------------
N478AS[40]
2025-Jul-07 15:00:00
47-d0(7/7ANC15:15---SEA18:52)
502-d210(7/7SEA19:33---AUS23:41)
518-d270(7/8AUS01:41---SFO05:27)
922-d150(7/8SFO06:19---SEA08:32)
1227-d150(7/8SEA09:29---AUS13:37)
1228-d0(7/8AUS14:45---SEA19:12)
904-d90(7/8SEA19:53---BZN21:36)
905-d90(7/8BZN22:30---SEA00:29)
600-d150(7/9SEA01:12---LAS03:46)
634-d360(7/9LAS04:39---SFO06:20)
922-d210(7/9SFO07:19---SEA09:32)
380-d330(7/9SEA10:15---DTW14:35)
2025-Jul-09 15:40:00
--------------------------------------------------------
N481AS[60]
18(7/7PDX14:20---JFK19:45)
2025-Jul-07 20:45:00
2025-Jul-09 16:00:00
--------------------------------------------------------
N483AS[60]
54(7/7ANC09:29---SEA13:00)
2025-Jul-07 15:00:00
2025-Jul-09 16:00:00
--------------------------------------------------------
N486AS[50]
2025-Jul-07 15:00:00
2025-Jul-09 15:50:00
--------------------------------------------------------
N487AS[55]
546(7/7IND10:30---SEA15:19)
2025-Jul-07 16:14:00
2025-Jul-09 15:55:00
--------------------------------------------------------
N491AS[45]
316(7/7CMH11:00---SEA16:05)
2025-Jul-07 16:50:00
2025-Jul-09 15:45:00
--------------------------------------------------------
N492AS[60]
974(7/7SAN14:00---PDX16:35)
2025-Jul-07 17:35:00
2025-Jul-09 16:00:00
--------------------------------------------------------
N493AS[55]
430(7/7SEA14:14---SLC16:16)
2025-Jul-07 17:11:00
796-d0(7/7SLC17:12---SEA19:28)
1256-d150(7/7SEA20:35---PSP23:29)
582-d240(7/8PSP01:10---SEA04:00)
590-d330(7/8SEA05:12---SFO07:23)
1327-d330(7/8SFO08:19---SEA10:35)
924-d360(7/8SEA11:48---RDM12:59)
943-d60(7/8RDM14:00---SEA15:14)
1108-d0(7/8SEA16:58---SAN19:49)
1097-d0(7/8SAN20:45---SEA23:45)
1048001-d0(7/9SEA00:59---LAX03:50)
1301-d270(7/9LAX04:45---SEA07:30)
360-d150(7/9SEA08:28---TPA13:55)
2025-Jul-09 15:55:00
--------------------------------------------------------
N494AS[45]
2025-Jul-07 15:00:00
2025-Jul-09 15:45:00
--------------------------------------------------------
N495AS[60]
2025-Jul-07 15:00:00
2025-Jul-09 16:00:00
--------------------------------------------------------
N506AS[45]
799(7/7PHX13:00---SEA16:04)
2025-Jul-07 16:49:00
2025-Jul-09 15:45:00
--------------------------------------------------------
N508AS[50]
2025-Jul-07 15:00:00
2025-Jul-09 15:50:00
--------------------------------------------------------
N512AS[55]
2025-Jul-07 15:00:00
2025-Jul-09 15:55:00
--------------------------------------------------------
N513AS[55]
2025-Jul-07 15:00:00
2025-Jul-09 15:55:00
--------------------------------------------------------
N514AS[50]
1293(7/7LAX13:00---SEA15:50)
2025-Jul-07 16:40:00
174-d0(7/7SEA16:57---FAI20:40)
103-d0(7/7FAI21:35---ANC22:40)
183-d90(7/7ANC23:40---DLG00:55)
182-d90(7/8DLG01:50---ANC03:00)
272-d0(7/8ANC04:10---SEA07:45)
N514AS_SEA-07:45/12:45-d0(7/8SEA07:45---7/8 12:45)
1226-d0(7/8SEA14:00---SJC16:08)
1311001-d0(7/8SJC17:00---SEA19:13)
174-d210(7/8SEA20:27---FAI00:10)
103-d210(7/9FAI01:05---ANC02:10)
181-d240(7/9ANC03:06---DLG04:21)
182001-d240(7/9DLG05:15---ANC06:22)
45-d330(7/9ANC07:19---BET08:39)
46-d330(7/9BET09:29---ANC10:48)
2025-Jul-09 15:50:00
--------------------------------------------------------
N516AS[55]
1148(7/7SEA14:20---SNA17:15)
2025-Jul-07 18:10:00
2025-Jul-09 15:55:00
--------------------------------------------------------
N517AS[55]
2025-Jul-07 15:00:00
2025-Jul-09 15:55:00
--------------------------------------------------------
N518AS[60]
302(7/7ANC09:44---PDX13:20)
867(7/7PDX14:56---KOA20:50)
2025-Jul-07 21:50:00
2025-Jul-09 16:00:00
--------------------------------------------------------
N519AS[40]
349(7/7BWI11:51---SEA17:40)
2025-Jul-07 18:20:00
2025-Jul-09 15:40:00
--------------------------------------------------------
N520AS[50]
645(7/7PHX14:05---SEA17:09)
2025-Jul-07 17:59:00
2025-Jul-09 15:50:00
--------------------------------------------------------
N523AS[50]
15(7/7DCA12:59---SAN18:20)
2025-Jul-07 19:10:00
2025-Jul-09 15:50:00
--------------------------------------------------------
N525AS[40]
21(7/7JFK11:00---SEA17:13)
2025-Jul-07 17:53:00
1112-d0(7/7SEA18:31---SFO20:47)
1225-d0(7/7SFO21:45---SEA23:54)
1202-d0(7/8SEA00:35---SNA03:25)
774-d0(7/8SNA04:15---SEA07:05)
N525AS_SEA-07:05/10:05-d0(7/8SEA07:05---7/8 10:05)
1292-d360(7/8SEA10:07---LAX12:59)
504-d0(7/8LAX14:00---SEA16:47)
1190-d90(7/8SEA17:30---SNA20:19)
1061-d30(7/8SNA21:00---SEA23:45)
1018-d300(7/9SEA00:31---BOI02:04)
947-d300(7/9BOI03:00---PDX04:21)
1162-d60(7/9PDX05:30---SAN08:05)
259-d180(7/9SAN08:45---BOS14:30)
2025-Jul-09 15:40:00
--------------------------------------------------------
N526AS[50]
210(7/7FAI13:52---SEA17:40)
2025-Jul-07 18:30:00
2025-Jul-09 15:50:00
--------------------------------------------------------
N527AS[50]
2025-Jul-07 15:00:00
2025-Jul-09 15:50:00
--------------------------------------------------------
N529AS[60]
869(7/7SJC14:00---KOA19:30)
2025-Jul-07 20:30:00
2025-Jul-09 16:00:00
--------------------------------------------------------
N530AS[60]
2025-Jul-07 15:00:00
1169-d0(7/7SFO15:48---SEA17:58)
79-d240(7/7SEA19:00---ANC22:36)
151001-d0(7/7ANC23:40---AKN00:49)
151-d0(7/8AKN01:59---ANC03:10)
45-d150(7/8ANC04:19---BET05:39)
46-d180(7/8BET06:59---ANC08:18)
110-d30(7/8ANC09:25---SEA12:56)
N530AS_SEA-13:19/16:19-d0(7/8SEA13:19---7/8 16:19)
1148-d120(7/8SEA16:20---SNA19:15)
740-d60(7/8SNA20:42---SFO22:10)
929-d90(7/8SFO23:35---PDX01:20)
1100-d270(7/9PDX02:25---SNA04:57)
1085-d300(7/9SNA06:17---PDX08:39)
728-d300(7/9PDX09:40---LAS11:59)
2025-Jul-09 16:00:00
--------------------------------------------------------
N531AS[45]
2025-Jul-07 15:00:00
2025-Jul-09 15:45:00
--------------------------------------------------------
N532AS[60]
1109(7/7SEA13:00---SAN15:53)
2025-Jul-07 16:53:00
2025-Jul-09 16:00:00
--------------------------------------------------------
N535AS[50]
1151(7/7OAK14:00---SEA16:07)
2025-Jul-07 16:57:00
2025-Jul-09 15:50:00
--------------------------------------------------------
N536AS[45]
1(7/7DCA12:00---SEA17:56)
2025-Jul-07 18:41:00
2025-Jul-09 15:45:00
--------------------------------------------------------
N537AS[50]
1124(7/7LAX14:00---PDX16:23)
2025-Jul-07 17:13:00
2025-Jul-09 15:50:00
--------------------------------------------------------
N538AS[55]
2025-Jul-07 15:00:00
2025-Jul-09 15:55:00
--------------------------------------------------------
N546AS[45]
2025-Jul-07 15:00:00
2025-Jul-09 15:45:00
--------------------------------------------------------
N548AS[35]
2025-Jul-07 15:00:00
2025-Jul-09 15:35:00
--------------------------------------------------------
N549AS[50]
2025-Jul-07 15:00:00
231-d0(7/7ANC15:10---ADQ16:11)
232-d0(7/7ADQ17:03---ANC18:01)
43-d0(7/7ANC19:28---BET20:50)
44-d30(7/7BET21:41---ANC23:04)
155-d30(7/8ANC00:02---OME01:39)
155001-d30(7/8OME02:29---ANC04:03)
47-d0(7/8ANC15:15---SEA18:52)
175-d0(7/8SEA19:55---ANC23:27)
177-d0(7/9ANC02:30---ADQ03:30)
2025-Jul-09 15:50:00
--------------------------------------------------------
N551AS[55]
2025-Jul-07 15:00:00
2025-Jul-09 15:55:00
--------------------------------------------------------
N552AS[30]
981(7/7SFO13:00---SEA15:04)
2025-Jul-07 15:34:00
908-d0(7/7SEA18:30---PSC19:39)
909-d0(7/7PSC20:30---SEA21:38)
1018-d150(7/7SEA22:18---BOI23:51)
947-d150(7/8BOI00:30---PDX01:51)
1100-d270(7/8PDX02:25---SNA04:57)
1085-d270(7/8SNA05:47---PDX08:09)
1158-d360(7/8PDX08:48---SNA11:18)
1181-d0(7/8SNA14:00---PDX16:30)
128-d0(7/8PDX17:30---SFO19:24)
1043-d360(7/8SFO20:00---SEA22:05)
1030-d0(7/8SEA22:48---BZN00:31)
1031-d0(7/9BZN01:25---SEA03:35)
1042001-d300(7/9SEA04:17---SBP06:43)
1042-d300(7/9SBP07:35---SEA10:07)
1152-d360(7/9SEA10:44---OAK13:01)
2025-Jul-09 15:30:00
--------------------------------------------------------
N553AS[45]
1298(7/7PDX14:00---SNA16:31)
2025-Jul-07 17:16:00
2025-Jul-09 15:45:00
--------------------------------------------------------
N556AS[45]
1181(7/7SNA14:00---PDX16:30)
2025-Jul-07 17:15:00
2025-Jul-09 15:45:00
--------------------------------------------------------
N557AS[60]
701(7/7LAS13:00---SEA15:45)
2025-Jul-07 16:45:00
149-d0(7/7SEA16:50---ANC20:26)
66-d0(7/7ANC21:26---CDV22:21)
66001-d30(7/7CDV23:43---YAK00:43)
66003-d60(7/8YAK02:05---JNU03:03)
66002-d90(7/8JNU04:25---SEA06:53)
498-d120(7/8SEA08:03---PDX08:59)
728-d330(7/8PDX10:10---LAS12:29)
701-d30(7/8LAS13:30---SEA16:15)
908-d0(7/8SEA18:30---PSC19:39)
909-d30(7/8PSC21:00---SEA22:08)
67002-d60(7/8SEA23:33---KTN01:40)
67001-d90(7/9KTN02:55---SIT03:50)
67003-d120(7/9SIT05:08---JNU05:52)
66002-d240(7/9JNU06:55---SEA09:23)
144-d210(7/9SEA10:29---ANC14:09)
2025-Jul-09 16:00:00
--------------------------------------------------------
N560AS[60]
2025-Jul-07 15:00:00
2025-Jul-09 16:00:00
--------------------------------------------------------
N562AS[50]
2025-Jul-07 15:00:00
2025-Jul-09 15:50:00
--------------------------------------------------------
N564AS[45]
1325(7/7SNA13:45---SEA16:42)
2025-Jul-07 17:27:00
2025-Jul-09 15:45:00
--------------------------------------------------------
N565AS[45]
173(7/7SEA13:00---ANC16:40)
2025-Jul-07 17:25:00
2025-Jul-09 15:45:00
--------------------------------------------------------
N568AS[60]
2025-Jul-07 15:00:00
1071-d0(7/7SAN15:59---SEA19:02)
900-d30(7/7SEA20:05---RNO22:03)
601-d120(7/7RNO23:32---SEA01:29)
67002-d240(7/8SEA02:33---KTN04:40)
94-d330(7/8KTN06:05---SEA08:05)
228-d360(7/8SEA09:25---ANC13:04)
62-d0(7/8ANC14:45---JNU16:28)
62001-d30(7/8JNU17:50---SIT18:35)
62003-d60(7/8SIT19:57---KTN20:58)
62002-d90(7/8KTN22:18---SEA00:17)
357001-d300(7/9SEA01:35---MCI05:01)
357-d330(7/9MCI06:26---SEA10:26)
498-d330(7/9SEA11:33---PDX12:29)
2025-Jul-09 16:00:00
--------------------------------------------------------
N569AS[40]
790(7/7SFO14:00---LIH19:47)
2025-Jul-07 20:27:00
2025-Jul-09 15:40:00
--------------------------------------------------------
N570AS[60]
2025-Jul-07 15:00:00
2025-Jul-09 16:00:00
--------------------------------------------------------
N577AS[50]
260(7/7BOS12:40---SAN18:50)
2025-Jul-07 19:40:00
2025-Jul-09 15:50:00
--------------------------------------------------------
N579AS[50]
1316(7/7SEA13:00---LAX15:50)
2025-Jul-07 16:40:00
6-d0(7/7LAX20:31---DCA01:42)
3-d330(7/8DCA02:32---SEA08:30)
1050-d360(7/8SEA09:26---SFO11:40)
981-d0(7/8SFO13:00---SEA15:04)
1254-d30(7/8SEA15:57---ONT18:35)
1111-d30(7/8ONT19:30---SEA22:08)
N579AS_SEA-22:47/01:47-d0(7/8SEA22:47---7/9 01:47)
1321-d120(7/9SEA02:08---STS04:09)
1321001-d120(7/9STS05:01---SEA07:07)
536-d90(7/9SEA08:10---BOS13:30)
2025-Jul-09 15:50:00
--------------------------------------------------------
N581AS[50]
526(7/7PDX14:04---SFO15:53)
2025-Jul-07 16:43:00
2025-Jul-09 15:50:00
--------------------------------------------------------
N586AS[50]
62(7/7ANC14:45---JNU16:28)
2025-Jul-07 17:18:00
62001-d0(7/7JNU17:37---SIT18:22)
62003-d0(7/7SIT19:19---KTN20:20)
62002-d30(7/7KTN21:18---SEA23:17)
154001-d330(7/8SEA00:23---RDM01:35)
154-d330(7/8RDM02:30---SEA03:50)
1321-d300(7/8SEA05:08---STS07:09)
1321001-d300(7/8STS08:01---SEA10:07)
119-d300(7/8SEA10:59---ANC14:39)
302-d360(7/8ANC15:44---PDX19:20)
775-d150(7/8PDX20:12---ANC23:56)
66-d210(7/9ANC00:56---CDV01:51)
66001-d210(7/9CDV02:43---YAK03:43)
66003-d210(7/9YAK04:35---JNU05:33)
67-d120(7/9JNU06:40---ANC08:28)
59-d180(7/9ANC09:35---MSP15:00)
2025-Jul-09 15:50:00
--------------------------------------------------------
N587AS[45]
2025-Jul-07 15:00:00
2025-Jul-09 15:45:00
--------------------------------------------------------
N589AS[60]
2025-Jul-07 15:00:00
2025-Jul-09 16:00:00
--------------------------------------------------------
N590AS[55]
5(7/7DCA13:59---LAX19:33)
2025-Jul-07 20:28:00
2025-Jul-09 15:55:00
--------------------------------------------------------
N592AS[45]
2025-Jul-07 15:00:00
2025-Jul-09 15:45:00
--------------------------------------------------------
N593AS[50]
393(7/7LAS14:00---PAE16:40)
2025-Jul-07 17:30:00
2025-Jul-09 15:50:00
--------------------------------------------------------
N594AS[55]
1136001(7/7PDX14:00---DEN16:37)
2025-Jul-07 17:32:00
2025-Jul-09 15:55:00
--------------------------------------------------------
N596AS[45]
966(7/7GEG13:00---SEA14:15)
2025-Jul-07 15:00:00
N596AS_SEA-15:00/03:00-d0(7/7SEA15:00---7/8 03:00)
92-d330(7/8SEA03:03---KTN05:11)
67001-d300(7/8KTN06:25---SIT07:20)
67003-d300(7/8SIT08:08---JNU08:52)
67-d300(7/8JNU09:40---ANC11:28)
593-d0(7/8ANC13:05---PDX16:42)
863-d0(7/8PDX17:30---GEG18:41)
864-d0(7/8GEG19:36---PDX20:48)
1235-d0(7/8PDX21:34---DEN00:10)
1131-d0(7/9DEN01:06---PDX03:50)
1158-d120(7/9PDX04:48---SNA07:18)
1203-d360(7/9SNA08:14---SEA11:07)
959-d360(7/9SEA11:52---GEG12:59)
2025-Jul-09 15:45:00
--------------------------------------------------------
N597AS[55]
2025-Jul-07 15:00:00
2025-Jul-09 15:55:00
--------------------------------------------------------
N607AS[40]
186(7/7JNU13:00---SEA15:28)
2025-Jul-07 16:08:00
2025-Jul-09 15:40:00
--------------------------------------------------------
N609AS[40]
931(7/7RNO14:00---SEA15:56)
2025-Jul-07 16:36:00
72-d0(7/7SEA17:20---JNU19:51)
64001-d0(7/7JNU21:21---PSG22:07)
64003-d0(7/7PSG22:52---WRG23:25)
64004-d0(7/8WRG00:10---KTN00:55)
64002-d0(7/8KTN01:40---SEA03:35)
720-d270(7/8SEA04:16---FAT06:28)
721-d270(7/8FAT07:10---SEA09:37)
736-d360(7/8SEA10:40---RNO12:35)
931-d0(7/8RNO14:00---SEA15:56)
65003-d180(7/8SEA17:00---KTN19:04)
65001-d180(7/8KTN19:49---WRG20:28)
65004-d180(7/8WRG21:13---PSG21:44)
65002-d180(7/8PSG22:29---JNU23:19)
157-d0(7/9JNU00:02---GST00:41)
77-d0(7/9GST01:35---JNU02:14)
65-d360(7/9JNU03:07---ANC04:53)
151001-d360(7/9ANC05:40---AKN06:49)
151-d330(7/9AKN07:29---ANC08:40)
70-d360(7/9ANC09:45---JNU11:27)
70001-d360(7/9JNU12:15---SIT12:59)
2025-Jul-09 15:40:00
--------------------------------------------------------
N611AS[40]
55(7/7ANC13:45---SCC15:30)
2025-Jul-07 16:10:00
2025-Jul-09 15:40:00
--------------------------------------------------------
N612AS[50]
2025-Jul-07 15:00:00
64-d0(7/7ANC18:50---JNU20:33)
74-d90(7/7JNU21:52---SEA00:15)
95-d270(7/8SEA01:10---JNU03:42)
157-d270(7/8JNU04:32---GST05:11)
77-d270(7/8GST06:05---JNU06:44)
60-d0(7/8JNU15:14---KTN16:15)
60001-d30(7/8KTN17:30---SEA19:33)
1328-d120(7/8SEA20:31---OAK22:44)
1247-d120(7/8OAK23:38---SEA01:38)
1146-d150(7/9SEA02:29---SAN05:19)
1110-d150(7/9SAN06:15---SEA09:21)
736-d360(7/9SEA10:40---RNO12:35)
2025-Jul-09 15:50:00
--------------------------------------------------------
N613AS[40]
148(7/7ANC08:29---SEA12:00)
65003(7/7SEA14:00---KTN16:04)
2025-Jul-07 16:44:00
2025-Jul-09 15:40:00
--------------------------------------------------------
N615AS[45]
2025-Jul-07 15:00:00
60-d0(7/7JNU15:14---KTN16:15)
65001-d30(7/7KTN17:19---WRG17:58)
65004-d30(7/7WRG18:43---PSG19:14)
65002-d30(7/7PSG19:59---JNU20:49)
65-d30(7/7JNU21:37---ANC23:23)
108-d360(7/8ANC00:22---FAI01:27)
140-d360(7/8FAI02:17---SEA06:00)
69001-d330(7/8SEA07:05---KTN09:14)
69-d330(7/8KTN09:59---JNU11:00)
186-d0(7/8JNU13:00---SEA15:28)
61002-d150(7/8SEA16:30---JNU18:59)
61001-d150(7/8JNU19:49---YAK20:48)
61003-d150(7/8YAK21:38---CDV22:39)
61-d150(7/8CDV23:29---ANC00:30)
89-d210(7/9ANC01:24---ADQ02:27)
88-d210(7/9ADQ03:19---ANC04:19)
86-d330(7/9ANC05:15---SCC07:01)
87-d360(7/9SCC08:15---ANC10:00)
2025-Jul-09 15:45:00
--------------------------------------------------------
N618AS[50]
593(7/7ANC13:05---PDX16:42)
2025-Jul-07 17:32:00
775-d0(7/7PDX17:42---ANC21:26)
201-d0(7/7ANC23:15---JNU00:58)
84-d0(7/8JNU01:55---ANC03:43)
86-d300(7/8ANC04:45---SCC06:31)
87-d330(7/8SCC07:45---ANC09:30)
82-d0(7/8ANC14:00---SEA17:31)
72-d90(7/8SEA18:25---JNU20:56)
64001-d30(7/8JNU21:51---PSG22:37)
64003-d60(7/8PSG23:52---WRG00:25)
64004-d90(7/9WRG01:40---KTN02:25)
64002-d120(7/9KTN03:40---SEA05:35)
97-d360(7/9SEA06:40---FAI10:25)
192-d360(7/9FAI11:25---ANC12:32)
2025-Jul-09 15:50:00
--------------------------------------------------------
N619AS[40]
61002(7/7SEA14:00---JNU16:29)
2025-Jul-07 17:09:00
2025-Jul-09 15:40:00
--------------------------------------------------------
N622AS[45]
73001(7/7SIT14:00---JNU14:44)
2025-Jul-07 15:29:00
2025-Jul-09 15:45:00
--------------------------------------------------------
N703AL[40]
2025-Jul-07 15:00:00
2025-Jul-09 15:40:00
--------------------------------------------------------
N705AL[50]
618(7/7ABQ14:00---SEA17:15)
2025-Jul-07 18:05:00
2025-Jul-09 15:50:00
--------------------------------------------------------
N706AL[55]
2025-Jul-07 15:00:00
2025-Jul-09 15:55:00
--------------------------------------------------------
N707AL[55]
2025-Jul-07 15:00:00
2025-Jul-09 15:55:00
--------------------------------------------------------
N708AL[60]
373(7/7EWR13:00---SFO19:13)
2025-Jul-07 20:13:00
2025-Jul-09 16:00:00
--------------------------------------------------------
N709AL[55]
2025-Jul-07 15:00:00
2025-Jul-09 15:55:00
--------------------------------------------------------
N710AL[50]
341(7/7PIT12:03---SEA17:28)
2025-Jul-07 18:18:00
2025-Jul-09 15:50:00
--------------------------------------------------------
N712AL[50]
563(7/7MCI11:45---SEA15:47)
2025-Jul-07 16:37:00
1080-d0(7/7SEA16:55---SJC19:10)
1081-d0(7/7SJC20:04---SEA22:12)
962-d0(7/7SEA23:03---GEG00:13)
964-d0(7/8GEG01:07---SEA02:21)
509-d300(7/8SEA03:15---SLC05:18)
510-d300(7/8SLC06:12---SEA08:30)
644-d330(7/8SEA09:25---PHX12:24)
799-d30(7/8PHX13:30---SEA16:34)
1007-d30(7/8SEA17:24---PHX20:25)
1006-d30(7/8PHX21:25---SEA00:30)
386-d0(7/9SEA01:37---MSP04:59)
229-d300(7/9MSP05:49---SEA09:45)
423-d240(7/9SEA10:36---SAT14:40)
2025-Jul-09 15:50:00
--------------------------------------------------------
N713AL[60]
249(7/7SFO14:20---BOS20:01)
2025-Jul-07 21:01:00
389-d0(7/7BOS21:45---SAN04:00)
1199-d180(7/8SAN05:05---SEA08:07)
1152-d270(7/8SEA09:14---OAK11:31)
1151-d0(7/8OAK14:00---SEA16:07)
505-d0(7/8SEA17:17---LAX20:10)
1083-d0(7/8LAX21:10---SEA23:54)
632-d0(7/9SEA00:59---PHX04:00)
611-d300(7/9PHX05:29---SEA08:35)
464-d180(7/9SEA09:59---ATL14:49)
2025-Jul-09 16:00:00
--------------------------------------------------------
N716AL[55]
368(7/7SFO14:00---MCO19:34)
2025-Jul-07 20:29:00
2025-Jul-09 15:55:00
--------------------------------------------------------
N719AL[60]
458(7/7IAD12:10---SFO17:55)
2025-Jul-07 18:55:00
2025-Jul-09 16:00:00
--------------------------------------------------------
N720AL[60]
917(7/7MCO14:00---SEA20:10)
2025-Jul-07 21:10:00
2025-Jul-09 16:00:00
--------------------------------------------------------
N722AL[30]
2025-Jul-07 15:00:00
2025-Jul-09 15:30:00
--------------------------------------------------------
N723AL[60]
1021(7/7MCO11:00---SAN16:04)
2025-Jul-07 17:04:00
2025-Jul-09 16:00:00
--------------------------------------------------------
N724AL[30]
377(7/7ATL10:30---SEA15:57)
2025-Jul-07 16:27:00
2025-Jul-09 15:30:00
--------------------------------------------------------
N725AL[55]
2025-Jul-07 15:00:00
718-d0(7/7SFO15:50---LAS17:32)
1467-d0(7/7LAS18:27---PDX20:48)
836-d30(7/7PDX22:00---SFO23:52)
571-d120(7/8SFO00:48---LAS02:31)
403-d60(7/8LAS03:45---SEA06:37)
478-d360(7/8SEA07:50---LAS10:26)
570-d360(7/8LAS11:21---SFO12:59)
718-d0(7/8SFO15:50---LAS17:32)
1467-d0(7/8LAS18:27---PDX20:48)
1287-d0(7/8PDX21:50---BUR00:09)
1107-d0(7/9BUR01:04---PDX03:21)
1455-d210(7/9PDX04:19---ANC08:10)
164-d120(7/9ANC09:18---DEN14:35)
2025-Jul-09 15:55:00
--------------------------------------------------------
N729AL[55]
428(7/7CVG12:40---SEA17:39)
2025-Jul-07 18:34:00
934001-d0(7/7SEA19:08---EUG20:24)
934-d30(7/7EUG21:41---SEA22:59)
1030-d90(7/8SEA00:18---BZN02:01)
905-d360(7/8BZN03:00---SEA04:59)
1264-d120(7/8SEA06:03---SAN08:59)
1067-d360(7/8SAN09:59---GEG12:44)
1130-d0(7/8GEG14:00---SAN16:47)
1073-d0(7/8SAN17:50---PDX20:28)
121-d210(7/8PDX21:23---BUR23:42)
122-d210(7/9BUR00:37---PDX02:55)
1160-d360(7/9PDX03:50---LAX06:15)
1093-d360(7/9LAX07:15---SEA10:00)
115-d360(7/9SEA10:59---FAI14:49)
2025-Jul-09 15:55:00
--------------------------------------------------------
N731AL[45]
111(7/7ORD05:59---ANC12:37)
82(7/7ANC14:00---SEA17:31)
2025-Jul-07 18:16:00
2025-Jul-09 15:45:00
--------------------------------------------------------
N732AL[60]
2025-Jul-07 15:00:00
2025-Jul-09 16:00:00
--------------------------------------------------------
N733AL[30]
308(7/7BOS11:30---SFO18:07)
2025-Jul-07 18:37:00
2025-Jul-09 15:30:00
--------------------------------------------------------
N734AL[60]
548(7/7CLE11:00---SEA16:09)
2025-Jul-07 17:09:00
2025-Jul-09 16:00:00
--------------------------------------------------------
N738AL[45]
1043(7/7SFO14:00---SEA16:05)
2025-Jul-07 16:50:00
2025-Jul-09 15:45:00
--------------------------------------------------------
N801AK[50]
2025-Jul-07 15:00:00
226-d0(7/8ANC22:20---SEA01:50)
1138-d240(7/9SEA03:04---SBA05:40)
1139-d240(7/9SBA06:30---SEA09:07)
2025-Jul-09 15:50:00
--------------------------------------------------------
N803AK[50]
623(7/7JFK13:45---ANC21:26)
2025-Jul-07 22:16:00
51-d0(7/7ANC22:26---BRW00:25)
50-d0(7/8BRW01:15---ANC03:05)
622-d0(7/8ANC04:20---JFK11:33)
623-d0(7/8JFK13:45---ANC21:26)
137-d330(7/8ANC22:25---OTZ00:02)
137001-d330(7/9OTZ00:54---ANC02:24)
51-d300(7/9ANC03:26---BRW05:25)
50-d300(7/9BRW06:15---ANC08:05)
2025-Jul-09 15:50:00
--------------------------------------------------------
N804AK[50]
2025-Jul-07 15:00:00
2025-Jul-09 15:50:00
--------------------------------------------------------
N805AK[60]
2025-Jul-07 15:00:00
1179-d0(7/7LAX15:00---SEA17:53)
1144-d0(7/7SEA19:33---LAX22:27)
578-d0(7/8LAX16:05---PDX18:31)
330-d0(7/8PDX19:31---LAX21:59)
2025-Jul-09 16:00:00
--------------------------------------------------------
N806AK[55]
511(7/7PHX14:00---PDX16:43)
2025-Jul-07 17:38:00
757-d0(7/7PDX17:50---LAS20:09)
676-d30(7/7LAS21:34---SEA00:20)
1048-d30(7/8SEA01:39---LAX04:30)
1179-d0(7/8LAX15:00---SEA17:53)
1202-d0(7/9SEA00:35---SNA03:25)
774-d30(7/9SNA04:45---SEA07:35)
136-d360(7/9SEA08:55---ANC12:38)
2025-Jul-09 15:55:00
--------------------------------------------------------
N809AK[60]
491(7/7SEA13:00---DFW17:00)
2025-Jul-07 18:00:00
543-d0(7/7DFW18:00---SEA22:17)
N809AK_SEA-22:17/01:17-d0(7/7SEA22:17---7/8 01:17)
91-d0(7/8SEA04:15---SIT06:44)
90-d0(7/8SIT15:15---SEA17:39)
843-d0(7/8SEA19:05---KOA01:19)
788-d120(7/9KOA02:40---SFO08:00)
2025-Jul-09 16:00:00
--------------------------------------------------------
N812AK[30]
110(7/7ANC08:55---SEA12:26)
1082(7/7SEA14:00---SFO16:11)
2025-Jul-07 16:41:00
739-d0(7/7SFO18:00---SNA19:40)
1061-d60(7/7SNA21:30---SEA00:15)
1125-d60(7/8SEA00:47---SLC02:50)
719-d60(7/8SLC03:44---SEA06:07)
154001-d0(7/8SEA18:32---RDM19:44)
154-d0(7/8RDM20:38---SEA21:58)
807-d300(7/8SEA22:31---KOA04:40)
880-d0(7/9KOA07:30---SEA13:19)
2025-Jul-09 15:30:00
--------------------------------------------------------
N813AK[40]
912(7/7SFO14:20---SAN16:02)
2025-Jul-07 16:42:00
1259-d0(7/7SAN17:00---SEA20:00)
2-d0(7/7SEA21:13---DCA02:14)
9-d330(7/8DCA03:13---PDX09:01)
1162-d330(7/8PDX10:00---SAN12:35)
1154-d0(7/8SAN14:15---SEA17:22)
900-d0(7/8SEA18:40---RNO20:38)
601-d0(7/8RNO21:32---SEA23:29)
1144-d330(7/9SEA00:30---LAX03:24)
1167-d300(7/9LAX04:05---PDX06:26)
579-d300(7/9PDX07:35---LAX10:05)
2025-Jul-09 15:40:00
--------------------------------------------------------
N903AK[60]
2025-Jul-07 15:00:00
2025-Jul-09 16:00:00
--------------------------------------------------------
N912AK[60]
284(7/7LAX14:00---EWR19:34)
2025-Jul-07 20:34:00
2025-Jul-09 16:00:00
--------------------------------------------------------
N913AK[50]
1101(7/7PDX14:00---LAS16:19)
2025-Jul-07 17:09:00
2025-Jul-09 15:50:00
--------------------------------------------------------
N915AK[60]
1239(7/7PDX14:00---PHX16:46)
2025-Jul-07 17:46:00
2025-Jul-09 16:00:00
--------------------------------------------------------
N917AK[30]
2025-Jul-07 15:00:00
2025-Jul-09 15:30:00
--------------------------------------------------------
N918AK[60]
2025-Jul-07 15:00:00
613-d0(7/7LAS15:30---SFO17:10)
1113-d120(7/7SFO18:15---SEA20:30)
904-d210(7/7SEA21:53---BZN23:36)
1031-d0(7/8BZN01:25---SEA03:35)
97-d240(7/8SEA04:40---FAI08:25)
192-d240(7/8FAI09:25---ANC10:32)
150-d180(7/8ANC11:34---LAX16:55)
1240-d0(7/8LAX18:02---PDX20:25)
946-d0(7/8PDX21:30---BOI22:48)
1019-d30(7/9BOI00:13---SEA01:50)
1156-d0(7/9SEA02:59---SAN06:00)
729-d210(7/9SAN07:07---PDX09:44)
1057-d300(7/9PDX10:52---DFW14:40)
2025-Jul-09 16:00:00
--------------------------------------------------------
N919AK[30]
248(7/7ANC14:30---SEA18:08)
2025-Jul-07 18:38:00
2025-Jul-09 15:30:00
--------------------------------------------------------
N920AK[45]
1091(7/7ONT13:00---SEA15:42)
2025-Jul-07 16:27:00
2025-Jul-09 15:45:00
--------------------------------------------------------
N921AK[30]
745(7/7DEN14:00---SEA17:00)
2025-Jul-07 17:30:00
1166-d150(7/7SEA17:40---SFO19:59)
835-d90(7/7SFO20:33---PDX22:20)
1016-d150(7/7PDX22:55---SEA23:55)
697001-d270(7/8SEA00:38---MSO02:03)
697-d270(7/8MSO02:43---SEA04:21)
445-d360(7/8SEA05:08---RNO06:59)
523-d360(7/8RNO07:47---SEA09:42)
636-d360(7/8SEA10:18---LAS13:01)
613-d0(7/8LAS15:30---SFO17:10)
1169-d150(7/8SFO17:50---SEA20:00)
1114-d90(7/8SEA20:39---SJC22:59)
1175-d90(7/8SJC23:54---SEA02:04)
1168-d30(7/9SEA02:55---BUR05:29)
1052-d240(7/9BUR06:18---SEA09:07)
328-d180(7/9SEA09:40---ORD13:40)
2025-Jul-09 15:30:00
--------------------------------------------------------
N924AK[45]
85(7/7SEA14:00---ANC17:35)
2025-Jul-07 18:20:00
2025-Jul-09 15:45:00
--------------------------------------------------------
N926AK[60]
351(7/7IAD10:30---SEA16:17)
2025-Jul-07 17:17:00
1017-d0(7/7SEA18:20---PDX19:23)
330-d60(7/7PDX20:31---LAX22:59)
1167-d60(7/8LAX00:05---PDX02:26)
579-d60(7/8PDX03:35---LAX06:05)
803-d150(7/8LAX07:06---PDX09:29)
1291-d360(7/8PDX10:30---LAX12:59)
1124-d0(7/8LAX14:00---PDX16:23)
1143-d0(7/8PDX17:30---LAX20:00)
1315-d0(7/8LAX21:05---PDX23:25)
778-d180(7/9PDX00:30---LAS02:49)
599-d210(7/9LAS04:15---SEA07:00)
490-d120(7/9SEA08:16---MSY12:50)
2025-Jul-09 16:00:00
--------------------------------------------------------
N928AK[40]
499(7/7PDX13:05---SEA14:09)
2025-Jul-07 15:00:00
2025-Jul-09 15:40:00
--------------------------------------------------------
N929AK[60]
504(7/7LAX14:00---SEA16:47)
2025-Jul-07 17:47:00
2025-Jul-09 16:00:00
--------------------------------------------------------
N931AK[30]
2025-Jul-07 15:00:00
2025-Jul-09 15:30:00
--------------------------------------------------------
N932AK[60]
2025-Jul-07 15:00:00
2025-Jul-09 16:00:00
--------------------------------------------------------
N933AK[55]
2025-Jul-07 15:00:00
2025-Jul-09 15:55:00
--------------------------------------------------------
N934AK[60]
1076(7/7PDX14:00---LAX16:39)
2025-Jul-07 17:39:00
2025-Jul-09 16:00:00
--------------------------------------------------------
N935AK[55]
156(7/7FAI10:09---SEA13:44)
2025-Jul-07 15:00:00
2025-Jul-09 15:55:00
--------------------------------------------------------
N936AK[60]
1193(7/7SJC14:03---SEA16:15)
2025-Jul-07 17:15:00
2025-Jul-09 16:00:00
--------------------------------------------------------
N938AK[45]
573(7/7DFW11:00---SEA15:17)
2025-Jul-07 16:02:00
2025-Jul-09 15:45:00
--------------------------------------------------------
N941AK[60]
1154(7/7SAN14:15---SEA17:22)
2025-Jul-07 18:22:00
2025-Jul-09 16:00:00
--------------------------------------------------------
N942AK[60]
2025-Jul-07 15:00:00
2025-Jul-09 16:00:00
--------------------------------------------------------
N947AK[30]
1217(7/7SMF13:15---SEA15:15)
2025-Jul-07 15:45:00
2025-Jul-09 15:30:00
--------------------------------------------------------
N948AK[60]
2025-Jul-07 15:00:00
2025-Jul-09 16:00:00
--------------------------------------------------------
N949AK[60]
2025-Jul-07 15:00:00
2025-Jul-09 16:00:00
--------------------------------------------------------
N952AK[50]
381(7/7DTW11:00---SEA15:57)
2025-Jul-07 16:47:00
2025-Jul-09 15:50:00
--------------------------------------------------------
N953AK[60]
68(7/7MSP13:20---ANC19:20)
2025-Jul-07 20:20:00
107-d0(7/7ANC21:40---SEA01:08)
1224-d0(7/8SEA02:55---LAX05:46)
1397-d360(7/8LAX07:07---PDX09:30)
N953AK_PDX-10:00/14:00-d0(7/8PDX10:00---7/8 14:00)
1074-d0(7/8PDX14:25---SAN17:00)
1265-d300(7/8SAN18:15---SEA21:16)
92-d60(7/8SEA22:33---KTN00:41)
102-d360(7/9KTN01:52---SEA03:54)
980-d30(7/9SEA05:10---SFO07:29)
374-d210(7/9SFO08:49---EWR14:24)
2025-Jul-09 16:00:00
--------------------------------------------------------
N954AK[50]
1226(7/7SEA14:00---SJC16:08)
2025-Jul-07 16:58:00
2025-Jul-09 15:50:00
--------------------------------------------------------
N955AK[55]
2025-Jul-07 15:00:00
2025-Jul-09 15:55:00
--------------------------------------------------------
N956AK[60]
1265(7/7SAN13:15---SEA16:16)
2025-Jul-07 17:16:00
2025-Jul-09 16:00:00
--------------------------------------------------------
N958AK[30]
361(7/7OMA11:05---SEA14:47)
2025-Jul-07 15:17:00
2025-Jul-09 15:30:00
--------------------------------------------------------
N960AK[30]
387(7/7MSP11:40---SEA15:44)
2025-Jul-07 16:14:00
1306-d90(7/7SEA16:30---LAX19:19)
578-d240(7/7LAX20:05---PDX22:31)
1160-d90(7/7PDX23:20---LAX01:45)
1279-d240(7/8LAX02:16---GEG04:47)
965-d180(7/8GEG05:44---SEA07:00)
328-d60(7/8SEA07:40---ORD11:40)
413-d30(7/8ORD12:30---PDX16:55)
526-d210(7/8PDX17:34---SFO19:23)
835-d60(7/8SFO20:03---PDX21:50)
1296-d300(7/8PDX22:40---SAN01:15)
1199-d0(7/9SAN02:05---SEA05:07)
1468-d330(7/9SEA05:45---LAX08:30)
282-d300(7/9LAX09:26---EWR14:59)
2025-Jul-09 15:30:00
--------------------------------------------------------
N961AK[30]
336(7/7BOS10:00---PDX16:17)
2025-Jul-07 16:47:00
2025-Jul-09 15:30:00
--------------------------------------------------------
N962AK[60]
2025-Jul-07 15:00:00
2025-Jul-09 16:00:00
--------------------------------------------------------
N963AK[60]
831(7/7PDX14:00---OGG19:55)
2025-Jul-07 20:55:00
898-d0(7/7OGG21:25---PDX02:49)
1287-d360(7/8PDX03:50---BUR06:09)
1052-d300(7/8BUR07:18---SEA10:07)
144-d270(7/8SEA11:29---ANC15:09)
48001-d0(7/8ANC16:25---SEA20:01)
101-d270(7/8SEA21:23---KTN23:28)
94-d0(7/9KTN00:35---SEA02:35)
225-d210(7/9SEA03:45---ANC07:24)
138-d210(7/9ANC08:38---ORD14:54)
2025-Jul-09 16:00:00
--------------------------------------------------------
N964AK[60]
797(7/7SEA14:00---LAX16:50)
2025-Jul-07 17:50:00
2025-Jul-09 16:00:00
--------------------------------------------------------
N966AK[60]
30(7/7SFO13:18---JFK19:00)
2025-Jul-07 20:00:00
2025-Jul-09 16:00:00
--------------------------------------------------------
N967AK[60]
303(7/7DFW12:25---PDX16:28)
2025-Jul-07 17:28:00
2025-Jul-09 16:00:00
--------------------------------------------------------
N968AK[50]
737(7/7BOI12:25---SEA14:05)
2025-Jul-07 15:00:00
2025-Jul-09 15:50:00
--------------------------------------------------------
N969AK[55]
24(7/7SAN14:00---JFK19:39)
2025-Jul-07 20:34:00
25-d0(7/7JFK20:44---SAN02:41)
1005-d60(7/8SAN03:57---SFO05:37)
525-d270(7/8SFO06:35---PDX08:20)
1057-d210(7/8PDX09:22---DFW13:10)
573-d210(7/8DFW14:30---SEA18:47)
71-d60(7/8SEA19:43---JNU22:19)
176-d60(7/8JNU23:15---SEA01:42)
1198-d360(7/9SEA03:05---SAN05:55)
735-d360(7/9SAN06:51---SEA09:50)
112-d240(7/9SEA10:50---FAI14:36)
2025-Jul-09 15:55:00
--------------------------------------------------------
N972AK[30]
399(7/7IAH14:00---SEA18:45)
2025-Jul-07 19:15:00
2025-Jul-09 15:30:00
--------------------------------------------------------
N973AK[30]
595(7/7AUS12:15---SEA16:40)
2025-Jul-07 17:10:00
2025-Jul-09 15:30:00
--------------------------------------------------------
N974AK[30]
298(7/7SEA13:41---EWR19:00)
2025-Jul-07 19:30:00
2025-Jul-09 15:30:00
--------------------------------------------------------
N975AK[60]
299(7/7EWR11:19---SEA17:31)
2025-Jul-07 18:31:00
2025-Jul-09 16:00:00
--------------------------------------------------------
N976AK[40]
1228(7/7AUS14:45---SEA19:12)
2025-Jul-07 19:52:00
2025-Jul-09 15:40:00
--------------------------------------------------------
N977AK[55]
451(7/7MSY12:10---SEA17:16)
2025-Jul-07 18:11:00
1278-d0(7/7SEA18:14---ONT20:53)
1242-d30(7/7ONT21:51---SEA00:28)
730-d30(7/8SEA01:29---LAS04:08)
749-d60(7/8LAS05:19---SEA08:06)
1034-d360(7/8SEA09:14---BOI10:46)
737-d0(7/8BOI12:25---SEA14:05)
555001-d0(7/8SEA15:05---MSP18:29)
555-d0(7/8MSP19:25---SEA23:15)
549-d210(7/9SEA00:10---DFW04:06)
550-d210(7/9DFW05:06---SEA09:29)
452-d210(7/9SEA10:29---IAH14:50)
2025-Jul-09 15:55:00
--------------------------------------------------------
N978AK[60]
784(7/7PDX14:00---ATL18:46)
2025-Jul-07 19:46:00
2025-Jul-09 16:00:00
--------------------------------------------------------
N982AK[55]
433(7/7TPA13:00---SAN17:50)
2025-Jul-07 18:45:00
2025-Jul-09 15:55:00
--------------------------------------------------------
N983AK[50]
495(7/7SAT12:00---SEA16:24)
2025-Jul-07 17:14:00
2025-Jul-09 15:50:00
--------------------------------------------------------
N984AK[35]
395(7/7MCO11:20---SEA17:30)
2025-Jul-07 18:05:00
2025-Jul-09 15:35:00
--------------------------------------------------------
N985AK[60]
2025-Jul-07 15:00:00
2025-Jul-09 16:00:00
--------------------------------------------------------
N990AK[60]
2025-Jul-07 15:00:00
2025-Jul-09 16:00:00
--------------------------------------------------------
N407AS[60]
2025-Jul-07 15:00:00
2025-Jul-09 16:00:00
--------------------------------------------------------
N428AS[60]
2025-Jul-07 15:00:00
2025-Jul-09 16:00:00
--------------------------------------------------------
N468AS[45]
2025-Jul-07 15:00:00
2025-Jul-09 15:45:00
--------------------------------------------------------
N479AS[60]
2025-Jul-07 15:00:00
2025-Jul-09 16:00:00
--------------------------------------------------------
N563AS[45]
2025-Jul-07 15:00:00
2025-Jul-09 15:45:00
--------------------------------------------------------
N566AS[60]
2025-Jul-07 15:00:00
2025-Jul-09 16:00:00
--------------------------------------------------------
N588AS[60]
2025-Jul-07 15:00:00
2025-Jul-09 16:00:00
--------------------------------------------------------
N614AS[50]
2025-Jul-07 15:00:00
1051-d0(7/7SEA16:50---BUR19:26)
1038-d0(7/7BUR20:20---SEA22:59)
1146-d0(7/7SEA23:59---SAN02:49)
1294-d150(7/8SAN03:48---PDX06:20)
197-d150(7/8PDX07:20---ANC11:04)
55-d0(7/8ANC13:45---SCC15:30)
55001-d30(7/8SCC16:44---ANC18:28)
231-d270(7/8ANC19:40---ADQ20:41)
232-d270(7/8ADQ21:33---ANC22:31)
43-d270(7/8ANC23:29---BET00:51)
44-d270(7/9BET01:41---ANC03:04)
155-d270(7/9ANC04:02---OME05:39)
155001-d270(7/9OME06:29---ANC08:03)
2025-Jul-09 15:50:00
--------------------------------------------------------
N946AK[55]
2025-Jul-07 15:00:00
2025-Jul-09 15:55:00
--------------------------------------------------------
N971AK[55]
2025-Jul-07 15:00:00
2025-Jul-09 15:55:00
--------------------------------------------------------
N979AK[55]
2025-Jul-07 15:00:00
2025-Jul-09 15:55:00
--------------------------------------------------------
================== Unassigned Flights ==================
196(7/7ADQ15:00---ANC15:57)
1410(7/7SFO15:00---PDX16:45)
366001(7/7SEA15:02---MKE18:54)
1149(7/7SNA15:02---SEA17:56)
682001(7/7SEA15:06---DEN17:53)
916(7/7SEA15:08---MCO20:50)
233(7/7SAN15:10---EWR20:43)
405001(7/7SEA15:11---OKC18:48)
1255(7/7SMF15:13---SEA17:15)
90(7/7SIT15:15---SEA17:39)
414(7/7SEA15:17---DFW19:19)
214(7/7LAX15:20---IAD20:25)
306(7/7SEA15:21---BOS20:45)
26(7/7SEA15:05+17---JFK20:29+17)
305001(7/7SEA15:25---MIA21:20)
227(7/7JFK15:30---SFO21:48)
313001(7/7SEA15:30---DTW19:50)
890(7/7SEA15:03+29---ORD19:13+29)
555001(7/7SEA15:05+28---MSP18:29+28)
73(7/7JNU15:34---ANC17:24)
390(7/7SAN15:40---BOS21:27)
165(7/7DEN15:20+23---ANC20:54+23)
402(7/7SEA15:47---CHS21:00)
560(7/7LAX15:30+24---KOA21:10+24)
572001(7/7SEA15:55---RDU21:01)
388(7/7SEA15:32+26---STL19:26+26)
4(7/7SEA15:34+26---DCA20:43+26)
320(7/7SAN16:00---MCO21:13)
270(7/7ONT16:00---HNL21:55)
1190(7/7SEA16:00---SNA18:49)
1268(7/7PDX16:00---BNA20:19)
825(7/7SEA15:09+54---OGG21:20+54)
418001(7/7SEA16:13---MCI19:39)
55001(7/7SCC16:14---ANC17:58)
10(7/7PDX15:00+75---DCA20:02+75)
294(7/7PDX16:00+17---EWR21:21+17)
326(7/7SEA16:24---TPA21:50)
899(7/7SAN16:19+23---KOA22:20+23)
568(7/7SEA16:19+23---MSY20:53+23)
442(7/7SEA16:42---PHL21:47)
113(7/7SFO16:05+38---JFK21:47+38)
406001(7/7SEA16:15+28---IAD21:13+28)
8(7/7SFO16:45---DCA21:58)
426(7/7SEA16:50---DFW20:48)
312001(7/7SEA16:06+49---OMA19:17+49)
137(7/7ANC16:55---OTZ18:32)
731(7/7PHX17:00---PAE20:03)
875(7/7SEA17:00---LIH23:15)
1311(7/7SJC17:03---SEA19:14)
1133(7/7SEA17:03---SMF19:03)
198(7/7ANC17:05---PDX20:44)
727(7/7SEA16:22+49---ATL21:11+49)
1007(7/7SEA16:54+18---PHX19:55+18)
508001(7/7SEA17:12---CVG21:37)
505(7/7SEA17:17---LAX20:10)
61001(7/7JNU17:19---YAK18:18)
522001(7/7SEA17:20---BNA21:44)
450001(7/7SEA17:10+17---CMH21:32+17)
829(7/7SAN17:29---OGG23:34)
1143(7/7PDX17:30---LAX20:00)
863(7/7PDX17:30---GEG18:41)
1084(7/7PDX17:30---SNA20:03)
807(7/7SEA17:31---KOA23:40)
60001(7/7KTN17:00+32---SEA19:03+32)
1136(7/7DEN17:33---PDX20:20)
378(7/7SEA17:03+32---BWI22:10+32)
160(7/7ANC17:35---SEA21:09)
216001(7/7SEA17:37---CLE22:01)
887(7/7SEA17:22+16---HNL23:33+16)
385(7/7PAE17:40---PHX20:43)
1296(7/7PDX17:40---SAN20:15)
477(7/7SEA17:10+31---EWR22:29+31)
629(7/7LAS17:14+30---SEA19:58+30)
128(7/7PDX17:30+15---SFO19:24+15)
637(7/7PHX17:46---SEA20:53)
1420(7/7PDX17:30+17---IAH21:50+17)
322(7/7SAN17:48---IAD22:59)
1073(7/7SAN17:50---PDX20:28)
725(7/7PDX17:55---AUS21:56)
49(7/7SEA17:55---ANC21:35)
1277(7/7SNA17:21+37---SEA20:06+37)
818(7/7SEA17:58---BOS23:19)
822(7/7KOA18:00---SEA23:54)
862(7/7OGG18:00---SEA23:38)
1240(7/7LAX18:02---PDX20:25)
500001(7/7SEA17:42+22---IND21:48+22)
535001(7/7SEA17:20+47---DEN20:07+47)
434(7/7SFO18:10---IAD23:19)
1299(7/7SNA18:10---PDX20:34)
300(7/7PDX17:35+39---MCO23:12+39)
824(7/7HNL18:00+16---SEA23:50+16)
891(7/7ORD18:03+17---SEA22:42+17)
48(7/7ANC17:00+84---SEA20:33+84)
1075(7/7SFO18:25---SEA20:37)
104(7/7ANC18:35---SEA22:04)
503(7/7AUS18:36---SEA22:59)
1174(7/7SEA18:22+25---SNA21:14+25)
1328(7/7SEA18:31+17---OAK20:44+17)
682(7/7DEN18:49---SEA21:48)
603(7/7PHX18:52---SEA21:58)
817(7/7SEA18:55---OGG01:10)
1305(7/7LAX18:55---SEA21:39)
480001(7/7SEA17:25+92---MSP20:46+92)
474(7/7SAN18:04+54---ATL22:31+54)
1118(7/7SEA19:00---ONT21:46)
1096(7/7SEA18:41+20---SAN21:38+20)
1216(7/7SEA19:01---SMF21:01)
325(7/7ORD19:03---PDX23:35)
843(7/7SEA19:05---KOA01:19)
61003(7/7YAK19:08---CDV20:09)
733(7/7SEA18:38+32---SLC20:44+32)
1137(7/7SAN19:12---SEA22:10)
412001(7/7SEA18:06+70---PIT22:42+70)
392(7/7PDX18:28+48---DFW22:16+48)
932(7/7SEA18:36+43---ABQ21:37+43)
106001(7/7SEA19:00+22---FAI22:53+22)
63(7/7SEA18:20+63---SIT20:44+63)
137001(7/7OTZ19:24---ANC20:54)
864(7/7GEG19:36---PDX20:48)
1114(7/7SEA19:09+28---SJC21:29+28)
429(7/7SEA17:50+108---ORD21:57+108)
100(7/7ANC19:41---SEA23:10)
14(7/7SAN19:42---DCA00:59)
740(7/7SNA19:42---SFO21:10)
291(7/7SEA19:46---STL23:35)
475(7/7ATL19:47---SAN00:31)
366(7/7MKE19:50---SEA00:16)
438(7/7SEA18:45+69---IAH23:10+69)
598(7/7SFO18:55+59---ORD23:18+59)
175(7/7SEA19:55---ANC23:27)
1281(7/7SMF19:57---SEA21:54)
405(7/7OKC19:44+16---SEA23:38+16)
1150001(7/7SEA19:48+16---BUR22:19+16)
415(7/7DFW20:19---SEA00:34)
34(7/7SEA18:06+137---JFK23:29+137)
388001(7/7STL20:24---SEA00:50)
304(7/7BOS20:25---SEA02:48)
266(7/7ANC20:25---SFO01:05)
555(7/7MSP19:25+63---SEA23:15+63)
808(7/7KOA20:30---SEA02:22)
407(7/7ORD20:09+23---SEA00:49+23)
418(7/7MCI20:34---SEA00:32)
700(7/7SEA20:35---PHX23:29)
419(7/7MCO20:39---SEA02:50)
31(7/7JFK20:45---SEA03:10)
1097(7/7SAN20:45---SEA23:45)
313(7/7DTW20:46---SEA01:45)
840(7/7LIH20:47---SEA02:32)
1159(7/7SNA20:51---PDX23:15)
432(7/7SAN20:52---TPA01:50)
1006(7/7PHX20:55---SEA00:00)
534(7/7SFO20:59---AUS00:45)
61(7/7CDV20:59---ANC22:00)
732(7/7PAE21:00---PHX00:03)
229001(7/7SEA20:35+27---MSP23:53+27)
535(7/7DEN21:03---SEA00:00)
312(7/7OMA20:14+51---SEA23:54+51)
1315(7/7LAX21:05---PDX23:25)
1319(7/7BOS21:06---PDX03:24)
549(7/7SEA20:40+27---DFW00:36+27)
1083(7/7LAX21:10---SEA23:54)
1300(7/7SEA21:10---LAX23:58)
773(7/7SEA21:10---SNA00:01)
189(7/7SEA20:49+21---ANC00:25+21)
410(7/7SEA20:45+27---ORD00:42+27)
1269(7/7BNA21:19---PDX02:15)
280(7/7EWR20:00+84---SEA02:12+84)
507(7/7IAD21:25---SAN02:52)
19(7/7JFK21:29---PDX03:46)
778(7/7PDX21:30---LAS23:49)
462(7/7EWR21:30---SEA03:44)
1235(7/7PDX21:34---DEN00:10)
16(7/7SEA21:37---JFK02:59)
1247(7/7OAK21:38---SEA23:38)
734(7/7SLC21:39---SEA23:54)
58(7/7SIT21:40---SEA00:00)
396(7/7PHX21:43---PAE00:44)
290(7/7EWR21:43---PDX03:50)
646(7/7DFW21:46---PDX01:47)
114(7/7JFK20:39+67---SFO03:02+67)
297(7/7EWR20:34+74---SAN02:26+74)
1204(7/7PDX21:49---SAN00:22)
480(7/7MSP21:50---SEA01:49)
301(7/7MCO21:50---PDX03:50)
894(7/7KOA21:50---SAN03:16)
517(7/7FLL21:52---SEA04:20)
569(7/7MSY21:53---SEA03:00)
89(7/7ANC21:54---ADQ22:57)
1358(7/7SMF21:56---SEA23:54)
131(7/7SEA21:58---ANC01:30)
20(7/7SFO20:24+95---JFK02:08+95)
572(7/7RDU22:01---SEA03:56)
1191(7/7SNA22:02---SEA00:48)
485(7/7CHS22:03---SEA04:00)
929(7/7SFO22:05---PDX23:50)
868(7/7KOA22:10---PDX03:40)
783(7/7ATL22:11---PDX03:35)
397(7/7MCO22:13---SAN03:18)
406(7/7IAD22:13---SEA04:00)
860(7/7OGG22:20---SEA04:00)
305(7/7MIA22:20---SEA05:07)
1175(7/7SJC22:24---SEA00:34)
293(7/7EWR22:24---SFO04:49)
450(7/7CMH22:28---SEA03:35)
933(7/7ABQ22:31---SEA01:41)
819(7/7BOS22:32---SEA05:02)
1135(7/7SAN22:35---SEA01:31)
508(7/7CVG22:37---SEA03:35)
1257(7/7SEA22:38---SNA01:26)
600(7/7SEA22:42---LAS01:16)
460(7/7SEA22:43---BOS03:59)
522(7/7BNA22:44---SEA03:48)
500(7/7IND22:48---SEA03:35)
1052001(7/7SEA22:48---BUR01:24)
1421(7/7IAH22:50---PDX03:15)
56(7/7ANC22:50---SEA02:20)
443(7/7PHL22:52---SEA04:57)
17(7/7JFK22:53---SEA05:22)
420(7/7SEA22:53---MCO04:33)
337(7/7ORD22:54---SEA03:34)
216(7/7CLE22:55---SEA04:00)
271(7/7HNL22:55---ONT04:27)
326001(7/7TPA22:55---SEA05:07)
7(7/7DCA22:58---SFO04:53)
99(7/7SEA22:58---ANC02:42)
348(7/7SEA22:59---IAD03:59)
1396(7/7AUS23:00---PDX03:14)
1119(7/7ONT23:00---SEA01:40)
1138(7/7SEA23:04---SBA01:40)
492(7/7SEA23:09---ATL03:59)
379(7/7BWI23:10---SEA05:07)
1150(7/7BUR23:14---SEA01:54)
317(7/7DFW23:16---SEA03:35)
1042001(7/7SEA23:17---SBP01:43)
1092(7/7SEA23:18---LAX02:05)
561(7/7KOA23:20---LAX04:51)
941(7/7SEA23:25---ORD03:30)
287(7/7EWR23:29---LAX05:35)
334(7/7ATL23:31---SEA05:07)
412(7/7PIT23:42---SEA05:07)
88(7/7ADQ23:49---ANC00:49)
106(7/7FAI23:53---SEA03:35)
435(7/7IAD23:59---SFO05:46)
688(7/7SEA23:59---LAS02:34)
1214(7/8SEA00:04---SJC02:15)
439(7/8IAH00:10---SEA04:53)
369(7/8MCO00:12---SFO05:59)
225(7/8SEA00:15---ANC03:54)
1468(7/8SEA00:15---LAX03:00)
791(7/8LIH00:15---SFO05:29)
1301(7/8LAX00:15---SEA03:00)
821(7/8SAN00:16---LIH06:32)
597(7/8ORD00:18---SFO05:06)
355(7/8BOS00:19---SFO06:59)
213(7/8IAD00:19---LAX05:48)
269(7/8SFO00:22---ANC05:15)
41(7/8JFK00:29---SFO06:59)
611(7/8PHX00:29---SEA03:35)
1122(7/8PDX00:30---SAN03:03)
291001(7/8STL00:32---SEA05:00)
896(7/8HNL00:33---SEA06:31)
806(7/8OGG00:34---SAN05:55)
376(7/8PDX00:35---ORD04:39)
856(7/8KOA00:40---SJC05:45)
398(7/8SEA00:40---IAH04:59)
278(7/8PDX00:40---LAX03:15)
960(7/8SEA00:43---GEG01:50)
382(7/8SEA00:43---BNA04:59)
599(7/8LAS00:45---SEA03:30)
353(7/8PDX00:46---OGG06:39)
229(7/8MSP00:49---SEA04:45)
1229(7/8SNA00:49---SEA03:35)
538(7/8SEA00:54---ORD04:59)
1295(7/8PDX00:55---SFO02:48)
78(7/8SEA00:55---ANC04:37)
372(7/8SEA00:56---AUS05:05)
632(7/8SEA00:59---PHX04:00)
1163(7/8SEA00:59---DEN03:47)
1140(7/8SEA00:59---SFO03:15)
424(7/8SEA00:59---DFW04:59)
1107(7/8BUR01:04---PDX03:21)
1062(7/8PDX01:04---BUR03:23)
564(7/8SEA01:05---MCI04:35)
472(7/8SEA01:06---STL04:59)
1131(7/8DEN01:06---PDX03:50)
241(7/8SEA01:10---MKE04:59)
1093(7/8LAX01:15---SEA04:00)
823(7/8SEA01:25---HNL07:33)
805(7/8SEA01:25---OGG07:34)
143(7/8ANC01:30---SEA05:07)
779(7/8LAS01:31---PDX03:50)
1310(7/8SEA01:36---SJC03:51)
550(7/8DFW01:36---SEA05:59)
386(7/8SEA01:37---MSP04:59)
409(7/8ORD01:42---SEA06:24)
391(7/8PAE01:44---LAS04:17)
839(7/8SEA01:45---LIH07:54)
513(7/8AUS01:45---SFO05:29)
338(7/8SEA01:48---OMA04:59)
1280(7/8GEG01:49---LAX04:35)
1104(7/8SEA01:50---SNA04:39)
939(7/8SEA01:55---SAN04:47)
1028(7/8SAN01:58---OGG07:59)
105(7/8SEA01:59---ANC05:38)
801(7/8SEA01:59---KOA08:04)
1318(7/8SEA02:13---SFO04:22)
1203(7/8SNA02:14---SEA05:07)
1215(7/8LAX02:25---SEA05:17)
1139(7/8SBA02:30---SEA05:07)
177(7/8ANC02:30---ADQ03:30)
1042(7/8SBP02:35---SEA05:07)
1288(7/8SEA02:41---SNA05:30)
193(7/8LAX02:45---ANC08:08)
167(7/8SEA02:50---FAI06:36)
827(7/8ANC02:55---HNL08:59)
136(7/8SEA02:55---ANC06:38)
1156(7/8SEA02:59---SAN06:00)
1289(7/8LAX03:10---SEA06:06)
642(7/8SEA03:17---DEN05:59)
729(7/8SAN03:37---PDX06:14)
1192(7/8SEA03:37---SJC05:49)
1110(7/8SAN03:45---SEA06:51)
70(7/8ANC03:45---JNU05:27)
133(7/8SEA03:55---ANC07:34)
444(7/8SEA04:15---PHL09:25)
1055(7/8LAX04:15---SEA07:06)
282(7/8LAX04:26---EWR09:59)
307(7/8SFO04:28---BOS10:10)
1040(7/8SEA04:30---ONT07:15)
436(7/8PDX04:37---BOS10:00)
980(7/8SEA04:40---SFO06:59)
314(7/8SEA04:40---EWR09:59)
547(7/8SEA04:40---CLE09:11)
545(7/8SEA04:45---IND09:00)
1230(7/8SEA04:45---SMF06:45)
315(7/8SEA04:45---CMH09:13)
1201(7/8SJC04:46---SEA06:59)
919(7/8SEA04:55---RDU10:00)
36(7/8SAN04:56---JFK10:29)
138(7/8ANC05:08---ORD11:24)
374(7/8SFO05:19---EWR10:54)
344(7/8SEA05:20---BWI10:21)
22(7/8SEA05:41---JFK11:02)
455(7/8SFO05:43---IAD10:50)
259(7/8SAN05:45---BOS11:30)
360(7/8SEA05:58---TPA11:25)
111(7/8ORD05:59---ANC12:37)
394(7/8SEA06:05---MCO11:40)
340(7/8SEA06:10---PIT10:43)
490(7/8SEA06:16---MSY10:50)
400(7/8SEA06:18---BNA10:40)
367(7/8SEA06:30---IAD11:27)
59(7/8ANC06:35---MSP12:00)
536(7/8SEA06:40---BOS12:00)
427(7/8SEA06:49---CVG11:07)
464(7/8SEA06:59---ATL11:49)
452(7/8SEA06:59---IAH11:20)
172(7/8ANC07:13---PHX12:45)
164(7/8ANC07:18---DEN12:35)
542(7/8SEA07:25---DFW11:20)
109(7/8ANC07:26---ORD13:40)
880(7/8KOA07:30---SEA13:19)
810(7/8LIH07:32---SEA13:16)
558(7/8OGG07:39---PDX13:00)
148(7/8ANC08:29---SEA12:00)
828(7/8HNL08:33---ANC14:40)
814(7/8OGG08:34---SEA14:11)
826(7/8LIH08:54---SAN14:33)
1029(7/8OGG08:59---SAN14:18)
336(7/8BOS10:00---PDX16:17)
377(7/8ATL10:30---SEA15:57)
351(7/8IAD10:30---SEA16:17)
546(7/8IND10:30---SEA15:19)
446(7/8PHL10:45---SEA16:42)
316(7/8CMH11:00---SEA16:05)
453(7/8IAH11:00---SEA15:40)
21(7/8JFK11:00---SEA17:13)
942(7/8ORD11:00---SEA15:37)
1021(7/8MCO11:00---SAN16:04)
548(7/8CLE11:00---SEA16:09)
627(7/8TPA11:00---SEA17:06)
361(7/8OMA11:05---SEA14:47)
299(7/8EWR11:19---SEA17:31)
459(7/8BOS11:20---SEA17:38)
242(7/8MKE11:30---SEA15:53)
308(7/8BOS11:30---SFO18:07)
920(7/8RDU11:36---SEA17:30)
387(7/8MSP11:40---SEA15:44)
473(7/8STL11:41---SEA16:10)
563(7/8MCI11:45---SEA15:47)
349(7/8BWI11:51---SEA17:40)
289(7/8EWR11:52---LAX17:46)
383(7/8BNA12:00---SEA17:06)
1(7/8DCA12:00---SEA17:56)
643(7/8DEN12:00---SEA15:01)
341(7/8PIT12:03---SEA17:28)
458(7/8IAD12:10---SFO17:55)
451(7/8MSY12:10---SEA17:16)
595(7/8AUS12:15---SEA16:40)
303(7/8DFW12:25---PDX16:28)
260(7/8BOS12:40---SAN18:50)
428(7/8CVG12:40---SEA17:39)
15(7/8DCA12:59---SAN18:20)
1109(7/8SEA13:00---SAN15:53)
433(7/8TPA13:00---SAN17:50)
188(7/8ANC13:00---SEA16:30)
683(7/8ORD13:00---SEA17:39)
408(7/8SEA13:00---ORD17:07)
373(7/8EWR13:00---SFO19:13)
173(7/8SEA13:00---ANC16:40)
491(7/8SEA13:00---DFW17:00)
1316(7/8SEA13:00---LAX15:50)
1091(7/8ONT13:00---SEA15:42)
375(7/8IAD13:00---SEA18:47)
30(7/8SFO13:18---JFK19:00)
68(7/8MSP13:20---ANC19:20)
537(7/8BOS13:20---SEA19:35)
533(7/8ATL13:30---SEA18:51)
298(7/8SEA13:41---EWR19:00)
1325(7/8SNA13:45---SEA16:42)
210(7/8FAI13:52---SEA17:40)
5(7/8DCA13:59---LAX19:33)
745(7/8DEN14:00---SEA17:00)
1298(7/8PDX14:00---SNA16:31)
281(7/8BNA14:00---SEA19:03)
859(7/8SJC14:00---LIH19:44)
1082(7/8SEA14:00---SFO16:11)
368(7/8SFO14:00---MCO19:34)
974(7/8SAN14:00---PDX16:35)
35(7/8JFK14:00---SAN19:52)
284(7/8LAX14:00---EWR19:34)
512(7/8SFO14:00---AUS17:36)
784(7/8PDX14:00---ATL18:46)
1136001(7/8PDX14:00---DEN16:37)
24(7/8SAN14:00---JFK19:39)
1041(7/8BUR14:00---SEA16:37)
831(7/8PDX14:00---OGG19:55)
365(7/8DFW14:00---SEA18:27)
85(7/8SEA14:00---ANC17:35)
917(7/8MCO14:00---SEA20:10)
511(7/8PHX14:00---PDX16:43)
1076(7/8PDX14:00---LAX16:39)
399(7/8IAH14:00---SEA18:45)
789(7/8SFO14:00---KOA19:30)
358(7/8PDX14:00---BOS19:25)
1101(7/8PDX14:00---LAS16:19)
324(7/8PDX14:02---ORD18:07)
1193(7/8SJC14:03---SEA16:15)
645(7/8PHX14:05---SEA17:09)
1089(7/8LAS14:05---PDX16:24)
249(7/8SFO14:20---BOS20:01)
18(7/8PDX14:20---JFK19:45)
912(7/8SFO14:20---SAN16:02)
139(7/8ORD14:30---ANC21:15)
248(7/8ANC14:30---SEA18:08)
292(7/8SFO14:54---EWR20:29)
516(7/8SEA14:55---FLL20:52)
606(7/8SEA14:55---PHX17:52)
867(7/8PDX14:56---KOA20:50)
329(7/8ORD15:00---SEA19:34)
10(7/8PDX15:00---DCA20:02)
1410(7/8SFO15:00---PDX16:45)
196(7/8ADQ15:00---ANC15:57)
479(7/8LAS15:00---SEA17:40)
366001(7/8SEA15:02---MKE18:54)
1149(7/8SNA15:02---SEA17:56)
890(7/8SEA15:03---ORD19:13)
26(7/8SEA15:05---JFK20:29)
916(7/8SEA15:08---MCO20:50)
825(7/8SEA15:09---OGG21:20)
233(7/8SAN15:10---EWR20:43)
1255(7/8SMF15:13---SEA17:15)
1071(7/8SAN15:15---SEA18:18)
165(7/8DEN15:20---ANC20:54)
214(7/8LAX15:20---IAD20:25)
306(7/8SEA15:21---BOS20:45)
305001(7/8SEA15:25---MIA21:20)
560(7/8LAX15:30---KOA21:10)
313001(7/8SEA15:30---DTW19:50)
227(7/8JFK15:30---SFO21:48)
388(7/8SEA15:32---STL19:26)
4(7/8SEA15:34---DCA20:43)
73(7/8JNU15:34---ANC17:24)
390(7/8SAN15:40---BOS21:27)
402(7/8SEA15:47---CHS21:00)
572001(7/8SEA15:55---RDU21:01)
57(7/8ANC16:00---FAI17:05)
270(7/8ONT16:00---HNL21:55)
1268(7/8PDX16:00---BNA20:19)
320(7/8SAN16:00---MCO21:13)
294(7/8PDX16:00---EWR21:21)
83(7/8SEA16:00---ANC19:35)
502(7/8SEA16:03---AUS20:11)
113(7/8SFO16:05---JFK21:47)
312001(7/8SEA16:06---OMA19:17)
418001(7/8SEA16:13---MCI19:39)
406001(7/8SEA16:15---IAD21:13)
1113(7/8SFO16:15---SEA18:30)
568(7/8SEA16:19---MSY20:53)
899(7/8SAN16:19---KOA22:20)
727(7/8SEA16:22---ATL21:11)
326(7/8SEA16:24---TPA21:50)
442(7/8SEA16:42---PHL21:47)
8(7/8SFO16:45---DCA21:58)
1051(7/8SEA16:50---BUR19:26)
149(7/8SEA16:50---ANC20:26)
798(7/8LAX16:50---SEA19:35)
426(7/8SEA16:50---DFW20:48)
731(7/8PHX17:00---PAE20:03)
23(7/8JFK17:00---SEA23:08)
875(7/8SEA17:00---LIH23:15)
1133(7/8SEA17:03---SMF19:03)
378(7/8SEA17:03---BWI22:10)
450001(7/8SEA17:10---CMH21:32)
477(7/8SEA17:10---EWR22:29)
508001(7/8SEA17:12---CVG21:37)
629(7/8LAS17:14---SEA19:58)
522001(7/8SEA17:20---BNA21:44)
1256(7/8SEA17:21---PSP20:15)
1277(7/8SNA17:21---SEA20:06)
887(7/8SEA17:22---HNL23:33)
480001(7/8SEA17:25---MSP20:46)
829(7/8SAN17:29---OGG23:34)
1161(7/8PDX17:30---PHX20:16)
1420(7/8PDX17:30---IAH21:50)
1084(7/8PDX17:30---SNA20:03)
300(7/8PDX17:35---MCO23:12)
160(7/8ANC17:35---SEA21:09)
216001(7/8SEA17:37---CLE22:01)
738(7/8SEA17:40---LAS20:19)
500001(7/8SEA17:42---IND21:48)
1278(7/8SEA17:47---ONT20:26)
322(7/8SAN17:48---IAD22:59)
429001(7/8SEA17:52---ORD21:59)
49(7/8SEA17:55---ANC21:35)
725(7/8PDX17:55---AUS21:56)
818(7/8SEA17:58---BOS23:19)
739(7/8SFO18:00---SNA19:40)
824(7/8HNL18:00---SEA23:50)
822(7/8KOA18:00---SEA23:54)
862(7/8OGG18:00---SEA23:38)
543(7/8DFW18:00---SEA22:17)
891(7/8ORD18:03---SEA22:42)
474(7/8SAN18:04---ATL22:31)
234(7/8FAI18:05---SEA21:43)
34(7/8SEA18:06---JFK23:29)
412001(7/8SEA18:06---PIT22:42)
434(7/8SFO18:10---IAD23:19)
1299(7/8SNA18:10---PDX20:34)
104001(7/8ANC18:15---SEA21:49)
108(7/8ANC18:22---FAI19:27)
1174(7/8SEA18:22---SNA21:14)
392(7/8PDX18:28---DFW22:16)
1112(7/8SEA18:31---SFO20:47)
503(7/8AUS18:36---SEA22:59)
1096(7/8SEA18:41---SAN21:38)
722(7/8SEA18:44---PHX21:47)
438(7/8SEA18:45---IAH23:10)
682(7/8DEN18:49---SEA21:48)
64(7/8ANC18:50---JNU20:33)
603(7/8PHX18:52---SEA21:58)
598(7/8SFO18:55---ORD23:18)
817(7/8SEA18:55---OGG01:10)
658(7/8SEA19:00---LAS21:44)
1118(7/8SEA19:00---ONT21:46)
106001(7/8SEA19:00---FAI22:53)
1314(7/8SJC19:02---SEA21:10)
325(7/8ORD19:03---PDX23:35)
1137(7/8SAN19:12---SEA22:10)
352(7/8SEA19:18---AUS23:30)
494001(7/8SEA19:33---SAT23:37)
100(7/8ANC19:41---SEA23:10)
14(7/8SAN19:42---DCA00:59)
291(7/8SEA19:46---STL23:35)
475(7/8ATL19:47---SAN00:31)
366(7/8MKE19:50---SEA00:16)
1281(7/8SMF19:57---SEA21:54)
280(7/8EWR20:00---SEA02:12)
25(7/8JFK20:00---SAN01:57)
407(7/8ORD20:09---SEA00:49)
620001(7/8SEA20:13---DEN22:54)
312(7/8OMA20:14---SEA23:54)
140(7/8FAI20:17---SEA00:00)
1038(7/8BUR20:20---SEA22:59)
74(7/8JNU20:22---SEA22:45)
20(7/8SFO20:24---JFK02:08)
388001(7/8STL20:24---SEA00:50)
304(7/8BOS20:25---SEA02:48)
266(7/8ANC20:25---SFO01:05)
808(7/8KOA20:30---SEA02:22)
6(7/8LAX20:31---DCA01:42)
418(7/8MCI20:34---SEA00:32)
297(7/8EWR20:34---SAN02:26)
700(7/8SEA20:35---PHX23:29)
229001(7/8SEA20:35---MSP23:53)
114(7/8JFK20:39---SFO03:02)
419(7/8MCO20:39---SEA02:50)
95(7/8SEA20:40---JNU23:12)
162(7/8ANC20:40---SEA00:13)
31(7/8JFK20:45---SEA03:10)
410(7/8SEA20:45---ORD00:42)
313(7/8DTW20:46---SEA01:45)
840(7/8LIH20:47---SEA02:32)
1159(7/8SNA20:51---PDX23:15)
432(7/8SAN20:52---TPA01:50)
898(7/8OGG20:55---PDX02:19)
2(7/8SEA20:58---DCA01:59)
534(7/8SFO20:59---AUS00:45)
732(7/8PAE21:00---PHX00:03)
3(7/8DCA21:02---SEA03:00)
1319(7/8BOS21:06---PDX03:24)
1300(7/8SEA21:10---LAX23:58)
582(7/8PSP21:10---SEA00:00)
773(7/8SEA21:10---SNA00:01)
518(7/8AUS21:11---SFO00:57)
756(7/8LAS21:13---PDX23:35)
1297(7/8SAN21:15---PDX23:49)
1238(7/8PHX21:16---PDX23:59)
1269(7/8BNA21:19---PDX02:15)
1242001(7/8ONT21:22---SEA23:59)
507(7/8IAD21:25---SAN02:52)
19(7/8JFK21:29---PDX03:46)
462(7/8EWR21:30---SEA03:44)
16(7/8SEA21:37---JFK02:59)
9(7/8DCA21:43---PDX03:31)
290(7/8EWR21:43---PDX03:50)
389(7/8BOS21:45---SAN04:00)
1225(7/8SFO21:45---SEA23:54)
646(7/8DFW21:46---PDX01:47)
894(7/8KOA21:50---SAN03:16)
480(7/8MSP21:50---SEA01:49)
301(7/8MCO21:50---PDX03:50)
517(7/8FLL21:52---SEA04:20)
569(7/8MSY21:53---SEA03:00)
131(7/8SEA21:58---ANC01:30)
572(7/8RDU22:01---SEA03:56)
1191(7/8SNA22:02---SEA00:48)
485(7/8CHS22:03---SEA04:00)
1147(7/8LAX22:10---SEA00:54)
868(7/8KOA22:10---PDX03:40)
783(7/8ATL22:11---PDX03:35)
406(7/8IAD22:13---SEA04:00)
397(7/8MCO22:13---SAN03:18)
1279(7/8LAX22:16---GEG00:47)
860(7/8OGG22:20---SEA04:00)
305(7/8MIA22:20---SEA05:07)
293(7/8EWR22:24---SFO04:49)
450(7/8CMH22:28---SEA03:35)
819(7/8BOS22:32---SEA05:02)
1135(7/8SAN22:35---SEA01:31)
508(7/8CVG22:37---SEA03:35)
1257(7/8SEA22:38---SNA01:26)
460(7/8SEA22:43---BOS03:59)
522(7/8BNA22:44---SEA03:48)
975(7/8PHX22:47---SEA01:52)
500(7/8IND22:48---SEA03:35)
1052001(7/8SEA22:48---BUR01:24)
56(7/8ANC22:50---SEA02:20)
1421(7/8IAH22:50---PDX03:15)
443(7/8PHL22:52---SEA04:57)
17(7/8JFK22:53---SEA05:22)
420(7/8SEA22:53---MCO04:33)
271(7/8HNL22:55---ONT04:27)
337001(7/8ORD22:55---SEA03:35)
216(7/8CLE22:55---SEA04:00)
326001(7/8TPA22:55---SEA05:07)
99(7/8SEA22:58---ANC02:42)
7(7/8DCA22:58---SFO04:53)
744(7/8SEA22:59---PHX01:57)
348(7/8SEA22:59---IAD03:59)
1396(7/8AUS23:00---PDX03:14)
1119(7/8ONT23:00---SEA01:40)
445(7/8SEA23:08---RNO00:59)
492(7/8SEA23:09---ATL03:59)
379(7/8BWI23:10---SEA05:07)
201(7/8ANC23:15---JNU00:58)
317(7/8DFW23:16---SEA03:35)
561(7/8KOA23:20---LAX04:51)
941(7/8SEA23:25---ORD03:30)
287(7/8EWR23:29---LAX05:35)
334(7/8ATL23:31---SEA05:07)
412(7/8PIT23:42---SEA05:07)
720(7/8SEA23:46---FAT01:58)
1125(7/8SEA23:47---SLC01:50)
620(7/8DEN23:50---SEA02:50)
106(7/8FAI23:53---SEA03:35)
435(7/8IAD23:59---SFO05:46)
688(7/8SEA23:59---LAS02:34)
1214(7/9SEA00:04---SJC02:15)
439(7/9IAH00:10---SEA04:53)
369(7/9MCO00:12---SFO05:59)
844(7/9LIH00:15---SJC05:24)
821(7/9SAN00:16---LIH06:32)
597(7/9ORD00:18---SFO05:06)
213(7/9IAD00:19---LAX05:48)
355(7/9BOS00:19---SFO06:59)
269(7/9SFO00:22---ANC05:15)
41(7/9JFK00:29---SFO06:59)
1176(7/9PDX00:30---PHX03:20)
339(7/9AUS00:30---SEA05:07)
134(7/9ANC00:30---SEA04:00)
1122(7/9PDX00:30---SAN03:03)
291001(7/9STL00:32---SEA05:00)
896(7/9HNL00:33---SEA06:31)
806(7/9OGG00:34---SAN05:55)
1370(7/9PDX00:35---AUS04:42)
376(7/9PDX00:35---ORD04:39)
494(7/9SAT00:37---SEA04:53)
398(7/9SEA00:40---IAH04:59)
278(7/9PDX00:40---LAX03:15)
382(7/9SEA00:43---BNA04:59)
353(7/9PDX00:46---OGG06:39)
1229(7/9SNA00:49---SEA03:35)
538(7/9SEA00:54---ORD04:59)
1295(7/9PDX00:55---SFO02:48)
78(7/9SEA00:55---ANC04:37)
372(7/9SEA00:56---AUS05:05)
730(7/9SEA00:59---LAS03:38)
424(7/9SEA00:59---DFW04:59)
1140(7/9SEA00:59---SFO03:15)
1163(7/9SEA00:59---DEN03:47)
1062(7/9PDX01:04---BUR03:23)
662(7/9PHX01:05---PDX03:48)
564(7/9SEA01:05---MCI04:35)
472(7/9SEA01:06---STL04:59)
241(7/9SEA01:10---MKE04:59)
805(7/9SEA01:25---OGG07:34)
823(7/9SEA01:25---HNL07:33)
779(7/9LAS01:31---PDX03:50)
409(7/9ORD01:42---SEA06:24)
513(7/9AUS01:45---SFO05:29)
839(7/9SEA01:45---LIH07:54)
523(7/9RNO01:47---SEA03:42)
338(7/9SEA01:48---OMA04:59)
1280(7/9GEG01:49---LAX04:35)
478(7/9SEA01:50---LAS04:26)
1104(7/9SEA01:50---SNA04:39)
84(7/9JNU01:55---ANC03:43)
939(7/9SEA01:55---SAN04:47)
1028(7/9SAN01:58---OGG07:59)
1318001(7/9SEA01:59---SFO04:12)
801(7/9SEA01:59---KOA08:04)
525(7/9SFO02:05---PDX03:50)
721(7/9FAT02:40---SEA05:07)
1288(7/9SEA02:41---SNA05:30)
719(7/9SLC02:44---SEA05:07)
1327(7/9SFO02:49---SEA05:05)
167(7/9SEA02:50---FAI06:36)
1224(7/9SEA02:55---LAX05:46)
827(7/9ANC02:55---HNL08:59)
141(7/9PHX02:57---ANC08:48)
1004(7/9SEA02:59---GEG04:09)
1034(7/9SEA03:14---BOI04:46)
642(7/9SEA03:17---DEN05:59)
228(7/9SEA03:25---ANC07:04)
268(7/9ANC03:25---SEA07:06)
644(7/9SEA03:55---PHX06:54)
133(7/9SEA03:55---ANC07:34)
1067(7/9SAN03:59---GEG06:44)
1264(7/9SEA04:03---SAN06:59)
444(7/9SEA04:15---PHL09:25)
91(7/9SEA04:15---SIT06:44)
622(7/9ANC04:20---JFK11:33)
1040(7/9SEA04:30---ONT07:15)
436(7/9PDX04:37---BOS10:00)
197001(7/9PDX04:40---ANC08:24)
547(7/9SEA04:40---CLE09:11)
314(7/9SEA04:40---EWR09:59)
1039(7/9SEA04:45---GEG05:58)
1230(7/9SEA04:45---SMF06:45)
1020(7/9SAN04:50---MCO10:00)
919(7/9SEA04:55---RDU10:00)
36(7/9SAN04:56---JFK10:29)
344(7/9SEA05:20---BWI10:21)
185(7/9SEA05:55---JNU08:25)
394(7/9SEA06:05---MCO11:40)
340(7/9SEA06:10---PIT10:43)
367(7/9SEA06:30---IAD11:27)
427(7/9SEA06:49---CVG11:07)
1227(7/9SEA06:59---AUS11:07)
109(7/9ANC07:26---ORD13:40)
810(7/9LIH07:32---SEA13:16)
558(7/9OGG07:39---PDX13:00)
828(7/9HNL08:33---ANC14:40)
814(7/9OGG08:34---SEA14:11)
826(7/9LIH08:54---SAN14:33)
1029(7/9OGG08:59---SAN14:18)
