111-7/7	N731AL	N731AL	-NA-
542-7/7	N442AS	N442AS	-NA-
168-7/7	N307AS	N307AS	-NA-
148-7/7	N613AS	N613AS	-NA-
150-7/7	N409AS	N409AS	-NA-
110-7/7	N812AK	N812AK	-NA-
54-7/7	N483AS	N483AS	-NA-
302-7/7	N518AS	N518AS	-NA-
42-7/7	N453AS	N453AS	-NA-
336-7/7	N961AK	N961AK	-NA-
156-7/7	N935AK	N935AK	-NA-
377-7/7	N724AL	N724AL	-NA-
351-7/7	N926AK	N926AK	-NA-
546-7/7	N487AS	N487AS	-NA-
446-7/7	N423AS	N423AS	-NA-
548-7/7	N734AL	N734AL	-NA-
1021-7/7	N723AL	N723AL	-NA-
627-7/7	N291BT	N291BT	-NA-
453-7/7	N464AS	N464AS	-NA-
942-7/7	N474AS	N474AS	-NA-
573-7/7	N938AK	N938AK	-NA-
381-7/7	N952AK	N952AK	-NA-
316-7/7	N491AS	N491AS	-NA-
21-7/7	N525AS	N525AS	-NA-
361-7/7	N958AK	N958AK	-NA-
299-7/7	N975AK	N975AK	-NA-
459-7/7	N440AS	N440AS	-NA-
395-7/7	N984AK	N984AK	-NA-
242-7/7	N448AS	N448AS	-NA-
308-7/7	N733AL	N733AL	-NA-
920-7/7	N435AS	N435AS	-NA-
387-7/7	N960AK	N960AK	-NA-
473-7/7	N292AK	N292AK	-NA-
563-7/7	N712AL	N712AL	-NA-
349-7/7	N519AS	N519AS	-NA-
289-7/7	N273AK	N273AK	-NA-
643-7/7	N471AS	N471AS	-NA-
413-7/7	N268AK	N268AK	-NA-
1-7/7	N536AS	N536AS	-NA-
495-7/7	N983AK	N983AK	-NA-
383-7/7	N285AK	N285AK	-NA-
341-7/7	N710AL	N710AL	-NA-
458-7/7	N719AL	N719AL	-NA-
451-7/7	N977AK	N977AK	-NA-
595-7/7	N973AK	N973AK	-NA-
737-7/7	N968AK	N968AK	-NA-
303-7/7	N967AK	N967AK	-NA-
541-7/7	N265AK	N265AK	-NA-
428-7/7	N729AL	N729AL	-NA-
260-7/7	N577AS	N577AS	-NA-
15-7/7	N523AS	N523AS	-NA-
375-7/7	N214AK	N214AK	-NA-
1316-7/7	N579AS	N579AS	-NA-
408-7/7	N434AS	N434AS	-NA-
491-7/7	N809AK	N809AK	-NA-
1091-7/7	N920AK	N920AK	-NA-
966-7/7	N596AS	N596AS	-NA-
186-7/7	N607AS	N607AS	-NA-
132-7/7	N467AS	N467AS	-NA-
1109-7/7	N532AS	N532AS	-NA-
173-7/7	N565AS	N565AS	-NA-
683-7/7	N275AK	N275AK	-NA-
943-7/7	N284AK	N284AK	-NA-
701-7/7	N557AS	N557AS	-NA-
981-7/7	N552AS	N552AS	-NA-
433-7/7	N982AK	N982AK	-NA-
373-7/7	N708AL	N708AL	-NA-
799-7/7	N506AS	N506AS	-NA-
188-7/7	N403AS	N403AS	-NA-
1293-7/7	N514AS	N514AS	-NA-
N483AS_SEA-13:00/18:00	N483AS	N483AS	-NA-
593-7/7	N618AS	N618AS	-NA-
499-7/7	N928AK	N928AK	-NA-
1265-7/7	N956AK	N956AK	-NA-
1217-7/7	N947AK	N947AK	-NA-
30-7/7	N966AK	N966AK	-NA-
537-7/7	N248AK	N248AK	-NA-
68-7/7	N953AK	N953AK	-NA-
533-7/7	N298AK	N298AK	-NA-
298-7/7	N974AK	N974AK	-NA-
55-7/7	N611AS	N611AS	-NA-
623-7/7	N803AK	N803AK	-NA-
1325-7/7	N564AS	N564AS	-NA-
210-7/7	N526AS	N526AS	-NA-
5-7/7	N590AS	N590AS	-NA-
931-7/7	N609AS	N609AS	-NA-
1043-7/7	N738AL	N738AL	-NA-
963-7/7	N477AS	N477AS	-NA-
797-7/7	N964AK	N964AK	-NA-
511-7/7	N806AK	N806AK	-NA-
1151-7/7	N535AS	N535AS	-NA-
35-7/7	N472AS	N472AS	-NA-
831-7/7	N963AK	N963AK	-NA-
358-7/7	N290AK	N290AK	-NA-
1082-7/7	N812AK	N812AK	-NA-
784-7/7	N978AK	N978AK	-NA-
1130-7/7	N469AS	N469AS	-NA-
869-7/7	N529AS	N529AS	-NA-
85-7/7	N924AK	N924AK	-NA-
284-7/7	N912AK	N912AK	-NA-
745-7/7	N921AK	N921AK	-NA-
365-7/7	N442AS	N442AS	-NA-
61002-7/7	N619AS	N619AS	-NA-
1181-7/7	N556AS	N556AS	-NA-
1101-7/7	N913AK	N913AK	-NA-
399-7/7	N972AK	N972AK	-NA-
1239-7/7	N915AK	N915AK	-NA-
73001-7/7	N622AS	N622AS	-NA-
281-7/7	N294AK	N294AK	-NA-
1041-7/7	N402AS	N402AS	-NA-
1226-7/7	N954AK	N954AK	-NA-
65003-7/7	N613AS	N613AS	-NA-
917-7/7	N720AL	N720AL	-NA-
1298-7/7	N553AS	N553AS	-NA-
24-7/7	N969AK	N969AK	-NA-
1258-7/7	N236AK	N236AK	-NA-
1076-7/7	N934AK	N934AK	-NA-
393-7/7	N593AS	N593AS	-NA-
1136001-7/7	N594AS	N594AS	-NA-
974-7/7	N492AS	N492AS	-NA-
82-7/7	N731AL	N731AL	-NA-
1124-7/7	N537AS	N537AS	-NA-
512-7/7	N247AK	N247AK	-NA-
790-7/7	N569AS	N569AS	-NA-
504-7/7	N929AK	N929AK	-NA-
368-7/7	N716AL	N716AL	-NA-
618-7/7	N705AL	N705AL	-NA-
324-7/7	N413AS	N413AS	-NA-
1193-7/7	N936AK	N936AK	-NA-
526-7/7	N581AS	N581AS	-NA-
645-7/7	N520AS	N520AS	-NA-
1089-7/7	N280AK	N280AK	-NA-
430-7/7	N493AS	N493AS	-NA-
1154-7/7	N941AK	N941AK	-NA-
249-7/7	N713AL	N713AL	-NA-
18-7/7	N481AS	N481AS	-NA-
1063-7/7	N459AS	N459AS	-NA-
912-7/7	N813AK	N813AK	-NA-
1148-7/7	N516AS	N516AS	-NA-
1074-7/7	N238AK	N238AK	-NA-
248-7/7	N919AK	N919AK	-NA-
139-7/7	N287AK	N287AK	-NA-
62-7/7	N586AS	N586AS	-NA-
1228-7/7	N976AK	N976AK	-NA-
292-7/7	N431AS	N431AS	-NA-
606-7/7	N457AS	N457AS	-NA-
516-7/7	N284AK	N284AK	-NA-
867-7/7	N518AS	N518AS	-NA-
10-7/7	N560AS	N560AS	0
648-7/7	N453AS	N453AS	0
1290001-7/7	N272AK	N272AK	0
1179-7/7	N805AK	N805AK	0
329-7/7	N274AK	N274AK	0
1410-7/7	N433AS	N433AS	0
196-7/7	N592AS	N592AS	0
1306-7/7	N968AK	N968AK	0
79-7/7	N596AS	N596AS	0
479-7/7	N288AK	N288AK	0
N935AK_SEA-15:00/23:00	N935AK	N935AK	0
1149-7/7	N587AS	N587AS	0
366001-7/7	N517AS	N517AS	0
890-7/7	N508AS	N508AS	0
555001-7/7	N707AL	N707AL	0
26-7/7	N419AS	N419AS	0
682001-7/7	N935AK	N949AK	0
916-7/7	N942AK	N942AK	0
142-7/7	N462AS	N462AS	0
825-7/7	N706AL	N706AL	0
233-7/7	N495AS	N495AS	0
1166-7/7	N928AK	N928AK	0
231-7/7	N549AS	N549AS	0
405001-7/7	N513AS	N513AS	0
1255-7/7	N486AS	N486AS	0
60-7/7	N615AS	N615AS	0
90-7/7	N282AK	N282AK	0
1071-7/7	N538AS	N538AS	0
47-7/7	N478AS	N478AS	0
414-7/7	N958AK	N958AK	0
1169-7/7	N530AS	N530AS	0
214-7/7	N962AK	N962AK	0
165-7/7	N531AS	N531AS	0
306-7/7	N709AL	N709AL	0
305001-7/7	N467AS	N467AS	0
612-7/7	N309AS	N309AS	0
1254-7/7	N277AK	N277AK	0
227-7/7	N933AK	N933AK	0
613-7/7	N918AK	N918AK	0
560-7/7	N512AS	N512AS	0
313001-7/7	N253AK	N253AK	0
388-7/7	N947AK	N947AK	13
73-7/7	N622AS	N622AS	0
4-7/7	N804AK	N804AK	0
390-7/7	N932AK	N932AK	0
402-7/7	N494AS	N494AS	0
718-7/7	N725AL	N725AL	0
572001-7/7	N270AK	N270AK	0
83-7/7	N237AK	N237AK	0
294-7/7	N260AK	N260AK	0
1190-7/7	N527AS	N527AS	0
57-7/7	N267AK	N267AK	0
320-7/7	N597AS	N597AS	0
270-7/7	N732AL	N732AL	0
1268-7/7	N408AS	N408AS	0
502-7/7	N471AS	N471AS	0
578-7/7	N990AK	N990AK	0
113-7/7	N251AK	N251AK	0
312001-7/7	N938AK	N938AK	0
418001-7/7	N552AS	N552AS	0
55001-7/7	N611AS	N611AS	0
1113-7/7	N931AK	N931AK	0
406001-7/7	N724AL	N724AL	12
568-7/7	N474AS	N474AS	0
899-7/7	N568AS	N568AS	0
727-7/7	N477AS	N477AS	0
326-7/7	N487AS	N487AS	0
442-7/7	N448AS	N448AS	0
215-7/7	N318AS	N318AS	0
8-7/7	N581AS	N581AS	0
65001-7/7	N613AS	N613AS	0
798-7/7	N409AS	N409AS	0
426-7/7	N548AS	N548AS	0
1051-7/7	N607AS	N607AS	0
149-7/7	N506AS	N506AS	0
101-7/7	N491AS	N491AS	0
1007-7/7	N738AL	N738AL	0
137-7/7	N592AS	N592AS	0
1080-7/7	N712AL	N712AL	0
72-7/7	N609AS	N609AS	0
174-7/7	N514AS	N514AS	0
1108-7/7	N292AK	N292AK	0
1259-7/7	N813AK	N813AK	0
23-7/7	N293AK	N293AK	0
60001-7/7	N615AS	N615AS	0
48-7/7	N546AS	N546AS	0
731-7/7	N224AK	N224AK	0
875-7/7	N535AS	N535AS	0
232-7/7	N549AS	N549AS	0
1311-7/7	N954AK	N954AK	0
1133-7/7	N920AK	N920AK	0
378-7/7	N952AK	N952AK	0
198-7/7	N612AS	N612AS	0
477-7/7	N734AL	N734AL	0
450001-7/7	N960AK	N960AK	0
508001-7/7	N722AL	N722AL	0
796-7/7	N493AS	N493AS	0
629-7/7	N913AK	N913AK	0
505-7/7	N956AK	N956AK	0
61001-7/7	N619AS	N619AS	0
522001-7/7	N423AS	N423AS	0
535001-7/7	N291BT	N291BT	16
62001-7/7	N586AS	N586AS	0
1277-7/7	N553AS	N553AS	0
1256-7/7	N435AS	N435AS	64
887-7/7	N926AK	N926AK	0
480001-7/7	N921AK	N921AK	5
829-7/7	N723AL	N723AL	0
863-7/7	N537AS	N537AS	0
1084-7/7	N556AS	N556AS	0
1143-7/7	N961AK	N961AK	0
1420-7/7	N433AS	N433AS	0
1161-7/7	N459AS	N459AS	0
128-7/7	N280AK	N280AK	0
N975AK_SEA-17:31/21:31	N975AK	N975AK	0
807-7/7	N570AS	N570AS	0
1136-7/7	N594AS	N594AS	0
160-7/7	N565AS	N565AS	0
300-7/7	N492AS	N492AS	0
216001-7/7	N403AS	N403AS	0
385-7/7	N593AS	N593AS	0
738-7/7	N296AK	N296AK	0
1296-7/7	N268AK	N268AK	0
500001-7/7	N402AS	N402AS	0
775-7/7	N618AS	N618AS	0
637-7/7	N915AK	N915AK	0
1278-7/7	N973AK	N973AK	0
322-7/7	N236AK	N236AK	0
429-7/7	N462AS	N462AS	16
1073-7/7	N469AS	N469AS	0
757-7/7	N806AK	N806AK	0
121-7/7	N265AK	N265AK	0
49-7/7	N557AS	N557AS	0
725-7/7	N903AK	N903AK	0
818-7/7	N936AK	N936AK	0
543-7/7	N809AK	N809AK	43
862-7/7	N703AL	N703AL	0
739-7/7	N812AK	N812AK	0
822-7/7	N562AS	N562AS	0
824-7/7	N917AK	N917AK	0
1240-7/7	N964AK	N964AK	0
891-7/7	N434AS	N434AS	18
474-7/7	N238AK	N238AK	0
234-7/7	N267AK	N267AK	17
34-7/7	N285AK	N285AK	0
412001-7/7	N984AK	N984AK	0
434-7/7	N918AK	N918AK	0
1299-7/7	N516AS	N516AS	0
65004-7/7	N613AS	N613AS	0
1010-7/7	N486AS	N486AS	0
934001-7/7	N731AL	N731AL	0
1017-7/7	N710AL	N710AL	0
63-7/7	N977AK	N977AK	0
108-7/7	N622AS	N622AS	0
1174-7/7	N519AS	N519AS	0
904-7/7	N983AK	N983AK	0
1075-7/7	N928AK	N928AK	0
1467-7/7	N725AL	N725AL	0
392-7/7	N967AK	N967AK	0
908-7/7	N564AS	N564AS	0
1290-7/7	N272AK	N272AK	0
1328-7/7	N705AL	N705AL	0
1112-7/7	N525AS	N525AS	0
154001-7/7	N526AS	N526AS	0
104-7/7	N924AK	N924AK	0
503-7/7	N247AK	N247AK	1
932-7/7	N919AK	N919AK	2
733-7/7	N440AS	N440AS	0
900-7/7	N520AS	N520AS	0
1096-7/7	N729AL	N729AL	0
71-7/7	N288AK	N288AK	0
722-7/7	N318AS	N318AS	0
438-7/7	N282AK	N282AK	0
682-7/7	N935AK	N949AK	72
64-7/7	N611AS	N611AS	0
603-7/7	N457AS	N457AS	2
817-7/7	N941AK	N941AK	0
598-7/7	N719AL	N719AL	0
1305-7/7	N968AK	N968AK	0
62003-7/7	N586AS	N586AS	0
43-7/7	N549AS	N549AS	0
658-7/7	N275AK	N275AK	0
1111-7/7	N277AK	N277AK	0
1144-7/7	N805AK	N805AK	0
785-7/7	N309AS	N309AS	16
106001-7/7	N929AK	N929AK	0
1118-7/7	N587AS	N587AS	0
1216-7/7	N536AS	N536AS	0
1314-7/7	N283AK	N283AK	0
835-7/7	N733AL	N733AL	0
325-7/7	N413AS	N413AS	0
843-7/7	N530AS	N530AS	0
641-7/7	N453AS	N453AS	40
61003-7/7	N619AS	N619AS	0
1114-7/7	N931AK	N931AK	0
1137-7/7	N523AS	N523AS	50
N954AK_SEA-19:14/22:14	N954AK	N954AK	0
352-7/7	N214AK	N214AK	0
137001-7/7	N592AS	N592AS	0
555-7/7	N707AL	N707AL	0
65002-7/7	N613AS	N613AS	0
330-7/7	N990AK	N990AK	0
1018-7/7	N538AS	N538AS	0
494001-7/7	N478AS	N478AS	0
864-7/7	N537AS	N537AS	0
100-7/7	N596AS	N596AS	0
14-7/7	N577AS	N577AS	0
740-7/7	N527AS	N527AS	0
405-7/7	N513AS	N513AS	0
291-7/7	N972AK	N972AK	0
475-7/7	N978AK	N978AK	0
1150001-7/7	N442AS	N442AS	0
366-7/7	N517AS	N517AS	0
102-7/7	N491AS	N491AS	66
697001-7/7	N976AK	N976AK	0
175-7/7	N294AK	N294AK	0
1281-7/7	N920AK	N920AK	6
280-7/7	N974AK	N974AK	0
25-7/7	N966AK	N966AK	0
1081-7/7	N712AL	N712AL	48
407-7/7	N508AS	N508AS	0
620001-7/7	N281AK	N281AK	0
312-7/7	N938AK	N938AK	0
140-7/7	N622AS	N622AS	0
415-7/7	N958AK	N958AK	0
1038-7/7	N607AS	N607AS	1
74-7/7	N609AS	N609AS	15
1011-7/7	N486AS	N486AS	83
388001-7/7	N947AK	N947AK	0
20-7/7	N708AL	N708AL	0
304-7/7	N290AK	N290AK	0
1016-7/7	N710AL	N710AL	0
266-7/7	N953AK	N953AK	0
808-7/7	N529AS	N529AS	0
909-7/7	N564AS	N564AS	0
1061-7/7	N812AK	N812AK	0
934-7/7	N731AL	N731AL	12
6-7/7	N590AS	N590AS	0
297-7/7	N912AK	N912AK	0
418-7/7	N552AS	N552AS	0
1132-7/7	N409AS	N409AS	0
700-7/7	N298AK	N298AK	0
357001-7/7	N248AK	N248AK	0
229001-7/7	N551AS	N551AS	0
154-7/7	N526AS	N526AS	2
419-7/7	N716AL	N716AL	0
114-7/7	N969AK	N969AK	0
549-7/7	N464AS	N464AS	0
162-7/7	N237AK	N237AK	0
95-7/7	N615AS	N615AS	0
410-7/7	N493AS	N493AS	0
31-7/7	N481AS	N481AS	0
1097-7/7	N292AK	N292AK	0
313-7/7	N253AK	N253AK	0
840-7/7	N569AS	N569AS	0
62002-7/7	N586AS	N586AS	13
189-7/7	N913AK	N913AK	0
1159-7/7	N556AS	N556AS	0
432-7/7	N472AS	N472AS	0
1006-7/7	N738AL	N738AL	0
898-7/7	N963AK	N963AK	0
2-7/7	N813AK	N813AK	0
534-7/7	N280AK	N280AK	0
61-7/7	N619AS	N619AS	0
905-7/7	N983AK	N983AK	1
732-7/7	N224AK	N224AK	0
3-7/7	N560AS	N560AS	0
535-7/7	N291BT	N291BT	0
676-7/7	N806AK	N806AK	0
1315-7/7	N961AK	N961AK	0
1198-7/7	N274AK	N274AK	0
1319-7/7	N713AL	N713AL	0
65-7/7	N613AS	N613AS	0
122-7/7	N265AK	N265AK	0
1083-7/7	N956AK	N956AK	0
773-7/7	N553AS	N553AS	0
582-7/7	N435AS	N435AS	64
1300-7/7	N720AL	N720AL	0
44-7/7	N549AS	N549AS	0
518-7/7	N471AS	N471AS	0
756-7/7	N296AK	N296AK	0
1297-7/7	N268AK	N268AK	0
1238-7/7	N459AS	N459AS	0
1269-7/7	N408AS	N408AS	0
1242-7/7	N973AK	N973AK	0
64001-7/7	N611AS	N611AS	0
507-7/7	N962AK	N962AK	0
66-7/7	N506AS	N506AS	0
19-7/7	N419AS	N419AS	0
946-7/7	N469AS	N469AS	0
778-7/7	N594AS	N594AS	0
836-7/7	N964AK	N964AK	0
462-7/7	N431AS	N431AS	0
601-7/7	N520AS	N520AS	0
92-7/7	N546AS	N546AS	0
1235-7/7	N516AS	N516AS	0
103-7/7	N514AS	N514AS	0
16-7/7	N928AK	N928AK	83
1247-7/7	N705AL	N705AL	0
734-7/7	N440AS	N440AS	0
107-7/7	N955AK	N955AK	0
58-7/7	N977AK	N977AK	0
9-7/7	N804AK	N804AK	0
396-7/7	N593AS	N593AS	0
290-7/7	N495AS	N495AS	0
1225-7/7	N525AS	N525AS	0
389-7/7	N709AL	N709AL	0
646-7/7	N548AS	N548AS	0
1204-7/7	N612AS	N612AS	0
301-7/7	N942AK	N942AK	0
480-7/7	N921AK	N921AK	0
1287-7/7	N725AL	N725AL	0
1160-7/7	N733AL	N733AL	0
894-7/7	N518AS	N518AS	0
517-7/7	N284AK	N284AK	0
569-7/7	N474AS	N474AS	0
89-7/7	N592AS	N592AS	0
1100-7/7	N537AS	N537AS	0
1358-7/7	N536AS	N536AS	0
131-7/7	N915AK	N915AK	2
947-7/7	N538AS	N538AS	0
572-7/7	N270AK	N270AK	0
1191-7/7	N519AS	N519AS	0
485-7/7	N494AS	N494AS	0
929-7/7	N527AS	N527AS	0
1046-7/7	N272AK	N272AK	0
868-7/7	N512AS	N512AS	0
183-7/7	N531AS	N531AS	0
783-7/7	N477AS	N477AS	0
397-7/7	N597AS	N597AS	0
406-7/7	N724AL	N724AL	0
697-7/7	N976AK	N976AK	0
176-7/7	N288AK	N288AK	0
509-7/7	N710AL	N710AL	0
1279-7/7	N948AK	N948AK	0
226-7/7	N287AK	N287AK	0
305-7/7	N467AS	N467AS	0
860-7/7	N706AL	N706AL	0
1175-7/7	N931AK	N931AK	0
293-7/7	N260AK	N260AK	0
1086-7/7	N283AK	N283AK	35
51-7/7	N803AK	N803AK	0
450-7/7	N960AK	N960AK	0
933-7/7	N919AK	N919AK	0
819-7/7	N932AK	N932AK	0
67002-7/7	N564AS	N564AS	0
1135-7/7	N729AL	N729AL	0
508-7/7	N722AL	N722AL	0
1257-7/7	N565AS	N565AS	22
634-7/7	N275AK	N275AK	0
600-7/7	N920AK	N920AK	18
460-7/7	N267AK	N267AK	17
522-7/7	N423AS	N423AS	0
1284-7/7	N309AS	N309AS	16
975-7/7	N318AS	N318AS	0
1030-7/7	N968AK	N968AK	12
1052001-7/7	N731AL	N731AL	12
571-7/7	N933AK	N933AK	0
500-7/7	N402AS	N402AS	0
602-7/7	N277AK	N277AK	11
56-7/7	N297AK	N297AK	0
1421-7/7	N433AS	N433AS	0
443-7/7	N448AS	N448AS	0
64003-7/7	N611AS	N611AS	0
420-7/7	N935AK	N935AK	7
17-7/7	N251AK	N251AK	0
337-7/7	N462AS	N462AS	0
216-7/7	N403AS	N403AS	0
271-7/7	N732AL	N732AL	0
326001-7/7	N487AS	N487AS	0
99-7/7	N457AS	N457AS	2
7-7/7	N581AS	N581AS	0
744-7/7	N491AS	N491AS	46
348-7/7	N486AS	N486AS	51
1396-7/7	N903AK	N903AK	0
1119-7/7	N587AS	N587AS	0
962-7/7	N954AK	N954AK	0
1138-7/7	N526AS	N526AS	0
1167-7/7	N990AK	N990AK	0
445-7/7	N924AK	N924AK	0
492-7/7	N975AK	N975AK	0
379-7/7	N952AK	N952AK	0
66001-7/7	N506AS	N506AS	0
1150-7/7	N442AS	N442AS	0
201-7/7	N618AS	N618AS	0
317-7/7	N967AK	N967AK	0
1042001-7/7	N523AS	N523AS	33
1092-7/7	N712AL	N712AL	32
561-7/7	N568AS	N568AS	0
941-7/7	N434AS	N434AS	15
287-7/7	N734AL	N734AL	0
334-7/7	N238AK	N238AK	0
155-7/7	N549AS	N549AS	0
151001-7/7	N514AS	N514AS	0
590-7/7	N453AS	N453AS	13
412-7/7	N984AK	N984AK	0
1019-7/7	N469AS	N469AS	0
591-7/7	N409AS	N409AS	0
86-7/7	N613AS	N613AS	0
720-7/7	N609AS	N609AS	0
1125-7/7	N812AK	N812AK	0
88-7/7	N592AS	N592AS	0
620-7/7	N281AK	N281AK	0
106-7/7	N929AK	N929AK	0
435-7/7	N236AK	N236AK	0
688-7/7	N983AK	N983AK	0
1146-7/7	N607AS	N607AS	0
157-7/8	N615AS	N615AS	0
1214-7/8	N247AK	N247AK	0
1321-7/8	N596AS	N596AS	0
64004-7/8	N611AS	N611AS	0
439-7/8	N282AK	N282AK	0
369-7/8	N492AS	N492AS	0
1301-7/8	N483AS	---	Unassigned
1468-7/8	N293AK	N293AK	0
791-7/8	N535AS	N535AS	0
225-7/8	N707AL	N707AL	0
821-7/8	N532AS	N532AS	0
597-7/8	N719AL	N719AL	0
355-7/8	N936AK	N936AK	0
213-7/8	N918AK	N918AK	0
182-7/8	N531AS	N531AS	0
269-7/8	N964AK	N964AK	0
41-7/8	N285AK	N285AK	0
611-7/8	N298AK	N298AK	0
1122-7/8	N961AK	N961AK	0
134-7/8	N294AK	N294AK	0
339-7/8	N214AK	N214AK	0
1176-7/8	N296AK	N296AK	0
291001-7/8	N972AK	N972AK	0
896-7/8	N926AK	N926AK	0
806-7/8	N723AL	N723AL	0
94-7/8	N546AS	N546AS	0
376-7/8	N413AS	N413AS	0
1202-7/8	N525AS	N525AS	0
1370-7/8	N265AK	N265AK	0
494-7/8	N478AS	N478AS	0
97-7/8	N705AL	N705AL	0
398-7/8	N703AL	N703AL	0
278-7/8	N556AS	N556AS	0
856-7/8	N570AS	N570AS	0
960-7/8	N917AK	N917AK	0
382-7/8	N586AS	N586AS	61
599-7/8	N594AS	N594AS	0
353-7/8	N538AS	N538AS	0
229-7/8	N551AS	N551AS	0
1455-7/8	N268AK	N268AK	0
1229-7/8	N553AS	N553AS	0
735-7/8	N274AK	N274AK	0
538-7/8	N956AK	N956AK	0
1295-7/8	N527AS	N527AS	0
78-7/8	N931AK	N931AK	9
372-7/8	N435AS	N435AS	63
357-7/8	N248AK	N248AK	0
424-7/8	N440AS	N440AS	0
730-7/8	N973AK	N973AK	0
1098-7/8	N292AK	N292AK	0
1140-7/8	N536AS	N536AS	0
1163-7/8	N520AS	N520AS	0
632-7/8	N513AS	N513AS	0
1062-7/8	N459AS	N459AS	0
1107-7/8	N725AL	N725AL	0
66003-7/8	N506AS	N506AS	0
662-7/8	N224AK	N224AK	0
564-7/8	N291BT	N291BT	0
1131-7/8	N516AS	N516AS	0
472-7/8	N976AK	N976AK	0
964-7/8	N954AK	N954AK	0
1397-7/8	N720AL	N720AL	0
1048-7/8	N806AK	N806AK	0
241-7/8	N237AK	N237AK	0
1047-7/8	N272AK	N272AK	0
510-7/8	N710AL	N710AL	0
50-7/8	N803AK	N803AK	0
1093-7/8	N733AL	N733AL	0
1085-7/8	N537AS	N537AS	0
1294-7/8	N612AS	N612AS	0
823-7/8	N947AK	N947AK	0
67001-7/8	N564AS	N564AS	0
1031-7/8	N968AK	N968AK	8
805-7/8	N738AL	N738AL	0
143-7/8	N913AK	N913AK	0
779-7/8	N933AK	N933AK	0
77-7/8	N615AS	N615AS	0
69001-7/8	N622AS	N622AS	0
1310-7/8	N958AK	N958AK	0
550-7/8	N464AS	N464AS	0
386-7/8	N562AS	N562AS	0
776-7/8	N275AK	N275AK	0
64002-7/8	N611AS	N611AS	0
409-7/8	N493AS	N493AS	0
391-7/8	N593AS	N593AS	0
839-7/8	N517AS	N517AS	0
513-7/8	N280AK	N280AK	0
523-7/8	N924AK	N924AK	0
338-7/8	N977AK	N977AK	0
1280-7/8	N948AK	N948AK	0
45-7/8	N592AS	N592AS	0
478-7/8	N938AK	N938AK	0
1104-7/8	N552AS	N552AS	0
1065-7/8	N309AS	N309AS	15
84-7/8	N618AS	N618AS	0
939-7/8	N508AS	N508AS	0
1028-7/8	N978AK	N978AK	0
1087-7/8	N283AK	N283AK	31
151-7/8	N514AS	N514AS	0
105-7/8	N288AK	N288AK	0
801-7/8	N519AS	N519AS	0
155001-7/8	N549AS	N549AS	0
1199-7/8	N982AK	N982AK	0
525-7/8	N953AK	N953AK	0
1318-7/8	N955AK	N955AK	0
1203-7/8	N565AS	N565AS	19
87-7/8	N613AS	N613AS	0
1052-7/8	N731AL	N731AL	3
1168-7/8	N469AS	N469AS	0
1215-7/8	N934AK	N934AK	0
1139-7/8	N526AS	N526AS	0
177-7/8	N531AS	N531AS	0
615-7/8	N277AK	N277AK	6
1042-7/8	N523AS	N523AS	31
N546AS_SEA-02:35/05:35	N546AS	N546AS	0
579-7/8	N990AK	N990AK	0
205-7/8	N253AK	N253AK	0
721-7/8	N609AS	N609AS	0
1288-7/8	N587AS	N587AS	0
719-7/8	N812AK	N812AK	0
965-7/8	N917AK	N917AK	0
193-7/8	N579AS	N579AS	0
403-7/8	N920AK	N920AK	0
1158-7/8	N548AS	N548AS	0
1327-7/8	N471AS	N471AS	0
167-7/8	N442AS	N442AS	0
1194-7/8	N318AS	N318AS	0
1224-7/8	N729AL	N729AL	0
136-7/8	N297AK	N297AK	0
66002-7/8	N506AS	N506AS	0
827-7/8	N915AK	N915AK	0
1005-7/8	N966AK	N966AK	0
141-7/8	N296AK	N296AK	73
1004-7/8	N281AK	N281AK	21
1156-7/8	N409AS	N409AS	0
780-7/8	N290AK	N290AK	19
1321001-7/8	N596AS	N596AS	0
67003-7/8	N564AS	N564AS	0
1289-7/8	N589AS	N589AS	0
1034-7/8	N954AK	N954AK	0
642-7/8	N949AK	N949AK	0
228-7/8	N569AS	N569AS	0
1050-7/8	N529AS	N529AS	0
N462AS_SEA-03:34/06:34	N462AS	N462AS	0
1192-7/8	N974AK	N974AK	0
729-7/8	N912AK	N912AK	0
1110-7/8	N607AS	N607AS	0
70-7/8	N457AS	N457AS	0
922-7/8	N453AS	N453AS	0
133-7/8	N722AL	N722AL	10
644-7/8	N716AL	N716AL	0
1067-7/8	N961AK	N961AK	0
46-7/8	N592AS	N592AS	0
1264-7/8	N960AK	N960AK	2
1292-7/8	N551AS	N551AS	93
272-7/8	N514AS	N514AS	0
1055-7/8	N556AS	N556AS	0
774-7/8	N525AS	N525AS	0
91-7/8	N809AK	N809AK	0
444-7/8	N474AS	N474AS	0
636-7/8	N733AL	N733AL	12
749-7/8	N983AK	N983AK	0
622-7/8	N801AK	N801AK	0
282-7/8	N985AK	N985AK	0
307-7/8	N969AK	N969AK	0
69-7/8	N622AS	N622AS	0
1040-7/8	N917AK	N917AK	0
1291-7/8	N713AL	N713AL	0
1162-7/8	N804AK	N804AK	0
803-7/8	N712AL	N712AL	0
436-7/8	N224AK	N224AK	0
314-7/8	N967AK	N967AK	0
547-7/8	N274AK	N274AK	0
980-7/8	N402AS	N402AS	0
736-7/8	N611AS	N611AS	0
67-7/8	N564AS	N564AS	0
728-7/8	N512AS	N512AS	0
1152-7/8	N929AK	N929AK	0
380-7/8	N270AK	N270AK	0
315-7/8	N494AS	N494AS	0
1039-7/8	N273AK	N298AK	0
545-7/8	N483AS	N483AS	0
1230-7/8	N710AL	N710AL	0
1201-7/8	N958AK	N958AK	0
197-7/8	N612AS	N612AS	0
1020-7/8	N292AK	N292AK	0
919-7/8	N294AK	N294AK	0
36-7/8	N709AL	N709AL	0
115-7/8	N403AS	N403AS	0
138-7/8	N707AL	N707AL	0
374-7/8	N955AK	N955AK	0
344-7/8	N423AS	N423AS	0
570-7/8	N973AK	N973AK	0
192-7/8	N705AL	N705AL	0
22-7/8	N481AS	N481AS	0
455-7/8	N966AK	N966AK	0
259-7/8	N508AS	N508AS	0
161-7/8	N283AK	N283AK	11
924-7/8	N467AS	N467AS	0
1057-7/8	N963AK	N963AK	0
959-7/8	N284AK	N284AK	0
185-7/8	N309AS	N309AS	0
360-7/8	N952AK	N952AK	0
119-7/8	N553AS	N553AS	0
498-7/8	N546AS	N546AS	0
394-7/8	N724AL	N724AL	0
340-7/8	N471AS	N471AS	0
70001-7/8	N457AS	N457AS	0
490-7/8	N478AS	N478AS	0
400-7/8	N932AK	N932AK	0
367-7/8	N972AK	N972AK	0
59-7/8	N931AK	N931AK	0
423-7/8	N264AK	N264AK	0
536-7/8	N982AK	N982AK	0
328-7/8	N934AK	N934AK	0
427-7/8	N462AS	N462AS	0
112-7/8	N238AK	N238AK	0
144-7/8	N913AK	N913AK	0
452-7/8	N487AS	N487AS	0
464-7/8	N464AS	N464AS	0
1227-7/8	N248AK	N248AK	0
172-7/8	N288AK	N288AK	0
164-7/8	N592AS	N592AS	0
109-7/8	N964AK	N964AK	0
880-7/8	N530AS	N530AS	0
810-7/8	N532AS	N532AS	0
558-7/8	N538AS	N538AS	0
828-7/8	N947AK	N947AK	0
814-7/8	N738AL	N738AL	0
826-7/8	N517AS	N517AS	0
1029-7/8	N978AK	N978AK	0
