Run time(sec):            365
IP gap:0
======================= COST =======================
======================= COST =======================
Total:              3.686e+06
Cancel:                 1e+06
Delay:              2.541e+06
Swaps:                1.2e+05
PosViol:              2.5e+04
CSC:                        0

===================== DISRUPTION ===================
# Cancelled:                1
# Delayed:                269
# Swaps:                   10
# CSCs:                     0
Ttl delay(min):	    2.541e+04
Avg delay(min):	           94
Min delay(min):	           30
Max delay(min):	          330

================= AIRPORT CAPACITY =================
SEA 2025-Jul-07 17:00:00 2025-Jul-07 19:00:00 1 0(0)
SEA 2025-Jul-07 17:00:00 2025-Jul-07 19:00:00 2 0(0)
SEA 2025-Jul-07 21:00:00 2025-Jul-07 22:00:00 1 6(6)
SEA 2025-Jul-07 22:00:00 2025-Jul-07 23:00:00 1 6(7)
SEA 2025-Jul-07 23:00:00 2025-Jul-08 00:00:00 1 6(6)
SEA 2025-Jul-07 21:00:00 2025-Jul-07 22:00:00 2 9(9)
SEA 2025-Jul-07 22:00:00 2025-Jul-07 23:00:00 2 9(9)
SEA 2025-Jul-07 23:00:00 2025-Jul-08 00:00:00 2 9(10)
SEA 2025-Jul-08 00:00:00 2025-Jul-08 01:00:00 1 4(4)
SEA 2025-Jul-08 01:00:00 2025-Jul-08 02:00:00 1 4(4)
SEA 2025-Jul-08 00:00:00 2025-Jul-08 01:00:00 2 3(3)
SEA 2025-Jul-08 01:00:00 2025-Jul-08 02:00:00 2 3(4)
LAX 2025-Jul-07 21:00:00 2025-Jul-07 22:00:00 1 1(1)
LAX 2025-Jul-07 22:00:00 2025-Jul-07 23:00:00 1 1(1)
LAX 2025-Jul-07 23:00:00 2025-Jul-08 00:00:00 1 1(1)
LAX 2025-Jul-07 21:00:00 2025-Jul-07 22:00:00 2 1(1)
LAX 2025-Jul-07 22:00:00 2025-Jul-07 23:00:00 2 1(1)
LAX 2025-Jul-07 23:00:00 2025-Jul-08 00:00:00 2 1(1)
LAX 2025-Jul-08 00:00:00 2025-Jul-08 01:00:00 1 0(0)
LAX 2025-Jul-08 00:00:00 2025-Jul-08 01:00:00 2 0(0)

================= AIRCRAFT LOCATION ================
Aircraft     PlannedEnd      ActualEnd
N214AK            SEA            SEA
N224AK            BOS            BOS
N236AK            SFO            SFO
N237AK            MKE            MKE
N238AK            FAI            FAI
N247AK            SJC            SJC
N248AK            AUS            AUS
N251AK            SEA            SEA
N253AK            JNU            JNU
N260AK            SFO            SFO
N264AK            SAT            SAT
N265AK            AUS            AUS
N267AK            BOS            BOS
N268AK            ANC            ANC
N270AK            DTW            DTW
N272AK            SEA            SEA
N273AK            GEG            LAX
N274AK            CLE            CLE
N275AK            LAS            LAS
N277AK            SEA            SEA
N280AK            SFO            SFO
N281AK            GEG            GEG
N282AK            SEA            SEA
N283AK            EUG            EUG
N284AK            GEG            GEG
N285AK            SFO            SFO
N287AK            SEA            SEA
N288AK            PHX            PHX
N290AK            ABQ            ABQ
N291BT            MCI            MCI
N292AK            MCO            MCO
N293AK            LAX            LAX
N294AK            RDU            RDU
N296AK            ANC            ANC
N297AK            ANC            ANC
N298AK            SEA            GEG
N307AS            SEA            SEA
N309AS            JNU            JNU
N318AS            SMF            SMF
N402AS            SFO            SFO
N403AS            FAI            FAI
N408AS            PDX            PDX
N409AS            SAN            SAN
N413AS            ORD            ORD
N419AS            PDX            PDX
N423AS            BWI            BWI
N431AS            SEA            SEA
N433AS            PDX            PDX
N434AS            ORD            ORD
N435AS            AUS            AUS
N440AS            DFW            DFW
N442AS            FAI            FAI
N448AS            SEA            SEA
N453AS            SEA            SEA
N457AS            SIT            SIT
N459AS            BUR            BUR
N462AS            CVG            CVG
N464AS            ATL            ATL
N467AS            RDM            RDM
N469AS            BUR            BUR
N471AS            PIT            PIT
N472AS            TPA            TPA
N474AS            PHL            PHL
N477AS            PDX            PDX
N478AS            MSY            MSY
N481AS            JFK            JFK
N483AS            IND            IND
N486AS            IAD            IAD
N487AS            IAH            IAH
N491AS            PHX            PHX
N492AS            SFO            SFO
N493AS            SEA            SEA
N494AS            CMH            CMH
N495AS            PDX            PDX
N506AS            SEA            SEA
N508AS            BOS            BOS
N512AS            LAS            LAS
N513AS            PHX            PHX
N514AS            SEA            SEA
N516AS            PDX            PDX
N517AS            SAN            SAN
N518AS            SAN            SAN
N519AS            KOA            KOA
N520AS            DEN            DEN
N523AS            SEA            SEA
N525AS            SEA            SEA
N526AS            SEA            SEA
N527AS            SFO            SFO
N529AS            SFO            SFO
N530AS            SEA            SEA
N531AS            ADQ            ADQ
N532AS            SEA            SEA
N535AS            SFO            SFO
N536AS            SFO            SFO
N537AS            PDX            PDX
N538AS            PDX            PDX
N546AS            PDX            PDX
N548AS            SNA            SNA
N549AS            ANC            ANC
N551AS            LAX            SEA
N552AS            SNA            SNA
N553AS            ANC            ANC
N556AS            SEA            SEA
N557AS            ANC            ANC
N560AS            SEA            SEA
N562AS            MSP            MSP
N564AS            ANC            ANC
N565AS            SEA            SEA
N568AS            LAX            LAX
N569AS            ANC            ANC
N570AS            SJC            SJC
N577AS            DCA            DCA
N579AS            ANC            ANC
N581AS            SFO            SFO
N586AS            BNA            BNA
N587AS            SNA            SNA
N589AS            SEA            SEA
N590AS            DCA            DCA
N592AS            DEN            DEN
N593AS            LAS            LAS
N594AS            SEA            LAX
N596AS            SEA            SEA
N597AS            SAN            SAN
N607AS            SEA            SEA
N609AS            SEA            SEA
N611AS            RNO            RNO
N612AS            ANC            ANC
N613AS            ANC            ANC
N615AS            JNU            JNU
N618AS            ANC            ANC
N619AS            ANC            ANC
N622AS            JNU            JNU
N703AL            IAH            IAH
N705AL            ANC            ANC
N706AL            SEA            SEA
N707AL            ORD            ORD
N708AL            JFK            JFK
N709AL            JFK            JFK
N710AL            SMF            SMF
N712AL            PDX            PDX
N713AL            LAX            LAX
N716AL            PHX            PHX
N719AL            SFO            SFO
N720AL            PDX            PDX
N722AL            ANC            ANC
N723AL            SAN            SAN
N724AL            MCO            MCO
N725AL            PDX            PDX
N729AL            LAX            LAX
N731AL            SEA            SEA
N732AL            ONT            ONT
N733AL            LAS            LAS
N734AL            LAX            LAX
N738AL            SEA            OGG
N801AK            JFK            JFK
N803AK            ANC            ANC
N804AK            SAN            SAN
N805AK            LAX            LAX
N806AK            LAX            LAX
N809AK            SIT            SIT
N812AK            SEA            SEA
N813AK            DCA            DCA
N903AK            PDX            PDX
N912AK            PDX            PDX
N913AK            ANC            ANC
N915AK            HNL            HNL
N917AK            ONT            ONT
N918AK            LAX            LAX
N919AK            SEA            ORD
N920AK            SEA            SEA
N921AK            SEA            SAN
N924AK            SEA            SEA
N926AK            SEA            SEA
N928AK            JFK            JFK
N929AK            OAK            OAK
N931AK            MSP            MSP
N932AK            BNA            BNA
N933AK            PDX            PDX
N934AK            ORD            ORD
N935AK            MCO            MCO
N936AK            SFO            SFO
N938AK            LAS            LAS
N941AK            OGG            SEA
N942AK            PDX            PDX
N947AK            ANC            ANC
N948AK            LAX            LAX
N949AK            DEN            DEN
N952AK            TPA            SEA
N953AK            PDX            PDX
N954AK            BOI            BOI
N955AK            EWR            EWR
N956AK            ORD            SEA
N958AK            SEA            SEA
N960AK            SAN            SEA
N961AK            GEG            GEG
N962AK            SAN            SAN
N963AK            DFW            DFW
N964AK            ORD            ORD
N966AK            IAD            IAD
N967AK            EWR            EWR
N968AK            SEA            TPA
N969AK            BOS            BOS
N972AK            IAD            IAD
N973AK            SFO            SFO
N974AK            SJC            SJC
N975AK            ATL            ATL
N976AK            STL            STL
N977AK            OMA            OMA
N978AK            SAN            SAN
N982AK            BOS            BOS
N983AK            SEA            SEA
N984AK            SEA            SEA
N985AK            EWR            EWR
N990AK            LAX            LAX
