===== Copy Generation Summary =====
#Iter     Gen    Indv     Seq     CSC    Used            Obj
    1     270     270       0       0     180      1.239e+10
    2     234     232       2       0     213      1.562e+09
    3     221     219       2       0     227      9.621e+08
    4     211     209       2       0     238       8.34e+08
    5     217     215       2       0     231      7.262e+08
    6     221     219       2       0     227      6.535e+08
    7     212     210       2       0     237      5.758e+08
    8     184     182       2       0     264      5.457e+08
    9     223     221       2       0     225       5.02e+08
   10     235     233       2       0     209      4.574e+08
   11     248     246       2       0     194      4.346e+08
   12     197     193       4       0     245      3.982e+08
   13     221     217       4       0     220       3.71e+08
   14     200     196       4       0     240      3.397e+08
   15     171     169       2       0     267      3.145e+08
   16     211     209       2       0     225      2.912e+08
   17     191     189       2       0     243       2.65e+08
   18     190     186       4       0     240      2.489e+08
   19     196     194       2       0     230      2.329e+08
   20     198     196       2       0     228      2.111e+08
   21     214     212       2       0     212      1.865e+08
   22     188     186       2       0     238      1.767e+08
   23     204     202       2       0     222      1.596e+08
   24     213     211       2       0     213       1.47e+08
   25     215     213       2       0     216      1.357e+08
   26     184     182       2       0     242      1.223e+08
   27     203     201       2       0     223      1.133e+08
   28     189     187       2       0     237      1.049e+08
   29     205     203       2       0     221      9.775e+07
   30     180     178       2       0     246      9.218e+07
   31     221     219       2       0     205      8.846e+07
   32     194     192       2       0     232      8.382e+07
   33     192     190       2       0     234      7.694e+07
   34     143     141       2       0     283      7.309e+07
   35     228     226       2       0     198      6.807e+07
   36     242     240       2       0     183      6.152e+07
   37     173     171       2       0     253       5.59e+07
   38     225     223       2       0     200      5.336e+07
   39     231     229       2       0     194       5.08e+07
   40     230     228       2       0     195      4.614e+07
   41     201     199       2       0     225       4.51e+07
   42     229     223       6       0     195      4.198e+07
   43     245     239       6       0     181      3.906e+07
   44     219     213       6       0     206      3.744e+07
   45     280     274       6       0     144      3.524e+07
   46     252     244       8       0     169      3.353e+07
   47     162     148      14       0     259      3.193e+07
   48     238     226      12       0     186      2.994e+07
   49     223     207      16       0     193      2.941e+07
   50     262     248      14       0     146      2.652e+07
   51     245     229      16       0     171      2.451e+07
   52     235     211      24       0     179      2.311e+07
   53     171     145      26       0     237      2.136e+07
   54     225     205      20       0     181      2.043e+07
   55     225     203      22       0     183      1.831e+07
   56     218     196      22       0     187      1.711e+07
   57     230     208      22       0     169      1.673e+07
   58     226     202      24       0     170      1.665e+07
   59     214     186      28       0     185      1.626e+07
   60     196     168      28       0     201      1.597e+07
   61     287     259      28       0     113      1.564e+07
   62     219     189      30       0     182      1.526e+07
   63     216     192      24       0     177      1.481e+07
   64     187     161      26       0     206      1.425e+07
   65     185     161      24       0     204      1.407e+07
   66     219     195      24       0     168      1.384e+07
   67     285     263      22       0     101      1.367e+07
   68     248     224      24       0     137      1.339e+07
   69     283     259      24       0     101      1.321e+07
   70     239     211      28       0     143      1.314e+07
   71     258     230      28       0     129      1.301e+07
   72     255     229      26       0     150      1.268e+07
   73     232     202      30       0     167      1.253e+07
   74     217     191      26       0     175      1.222e+07
   75     252     216      36       0     142      1.211e+07
   76     244     208      36       0     149      1.197e+07
   77     270     236      34       0     116      1.181e+07
   78     292     260      32       0      96      1.166e+07
   79     264     234      30       0     126      1.139e+07
   80     261     227      34       0     127       1.12e+07
   81     274     240      34       0     114      1.102e+07
   82     291     257      34       0     100      1.078e+07
   83     293     257      36       0      94      1.063e+07
   84     289     253      36       0      95      1.051e+07
   85     258     222      36       0     112      1.033e+07
   86     251     215      36       0     117      1.019e+07
   87     277     237      40       0      72      1.012e+07
   88     243     207      36       0     128      9.958e+06
   89     248     220      28       0     106      9.864e+06
   90     242     224      18       0     124      9.698e+06
   91     256     214      42       0      79      9.595e+06
   92     211     177      34       0     109      9.496e+06
   93     262     222      40       0      75      9.409e+06
   94     235     185      50       0      66      9.336e+06
   95     214     156      58       0      82        9.1e+06
   96     209     133      76       0      72      9.035e+06
   97     183     109      74       0      95      8.974e+06
   98     186     106      80       0      92      8.912e+06
   99     211     125      86       0      64      8.888e+06
  100     173      85      88       0      96      8.798e+06
  101     210     130      80       0      56      8.721e+06
  102     201     119      82       0      82      8.654e+06
  103     266     198      68       0      74      8.524e+06
  104     274     202      72       0      56      8.485e+06
  105     196     118      78       0      61      8.456e+06
  106     183      99      84       0      70      8.424e+06
  107     212     126      86       0      48      8.357e+06
  108     209     119      90       0      43      8.273e+06
  109     203     119      84       0      42      8.204e+06
  110     184     100      84       0      58      8.175e+06
  111     194     108      86       0      46      8.119e+06
  112     183     105      78       0      86      7.158e+06
  113     178      94      84       0      60      7.086e+06
  114     181      95      86       0      57      7.024e+06
  115     190     108      82       0      43      6.987e+06
  116     184      98      86       0      48       6.92e+06
  117     189     103      86       0      47      6.865e+06
  118     190     110      80       0      41      6.797e+06
  119     200     112      88       0      34      6.763e+06
  120     186     104      82       0      40      6.753e+06
  121     184     100      84       0      33      6.733e+06
  122     180     100      80       0      31      6.709e+06
  123     202     116      86       0      23      6.669e+06
  124     193     101      92       0      18      6.633e+06
  125     175      89      86       0      43      6.575e+06
  126     165      81      84       0      36      6.547e+06
  127     161      81      80       0      36      6.526e+06
  128     170      86      84       0      37      6.466e+06
  129     177      89      88       0      31      6.415e+06
  130     172      80      92       0      27      6.395e+06
  131     148      58      90       0      38      6.382e+06
  132     149      57      92       0      30      6.344e+06
  133     158      72      86       0      31      6.269e+06
  134     160      60     100       0      25      6.255e+06
  135     158      56     102       0      12      6.215e+06
  136     143      43     100       0      19      6.189e+06
  137     136      32     104       0      15      6.181e+06
  138     132      32     100       0      15      6.165e+06
  139     129      19     110       0      16       6.16e+06
  140     116      18      98       0      20      6.138e+06
  141     121      15     106       0      14      6.138e+06
  142     124       6     118       0      10      6.138e+06
  143     122       6     116       0       8      6.124e+06
  144     128      10     118       0       6      6.123e+06
  145     124       6     118       0       7      6.123e+06
  146     133      13     120       0       3        6.1e+06
  147     128      12     116       0       1        6.1e+06
