===== Copy Generation Summary =====
#Iter     Gen    Indv     Seq     CSC    Used            Obj
    1     280     280       0       0     170      1.229e+10
    2     249     247       2       0     199      1.355e+09
    3     222     220       2       0     226      9.676e+08
    4     230     228       2       0     218      8.075e+08
    5     209     207       2       0     240      6.959e+08
    6     229     227       2       0     219       6.05e+08
    7     228     226       2       0     220      5.349e+08
    8     198     196       2       0     245      4.858e+08
    9     196     194       2       0     248      4.309e+08
   10     215     213       2       0     225       3.93e+08
   11     198     196       2       0     242      3.572e+08
   12     180     178       2       0     256      3.245e+08
   13     225     223       2       0     206      2.955e+08
   14     177     175       2       0     250      2.659e+08
   15     187     185       2       0     240      2.335e+08
   16     178     176       2       0     248      2.159e+08
   17     182     180       2       0     244      1.929e+08
   18     192     190       2       0     234      1.717e+08
   19     192     190       2       0     234      1.519e+08
   20     178     176       2       0     248      1.352e+08
   21     209     207       2       0     217      1.133e+08
   22     193     191       2       0     233      9.741e+07
   23     167     165       2       0     259       8.22e+07
   24     192     190       2       0     234      6.941e+07
   25     213     211       2       0     213      5.607e+07
   26     205     203       2       0     221      4.205e+07
   27     242     240       2       0     184      3.488e+07
   28     216     214       2       0     210      2.941e+07
   29     216     214       2       0     210      2.608e+07
   30     231     229       2       0     195       2.28e+07
   31     214     212       2       0     211      2.072e+07
   32     196     194       2       0     229      1.931e+07
   33     207     205       2       0     218      1.844e+07
   34     195     193       2       0     228      1.791e+07
   35     218     216       2       0     207       1.69e+07
   36     194     188       6       0     226      1.651e+07
   37     202     200       2       0     219      1.619e+07
   38     181     179       2       0     233      1.609e+07
   39     254     250       4       0     162      1.587e+07
   40     223     217       6       0     186      1.533e+07
   41     230     218      12       0     179      1.514e+07
   42     217     213       4       0     194       1.48e+07
   43     208     200       8       0     191      1.462e+07
   44     199     193       6       0     194      1.444e+07
   45     196     186      10       0     200      1.428e+07
   46     224     220       4       0     168      1.407e+07
   47     232     226       6       0     159       1.39e+07
   48     248     242       6       0     144      1.365e+07
   49     243     241       2       0     142      1.331e+07
   50     233     229       4       0     154      1.294e+07
   51     212     206       6       0     172      1.282e+07
   52     198     192       6       0     186      1.234e+07
   53     159     155       4       0     217      1.221e+07
   54     258     254       4       0     115      1.204e+07
   55     224     220       4       0     146      1.191e+07
   56     146     136      10       0     231      1.166e+07
   57     230     214      16       0     150      1.145e+07
   58     198     190       8       0     173      1.122e+07
   59     222     216       6       0     145      1.104e+07
   60     240     232       8       0     132      1.063e+07
   61     220     210      10       0     151      1.032e+07
   62     207     201       6       0     162      1.019e+07
   63     221     203      18       0     160      1.002e+07
   64     275     263      12       0     100       9.83e+06
   65     239     235       4       0     128       9.68e+06
   66     239     227      12       0     138      9.335e+06
   67     294     282      12       0      82      9.087e+06
   68     227     209      18       0     153      8.969e+06
   69     228     222       6       0     176      8.798e+06
   70     222     214       8       0     189      8.608e+06
   71     214     206       8       0     156      8.504e+06
   72     191     181      10       0     177      8.177e+06
   73     224     216       8       0     145      8.031e+06
   74     276     266      10       0      93      7.928e+06
   75     217     213       4       0     149      7.751e+06
   76     282     274       8       0      84      7.492e+06
   77     285     275      10       0      86      7.267e+06
   78     258     248      10       0     112      7.075e+06
   79     277     265      12       0      95      6.969e+06
   80     260     252       8       0     105      6.782e+06
   81     281     269      12       0      82      6.577e+06
   82     262     254       8       0      94       6.36e+06
   83     302     290      12       0      65      6.087e+06
   84     254     246       8       0      92      5.933e+06
   85     243     231      12       0     110      5.659e+06
   86     244     234      10       0      72      5.562e+06
   87     268     254      14       0      54       5.33e+06
   88     228     210      18       0      87      5.115e+06
   89     208     194      14       0      72      4.942e+06
   90     170     158      12       0      73      4.847e+06
   91     164     148      16       0      80      4.682e+06
   92     228     216      12       0      63      4.549e+06
   93     211     201      10       0      46      4.458e+06
   94     158     140      18       0      82      4.343e+06
   95     144     122      22       0     103      4.281e+06
   96     147     131      16       0      68      4.245e+06
   97     155     131      24       0      82      4.137e+06
   98     150     136      14       0      47      4.094e+06
   99     148     138      10       0      47      4.007e+06
  100     168     152      16       0     105      3.902e+06
  101     149     131      18       0      44      3.867e+06
  102      94      84      10       0      91      3.847e+06
  103     141     129      12       0      41      3.786e+06
  104     157     149       8       0      22      3.772e+06
  105     115     101      14       0      66      3.747e+06
  106     134     120      14       0      43      3.708e+06
  107     140     120      20       0      41      3.686e+06
  108     143     123      20       0      36      3.639e+06
  109     170     148      22       0      12      3.612e+06
  110     118     104      14       0      48      3.546e+06
  111     109      91      18       0      63      3.517e+06
  112     130     118      12       0      35      3.414e+06
  113     165     149      16       0      46      3.316e+06
  114     122     114       8       0      35      3.288e+06
  115     136     128       8       0      20      3.254e+06
  116     126     122       4       0      28      3.193e+06
  117     120     116       4       0      15       3.18e+06
  118     130     116      14       0      39      3.031e+06
  119     145     129      16       0       9       2.97e+06
  120     105      87      18       0      27      2.948e+06
  121     103      89      14       0      14      2.879e+06
  122      88      78      10       0      10        2.8e+06
  123      80      72       8       0       8      2.738e+06
  124      41      33       8       0       4      2.737e+06
  125      46      34      12       0       8      2.701e+06
  126      27      19       8       0       2      2.701e+06
  127      41      29      12       0       2      2.666e+06
  128      20       8      12       0       7      2.666e+06
  129      30      18      12       0       3      2.666e+06
  130      20      14       6       0       2      2.666e+06
  131      27      15      12       0       4      2.666e+06
  132      27      11      16       0       0      2.666e+06
  133      21       7      14       0       3      2.666e+06
  134      51      39      12       0      14      2.666e+06
  135     120     108      12       0      16      2.666e+06
  136     109      95      14       0      15      2.666e+06
  137      18      10       8       0       0      2.666e+06
