===== Copy Generation Summary =====
#Iter       TotalGen  ind(reg)  mul(reg)  ind(csc)  mul(csc) TotalUsed  ind(reg)  mul(reg)  ind(csc)  mul(csc)            obj
    1            460       345        18        97         0       184       164         7        13         0      2.463e+08
    2            448       383         7        58         0       199       185         0        14         0      2.453e+08
    3            444       349         0        95         0       233       194         0        39         0      8.161e+07
    4            446       368         0        78         0       256       227         0        29         0      5.136e+07
    5            446       352         0        94         0       243       226         0        17         0      4.138e+07
    6            446       344         0       102         0       246       207         0        39         0      3.972e+07
    7            446       353         0        93         0       243       213         0        30         0      3.343e+07
    8            446       382         0        64         0       238       215         0        23         0      3.103e+07
    9            443       310         2       131         0       235       187         2        46         0      2.863e+07
   10            438       342         1        95         0       227       195         0        32         0      2.786e+07
   11            430       355         3        72         0       247       217         2        28         0      2.721e+07
   12            424       378         0        46         0       228       210         0        18         0      2.605e+07
   13            426       368         4        54         0       221       206         3        12         0      2.454e+07
   14            424       378         0        46         0       232       213         0        19         0      2.307e+07
   15            424       361         0        63         0       238       208         0        30         0      2.151e+07
   16            426       358         0        68         0       232       211         0        21         0      1.961e+07
   17            424       367         0        57         0       233       202         0        31         0      1.783e+07
   18            424       407         0        17         0       261       252         0         9         0      1.666e+07
   19            424       386         0        38         0       233       214         0        19         0      1.506e+07
   20            424       397         0        27         0       223       214         0         9         0      1.403e+07
   21            424       370         0        54         0       206       188         0        18         0      1.294e+07
   22            424       386         0        38         0       264       242         0        22         0      1.229e+07
   23            424       400         0        24         0       222       221         0         1         0       1.18e+07
   24            424       343         0        81         0       215       178         0        37         0      1.136e+07
   25            424       374         0        50         0       263       245         0        18         0      1.082e+07
   26            424       382         0        42         0       221       215         0         6         0      1.008e+07
   27            424       401         0        23         0       234       231         0         3         0      9.314e+06
   28            424       378         0        46         0       208       200         0         8         0      8.628e+06
   29            424       395         0        29         0       274       268         0         6         0      8.412e+06
   30            428       384         6        38         0       208       196         5         7         0      7.958e+06
   31            425       378         4        43         0       224       219         3         2         0      7.915e+06
   32            428       384         8        36         0       250       236         6         8         0       7.87e+06
   33            426       388         5        33         0       246       231         4        11         0      7.799e+06
   34            425       360         6        59         0       215       206         4         5         0      7.732e+06
   35            441       370        32        39         0       219       194        15        10         0      7.595e+06
   36            424       360         0        64         0       204       196         0         8         0      7.406e+06
   37            439       344        31        64         0       235       195        24        16         0      7.339e+06
   38            441       333        53        55         0       202       158        36         8         0      7.041e+06
   39            425       330        25        70         0       218       188        13        17         0      6.904e+06
   40            408       321        22        65         0       194       167        17        10         0      6.857e+06
   41            413       297        33        83         0       213       177        22        14         0      6.683e+06
   42            415       291        27        97         0       174       146        20         8         0      6.349e+06
   43            388       335         6        47         0       181       172         0         9         0      6.117e+06
   44            376       315         3        58         0       196       183         0        13         0      6.009e+06
   45            371       290         7        74         0       174       158         2        14         0      5.929e+06
   46            379       313        11        55         0       205       194         5         6         0       5.86e+06
   47            368       261         6       101         0       191       156         3        32         0      5.803e+06
   48            360       262         3        95         0       148       136         0        12         0      5.729e+06
   49            360       295         3        62         0       155       144         0        11         0      5.699e+06
   50            363       267         5        91         0       142       126         0        16         0      5.644e+06
   51            356       315         0        41         0       180       170         0        10         0      5.592e+06
   52            358       304         2        52         0       168       166         0         2         0      5.574e+06
   53            356       261         0        95         0       142       134         0         8         0      5.556e+06
   54            358       232         2       124         0       162       151         0        11         0      5.538e+06
   55            358       309         2        47         0       189       188         0         1         0      5.462e+06
   56            358       288         2        68         0       169       162         0         7         0      5.418e+06
   57            359       289         2        68         0       157       154         0         3         0      5.368e+06
   58            411       291         0       120         0       168       142         0        26         0       5.34e+06
   59            406       345         2        59         0       215       202         0        13         0      5.273e+06
   60            360       297         2        61         0       189       183         0         6         0      5.249e+06
   61            361       256         5       100         0       156       134         0        22         0      5.225e+06
   62            358       283         2        73         0       165       149         0        16         0      5.205e+06
   63            358       262         2        94         0       137       101         0        36         0      5.151e+06
   64            446       404         0        42         0       226       225         0         1         0      5.123e+06
   65            436       387         0        49         0       195       194         0         1         0      5.123e+06
   66            384       325         2        57         0       228       227         0         1         0      5.123e+06
   67            359       275         2        82         0       159       152         0         7         0      5.121e+06
   68            369       292         9        68         0       204       196         4         4         0      5.071e+06
   69            358       266         2        90         0       177       172         0         5         0      5.061e+06
   70            358       269         2        87         0       182       164         0        18         0      5.049e+06
   71            358       258         2        98         0       171       166         0         5         0      5.037e+06
   72            359       265         2        92         0       162       156         0         6         0      5.016e+06
   73            359       226         6       127         0       144       126         3        15         0      5.005e+06
   74            358       268         2        88         0       135       131         0         4         0      4.967e+06
   75            353       305         2        46         0       187       176         0        11         0      4.868e+06
   76            358       261         2        95         0       142       133         0         9         0      4.842e+06
   77            361       275         6        80         0       151       135         3        13         0      4.824e+06
   78            356       243         8       105         0       136       123         5         8         0      4.806e+06
   79            353       211        13       129         0       136       123         6         7         0      4.768e+06
   80            337       206        15       116         0       119        87         7        25         0      4.765e+06
   81            326       248         5        73         0       115       115         0         0         0      4.739e+06
   82            298       223        13        62         0       117       114         3         0         0      4.735e+06
   83            292       196        25        71         0       135       115        10        10         0      4.703e+06
   84            259       162         9        88         0        76        68         5         3         0      4.698e+06
   85            294       197        16        81         0       121       103        10         8         0      4.693e+06
   86            241       142        14        85         0       101        95         3         3         0      4.679e+06
   87            301       197        14        90         0       107        93         7         7         0      4.672e+06
   88            272       210        13        49         0       113       105         6         2         0       4.67e+06
   89            255       156         6        93         0        90        58         2        30         0      4.659e+06
   90            230       152        12        66         0        82        65         8         9         0      4.625e+06
   91            201       110         5        86         0        63        56         0         7         0      4.616e+06
   92            192       142        12        38         0        95        91         2         2         0      4.602e+06
   93            194       122         7        65         0        78        71         0         7         0        4.6e+06
   94            186       149         4        33         0        81        78         0         3         0      4.577e+06
   95            179       144         2        33         0        74        71         0         3         0      4.577e+06
   96            178       130         4        44         0       109        86         0        23         0       4.57e+06
   97            179       140         8        31         0        77        77         0         0         0      4.566e+06
   98            182       161         4        17         0        82        81         0         1         0      4.552e+06
   99            173       148         8        17         0        87        79         6         2         0      4.552e+06
  100            161       106         2        53         0        59        53         0         6         0      4.552e+06
  101            163       121         5        37         0        49        46         3         0         0      4.552e+06
  102            158       145         2        11         0        89        88         0         1         0      4.543e+06
  103            159       118         2        39         0        89        79         0        10         0      4.541e+06
  104            165       105         7        53         0        82        75         5         2         0      4.489e+06
  105            160       128         3        29         0        83        65         0        18         0      4.489e+06
  106            161       146         7         8         0       101        96         5         0         0      4.468e+06
  107            158       137         2        19         0        65        65         0         0         0       4.45e+06
  108            156       113         2        41         0        80        79         0         1         0       4.45e+06
  109            159       122         2        35         0        74        69         0         5         0       4.45e+06
  110            163       126         4        33         0        77        69         0         8         0       4.45e+06
  111            155       103         5        47         0        45        44         0         1         0       4.45e+06
  112            156       124         4        28         0        45        44         0         1         0      4.439e+06
  113            163        85        10        68         0        40        29         6         5         0      4.439e+06
  114            155       111        14        30         0        73        59        10         4         0      4.439e+06
  115            158       100         2        56         0        47        47         0         0         0      4.439e+06
  116            164       112         3        49         0        28        28         0         0         0      4.439e+06
  117            247       145         9        93         0        52        51         0         1         0      4.439e+06
  118            142       101        15        26         0        59        49         6         4         0      4.437e+06
  119            138        83         4        51         0        32        32         0         0         0      4.437e+06
  120            152        70        14        68         0        52        42         9         1         0      4.437e+06
  121            150        95         8        47         0        75        54         6        15         0      4.437e+06
  122            130        68         6        56         0        22        18         0         4         0      4.435e+06
  123            146        60         5        81         0        43        32         3         8         0      4.423e+06
  124            139        74        11        54         0        23        17         4         2         0      4.422e+06
  125            139        92        12        35         0        51        47         2         2         0      4.381e+06
  126            118        57         7        54         0        15        13         2         0         0      4.381e+06
  127            102        43        17        42         0        23        14         6         3         0      4.381e+06
  128             73        33        14        26         0        11         7         4         0         0      4.381e+06
  129             72        27        21        24         0        22         9        11         2         0      4.381e+06
  130             97        48        15        34         0        18        14         4         0         0       4.38e+06
  131             73        34        18        21         0        21         8        13         0         0      4.376e+06
  132             73        30        13        30         0        18         9         8         1         0      4.375e+06
  133             51        15        14        22         0         8         4         3         1         0      4.375e+06
  134             41        14        13        14         0         7         5         2         0         0      4.366e+06
  135             39        10        16        13         0         8         3         4         1         0       4.35e+06
  136             25         9        12         4         0         3         1         2         0         0       4.35e+06
  137             25        14         5         6         0         4         4         0         0         0       4.35e+06
  138             21        11         6         4         0         7         5         2         0         0       4.35e+06
  139             20        10         6         4         0         3         3         0         0         0       4.35e+06
  140             15         4         4         7         0         1         1         0         0         0       4.35e+06
  141             19         7         6         6         0         3         1         2         0         0       4.35e+06
  142             13         4         2         7         0         1         1         0         0         0       4.35e+06
  143             25         9        11         5         0         3         3         0         0         0       4.35e+06
  144             27         5        14         8         0         0         0         0         0         0       4.35e+06
  145             16         2         7         7         0         1         1         0         0         0       4.35e+06
  146             12         2         8         2         0         1         0         0         1         0       4.35e+06
  147             17         3        10         4         0         2         2         0         0         0       4.35e+06
