Run time(sec):            912
IP gap:inf
======================= COST =======================
======================= COST =======================
Total:              5.871e+08
Cancel:              5.67e+08
Delay:              1.102e+07
Swaps:              7.584e+06
PosViol:            1.475e+06
CSC:                        0

===================== DISRUPTION ===================
# Cancelled:              567
# Delayed:                538
# Swaps:                  632
# CSCs:                     0
Ttl delay(min):	    1.102e+05
Avg delay(min):	          204
Min delay(min):	           30
Max delay(min):	          360

================= AIRPORT CAPACITY =================
SEA 2025-Jul-07 17:00:00 2025-Jul-07 21:00:00 1 0(0)
SEA 2025-Jul-07 17:00:00 2025-Jul-07 21:00:00 2 0(1)

================= AIRCRAFT LOCATION ================
Aircraft     PlannedEnd      ActualEnd
N214AK            AUS            PDX
N224AK            ANC            JNU
N236AK            IAD            SAN
N237AK            SEA            SEA
N238AK            IAD            SAN
N247AK            SEA            OMA
N248AK            SEA            SEA
N251AK            EUG            SFO
N253AK            IND            SEA
N260AK            PDX            PDX
N264AK            OMA            HNL
N265AK            SFO            SFO
N267AK            PDX            RDM
N268AK            PDX            JNU
N270AK            SEA            SEA
N272AK            ORD            ORD
N273AK            JNU            PHX
N274AK            MKE            ORD
N275AK            LAS            LAS
N277AK            CMH            SEA
N280AK            PDX            PDX
N281AK            ABQ            SEA
N282AK            JFK            SJC
N283AK            PDX            ABQ
N284AK            SJC            FLL
N285AK            SMF            SEA
N287AK            RDM            PDX
N288AK            ORD            JFK
N290AK            BNA            BNA
N291BT            SEA            SEA
N292AK            LAS            SEA
N293AK            ANC            SFO
N294AK            LAX            SEA
N296AK            PHX            CMH
N297AK            SFO            ANC
N298AK            LAX            SEA
N307AS            SEA            SEA
N309AS            JNU            JNU
N318AS            SEA            SEA
N402AS            LAS            SEA
N403AS            SAN            SEA
N408AS            ANC            PDX
N409AS            SFO            EUG
N413AS            SEA            ORD
N419AS            BOS            SEA
N423AS            LAX            SEA
N431AS            MCO            BOS
N433AS            CLE            IND
N434AS            ANC            ORD
N435AS            GEG            SEA
N440AS            LAX            IAD
N442AS            SEA            SEA
N448AS            SEA            SEA
N453AS            JNU            SEA
N457AS            DFW            PHX
N459AS            SFO            PDX
N462AS            SFO            JNU
N464AS            ANC            ANC
N467AS            MCI            SEA
N469AS            GEG            SAN
N471AS            SEA            BNA
N472AS            SJC            CLE
N474AS            SEA            SEA
N477AS            TPA            SEA
N478AS            ANC            ANC
N481AS            PDX            TPA
N483AS            PDX            SEA
N486AS            SEA            ANC
N487AS            BNA            SEA
N491AS            PDX            SEA
N492AS            PDX            PDX
N493AS            PHL            PHL
N494AS            ANC            SEA
N495AS            HNL            MCO
N506AS            BOS            SEA
N508AS            DCA            ANC
N512AS            SNA            LAX
N513AS            SEA            SEA
N514AS            SFO            ANC
N516AS            LAX            SNA
N517AS            SAN            SEA
N518AS            LAX            KOA
N519AS            SNA            SEA
N520AS            ANC            SEA
N523AS            SEA            BOS
N525AS            ANC            SEA
N526AS            SEA            SEA
N527AS            BWI            SMF
N529AS            SIT            ORD
N530AS            SJC            SAN
N531AS            SEA            DEN
N532AS            PDX            BWI
N535AS            SAN            SEA
N536AS            SEA            SEA
N537AS            DCA            PDX
N538AS            SEA            SAN
N546AS            SEA            ANC
N548AS            DEN            SEA
N549AS            ADQ            ADQ
N551AS            SEA            SEA
N552AS            SNA            SNA
N553AS            SEA            SNA
N556AS            SMF            SEA
N557AS            SAN            SEA
N560AS            SEA            PDX
N562AS            MSP            KOA
N564AS            ANC            GEG
N565AS            SEA            ANC
N568AS            LAX            SAN
N569AS            SAN            LIH
N570AS            SAN            SEA
N577AS            SEA            SAN
N579AS            KOA            PDX
N581AS            BOS            LIH
N586AS            PDX            LAS
N587AS            PHX            SNA
N589AS            JFK            LAX
N590AS            DCA            SAN
N592AS            ORD            ADQ
N593AS            LAS            SIT
N594AS            OAK            DEN
N596AS            SEA            SEA
N597AS            OGG            SAN
N607AS            ANC            SEA
N609AS            SIT            SEA
N611AS            SEA            ANC
N612AS            ANC            ANC
N613AS            RNO            SEA
N615AS            JNU            JNU
N618AS            ANC            ANC
N619AS            ANC            JNU
N622AS            SEA            SIT
N703AL            SEA            OGG
N705AL            LAX            SEA
N706AL            EWR            SEA
N707AL            EWR            EWR
N708AL            ORD            SAN
N709AL            TPA            SEA
N710AL            MSP            SEA
N712AL            LAX            SEA
N713AL            PDX            ORD
N716AL            MCO            MCO
N719AL            SEA            SFO
N720AL            BOS            BOS
N722AL            SEA            SEA
N723AL            DFW            IAD
N724AL            AUS            AUS
N725AL            SFO            SFO
N729AL            LAX            SEA
N731AL            MCO            SEA
N732AL            SEA            ONT
N733AL            PDX            SFO
N734AL            JFK            SEA
N738AL            SEA            SEA
N801AK            ANC            ANC
N803AK            JFK            JFK
N804AK            SEA            SEA
N805AK            LAX            LAX
N806AK            LAX            LAX
N809AK            SEA            SEA
N812AK            SFO            SFO
N813AK            SEA            SEA
N903AK            PDX            PDX
N912AK            SAN            MCO
N913AK            GEG            EWR
N915AK            SEA            GEG
N917AK            ONT            HNL
N918AK            RDU            LAS
N919AK            PHX            SEA
N920AK            ATL            SEA
N921AK            AUS            SEA
N924AK            EWR            ANC
N926AK            MSY            MSY
N928AK            DEN            SEA
N929AK            SEA            SEA
N931AK            PDX            SFO
N932AK            SFO            CVG
N933AK            ORD            DFW
N934AK            ANC            LAX
N935AK            SAN            SEA
N936AK            SEA            SEA
N938AK            LAX            SEA
N941AK            IAH            SEA
N942AK            ORD            ORD
N947AK            FAI            FAI
N948AK            LAX            LAX
N949AK            FAI            SEA
N952AK            SEA            SEA
N953AK            CVG            ANC
N954AK            PDX            SJC
N955AK            SFO            EWR
N956AK            PIT            SEA
N958AK            SAT            SEA
N960AK            BOS            SEA
N961AK            PHX            PDX
N962AK            SFO            LAX
N963AK            LAX            OGG
N964AK            IAH            SAT
N966AK            SFO            JFK
N967AK            LAX            PDX
N968AK            JFK            SEA
N969AK            PDX            JFK
N972AK            SFO            SEA
N973AK            ONT            SEA
N974AK            BOI            PDX
N975AK            LAS            SEA
N976AK            STL            SEA
N977AK            SEA            SEA
N978AK            IAD            ATL
N982AK            SEA            SAN
N983AK            ATL            PDX
N984AK            FAI            FAI
N985AK            DEN            LAX
N990AK            LAX            LAX
N407AS            SEA            SEA
N428AS            LAX            LAX
N468AS            DTW            DTW
N479AS            SEA            SFO
N563AS            GEG            ANC
N566AS            SFO            SFO
N588AS            ANC            LAX
N614AS            ANC            ANC
N946AK            BUR            LAX
N971AK            BUR            IAH
N979AK            SAN            SEA
