Objective:	5.87075e+08
Total CPU time:	00:15:12
================== Aircraft Recovery Schedule ==================
N214AK[30]
375(7/7IAD13:00---SEA18:47)
2025-Jul-07 19:17:00
700-d30(7/7SEA21:05---PHX23:59)
611-d0(7/8PHX00:29---SEA03:35)
N214AK_SEA-05:07/09:07-d0(7/8SEA05:07---7/8 09:07)
1039-d270(7/8SEA09:15---GEG10:28)
215-d0(7/8GEG16:45---SEA18:00)
405001-d210(7/8SEA18:41---OKC22:18)
405-d210(7/8OKC23:14---SEA03:08)
1092-d270(7/9SEA03:48---LAX06:35)
1397-d360(7/9LAX07:07---PDX09:30)
2025-Jul-09 15:30:00
--------------------------------------------------------
N224AK[45]
2025-Jul-07 15:00:00
731-d0(7/7PHX17:00---PAE20:03)
732-d0(7/7PAE21:00---PHX00:03)
1238-d240(7/8PHX01:16---PDX03:59)
376-d270(7/8PDX05:05---ORD09:09)
942-d0(7/8ORD11:00---SEA15:37)
83-d30(7/8SEA16:30---ANC20:05)
162-d30(7/8ANC21:10---SEA00:43)
78-d60(7/9SEA01:55---ANC05:37)
134-d360(7/9ANC06:30---SEA10:00)
185-d300(7/9SEA10:55---JNU13:25)
2025-Jul-09 15:45:00
--------------------------------------------------------
N236AK[55]
1258(7/7SEA14:00---SAN16:50)
2025-Jul-07 17:45:00
2025-Jul-09 15:55:00
--------------------------------------------------------
N237AK[55]
2025-Jul-07 15:00:00
2025-Jul-09 15:55:00
--------------------------------------------------------
N238AK[40]
1074(7/7PDX14:25---SAN17:00)
2025-Jul-07 17:40:00
2025-Jul-09 15:40:00
--------------------------------------------------------
N247AK[50]
512(7/7SFO14:00---AUS17:36)
2025-Jul-07 18:26:00
503-d0(7/7AUS18:36---SEA22:59)
941-d30(7/7SEA23:55---ORD04:00)
337-d360(7/8ORD04:54---SEA09:34)
980-d360(7/8SEA10:40---SFO12:59)
1410-d0(7/8SFO15:00---PDX16:45)
1161-d30(7/8PDX18:00---PHX20:46)
1238-d30(7/8PHX21:46---PDX00:29)
836-d240(7/9PDX01:30---SFO03:22)
922-d30(7/9SFO04:19---SEA06:32)
338-d360(7/9SEA07:48---OMA10:59)
2025-Jul-09 15:50:00
--------------------------------------------------------
N248AK[30]
537(7/7BOS13:20---SEA19:35)
2025-Jul-07 20:05:00
2025-Jul-09 15:30:00
--------------------------------------------------------
N251AK[50]
2025-Jul-07 15:00:00
2025-Jul-09 15:50:00
--------------------------------------------------------
N253AK[35]
2025-Jul-07 15:00:00
2025-Jul-09 15:35:00
--------------------------------------------------------
N260AK[60]
2025-Jul-07 15:00:00
2025-Jul-09 16:00:00
--------------------------------------------------------
N264AK[30]
2025-Jul-07 15:00:00
648-d0(7/7SEA15:00---TUS18:10)
641-d0(7/7TUS19:06---SEA22:20)
1256-d330(7/7SEA22:51---PSP01:45)
582-d330(7/8PSP02:40---SEA05:30)
423-d0(7/8SEA06:36---SAT10:40)
495-d0(7/8SAT12:00---SEA16:24)
1017-d0(7/8SEA18:20---PDX19:23)
1136001-d360(7/8PDX20:00---DEN22:37)
682-d270(7/8DEN23:19---SEA02:18)
228-d0(7/9SEA03:25---ANC07:04)
827-d300(7/9ANC07:55---HNL13:59)
2025-Jul-09 15:30:00
--------------------------------------------------------
N265AK[55]
541(7/7AUS12:37---PDX16:50)
2025-Jul-07 17:45:00
121-d0(7/7PDX17:53---BUR20:12)
122-d0(7/7BUR21:07---PDX23:25)
1370-d0(7/8PDX00:35---AUS04:42)
339-d330(7/8AUS06:00---SEA10:37)
161-d360(7/8SEA11:47---EUG13:01)
132-d60(7/8EUG14:00---SEA15:15)
648-d90(7/8SEA16:30---TUS19:40)
641-d90(7/8TUS20:36---SEA23:50)
1140-d0(7/9SEA00:59---SFO03:15)
2025-Jul-09 15:55:00
--------------------------------------------------------
N267AK[60]
2025-Jul-07 15:00:00
57-d0(7/7ANC16:00---FAI17:05)
234-d0(7/7FAI18:05---SEA21:43)
71-d240(7/7SEA22:43---JNU01:19)
176-d270(7/8JNU02:45---SEA05:12)
105-d270(7/8SEA06:29---ANC10:08)
172-d240(7/8ANC11:13---PHX16:45)
645-d240(7/8PHX18:05---SEA21:09)
442-d330(7/8SEA22:12---PHL03:17)
443-d330(7/9PHL04:22---SEA10:27)
924-d360(7/9SEA11:48---RDM12:59)
2025-Jul-09 16:00:00
--------------------------------------------------------
N268AK[55]
413(7/7ORD12:00---PDX16:25)
2025-Jul-07 17:20:00
1296-d0(7/7PDX17:40---SAN20:15)
1297-d0(7/7SAN21:15---PDX23:49)
1455-d0(7/8PDX00:49---ANC04:40)
134-d330(7/8ANC06:00---SEA09:30)
959-d300(7/8SEA10:52---GEG11:59)
966-d0(7/8GEG13:00---SEA14:15)
516-d30(7/8SEA15:25---FLL21:22)
517-d30(7/8FLL22:22---SEA04:50)
69001-d270(7/9SEA06:05---KTN08:14)
69-d300(7/9KTN09:29---JNU10:30)
2025-Jul-09 15:55:00
--------------------------------------------------------
N270AK[45]
2025-Jul-07 15:00:00
2025-Jul-09 15:45:00
--------------------------------------------------------
N272AK[50]
2025-Jul-07 15:00:00
1254-d0(7/7SEA15:27---ONT18:05)
1111-d0(7/7ONT19:00---SEA21:38)
1046-d30(7/7SEA22:38---SJC00:47)
1047-d30(7/8SJC01:41---SEA03:48)
1098-d240(7/8SEA04:59---SAN07:54)
1020-d240(7/8SAN08:50---MCO14:00)
395-d210(7/8MCO14:50---SEA21:00)
535001-d270(7/8SEA21:50---DEN00:37)
535-d270(7/9DEN01:33---SEA04:30)
538-d270(7/9SEA05:24---ORD09:29)
2025-Jul-09 15:50:00
--------------------------------------------------------
N273AK[45]
289(7/7EWR11:52---LAX17:46)
2025-Jul-07 18:31:00
193-d0(7/9LAX02:45---ANC08:08)
172-d120(7/9ANC09:13---PHX14:45)
2025-Jul-09 15:45:00
--------------------------------------------------------
N274AK[50]
2025-Jul-07 15:00:00
2025-Jul-09 15:50:00
--------------------------------------------------------
N275AK[55]
683(7/7ORD13:00---SEA17:39)
2025-Jul-07 18:34:00
658-d120(7/7SEA21:00---LAS23:44)
634-d120(7/8LAS00:39---SFO02:20)
776-d120(7/8SFO03:40---LAS05:25)
393-d0(7/8LAS14:00---PAE16:40)
385-d0(7/8PAE17:40---PHX20:43)
396-d0(7/8PHX21:43---PAE00:44)
391-d0(7/9PAE01:44---LAS04:17)
2025-Jul-09 15:55:00
--------------------------------------------------------
N277AK[45]
2025-Jul-07 15:00:00
2025-Jul-09 15:45:00
--------------------------------------------------------
N280AK[55]
1089(7/7LAS14:05---PDX16:24)
2025-Jul-07 17:19:00
2025-Jul-09 15:55:00
--------------------------------------------------------
N281AK[30]
2025-Jul-07 15:00:00
2025-Jul-09 15:30:00
--------------------------------------------------------
N282AK[60]
2025-Jul-07 15:00:00
90-d210(7/7SIT18:45---SEA21:09)
1198-d90(7/7SEA22:35---SAN01:25)
735-d120(7/8SAN02:51---SEA05:50)
1004-d240(7/8SEA06:59---GEG08:09)
963-d0(7/8GEG14:00---SEA15:14)
1166-d90(7/8SEA16:40---SFO18:59)
1075-d120(7/8SFO20:25---SEA22:37)
1150001-d240(7/8SEA23:48---BUR02:19)
1150-d270(7/9BUR03:44---SEA06:24)
1310-d360(7/9SEA07:36---SJC09:51)
2025-Jul-09 16:00:00
--------------------------------------------------------
N283AK[50]
2025-Jul-07 15:00:00
1314-d0(7/7SJC19:02---SEA21:10)
620001-d120(7/7SEA22:13---DEN00:54)
620-d120(7/8DEN01:50---SEA04:50)
380-d60(7/8SEA05:45---DTW10:05)
381-d0(7/8DTW11:00---SEA15:57)
312001-d60(7/8SEA17:06---OMA20:17)
312-d60(7/8OMA21:14---SEA00:54)
960-d90(7/9SEA02:13---GEG03:20)
965-d90(7/9GEG04:14---SEA05:30)
780-d210(7/9SEA06:29---ABQ09:29)
2025-Jul-09 15:50:00
--------------------------------------------------------
N284AK[40]
943(7/7RDM13:00---SEA14:14)
516(7/7SEA14:55---FLL20:52)
2025-Jul-07 21:32:00
2025-Jul-09 15:40:00
--------------------------------------------------------
N285AK[30]
383(7/7BNA12:00---SEA17:06)
2025-Jul-07 17:36:00
2025-Jul-09 15:30:00
--------------------------------------------------------
N287AK[55]
139(7/7ORD14:30---ANC21:15)
2025-Jul-07 22:10:00
226-d0(7/7ANC22:20---SEA01:50)
N287AK_SEA-01:50/07:50-d0(7/8SEA01:50---7/8 07:50)
136-d300(7/8SEA07:55---ANC11:38)
54-d210(7/8ANC12:59---SEA16:30)
79-d150(7/8SEA17:30---ANC21:06)
198-d300(7/8ANC22:05---PDX01:44)
1204-d300(7/9PDX02:49---SAN05:22)
1294-d300(7/9SAN06:18---PDX08:50)
2025-Jul-09 15:55:00
--------------------------------------------------------
N288AK[55]
2025-Jul-07 15:00:00
479-d210(7/7LAS18:30---SEA21:10)
1086-d0(7/7SEA22:25---ONT01:04)
1087-d30(7/8ONT02:28---SEA05:07)
547-d90(7/8SEA06:10---CLE10:41)
548-d60(7/8CLE12:00---SEA17:09)
N288AK_SEA-17:09/20:09-d0(7/8SEA17:09---7/8 20:09)
932-d120(7/8SEA20:36---ABQ23:37)
933-d150(7/9ABQ01:01---SEA04:11)
22-d0(7/9SEA05:41---JFK11:02)
2025-Jul-09 15:55:00
--------------------------------------------------------
N290AK[30]
358(7/7PDX14:00---BOS19:25)
2025-Jul-07 19:55:00
304-d0(7/7BOS20:25---SEA02:48)
460-d300(7/8SEA03:43---BOS08:59)
336-d0(7/8BOS10:00---PDX16:17)
757-d0(7/8PDX17:50---LAS20:09)
676-d0(7/8LAS21:04---SEA23:50)
733-d360(7/9SEA00:38---SLC02:44)
734-d360(7/9SLC03:39---SEA05:54)
382-d360(7/9SEA06:43---BNA10:59)
2025-Jul-09 15:30:00
--------------------------------------------------------
N291BT[30]
627(7/7TPA11:00---SEA17:06)
2025-Jul-07 17:36:00
2025-Jul-09 15:30:00
--------------------------------------------------------
N292AK[45]
473(7/7STL11:41---SEA16:10)
2025-Jul-07 16:55:00
2025-Jul-09 15:45:00
--------------------------------------------------------
N293AK[60]
2025-Jul-07 15:00:00
23-d0(7/7JFK17:00---SEA23:08)
602-d90(7/8SEA00:19---DEN03:02)
615-d90(7/8DEN04:02---SEA07:12)
780-d330(7/8SEA08:29---ABQ11:29)
618-d0(7/8ABQ14:00---SEA17:15)
1258-d270(7/8SEA18:30---SAN21:20)
322-d300(7/8SAN22:48---IAD03:59)
435-d300(7/9IAD04:59---SFO10:46)
2025-Jul-09 16:00:00
--------------------------------------------------------
N294AK[50]
281(7/7BNA14:00---SEA19:03)
2025-Jul-07 19:53:00
2025-Jul-09 15:50:00
--------------------------------------------------------
N296AK[50]
2025-Jul-07 15:00:00
1108-d0(7/7SEA16:58---SAN19:49)
1097-d0(7/7SAN20:45---SEA23:45)
352-d330(7/8SEA00:48---AUS05:00)
513-d270(7/8AUS06:15---SFO09:59)
912-d0(7/8SFO14:20---SAN16:02)
1259-d0(7/8SAN17:00---SEA20:00)
313001-d330(7/8SEA21:00---DTW01:20)
313-d330(7/9DTW02:16---SEA07:15)
315-d210(7/9SEA08:15---CMH12:43)
2025-Jul-09 15:50:00
--------------------------------------------------------
N297AK[35]
2025-Jul-07 15:00:00
2025-Jul-09 15:35:00
--------------------------------------------------------
N298AK[55]
533(7/7ATL13:30---SEA18:51)
2025-Jul-07 19:46:00
2025-Jul-09 15:55:00
--------------------------------------------------------
N307AS[60]
168(7/7FAI08:14---SEA12:00)
2025-Jul-07 15:00:00
722-d150(7/7SEA21:14---PHX00:17)
975-d150(7/8PHX01:17---SEA04:22)
2025-Jul-09 16:00:00
--------------------------------------------------------
N309AS[30]
2025-Jul-07 15:00:00
612-d0(7/7SEA15:26---LAS18:05)
785-d0(7/7LAS19:00---SEA21:44)
1284-d0(7/7SEA22:44---SFO00:57)
1065-d0(7/8SFO01:53---SEA04:11)
185-d0(7/8SEA05:55---JNU08:25)
42-d0(7/8JNU09:55---SEA12:23)
1306-d0(7/8SEA15:00---LAX17:49)
1305-d0(7/8LAX18:55---SEA21:39)
962-d0(7/8SEA23:03---GEG00:13)
964-d0(7/9GEG01:07---SEA02:21)
205-d30(7/9SEA03:06---JNU05:35)
2025-Jul-09 15:30:00
--------------------------------------------------------
N318AS[40]
2025-Jul-07 15:00:00
215-d180(7/7GEG19:45---SEA21:00)
1194-d0(7/8SEA02:54---SMF04:52)
1217-d0(7/8SMF13:15---SEA15:15)
2025-Jul-09 15:40:00
--------------------------------------------------------
N402AS[60]
1041(7/7BUR14:00---SEA16:37)
2025-Jul-07 17:37:00
2025-Jul-09 16:00:00
--------------------------------------------------------
N403AS[50]
188(7/7ANC13:00---SEA16:30)
2025-Jul-07 17:20:00
2025-Jul-09 15:50:00
--------------------------------------------------------
N408AS[55]
2025-Jul-07 15:00:00
2025-Jul-09 15:55:00
--------------------------------------------------------
N409AS[55]
150(7/7ANC08:34---LAX13:55)
2025-Jul-07 15:00:00
798-d90(7/7LAX18:20---SEA21:05)
494001-d150(7/7SEA22:03---SAT02:07)
494-d150(7/8SAT03:07---SEA07:23)
427-d90(7/8SEA08:19---CVG12:37)
428-d60(7/8CVG13:40---SEA18:39)
697001-d0(7/8SEA19:52---MSO21:17)
697-d0(7/8MSO22:13---SEA23:51)
291-d300(7/9SEA00:46---STL04:35)
291001-d300(7/9STL05:32---SEA10:00)
161-d330(7/9SEA11:17---EUG12:31)
2025-Jul-09 15:55:00
--------------------------------------------------------
N413AS[40]
324(7/7PDX14:02---ORD18:07)
2025-Jul-07 18:47:00
2025-Jul-09 15:40:00
--------------------------------------------------------
N419AS[60]
2025-Jul-07 15:00:00
2025-Jul-09 16:00:00
--------------------------------------------------------
N423AS[30]
446(7/7PHL10:45---SEA16:42)
2025-Jul-07 17:12:00
2025-Jul-09 15:30:00
--------------------------------------------------------
N431AS[55]
292(7/7SFO14:54---EWR20:29)
2025-Jul-07 21:24:00
462-d0(7/7EWR21:30---SEA03:44)
205-d150(7/8SEA05:06---JNU07:35)
70001-d150(7/8JNU08:45---SIT09:29)
73001-d0(7/8SIT14:00---JNU14:44)
142-d60(7/8JNU16:08---SEA18:36)
1278-d120(7/8SEA19:47---ONT22:26)
1242001-d120(7/8ONT23:22---SEA01:59)
590-d210(7/9SEA03:12---SFO05:23)
307-d120(7/9SFO06:28---BOS12:10)
2025-Jul-09 15:55:00
--------------------------------------------------------
N433AS[45]
2025-Jul-07 15:00:00
1410-d0(7/7SFO15:00---PDX16:45)
1161-d0(7/7PDX17:30---PHX20:16)
603-d150(7/7PHX21:22---SEA00:28)
590-d120(7/8SEA01:42---SFO03:53)
1327-d120(7/8SFO04:49---SEA07:05)
1168-d330(7/8SEA07:55---BUR10:29)
1063-d0(7/8BUR14:20---PDX16:37)
499-d270(7/8PDX17:35---SEA18:39)
658-d30(7/8SEA19:30---LAS22:14)
634-d30(7/8LAS23:09---SFO00:50)
591-d120(7/9SFO01:44---SEA03:54)
445-d360(7/9SEA05:08---RNO06:59)
523-d360(7/9RNO07:47---SEA09:42)
545-d360(7/9SEA10:45---IND15:00)
2025-Jul-09 15:45:00
--------------------------------------------------------
N434AS[40]
408(7/7SEA13:00---ORD17:07)
2025-Jul-07 17:47:00
2025-Jul-09 15:40:00
--------------------------------------------------------
N435AS[55]
920(7/7RDU11:36---SEA17:30)
2025-Jul-07 18:25:00
2025-Jul-09 15:55:00
--------------------------------------------------------
N440AS[30]
459(7/7BOS11:20---SEA17:38)
2025-Jul-07 18:08:00
502-d300(7/7SEA21:03---AUS01:11)
518-d270(7/8AUS01:41---SFO05:27)
922-d150(7/8SFO06:19---SEA08:32)
924-d210(7/8SEA09:18---RDM10:29)
943-d0(7/8RDM13:00---SEA14:14)
1290001-d0(7/8SEA15:00---BUR17:36)
1290-d0(7/8BUR18:30---SEA21:08)
1216-d180(7/8SEA22:01---SMF00:01)
1358-d180(7/9SMF00:56---SEA02:54)
1098-d150(7/9SEA03:29---SAN06:24)
1005-d240(7/9SAN06:57---SFO08:37)
455-d210(7/9SFO09:13---IAD14:20)
2025-Jul-09 15:30:00
--------------------------------------------------------
N442AS[55]
542(7/7SEA07:25---DFW11:20)
365(7/7DFW14:00---SEA18:27)
2025-Jul-07 19:22:00
2025-Jul-09 15:55:00
--------------------------------------------------------
N448AS[45]
242(7/7MKE11:30---SEA15:53)
2025-Jul-07 16:38:00
2025-Jul-09 15:45:00
--------------------------------------------------------
N453AS[50]
42(7/7JNU09:55---SEA12:23)
2025-Jul-07 15:00:00
2025-Jul-09 15:50:00
--------------------------------------------------------
N457AS[45]
606(7/7SEA14:55---PHX17:52)
2025-Jul-07 18:37:00
2025-Jul-09 15:45:00
--------------------------------------------------------
N459AS[50]
1063(7/7BUR14:20---PDX16:37)
2025-Jul-07 17:27:00
2025-Jul-09 15:50:00
--------------------------------------------------------
N462AS[30]
2025-Jul-07 15:00:00
2025-Jul-09 15:30:00
--------------------------------------------------------
N464AS[55]
453(7/7IAH11:00---SEA15:40)
2025-Jul-07 16:35:00
N464AS_SEA-15:40/19:40-d0(7/7SEA15:40---7/7 19:40)
1132-d30(7/7SEA21:05---SFO23:18)
591-d30(7/8SFO00:14---SEA02:24)
167-d30(7/8SEA03:20---FAI07:06)
168-d0(7/8FAI08:14---SEA12:00)
1227-d360(7/8SEA12:59---AUS17:07)
1228-d210(7/8AUS18:15---SEA22:42)
934001-d330(7/8SEA23:50---EUG01:06)
934-d360(7/9EUG02:30---SEA03:48)
744-d360(7/9SEA04:59---PHX07:57)
141-d360(7/9PHX08:57---ANC14:48)
2025-Jul-09 15:55:00
--------------------------------------------------------
N467AS[40]
132(7/7EUG13:00---SEA14:15)
2025-Jul-07 15:00:00
2025-Jul-09 15:40:00
--------------------------------------------------------
N469AS[30]
1130(7/7GEG14:00---SAN16:47)
2025-Jul-07 17:17:00
2025-Jul-09 15:30:00
--------------------------------------------------------
N471AS[60]
643(7/7DEN12:00---SEA15:01)
2025-Jul-07 16:01:00
442-d0(7/7SEA16:42---PHL21:47)
443-d0(7/7PHL22:52---SEA04:57)
340-d0(7/8SEA06:10---PIT10:43)
341-d0(7/8PIT12:03---SEA17:28)
1316-d330(7/8SEA18:30---LAX21:20)
1279-d30(7/8LAX22:46---GEG01:17)
1280-d30(7/9GEG02:19---LAX05:05)
1215-d240(7/9LAX06:25---SEA09:17)
400-d240(7/9SEA10:18---BNA14:40)
2025-Jul-09 16:00:00
--------------------------------------------------------
N472AS[50]
35(7/7JFK14:00---SAN19:52)
2025-Jul-07 20:42:00
474-d180(7/7SAN21:04---ATL01:31)
334-d180(7/8ATL02:31---SEA08:07)
452-d120(7/8SEA08:59---IAH13:20)
399-d30(7/8IAH14:30---SEA19:15)
1096-d90(7/8SEA20:11---SAN23:08)
1135-d90(7/9SAN00:05---SEA03:01)
1214-d240(7/9SEA04:04---SJC06:15)
1047-d360(7/9SJC07:11---SEA09:18)
547-d330(7/9SEA10:10---CLE14:41)
2025-Jul-09 15:50:00
--------------------------------------------------------
N474AS[40]
942(7/7ORD11:00---SEA15:37)
2025-Jul-07 16:17:00
2025-Jul-09 15:40:00
--------------------------------------------------------
N477AS[60]
963(7/7GEG14:00---SEA15:14)
2025-Jul-07 16:14:00
2025-Jul-09 16:00:00
--------------------------------------------------------
N478AS[40]
2025-Jul-07 15:00:00
2025-Jul-09 15:40:00
--------------------------------------------------------
N481AS[60]
18(7/7PDX14:20---JFK19:45)
2025-Jul-07 20:45:00
31-d0(7/7JFK20:45---SEA03:10)
545-d0(7/8SEA04:45---IND09:00)
546-d0(7/8IND10:30---SEA15:19)
1108-d0(7/8SEA16:58---SAN19:49)
1097-d30(7/8SAN21:15---SEA00:15)
1086-d180(7/9SEA01:25---ONT04:04)
1087-d210(7/9ONT05:28---SEA08:07)
360-d210(7/9SEA09:28---TPA14:55)
2025-Jul-09 16:00:00
--------------------------------------------------------
N483AS[60]
54(7/7ANC09:29---SEA13:00)
2025-Jul-07 15:00:00
2025-Jul-09 16:00:00
--------------------------------------------------------
N486AS[50]
2025-Jul-07 15:00:00
1255-d240(7/7SMF19:13---SEA21:15)
733-d210(7/7SEA22:08---SLC00:14)
734-d210(7/8SLC01:09---SEA03:24)
99-d330(7/8SEA04:28---ANC08:12)
70-d330(7/8ANC09:15---JNU10:57)
73-d0(7/8JNU15:34---ANC17:24)
108-d0(7/8ANC18:22---FAI19:27)
140-d0(7/8FAI20:17---SEA00:00)
1132-d270(7/9SEA01:05---SFO03:18)
571-d330(7/9SFO04:18---LAS06:01)
403-d270(7/9LAS07:15---SEA10:07)
119-d300(7/9SEA10:59---ANC14:39)
2025-Jul-09 15:50:00
--------------------------------------------------------
N487AS[55]
546(7/7IND10:30---SEA15:19)
2025-Jul-07 16:14:00
2025-Jul-09 15:55:00
--------------------------------------------------------
N491AS[45]
316(7/7CMH11:00---SEA16:05)
2025-Jul-07 16:50:00
2025-Jul-09 15:45:00
--------------------------------------------------------
N492AS[60]
974(7/7SAN14:00---PDX16:35)
2025-Jul-07 17:35:00
2025-Jul-09 16:00:00
--------------------------------------------------------
N493AS[55]
430(7/7SEA14:14---SLC16:16)
2025-Jul-07 17:11:00
796-d120(7/7SLC19:12---SEA21:28)
410-d120(7/7SEA22:45---ORD02:42)
409-d120(7/8ORD03:42---SEA08:24)
112-d150(7/8SEA09:20---FAI13:06)
210-d30(7/8FAI14:22---SEA18:10)
1010-d60(7/8SEA19:20---GEG20:29)
1011-d90(7/8GEG21:53---SEA23:07)
1048001-d0(7/9SEA00:59---LAX03:50)
1301-d270(7/9LAX04:45---SEA07:30)
444-d270(7/9SEA08:45---PHL13:55)
2025-Jul-09 15:55:00
--------------------------------------------------------
N494AS[45]
2025-Jul-07 15:00:00
2025-Jul-09 15:45:00
--------------------------------------------------------
N495AS[60]
2025-Jul-07 15:00:00
1073-d0(7/7SAN17:50---PDX20:28)
946-d0(7/7PDX21:30---BOI22:48)
1019-d30(7/8BOI00:13---SEA01:50)
744-d240(7/8SEA02:59---PHX05:57)
662-d360(7/8PHX07:05---PDX09:48)
1239-d0(7/8PDX14:00---PHX16:46)
637-d0(7/8PHX17:46---SEA20:53)
600-d0(7/8SEA22:42---LAS01:16)
779-d60(7/9LAS02:31---PDX04:50)
1122-d330(7/9PDX06:00---SAN08:33)
1020-d300(7/9SAN09:50---MCO15:00)
2025-Jul-09 16:00:00
--------------------------------------------------------
N506AS[45]
799(7/7PHX13:00---SEA16:04)
2025-Jul-07 16:49:00
2025-Jul-09 15:45:00
--------------------------------------------------------
N508AS[50]
2025-Jul-07 15:00:00
79-d0(7/7SEA15:00---ANC18:36)
137-d180(7/7ANC19:55---OTZ21:32)
137001-d180(7/7OTZ22:24---ANC23:54)
66-d210(7/8ANC00:56---CDV01:51)
66001-d210(7/8CDV02:43---YAK03:43)
66003-d210(7/8YAK04:35---JNU05:33)
66002-d210(7/8JNU06:25---SEA08:53)
119-d240(7/8SEA09:59---ANC13:39)
62-d0(7/8ANC14:45---JNU16:28)
62001-d0(7/8JNU17:20---SIT18:05)
62003-d0(7/8SIT18:57---KTN19:58)
62002-d0(7/8KTN20:48---SEA22:47)
67002-d90(7/9SEA00:03---KTN02:10)
67001-d120(7/9KTN03:25---SIT04:20)
67003-d150(7/9SIT05:38---JNU06:22)
66002-d270(7/9JNU07:25---SEA09:53)
144-d240(7/9SEA10:59---ANC14:39)
2025-Jul-09 15:50:00
--------------------------------------------------------
N512AS[55]
2025-Jul-07 15:00:00
2025-Jul-09 15:55:00
--------------------------------------------------------
N513AS[55]
2025-Jul-07 15:00:00
2025-Jul-09 15:55:00
--------------------------------------------------------
N514AS[50]
1293(7/7LAX13:00---SEA15:50)
2025-Jul-07 16:40:00
174-d0(7/7SEA16:57---FAI20:40)
103-d0(7/7FAI21:35---ANC22:40)
183-d90(7/7ANC23:40---DLG00:55)
182-d90(7/8DLG01:50---ANC03:00)
272-d0(7/8ANC04:10---SEA07:45)
1288-d360(7/8SEA08:41---SNA11:30)
1325-d0(7/8SNA13:45---SEA16:42)
418001-d90(7/8SEA17:43---MCI21:09)
418-d90(7/8MCI22:04---SEA02:02)
1163-d120(7/9SEA02:59---DEN05:47)
1131-d360(7/9DEN07:06---PDX09:50)
197001-d360(7/9PDX10:40---ANC14:24)
2025-Jul-09 15:50:00
--------------------------------------------------------
N516AS[55]
1148(7/7SEA14:20---SNA17:15)
2025-Jul-07 18:10:00
2025-Jul-09 15:55:00
--------------------------------------------------------
N517AS[55]
2025-Jul-07 15:00:00
2025-Jul-09 15:55:00
--------------------------------------------------------
N518AS[60]
302(7/7ANC09:44---PDX13:20)
867(7/7PDX14:56---KOA20:50)
2025-Jul-07 21:50:00
2025-Jul-09 16:00:00
--------------------------------------------------------
N519AS[40]
349(7/7BWI11:51---SEA17:40)
2025-Jul-07 18:20:00
2025-Jul-09 15:40:00
--------------------------------------------------------
N520AS[50]
645(7/7PHX14:05---SEA17:09)
2025-Jul-07 17:59:00
2025-Jul-09 15:50:00
--------------------------------------------------------
N523AS[50]
15(7/7DCA12:59---SAN18:20)
2025-Jul-07 19:10:00
1137-d0(7/7SAN19:12---SEA22:10)
1216-d240(7/7SEA23:01---SMF01:01)
1358-d240(7/8SMF01:56---SEA03:54)
1138-d360(7/8SEA05:04---SBA07:40)
1139-d360(7/8SBA08:30---SEA11:07)
498-d360(7/8SEA12:03---PDX12:59)
1298-d0(7/8PDX14:00---SNA16:31)
1277-d0(7/8SNA17:21---SEA20:06)
773-d0(7/8SEA21:10---SNA00:01)
1191-d180(7/9SNA01:02---SEA03:48)
1264-d60(7/9SEA05:03---SAN07:59)
259-d210(7/9SAN09:15---BOS15:00)
2025-Jul-09 15:50:00
--------------------------------------------------------
N525AS[40]
21(7/7JFK11:00---SEA17:13)
2025-Jul-07 17:53:00
2025-Jul-09 15:40:00
--------------------------------------------------------
N526AS[50]
210(7/7FAI13:52---SEA17:40)
2025-Jul-07 18:30:00
2025-Jul-09 15:50:00
--------------------------------------------------------
N527AS[50]
2025-Jul-07 15:00:00
1190-d0(7/7SEA16:00---SNA18:49)
740-d0(7/7SNA19:42---SFO21:10)
929-d0(7/7SFO22:05---PDX23:50)
1295-d0(7/8PDX00:55---SFO02:48)
1225-d360(7/8SFO03:45---SEA05:54)
386-d330(7/8SEA07:07---MSP10:29)
387-d0(7/8MSP11:40---SEA15:44)
1256-d0(7/8SEA17:21---PSP20:15)
582-d0(7/8PSP21:10---SEA00:00)
357001-d270(7/9SEA01:05---MCI04:31)
357-d270(7/9MCI05:26---SEA09:26)
1230-d360(7/9SEA10:45---SMF12:45)
2025-Jul-09 15:50:00
--------------------------------------------------------
N529AS[60]
869(7/7SJC14:00---KOA19:30)
2025-Jul-07 20:30:00
808-d0(7/7KOA20:30---SEA02:22)
1321-d210(7/8SEA03:38---STS05:39)
1321001-d240(7/8STS07:01---SEA09:07)
1292-d360(7/8SEA10:07---LAX12:59)
504-d0(7/8LAX14:00---SEA16:47)
149-d60(7/8SEA17:50---ANC21:26)
66-d60(7/8ANC22:26---CDV23:21)
66001-d90(7/9CDV00:43---YAK01:43)
66003-d120(7/9YAK03:05---JNU04:03)
67-d30(7/9JNU05:10---ANC06:58)
109-d60(7/9ANC08:26---ORD14:40)
2025-Jul-09 16:00:00
--------------------------------------------------------
N530AS[60]
2025-Jul-07 15:00:00
8-d0(7/7SFO16:45---DCA21:58)
3-d120(7/7DCA23:02---SEA05:00)
1104-d270(7/8SEA06:20---SNA09:09)
774-d360(7/8SNA10:15---SEA13:05)
N530AS_SEA-13:19/16:19-d0(7/8SEA13:19---7/8 16:19)
1226-d150(7/8SEA16:30---SJC18:38)
1311001-d180(7/8SJC20:00---SEA22:13)
839-d0(7/9SEA01:45---LIH07:54)
826-d0(7/9LIH08:54---SAN14:33)
2025-Jul-09 16:00:00
--------------------------------------------------------
N531AS[45]
2025-Jul-07 15:00:00
2025-Jul-09 15:45:00
--------------------------------------------------------
N532AS[60]
1109(7/7SEA13:00---SAN15:53)
2025-Jul-07 16:53:00
1071-d180(7/7SAN18:15---SEA21:18)
49-d270(7/7SEA22:25---ANC02:05)
89-d330(7/8ANC03:24---ADQ04:27)
88-d360(7/8ADQ05:49---ANC06:49)
164-d60(7/8ANC08:18---DEN13:35)
745-d60(7/8DEN15:00---SEA18:00)
429001-d90(7/8SEA19:22---ORD23:29)
337001-d120(7/9ORD00:55---SEA05:35)
344-d90(7/9SEA06:50---BWI11:51)
2025-Jul-09 16:00:00
--------------------------------------------------------
N535AS[50]
1151(7/7OAK14:00---SEA16:07)
2025-Jul-07 16:57:00
2025-Jul-09 15:50:00
--------------------------------------------------------
N536AS[45]
1(7/7DCA12:00---SEA17:56)
2025-Jul-07 18:41:00
2025-Jul-09 15:45:00
--------------------------------------------------------
N537AS[50]
1124(7/7LAX14:00---PDX16:23)
2025-Jul-07 17:13:00
2025-Jul-09 15:50:00
--------------------------------------------------------
N538AS[55]
2025-Jul-07 15:00:00
2025-Jul-09 15:55:00
--------------------------------------------------------
N546AS[45]
2025-Jul-07 15:00:00
2025-Jul-09 15:45:00
--------------------------------------------------------
N548AS[35]
2025-Jul-07 15:00:00
2025-Jul-09 15:35:00
--------------------------------------------------------
N549AS[50]
2025-Jul-07 15:00:00
231-d0(7/7ANC15:10---ADQ16:11)
232-d0(7/7ADQ17:03---ANC18:01)
43-d0(7/7ANC18:59---BET20:21)
44-d0(7/7BET21:11---ANC22:34)
155-d0(7/7ANC23:32---OME01:09)
155001-d0(7/8OME01:59---ANC03:33)
47-d0(7/8ANC15:15---SEA18:52)
175-d0(7/8SEA19:55---ANC23:27)
177-d0(7/9ANC02:30---ADQ03:30)
2025-Jul-09 15:50:00
--------------------------------------------------------
N551AS[55]
2025-Jul-07 15:00:00
2025-Jul-09 15:55:00
--------------------------------------------------------
N552AS[30]
981(7/7SFO13:00---SEA15:04)
2025-Jul-07 15:34:00
418001-d0(7/7SEA16:13---MCI19:39)
418-d0(7/7MCI20:34---SEA00:32)
1202-d30(7/8SEA01:05---SNA03:55)
1229-d240(7/8SNA04:49---SEA07:35)
542-d60(7/8SEA08:25---DFW12:20)
303-d30(7/8DFW12:55---PDX16:58)
128-d0(7/8PDX17:30---SFO19:24)
1043-d360(7/8SFO20:00---SEA22:05)
426-d360(7/8SEA22:50---DFW02:48)
317-d270(7/9DFW03:46---SEA08:05)
1288-d360(7/9SEA08:41---SNA11:30)
2025-Jul-09 15:30:00
--------------------------------------------------------
N553AS[45]
1298(7/7PDX14:00---SNA16:31)
2025-Jul-07 17:16:00
2025-Jul-09 15:45:00
--------------------------------------------------------
N556AS[45]
1181(7/7SNA14:00---PDX16:30)
2025-Jul-07 17:15:00
1084-d0(7/7PDX17:30---SNA20:03)
1159-d0(7/7SNA20:51---PDX23:15)
1100-d150(7/8PDX00:25---SNA02:57)
1203-d90(7/8SNA03:44---SEA06:37)
N556AS_SEA-07:06/11:06-d0(7/8SEA07:06---7/8 11:06)
1109-d0(7/8SEA13:00---SAN15:53)
1071-d90(7/8SAN16:45---SEA19:48)
620001-d30(7/8SEA20:43---DEN23:24)
620-d30(7/9DEN00:20---SEA03:20)
133-d30(7/9SEA04:25---ANC08:04)
268-d330(7/9ANC08:55---SEA12:36)
2025-Jul-09 15:45:00
--------------------------------------------------------
N557AS[60]
701(7/7LAS13:00---SEA15:45)
2025-Jul-07 16:45:00
2025-Jul-09 16:00:00
--------------------------------------------------------
N560AS[60]
2025-Jul-07 15:00:00
2025-Jul-09 16:00:00
--------------------------------------------------------
N562AS[50]
2025-Jul-07 15:00:00
2025-Jul-09 15:50:00
--------------------------------------------------------
N564AS[45]
1325(7/7SNA13:45---SEA16:42)
2025-Jul-07 17:27:00
908-d150(7/7SEA21:00---PSC22:09)
909-d150(7/7PSC23:00---SEA00:08)
67002-d150(7/8SEA01:03---KTN03:10)
67001-d150(7/8KTN03:55---SIT04:50)
67003-d150(7/8SIT05:38---JNU06:22)
67-d150(7/8JNU07:10---ANC08:58)
110-d60(7/8ANC09:55---SEA13:26)
1082-d30(7/8SEA14:30---SFO16:41)
739-d0(7/8SFO18:00---SNA19:40)
1061-d0(7/8SNA20:30---SEA23:15)
1030-d90(7/9SEA00:18---BZN02:01)
1031-d90(7/9BZN02:55---SEA05:05)
1321-d360(7/9SEA06:08---STS08:09)
1321001-d360(7/9STS09:01---SEA11:07)
959-d360(7/9SEA11:52---GEG12:59)
2025-Jul-09 15:45:00
--------------------------------------------------------
N565AS[45]
173(7/7SEA13:00---ANC16:40)
2025-Jul-07 17:25:00
2025-Jul-09 15:45:00
--------------------------------------------------------
N568AS[60]
2025-Jul-07 15:00:00
2025-Jul-09 16:00:00
--------------------------------------------------------
N569AS[40]
790(7/7SFO14:00---LIH19:47)
2025-Jul-07 20:27:00
2025-Jul-09 15:40:00
--------------------------------------------------------
N570AS[60]
2025-Jul-07 15:00:00
2025-Jul-09 16:00:00
--------------------------------------------------------
N577AS[50]
260(7/7BOS12:40---SAN18:50)
2025-Jul-07 19:40:00
2025-Jul-09 15:50:00
--------------------------------------------------------
N579AS[50]
1316(7/7SEA13:00---LAX15:50)
2025-Jul-07 16:40:00
193-d0(7/8LAX02:45---ANC08:08)
302-d0(7/8ANC09:44---PDX13:20)
1101-d30(7/8PDX14:30---LAS16:49)
629-d30(7/8LAS17:44---SEA20:28)
N579AS_SEA-22:47/01:47-d0(7/8SEA22:47---7/9 01:47)
1104-d0(7/9SEA01:50---SNA04:39)
1085-d270(7/9SNA05:47---PDX08:09)
2025-Jul-09 15:50:00
--------------------------------------------------------
N581AS[50]
526(7/7PDX14:04---SFO15:53)
2025-Jul-07 16:43:00
1169-d210(7/7SFO18:50---SEA21:00)
92-d30(7/7SEA22:03---KTN00:11)
94-d30(7/8KTN01:05---SEA03:05)
228-d30(7/8SEA03:55---ANC07:34)
177-d360(7/8ANC08:30---ADQ09:30)
196-d0(7/8ADQ15:00---ANC15:57)
160-d0(7/8ANC17:35---SEA21:09)
908-d210(7/8SEA22:00---PSC23:09)
909-d210(7/9PSC00:00---SEA01:08)
939-d30(7/9SEA02:25---SAN05:17)
821-d360(7/9SAN06:16---LIH12:32)
2025-Jul-09 15:50:00
--------------------------------------------------------
N586AS[50]
62(7/7ANC14:45---JNU16:28)
2025-Jul-07 17:18:00
62001-d0(7/7JNU17:20---SIT18:05)
62003-d0(7/7SIT18:57---KTN19:58)
62002-d0(7/7KTN20:48---SEA22:47)
1257-d60(7/7SEA23:38---SNA02:26)
1085-d120(7/8SNA03:17---PDX05:39)
278-d360(7/8PDX06:40---LAX09:15)
1055-d360(7/8LAX10:15---SEA13:06)
1190-d0(7/8SEA16:00---SNA18:49)
1299-d90(7/8SNA19:40---PDX22:04)
392-d270(7/8PDX22:58---DFW02:46)
646-d360(7/9DFW03:46---PDX07:47)
728-d240(7/9PDX08:40---LAS10:59)
2025-Jul-09 15:50:00
--------------------------------------------------------
N587AS[45]
2025-Jul-07 15:00:00
1299-d0(7/7SNA18:10---PDX20:34)
863-d240(7/7PDX21:30---GEG22:41)
864-d240(7/7GEG23:36---PDX00:48)
1235-d240(7/8PDX01:34---DEN04:10)
1131-d240(7/8DEN05:06---PDX07:50)
1158-d360(7/8PDX08:48---SNA11:18)
1181-d0(7/8SNA14:00---PDX16:30)
1084-d0(7/8PDX17:30---SNA20:03)
1159-d0(7/8SNA20:51---PDX23:15)
1295-d0(7/9PDX00:55---SFO02:48)
929-d330(7/9SFO03:35---PDX05:20)
1158-d210(7/9PDX06:18---SNA08:48)
2025-Jul-09 15:45:00
--------------------------------------------------------
N589AS[60]
2025-Jul-07 15:00:00
2025-Jul-09 16:00:00
--------------------------------------------------------
N590AS[55]
5(7/7DCA13:59---LAX19:33)
2025-Jul-07 20:28:00
560-d300(7/7LAX20:30---KOA02:10)
868-d300(7/8KOA03:10---PDX08:40)
728-d300(7/8PDX09:40---LAS11:59)
701-d0(7/8LAS13:00---SEA15:45)
1254-d90(7/8SEA16:57---ONT19:35)
1111-d90(7/8ONT20:30---SEA23:08)
1042001-d60(7/9SEA00:17---SBP02:43)
1042-d90(7/9SBP04:05---SEA06:37)
498-d90(7/9SEA07:33---PDX08:29)
1162-d300(7/9PDX09:30---SAN12:05)
2025-Jul-09 15:55:00
--------------------------------------------------------
N592AS[45]
2025-Jul-07 15:00:00
2025-Jul-09 15:45:00
--------------------------------------------------------
N593AS[50]
393(7/7LAS14:00---PAE16:40)
2025-Jul-07 17:30:00
385-d0(7/7PAE17:40---PHX20:43)
396-d0(7/7PHX21:43---PAE00:44)
391-d0(7/8PAE01:44---LAS04:17)
1089-d0(7/8LAS14:05---PDX16:24)
1076-d210(7/8PDX17:30---LAX20:09)
1147-d0(7/8LAX22:10---SEA00:54)
1125-d120(7/9SEA01:47---SLC03:50)
719-d120(7/9SLC04:44---SEA07:07)
91-d240(7/9SEA08:15---SIT10:44)
2025-Jul-09 15:50:00
--------------------------------------------------------
N594AS[55]
1136001(7/7PDX14:00---DEN16:37)
2025-Jul-07 17:32:00
2025-Jul-09 15:55:00
--------------------------------------------------------
N596AS[45]
966(7/7GEG13:00---SEA14:15)
2025-Jul-07 15:00:00
2025-Jul-09 15:45:00
--------------------------------------------------------
N597AS[55]
2025-Jul-07 15:00:00
2025-Jul-09 15:55:00
--------------------------------------------------------
N607AS[40]
186(7/7JNU13:00---SEA15:28)
2025-Jul-07 16:08:00
2025-Jul-09 15:40:00
--------------------------------------------------------
N609AS[40]
931(7/7RNO14:00---SEA15:56)
2025-Jul-07 16:36:00
2025-Jul-09 15:40:00
--------------------------------------------------------
N611AS[40]
55(7/7ANC13:45---SCC15:30)
2025-Jul-07 16:10:00
55001-d0(7/7SCC16:14---ANC17:58)
108-d30(7/7ANC18:52---FAI19:57)
140-d30(7/7FAI20:47---SEA00:30)
1146-d90(7/8SEA01:29---SAN04:19)
1110-d90(7/8SAN05:15---SEA08:21)
736-d270(7/8SEA09:10---RNO11:05)
931-d0(7/8RNO14:00---SEA15:56)
65003-d180(7/8SEA17:00---KTN19:04)
65001-d180(7/8KTN19:49---WRG20:28)
65004-d180(7/8WRG21:13---PSG21:44)
65002-d180(7/8PSG22:29---JNU23:19)
157-d0(7/9JNU00:02---GST00:41)
77-d0(7/9GST01:35---JNU02:14)
65-d360(7/9JNU03:07---ANC04:53)
86-d360(7/9ANC05:45---SCC07:31)
87-d360(7/9SCC08:15---ANC10:00)
2025-Jul-09 15:40:00
--------------------------------------------------------
N612AS[50]
2025-Jul-07 15:00:00
2025-Jul-09 15:50:00
--------------------------------------------------------
N613AS[40]
148(7/7ANC08:29---SEA12:00)
65003(7/7SEA14:00---KTN16:04)
2025-Jul-07 16:44:00
65001-d0(7/7KTN16:49---WRG17:28)
65004-d0(7/7WRG18:13---PSG18:44)
64003-d0(7/7PSG22:52---WRG23:25)
64004-d0(7/8WRG00:10---KTN00:55)
64002-d0(7/8KTN01:40---SEA03:35)
720-d270(7/8SEA04:16---FAT06:28)
721-d270(7/8FAT07:10---SEA09:37)
606-d0(7/8SEA14:55---PHX17:52)
603-d0(7/8PHX18:52---SEA21:58)
720-d0(7/8SEA23:46---FAT01:58)
721-d0(7/9FAT02:40---SEA05:07)
1146-d360(7/9SEA05:59---SAN08:49)
1110-d360(7/9SAN09:45---SEA12:51)
2025-Jul-09 15:40:00
--------------------------------------------------------
N615AS[45]
2025-Jul-07 15:00:00
2025-Jul-09 15:45:00
--------------------------------------------------------
N618AS[50]
593(7/7ANC13:05---PDX16:42)
2025-Jul-07 17:32:00
775-d0(7/7PDX17:42---ANC21:26)
198-d330(7/7ANC22:35---PDX02:14)
1204-d330(7/8PDX03:19---SAN05:52)
1294-d330(7/8SAN06:48---PDX09:20)
197-d330(7/8PDX10:20---ANC14:04)
231-d0(7/8ANC15:10---ADQ16:11)
232-d0(7/8ADQ17:03---ANC18:01)
55-d330(7/8ANC19:15---SCC21:00)
55001-d360(7/8SCC22:14---ANC23:58)
43-d360(7/9ANC00:59---BET02:21)
44-d360(7/9BET03:11---ANC04:34)
155-d360(7/9ANC05:32---OME07:09)
155001-d360(7/9OME07:59---ANC09:33)
2025-Jul-09 15:50:00
--------------------------------------------------------
N619AS[40]
61002(7/7SEA14:00---JNU16:29)
2025-Jul-07 17:09:00
2025-Jul-09 15:40:00
--------------------------------------------------------
N622AS[45]
73001(7/7SIT14:00---JNU14:44)
2025-Jul-07 15:29:00
73-d0(7/7JNU15:34---ANC17:24)
64-d0(7/7ANC18:50---JNU20:33)
61001-d240(7/7JNU21:19---YAK22:18)
61003-d240(7/7YAK23:08---CDV00:09)
61-d240(7/8CDV00:59---ANC02:00)
201-d210(7/8ANC02:45---JNU04:28)
157-d330(7/8JNU05:32---GST06:11)
77-d330(7/8GST07:05---JNU07:44)
186-d0(7/8JNU13:00---SEA15:28)
61002-d150(7/8SEA16:30---JNU18:59)
61001-d150(7/8JNU19:49---YAK20:48)
61003-d150(7/8YAK21:38---CDV22:39)
61-d150(7/8CDV23:29---ANC00:30)
89-d210(7/9ANC01:24---ADQ02:27)
88-d210(7/9ADQ03:19---ANC04:19)
151001-d330(7/9ANC05:10---AKN06:19)
151-d330(7/9AKN07:29---ANC08:40)
70-d360(7/9ANC09:45---JNU11:27)
70001-d360(7/9JNU12:15---SIT12:59)
2025-Jul-09 15:45:00
--------------------------------------------------------
N703AL[40]
2025-Jul-07 15:00:00
2025-Jul-09 15:40:00
--------------------------------------------------------
N705AL[50]
618(7/7ABQ14:00---SEA17:15)
2025-Jul-07 18:05:00
2025-Jul-09 15:50:00
--------------------------------------------------------
N706AL[55]
2025-Jul-07 15:00:00
2025-Jul-09 15:55:00
--------------------------------------------------------
N707AL[55]
2025-Jul-07 15:00:00
1166-d0(7/7SEA15:10---SFO17:29)
718-d180(7/7SFO18:50---LAS20:32)
1467-d180(7/7LAS21:27---PDX23:48)
1160-d180(7/8PDX00:50---LAX03:15)
1093-d180(7/8LAX04:15---SEA07:00)
1224-d300(7/8SEA07:55---LAX10:46)
1124-d0(7/8LAX14:00---PDX16:23)
1143-d0(7/8PDX17:30---LAX20:00)
798-d270(7/8LAX21:20---SEA00:05)
N707AL_SEA-00:34/03:34-d0(7/9SEA00:34---7/9 03:34)
314-d0(7/9SEA04:40---EWR09:59)
2025-Jul-09 15:55:00
--------------------------------------------------------
N708AL[60]
373(7/7EWR13:00---SFO19:13)
2025-Jul-07 20:13:00
1075-d120(7/7SFO20:25---SEA22:37)
1092-d30(7/7SEA23:48---LAX02:35)
1397-d150(7/8LAX03:37---PDX06:00)
1291-d150(7/8PDX07:00---LAX09:29)
803-d360(7/8LAX10:36---PDX12:59)
784-d0(7/8PDX14:00---ATL18:46)
475-d0(7/8ATL19:47---SAN00:31)
1028-d0(7/9SAN01:58---OGG07:59)
1029-d0(7/9OGG08:59---SAN14:18)
2025-Jul-09 16:00:00
--------------------------------------------------------
N709AL[55]
2025-Jul-07 15:00:00
2025-Jul-09 15:55:00
--------------------------------------------------------
N710AL[50]
341(7/7PIT12:03---SEA17:28)
2025-Jul-07 18:18:00
2025-Jul-09 15:50:00
--------------------------------------------------------
N712AL[50]
563(7/7MCI11:45---SEA15:47)
2025-Jul-07 16:37:00
2025-Jul-09 15:50:00
--------------------------------------------------------
N713AL[60]
249(7/7SFO14:20---BOS20:01)
2025-Jul-07 21:01:00
389-d0(7/7BOS21:45---SAN04:00)
1199-d180(7/8SAN05:05---SEA08:07)
644-d330(7/8SEA09:25---PHX12:24)
799-d30(7/8PHX13:30---SEA16:34)
49-d0(7/8SEA17:55---ANC21:35)
201-d0(7/8ANC23:15---JNU00:58)
84-d30(7/9JNU02:25---ANC04:13)
138-d30(7/9ANC05:38---ORD11:54)
2025-Jul-09 16:00:00
--------------------------------------------------------
N716AL[55]
368(7/7SFO14:00---MCO19:34)
2025-Jul-07 20:29:00
2025-Jul-09 15:55:00
--------------------------------------------------------
N719AL[60]
458(7/7IAD12:10---SFO17:55)
2025-Jul-07 18:55:00
2025-Jul-09 16:00:00
--------------------------------------------------------
N720AL[60]
917(7/7MCO14:00---SEA20:10)
2025-Jul-07 21:10:00
904-d180(7/7SEA21:23---BZN23:06)
905-d210(7/8BZN00:30---SEA02:29)
509-d330(7/8SEA03:45---SLC05:48)
510-d360(7/8SLC07:12---SEA09:30)
1152-d360(7/8SEA10:44---OAK13:01)
1151-d30(7/8OAK14:30---SEA16:37)
722-d0(7/8SEA18:44---PHX21:47)
975-d0(7/8PHX22:47---SEA01:52)
1318001-d60(7/9SEA02:59---SFO05:12)
525-d270(7/9SFO06:35---PDX08:20)
436-d300(7/9PDX09:37---BOS15:00)
2025-Jul-09 16:00:00
--------------------------------------------------------
N722AL[30]
2025-Jul-07 15:00:00
2025-Jul-09 15:30:00
--------------------------------------------------------
N723AL[60]
1021(7/7MCO11:00---SAN16:04)
2025-Jul-07 17:04:00
1135-d0(7/7SAN22:35---SEA01:31)
478-d60(7/8SEA02:50---LAS05:26)
403-d240(7/8LAS06:45---SEA09:37)
1230-d360(7/8SEA10:45---SMF12:45)
1255-d0(7/8SMF15:13---SEA17:15)
71-d0(7/8SEA18:43---JNU21:19)
176-d30(7/8JNU22:45---SEA01:12)
478-d30(7/9SEA02:20---LAS04:56)
599-d330(7/9LAS06:15---SEA09:00)
367-d210(7/9SEA10:00---IAD14:57)
2025-Jul-09 16:00:00
--------------------------------------------------------
N724AL[30]
377(7/7ATL10:30---SEA15:57)
2025-Jul-07 16:27:00
682001-d90(7/7SEA16:36---DEN19:23)
682-d90(7/7DEN20:19---SEA23:18)
934001-d330(7/7SEA23:50---EUG01:06)
934-d330(7/8EUG02:00---SEA03:18)
1192-d30(7/8SEA04:07---SJC06:19)
1201-d150(7/8SJC07:16---SEA09:29)
636-d360(7/8SEA10:18---LAS13:01)
479-d0(7/8LAS15:00---SEA17:40)
738-d30(7/8SEA18:10---LAS20:49)
1467-d180(7/8LAS21:27---PDX23:48)
376-d0(7/9PDX00:35---ORD04:39)
409-d210(7/9ORD05:12---SEA09:54)
1227-d210(7/9SEA10:29---AUS14:37)
2025-Jul-09 15:30:00
--------------------------------------------------------
N725AL[55]
2025-Jul-07 15:00:00
2025-Jul-09 15:55:00
--------------------------------------------------------
N729AL[55]
428(7/7CVG12:40---SEA17:39)
2025-Jul-07 18:34:00
2025-Jul-09 15:55:00
--------------------------------------------------------
N731AL[45]
111(7/7ORD05:59---ANC12:37)
82(7/7ANC14:00---SEA17:31)
2025-Jul-07 18:16:00
2025-Jul-09 15:45:00
--------------------------------------------------------
N732AL[60]
2025-Jul-07 15:00:00
2025-Jul-09 16:00:00
--------------------------------------------------------
N733AL[30]
308(7/7BOS11:30---SFO18:07)
2025-Jul-07 18:37:00
2025-Jul-09 15:30:00
--------------------------------------------------------
N734AL[60]
548(7/7CLE11:00---SEA16:09)
2025-Jul-07 17:09:00
2025-Jul-09 16:00:00
--------------------------------------------------------
N738AL[45]
1043(7/7SFO14:00---SEA16:05)
2025-Jul-07 16:50:00
2025-Jul-09 15:45:00
--------------------------------------------------------
N801AK[50]
2025-Jul-07 15:00:00
622-d0(7/8ANC04:20---JFK11:33)
623-d0(7/8JFK13:45---ANC21:26)
226-d0(7/8ANC22:20---SEA01:50)
136-d0(7/9SEA02:55---ANC06:38)
2025-Jul-09 15:50:00
--------------------------------------------------------
N803AK[50]
623(7/7JFK13:45---ANC21:26)
2025-Jul-07 22:16:00
51-d0(7/7ANC22:26---BRW00:25)
50-d0(7/8BRW01:15---ANC03:05)
137-d0(7/8ANC16:55---OTZ18:32)
137001-d0(7/8OTZ19:24---ANC20:54)
51-d0(7/8ANC22:26---BRW00:25)
50-d0(7/9BRW01:15---ANC03:05)
622-d0(7/9ANC04:20---JFK11:33)
2025-Jul-09 15:50:00
--------------------------------------------------------
N804AK[50]
2025-Jul-07 15:00:00
4-d0(7/7SEA15:34---DCA20:43)
9-d0(7/7DCA21:43---PDX03:31)
1162-d0(7/8PDX04:30---SAN07:05)
1154-d0(7/8SAN14:15---SEA17:22)
154001-d0(7/8SEA18:32---RDM19:44)
154-d0(7/8RDM20:38---SEA21:58)
1138-d0(7/8SEA23:04---SBA01:40)
1139-d0(7/9SBA02:30---SEA05:07)
2025-Jul-09 15:50:00
--------------------------------------------------------
N805AK[60]
2025-Jul-07 15:00:00
1179-d210(7/7LAX18:30---SEA21:23)
1144-d210(7/7SEA22:30---LAX01:24)
1179-d0(7/8LAX15:00---SEA17:53)
1144-d0(7/8SEA19:00---LAX21:54)
1167-d0(7/8LAX23:05---PDX01:26)
579-d0(7/9PDX02:35---LAX05:05)
2025-Jul-09 16:00:00
--------------------------------------------------------
N806AK[55]
511(7/7PHX14:00---PDX16:43)
2025-Jul-07 17:38:00
757-d0(7/7PDX17:50---LAS20:09)
676-d0(7/7LAS21:04---SEA23:50)
1048-d0(7/8SEA01:09---LAX04:00)
578-d0(7/8LAX16:05---PDX18:31)
330-d0(7/8PDX19:31---LAX21:59)
2025-Jul-09 15:55:00
--------------------------------------------------------
N809AK[60]
491(7/7SEA13:00---DFW17:00)
2025-Jul-07 18:00:00
543-d0(7/7DFW18:00---SEA22:17)
N809AK_SEA-22:17/01:17-d0(7/7SEA22:17---7/8 01:17)
91-d0(7/8SEA04:15---SIT06:44)
90-d0(7/8SIT15:15---SEA17:39)
843-d0(7/8SEA19:05---KOA01:19)
880-d0(7/9KOA07:30---SEA13:19)
2025-Jul-09 16:00:00
--------------------------------------------------------
N812AK[30]
110(7/7ANC08:55---SEA12:26)
1082(7/7SEA14:00---SFO16:11)
2025-Jul-07 16:41:00
739-d0(7/7SFO18:00---SNA19:40)
1061-d0(7/7SNA20:30---SEA23:15)
1125-d0(7/7SEA23:47---SLC01:50)
719-d0(7/8SLC02:44---SEA05:07)
807-d0(7/8SEA17:31---KOA23:40)
788-d0(7/9KOA00:40---SFO06:00)
2025-Jul-09 15:30:00
--------------------------------------------------------
N813AK[40]
912(7/7SFO14:20---SAN16:02)
2025-Jul-07 16:42:00
1259-d60(7/7SAN18:00---SEA21:00)
2-d60(7/7SEA21:58---DCA02:59)
1-d0(7/8DCA12:00---SEA17:56)
900-d0(7/8SEA18:40---RNO20:38)
601-d0(7/8RNO21:32---SEA23:29)
1202-d0(7/9SEA00:35---SNA03:25)
774-d0(7/9SNA04:15---SEA07:05)
2025-Jul-09 15:40:00
--------------------------------------------------------
N903AK[60]
2025-Jul-07 15:00:00
2025-Jul-09 16:00:00
--------------------------------------------------------
N912AK[60]
284(7/7LAX14:00---EWR19:34)
2025-Jul-07 20:34:00
297-d0(7/7EWR20:34---SAN02:26)
1005-d30(7/8SAN03:27---SFO05:07)
374-d60(7/8SFO06:19---EWR11:54)
289-d90(7/8EWR13:22---LAX19:16)
1315-d0(7/8LAX21:05---PDX23:25)
278-d0(7/9PDX00:40---LAX03:15)
1093-d180(7/9LAX04:15---SEA07:00)
394-d120(7/9SEA08:05---MCO13:40)
2025-Jul-09 16:00:00
--------------------------------------------------------
N913AK[50]
1101(7/7PDX14:00---LAS16:19)
2025-Jul-07 17:09:00
613-d120(7/7LAS17:30---SFO19:10)
1113-d240(7/7SFO20:15---SEA22:30)
697001-d210(7/7SEA23:22---MSO00:47)
697-d210(7/8MSO01:43---SEA03:21)
960-d210(7/8SEA04:13---GEG05:20)
964-d330(7/8GEG06:37---SEA07:51)
1040-d270(7/8SEA09:00---ONT11:45)
1091-d0(7/8ONT13:00---SEA15:42)
101-d0(7/8SEA16:53---KTN18:58)
102-d0(7/8KTN19:52---SEA21:54)
92-d90(7/8SEA23:03---KTN01:11)
94-d90(7/9KTN02:05---SEA04:05)
980-d30(7/9SEA05:10---SFO07:29)
374-d180(7/9SFO08:19---EWR13:54)
2025-Jul-09 15:50:00
--------------------------------------------------------
N915AK[60]
1239(7/7PDX14:00---PHX16:46)
2025-Jul-07 17:46:00
637-d30(7/7PHX18:16---SEA21:23)
1052001-d0(7/7SEA22:48---BUR01:24)
1052-d30(7/8BUR02:48---SEA05:37)
642-d210(7/8SEA06:47---DEN09:29)
643-d0(7/8DEN12:00---SEA15:01)
1007-d0(7/8SEA16:54---PHX19:55)
1006-d0(7/8PHX20:55---SEA00:00)
106001-d360(7/9SEA01:00---FAI04:53)
106-d360(7/9FAI05:53---SEA09:35)
1039-d360(7/9SEA10:45---GEG11:58)
2025-Jul-09 16:00:00
--------------------------------------------------------
N917AK[30]
2025-Jul-07 15:00:00
2025-Jul-09 15:30:00
--------------------------------------------------------
N918AK[60]
2025-Jul-07 15:00:00
2025-Jul-09 16:00:00
--------------------------------------------------------
N919AK[30]
248(7/7ANC14:30---SEA18:08)
2025-Jul-07 18:38:00
2025-Jul-09 15:30:00
--------------------------------------------------------
N920AK[45]
1091(7/7ONT13:00---SEA15:42)
2025-Jul-07 16:27:00
2025-Jul-09 15:45:00
--------------------------------------------------------
N921AK[30]
745(7/7DEN14:00---SEA17:00)
2025-Jul-07 17:30:00
2025-Jul-09 15:30:00
--------------------------------------------------------
N924AK[45]
85(7/7SEA14:00---ANC17:35)
2025-Jul-07 18:20:00
2025-Jul-09 15:45:00
--------------------------------------------------------
N926AK[60]
351(7/7IAD10:30---SEA16:17)
2025-Jul-07 17:17:00
1300-d0(7/7SEA21:10---LAX23:58)
1279-d180(7/8LAX01:16---GEG03:47)
965-d150(7/8GEG05:14---SEA06:30)
338-d360(7/8SEA07:48---OMA10:59)
361-d60(7/8OMA12:05---SEA15:47)
406001-d60(7/8SEA17:15---IAD22:13)
507-d120(7/8IAD23:25---SAN04:52)
1199-d240(7/9SAN06:05---SEA09:07)
490-d240(7/9SEA10:16---MSY14:50)
2025-Jul-09 16:00:00
--------------------------------------------------------
N928AK[40]
499(7/7PDX13:05---SEA14:09)
2025-Jul-07 15:00:00
2025-Jul-09 15:40:00
--------------------------------------------------------
N929AK[60]
504(7/7LAX14:00---SEA16:47)
2025-Jul-07 17:47:00
2025-Jul-09 16:00:00
--------------------------------------------------------
N931AK[30]
2025-Jul-07 15:00:00
2025-Jul-09 15:30:00
--------------------------------------------------------
N932AK[60]
2025-Jul-07 15:00:00
390-d0(7/7SAN15:40---BOS21:27)
819-d0(7/7BOS22:32---SEA05:02)
328-d0(7/8SEA06:40---ORD10:40)
413-d0(7/8ORD12:00---PDX16:25)
526-d210(7/8PDX17:34---SFO19:23)
534-d0(7/8SFO20:59---AUS00:45)
513-d0(7/9AUS01:45---SFO05:29)
1327-d240(7/9SFO06:49---SEA09:05)
427-d210(7/9SEA10:19---CVG14:37)
2025-Jul-09 16:00:00
--------------------------------------------------------
N933AK[55]
2025-Jul-07 15:00:00
227-d0(7/7JFK15:30---SFO21:48)
571-d0(7/7SFO22:48---LAS00:31)
779-d0(7/8LAS01:31---PDX03:50)
1122-d270(7/8PDX05:00---SAN07:33)
1067-d270(7/8SAN08:29---GEG11:14)
1130-d0(7/8GEG14:00---SAN16:47)
1073-d0(7/8SAN17:50---PDX20:28)
121-d210(7/8PDX21:23---BUR23:42)
122-d210(7/9BUR00:37---PDX02:55)
1287-d360(7/9PDX03:50---BUR06:09)
1107-d360(7/9BUR07:04---PDX09:21)
1057-d270(7/9PDX10:22---DFW14:10)
2025-Jul-09 15:55:00
--------------------------------------------------------
N934AK[60]
1076(7/7PDX14:00---LAX16:39)
2025-Jul-07 17:39:00
2025-Jul-09 16:00:00
--------------------------------------------------------
N935AK[55]
156(7/7FAI10:09---SEA13:44)
2025-Jul-07 15:00:00
2025-Jul-09 15:55:00
--------------------------------------------------------
N936AK[60]
1193(7/7SJC14:03---SEA16:15)
2025-Jul-07 17:15:00
2025-Jul-09 16:00:00
--------------------------------------------------------
N938AK[45]
573(7/7DFW11:00---SEA15:17)
2025-Jul-07 16:02:00
2025-Jul-09 15:45:00
--------------------------------------------------------
N941AK[60]
1154(7/7SAN14:15---SEA17:22)
2025-Jul-07 18:22:00
2025-Jul-09 16:00:00
--------------------------------------------------------
N942AK[60]
2025-Jul-07 15:00:00
555001-d0(7/7SEA15:05---MSP18:29)
555-d30(7/7MSP19:55---SEA23:45)
1030-d120(7/8SEA00:48---BZN02:31)
1031-d150(7/8BZN03:55---SEA06:05)
564-d360(7/8SEA07:05---MCI10:35)
563-d0(7/8MCI11:45---SEA15:47)
505-d0(7/8SEA17:17---LAX20:10)
214-d360(7/8LAX21:20---IAD02:25)
406-d330(7/9IAD03:43---SEA09:30)
328-d240(7/9SEA10:40---ORD14:40)
2025-Jul-09 16:00:00
--------------------------------------------------------
N947AK[30]
1217(7/7SMF13:15---SEA15:15)
2025-Jul-07 15:45:00
1080-d0(7/7SEA16:55---SJC19:10)
1311-d180(7/7SJC20:03---SEA22:14)
1328-d270(7/7SEA23:01---OAK01:14)
1247-d270(7/8OAK02:08---SEA04:08)
1318-d150(7/8SEA04:43---SFO06:52)
455-d120(7/8SFO07:43---IAD12:50)
375-d30(7/8IAD13:30---SEA19:17)
1114-d60(7/8SEA20:09---SJC22:29)
1314-d240(7/8SJC23:02---SEA01:10)
549-d300(7/9SEA01:40---DFW05:36)
550-d270(7/9DFW06:06---SEA10:29)
115-d360(7/9SEA10:59---FAI14:49)
2025-Jul-09 15:30:00
--------------------------------------------------------
N948AK[60]
2025-Jul-07 15:00:00
2025-Jul-09 16:00:00
--------------------------------------------------------
N949AK[60]
2025-Jul-07 15:00:00
2025-Jul-09 16:00:00
--------------------------------------------------------
N952AK[50]
381(7/7DTW11:00---SEA15:57)
2025-Jul-07 16:47:00
2025-Jul-09 15:50:00
--------------------------------------------------------
N953AK[60]
68(7/7MSP13:20---ANC19:20)
2025-Jul-07 20:20:00
2025-Jul-09 16:00:00
--------------------------------------------------------
N954AK[50]
1226(7/7SEA14:00---SJC16:08)
2025-Jul-07 16:58:00
2025-Jul-09 15:50:00
--------------------------------------------------------
N955AK[55]
2025-Jul-07 15:00:00
104-d0(7/7ANC18:35---SEA22:04)
1114-d240(7/7SEA23:09---SJC01:29)
1175-d240(7/8SJC02:24---SEA04:34)
97-d300(7/8SEA05:40---FAI09:25)
192-d300(7/8FAI10:25---ANC11:32)
150-d240(7/8ANC12:34---LAX17:55)
1240-d60(7/8LAX19:02---PDX21:25)
1160-d30(7/8PDX22:20---LAX00:45)
1083-d270(7/9LAX01:40---SEA04:24)
1468-d330(7/9SEA05:45---LAX08:30)
282-d300(7/9LAX09:26---EWR14:59)
2025-Jul-09 15:55:00
--------------------------------------------------------
N956AK[60]
1265(7/7SAN13:15---SEA16:16)
2025-Jul-07 17:16:00
2025-Jul-09 16:00:00
--------------------------------------------------------
N958AK[30]
361(7/7OMA11:05---SEA14:47)
2025-Jul-07 15:17:00
2025-Jul-09 15:30:00
--------------------------------------------------------
N960AK[30]
387(7/7MSP11:40---SEA15:44)
2025-Jul-07 16:14:00
2025-Jul-09 15:30:00
--------------------------------------------------------
N961AK[30]
336(7/7BOS10:00---PDX16:17)
2025-Jul-07 16:47:00
2025-Jul-09 15:30:00
--------------------------------------------------------
N962AK[60]
2025-Jul-07 15:00:00
2025-Jul-09 16:00:00
--------------------------------------------------------
N963AK[60]
831(7/7PDX14:00---OGG19:55)
2025-Jul-07 20:55:00
2025-Jul-09 16:00:00
--------------------------------------------------------
N964AK[60]
797(7/7SEA14:00---LAX16:50)
2025-Jul-07 17:50:00
1240-d0(7/7LAX18:02---PDX20:25)
392-d180(7/7PDX21:28---DFW01:16)
317-d180(7/8DFW02:16---SEA06:35)
1034-d270(7/8SEA07:44---BOI09:16)
737-d0(7/8BOI12:25---SEA14:05)
388-d0(7/8SEA15:32---STL19:26)
388001-d30(7/8STL20:54---SEA01:20)
700-d360(7/9SEA02:35---PHX05:29)
611-d360(7/9PHX06:29---SEA09:35)
423-d240(7/9SEA10:36---SAT14:40)
2025-Jul-09 16:00:00
--------------------------------------------------------
N966AK[60]
30(7/7SFO13:18---JFK19:00)
2025-Jul-07 20:00:00
2025-Jul-09 16:00:00
--------------------------------------------------------
N967AK[60]
303(7/7DFW12:25---PDX16:28)
2025-Jul-07 17:28:00
2025-Jul-09 16:00:00
--------------------------------------------------------
N968AK[50]
737(7/7BOI12:25---SEA14:05)
2025-Jul-07 15:00:00
2025-Jul-09 15:50:00
--------------------------------------------------------
N969AK[55]
24(7/7SAN14:00---JFK19:39)
2025-Jul-07 20:34:00
2025-Jul-09 15:55:00
--------------------------------------------------------
N972AK[30]
399(7/7IAH14:00---SEA18:45)
2025-Jul-07 19:15:00
2025-Jul-09 15:30:00
--------------------------------------------------------
N973AK[30]
595(7/7AUS12:15---SEA16:40)
2025-Jul-07 17:10:00
2025-Jul-09 15:30:00
--------------------------------------------------------
N974AK[30]
298(7/7SEA13:41---EWR19:00)
2025-Jul-07 19:30:00
280-d0(7/7EWR20:00---SEA02:12)
600-d240(7/8SEA02:42---LAS05:16)
749-d90(7/8LAS05:49---SEA08:36)
133-d330(7/8SEA09:25---ANC13:04)
188-d60(7/8ANC14:00---SEA17:30)
480001-d60(7/8SEA18:25---MSP21:46)
555-d180(7/8MSP22:25---SEA02:15)
805-d90(7/9SEA02:55---OGG09:04)
558-d120(7/9OGG09:39---PDX15:00)
2025-Jul-09 15:30:00
--------------------------------------------------------
N975AK[60]
299(7/7EWR11:19---SEA17:31)
2025-Jul-07 18:31:00
2025-Jul-09 16:00:00
--------------------------------------------------------
N976AK[40]
1228(7/7AUS14:45---SEA19:12)
2025-Jul-07 19:52:00
2025-Jul-09 15:40:00
--------------------------------------------------------
N977AK[55]
451(7/7MSY12:10---SEA17:16)
2025-Jul-07 18:11:00
2025-Jul-09 15:55:00
--------------------------------------------------------
N978AK[60]
784(7/7PDX14:00---ATL18:46)
2025-Jul-07 19:46:00
2025-Jul-09 16:00:00
--------------------------------------------------------
N982AK[55]
433(7/7TPA13:00---SAN17:50)
2025-Jul-07 18:45:00
2025-Jul-09 15:55:00
--------------------------------------------------------
N983AK[50]
495(7/7SAT12:00---SEA16:24)
2025-Jul-07 17:14:00
1017-d180(7/7SEA21:20---PDX22:23)
1016-d180(7/7PDX23:25---SEA00:25)
445-d150(7/8SEA01:38---RNO03:29)
523-d180(7/8RNO04:47---SEA06:42)
N983AK_SEA-07:06/11:06-d0(7/8SEA07:06---7/8 11:06)
144-d270(7/8SEA11:29---ANC15:09)
48001-d0(7/8ANC16:25---SEA20:01)
1198-d0(7/8SEA21:05---SAN23:55)
735-d0(7/9SAN00:51---SEA03:50)
1156-d120(7/9SEA04:59---SAN08:00)
729-d330(7/9SAN09:07---PDX11:44)
2025-Jul-09 15:50:00
--------------------------------------------------------
N984AK[35]
395(7/7MCO11:20---SEA17:30)
2025-Jul-07 18:05:00
1133-d240(7/7SEA21:03---SMF23:03)
1281-d240(7/7SMF23:57---SEA01:54)
730-d90(7/8SEA02:29---LAS05:08)
570-d30(7/8LAS05:51---SFO07:29)
525-d360(7/8SFO08:05---PDX09:50)
1074-d0(7/8PDX14:25---SAN17:00)
974-d240(7/8SAN18:00---PDX20:35)
778-d0(7/8PDX21:30---LAS23:49)
756-d210(7/9LAS00:43---PDX03:05)
1062-d180(7/9PDX04:04---BUR06:23)
1052-d300(7/9BUR07:18---SEA10:07)
112-d240(7/9SEA10:50---FAI14:36)
2025-Jul-09 15:35:00
--------------------------------------------------------
N985AK[60]
2025-Jul-07 15:00:00
2025-Jul-09 16:00:00
--------------------------------------------------------
N990AK[60]
2025-Jul-07 15:00:00
2025-Jul-09 16:00:00
--------------------------------------------------------
N407AS[60]
2025-Jul-07 15:00:00
2025-Jul-09 16:00:00
--------------------------------------------------------
N428AS[60]
2025-Jul-07 15:00:00
2025-Jul-09 16:00:00
--------------------------------------------------------
N468AS[45]
2025-Jul-07 15:00:00
101-d0(7/7SEA16:53---KTN18:58)
102-d0(7/7KTN19:52---SEA21:54)
1150001-d180(7/7SEA22:48---BUR01:19)
1150-d180(7/8BUR02:14---SEA04:54)
315-d60(7/8SEA05:45---CMH10:13)
316-d0(7/8CMH11:00---SEA16:05)
1133-d0(7/8SEA17:03---SMF19:03)
1281-d0(7/8SMF19:57---SEA21:54)
904-d270(7/8SEA22:53---BZN00:36)
905-d270(7/9BZN01:30---SEA03:29)
509-d360(7/9SEA04:15---SLC06:18)
510-d360(7/9SLC07:12---SEA09:30)
380-d330(7/9SEA10:15---DTW14:35)
2025-Jul-09 15:45:00
--------------------------------------------------------
N479AS[60]
2025-Jul-07 15:00:00
2025-Jul-09 16:00:00
--------------------------------------------------------
N563AS[45]
2025-Jul-07 15:00:00
405001-d0(7/7SEA15:11---OKC18:48)
405-d0(7/7OKC19:44---SEA23:38)
154001-d360(7/8SEA00:32---RDM01:44)
154-d360(7/8RDM02:38---SEA03:58)
632-d240(7/8SEA04:59---PHX08:00)
511-d0(7/8PHX14:00---PDX16:43)
863-d0(7/8PDX17:30---GEG18:41)
864-d0(7/8GEG19:36---PDX20:48)
775-d240(7/8PDX21:42---ANC01:26)
181-d210(7/9ANC02:36---DLG03:51)
182001-d210(7/9DLG04:45---ANC05:52)
45-d300(7/9ANC06:49---BET08:09)
46-d300(7/9BET08:59---ANC10:18)
2025-Jul-09 15:45:00
--------------------------------------------------------
N566AS[60]
2025-Jul-07 15:00:00
2025-Jul-09 16:00:00
--------------------------------------------------------
N588AS[60]
2025-Jul-07 15:00:00
2025-Jul-09 16:00:00
--------------------------------------------------------
N614AS[50]
2025-Jul-07 15:00:00
72-d0(7/7SEA16:55---JNU19:26)
60-d330(7/7JNU20:44---KTN21:45)
60001-d360(7/7KTN23:00---SEA01:03)
69001-d30(7/8SEA02:05---KTN04:14)
69-d60(7/8KTN05:29---JNU06:30)
84-d330(7/8JNU07:25---ANC09:13)
82-d0(7/8ANC14:00---SEA17:31)
72-d90(7/8SEA18:25---JNU20:56)
64001-d30(7/8JNU21:51---PSG22:37)
64003-d60(7/8PSG23:52---WRG00:25)
64004-d90(7/9WRG01:40---KTN02:25)
64002-d120(7/9KTN03:40---SEA05:35)
97-d360(7/9SEA06:40---FAI10:25)
192-d360(7/9FAI11:25---ANC12:32)
2025-Jul-09 15:50:00
--------------------------------------------------------
N946AK[55]
2025-Jul-07 15:00:00
2025-Jul-09 15:55:00
--------------------------------------------------------
N971AK[55]
2025-Jul-07 15:00:00
578-d0(7/7LAX16:05---PDX18:31)
330-d0(7/7PDX19:31---LAX21:59)
1083-d120(7/7LAX23:10---SEA01:54)
131-d300(7/8SEA02:58---ANC06:30)
143-d360(7/8ANC07:30---SEA11:07)
491-d0(7/8SEA13:00---DFW17:00)
543-d0(7/8DFW18:00---SEA22:17)
229001-d180(7/8SEA23:35---MSP02:53)
480-d360(7/9MSP03:50---SEA07:49)
452-d120(7/9SEA08:59---IAH13:20)
2025-Jul-09 15:55:00
--------------------------------------------------------
N979AK[55]
2025-Jul-07 15:00:00
2025-Jul-09 15:55:00
--------------------------------------------------------
================== Unassigned Flights ==================
196(7/7ADQ15:00---ANC15:57)
10(7/7PDX15:00---DCA20:02)
329(7/7ORD15:00---SEA19:34)
1290001(7/7SEA15:00---BUR17:36)
1306(7/7SEA15:00---LAX17:49)
366001(7/7SEA15:02---MKE18:54)
1149(7/7SNA15:02---SEA17:56)
890(7/7SEA15:03---ORD19:13)
26(7/7SEA15:05---JFK20:29)
142(7/7JNU15:08---SEA17:36)
916(7/7SEA15:08---MCO20:50)
825(7/7SEA15:09---OGG21:20)
233(7/7SAN15:10---EWR20:43)
47(7/7ANC15:15---SEA18:52)
414(7/7SEA15:17---DFW19:19)
165(7/7DEN15:20---ANC20:54)
214(7/7LAX15:20---IAD20:25)
306(7/7SEA15:21---BOS20:45)
305001(7/7SEA15:25---MIA21:20)
313001(7/7SEA15:30---DTW19:50)
388(7/7SEA15:32---STL19:26)
402(7/7SEA15:47---CHS21:00)
572001(7/7SEA15:55---RDU21:01)
320(7/7SAN16:00---MCO21:13)
1268(7/7PDX16:00---BNA20:19)
83(7/7SEA16:00---ANC19:35)
270(7/7ONT16:00---HNL21:55)
294(7/7PDX16:00---EWR21:21)
113(7/7SFO16:05---JFK21:47)
312001(7/7SEA16:06---OMA19:17)
406001(7/7SEA16:15---IAD21:13)
899(7/7SAN16:19---KOA22:20)
568(7/7SEA16:19---MSY20:53)
727(7/7SEA16:22---ATL21:11)
326(7/7SEA16:24---TPA21:50)
1051(7/7SEA16:50---BUR19:26)
426(7/7SEA16:50---DFW20:48)
149(7/7SEA16:50---ANC20:26)
1007(7/7SEA16:54---PHX19:55)
48(7/7ANC17:00---SEA20:33)
875(7/7SEA17:00---LIH23:15)
378(7/7SEA17:03---BWI22:10)
450001(7/7SEA17:10---CMH21:32)
477(7/7SEA17:10---EWR22:29)
508001(7/7SEA17:12---CVG21:37)
629(7/7LAS17:14---SEA19:58)
505(7/7SEA17:17---LAX20:10)
535001(7/7SEA17:20---DEN20:07)
522001(7/7SEA17:20---BNA21:44)
1277(7/7SNA17:21---SEA20:06)
887(7/7SEA17:22---HNL23:33)
480001(7/7SEA17:25---MSP20:46)
829(7/7SAN17:29---OGG23:34)
1143(7/7PDX17:30---LAX20:00)
1420(7/7PDX17:30---IAH21:50)
128(7/7PDX17:30---SFO19:24)
807(7/7SEA17:31---KOA23:40)
1136(7/7DEN17:33---PDX20:20)
300(7/7PDX17:35---MCO23:12)
160(7/7ANC17:35---SEA21:09)
216001(7/7SEA17:37---CLE22:01)
738(7/7SEA17:40---LAS20:19)
500001(7/7SEA17:42---IND21:48)
1278(7/7SEA17:47---ONT20:26)
322(7/7SAN17:48---IAD22:59)
429(7/7SEA17:50---ORD21:57)
725(7/7PDX17:55---AUS21:56)
818(7/7SEA17:58---BOS23:19)
862(7/7OGG18:00---SEA23:38)
822(7/7KOA18:00---SEA23:54)
824(7/7HNL18:00---SEA23:50)
891(7/7ORD18:03---SEA22:42)
412001(7/7SEA18:06---PIT22:42)
34(7/7SEA18:06---JFK23:29)
434(7/7SFO18:10---IAD23:19)
63(7/7SEA18:20---SIT20:44)
1010(7/7SEA18:20---GEG19:29)
1174(7/7SEA18:22---SNA21:14)
1290(7/7BUR18:30---SEA21:08)
1112(7/7SEA18:31---SFO20:47)
932(7/7SEA18:36---ABQ21:37)
900(7/7SEA18:40---RNO20:38)
1096(7/7SEA18:41---SAN21:38)
438(7/7SEA18:45---IAH23:10)
817(7/7SEA18:55---OGG01:10)
598(7/7SFO18:55---ORD23:18)
1305(7/7LAX18:55---SEA21:39)
1118(7/7SEA19:00---ONT21:46)
106001(7/7SEA19:00---FAI22:53)
325(7/7ORD19:03---PDX23:35)
835(7/7SFO19:03---PDX20:50)
843(7/7SEA19:05---KOA01:19)
65002(7/7PSG19:29---JNU20:19)
1018(7/7SEA19:31---BOI21:04)
100(7/7ANC19:41---SEA23:10)
14(7/7SAN19:42---DCA00:59)
291(7/7SEA19:46---STL23:35)
475(7/7ATL19:47---SAN00:31)
366(7/7MKE19:50---SEA00:16)
175(7/7SEA19:55---ANC23:27)
25(7/7JFK20:00---SAN01:57)
1081(7/7SJC20:04---SEA22:12)
407(7/7ORD20:09---SEA00:49)
312(7/7OMA20:14---SEA23:54)
415(7/7DFW20:19---SEA00:34)
1038(7/7BUR20:20---SEA22:59)
74(7/7JNU20:22---SEA22:45)
1011(7/7GEG20:23---SEA21:37)
388001(7/7STL20:24---SEA00:50)
20(7/7SFO20:24---JFK02:08)
266(7/7ANC20:25---SFO01:05)
6(7/7LAX20:31---DCA01:42)
357001(7/7SEA20:35---MCI00:01)
229001(7/7SEA20:35---MSP23:53)
114(7/7JFK20:39---SFO03:02)
419(7/7MCO20:39---SEA02:50)
162(7/7ANC20:40---SEA00:13)
95(7/7SEA20:40---JNU23:12)
549(7/7SEA20:40---DFW00:36)
313(7/7DTW20:46---SEA01:45)
840(7/7LIH20:47---SEA02:32)
189(7/7SEA20:49---ANC00:25)
432(7/7SAN20:52---TPA01:50)
898(7/7OGG20:55---PDX02:19)
1006(7/7PHX20:55---SEA00:00)
534(7/7SFO20:59---AUS00:45)
535(7/7DEN21:03---SEA00:00)
1315(7/7LAX21:05---PDX23:25)
1319(7/7BOS21:06---PDX03:24)
65(7/7JNU21:07---ANC22:53)
773(7/7SEA21:10---SNA00:01)
756(7/7LAS21:13---PDX23:35)
1269(7/7BNA21:19---PDX02:15)
64001(7/7JNU21:21---PSG22:07)
1242(7/7ONT21:21---SEA23:58)
507(7/7IAD21:25---SAN02:52)
19(7/7JFK21:29---PDX03:46)
836(7/7PDX21:30---SFO23:22)
778(7/7PDX21:30---LAS23:49)
601(7/7RNO21:32---SEA23:29)
16(7/7SEA21:37---JFK02:59)
107(7/7ANC21:40---SEA01:08)
58(7/7SIT21:40---SEA00:00)
290(7/7EWR21:43---PDX03:50)
646(7/7DFW21:46---PDX01:47)
301(7/7MCO21:50---PDX03:50)
1287(7/7PDX21:50---BUR00:09)
894(7/7KOA21:50---SAN03:16)
480(7/7MSP21:50---SEA01:49)
517(7/7FLL21:52---SEA04:20)
569(7/7MSY21:53---SEA03:00)
947(7/7BOI22:00---PDX23:21)
572(7/7RDU22:01---SEA03:56)
1191(7/7SNA22:02---SEA00:48)
485(7/7CHS22:03---SEA04:00)
783(7/7ATL22:11---PDX03:35)
406(7/7IAD22:13---SEA04:00)
397(7/7MCO22:13---SAN03:18)
305(7/7MIA22:20---SEA05:07)
860(7/7OGG22:20---SEA04:00)
293(7/7EWR22:24---SFO04:49)
450(7/7CMH22:28---SEA03:35)
933(7/7ABQ22:31---SEA01:41)
508(7/7CVG22:37---SEA03:35)
522(7/7BNA22:44---SEA03:48)
500(7/7IND22:48---SEA03:35)
56(7/7ANC22:50---SEA02:20)
1421(7/7IAH22:50---PDX03:15)
17(7/7JFK22:53---SEA05:22)
420(7/7SEA22:53---MCO04:33)
216(7/7CLE22:55---SEA04:00)
271(7/7HNL22:55---ONT04:27)
326001(7/7TPA22:55---SEA05:07)
7(7/7DCA22:58---SFO04:53)
348(7/7SEA22:59---IAD03:59)
1119(7/7ONT23:00---SEA01:40)
1396(7/7AUS23:00---PDX03:14)
962(7/7SEA23:03---GEG00:13)
1167(7/7LAX23:05---PDX01:26)
492(7/7SEA23:09---ATL03:59)
379(7/7BWI23:10---SEA05:07)
1042001(7/7SEA23:17---SBP01:43)
561(7/7KOA23:20---LAX04:51)
287(7/7EWR23:29---LAX05:35)
151001(7/7ANC23:40---AKN00:49)
412(7/7PIT23:42---SEA05:07)
86(7/7ANC23:45---SCC01:31)
106(7/7FAI23:53---SEA03:35)
435(7/7IAD23:59---SFO05:46)
688(7/7SEA23:59---LAS02:34)
1214(7/8SEA00:04---SJC02:15)
439(7/8IAH00:10---SEA04:53)
369(7/8MCO00:12---SFO05:59)
225(7/8SEA00:15---ANC03:54)
1468(7/8SEA00:15---LAX03:00)
791(7/8LIH00:15---SFO05:29)
1301(7/8LAX00:15---SEA03:00)
821(7/8SAN00:16---LIH06:32)
597(7/8ORD00:18---SFO05:06)
213(7/8IAD00:19---LAX05:48)
355(7/8BOS00:19---SFO06:59)
269(7/8SFO00:22---ANC05:15)
41(7/8JFK00:29---SFO06:59)
1176(7/8PDX00:30---PHX03:20)
291001(7/8STL00:32---SEA05:00)
896(7/8HNL00:33---SEA06:31)
806(7/8OGG00:34---SAN05:55)
398(7/8SEA00:40---IAH04:59)
856(7/8KOA00:40---SJC05:45)
382(7/8SEA00:43---BNA04:59)
599(7/8LAS00:45---SEA03:30)
353(7/8PDX00:46---OGG06:39)
229(7/8MSP00:49---SEA04:45)
538(7/8SEA00:54---ORD04:59)
78(7/8SEA00:55---ANC04:37)
372(7/8SEA00:56---AUS05:05)
357(7/8MCI00:56---SEA04:56)
1163(7/8SEA00:59---DEN03:47)
424(7/8SEA00:59---DFW04:59)
1140(7/8SEA00:59---SFO03:15)
1107(7/8BUR01:04---PDX03:21)
1062(7/8PDX01:04---BUR03:23)
472(7/8SEA01:06---STL04:59)
241(7/8SEA01:10---MKE04:59)
823(7/8SEA01:25---HNL07:33)
805(7/8SEA01:25---OGG07:34)
550(7/8DFW01:36---SEA05:59)
1310(7/8SEA01:36---SJC03:51)
839(7/8SEA01:45---LIH07:54)
1280(7/8GEG01:49---LAX04:35)
45(7/8ANC01:49---BET03:09)
939(7/8SEA01:55---SAN04:47)
1028(7/8SAN01:58---OGG07:59)
151(7/8AKN01:59---ANC03:10)
801(7/8SEA01:59---KOA08:04)
87(7/8SCC02:15---ANC04:00)
1215(7/8LAX02:25---SEA05:17)
579(7/8PDX02:35---LAX05:05)
1042(7/8SBP02:35---SEA05:07)
827(7/8ANC02:55---HNL08:59)
141(7/8PHX02:57---ANC08:48)
1156(7/8SEA02:59---SAN06:00)
1289(7/8LAX03:10---SEA06:06)
1050(7/8SEA03:26---SFO05:40)
729(7/8SAN03:37---PDX06:14)
46(7/8BET03:59---ANC05:18)
1264(7/8SEA04:03---SAN06:59)
444(7/8SEA04:15---PHL09:25)
282(7/8LAX04:26---EWR09:59)
307(7/8SFO04:28---BOS10:10)
436(7/8PDX04:37---BOS10:00)
314(7/8SEA04:40---EWR09:59)
919(7/8SEA04:55---RDU10:00)
36(7/8SAN04:56---JFK10:29)
115(7/8SEA04:59---FAI08:49)
138(7/8ANC05:08---ORD11:24)
344(7/8SEA05:20---BWI10:21)
22(7/8SEA05:41---JFK11:02)
259(7/8SAN05:45---BOS11:30)
1057(7/8PDX05:52---DFW09:40)
360(7/8SEA05:58---TPA11:25)
111(7/8ORD05:59---ANC12:37)
394(7/8SEA06:05---MCO11:40)
490(7/8SEA06:16---MSY10:50)
400(7/8SEA06:18---BNA10:40)
367(7/8SEA06:30---IAD11:27)
59(7/8ANC06:35---MSP12:00)
536(7/8SEA06:40---BOS12:00)
464(7/8SEA06:59---ATL11:49)
109(7/8ANC07:26---ORD13:40)
880(7/8KOA07:30---SEA13:19)
810(7/8LIH07:32---SEA13:16)
558(7/8OGG07:39---PDX13:00)
148(7/8ANC08:29---SEA12:00)
828(7/8HNL08:33---ANC14:40)
814(7/8OGG08:34---SEA14:11)
826(7/8LIH08:54---SAN14:33)
1029(7/8OGG08:59---SAN14:18)
156(7/8FAI10:09---SEA13:44)
351(7/8IAD10:30---SEA16:17)
377(7/8ATL10:30---SEA15:57)
446(7/8PHL10:45---SEA16:42)
21(7/8JFK11:00---SEA17:13)
573(7/8DFW11:00---SEA15:17)
1021(7/8MCO11:00---SAN16:04)
627(7/8TPA11:00---SEA17:06)
453(7/8IAH11:00---SEA15:40)
459(7/8BOS11:20---SEA17:38)
242(7/8MKE11:30---SEA15:53)
308(7/8BOS11:30---SFO18:07)
920(7/8RDU11:36---SEA17:30)
473(7/8STL11:41---SEA16:10)
349(7/8BWI11:51---SEA17:40)
383(7/8BNA12:00---SEA17:06)
451(7/8MSY12:10---SEA17:16)
458(7/8IAD12:10---SFO17:55)
595(7/8AUS12:15---SEA16:40)
541(7/8AUS12:37---PDX16:50)
260(7/8BOS12:40---SAN18:50)
15(7/8DCA12:59---SAN18:20)
173(7/8SEA13:00---ANC16:40)
433(7/8TPA13:00---SAN17:50)
981(7/8SFO13:00---SEA15:04)
373(7/8EWR13:00---SFO19:13)
408(7/8SEA13:00---ORD17:07)
683(7/8ORD13:00---SEA17:39)
593(7/8ANC13:05---PDX16:42)
1265(7/8SAN13:15---SEA16:16)
30(7/8SFO13:18---JFK19:00)
68(7/8MSP13:20---ANC19:20)
537(7/8BOS13:20---SEA19:35)
533(7/8ATL13:30---SEA18:51)
298(7/8SEA13:41---EWR19:00)
5(7/8DCA13:59---LAX19:33)
368(7/8SFO14:00---MCO19:34)
789(7/8SFO14:00---KOA19:30)
284(7/8LAX14:00---EWR19:34)
1041(7/8BUR14:00---SEA16:37)
358(7/8PDX14:00---BOS19:25)
35(7/8JFK14:00---SAN19:52)
917(7/8MCO14:00---SEA20:10)
831(7/8PDX14:00---OGG19:55)
281(7/8BNA14:00---SEA19:03)
859(7/8SJC14:00---LIH19:44)
512(7/8SFO14:00---AUS17:36)
24(7/8SAN14:00---JFK19:39)
365(7/8DFW14:00---SEA18:27)
85(7/8SEA14:00---ANC17:35)
324(7/8PDX14:02---ORD18:07)
1193(7/8SJC14:03---SEA16:15)
1148(7/8SEA14:20---SNA17:15)
249(7/8SFO14:20---BOS20:01)
18(7/8PDX14:20---JFK19:45)
248(7/8ANC14:30---SEA18:08)
139(7/8ORD14:30---ANC21:15)
292(7/8SFO14:54---EWR20:29)
867(7/8PDX14:56---KOA20:50)
10(7/8PDX15:00---DCA20:02)
329(7/8ORD15:00---SEA19:34)
366001(7/8SEA15:02---MKE18:54)
1149(7/8SNA15:02---SEA17:56)
890(7/8SEA15:03---ORD19:13)
26(7/8SEA15:05---JFK20:29)
555001(7/8SEA15:05---MSP18:29)
682001(7/8SEA15:06---DEN17:53)
916(7/8SEA15:08---MCO20:50)
825(7/8SEA15:09---OGG21:20)
233(7/8SAN15:10---EWR20:43)
60(7/8JNU15:14---KTN16:15)
414(7/8SEA15:17---DFW19:19)
1169(7/8SFO15:20---SEA17:30)
165(7/8DEN15:20---ANC20:54)
306(7/8SEA15:21---BOS20:45)
305001(7/8SEA15:25---MIA21:20)
613(7/8LAS15:30---SFO17:10)
560(7/8LAX15:30---KOA21:10)
227(7/8JFK15:30---SFO21:48)
4(7/8SEA15:34---DCA20:43)
390(7/8SAN15:40---BOS21:27)
402(7/8SEA15:47---CHS21:00)
718(7/8SFO15:50---LAS17:32)
572001(7/8SEA15:55---RDU21:01)
57(7/8ANC16:00---FAI17:05)
320(7/8SAN16:00---MCO21:13)
294(7/8PDX16:00---EWR21:21)
1268(7/8PDX16:00---BNA20:19)
270(7/8ONT16:00---HNL21:55)
502(7/8SEA16:03---AUS20:11)
113(7/8SFO16:05---JFK21:47)
1113(7/8SFO16:15---SEA18:30)
899(7/8SAN16:19---KOA22:20)
568(7/8SEA16:19---MSY20:53)
727(7/8SEA16:22---ATL21:11)
326(7/8SEA16:24---TPA21:50)
8(7/8SFO16:45---DCA21:58)
1051(7/8SEA16:50---BUR19:26)
174(7/8SEA16:57---FAI20:40)
23(7/8JFK17:00---SEA23:08)
60001(7/8KTN17:00---SEA19:03)
731(7/8PHX17:00---PAE20:03)
875(7/8SEA17:00---LIH23:15)
378(7/8SEA17:03---BWI22:10)
477(7/8SEA17:10---EWR22:29)
450001(7/8SEA17:10---CMH21:32)
508001(7/8SEA17:12---CVG21:37)
522001(7/8SEA17:20---BNA21:44)
887(7/8SEA17:22---HNL23:33)
829(7/8SAN17:29---OGG23:34)
1420(7/8PDX17:30---IAH21:50)
1136(7/8DEN17:33---PDX20:20)
300(7/8PDX17:35---MCO23:12)
216001(7/8SEA17:37---CLE22:01)
1296(7/8PDX17:40---SAN20:15)
500001(7/8SEA17:42---IND21:48)
725(7/8PDX17:55---AUS21:56)
818(7/8SEA17:58---BOS23:19)
824(7/8HNL18:00---SEA23:50)
862(7/8OGG18:00---SEA23:38)
822(7/8KOA18:00---SEA23:54)
891(7/8ORD18:03---SEA22:42)
474(7/8SAN18:04---ATL22:31)
234(7/8FAI18:05---SEA21:43)
34(7/8SEA18:06---JFK23:29)
412001(7/8SEA18:06---PIT22:42)
434(7/8SFO18:10---IAD23:19)
104001(7/8ANC18:15---SEA21:49)
63(7/8SEA18:20---SIT20:44)
1174(7/8SEA18:22---SNA21:14)
1112(7/8SEA18:31---SFO20:47)
1328(7/8SEA18:31---OAK20:44)
503(7/8AUS18:36---SEA22:59)
438(7/8SEA18:45---IAH23:10)
64(7/8ANC18:50---JNU20:33)
817(7/8SEA18:55---OGG01:10)
598(7/8SFO18:55---ORD23:18)
1118(7/8SEA19:00---ONT21:46)
325(7/8ORD19:03---PDX23:35)
835(7/8SFO19:03---PDX20:50)
1137(7/8SAN19:12---SEA22:10)
352(7/8SEA19:18---AUS23:30)
1018(7/8SEA19:31---BOI21:04)
494001(7/8SEA19:33---SAT23:37)
100(7/8ANC19:41---SEA23:10)
740(7/8SNA19:42---SFO21:10)
14(7/8SAN19:42---DCA00:59)
366(7/8MKE19:50---SEA00:16)
25(7/8JFK20:00---SAN01:57)
280(7/8EWR20:00---SEA02:12)
407(7/8ORD20:09---SEA00:49)
415(7/8DFW20:19---SEA00:34)
1038(7/8BUR20:20---SEA22:59)
74(7/8JNU20:22---SEA22:45)
20(7/8SFO20:24---JFK02:08)
1016(7/8PDX20:25---SEA21:25)
266(7/8ANC20:25---SFO01:05)
304(7/8BOS20:25---SEA02:48)
808(7/8KOA20:30---SEA02:22)
6(7/8LAX20:31---DCA01:42)
297(7/8EWR20:34---SAN02:26)
114(7/8JFK20:39---SFO03:02)
419(7/8MCO20:39---SEA02:50)
95(7/8SEA20:40---JNU23:12)
31(7/8JFK20:45---SEA03:10)
410(7/8SEA20:45---ORD00:42)
840(7/8LIH20:47---SEA02:32)
432(7/8SAN20:52---TPA01:50)
898(7/8OGG20:55---PDX02:19)
2(7/8SEA20:58---DCA01:59)
732(7/8PAE21:00---PHX00:03)
3(7/8DCA21:02---SEA03:00)
1319(7/8BOS21:06---PDX03:24)
1300(7/8SEA21:10---LAX23:58)
518(7/8AUS21:11---SFO00:57)
1297(7/8SAN21:15---PDX23:49)
1269(7/8BNA21:19---PDX02:15)
19(7/8JFK21:29---PDX03:46)
946(7/8PDX21:30---BOI22:48)
462(7/8EWR21:30---SEA03:44)
1235(7/8PDX21:34---DEN00:10)
103(7/8FAI21:35---ANC22:40)
16(7/8SEA21:37---JFK02:59)
1247(7/8OAK21:38---SEA23:38)
58(7/8SIT21:40---SEA00:00)
9(7/8DCA21:43---PDX03:31)
290(7/8EWR21:43---PDX03:50)
1225(7/8SFO21:45---SEA23:54)
389(7/8BOS21:45---SAN04:00)
894(7/8KOA21:50---SAN03:16)
301(7/8MCO21:50---PDX03:50)
569(7/8MSY21:53---SEA03:00)
1100(7/8PDX21:55---SNA00:27)
131(7/8SEA21:58---ANC01:30)
947(7/8BOI22:00---PDX23:21)
572(7/8RDU22:01---SEA03:56)
485(7/8CHS22:03---SEA04:00)
1046(7/8SEA22:08---SJC00:17)
868(7/8KOA22:10---PDX03:40)
783(7/8ATL22:11---PDX03:35)
397(7/8MCO22:13---SAN03:18)
305(7/8MIA22:20---SEA05:07)
860(7/8OGG22:20---SEA04:00)
293(7/8EWR22:24---SFO04:49)
1175(7/8SJC22:24---SEA00:34)
450(7/8CMH22:28---SEA03:35)
819(7/8BOS22:32---SEA05:02)
508(7/8CVG22:37---SEA03:35)
1257(7/8SEA22:38---SNA01:26)
460(7/8SEA22:43---BOS03:59)
522(7/8BNA22:44---SEA03:48)
500(7/8IND22:48---SEA03:35)
1052001(7/8SEA22:48---BUR01:24)
56(7/8ANC22:50---SEA02:20)
1421(7/8IAH22:50---PDX03:15)
420(7/8SEA22:53---MCO04:33)
17(7/8JFK22:53---SEA05:22)
326001(7/8TPA22:55---SEA05:07)
271(7/8HNL22:55---ONT04:27)
216(7/8CLE22:55---SEA04:00)
99(7/8SEA22:58---ANC02:42)
7(7/8DCA22:58---SFO04:53)
348(7/8SEA22:59---IAD03:59)
1119(7/8ONT23:00---SEA01:40)
1396(7/8AUS23:00---PDX03:14)
492(7/8SEA23:09---ATL03:59)
379(7/8BWI23:10---SEA05:07)
561(7/8KOA23:20---LAX04:51)
941(7/8SEA23:25---ORD03:30)
287(7/8EWR23:29---LAX05:35)
334(7/8ATL23:31---SEA05:07)
412(7/8PIT23:42---SEA05:07)
1019(7/8BOI23:43---SEA01:20)
688(7/8SEA23:59---LAS02:34)
439(7/9IAH00:10---SEA04:53)
369(7/9MCO00:12---SFO05:59)
844(7/9LIH00:15---SJC05:24)
225(7/9SEA00:15---ANC03:54)
597(7/9ORD00:18---SFO05:06)
355(7/9BOS00:19---SFO06:59)
213(7/9IAD00:19---LAX05:48)
269(7/9SFO00:22---ANC05:15)
41(7/9JFK00:29---SFO06:59)
339(7/9AUS00:30---SEA05:07)
1176(7/9PDX00:30---PHX03:20)
896(7/9HNL00:33---SEA06:31)
806(7/9OGG00:34---SAN05:55)
1370(7/9PDX00:35---AUS04:42)
494(7/9SAT00:37---SEA04:53)
398(7/9SEA00:40---IAH04:59)
353(7/9PDX00:46---OGG06:39)
1455(7/9PDX00:49---ANC04:40)
229(7/9MSP00:49---SEA04:45)
1229(7/9SNA00:49---SEA03:35)
372(7/9SEA00:56---AUS05:05)
730(7/9SEA00:59---LAS03:38)
632(7/9SEA00:59---PHX04:00)
424(7/9SEA00:59---DFW04:59)
564(7/9SEA01:05---MCI04:35)
662(7/9PHX01:05---PDX03:48)
472(7/9SEA01:06---STL04:59)
241(7/9SEA01:10---MKE04:59)
823(7/9SEA01:25---HNL07:33)
386(7/9SEA01:37---MSP04:59)
1054(7/9SEA01:55---LAX04:42)
801(7/9SEA01:59---KOA08:04)
1203(7/9SNA02:14---SEA05:07)
1168(7/9SEA02:25---BUR04:59)
167(7/9SEA02:50---FAI06:36)
1194(7/9SEA02:54---SMF04:52)
1224(7/9SEA02:55---LAX05:46)
1004(7/9SEA02:59---GEG04:09)
1034(7/9SEA03:14---BOI04:46)
642(7/9SEA03:17---DEN05:59)
644(7/9SEA03:55---PHX06:54)
1067(7/9SAN03:59---GEG06:44)
1040(7/9SEA04:30---ONT07:15)
736(7/9SEA04:40---RNO06:35)
1152(7/9SEA04:44---OAK07:01)
919(7/9SEA04:55---RDU10:00)
36(7/9SAN04:56---JFK10:29)
340(7/9SEA06:10---PIT10:43)
59(7/9ANC06:35---MSP12:00)
536(7/9SEA06:40---BOS12:00)
464(7/9SEA06:59---ATL11:49)
164(7/9ANC07:18---DEN12:35)
810(7/9LIH07:32---SEA13:16)
828(7/9HNL08:33---ANC14:40)
814(7/9OGG08:34---SEA14:11)
