===== Copy Generation Summary =====
#Iter       TotalGen  ind(reg)  mul(reg)  ind(csc)  mul(csc) TotalUsed  ind(reg)  mul(reg)  ind(csc)  mul(csc)            obj
    1          10702      8806       485      1411         0       273       189        60        24         0       3.35e+06
    2          11098      9216       116      1766         0       221       170        31        20         0      2.362e+06
    3          12467     10593       105      1769         0       227       190        22        15         0      1.355e+06
    4          12675     10685        12      1978         0       265       225         5        35         0      1.355e+06
    5          13170     11223        17      1930         0       277       242         5        30         0      1.355e+06
    6          12792     10831        20      1941         0       271       237         7        27         0      1.355e+06
    7          12542     10689         6      1847         0       278       248         6        24         0      1.355e+06
    8          12481     10510         9      1962         0       245       219         4        22         0      1.355e+06
    9          11581      9634        23      1924         0       219       201         7        11         0      1.355e+06
   10          11744      9887        77      1780         0       204       157        35        12         0      1.355e+06
   11          10493      8843        28      1622         0       206       187        12         7         0      1.355e+06
   12          10132      8492        21      1619         0       176       165        11         0         0      1.355e+06
   13           9009      7244        14      1751         0       159       137         9        13         0      1.355e+06
   14           6960      5575        35      1350         0       173       145        19         9         0      1.355e+06
   15           5444      4154        58      1232         0       118        87        20        11         0      1.355e+06
   16           5750      4687        45      1018         0       133       126         6         1         0      1.355e+06
   17           4181      3320        56       805         0       101        78        23         0         0      1.354e+06
   18           4509      3798        43       668         0        47        22        24         1         0      1.354e+06
   19           3277      2622        55       600         0        78        47        27         4         0      1.336e+06
   20           2656      2073        24       559         0        56        51         4         1         0      1.336e+06
   21           2487      1935        11       541         0        41        34         0         7         0      1.336e+06
   22           2271      1714        39       518         0        43        35         7         1         0      1.336e+06
   23           1518      1136        43       339         0        35        24        11         0         0      1.336e+06
   24           1035       739        62       234         0        34        24         8         2         0      1.336e+06
   25            579       403        43       133         0        25        13        12         0         0      1.336e+06
   26            282       188        35        59         0        10         4         6         0         0      1.336e+06
   27            120        83        21        16         0         8         5         2         1         0      1.335e+06
   28             35        22         0        13         0         0         0         0         0         0      1.335e+06
   29             96         9         4         2        81        82         1         0         0        81      1.335e+06
   30             59        13        35         2         9        43         4        33         0         6      1.323e+06
   31             11         5         4         2         0         0         0         0         0         0      1.323e+06
   32            107       101         5         1         0        65        63         2         0         0      1.323e+06
   33             14         9         3         2         0         1         1         0         0         0      1.323e+06
   34             11         7         4         0         0         1         1         0         0         0      1.323e+06
   35              7         3         4         0         0         0         0         0         0         0      1.323e+06
