Run time(sec):            755
IP gap:inf
======================= COST =======================
======================= COST =======================
Total:               6.16e+08
Cancel:              5.96e+08
Delay:              1.088e+07
Swaps:              7.596e+06
PosViol:            1.475e+06
CSC:                        0

===================== DISRUPTION ===================
# Cancelled:              596
# Delayed:                496
# Swaps:                  633
# CSCs:                     0
Ttl delay(min):	    1.088e+05
Avg delay(min):	          219
Min delay(min):	           30
Max delay(min):	          360

================= AIRPORT CAPACITY =================

================= AIRCRAFT LOCATION ================
Aircraft     PlannedEnd      ActualEnd
N214AK            AUS            SEA
N224AK            ANC            PHX
N236AK            IAD            BNA
N237AK            SEA            SEA
N238AK            IAD            TPA
N247AK            SEA            JNU
N248AK            SEA            SEA
N251AK            EUG            SFO
N253AK            IND            ANC
N260AK            PDX            PDX
N264AK            OMA            SEA
N265AK            SFO            RDM
N267AK            PDX            ANC
N268AK            PDX            CMH
N270AK            SEA            SEA
N272AK            ORD            SEA
N273AK            JNU            PHX
N274AK            MKE            PDX
N275AK            LAS            SEA
N277AK            CMH            AUS
N280AK            PDX            PDX
N281AK            ABQ            PDX
N282AK            JFK            LAS
N283AK            PDX            JFK
N284AK            SJC            ABQ
N285AK            SMF            SEA
N287AK            RDM            ANC
N288AK            ORD            SMF
N290AK            BNA            JNU
N291BT            SEA            SEA
N292AK            LAS            SEA
N293AK            ANC            SFO
N294AK            LAX            LAX
N296AK            PHX            SEA
N297AK            SFO            SJC
N298AK            LAX            SEA
N307AS            SEA            SEA
N309AS            JNU            JNU
N318AS            SEA            SEA
N402AS            LAS            SEA
N403AS            SAN            SEA
N408AS            ANC            PHL
N409AS            SFO            LAX
N413AS            SEA            ORD
N419AS            BOS            SEA
N423AS            LAX            LAX
N431AS            MCO            EWR
N433AS            CLE            SFO
N434AS            ANC            HNL
N435AS            GEG            SEA
N440AS            LAX            SEA
N442AS            SEA            SEA
N448AS            SEA            SEA
N453AS            JNU            SEA
N457AS            DFW            PHX
N459AS            SFO            PDX
N462AS            SFO            GEG
N464AS            ANC            SEA
N467AS            MCI            SEA
N469AS            GEG            DTW
N471AS            SEA            SEA
N472AS            SJC            SAN
N474AS            SEA            SEA
N477AS            TPA            SEA
N478AS            ANC            ANC
N481AS            PDX            IAD
N483AS            PDX            ANC
N486AS            SEA            SMF
N487AS            BNA            EUG
N491AS            PDX            IND
N492AS            PDX            PDX
N493AS            PHL            SLC
N494AS            ANC            SEA
N495AS            HNL            SAN
N506AS            BOS            BOS
N508AS            DCA            SEA
N512AS            SNA            LAX
N513AS            SEA            SAN
N514AS            SFO            BWI
N516AS            LAX            BOS
N517AS            SAN            GEG
N518AS            LAX            KOA
N519AS            SNA            SEA
N520AS            ANC            SEA
N523AS            SEA            LAS
N525AS            ANC            SEA
N526AS            SEA            SEA
N527AS            BWI            SEA
N529AS            SIT            SIT
N530AS            SJC            ANC
N531AS            SEA            DEN
N532AS            PDX            SNA
N535AS            SAN            SEA
N536AS            SEA            SEA
N537AS            DCA            PDX
N538AS            SEA            SAN
N546AS            SEA            SNA
N548AS            DEN            SEA
N549AS            ADQ            ADQ
N551AS            SEA            SEA
N552AS            SNA            SEA
N553AS            SEA            SNA
N556AS            SMF            PDX
N557AS            SAN            SEA
N560AS            SEA            MSP
N562AS            MSP            SMF
N564AS            ANC            SEA
N565AS            SEA            ANC
N568AS            LAX            SAN
N569AS            SAN            OAK
N570AS            SAN            SEA
N577AS            SEA            SAN
N579AS            KOA            LIH
N581AS            BOS            SFO
N586AS            PDX            ANC
N587AS            PHX            SNA
N589AS            JFK            ORD
N590AS            DCA            LAX
N592AS            ORD            ADQ
N593AS            LAS            PAE
N594AS            OAK            SAN
N596AS            SEA            SEA
N597AS            OGG            SAN
N607AS            ANC            SIT
N609AS            SIT            SEA
N611AS            SEA            SCC
N612AS            ANC            RNO
N613AS            RNO            KTN
N615AS            JNU            JNU
N618AS            ANC            ANC
N619AS            ANC            JNU
N622AS            SEA            ANC
N703AL            SEA            OGG
N705AL            LAX            SEA
N706AL            EWR            SEA
N707AL            EWR            SEA
N708AL            ORD            SFO
N709AL            TPA            SEA
N710AL            MSP            SEA
N712AL            LAX            SEA
N713AL            PDX            BOS
N716AL            MCO            ONT
N719AL            SEA            SFO
N720AL            BOS            SEA
N722AL            SEA            SEA
N723AL            DFW            SAN
N724AL            AUS            DEN
N725AL            SFO            SFO
N729AL            LAX            SEA
N731AL            MCO            SEA
N732AL            SEA            EWR
N733AL            PDX            SFO
N734AL            JFK            SEA
N738AL            SEA            SEA
N801AK            ANC            ANC
N803AK            JFK            JFK
N804AK            SEA            SEA
N805AK            LAX            SEA
N806AK            LAX            LAX
N809AK            SEA            LAX
N812AK            SFO            SFO
N813AK            SEA            SEA
N903AK            PDX            PDX
N912AK            SAN            DFW
N913AK            GEG            LAS
N915AK            SEA            PHX
N917AK            ONT            HNL
N918AK            RDU            LAS
N919AK            PHX            SEA
N920AK            ATL            SEA
N921AK            AUS            SEA
N924AK            EWR            PDX
N926AK            MSY            SEA
N928AK            DEN            SEA
N929AK            SEA            SEA
N931AK            PDX            SFO
N932AK            SFO            FAI
N933AK            ORD            IAD
N934AK            ANC            LAX
N935AK            SAN            ATL
N936AK            SEA            SEA
N938AK            LAX            SEA
N941AK            IAH            SEA
N942AK            ORD            SEA
N947AK            FAI            FAI
N948AK            LAX            LAX
N949AK            FAI            SEA
N952AK            SEA            SEA
N953AK            CVG            ANC
N954AK            PDX            ORD
N955AK            SFO            ANC
N956AK            PIT            SEA
N958AK            SAT            SEA
N960AK            BOS            SEA
N961AK            PHX            CVG
N962AK            SFO            LAX
N963AK            LAX            PIT
N964AK            IAH            LAX
N966AK            SFO            JFK
N967AK            LAX            PDX
N968AK            JFK            SEA
N969AK            PDX            JFK
N972AK            SFO            SEA
N973AK            ONT            MSY
N974AK            BOI            EWR
N975AK            LAS            EWR
N976AK            STL            SEA
N977AK            SEA            SEA
N978AK            IAD            ATL
N982AK            SEA            SAN
N983AK            ATL            PDX
N984AK            FAI            SEA
N985AK            DEN            LAX
N990AK            LAX            GEG
N407AS            SEA            SEA
N428AS            LAX            LAX
N468AS            DTW            SEA
N479AS            SEA            SFO
N563AS            GEG            SEA
N566AS            SFO            SFO
N588AS            ANC            LAX
N614AS            ANC            ANC
N946AK            BUR            LAX
N971AK            BUR            LAX
N979AK            SAN            IAH
