Objective:	6.15952e+08
Total CPU time:	00:12:35
================== Aircraft Recovery Schedule ==================
N214AK[30]
375(7/7IAD13:00---SEA18:47)
2025-Jul-07 19:17:00
2025-Jul-09 15:30:00
--------------------------------------------------------
N224AK[45]
2025-Jul-07 15:00:00
2025-Jul-09 15:45:00
--------------------------------------------------------
N236AK[55]
1258(7/7SEA14:00---SAN16:50)
2025-Jul-07 17:45:00
322-d0(7/7SAN17:48---IAD22:59)
435-d0(7/7IAD23:59---SFO05:46)
1327-d240(7/8SFO06:49---SEA09:05)
980-d330(7/8SEA10:10---SFO12:29)
1410-d0(7/8SFO15:00---PDX16:45)
499-d300(7/8PDX18:05---SEA19:09)
697001-d30(7/8SEA20:22---MSO21:47)
697-d30(7/8MSO22:43---SEA00:21)
1048001-d30(7/9SEA01:29---LAX04:20)
1301-d300(7/9LAX05:15---SEA08:00)
400-d180(7/9SEA09:18---BNA13:40)
2025-Jul-09 15:55:00
--------------------------------------------------------
N237AK[55]
2025-Jul-07 15:00:00
2025-Jul-09 15:55:00
--------------------------------------------------------
N238AK[40]
1074(7/7PDX14:25---SAN17:00)
2025-Jul-07 17:40:00
474-d0(7/7SAN18:04---ATL22:31)
334-d0(7/7ATL23:31---SEA05:07)
241-d300(7/8SEA06:10---MKE09:59)
242-d0(7/8MKE11:30---SEA15:53)
1108-d0(7/8SEA16:58---SAN19:49)
1097-d0(7/8SAN20:45---SEA23:45)
131-d150(7/9SEA00:28---ANC04:00)
56-d360(7/9ANC04:50---SEA08:20)
360-d210(7/9SEA09:28---TPA14:55)
2025-Jul-09 15:40:00
--------------------------------------------------------
N247AK[50]
512(7/7SFO14:00---AUS17:36)
2025-Jul-07 18:26:00
503-d0(7/7AUS18:36---SEA22:59)
1150001-d270(7/8SEA00:18---BUR02:49)
1150-d270(7/8BUR03:44---SEA06:24)
1227-d30(7/8SEA07:29---AUS11:37)
595-d30(7/8AUS12:45---SEA17:10)
1010-d0(7/8SEA18:20---GEG19:29)
1011-d0(7/8GEG20:23---SEA21:37)
904-d270(7/8SEA22:53---BZN00:36)
905-d270(7/9BZN01:30---SEA03:29)
1086-d360(7/9SEA04:25---ONT07:04)
1087-d360(7/9ONT07:58---SEA10:37)
185-d360(7/9SEA11:55---JNU14:25)
2025-Jul-09 15:50:00
--------------------------------------------------------
N248AK[30]
537(7/7BOS13:20---SEA19:35)
2025-Jul-07 20:05:00
2025-Jul-09 15:30:00
--------------------------------------------------------
N251AK[50]
2025-Jul-07 15:00:00
2025-Jul-09 15:50:00
--------------------------------------------------------
N253AK[35]
2025-Jul-07 15:00:00
N253AK_SEA-15:00/03:00-d0(7/7SEA15:00---7/8 03:00)
545-d0(7/8SEA04:45---IND09:00)
546-d0(7/8IND10:30---SEA15:19)
1290001-d60(7/8SEA16:00---BUR18:36)
1290-d60(7/8BUR19:30---SEA22:08)
1216-d240(7/8SEA23:01---SMF01:01)
1358-d240(7/9SMF01:56---SEA03:54)
590-d300(7/9SEA04:42---SFO06:53)
922-d240(7/9SFO07:49---SEA10:02)
119-d300(7/9SEA10:59---ANC14:39)
2025-Jul-09 15:35:00
--------------------------------------------------------
N260AK[60]
2025-Jul-07 15:00:00
2025-Jul-09 16:00:00
--------------------------------------------------------
N264AK[30]
2025-Jul-07 15:00:00
2025-Jul-09 15:30:00
--------------------------------------------------------
N265AK[55]
541(7/7AUS12:37---PDX16:50)
2025-Jul-07 17:45:00
121-d0(7/7PDX17:53---BUR20:12)
122-d0(7/7BUR21:07---PDX23:25)
1370-d0(7/8PDX00:35---AUS04:42)
339-d330(7/8AUS06:00---SEA10:37)
959-d360(7/8SEA11:52---GEG12:59)
215-d0(7/8GEG16:45---SEA18:00)
313001-d210(7/8SEA19:00---DTW23:20)
313-d210(7/9DTW00:16---SEA05:15)
924-d30(7/9SEA06:18---RDM07:29)
2025-Jul-09 15:55:00
--------------------------------------------------------
N267AK[60]
2025-Jul-07 15:00:00
2025-Jul-09 16:00:00
--------------------------------------------------------
N268AK[55]
413(7/7ORD12:00---PDX16:25)
2025-Jul-07 17:20:00
1296-d0(7/7PDX17:40---SAN20:15)
1297-d0(7/7SAN21:15---PDX23:49)
1455-d0(7/8PDX00:49---ANC04:40)
134-d330(7/8ANC06:00---SEA09:30)
1039-d360(7/8SEA10:45---GEG11:58)
966-d0(7/8GEG13:00---SEA14:15)
648-d30(7/8SEA15:30---TUS18:40)
641-d30(7/8TUS19:36---SEA22:50)
733-d330(7/9SEA00:08---SLC02:14)
734-d330(7/9SLC03:09---SEA05:24)
315-d120(7/9SEA06:45---CMH11:13)
2025-Jul-09 15:55:00
--------------------------------------------------------
N270AK[45]
2025-Jul-07 15:00:00
2025-Jul-09 15:45:00
--------------------------------------------------------
N272AK[50]
2025-Jul-07 15:00:00
2025-Jul-09 15:50:00
--------------------------------------------------------
N273AK[45]
289(7/7EWR11:52---LAX17:46)
2025-Jul-07 18:31:00
193-d0(7/9LAX02:45---ANC08:08)
172-d120(7/9ANC09:13---PHX14:45)
2025-Jul-09 15:45:00
--------------------------------------------------------
N274AK[50]
2025-Jul-07 15:00:00
329-d0(7/7ORD15:00---SEA19:34)
1108-d210(7/7SEA20:28---SAN23:19)
735-d0(7/8SAN00:51---SEA03:50)
380-d0(7/8SEA04:45---DTW09:05)
381-d0(7/8DTW11:00---SEA15:57)
414-d90(7/8SEA16:47---DFW20:49)
415-d90(7/8DFW21:49---SEA02:04)
1092-d240(7/9SEA03:18---LAX06:05)
1397-d360(7/9LAX07:07---PDX09:30)
2025-Jul-09 15:50:00
--------------------------------------------------------
N275AK[55]
683(7/7ORD13:00---SEA17:39)
2025-Jul-07 18:34:00
2025-Jul-09 15:55:00
--------------------------------------------------------
N277AK[45]
2025-Jul-07 15:00:00
1254-d0(7/7SEA15:27---ONT18:05)
1111-d0(7/7ONT19:00---SEA21:38)
175-d150(7/7SEA22:25---ANC01:57)
56-d240(7/8ANC02:50---SEA06:20)
105-d330(7/8SEA07:29---ANC11:08)
172-d300(7/8ANC12:13---PHX17:45)
645-d270(7/8PHX18:35---SEA21:39)
932-d240(7/8SEA22:36---ABQ01:37)
933-d240(7/9ABQ02:31---SEA05:41)
372-d330(7/9SEA06:26---AUS10:35)
2025-Jul-09 15:45:00
--------------------------------------------------------
N280AK[55]
1089(7/7LAS14:05---PDX16:24)
2025-Jul-07 17:19:00
2025-Jul-09 15:55:00
--------------------------------------------------------
N281AK[30]
2025-Jul-07 15:00:00
1290001-d0(7/7SEA15:00---BUR17:36)
1290-d0(7/7BUR18:30---SEA21:08)
1046-d0(7/7SEA22:08---SJC00:17)
1047-d0(7/8SJC01:11---SEA03:18)
460-d330(7/8SEA04:13---BOS09:29)
336-d0(7/8BOS10:00---PDX16:17)
1420-d0(7/8PDX17:30---IAH21:50)
1421-d0(7/8IAH22:50---PDX03:15)
1204-d360(7/9PDX03:49---SAN06:22)
1294-d360(7/9SAN07:18---PDX09:50)
2025-Jul-09 15:30:00
--------------------------------------------------------
N282AK[60]
2025-Jul-07 15:00:00
90-d0(7/7SIT15:15---SEA17:39)
352-d0(7/7SEA19:18---AUS23:30)
513-d0(7/8AUS01:45---SFO05:29)
776-d300(7/8SFO06:40---LAS08:25)
393-d0(7/8LAS14:00---PAE16:40)
385-d0(7/8PAE17:40---PHX20:43)
396-d0(7/8PHX21:43---PAE00:44)
391-d0(7/9PAE01:44---LAS04:17)
2025-Jul-09 16:00:00
--------------------------------------------------------
N283AK[50]
2025-Jul-07 15:00:00
1314-d0(7/7SJC19:02---SEA21:10)
620001-d120(7/7SEA22:13---DEN00:54)
620-d120(7/8DEN01:50---SEA04:50)
1098-d300(7/8SEA05:59---SAN08:54)
1020-d300(7/8SAN09:50---MCO15:00)
395-d270(7/8MCO15:50---SEA22:00)
535001-d330(7/8SEA22:50---DEN01:37)
535-d330(7/9DEN02:33---SEA05:30)
22-d60(7/9SEA06:41---JFK12:02)
2025-Jul-09 15:50:00
--------------------------------------------------------
N284AK[40]
943(7/7RDM13:00---SEA14:14)
516(7/7SEA14:55---FLL20:52)
2025-Jul-07 21:32:00
517-d0(7/7FLL21:52---SEA04:20)
547-d30(7/8SEA05:10---CLE09:41)
548-d0(7/8CLE11:00---SEA16:09)
442-d30(7/8SEA17:12---PHL22:17)
443-d30(7/8PHL23:22---SEA05:27)
780-d210(7/9SEA06:29---ABQ09:29)
2025-Jul-09 15:40:00
--------------------------------------------------------
N285AK[30]
383(7/7BNA12:00---SEA17:06)
2025-Jul-07 17:36:00
2025-Jul-09 15:30:00
--------------------------------------------------------
N287AK[55]
139(7/7ORD14:30---ANC21:15)
2025-Jul-07 22:10:00
2025-Jul-09 15:55:00
--------------------------------------------------------
N288AK[55]
2025-Jul-07 15:00:00
479-d0(7/7LAS15:00---SEA17:40)
658-d0(7/7SEA19:00---LAS21:44)
756-d90(7/7LAS22:43---PDX01:05)
1176-d90(7/8PDX02:00---PHX04:50)
141-d180(7/8PHX05:57---ANC11:48)
54-d210(7/8ANC12:59---SEA16:30)
N288AK_SEA-17:09/20:09-d0(7/8SEA17:09---7/8 20:09)
312001-d270(7/8SEA20:36---OMA23:47)
312-d270(7/9OMA00:44---SEA04:24)
1194-d150(7/9SEA05:24---SMF07:22)
2025-Jul-09 15:55:00
--------------------------------------------------------
N290AK[30]
358(7/7PDX14:00---BOS19:25)
2025-Jul-07 19:55:00
304-d0(7/7BOS20:25---SEA02:48)
602-d270(7/8SEA03:19---DEN06:02)
615-d240(7/8DEN06:32---SEA09:42)
161-d270(7/8SEA10:17---EUG11:31)
132-d0(7/8EUG13:00---SEA14:15)
1166-d0(7/8SEA15:10---SFO17:29)
1075-d0(7/8SFO18:25---SEA20:37)
63-d180(7/8SEA21:20---SIT23:44)
58-d180(7/9SIT00:40---SEA03:00)
960-d180(7/9SEA03:43---GEG04:50)
965-d180(7/9GEG05:44---SEA07:00)
69001-d360(7/9SEA07:35---KTN09:44)
69-d360(7/9KTN10:29---JNU11:30)
2025-Jul-09 15:30:00
--------------------------------------------------------
N291BT[30]
627(7/7TPA11:00---SEA17:06)
2025-Jul-07 17:36:00
2025-Jul-09 15:30:00
--------------------------------------------------------
N292AK[45]
473(7/7STL11:41---SEA16:10)
2025-Jul-07 16:55:00
2025-Jul-09 15:45:00
--------------------------------------------------------
N293AK[60]
2025-Jul-07 15:00:00
23-d0(7/7JFK17:00---SEA23:08)
1086-d120(7/8SEA00:25---ONT03:04)
1087-d150(7/8ONT04:28---SEA07:07)
780-d330(7/8SEA08:29---ABQ11:29)
618-d0(7/8ABQ14:00---SEA17:15)
1258-d270(7/8SEA18:30---SAN21:20)
322-d300(7/8SAN22:48---IAD03:59)
435-d300(7/9IAD04:59---SFO10:46)
2025-Jul-09 16:00:00
--------------------------------------------------------
N294AK[50]
281(7/7BNA14:00---SEA19:03)
2025-Jul-07 19:53:00
738-d150(7/7SEA20:10---LAS22:49)
634-d60(7/7LAS23:39---SFO01:20)
534-d330(7/8SFO02:29---AUS06:15)
541-d0(7/8AUS12:37---PDX16:50)
757-d0(7/8PDX17:50---LAS20:09)
676-d0(7/8LAS21:04---SEA23:50)
1150001-d300(7/9SEA00:48---BUR03:19)
1150-d300(7/9BUR04:14---SEA06:54)
1224-d300(7/9SEA07:55---LAX10:46)
2025-Jul-09 15:50:00
--------------------------------------------------------
N296AK[50]
2025-Jul-07 15:00:00
2025-Jul-09 15:50:00
--------------------------------------------------------
N297AK[35]
2025-Jul-07 15:00:00
57-d0(7/7ANC16:00---FAI17:05)
234-d0(7/7FAI18:05---SEA21:43)
34-d270(7/7SEA22:36---JFK03:59)
41-d270(7/8JFK04:59---SFO11:29)
912-d0(7/8SFO14:20---SAN16:02)
1259-d0(7/8SAN17:00---SEA20:00)
79-d360(7/8SEA21:00---ANC00:36)
100-d330(7/9ANC01:11---SEA04:40)
1310-d240(7/9SEA05:36---SJC07:51)
2025-Jul-09 15:35:00
--------------------------------------------------------
N298AK[55]
533(7/7ATL13:30---SEA18:51)
2025-Jul-07 19:46:00
2025-Jul-09 15:55:00
--------------------------------------------------------
N307AS[60]
168(7/7FAI08:14---SEA12:00)
2025-Jul-07 15:00:00
2025-Jul-09 16:00:00
--------------------------------------------------------
N309AS[30]
2025-Jul-07 15:00:00
612-d0(7/7SEA15:26---LAS18:05)
785-d0(7/7LAS19:00---SEA21:44)
1284-d0(7/7SEA22:44---SFO00:57)
1065-d0(7/8SFO01:53---SEA04:11)
185-d0(7/8SEA05:55---JNU08:25)
42-d0(7/8JNU09:55---SEA12:23)
1306-d0(7/8SEA15:00---LAX17:49)
1305-d0(7/8LAX18:55---SEA21:39)
962-d0(7/8SEA23:03---GEG00:13)
964-d0(7/9GEG01:07---SEA02:21)
205-d30(7/9SEA03:06---JNU05:35)
2025-Jul-09 15:30:00
--------------------------------------------------------
N318AS[40]
2025-Jul-07 15:00:00
215-d0(7/7GEG16:45---SEA18:00)
722-d0(7/7SEA18:44---PHX21:47)
975-d0(7/7PHX22:47---SEA01:52)
1194-d0(7/8SEA02:54---SMF04:52)
1217-d0(7/8SMF13:15---SEA15:15)
2025-Jul-09 15:40:00
--------------------------------------------------------
N402AS[60]
1041(7/7BUR14:00---SEA16:37)
2025-Jul-07 17:37:00
2025-Jul-09 16:00:00
--------------------------------------------------------
N403AS[50]
188(7/7ANC13:00---SEA16:30)
2025-Jul-07 17:20:00
2025-Jul-09 15:50:00
--------------------------------------------------------
N408AS[55]
2025-Jul-07 15:00:00
1268-d0(7/7PDX16:00---BNA20:19)
1269-d0(7/7BNA21:19---PDX02:15)
946-d360(7/8PDX03:30---BOI04:48)
1019-d360(7/8BOI05:43---SEA07:20)
1168-d360(7/8SEA08:25---BUR10:59)
1063-d0(7/8BUR14:20---PDX16:37)
1161-d30(7/8PDX18:00---PHX20:46)
1238-d30(7/8PHX21:46---PDX00:29)
1016-d300(7/9PDX01:25---SEA02:25)
1214-d210(7/9SEA03:34---SJC05:45)
1047-d330(7/9SJC06:41---SEA08:48)
444-d330(7/9SEA09:45---PHL14:55)
2025-Jul-09 15:55:00
--------------------------------------------------------
N409AS[55]
150(7/7ANC08:34---LAX13:55)
2025-Jul-07 15:00:00
2025-Jul-09 15:55:00
--------------------------------------------------------
N413AS[40]
324(7/7PDX14:02---ORD18:07)
2025-Jul-07 18:47:00
2025-Jul-09 15:40:00
--------------------------------------------------------
N419AS[60]
2025-Jul-07 15:00:00
2025-Jul-09 16:00:00
--------------------------------------------------------
N423AS[30]
446(7/7PHL10:45---SEA16:42)
2025-Jul-07 17:12:00
1256-d0(7/7SEA17:21---PSP20:15)
582-d0(7/7PSP21:10---SEA00:00)
590-d60(7/8SEA00:42---SFO02:53)
591-d240(7/8SFO03:44---SEA05:54)
167-d240(7/8SEA06:50---FAI10:36)
168-d180(7/8FAI11:14---SEA15:00)
682001-d30(7/8SEA15:36---DEN18:23)
682-d30(7/8DEN19:19---SEA22:18)
1017-d270(7/8SEA22:50---PDX23:53)
836-d180(7/9PDX00:30---SFO02:22)
591-d210(7/9SFO03:14---SEA05:24)
1004-d180(7/9SEA05:59---GEG07:09)
1280-d360(7/9GEG07:49---LAX10:35)
2025-Jul-09 15:30:00
--------------------------------------------------------
N431AS[55]
292(7/7SFO14:54---EWR20:29)
2025-Jul-07 21:24:00
2025-Jul-09 15:55:00
--------------------------------------------------------
N433AS[45]
2025-Jul-07 15:00:00
2025-Jul-09 15:45:00
--------------------------------------------------------
N434AS[40]
408(7/7SEA13:00---ORD17:07)
2025-Jul-07 17:47:00
891-d0(7/7ORD18:03---SEA22:42)
941-d0(7/7SEA23:25---ORD03:30)
409-d150(7/8ORD04:12---SEA08:54)
924-d240(7/8SEA09:48---RDM10:59)
943-d0(7/8RDM13:00---SEA14:14)
568-d0(7/8SEA16:19---MSY20:53)
569-d0(7/8MSY21:53---SEA03:00)
228-d30(7/9SEA03:55---ANC07:34)
827-d330(7/9ANC08:25---HNL14:29)
2025-Jul-09 15:40:00
--------------------------------------------------------
N435AS[55]
920(7/7RDU11:36---SEA17:30)
2025-Jul-07 18:25:00
2025-Jul-09 15:55:00
--------------------------------------------------------
N440AS[30]
459(7/7BOS11:20---SEA17:38)
2025-Jul-07 18:08:00
2025-Jul-09 15:30:00
--------------------------------------------------------
N442AS[55]
542(7/7SEA07:25---DFW11:20)
365(7/7DFW14:00---SEA18:27)
2025-Jul-07 19:22:00
2025-Jul-09 15:55:00
--------------------------------------------------------
N448AS[45]
242(7/7MKE11:30---SEA15:53)
2025-Jul-07 16:38:00
2025-Jul-09 15:45:00
--------------------------------------------------------
N453AS[50]
42(7/7JNU09:55---SEA12:23)
2025-Jul-07 15:00:00
2025-Jul-09 15:50:00
--------------------------------------------------------
N457AS[45]
606(7/7SEA14:55---PHX17:52)
2025-Jul-07 18:37:00
2025-Jul-09 15:45:00
--------------------------------------------------------
N459AS[50]
1063(7/7BUR14:20---PDX16:37)
2025-Jul-07 17:27:00
2025-Jul-09 15:50:00
--------------------------------------------------------
N462AS[30]
2025-Jul-07 15:00:00
142-d0(7/7JNU15:08---SEA17:36)
1010-d0(7/7SEA18:20---GEG19:29)
1011-d0(7/7GEG20:23---SEA21:37)
733-d210(7/7SEA22:08---SLC00:14)
734-d210(7/8SLC01:09---SEA03:24)
N462AS_SEA-03:34/06:34-d0(7/8SEA03:34---7/8 06:34)
427-d0(7/8SEA06:49---CVG11:07)
428-d0(7/8CVG12:40---SEA17:39)
658-d0(7/8SEA19:00---LAS21:44)
634-d0(7/8LAS22:39---SFO00:20)
571-d150(7/9SFO01:18---LAS03:01)
779-d120(7/9LAS03:31---PDX05:50)
1122-d360(7/9PDX06:30---SAN09:03)
1067-d360(7/9SAN09:59---GEG12:44)
2025-Jul-09 15:30:00
--------------------------------------------------------
N464AS[55]
453(7/7IAH11:00---SEA15:40)
2025-Jul-07 16:35:00
2025-Jul-09 15:55:00
--------------------------------------------------------
N467AS[40]
132(7/7EUG13:00---SEA14:15)
2025-Jul-07 15:00:00
2025-Jul-09 15:40:00
--------------------------------------------------------
N469AS[30]
1130(7/7GEG14:00---SAN16:47)
2025-Jul-07 17:17:00
1073-d0(7/7SAN17:50---PDX20:28)
1420-d210(7/7PDX21:00---IAH01:20)
1421-d180(7/8IAH01:50---PDX06:15)
1062-d360(7/8PDX07:04---BUR09:23)
1041-d0(7/8BUR14:00---SEA16:37)
1278-d0(7/8SEA17:47---ONT20:26)
1242001-d0(7/8ONT21:22---SEA23:59)
494001-d300(7/9SEA00:33---SAT04:37)
494-d270(7/9SAT05:07---SEA09:23)
380-d330(7/9SEA10:15---DTW14:35)
2025-Jul-09 15:30:00
--------------------------------------------------------
N471AS[60]
643(7/7DEN12:00---SEA15:01)
2025-Jul-07 16:01:00
2025-Jul-09 16:00:00
--------------------------------------------------------
N472AS[50]
35(7/7JFK14:00---SAN19:52)
2025-Jul-07 20:42:00
2025-Jul-09 15:50:00
--------------------------------------------------------
N474AS[40]
942(7/7ORD11:00---SEA15:37)
2025-Jul-07 16:17:00
2025-Jul-09 15:40:00
--------------------------------------------------------
N477AS[60]
963(7/7GEG14:00---SEA15:14)
2025-Jul-07 16:14:00
2025-Jul-09 16:00:00
--------------------------------------------------------
N478AS[40]
2025-Jul-07 15:00:00
2025-Jul-09 15:40:00
--------------------------------------------------------
N481AS[60]
18(7/7PDX14:20---JFK19:45)
2025-Jul-07 20:45:00
31-d0(7/7JFK20:45---SEA03:10)
99-d330(7/8SEA04:28---ANC08:12)
70-d330(7/8ANC09:15---JNU10:57)
70001-d360(7/8JNU12:15---SIT12:59)
73001-d0(7/8SIT14:00---JNU14:44)
73-d30(7/8JNU16:04---ANC17:54)
108-d60(7/8ANC19:22---FAI20:27)
140-d90(7/8FAI21:47---SEA01:30)
1098-d120(7/9SEA02:59---SAN05:54)
1005-d240(7/9SAN06:57---SFO08:37)
455-d240(7/9SFO09:43---IAD14:50)
2025-Jul-09 16:00:00
--------------------------------------------------------
N483AS[60]
54(7/7ANC09:29---SEA13:00)
N483AS_SEA-13:00/16:00(7/7SEA13:00---7/7 16:00)
2025-Jul-07 16:00:00
648-d60(7/7SEA16:00---TUS19:10)
641-d90(7/7TUS20:36---SEA23:50)
424-d0(7/8SEA00:59---DFW04:59)
550-d270(7/8DFW06:06---SEA10:29)
112-d300(7/8SEA11:50---FAI15:36)
210-d180(7/8FAI16:52---SEA20:40)
1132-d90(7/8SEA22:05---SFO00:18)
1225-d240(7/9SFO01:45---SEA03:54)
744-d360(7/9SEA04:59---PHX07:57)
141-d360(7/9PHX08:57---ANC14:48)
2025-Jul-09 16:00:00
--------------------------------------------------------
N486AS[50]
2025-Jul-07 15:00:00
2025-Jul-09 15:50:00
--------------------------------------------------------
N487AS[55]
546(7/7IND10:30---SEA15:19)
2025-Jul-07 16:14:00
83-d30(7/7SEA16:30---ANC20:05)
162-d30(7/7ANC21:10---SEA00:43)
1132-d330(7/8SEA02:05---SFO04:18)
922-d90(7/8SFO05:19---SEA07:32)
452-d90(7/8SEA08:29---IAH12:50)
399-d0(7/8IAH14:00---SEA18:45)
1096-d60(7/8SEA19:41---SAN22:38)
1135-d60(7/8SAN23:35---SEA02:31)
509-d330(7/9SEA03:45---SLC05:48)
510-d360(7/9SLC07:12---SEA09:30)
161-d300(7/9SEA10:47---EUG12:01)
2025-Jul-09 15:55:00
--------------------------------------------------------
N491AS[45]
316(7/7CMH11:00---SEA16:05)
2025-Jul-07 16:50:00
101-d0(7/7SEA16:53---KTN18:58)
102-d0(7/7KTN19:52---SEA21:54)
744-d0(7/7SEA22:59---PHX01:57)
662-d120(7/8PHX03:05---PDX05:48)
376-d360(7/8PDX06:35---ORD10:39)
942-d30(7/8ORD11:30---SEA16:07)
1133-d0(7/8SEA17:03---SMF19:03)
1281-d0(7/8SMF19:57---SEA21:54)
934001-d270(7/8SEA22:50---EUG00:06)
934-d270(7/9EUG01:00---SEA02:18)
600-d270(7/9SEA03:12---LAS05:46)
403-d240(7/9LAS06:45---SEA09:37)
545-d360(7/9SEA10:45---IND15:00)
2025-Jul-09 15:45:00
--------------------------------------------------------
N492AS[60]
974(7/7SAN14:00---PDX16:35)
2025-Jul-07 17:35:00
2025-Jul-09 16:00:00
--------------------------------------------------------
N493AS[55]
430(7/7SEA14:14---SLC16:16)
2025-Jul-07 17:11:00
2025-Jul-09 15:55:00
--------------------------------------------------------
N494AS[45]
2025-Jul-07 15:00:00
2025-Jul-09 15:45:00
--------------------------------------------------------
N495AS[60]
2025-Jul-07 15:00:00
2025-Jul-09 16:00:00
--------------------------------------------------------
N506AS[45]
799(7/7PHX13:00---SEA16:04)
2025-Jul-07 16:49:00
174-d0(7/7SEA16:57---FAI20:40)
103-d0(7/7FAI21:35---ANC22:40)
183-d90(7/7ANC23:40---DLG00:55)
182-d90(7/8DLG01:50---ANC03:00)
272-d0(7/8ANC04:10---SEA07:45)
228-d330(7/8SEA08:55---ANC12:34)
62-d0(7/8ANC14:45---JNU16:28)
62001-d0(7/8JNU17:20---SIT18:05)
62003-d0(7/8SIT18:57---KTN19:58)
62002-d0(7/8KTN20:48---SEA22:47)
1030-d60(7/8SEA23:48---BZN01:31)
1031-d60(7/9BZN02:25---SEA04:35)
1264-d90(7/9SEA05:33---SAN08:29)
259-d210(7/9SAN09:15---BOS15:00)
2025-Jul-09 15:45:00
--------------------------------------------------------
N508AS[50]
2025-Jul-07 15:00:00
2025-Jul-09 15:50:00
--------------------------------------------------------
N512AS[55]
2025-Jul-07 15:00:00
2025-Jul-09 15:55:00
--------------------------------------------------------
N513AS[55]
2025-Jul-07 15:00:00
79-d0(7/7SEA15:00---ANC18:36)
100-d0(7/7ANC19:41---SEA23:10)
900-d330(7/8SEA00:10---RNO02:08)
601-d360(7/8RNO03:32---SEA05:29)
632-d330(7/8SEA06:29---PHX09:30)
511-d0(7/8PHX14:00---PDX16:43)
128-d30(7/8PDX18:00---SFO19:54)
8-d270(7/8SFO21:15---DCA02:28)
9-d360(7/9DCA03:43---PDX09:31)
1162-d360(7/9PDX10:30---SAN13:05)
2025-Jul-09 15:55:00
--------------------------------------------------------
N514AS[50]
1293(7/7LAX13:00---SEA15:50)
2025-Jul-07 16:40:00
149-d0(7/7SEA16:50---ANC20:26)
66-d0(7/7ANC21:26---CDV22:21)
66001-d0(7/7CDV23:13---YAK00:13)
66003-d0(7/8YAK01:05---JNU02:03)
66002-d0(7/8JNU02:55---SEA05:23)
N514AS_SEA-07:45/11:45-d0(7/8SEA07:45---7/8 11:45)
1254-d0(7/8SEA15:27---ONT18:05)
1111-d0(7/8ONT19:00---SEA21:38)
67002-d0(7/8SEA22:33---KTN00:40)
67001-d30(7/9KTN01:55---SIT02:50)
67003-d60(7/9SIT04:08---JNU04:52)
66002-d180(7/9JNU05:55---SEA08:23)
344-d240(7/9SEA09:20---BWI14:21)
2025-Jul-09 15:50:00
--------------------------------------------------------
N516AS[55]
1148(7/7SEA14:20---SNA17:15)
2025-Jul-07 18:10:00
1299-d0(7/7SNA18:10---PDX20:34)
778-d0(7/7PDX21:30---LAS23:49)
599-d0(7/8LAS00:45---SEA03:30)
1138-d330(7/8SEA04:34---SBA07:10)
1139-d360(7/8SBA08:30---SEA11:07)
498-d360(7/8SEA12:03---PDX12:59)
1298-d0(7/8PDX14:00---SNA16:31)
1149-d150(7/8SNA17:32---SEA20:26)
174-d270(7/8SEA21:27---FAI01:10)
103-d270(7/9FAI02:05---ANC03:10)
268-d60(7/9ANC04:25---SEA08:06)
536-d150(7/9SEA09:10---BOS14:30)
2025-Jul-09 15:55:00
--------------------------------------------------------
N517AS[55]
2025-Jul-07 15:00:00
405001-d0(7/7SEA15:11---OKC18:48)
405-d0(7/7OKC19:44---SEA23:38)
1118-d360(7/8SEA01:00---ONT03:46)
1119-d360(7/8ONT05:00---SEA07:40)
542-d90(7/8SEA08:55---DFW12:50)
303-d90(7/8DFW13:55---PDX17:58)
1076-d300(7/8PDX19:00---LAX21:39)
1147-d30(7/8LAX22:40---SEA01:24)
1104-d30(7/9SEA02:20---SNA05:09)
1229-d330(7/9SNA06:19---SEA09:05)
959-d270(7/9SEA10:22---GEG11:29)
2025-Jul-09 15:55:00
--------------------------------------------------------
N518AS[60]
302(7/7ANC09:44---PDX13:20)
867(7/7PDX14:56---KOA20:50)
2025-Jul-07 21:50:00
2025-Jul-09 16:00:00
--------------------------------------------------------
N519AS[40]
349(7/7BWI11:51---SEA17:40)
2025-Jul-07 18:20:00
2025-Jul-09 15:40:00
--------------------------------------------------------
N520AS[50]
645(7/7PHX14:05---SEA17:09)
2025-Jul-07 17:59:00
2025-Jul-09 15:50:00
--------------------------------------------------------
N523AS[50]
15(7/7DCA12:59---SAN18:20)
2025-Jul-07 19:10:00
1137-d0(7/7SAN19:12---SEA22:10)
1018-d210(7/7SEA23:01---BOI00:34)
947-d210(7/8BOI01:30---PDX02:51)
1100-d360(7/8PDX03:55---SNA06:27)
1085-d360(7/8SNA07:17---PDX09:39)
728-d360(7/8PDX10:40---LAS12:59)
1089-d0(7/8LAS14:05---PDX16:24)
1084-d0(7/8PDX17:30---SNA20:03)
1061-d30(7/8SNA21:00---SEA23:45)
1042001-d90(7/9SEA00:47---SBP03:13)
1042-d90(7/9SBP04:05---SEA06:37)
498-d90(7/9SEA07:33---PDX08:29)
728-d300(7/9PDX09:40---LAS11:59)
2025-Jul-09 15:50:00
--------------------------------------------------------
N525AS[40]
21(7/7JFK11:00---SEA17:13)
2025-Jul-07 17:53:00
2025-Jul-09 15:40:00
--------------------------------------------------------
N526AS[50]
210(7/7FAI13:52---SEA17:40)
2025-Jul-07 18:30:00
2025-Jul-09 15:50:00
--------------------------------------------------------
N527AS[50]
2025-Jul-07 15:00:00
2025-Jul-09 15:50:00
--------------------------------------------------------
N529AS[60]
869(7/7SJC14:00---KOA19:30)
2025-Jul-07 20:30:00
808-d0(7/7KOA20:30---SEA02:22)
839-d120(7/8SEA03:45---LIH09:54)
826-d120(7/8LIH10:54---SAN16:33)
1071-d150(7/8SAN17:45---SEA20:48)
1257-d0(7/8SEA22:38---SNA01:26)
1191-d270(7/9SNA02:32---SEA05:18)
91-d150(7/9SEA06:45---SIT09:14)
2025-Jul-09 16:00:00
--------------------------------------------------------
N530AS[60]
2025-Jul-07 15:00:00
1169-d0(7/7SFO15:20---SEA17:30)
49-d60(7/7SEA18:55---ANC22:35)
89-d120(7/7ANC23:54---ADQ00:57)
88-d150(7/8ADQ02:19---ANC03:19)
45-d150(7/8ANC04:19---BET05:39)
46-d180(7/8BET06:59---ANC08:18)
302-d0(7/8ANC09:44---PDX13:20)
1101-d30(7/8PDX14:30---LAS16:49)
629-d60(7/8LAS18:14---SEA20:58)
1018-d150(7/8SEA22:01---BOI23:34)
947-d180(7/9BOI01:00---PDX02:21)
1100-d330(7/9PDX03:25---SNA05:57)
1085-d360(7/9SNA07:17---PDX09:39)
197001-d360(7/9PDX10:40---ANC14:24)
2025-Jul-09 16:00:00
--------------------------------------------------------
N531AS[45]
2025-Jul-07 15:00:00
2025-Jul-09 15:45:00
--------------------------------------------------------
N532AS[60]
1109(7/7SEA13:00---SAN15:53)
2025-Jul-07 16:53:00
1071-d120(7/7SAN17:15---SEA20:18)
773-d30(7/7SEA21:40---SNA00:31)
1191-d210(7/8SNA01:32---SEA04:18)
1202-d300(7/8SEA05:35---SNA08:25)
1325-d0(7/8SNA13:45---SEA16:42)
1174-d0(7/8SEA18:22---SNA21:14)
1277-d300(7/8SNA22:21---SEA01:06)
1321-d120(7/9SEA02:08---STS04:09)
1321001-d150(7/9STS05:31---SEA07:37)
1288-d360(7/9SEA08:41---SNA11:30)
2025-Jul-09 16:00:00
--------------------------------------------------------
N535AS[50]
1151(7/7OAK14:00---SEA16:07)
2025-Jul-07 16:57:00
2025-Jul-09 15:50:00
--------------------------------------------------------
N536AS[45]
1(7/7DCA12:00---SEA17:56)
2025-Jul-07 18:41:00
2025-Jul-09 15:45:00
--------------------------------------------------------
N537AS[50]
1124(7/7LAX14:00---PDX16:23)
2025-Jul-07 17:13:00
2025-Jul-09 15:50:00
--------------------------------------------------------
N538AS[55]
2025-Jul-07 15:00:00
2025-Jul-09 15:55:00
--------------------------------------------------------
N546AS[45]
2025-Jul-07 15:00:00
160-d0(7/7ANC17:35---SEA21:09)
908-d210(7/7SEA22:00---PSC23:09)
909-d210(7/8PSC00:00---SEA01:08)
N546AS_SEA-02:35/05:35-d0(7/8SEA02:35---7/8 05:35)
1104-d240(7/8SEA05:50---SNA08:39)
774-d330(7/8SNA09:45---SEA12:35)
1148-d0(7/8SEA14:20---SNA17:15)
1181-d240(7/8SNA18:00---PDX20:30)
863-d240(7/8PDX21:30---GEG22:41)
864-d240(7/8GEG23:36---PDX00:48)
1235-d240(7/9PDX01:34---DEN04:10)
1131-d240(7/9DEN05:06---PDX07:50)
1158-d360(7/9PDX08:48---SNA11:18)
2025-Jul-09 15:45:00
--------------------------------------------------------
N548AS[35]
2025-Jul-07 15:00:00
2025-Jul-09 15:35:00
--------------------------------------------------------
N549AS[50]
2025-Jul-07 15:00:00
231-d0(7/7ANC15:10---ADQ16:11)
232-d0(7/7ADQ17:03---ANC18:01)
43-d0(7/7ANC18:59---BET20:21)
44-d0(7/7BET21:11---ANC22:34)
155-d0(7/7ANC23:32---OME01:09)
155001-d0(7/8OME01:59---ANC03:33)
47-d0(7/8ANC15:15---SEA18:52)
175-d0(7/8SEA19:55---ANC23:27)
177-d0(7/9ANC02:30---ADQ03:30)
2025-Jul-09 15:50:00
--------------------------------------------------------
N551AS[55]
2025-Jul-07 15:00:00
2025-Jul-09 15:55:00
--------------------------------------------------------
N552AS[30]
981(7/7SFO13:00---SEA15:04)
2025-Jul-07 15:34:00
2025-Jul-09 15:30:00
--------------------------------------------------------
N553AS[45]
1298(7/7PDX14:00---SNA16:31)
2025-Jul-07 17:16:00
2025-Jul-09 15:45:00
--------------------------------------------------------
N556AS[45]
1181(7/7SNA14:00---PDX16:30)
2025-Jul-07 17:15:00
2025-Jul-09 15:45:00
--------------------------------------------------------
N557AS[60]
701(7/7LAS13:00---SEA15:45)
2025-Jul-07 16:45:00
2025-Jul-09 16:00:00
--------------------------------------------------------
N560AS[60]
2025-Jul-07 15:00:00
1084-d0(7/7PDX17:30---SNA20:03)
740-d90(7/7SNA21:12---SFO22:40)
1225-d120(7/7SFO23:45---SEA01:54)
67002-d270(7/8SEA03:03---KTN05:10)
67001-d300(7/8KTN06:25---SIT07:20)
67003-d330(7/8SIT08:38---JNU09:22)
67-d360(7/8JNU10:40---ANC12:28)
593-d30(7/8ANC13:35---PDX17:12)
775-d30(7/8PDX18:12---ANC21:56)
181-d0(7/8ANC23:06---DLG00:21)
182001-d30(7/9DLG01:45---ANC02:52)
45-d150(7/9ANC04:19---BET05:39)
46-d180(7/9BET06:59---ANC08:18)
59-d180(7/9ANC09:35---MSP15:00)
2025-Jul-09 16:00:00
--------------------------------------------------------
N562AS[50]
2025-Jul-07 15:00:00
822-d0(7/7KOA18:00---SEA23:54)
1140-d0(7/8SEA00:59---SFO03:15)
929-d360(7/8SFO04:05---PDX05:50)
278-d360(7/8PDX06:40---LAX09:15)
1055-d360(7/8LAX10:15---SEA13:06)
1082-d0(7/8SEA14:00---SFO16:11)
1043-d210(7/8SFO17:30---SEA19:35)
620001-d30(7/8SEA20:43---DEN23:24)
620-d30(7/9DEN00:20---SEA03:20)
1125-d270(7/9SEA04:17---SLC06:20)
719-d270(7/9SLC07:14---SEA09:37)
1230-d360(7/9SEA10:45---SMF12:45)
2025-Jul-09 15:50:00
--------------------------------------------------------
N564AS[45]
1325(7/7SNA13:45---SEA16:42)
2025-Jul-07 17:27:00
2025-Jul-09 15:45:00
--------------------------------------------------------
N565AS[45]
173(7/7SEA13:00---ANC16:40)
2025-Jul-07 17:25:00
2025-Jul-09 15:45:00
--------------------------------------------------------
N568AS[60]
2025-Jul-07 15:00:00
2025-Jul-09 16:00:00
--------------------------------------------------------
N569AS[40]
790(7/7SFO14:00---LIH19:47)
2025-Jul-07 20:27:00
840-d0(7/7LIH20:47---SEA02:32)
1321-d210(7/8SEA03:38---STS05:39)
1321001-d210(7/8STS06:31---SEA08:37)
1050-d360(7/8SEA09:26---SFO11:40)
981-d0(7/8SFO13:00---SEA15:04)
418001-d0(7/8SEA16:13---MCI19:39)
418-d0(7/8MCI20:34---SEA00:32)
357001-d300(7/9SEA01:35---MCI05:01)
357-d300(7/9MCI05:56---SEA09:56)
1152-d360(7/9SEA10:44---OAK13:01)
2025-Jul-09 15:40:00
--------------------------------------------------------
N570AS[60]
2025-Jul-07 15:00:00
2025-Jul-09 16:00:00
--------------------------------------------------------
N577AS[50]
260(7/7BOS12:40---SAN18:50)
2025-Jul-07 19:40:00
2025-Jul-09 15:50:00
--------------------------------------------------------
N579AS[50]
1316(7/7SEA13:00---LAX15:50)
2025-Jul-07 16:40:00
560-d90(7/7LAX17:00---KOA22:40)
561-d30(7/7KOA23:50---LAX05:21)
193-d210(7/8LAX06:15---ANC11:38)
164-d330(7/8ANC12:48---DEN18:05)
745-d300(7/8DEN19:00---SEA22:00)
N579AS_SEA-22:47/01:47-d0(7/8SEA22:47---7/9 01:47)
939-d0(7/9SEA01:55---SAN04:47)
821-d330(7/9SAN05:46---LIH12:02)
2025-Jul-09 15:50:00
--------------------------------------------------------
N581AS[50]
526(7/7PDX14:04---SFO15:53)
2025-Jul-07 16:43:00
2025-Jul-09 15:50:00
--------------------------------------------------------
N586AS[50]
62(7/7ANC14:45---JNU16:28)
2025-Jul-07 17:18:00
62001-d0(7/7JNU17:20---SIT18:05)
62003-d0(7/7SIT18:57---KTN19:58)
62002-d0(7/7KTN20:48---SEA22:47)
1042001-d30(7/7SEA23:47---SBP02:13)
1042-d30(7/8SBP03:05---SEA05:37)
386-d300(7/8SEA06:37---MSP09:59)
387-d0(7/8MSP11:40---SEA15:44)
1256-d0(7/8SEA17:21---PSP20:15)
582-d0(7/8PSP21:10---SEA00:00)
1118-d360(7/9SEA01:00---ONT03:46)
1119-d360(7/9ONT05:00---SEA07:40)
133-d300(7/9SEA08:55---ANC12:34)
2025-Jul-09 15:50:00
--------------------------------------------------------
N587AS[45]
2025-Jul-07 15:00:00
2025-Jul-09 15:45:00
--------------------------------------------------------
N589AS[60]
2025-Jul-07 15:00:00
6-d0(7/7LAX20:31---DCA01:42)
3-d360(7/8DCA03:02---SEA09:00)
1292-d360(7/8SEA10:07---LAX12:59)
504-d0(7/8LAX14:00---SEA16:47)
149-d60(7/8SEA17:50---ANC21:26)
66-d60(7/8ANC22:26---CDV23:21)
66001-d90(7/9CDV00:43---YAK01:43)
66003-d120(7/9YAK03:05---JNU04:03)
67-d30(7/9JNU05:10---ANC06:58)
109-d60(7/9ANC08:26---ORD14:40)
2025-Jul-09 16:00:00
--------------------------------------------------------
N590AS[55]
5(7/7DCA13:59---LAX19:33)
2025-Jul-07 20:28:00
2025-Jul-09 15:55:00
--------------------------------------------------------
N592AS[45]
2025-Jul-07 15:00:00
2025-Jul-09 15:45:00
--------------------------------------------------------
N593AS[50]
393(7/7LAS14:00---PAE16:40)
2025-Jul-07 17:30:00
2025-Jul-09 15:50:00
--------------------------------------------------------
N594AS[55]
1136001(7/7PDX14:00---DEN16:37)
2025-Jul-07 17:32:00
1136-d0(7/7DEN17:33---PDX20:20)
1235-d0(7/7PDX21:34---DEN00:10)
1131-d0(7/8DEN01:06---PDX03:50)
1158-d120(7/8PDX04:48---SNA07:18)
1203-d360(7/8SNA08:14---SEA11:07)
366001-d0(7/8SEA15:02---MKE18:54)
366-d0(7/8MKE19:50---SEA00:16)
839-d0(7/9SEA01:45---LIH07:54)
826-d0(7/9LIH08:54---SAN14:33)
2025-Jul-09 15:55:00
--------------------------------------------------------
N596AS[45]
966(7/7GEG13:00---SEA14:15)
2025-Jul-07 15:00:00
2025-Jul-09 15:45:00
--------------------------------------------------------
N597AS[55]
2025-Jul-07 15:00:00
2025-Jul-09 15:55:00
--------------------------------------------------------
N607AS[40]
186(7/7JNU13:00---SEA15:28)
2025-Jul-07 16:08:00
72-d0(7/7SEA16:55---JNU19:26)
60-d300(7/7JNU20:14---KTN21:15)
65001-d330(7/7KTN22:19---WRG22:58)
65004-d330(7/7WRG23:43---PSG00:14)
65002-d330(7/8PSG00:59---JNU01:49)
64001-d330(7/8JNU02:51---PSG03:37)
64003-d330(7/8PSG04:22---WRG04:55)
64004-d330(7/8WRG05:40---KTN06:25)
64002-d330(7/8KTN07:10---SEA09:05)
736-d330(7/8SEA10:10---RNO12:05)
931-d0(7/8RNO14:00---SEA15:56)
65003-d180(7/8SEA17:00---KTN19:04)
65001-d180(7/8KTN19:49---WRG20:28)
65004-d180(7/8WRG21:13---PSG21:44)
65002-d180(7/8PSG22:29---JNU23:19)
157-d0(7/9JNU00:02---GST00:41)
77-d0(7/9GST01:35---JNU02:14)
65-d360(7/9JNU03:07---ANC04:53)
151001-d360(7/9ANC05:40---AKN06:49)
151-d330(7/9AKN07:29---ANC08:40)
70-d360(7/9ANC09:45---JNU11:27)
70001-d360(7/9JNU12:15---SIT12:59)
2025-Jul-09 15:40:00
--------------------------------------------------------
N609AS[40]
931(7/7RNO14:00---SEA15:56)
2025-Jul-07 16:36:00
2025-Jul-09 15:40:00
--------------------------------------------------------
N611AS[40]
55(7/7ANC13:45---SCC15:30)
2025-Jul-07 16:10:00
2025-Jul-09 15:40:00
--------------------------------------------------------
N612AS[50]
2025-Jul-07 15:00:00
64-d0(7/7ANC18:50---JNU20:33)
74-d90(7/7JNU21:52---SEA00:15)
95-d270(7/8SEA01:10---JNU03:42)
157-d270(7/8JNU04:32---GST05:11)
77-d270(7/8GST06:05---JNU06:44)
60-d0(7/8JNU15:14---KTN16:15)
60001-d30(7/8KTN17:30---SEA19:33)
1328-d120(7/8SEA20:31---OAK22:44)
1247-d120(7/8OAK23:38---SEA01:38)
1146-d150(7/9SEA02:29---SAN05:19)
1110-d150(7/9SAN06:15---SEA09:21)
736-d360(7/9SEA10:40---RNO12:35)
2025-Jul-09 15:50:00
--------------------------------------------------------
N613AS[40]
148(7/7ANC08:29---SEA12:00)
65003(7/7SEA14:00---KTN16:04)
2025-Jul-07 16:44:00
2025-Jul-09 15:40:00
--------------------------------------------------------
N615AS[45]
2025-Jul-07 15:00:00
2025-Jul-09 15:45:00
--------------------------------------------------------
N618AS[50]
593(7/7ANC13:05---PDX16:42)
2025-Jul-07 17:32:00
775-d0(7/7PDX17:42---ANC21:26)
201-d0(7/7ANC23:15---JNU00:58)
84-d0(7/8JNU01:55---ANC03:43)
86-d300(7/8ANC04:45---SCC06:31)
87-d330(7/8SCC07:45---ANC09:30)
82-d0(7/8ANC14:00---SEA17:31)
72-d90(7/8SEA18:25---JNU20:56)
64001-d30(7/8JNU21:51---PSG22:37)
64003-d60(7/8PSG23:52---WRG00:25)
64004-d90(7/9WRG01:40---KTN02:25)
64002-d120(7/9KTN03:40---SEA05:35)
97-d360(7/9SEA06:40---FAI10:25)
192-d360(7/9FAI11:25---ANC12:32)
2025-Jul-09 15:50:00
--------------------------------------------------------
N619AS[40]
61002(7/7SEA14:00---JNU16:29)
2025-Jul-07 17:09:00
2025-Jul-09 15:40:00
--------------------------------------------------------
N622AS[45]
73001(7/7SIT14:00---JNU14:44)
2025-Jul-07 15:29:00
73-d0(7/7JNU15:34---ANC17:24)
108-d0(7/7ANC18:22---FAI19:27)
140-d0(7/7FAI20:17---SEA00:00)
720-d60(7/8SEA00:46---FAT02:58)
721-d90(7/8FAT04:10---SEA06:37)
69001-d360(7/8SEA07:35---KTN09:44)
69-d360(7/8KTN10:29---JNU11:30)
186-d0(7/8JNU13:00---SEA15:28)
61002-d150(7/8SEA16:30---JNU18:59)
61001-d150(7/8JNU19:49---YAK20:48)
61003-d150(7/8YAK21:38---CDV22:39)
61-d150(7/8CDV23:29---ANC00:30)
89-d210(7/9ANC01:24---ADQ02:27)
88-d210(7/9ADQ03:19---ANC04:19)
86-d330(7/9ANC05:15---SCC07:01)
87-d360(7/9SCC08:15---ANC10:00)
2025-Jul-09 15:45:00
--------------------------------------------------------
N703AL[40]
2025-Jul-07 15:00:00
2025-Jul-09 15:40:00
--------------------------------------------------------
N705AL[50]
618(7/7ABQ14:00---SEA17:15)
2025-Jul-07 18:05:00
2025-Jul-09 15:50:00
--------------------------------------------------------
N706AL[55]
2025-Jul-07 15:00:00
2025-Jul-09 15:55:00
--------------------------------------------------------
N707AL[55]
2025-Jul-07 15:00:00
2025-Jul-09 15:55:00
--------------------------------------------------------
N708AL[60]
373(7/7EWR13:00---SFO19:13)
2025-Jul-07 20:13:00
2025-Jul-09 16:00:00
--------------------------------------------------------
N709AL[55]
2025-Jul-07 15:00:00
2025-Jul-09 15:55:00
--------------------------------------------------------
N710AL[50]
341(7/7PIT12:03---SEA17:28)
2025-Jul-07 18:18:00
2025-Jul-09 15:50:00
--------------------------------------------------------
N712AL[50]
563(7/7MCI11:45---SEA15:47)
2025-Jul-07 16:37:00
2025-Jul-09 15:50:00
--------------------------------------------------------
N713AL[60]
249(7/7SFO14:20---BOS20:01)
2025-Jul-07 21:01:00
2025-Jul-09 16:00:00
--------------------------------------------------------
N716AL[55]
368(7/7SFO14:00---MCO19:34)
2025-Jul-07 20:29:00
419-d0(7/7MCO20:39---SEA02:50)
962-d300(7/8SEA04:03---GEG05:13)
964-d330(7/8GEG06:37---SEA07:51)
1224-d360(7/8SEA08:55---LAX11:46)
1124-d0(7/8LAX14:00---PDX16:23)
1143-d0(7/8PDX17:30---LAX20:00)
798-d270(7/8LAX21:20---SEA00:05)
106001-d360(7/9SEA01:00---FAI04:53)
106-d360(7/9FAI05:53---SEA09:35)
1040-d360(7/9SEA10:30---ONT13:15)
2025-Jul-09 15:55:00
--------------------------------------------------------
N719AL[60]
458(7/7IAD12:10---SFO17:55)
2025-Jul-07 18:55:00
2025-Jul-09 16:00:00
--------------------------------------------------------
N720AL[60]
917(7/7MCO14:00---SEA20:10)
2025-Jul-07 21:10:00
2025-Jul-09 16:00:00
--------------------------------------------------------
N722AL[30]
2025-Jul-07 15:00:00
2025-Jul-09 15:30:00
--------------------------------------------------------
N723AL[60]
1021(7/7MCO11:00---SAN16:04)
2025-Jul-07 17:04:00
2025-Jul-09 16:00:00
--------------------------------------------------------
N724AL[30]
377(7/7ATL10:30---SEA15:57)
2025-Jul-07 16:27:00
1133-d0(7/7SEA17:03---SMF19:03)
1281-d0(7/7SMF19:57---SEA21:54)
1030-d0(7/7SEA22:48---BZN00:31)
905-d270(7/8BZN01:30---SEA03:29)
509-d360(7/8SEA04:15---SLC06:18)
510-d360(7/8SLC07:12---SEA09:30)
1040-d330(7/8SEA10:00---ONT12:45)
1091-d30(7/8ONT13:30---SEA16:12)
101-d0(7/8SEA16:53---KTN18:58)
102-d0(7/8KTN19:52---SEA21:54)
92-d60(7/8SEA22:33---KTN00:41)
94-d60(7/9KTN01:35---SEA03:35)
225-d240(7/9SEA04:15---ANC07:54)
164-d90(7/9ANC08:48---DEN14:05)
2025-Jul-09 15:30:00
--------------------------------------------------------
N725AL[55]
2025-Jul-07 15:00:00
2025-Jul-09 15:55:00
--------------------------------------------------------
N729AL[55]
428(7/7CVG12:40---SEA17:39)
2025-Jul-07 18:34:00
2025-Jul-09 15:55:00
--------------------------------------------------------
N731AL[45]
111(7/7ORD05:59---ANC12:37)
82(7/7ANC14:00---SEA17:31)
2025-Jul-07 18:16:00
2025-Jul-09 15:45:00
--------------------------------------------------------
N732AL[60]
2025-Jul-07 15:00:00
1242-d0(7/7ONT21:21---SEA23:58)
697001-d330(7/8SEA01:22---MSO02:47)
697-d360(7/8MSO04:13---SEA05:51)
730-d360(7/8SEA06:59---LAS09:38)
570-d330(7/8LAS10:51---SFO12:29)
718-d0(7/8SFO15:50---LAS17:32)
1467-d30(7/8LAS18:57---PDX21:18)
1160-d30(7/8PDX22:20---LAX00:45)
1315-d300(7/9LAX02:05---PDX04:25)
278-d300(7/9PDX05:40---LAX08:15)
282-d300(7/9LAX09:26---EWR14:59)
2025-Jul-09 16:00:00
--------------------------------------------------------
N733AL[30]
308(7/7BOS11:30---SFO18:07)
2025-Jul-07 18:37:00
2025-Jul-09 15:30:00
--------------------------------------------------------
N734AL[60]
548(7/7CLE11:00---SEA16:09)
2025-Jul-07 17:09:00
2025-Jul-09 16:00:00
--------------------------------------------------------
N738AL[45]
1043(7/7SFO14:00---SEA16:05)
2025-Jul-07 16:50:00
2025-Jul-09 15:45:00
--------------------------------------------------------
N801AK[50]
2025-Jul-07 15:00:00
622-d0(7/8ANC04:20---JFK11:33)
623-d0(7/8JFK13:45---ANC21:26)
226-d0(7/8ANC22:20---SEA01:50)
136-d0(7/9SEA02:55---ANC06:38)
2025-Jul-09 15:50:00
--------------------------------------------------------
N803AK[50]
623(7/7JFK13:45---ANC21:26)
2025-Jul-07 22:16:00
51-d0(7/7ANC22:26---BRW00:25)
50-d0(7/8BRW01:15---ANC03:05)
137-d0(7/8ANC16:55---OTZ18:32)
137001-d0(7/8OTZ19:24---ANC20:54)
51-d0(7/8ANC22:26---BRW00:25)
50-d0(7/9BRW01:15---ANC03:05)
622-d0(7/9ANC04:20---JFK11:33)
2025-Jul-09 15:50:00
--------------------------------------------------------
N804AK[50]
2025-Jul-07 15:00:00
4-d0(7/7SEA15:34---DCA20:43)
9-d0(7/7DCA21:43---PDX03:31)
1162-d0(7/8PDX04:30---SAN07:05)
1154-d0(7/8SAN14:15---SEA17:22)
154001-d0(7/8SEA18:32---RDM19:44)
154-d0(7/8RDM20:38---SEA21:58)
1138-d0(7/8SEA23:04---SBA01:40)
1139-d0(7/9SBA02:30---SEA05:07)
2025-Jul-09 15:50:00
--------------------------------------------------------
N805AK[60]
2025-Jul-07 15:00:00
1179-d0(7/7LAX15:00---SEA17:53)
1144-d0(7/7SEA19:00---LAX21:54)
1179-d0(7/8LAX15:00---SEA17:53)
843-d0(7/8SEA19:05---KOA01:19)
880-d0(7/9KOA07:30---SEA13:19)
2025-Jul-09 16:00:00
--------------------------------------------------------
N806AK[55]
511(7/7PHX14:00---PDX16:43)
2025-Jul-07 17:38:00
757-d0(7/7PDX17:50---LAS20:09)
676-d0(7/7LAS21:04---SEA23:50)
1048-d0(7/8SEA01:09---LAX04:00)
578-d0(7/8LAX16:05---PDX18:31)
330-d0(7/8PDX19:31---LAX21:59)
2025-Jul-09 15:55:00
--------------------------------------------------------
N809AK[60]
491(7/7SEA13:00---DFW17:00)
2025-Jul-07 18:00:00
543-d0(7/7DFW18:00---SEA22:17)
91-d0(7/8SEA04:15---SIT06:44)
90-d0(7/8SIT15:15---SEA17:39)
1144-d0(7/8SEA19:00---LAX21:54)
1167-d0(7/8LAX23:05---PDX01:26)
579-d0(7/9PDX02:35---LAX05:05)
2025-Jul-09 16:00:00
--------------------------------------------------------
N812AK[30]
110(7/7ANC08:55---SEA12:26)
1082(7/7SEA14:00---SFO16:11)
2025-Jul-07 16:41:00
739-d0(7/7SFO18:00---SNA19:40)
1061-d0(7/7SNA20:30---SEA23:15)
1125-d0(7/7SEA23:47---SLC01:50)
719-d0(7/8SLC02:44---SEA05:07)
807-d0(7/8SEA17:31---KOA23:40)
788-d0(7/9KOA00:40---SFO06:00)
2025-Jul-09 15:30:00
--------------------------------------------------------
N813AK[40]
912(7/7SFO14:20---SAN16:02)
2025-Jul-07 16:42:00
1259-d0(7/7SAN17:00---SEA20:00)
2-d0(7/7SEA20:58---DCA01:59)
1-d0(7/8DCA12:00---SEA17:56)
900-d0(7/8SEA18:40---RNO20:38)
601-d0(7/8RNO21:32---SEA23:29)
1202-d0(7/9SEA00:35---SNA03:25)
774-d0(7/9SNA04:15---SEA07:05)
2025-Jul-09 15:40:00
--------------------------------------------------------
N903AK[60]
2025-Jul-07 15:00:00
2025-Jul-09 16:00:00
--------------------------------------------------------
N912AK[60]
284(7/7LAX14:00---EWR19:34)
2025-Jul-07 20:34:00
297-d0(7/7EWR20:34---SAN02:26)
1199-d90(7/8SAN03:35---SEA06:37)
1034-d270(7/8SEA07:44---BOI09:16)
737-d0(7/8BOI12:25---SEA14:05)
173-d150(7/8SEA15:30---ANC19:10)
57-d270(7/8ANC20:30---FAI21:35)
234-d270(7/8FAI22:35---SEA02:13)
1168-d60(7/9SEA03:25---BUR05:59)
1107-d360(7/9BUR07:04---PDX09:21)
1057-d270(7/9PDX10:22---DFW14:10)
2025-Jul-09 16:00:00
--------------------------------------------------------
N913AK[50]
1101(7/7PDX14:00---LAS16:19)
2025-Jul-07 17:09:00
2025-Jul-09 15:50:00
--------------------------------------------------------
N915AK[60]
1239(7/7PDX14:00---PHX16:46)
2025-Jul-07 17:46:00
2025-Jul-09 16:00:00
--------------------------------------------------------
N917AK[30]
2025-Jul-07 15:00:00
2025-Jul-09 15:30:00
--------------------------------------------------------
N918AK[60]
2025-Jul-07 15:00:00
2025-Jul-09 16:00:00
--------------------------------------------------------
N919AK[30]
248(7/7ANC14:30---SEA18:08)
2025-Jul-07 18:38:00
2025-Jul-09 15:30:00
--------------------------------------------------------
N920AK[45]
1091(7/7ONT13:00---SEA15:42)
2025-Jul-07 16:27:00
2025-Jul-09 15:45:00
--------------------------------------------------------
N921AK[30]
745(7/7DEN14:00---SEA17:00)
2025-Jul-07 17:30:00
2025-Jul-09 15:30:00
--------------------------------------------------------
N924AK[45]
85(7/7SEA14:00---ANC17:35)
2025-Jul-07 18:20:00
104-d0(7/7ANC18:35---SEA22:04)
1096-d270(7/7SEA23:11---SAN02:08)
1005-d0(7/8SAN02:57---SFO04:37)
455-d0(7/8SFO05:43---IAD10:50)
458-d0(7/8IAD12:10---SFO17:55)
1169-d210(7/8SFO18:50---SEA21:00)
71-d210(7/8SEA22:13---JNU00:49)
176-d210(7/9JNU01:45---SEA04:12)
1318001-d180(7/9SEA04:59---SFO07:12)
525-d360(7/9SFO08:05---PDX09:50)
2025-Jul-09 15:45:00
--------------------------------------------------------
N926AK[60]
351(7/7IAD10:30---SEA16:17)
2025-Jul-07 17:17:00
2025-Jul-09 16:00:00
--------------------------------------------------------
N928AK[40]
499(7/7PDX13:05---SEA14:09)
2025-Jul-07 15:00:00
2025-Jul-09 15:40:00
--------------------------------------------------------
N929AK[60]
504(7/7LAX14:00---SEA16:47)
2025-Jul-07 17:47:00
2025-Jul-09 16:00:00
--------------------------------------------------------
N931AK[30]
2025-Jul-07 15:00:00
2025-Jul-09 15:30:00
--------------------------------------------------------
N932AK[60]
2025-Jul-07 15:00:00
390-d0(7/7SAN15:40---BOS21:27)
819-d0(7/7BOS22:32---SEA05:02)
97-d330(7/8SEA06:10---FAI09:55)
192-d330(7/8FAI10:55---ANC12:02)
188-d30(7/8ANC13:30---SEA17:00)
1007-d90(7/8SEA18:24---PHX21:25)
1006-d90(7/8PHX22:25---SEA01:30)
1198-d330(7/9SEA02:35---SAN05:25)
1199-d270(7/9SAN06:35---SEA09:37)
112-d240(7/9SEA10:50---FAI14:36)
2025-Jul-09 16:00:00
--------------------------------------------------------
N933AK[55]
2025-Jul-07 15:00:00
227-d0(7/7JFK15:30---SFO21:48)
1075-d270(7/7SFO22:55---SEA01:07)
1318-d0(7/8SEA02:13---SFO04:22)
269-d300(7/8SFO05:22---ANC10:15)
150-d180(7/8ANC11:34---LAX16:55)
1240-d0(7/8LAX18:02---PDX20:25)
946-d0(7/8PDX21:30---BOI22:48)
1019-d0(7/8BOI23:43---SEA01:20)
478-d30(7/9SEA02:20---LAS04:56)
599-d330(7/9LAS06:15---SEA09:00)
367-d210(7/9SEA10:00---IAD14:57)
2025-Jul-09 15:55:00
--------------------------------------------------------
N934AK[60]
1076(7/7PDX14:00---LAX16:39)
2025-Jul-07 17:39:00
2025-Jul-09 16:00:00
--------------------------------------------------------
N935AK[55]
156(7/7FAI10:09---SEA13:44)
2025-Jul-07 15:00:00
682001-d0(7/7SEA15:06---DEN17:53)
682-d0(7/7DEN18:49---SEA21:48)
1052001-d0(7/7SEA22:48---BUR01:24)
1052-d30(7/8BUR02:48---SEA05:37)
1192-d180(7/8SEA06:37---SJC08:49)
1201-d300(7/8SJC09:46---SEA11:59)
491-d0(7/8SEA13:00---DFW17:00)
543-d0(7/8DFW18:00---SEA22:17)
410-d150(7/8SEA23:15---ORD03:12)
409-d150(7/9ORD04:12---SEA08:54)
464-d180(7/9SEA09:59---ATL14:49)
2025-Jul-09 15:55:00
--------------------------------------------------------
N936AK[60]
1193(7/7SJC14:03---SEA16:15)
2025-Jul-07 17:15:00
2025-Jul-09 16:00:00
--------------------------------------------------------
N938AK[45]
573(7/7DFW11:00---SEA15:17)
2025-Jul-07 16:02:00
2025-Jul-09 15:45:00
--------------------------------------------------------
N941AK[60]
1154(7/7SAN14:15---SEA17:22)
2025-Jul-07 18:22:00
2025-Jul-09 16:00:00
--------------------------------------------------------
N942AK[60]
2025-Jul-07 15:00:00
2025-Jul-09 16:00:00
--------------------------------------------------------
N947AK[30]
1217(7/7SMF13:15---SEA15:15)
2025-Jul-07 15:45:00
1080-d0(7/7SEA16:55---SJC19:10)
1081-d0(7/7SJC20:04---SEA22:12)
904-d270(7/7SEA22:53---BZN00:36)
1031-d0(7/8BZN01:25---SEA03:35)
636-d0(7/8SEA04:18---LAS07:01)
779-d360(7/8LAS07:31---PDX09:50)
1057-d270(7/8PDX10:22---DFW14:10)
573-d240(7/8DFW15:00---SEA19:17)
1114-d60(7/8SEA20:09---SJC22:29)
1314-d240(7/8SJC23:02---SEA01:10)
549-d300(7/9SEA01:40---DFW05:36)
550-d270(7/9DFW06:06---SEA10:29)
115-d360(7/9SEA10:59---FAI14:49)
2025-Jul-09 15:30:00
--------------------------------------------------------
N948AK[60]
2025-Jul-07 15:00:00
2025-Jul-09 16:00:00
--------------------------------------------------------
N949AK[60]
2025-Jul-07 15:00:00
2025-Jul-09 16:00:00
--------------------------------------------------------
N952AK[50]
381(7/7DTW11:00---SEA15:57)
2025-Jul-07 16:47:00
2025-Jul-09 15:50:00
--------------------------------------------------------
N953AK[60]
68(7/7MSP13:20---ANC19:20)
2025-Jul-07 20:20:00
2025-Jul-09 16:00:00
--------------------------------------------------------
N954AK[50]
1226(7/7SEA14:00---SJC16:08)
2025-Jul-07 16:58:00
1311-d0(7/7SJC17:03---SEA19:14)
N954AK_SEA-19:14/22:14-d0(7/7SEA19:14---7/7 22:14)
934001-d240(7/7SEA22:20---EUG23:36)
934-d240(7/8EUG00:30---SEA01:48)
960-d120(7/8SEA02:43---GEG03:50)
1280-d180(7/8GEG04:49---LAX07:35)
1215-d360(7/8LAX08:25---SEA11:17)
328-d330(7/8SEA12:10---ORD16:10)
329-d120(7/8ORD17:00---SEA21:34)
49-d270(7/8SEA22:25---ANC02:05)
201-d240(7/9ANC03:15---JNU04:58)
84-d240(7/9JNU05:55---ANC07:43)
138-d210(7/9ANC08:38---ORD14:54)
2025-Jul-09 15:50:00
--------------------------------------------------------
N955AK[55]
2025-Jul-07 15:00:00
2025-Jul-09 15:55:00
--------------------------------------------------------
N956AK[60]
1265(7/7SAN13:15---SEA16:16)
2025-Jul-07 17:16:00
2025-Jul-09 16:00:00
--------------------------------------------------------
N958AK[30]
361(7/7OMA11:05---SEA14:47)
2025-Jul-07 15:17:00
2025-Jul-09 15:30:00
--------------------------------------------------------
N960AK[30]
387(7/7MSP11:40---SEA15:44)
2025-Jul-07 16:14:00
2025-Jul-09 15:30:00
--------------------------------------------------------
N961AK[30]
336(7/7BOS10:00---PDX16:17)
2025-Jul-07 16:47:00
1143-d0(7/7PDX17:30---LAX20:00)
1240-d150(7/7LAX20:32---PDX22:55)
1287-d120(7/7PDX23:50---BUR02:09)
1107-d120(7/8BUR03:04---PDX05:21)
1122-d330(7/8PDX06:00---SAN08:33)
729-d330(7/8SAN09:07---PDX11:44)
1074-d0(7/8PDX14:25---SAN17:00)
1265-d270(7/8SAN17:45---SEA20:46)
352-d120(7/8SEA21:18---AUS01:30)
513-d30(7/9AUS02:15---SFO05:59)
1327-d240(7/9SFO06:49---SEA09:05)
427-d180(7/9SEA09:49---CVG14:07)
2025-Jul-09 15:30:00
--------------------------------------------------------
N962AK[60]
2025-Jul-07 15:00:00
2025-Jul-09 16:00:00
--------------------------------------------------------
N963AK[60]
831(7/7PDX14:00---OGG19:55)
2025-Jul-07 20:55:00
898-d0(7/7OGG20:55---PDX02:19)
N963AK_PDX-02:19/05:19-d0(7/8PDX02:19---7/8 05:19)
579-d180(7/8PDX05:35---LAX08:05)
282-d300(7/8LAX09:26---EWR14:59)
373-d180(7/8EWR16:00---SFO22:13)
534-d150(7/8SFO23:29---AUS03:15)
339-d240(7/9AUS04:30---SEA09:07)
340-d240(7/9SEA10:10---PIT14:43)
2025-Jul-09 16:00:00
--------------------------------------------------------
N964AK[60]
797(7/7SEA14:00---LAX16:50)
2025-Jul-07 17:50:00
2025-Jul-09 16:00:00
--------------------------------------------------------
N966AK[60]
30(7/7SFO13:18---JFK19:00)
2025-Jul-07 20:00:00
2025-Jul-09 16:00:00
--------------------------------------------------------
N967AK[60]
303(7/7DFW12:25---PDX16:28)
2025-Jul-07 17:28:00
2025-Jul-09 16:00:00
--------------------------------------------------------
N968AK[50]
737(7/7BOI12:25---SEA14:05)
2025-Jul-07 15:00:00
2025-Jul-09 15:50:00
--------------------------------------------------------
N969AK[55]
24(7/7SAN14:00---JFK19:39)
2025-Jul-07 20:34:00
2025-Jul-09 15:55:00
--------------------------------------------------------
N972AK[30]
399(7/7IAH14:00---SEA18:45)
2025-Jul-07 19:15:00
2025-Jul-09 15:30:00
--------------------------------------------------------
N973AK[30]
595(7/7AUS12:15---SEA16:40)
2025-Jul-07 17:10:00
505-d0(7/7SEA17:17---LAX20:10)
1315-d0(7/7LAX21:05---PDX23:25)
836-d150(7/8PDX00:00---SFO01:52)
571-d240(7/8SFO02:48---LAS04:31)
403-d150(7/8LAS05:15---SEA08:07)
642-d330(7/8SEA08:47---DEN11:29)
643-d0(7/8DEN12:00---SEA15:01)
388-d0(7/8SEA15:32---STL19:26)
388001-d0(7/8STL20:24---SEA00:50)
386-d0(7/9SEA01:37---MSP04:59)
229-d300(7/9MSP05:49---SEA09:45)
490-d240(7/9SEA10:16---MSY14:50)
2025-Jul-09 15:30:00
--------------------------------------------------------
N974AK[30]
298(7/7SEA13:41---EWR19:00)
2025-Jul-07 19:30:00
2025-Jul-09 15:30:00
--------------------------------------------------------
N975AK[60]
299(7/7EWR11:19---SEA17:31)
2025-Jul-07 18:31:00
N975AK_SEA-17:31/21:31-d0(7/7SEA17:31---7/7 21:31)
1300-d30(7/7SEA21:40---LAX00:28)
1093-d30(7/8LAX01:45---SEA04:30)
1264-d90(7/8SEA05:33---SAN08:29)
1067-d330(7/8SAN09:29---GEG12:14)
1130-d0(7/8GEG14:00---SAN16:47)
1073-d0(7/8SAN17:50---PDX20:28)
1296-d240(7/8PDX21:40---SAN00:15)
735-d30(7/9SAN01:21---SEA04:20)
980-d60(7/9SEA05:40---SFO07:59)
374-d240(7/9SFO09:19---EWR14:54)
2025-Jul-09 16:00:00
--------------------------------------------------------
N976AK[40]
1228(7/7AUS14:45---SEA19:12)
2025-Jul-07 19:52:00
2025-Jul-09 15:40:00
--------------------------------------------------------
N977AK[55]
451(7/7MSY12:10---SEA17:16)
2025-Jul-07 18:11:00
2025-Jul-09 15:55:00
--------------------------------------------------------
N978AK[60]
784(7/7PDX14:00---ATL18:46)
2025-Jul-07 19:46:00
2025-Jul-09 16:00:00
--------------------------------------------------------
N982AK[55]
433(7/7TPA13:00---SAN17:50)
2025-Jul-07 18:45:00
2025-Jul-09 15:55:00
--------------------------------------------------------
N983AK[50]
495(7/7SAT12:00---SEA16:24)
2025-Jul-07 17:14:00
1328-d0(7/7SEA18:31---OAK20:44)
1247-d0(7/7OAK21:38---SEA23:38)
688-d30(7/8SEA00:29---LAS03:04)
749-d0(7/8LAS04:19---SEA07:06)
N983AK_SEA-07:06/11:06-d0(7/8SEA07:06---7/8 11:06)
144-d270(7/8SEA11:29---ANC15:09)
248-d90(7/8ANC16:00---SEA19:38)
700-d0(7/8SEA20:35---PHX23:29)
975-d120(7/9PHX00:47---SEA03:52)
1156-d120(7/9SEA04:59---SAN08:00)
729-d330(7/9SAN09:07---PDX11:44)
2025-Jul-09 15:50:00
--------------------------------------------------------
N984AK[35]
395(7/7MCO11:20---SEA17:30)
2025-Jul-07 18:05:00
2025-Jul-09 15:35:00
--------------------------------------------------------
N985AK[60]
2025-Jul-07 15:00:00
2025-Jul-09 16:00:00
--------------------------------------------------------
N990AK[60]
2025-Jul-07 15:00:00
578-d0(7/7LAX16:05---PDX18:31)
1016-d0(7/7PDX20:25---SEA21:25)
131-d30(7/7SEA22:28---ANC02:00)
143-d90(7/8ANC03:00---SEA06:37)
338-d360(7/8SEA07:48---OMA10:59)
361-d60(7/8OMA12:05---SEA15:47)
738-d0(7/8SEA17:40---LAS20:19)
613-d360(7/8LAS21:30---SFO23:10)
835-d330(7/9SFO00:33---PDX02:20)
1287-d330(7/9PDX03:20---BUR05:39)
1052-d270(7/9BUR06:48---SEA09:37)
1039-d360(7/9SEA10:45---GEG11:58)
2025-Jul-09 16:00:00
--------------------------------------------------------
N407AS[60]
2025-Jul-07 15:00:00
2025-Jul-09 16:00:00
--------------------------------------------------------
N428AS[60]
2025-Jul-07 15:00:00
2025-Jul-09 16:00:00
--------------------------------------------------------
N468AS[45]
2025-Jul-07 15:00:00
2025-Jul-09 15:45:00
--------------------------------------------------------
N479AS[60]
2025-Jul-07 15:00:00
2025-Jul-09 16:00:00
--------------------------------------------------------
N563AS[45]
2025-Jul-07 15:00:00
2025-Jul-09 15:45:00
--------------------------------------------------------
N566AS[60]
2025-Jul-07 15:00:00
2025-Jul-09 16:00:00
--------------------------------------------------------
N588AS[60]
2025-Jul-07 15:00:00
2025-Jul-09 16:00:00
--------------------------------------------------------
N614AS[50]
2025-Jul-07 15:00:00
1051-d0(7/7SEA16:50---BUR19:26)
1038-d0(7/7BUR20:20---SEA22:59)
1146-d0(7/7SEA23:59---SAN02:49)
1294-d150(7/8SAN03:48---PDX06:20)
197-d150(7/8PDX07:20---ANC11:04)
55-d0(7/8ANC13:45---SCC15:30)
55001-d30(7/8SCC16:44---ANC18:28)
231-d270(7/8ANC19:40---ADQ20:41)
232-d270(7/8ADQ21:33---ANC22:31)
43-d270(7/8ANC23:29---BET00:51)
44-d270(7/9BET01:41---ANC03:04)
155-d270(7/9ANC04:02---OME05:39)
155001-d270(7/9OME06:29---ANC08:03)
2025-Jul-09 15:50:00
--------------------------------------------------------
N946AK[55]
2025-Jul-07 15:00:00
2025-Jul-09 15:55:00
--------------------------------------------------------
N971AK[55]
2025-Jul-07 15:00:00
2025-Jul-09 15:55:00
--------------------------------------------------------
N979AK[55]
2025-Jul-07 15:00:00
1166-d0(7/7SEA15:10---SFO17:29)
1113-d150(7/7SFO18:45---SEA21:00)
1114-d180(7/7SEA22:09---SJC00:29)
1175-d180(7/8SJC01:24---SEA03:34)
445-d330(7/8SEA04:38---RNO06:29)
523-d360(7/8RNO07:47---SEA09:42)
1152-d360(7/8SEA10:44---OAK13:01)
1151-d0(7/8OAK14:00---SEA16:07)
480001-d0(7/8SEA17:25---MSP20:46)
480-d0(7/8MSP21:50---SEA01:49)
1468-d150(7/9SEA02:45---LAX05:30)
1093-d330(7/9LAX06:45---SEA09:30)
452-d210(7/9SEA10:29---IAH14:50)
2025-Jul-09 15:55:00
--------------------------------------------------------
================== Unassigned Flights ==================
1410(7/7SFO15:00---PDX16:45)
1306(7/7SEA15:00---LAX17:49)
10(7/7PDX15:00---DCA20:02)
196(7/7ADQ15:00---ANC15:57)
1149(7/7SNA15:02---SEA17:56)
366001(7/7SEA15:02---MKE18:54)
890(7/7SEA15:03---ORD19:13)
555001(7/7SEA15:05---MSP18:29)
26(7/7SEA15:05---JFK20:29)
916(7/7SEA15:08---MCO20:50)
825(7/7SEA15:09---OGG21:20)
233(7/7SAN15:10---EWR20:43)
1255(7/7SMF15:13---SEA17:15)
47(7/7ANC15:15---SEA18:52)
414(7/7SEA15:17---DFW19:19)
165(7/7DEN15:20---ANC20:54)
214(7/7LAX15:20---IAD20:25)
306(7/7SEA15:21---BOS20:45)
305001(7/7SEA15:25---MIA21:20)
313001(7/7SEA15:30---DTW19:50)
613(7/7LAS15:30---SFO17:10)
388(7/7SEA15:32---STL19:26)
402(7/7SEA15:47---CHS21:00)
718(7/7SFO15:50---LAS17:32)
572001(7/7SEA15:55---RDU21:01)
1190(7/7SEA16:00---SNA18:49)
294(7/7PDX16:00---EWR21:21)
270(7/7ONT16:00---HNL21:55)
320(7/7SAN16:00---MCO21:13)
502(7/7SEA16:03---AUS20:11)
113(7/7SFO16:05---JFK21:47)
312001(7/7SEA16:06---OMA19:17)
418001(7/7SEA16:13---MCI19:39)
55001(7/7SCC16:14---ANC17:58)
406001(7/7SEA16:15---IAD21:13)
899(7/7SAN16:19---KOA22:20)
568(7/7SEA16:19---MSY20:53)
727(7/7SEA16:22---ATL21:11)
326(7/7SEA16:24---TPA21:50)
442(7/7SEA16:42---PHL21:47)
8(7/7SFO16:45---DCA21:58)
798(7/7LAX16:50---SEA19:35)
426(7/7SEA16:50---DFW20:48)
1007(7/7SEA16:54---PHX19:55)
137(7/7ANC16:55---OTZ18:32)
48(7/7ANC17:00---SEA20:33)
60001(7/7KTN17:00---SEA19:03)
875(7/7SEA17:00---LIH23:15)
731(7/7PHX17:00---PAE20:03)
378(7/7SEA17:03---BWI22:10)
198(7/7ANC17:05---PDX20:44)
477(7/7SEA17:10---EWR22:29)
450001(7/7SEA17:10---CMH21:32)
796(7/7SLC17:12---SEA19:28)
508001(7/7SEA17:12---CVG21:37)
629(7/7LAS17:14---SEA19:58)
61001(7/7JNU17:19---YAK18:18)
535001(7/7SEA17:20---DEN20:07)
522001(7/7SEA17:20---BNA21:44)
1277(7/7SNA17:21---SEA20:06)
887(7/7SEA17:22---HNL23:33)
480001(7/7SEA17:25---MSP20:46)
829(7/7SAN17:29---OGG23:34)
863(7/7PDX17:30---GEG18:41)
1161(7/7PDX17:30---PHX20:16)
128(7/7PDX17:30---SFO19:24)
807(7/7SEA17:31---KOA23:40)
300(7/7PDX17:35---MCO23:12)
216001(7/7SEA17:37---CLE22:01)
385(7/7PAE17:40---PHX20:43)
500001(7/7SEA17:42---IND21:48)
637(7/7PHX17:46---SEA20:53)
1278(7/7SEA17:47---ONT20:26)
429(7/7SEA17:50---ORD21:57)
725(7/7PDX17:55---AUS21:56)
818(7/7SEA17:58---BOS23:19)
824(7/7HNL18:00---SEA23:50)
862(7/7OGG18:00---SEA23:38)
412001(7/7SEA18:06---PIT22:42)
434(7/7SFO18:10---IAD23:19)
63(7/7SEA18:20---SIT20:44)
1017(7/7SEA18:20---PDX19:23)
1174(7/7SEA18:22---SNA21:14)
1467(7/7LAS18:27---PDX20:48)
392(7/7PDX18:28---DFW22:16)
1112(7/7SEA18:31---SFO20:47)
154001(7/7SEA18:32---RDM19:44)
932(7/7SEA18:36---ABQ21:37)
71(7/7SEA18:43---JNU21:19)
438(7/7SEA18:45---IAH23:10)
603(7/7PHX18:52---SEA21:58)
817(7/7SEA18:55---OGG01:10)
598(7/7SFO18:55---ORD23:18)
1305(7/7LAX18:55---SEA21:39)
106001(7/7SEA19:00---FAI22:53)
1216(7/7SEA19:01---SMF21:01)
325(7/7ORD19:03---PDX23:35)
835(7/7SFO19:03---PDX20:50)
843(7/7SEA19:05---KOA01:19)
61003(7/7YAK19:08---CDV20:09)
137001(7/7OTZ19:24---ANC20:54)
555(7/7MSP19:25---SEA23:15)
330(7/7PDX19:31---LAX21:59)
494001(7/7SEA19:33---SAT23:37)
864(7/7GEG19:36---PDX20:48)
14(7/7SAN19:42---DCA00:59)
291(7/7SEA19:46---STL23:35)
475(7/7ATL19:47---SAN00:31)
366(7/7MKE19:50---SEA00:16)
280(7/7EWR20:00---SEA02:12)
25(7/7JFK20:00---SAN01:57)
407(7/7ORD20:09---SEA00:49)
312(7/7OMA20:14---SEA23:54)
415(7/7DFW20:19---SEA00:34)
388001(7/7STL20:24---SEA00:50)
20(7/7SFO20:24---JFK02:08)
266(7/7ANC20:25---SFO01:05)
418(7/7MCI20:34---SEA00:32)
700(7/7SEA20:35---PHX23:29)
357001(7/7SEA20:35---MCI00:01)
229001(7/7SEA20:35---MSP23:53)
154(7/7RDM20:38---SEA21:58)
114(7/7JFK20:39---SFO03:02)
549(7/7SEA20:40---DFW00:36)
410(7/7SEA20:45---ORD00:42)
1097(7/7SAN20:45---SEA23:45)
313(7/7DTW20:46---SEA01:45)
189(7/7SEA20:49---ANC00:25)
1159(7/7SNA20:51---PDX23:15)
432(7/7SAN20:52---TPA01:50)
1006(7/7PHX20:55---SEA00:00)
61(7/7CDV20:59---ANC22:00)
732(7/7PAE21:00---PHX00:03)
535(7/7DEN21:03---SEA00:00)
1198(7/7SEA21:05---SAN23:55)
1319(7/7BOS21:06---PDX03:24)
65(7/7JNU21:07---ANC22:53)
1083(7/7LAX21:10---SEA23:54)
518(7/7AUS21:11---SFO00:57)
1238(7/7PHX21:16---PDX23:59)
507(7/7IAD21:25---SAN02:52)
19(7/7JFK21:29---PDX03:46)
462(7/7EWR21:30---SEA03:44)
92(7/7SEA21:33---KTN23:41)
16(7/7SEA21:37---JFK02:59)
107(7/7ANC21:40---SEA01:08)
58(7/7SIT21:40---SEA00:00)
290(7/7EWR21:43---PDX03:50)
396(7/7PHX21:43---PAE00:44)
389(7/7BOS21:45---SAN04:00)
646(7/7DFW21:46---PDX01:47)
1204(7/7PDX21:49---SAN00:22)
480(7/7MSP21:50---SEA01:49)
894(7/7KOA21:50---SAN03:16)
301(7/7MCO21:50---PDX03:50)
1160(7/7PDX21:50---LAX00:15)
569(7/7MSY21:53---SEA03:00)
1358(7/7SMF21:56---SEA23:54)
572(7/7RDU22:01---SEA03:56)
485(7/7CHS22:03---SEA04:00)
868(7/7KOA22:10---PDX03:40)
783(7/7ATL22:11---PDX03:35)
397(7/7MCO22:13---SAN03:18)
406(7/7IAD22:13---SEA04:00)
176(7/7JNU22:15---SEA00:42)
1279(7/7LAX22:16---GEG00:47)
860(7/7OGG22:20---SEA04:00)
305(7/7MIA22:20---SEA05:07)
226(7/7ANC22:20---SEA01:50)
293(7/7EWR22:24---SFO04:49)
450(7/7CMH22:28---SEA03:35)
933(7/7ABQ22:31---SEA01:41)
1135(7/7SAN22:35---SEA01:31)
508(7/7CVG22:37---SEA03:35)
1257(7/7SEA22:38---SNA01:26)
600(7/7SEA22:42---LAS01:16)
522(7/7BNA22:44---SEA03:48)
500(7/7IND22:48---SEA03:35)
443(7/7PHL22:52---SEA04:57)
17(7/7JFK22:53---SEA05:22)
420(7/7SEA22:53---MCO04:33)
337(7/7ORD22:54---SEA03:34)
271(7/7HNL22:55---ONT04:27)
326001(7/7TPA22:55---SEA05:07)
216(7/7CLE22:55---SEA04:00)
7(7/7DCA22:58---SFO04:53)
348(7/7SEA22:59---IAD03:59)
1396(7/7AUS23:00---PDX03:14)
1167(7/7LAX23:05---PDX01:26)
492(7/7SEA23:09---ATL03:59)
379(7/7BWI23:10---SEA05:07)
317(7/7DFW23:16---SEA03:35)
1092(7/7SEA23:18---LAX02:05)
287(7/7EWR23:29---LAX05:35)
151001(7/7ANC23:40---AKN00:49)
412(7/7PIT23:42---SEA05:07)
106(7/7FAI23:53---SEA03:35)
1214(7/8SEA00:04---SJC02:15)
439(7/8IAH00:10---SEA04:53)
369(7/8MCO00:12---SFO05:59)
1468(7/8SEA00:15---LAX03:00)
791(7/8LIH00:15---SFO05:29)
225(7/8SEA00:15---ANC03:54)
1301(7/8LAX00:15---SEA03:00)
821(7/8SAN00:16---LIH06:32)
597(7/8ORD00:18---SFO05:06)
355(7/8BOS00:19---SFO06:59)
213(7/8IAD00:19---LAX05:48)
611(7/8PHX00:29---SEA03:35)
291001(7/8STL00:32---SEA05:00)
896(7/8HNL00:33---SEA06:31)
806(7/8OGG00:34---SAN05:55)
94(7/8KTN00:35---SEA02:35)
494(7/8SAT00:37---SEA04:53)
398(7/8SEA00:40---IAH04:59)
856(7/8KOA00:40---SJC05:45)
382(7/8SEA00:43---BNA04:59)
353(7/8PDX00:46---OGG06:39)
1229(7/8SNA00:49---SEA03:35)
229(7/8MSP00:49---SEA04:45)
538(7/8SEA00:54---ORD04:59)
78(7/8SEA00:55---ANC04:37)
1295(7/8PDX00:55---SFO02:48)
372(7/8SEA00:56---AUS05:05)
357(7/8MCI00:56---SEA04:56)
1163(7/8SEA00:59---DEN03:47)
564(7/8SEA01:05---MCI04:35)
472(7/8SEA01:06---STL04:59)
1397(7/8LAX01:07---PDX03:30)
823(7/8SEA01:25---HNL07:33)
805(7/8SEA01:25---OGG07:34)
1310(7/8SEA01:36---SJC03:51)
391(7/8PAE01:44---LAS04:17)
478(7/8SEA01:50---LAS04:26)
939(7/8SEA01:55---SAN04:47)
1028(7/8SAN01:58---OGG07:59)
801(7/8SEA01:59---KOA08:04)
151(7/8AKN01:59---ANC03:10)
525(7/8SFO02:05---PDX03:50)
177(7/8ANC02:30---ADQ03:30)
205(7/8SEA02:36---JNU05:05)
1288(7/8SEA02:41---SNA05:30)
965(7/8GEG02:44---SEA04:00)
827(7/8ANC02:55---HNL08:59)
136(7/8SEA02:55---ANC06:38)
1156(7/8SEA02:59---SAN06:00)
1004(7/8SEA02:59---GEG04:09)
1289(7/8LAX03:10---SEA06:06)
1110(7/8SAN03:45---SEA06:51)
644(7/8SEA03:55---PHX06:54)
133(7/8SEA03:55---ANC07:34)
444(7/8SEA04:15---PHL09:25)
307(7/8SFO04:28---BOS10:10)
1291(7/8PDX04:30---LAX06:59)
803(7/8LAX04:36---PDX06:59)
436(7/8PDX04:37---BOS10:00)
314(7/8SEA04:40---EWR09:59)
1230(7/8SEA04:45---SMF06:45)
315(7/8SEA04:45---CMH09:13)
919(7/8SEA04:55---RDU10:00)
36(7/8SAN04:56---JFK10:29)
115(7/8SEA04:59---FAI08:49)
138(7/8ANC05:08---ORD11:24)
374(7/8SFO05:19---EWR10:54)
344(7/8SEA05:20---BWI10:21)
22(7/8SEA05:41---JFK11:02)
259(7/8SAN05:45---BOS11:30)
360(7/8SEA05:58---TPA11:25)
111(7/8ORD05:59---ANC12:37)
119(7/8SEA05:59---ANC09:39)
394(7/8SEA06:05---MCO11:40)
340(7/8SEA06:10---PIT10:43)
490(7/8SEA06:16---MSY10:50)
400(7/8SEA06:18---BNA10:40)
367(7/8SEA06:30---IAD11:27)
59(7/8ANC06:35---MSP12:00)
423(7/8SEA06:36---SAT10:40)
536(7/8SEA06:40---BOS12:00)
464(7/8SEA06:59---ATL11:49)
109(7/8ANC07:26---ORD13:40)
880(7/8KOA07:30---SEA13:19)
810(7/8LIH07:32---SEA13:16)
558(7/8OGG07:39---PDX13:00)
148(7/8ANC08:29---SEA12:00)
828(7/8HNL08:33---ANC14:40)
814(7/8OGG08:34---SEA14:11)
110(7/8ANC08:55---SEA12:26)
1029(7/8OGG08:59---SAN14:18)
156(7/8FAI10:09---SEA13:44)
351(7/8IAD10:30---SEA16:17)
377(7/8ATL10:30---SEA15:57)
446(7/8PHL10:45---SEA16:42)
316(7/8CMH11:00---SEA16:05)
453(7/8IAH11:00---SEA15:40)
627(7/8TPA11:00---SEA17:06)
21(7/8JFK11:00---SEA17:13)
1021(7/8MCO11:00---SAN16:04)
299(7/8EWR11:19---SEA17:31)
459(7/8BOS11:20---SEA17:38)
308(7/8BOS11:30---SFO18:07)
920(7/8RDU11:36---SEA17:30)
473(7/8STL11:41---SEA16:10)
563(7/8MCI11:45---SEA15:47)
349(7/8BWI11:51---SEA17:40)
289(7/8EWR11:52---LAX17:46)
495(7/8SAT12:00---SEA16:24)
413(7/8ORD12:00---PDX16:25)
383(7/8BNA12:00---SEA17:06)
341(7/8PIT12:03---SEA17:28)
451(7/8MSY12:10---SEA17:16)
260(7/8BOS12:40---SAN18:50)
15(7/8DCA12:59---SAN18:20)
1316(7/8SEA13:00---LAX15:50)
408(7/8SEA13:00---ORD17:07)
683(7/8ORD13:00---SEA17:39)
701(7/8LAS13:00---SEA15:45)
433(7/8TPA13:00---SAN17:50)
799(7/8PHX13:00---SEA16:04)
375(7/8IAD13:00---SEA18:47)
1109(7/8SEA13:00---SAN15:53)
30(7/8SFO13:18---JFK19:00)
68(7/8MSP13:20---ANC19:20)
537(7/8BOS13:20---SEA19:35)
533(7/8ATL13:30---SEA18:51)
298(7/8SEA13:41---EWR19:00)
5(7/8DCA13:59---LAX19:33)
284(7/8LAX14:00---EWR19:34)
974(7/8SAN14:00---PDX16:35)
512(7/8SFO14:00---AUS17:36)
35(7/8JFK14:00---SAN19:52)
1136001(7/8PDX14:00---DEN16:37)
24(7/8SAN14:00---JFK19:39)
358(7/8PDX14:00---BOS19:25)
859(7/8SJC14:00---LIH19:44)
365(7/8DFW14:00---SEA18:27)
85(7/8SEA14:00---ANC17:35)
1239(7/8PDX14:00---PHX16:46)
281(7/8BNA14:00---SEA19:03)
784(7/8PDX14:00---ATL18:46)
1226(7/8SEA14:00---SJC16:08)
963(7/8GEG14:00---SEA15:14)
789(7/8SFO14:00---KOA19:30)
917(7/8MCO14:00---SEA20:10)
831(7/8PDX14:00---OGG19:55)
368(7/8SFO14:00---MCO19:34)
324(7/8PDX14:02---ORD18:07)
1193(7/8SJC14:03---SEA16:15)
526(7/8PDX14:04---SFO15:53)
18(7/8PDX14:20---JFK19:45)
249(7/8SFO14:20---BOS20:01)
139(7/8ORD14:30---ANC21:15)
1228(7/8AUS14:45---SEA19:12)
292(7/8SFO14:54---EWR20:29)
516(7/8SEA14:55---FLL20:52)
606(7/8SEA14:55---PHX17:52)
867(7/8PDX14:56---KOA20:50)
196(7/8ADQ15:00---ANC15:57)
10(7/8PDX15:00---DCA20:02)
479(7/8LAS15:00---SEA17:40)
890(7/8SEA15:03---ORD19:13)
555001(7/8SEA15:05---MSP18:29)
26(7/8SEA15:05---JFK20:29)
916(7/8SEA15:08---MCO20:50)
142(7/8JNU15:08---SEA17:36)
825(7/8SEA15:09---OGG21:20)
233(7/8SAN15:10---EWR20:43)
405001(7/8SEA15:11---OKC18:48)
1255(7/8SMF15:13---SEA17:15)
165(7/8DEN15:20---ANC20:54)
214(7/8LAX15:20---IAD20:25)
306(7/8SEA15:21---BOS20:45)
305001(7/8SEA15:25---MIA21:20)
227(7/8JFK15:30---SFO21:48)
560(7/8LAX15:30---KOA21:10)
4(7/8SEA15:34---DCA20:43)
390(7/8SAN15:40---BOS21:27)
402(7/8SEA15:47---CHS21:00)
572001(7/8SEA15:55---RDU21:01)
294(7/8PDX16:00---EWR21:21)
270(7/8ONT16:00---HNL21:55)
320(7/8SAN16:00---MCO21:13)
83(7/8SEA16:00---ANC19:35)
1268(7/8PDX16:00---BNA20:19)
1190(7/8SEA16:00---SNA18:49)
502(7/8SEA16:03---AUS20:11)
113(7/8SFO16:05---JFK21:47)
1113(7/8SFO16:15---SEA18:30)
406001(7/8SEA16:15---IAD21:13)
899(7/8SAN16:19---KOA22:20)
727(7/8SEA16:22---ATL21:11)
326(7/8SEA16:24---TPA21:50)
48001(7/8ANC16:25---SEA20:01)
1051(7/8SEA16:50---BUR19:26)
426(7/8SEA16:50---DFW20:48)
23(7/8JFK17:00---SEA23:08)
1311001(7/8SJC17:00---SEA19:13)
875(7/8SEA17:00---LIH23:15)
731(7/8PHX17:00---PAE20:03)
378(7/8SEA17:03---BWI22:10)
198(7/8ANC17:05---PDX20:44)
450001(7/8SEA17:10---CMH21:32)
477(7/8SEA17:10---EWR22:29)
508001(7/8SEA17:12---CVG21:37)
505(7/8SEA17:17---LAX20:10)
522001(7/8SEA17:20---BNA21:44)
887(7/8SEA17:22---HNL23:33)
829(7/8SAN17:29---OGG23:34)
1136(7/8DEN17:33---PDX20:20)
300(7/8PDX17:35---MCO23:12)
160(7/8ANC17:35---SEA21:09)
216001(7/8SEA17:37---CLE22:01)
500001(7/8SEA17:42---IND21:48)
637(7/8PHX17:46---SEA20:53)
429001(7/8SEA17:52---ORD21:59)
121(7/8PDX17:53---BUR20:12)
725(7/8PDX17:55---AUS21:56)
818(7/8SEA17:58---BOS23:19)
739(7/8SFO18:00---SNA19:40)
862(7/8OGG18:00---SEA23:38)
822(7/8KOA18:00---SEA23:54)
824(7/8HNL18:00---SEA23:50)
891(7/8ORD18:03---SEA22:42)
474(7/8SAN18:04---ATL22:31)
412001(7/8SEA18:06---PIT22:42)
34(7/8SEA18:06---JFK23:29)
1299(7/8SNA18:10---PDX20:34)
434(7/8SFO18:10---IAD23:19)
104001(7/8ANC18:15---SEA21:49)
392(7/8PDX18:28---DFW22:16)
908(7/8SEA18:30---PSC19:39)
1112(7/8SEA18:31---SFO20:47)
503(7/8AUS18:36---SEA22:59)
722(7/8SEA18:44---PHX21:47)
438(7/8SEA18:45---IAH23:10)
64(7/8ANC18:50---JNU20:33)
603(7/8PHX18:52---SEA21:58)
817(7/8SEA18:55---OGG01:10)
598(7/8SFO18:55---ORD23:18)
325(7/8ORD19:03---PDX23:35)
1137(7/8SAN19:12---SEA22:10)
555(7/8MSP19:25---SEA23:15)
740(7/8SNA19:42---SFO21:10)
14(7/8SAN19:42---DCA00:59)
405(7/8OKC19:44---SEA23:38)
291(7/8SEA19:46---STL23:35)
475(7/8ATL19:47---SAN00:31)
25(7/8JFK20:00---SAN01:57)
280(7/8EWR20:00---SEA02:12)
407(7/8ORD20:09---SEA00:49)
1038(7/8BUR20:20---SEA22:59)
74(7/8JNU20:22---SEA22:45)
20(7/8SFO20:24---JFK02:08)
304(7/8BOS20:25---SEA02:48)
266(7/8ANC20:25---SFO01:05)
909(7/8PSC20:30---SEA21:38)
808(7/8KOA20:30---SEA02:22)
6(7/8LAX20:31---DCA01:42)
297(7/8EWR20:34---SAN02:26)
229001(7/8SEA20:35---MSP23:53)
419(7/8MCO20:39---SEA02:50)
114(7/8JFK20:39---SFO03:02)
162(7/8ANC20:40---SEA00:13)
95(7/8SEA20:40---JNU23:12)
31(7/8JFK20:45---SEA03:10)
840(7/8LIH20:47---SEA02:32)
1159(7/8SNA20:51---PDX23:15)
432(7/8SAN20:52---TPA01:50)
898(7/8OGG20:55---PDX02:19)
2(7/8SEA20:58---DCA01:59)
732(7/8PAE21:00---PHX00:03)
3(7/8DCA21:02---SEA03:00)
1319(7/8BOS21:06---PDX03:24)
122(7/8BUR21:07---PDX23:25)
1300(7/8SEA21:10---LAX23:58)
1083(7/8LAX21:10---SEA23:54)
773(7/8SEA21:10---SNA00:01)
518(7/8AUS21:11---SFO00:57)
756(7/8LAS21:13---PDX23:35)
1297(7/8SAN21:15---PDX23:49)
1269(7/8BNA21:19---PDX02:15)
507(7/8IAD21:25---SAN02:52)
19(7/8JFK21:29---PDX03:46)
778(7/8PDX21:30---LAS23:49)
462(7/8EWR21:30---SEA03:44)
16(7/8SEA21:37---JFK02:59)
290(7/8EWR21:43---PDX03:50)
389(7/8BOS21:45---SAN04:00)
646(7/8DFW21:46---PDX01:47)
894(7/8KOA21:50---SAN03:16)
301(7/8MCO21:50---PDX03:50)
517(7/8FLL21:52---SEA04:20)
572(7/8RDU22:01---SEA03:56)
485(7/8CHS22:03---SEA04:00)
929(7/8SFO22:05---PDX23:50)
1046(7/8SEA22:08---SJC00:17)
868(7/8KOA22:10---PDX03:40)
783(7/8ATL22:11---PDX03:35)
397(7/8MCO22:13---SAN03:18)
406(7/8IAD22:13---SEA04:00)
1279(7/8LAX22:16---GEG00:47)
860(7/8OGG22:20---SEA04:00)
305(7/8MIA22:20---SEA05:07)
1175(7/8SJC22:24---SEA00:34)
293(7/8EWR22:24---SFO04:49)
450(7/8CMH22:28---SEA03:35)
819(7/8BOS22:32---SEA05:02)
508(7/8CVG22:37---SEA03:35)
460(7/8SEA22:43---BOS03:59)
522(7/8BNA22:44---SEA03:48)
500(7/8IND22:48---SEA03:35)
1052001(7/8SEA22:48---BUR01:24)
17(7/8JFK22:53---SEA05:22)
420(7/8SEA22:53---MCO04:33)
216(7/8CLE22:55---SEA04:00)
326001(7/8TPA22:55---SEA05:07)
337001(7/8ORD22:55---SEA03:35)
271(7/8HNL22:55---ONT04:27)
99(7/8SEA22:58---ANC02:42)
7(7/8DCA22:58---SFO04:53)
348(7/8SEA22:59---IAD03:59)
1396(7/8AUS23:00---PDX03:14)
445(7/8SEA23:08---RNO00:59)
492(7/8SEA23:09---ATL03:59)
379(7/8BWI23:10---SEA05:07)
317(7/8DFW23:16---SEA03:35)
561(7/8KOA23:20---LAX04:51)
941(7/8SEA23:25---ORD03:30)
287(7/8EWR23:29---LAX05:35)
334(7/8ATL23:31---SEA05:07)
412(7/8PIT23:42---SEA05:07)
720(7/8SEA23:46---FAT01:58)
688(7/8SEA23:59---LAS02:34)
439(7/9IAH00:10---SEA04:53)
369(7/9MCO00:12---SFO05:59)
844(7/9LIH00:15---SJC05:24)
597(7/9ORD00:18---SFO05:06)
355(7/9BOS00:19---SFO06:59)
213(7/9IAD00:19---LAX05:48)
269(7/9SFO00:22---ANC05:15)
41(7/9JFK00:29---SFO06:59)
611(7/9PHX00:29---SEA03:35)
134(7/9ANC00:30---SEA04:00)
1176(7/9PDX00:30---PHX03:20)
291001(7/9STL00:32---SEA05:00)
896(7/9HNL00:33---SEA06:31)
806(7/9OGG00:34---SAN05:55)
1370(7/9PDX00:35---AUS04:42)
376(7/9PDX00:35---ORD04:39)
398(7/9SEA00:40---IAH04:59)
382(7/9SEA00:43---BNA04:59)
353(7/9PDX00:46---OGG06:39)
1455(7/9PDX00:49---ANC04:40)
538(7/9SEA00:54---ORD04:59)
1295(7/9PDX00:55---SFO02:48)
78(7/9SEA00:55---ANC04:37)
1163(7/9SEA00:59---DEN03:47)
424(7/9SEA00:59---DFW04:59)
632(7/9SEA00:59---PHX04:00)
730(7/9SEA00:59---LAS03:38)
1140(7/9SEA00:59---SFO03:15)
1062(7/9PDX01:04---BUR03:23)
564(7/9SEA01:05---MCI04:35)
662(7/9PHX01:05---PDX03:48)
472(7/9SEA01:06---STL04:59)
241(7/9SEA01:10---MKE04:59)
823(7/9SEA01:25---HNL07:33)
805(7/9SEA01:25---OGG07:34)
523(7/9RNO01:47---SEA03:42)
338(7/9SEA01:48---OMA04:59)
1054(7/9SEA01:55---LAX04:42)
1028(7/9SAN01:58---OGG07:59)
801(7/9SEA01:59---KOA08:04)
1203(7/9SNA02:14---SEA05:07)
1215(7/9LAX02:25---SEA05:17)
721(7/9FAT02:40---SEA05:07)
167(7/9SEA02:50---FAI06:36)
1034(7/9SEA03:14---BOI04:46)
642(7/9SEA03:17---DEN05:59)
644(7/9SEA03:55---PHX06:54)
307(7/9SFO04:28---BOS10:10)
436(7/9PDX04:37---BOS10:00)
547(7/9SEA04:40---CLE09:11)
314(7/9SEA04:40---EWR09:59)
1020(7/9SAN04:50---MCO10:00)
919(7/9SEA04:55---RDU10:00)
36(7/9SAN04:56---JFK10:29)
394(7/9SEA06:05---MCO11:40)
423(7/9SEA06:36---SAT10:40)
328(7/9SEA06:40---ORD10:40)
144(7/9SEA06:59---ANC10:39)
1227(7/9SEA06:59---AUS11:07)
810(7/9LIH07:32---SEA13:16)
558(7/9OGG07:39---PDX13:00)
828(7/9HNL08:33---ANC14:40)
814(7/9OGG08:34---SEA14:11)
1029(7/9OGG08:59---SAN14:18)
