===== Copy Generation Summary =====
#Iter       TotalGen  ind(reg)  mul(reg)  ind(csc)  mul(csc) TotalUsed  ind(reg)  mul(reg)  ind(csc)  mul(csc)            obj
    1            377       330         0        47         0       146       135         0        11         0      2.466e+08
    2            389       311         0        78         0       158       142         0        16         0      4.171e+07
    3            410       347         0        63         0       185       177         0         8         0      3.394e+07
    4            410       331         0        79         0       185       164         0        21         0       2.62e+07
    5            407       365         0        42         0       194       177         0        17         0      1.888e+07
    6            395       357         0        38         0       193       172         0        21         0      1.119e+07
    7            397       361         0        36         0       203       195         0         8         0      9.211e+06
    8            391       330         0        61         0       188       175         0        13         0      3.646e+06
    9            378       322         0        56         0       171       158         0        13         0      2.766e+06
   10            377       318         0        59         0       159       130         0        29         0      2.674e+06
   11            356       290         0        66         0       145       137         0         8         0      2.485e+06
   12            354       320         0        34         0       197       194         0         3         0      2.448e+06
   13            354       326         0        28         0       153       149         0         4         0      2.297e+06
   14            337       294         0        43         0       135       130         0         5         0      2.145e+06
   15            328       256         0        72         0       145       143         0         2         0      2.043e+06
   16            280       240         0        40         0       118       116         0         2         0      1.845e+06
   17            263       184         0        79         0        84        76         0         8         0      1.817e+06
   18            241       190         0        51         0       100        98         0         2         0      1.688e+06
   19            207       185         0        22         0        98        95         0         3         0      1.636e+06
   20            165       140         0        25         0        60        57         0         3         0      1.617e+06
   21            140       118         0        22         0        57        54         0         3         0      1.599e+06
   22            128        99         0        29         0        35        33         0         2         0      1.587e+06
   23            134       124         0        10         0        44        43         0         1         0      1.579e+06
   24             97        82         0        15         0        29        29         0         0         0      1.574e+06
   25             91        75         0        16         0        36        36         0         0         0      1.554e+06
   26             68        41         0        27         0        18        18         0         0         0      1.541e+06
   27             59        43         0        16         0         8         6         0         2         0      1.525e+06
   28             59        37         0        22         0        13        13         0         0         0      1.525e+06
   29             30        19         0        11         0         7         7         0         0         0      1.525e+06
   30             28        16         0        12         0         6         6         0         0         0      1.525e+06
   31             14         8         0         6         0         1         1         0         0         0      1.525e+06
   32             44        19         0        25         0         6         5         0         1         0      1.525e+06
   33             27        23         0         4         0         6         6         0         0         0      1.525e+06
   34             71        67         0         4         0        57        57         0         0         0      1.525e+06
   35             14         6         0         8         0         2         2         0         0         0      1.525e+06
   36             11         8         0         3         0         3         3         0         0         0      1.525e+06
   37              7         5         0         2         0         0         0         0         0         0      1.525e+06
