===== Copy Generation Summary =====
#Iter     Gen    Indv     Seq     CSC    Used            Obj
    1     272     272       0       0     178      1.229e+10
    2     228     226       2       0     218      1.769e+09
    3     223     221       2       0     225      1.038e+09
    4     199     197       2       0     248       9.03e+08
    5     237     235       2       0     211      7.965e+08
    6     212     210       2       0     236      7.358e+08
    7     222     220       2       0     226      6.653e+08
    8     226     224       2       0     222       6.13e+08
    9     221     217       4       0     227      5.671e+08
   10     204     202       2       0     244      5.329e+08
   11     174     172       2       0     274      4.902e+08
   12     229     227       2       0     218      4.539e+08
   13     212     210       2       0     235       4.14e+08
   14     214     212       2       0     230       3.86e+08
   15     233     231       2       0     211      3.595e+08
   16     218     216       2       0     226       3.43e+08
   17     195     191       4       0     247      3.132e+08
   18     199     197       2       0     241      2.916e+08
   19     200     198       2       0     239      2.703e+08
   20     219     217       2       0     220      2.533e+08
   21     210     208       2       0     227      2.329e+08
   22     179     172       7       0     258      2.108e+08
   23     186     183       3       0     249      1.974e+08
   24     185     181       4       0     253      1.838e+08
   25     185     183       2       0     256       1.71e+08
   26     193     184       9       0     244      1.585e+08
   27     176     169       7       0     259      1.499e+08
   28     244     236       8       0     193      1.451e+08
   29     174     166       8       0     261      1.385e+08
   30     183     173      10       0     255      1.304e+08
   31     166     159       7       0     270       1.25e+08
   32     200     194       6       0     235       1.21e+08
   33     193     187       6       0     242      1.174e+08
   34     200     188      12       0     238      1.138e+08
   35     167     159       8       0     279      1.104e+08
   36     153     142      11       0     283      1.083e+08
   37     222     210      12       0     215      1.073e+08
   38     204     190      14       0     234      1.055e+08
   39     216     207       9       0     221      1.036e+08
   40     208     198      10       0     228      1.019e+08
   41     172     163       9       0     265      9.981e+07
   42     208     197      11       0     228      9.847e+07
   43     220     210      10       0     216      9.674e+07
   44     220     212       8       0     213      9.562e+07
   45     220     208      12       0     217      9.472e+07
   46     244     230      14       0     194      9.308e+07
   47     198     190       8       0     238      9.071e+07
   48     245     237       8       0     191      8.981e+07
   49     222     212      10       0     214      8.926e+07
   50     243     230      13       0     194      8.847e+07
   51     223     213      10       0     213      8.767e+07
   52     234     221      13       0     203      8.667e+07
   53     215     204      11       0     221      8.624e+07
   54     211     197      14       0     227      8.591e+07
   55     236     226      10       0     200      8.549e+07
   56     226     222       4       0     208      8.488e+07
   57     244     228      16       0     192      8.449e+07
   58     275     258      17       0     160      8.411e+07
   59     236     216      20       0     197      8.334e+07
   60     261     241      20       0     170      8.277e+07
   61     236     214      22       0     192      8.256e+07
   62     304     276      28       0     125      8.241e+07
   63     249     214      35       0     180      8.215e+07
   64     267     236      31       0     158      8.203e+07
   65     265     235      30       0     159      8.191e+07
   66     245     218      27       0     187      8.135e+07
   67     276     251      25       0     156      8.107e+07
   68     256     226      30       0     175      8.087e+07
   69     293     262      31       0     133       8.07e+07
   70     272     240      32       0     152       8.04e+07
   71     281     243      38       0     142      8.029e+07
   72     275     233      42       0     148      8.021e+07
   73     302     262      40       0     122      8.009e+07
   74     242     204      38       0     180       7.97e+07
   75     204     170      34       0     218      7.949e+07
   76     281     233      48       0     143      7.936e+07
   77     275     231      44       0     145      7.907e+07
   78     283     225      58       0     140       7.87e+07
   79     285     227      58       0     134      7.848e+07
   80     297     243      54       0     121      7.831e+07
   81     289     223      66       0     132      7.823e+07
   82     286     232      54       0     132      7.797e+07
   83     318     255      63       0      96      7.784e+07
   84     263     197      66       0     158      7.763e+07
   85     298     230      68       0     121      7.757e+07
   86     351     289      62       0      69      7.745e+07
   87     290     216      74       0     116      7.737e+07
   88     297     229      68       0     111      7.717e+07
   89     316     248      68       0      87      7.695e+07
   90     284     209      75       0     118      7.686e+07
   91     260     186      74       0     140      7.681e+07
   92     280     188      92       0     115      7.674e+07
   93     265     175      90       0     134      7.666e+07
   94     344     246      98       0      50      7.653e+07
   95     355     245     110       0      41      7.643e+07
   96     273     153     120       0     114       7.63e+07
   97     314     182     132       0      76      7.624e+07
   98     299     213      86       0     105      7.617e+07
   99     321     203     118       0      81      7.611e+07
  100     317     199     118       0      75      7.605e+07
  101     290     120     170       0      90      7.593e+07
  102     324     146     178       0      65      7.582e+07
  103     316     134     182       0      64      7.579e+07
  104     344     158     186       0      40      7.569e+07
  105     310     114     196       0      69      7.554e+07
  106     345     135     210       0      38      7.548e+07
  107     302      92     210       0      77      7.543e+07
  108     312      94     218       0      70      7.538e+07
  109     304     162     142       0      82      7.529e+07
  110     323     149     174       0      61      7.518e+07
  111     255     175      80       0     131      7.515e+07
  112     317     117     200       0      66      7.511e+07
  113     287      81     206       0      89      7.508e+07
  114     319     101     218       0      61      7.504e+07
  115     303      92     211       0      72      7.496e+07
  116     337     115     222       0      33      7.493e+07
  117     298      77     221       0      80      7.489e+07
  118     344     124     220       0      36      7.484e+07
  119     313      89     224       0      61      7.481e+07
  120     348     122     226       0      23      7.481e+07
  121     320     102     218       0      52      7.478e+07
  122     324     130     194       0      38      7.476e+07
  123     339     111     228       0      21      7.472e+07
  124     345     127     218       0      26      7.468e+07
  125     343      99     244       0      16      7.466e+07
  126     341      97     244       0      15      7.464e+07
  127     322      76     246       0      37      7.457e+07
  128     325      67     258       0      18      7.455e+07
  129     321      69     252       0      23      7.455e+07
  130     341      61     280       0      10      7.454e+07
  131     342      60     282       0      11      7.453e+07
  132     343      75     268       0       7      7.451e+07
  133     338      52     286       0      10      7.449e+07
  134     345      61     284       0       6      7.446e+07
  135     346      42     304       0       4      7.446e+07
  136     350      44     306       0       4      7.446e+07
