===== Copy Generation Summary =====
#Iter       TotalGen  ind(reg)  mul(reg)  ind(csc)  mul(csc) TotalUsed  ind(reg)  mul(reg)  ind(csc)  mul(csc)            obj
    1            434       333        46        55         0       184       147        26        11         0      2.957e+08
    2            423       362        18        43         0       196       169        15        12         0       2.67e+08
    3            412       393         0        19         0       221       210         0        11         0      1.308e+08
    4            420       397         6        17         0       220       212         4         4         0      9.571e+07
    5            419       402         0        17         0       218       208         0        10         0      6.896e+07
    6            410       389         0        21         0       218       209         0         9         0       4.96e+07
    7            409       377         2        30         0       212       194         2        16         0      3.511e+07
    8            402       340         0        62         0       210       156         0        54         0      2.314e+07
    9            409       387         8        14         0       219       205         5         9         0      1.405e+07
   10            402       349         7        46         0       215       170         5        40         0      7.472e+06
   11            406       370        19        17         0       215       194        15         6         0      6.113e+06
   12            406       351        18        37         0       195       173        12        10         0       5.79e+06
   13            400       353        25        22         0       211       189        18         4         0      5.689e+06
   14            389       337        20        32         0       182       165        13         4         0      5.379e+06
   15            369       315        30        24         0       181       159        20         2         0      5.346e+06
   16            375       266        62        47         0       181       134        35        12         0      5.208e+06
   17            359       275        65        19         0       192       140        44         8         0      5.059e+06
   18            338       237        75        26         0       167       117        50         0         0      4.894e+06
   19            282       211        48        23         0       133       100        26         7         0       4.76e+06
   20            298       212        78         8         0       159       114        44         1         0        4.6e+06
   21            240       185        44        11         0        98        77        20         1         0      4.521e+06
   22            204       157        38         9         0        85        67        18         0         0      4.458e+06
   23            229       127        71        31         0       113        65        47         1         0      4.368e+06
   24            153       123        25         5         0        65        55        10         0         0      4.351e+06
   25            149       121         9        19         0        74        71         2         1         0      4.232e+06
   26            143       121        12        10         0        66        60         6         0         0      4.231e+06
   27            171        92        70         9         0        97        47        47         3         0       4.15e+06
   28            200       103        87        10         0       100        54        46         0         0      4.022e+06
   29            127       110        13         4         0        66        59         6         1         0      4.007e+06
   30            128        96        17        15         0        32        26         6         0         0      4.006e+06
   31            124       113         8         3         0        65        65         0         0         0      4.006e+06
   32            134        66        64         4         0        76        31        45         0         0      4.006e+06
   33            117        56        56         5         0        59        28        31         0         0      3.991e+06
   34            140        76        56         8         0        75        40        35         0         0      3.948e+06
   35             92        40        47         5         0        43        12        31         0         0      3.929e+06
   36            148       139         8         1         0        77        74         3         0         0      3.891e+06
   37             66        33        25         8         0        26        14        12         0         0      3.891e+06
   38             44        29        12         3         0        12         8         4         0         0      3.879e+06
   39             31        15        12         4         0         9         4         5         0         0      3.869e+06
   40             22         7        11         4         0         7         2         5         0         0      3.867e+06
   41             16        10         2         4         0         2         2         0         0         0      3.866e+06
