===== Copy Generation Summary =====
#Iter       TotalGen  ind(reg)  mul(reg)  ind(csc)  mul(csc) TotalUsed  ind(reg)  mul(reg)  ind(csc)  mul(csc)            obj
    1            372       326         0        46         0       147       139         0         8         0       3.35e+06
    2            382       290         0        92         0       134       119         0        15         0       3.35e+06
    3            399       300         0        99         0       172       153         0        19         0      2.367e+06
    4            400       344         0        56         0       183       162         0        21         0      1.383e+06
    5            396       324         0        72         0       183       164         0        19         0      1.383e+06
    6            393       361         0        32         0       187       174         0        13         0      1.383e+06
    7            392       346         0        46         0       194       182         0        12         0      1.383e+06
    8            397       365         0        32         0       207       204         0         3         0      1.383e+06
    9            395       349         0        46         0       185       181         0         4         0      1.383e+06
   10            385       336         0        49         0       172       160         0        12         0      1.378e+06
   11            378       328         0        50         0       146       136         0        10         0      1.364e+06
   12            362       303         0        59         0       161       158         0         3         0      1.364e+06
   13            348       310         0        38         0       158       155         0         3         0      1.364e+06
   14            293       253         0        40         0       125       116         0         9         0      1.364e+06
   15            240       208         0        32         0        92        89         0         3         0      1.349e+06
   16            190       160         0        30         0        84        80         0         4         0      1.349e+06
   17            174       146         0        28         0        68        63         0         5         0      1.349e+06
   18            142       108         0        34         0        35        28         0         7         0      1.349e+06
   19            123        97         0        26         0        47        47         0         0         0      1.337e+06
   20            114        99         0        15         0        57        57         0         0         0      1.337e+06
   21            118       111         0         7         0        32        32         0         0         0      1.337e+06
   22             90        69         0        21         0        35        33         0         2         0      1.337e+06
   23            102        79         0        23         0        40        35         0         5         0      1.337e+06
   24             65        42         0        23         0        11        11         0         0         0      1.337e+06
   25             45        26         0        19         0        13        13         0         0         0      1.337e+06
   26             20        11         0         9         0         3         2         0         1         0      1.337e+06
   27             14        10         0         4         0         3         2         0         1         0      1.337e+06
   28              6         5         0         1         0         3         3         0         0         0      1.337e+06
   29              3         2         0         1         0         1         1         0         0         0      1.337e+06
   30              3         2         0         1         0         1         0         0         1         0      1.337e+06
   31              3         2         0         1         0         1         1         0         0         0      1.337e+06
   32              3         2         0         1         0         0         0         0         0         0      1.337e+06
   33              3         3         0         0         0         1         1         0         0         0      1.337e+06
