===== Copy Generation Summary =====
#Iter     Gen    Indv     Seq     CSC    Used            Obj
    1     269     269       0       0     181       2.29e+09
    2     240     238       2       0     208       1.57e+09
    3     203     201       2       0     245      1.175e+09
    4     217     215       2       0     231      9.333e+08
    5     221     219       2       0     227      8.467e+08
    6     217     215       2       0     231      7.796e+08
    7     234     232       2       0     214      7.208e+08
    8     203     201       2       0     246      6.801e+08
    9     229     227       2       0     219      6.267e+08
   10     215     213       2       0     233       5.83e+08
   11     224     220       4       0     224      5.331e+08
   12     198     194       4       0     248      5.129e+08
   13     204     198       6       0     244      4.799e+08
   14     230     228       2       0     214      4.401e+08
   15     176     172       4       0     269      4.234e+08
   16     209     207       2       0     235      4.058e+08
   17     200     198       2       0     243      3.729e+08
   18     212     206       6       0     232      3.456e+08
   19     193     191       2       0     236      3.282e+08
   20     189     187       2       0     240      3.146e+08
   21     204     202       2       0     227      3.037e+08
   22     190     188       2       0     236      2.926e+08
   23     189     187       2       0     237      2.765e+08
   24     174     172       2       0     254      2.669e+08
   25     184     182       2       0     242       2.57e+08
   26     204     202       2       0     222       2.46e+08
   27     188     186       2       0     238      2.387e+08
   28     181     179       2       0     245      2.293e+08
   29     198     196       2       0     228      2.201e+08
   30     210     208       2       0     218      2.158e+08
   31     202     200       2       0     224      2.097e+08
   32     197     195       2       0     229      2.022e+08
   33     160     158       2       0     265      1.993e+08
   34     157     155       2       0     269      1.952e+08
   35     180     178       2       0     246      1.914e+08
   36     173     171       2       0     253      1.891e+08
   37     183     181       2       0     243      1.851e+08
   38     234     232       2       0     192      1.825e+08
   39     255     251       4       0     170      1.807e+08
   40     237     235       2       0     198      1.793e+08
   41     250     248       2       0     186      1.779e+08
   42     230     226       4       0     199      1.738e+08
   43     169     167       2       0     259       1.71e+08
   44     199     195       4       0     230      1.696e+08
   45     221     219       2       0     206       1.68e+08
   46     265     261       4       0     163      1.672e+08
   47     163     159       4       0     262      1.667e+08
   48     255     247       8       0     170      1.663e+08
   49     221     211      10       0     204       1.66e+08
   50     182     176       6       0     244       1.65e+08
   51     236     232       4       0     185      1.643e+08
   52     278     268      10       0     142       1.64e+08
   53     229     225       4       0     193      1.633e+08
   54     246     240       6       0     176       1.63e+08
   55     206     192      14       0     218       1.61e+08
   56     261     251      10       0     165      1.594e+08
   57     246     238       8       0     176      1.588e+08
   58     231     219      12       0     190      1.581e+08
   59     215     205      10       0     207      1.579e+08
   60     244     226      18       0     175      1.574e+08
   61     241     225      16       0     178      1.568e+08
   62     284     260      24       0     138      1.565e+08
   63     223     205      18       0     199      1.562e+08
   64     260     244      16       0     160      1.559e+08
   65     231     207      24       0     187      1.555e+08
   66     244     220      24       0     169      1.554e+08
   67     250     230      20       0     161      1.552e+08
   68     310     268      42       0     104       1.55e+08
   69     271     235      36       0     140      1.548e+08
   70     269     251      18       0     146      1.541e+08
   71     276     240      36       0     141      1.539e+08
   72     286     242      44       0     129      1.536e+08
   73     259     209      50       0     158      1.534e+08
   74     271     223      48       0     143      1.531e+08
   75     266     224      42       0     149       1.53e+08
   76     261     209      52       0     163      1.527e+08
   77     243     197      46       0     171      1.524e+08
   78     230     174      56       0     190      1.522e+08
   79     283     227      56       0     130       1.52e+08
   80     313     259      54       0      93      1.519e+08
   81     268     228      40       0     149      1.517e+08
   82     301     247      54       0     114      1.517e+08
   83     275     217      58       0     142      1.516e+08
   84     277     213      64       0     136      1.515e+08
   85     273     219      54       0     122      1.514e+08
   86     281     221      60       0     127      1.512e+08
   87     311     249      62       0      86       1.51e+08
   88     285     215      70       0     106      1.509e+08
   89     288     234      54       0     111      1.507e+08
   90     289     229      60       0     106      1.505e+08
   91     287     219      68       0      91      1.503e+08
   92     281     207      74       0     104      1.501e+08
   93     274     192      82       0     105        1.5e+08
   94     309     215      94       0      76      1.499e+08
   95     299     205      94       0      86      1.498e+08
   96     256     174      82       0     115      1.497e+08
   97     280     174     106       0      93      1.496e+08
   98     267     163     104       0     102      1.495e+08
   99     261     157     104       0     109      1.494e+08
  100     321     201     120       0      42      1.493e+08
  101     255     137     118       0     106      1.491e+08
  102     285     163     122       0      75       1.49e+08
  103     282     150     132       0      63       1.49e+08
  104     260     120     140       0      85      1.489e+08
  105     261     115     146       0      79      1.489e+08
  106     285     141     144       0      67      1.488e+08
  107     273     179      94       0      99      1.488e+08
  108     288     132     156       0      54      1.487e+08
  109     280     124     156       0      57      1.487e+08
  110     271     105     166       0      65      1.486e+08
  111     284     112     172       0      58      1.485e+08
  112     289     123     166       0      48      1.485e+08
  113     289     117     172       0      55      1.484e+08
  114     282     114     168       0      61      1.484e+08
  115     251      75     176       0      95      1.475e+08
  116     260      82     178       0      84      1.474e+08
  117     308     134     174       0      27      1.474e+08
  118     309     129     180       0      32      1.473e+08
  119     313     137     176       0      24      1.472e+08
  120     285     103     182       0      57      1.471e+08
  121     299     119     180       0      39      1.471e+08
  122     309     131     178       0      31       1.47e+08
  123     287     103     184       0      44       1.47e+08
  124     311     133     178       0      28       1.47e+08
  125     295     109     186       0      31      1.469e+08
  126     290     102     188       0      28      1.469e+08
  127     287      99     188       0      46      1.469e+08
  128     300     106     194       0      21      1.468e+08
  129     293      93     200       0      25      1.468e+08
  130     307     105     202       0      14      1.467e+08
  131     304     100     204       0      17      1.467e+08
  132     302      68     234       0      18      1.467e+08
  133     301      67     234       0      17      1.466e+08
  134     300      54     246       0      13      1.466e+08
  135     311      47     264       0      10      1.466e+08
  136     311      47     264       0       9      1.466e+08
