===== Copy Generation Summary =====
#Iter       TotalGen  ind(reg)  mul(reg)  ind(csc)  mul(csc) TotalUsed  ind(reg)  mul(reg)  ind(csc)  mul(csc)            obj
    1            442       349         0        93         0       205       186         0        19         0      2.799e+08
    2            448       383         0        65         0       214       197         0        17         0      2.626e+08
    3            446       380         0        66         0       241       214         0        27         0      2.258e+08
    4            446       401         0        45         0       240       225         0        15         0      1.926e+08
    5            446       363         0        83         0       225       196         0        29         0      1.677e+08
    6            447       390         0        57         0       237       199         0        38         0      1.504e+08
    7            446       414         0        32         0       226       217         0         9         0      1.307e+08
    8            446       397         0        49         0       221       200         0        21         0      1.147e+08
    9            444       381         0        63         0       242       211         0        31         0      1.019e+08
   10            443       351         0        92         0       263       208         0        55         0      9.216e+07
   11            440       390         0        50         0       245       216         0        29         0      7.884e+07
   12            438       386         0        52         0       266       246         0        20         0      7.048e+07
   13            435       351         0        84         0       228       191         0        37         0      6.037e+07
   14            429       369         0        60         0       241       216         0        25         0      5.548e+07
   15            427       389         0        38         0       256       235         0        21         0      5.095e+07
   16            426       403         0        23         0       234       218         0        16         0      4.623e+07
   17            424       383         0        41         0       225       204         0        21         0      4.169e+07
   18            424       402         0        22         0       238       229         0         9         0      3.815e+07
   19            424       381         0        43         0       234       209         0        25         0      3.374e+07
   20            430       368         0        62         0       227       211         0        16         0      2.719e+07
   21            424       390         0        34         0       266       257         0         9         0      2.323e+07
   22            424       369         0        55         0       228       205         0        23         0      1.952e+07
   23            424       328         0        96         0       216       203         0        13         0      1.568e+07
   24            424       395         0        29         0       290       283         0         7         0      1.409e+07
   25            424       398         0        26         0       248       238         0        10         0      1.313e+07
   26            424       384         0        40         0       246       242         0         4         0      1.198e+07
   27            424       396         0        28         0       213       206         0         7         0      1.063e+07
   28            424       392         0        32         0       253       240         0        13         0      1.005e+07
   29            424       355         0        69         0       276       243         0        33         0      9.695e+06
   30            424       382         0        42         0       228       210         0        18         0      9.181e+06
   31            424       394         0        30         0       221       218         0         3         0       8.65e+06
   32            424       355         0        69         0       209       202         0         7         0      8.304e+06
   33            424       331         0        93         0       248       216         0        32         0      7.962e+06
   34            424       370         0        54         0       180       175         0         5         0      7.832e+06
   35            424       367         0        57         0       217       209         0         8         0      7.767e+06
   36            424       369         0        55         0       225       204         0        21         0      7.505e+06
   37            424       385         0        39         0       250       248         0         2         0      7.191e+06
   38            424       336         0        88         0       212       184         0        28         0      6.937e+06
   39            424       382         0        42         0       192       185         0         7         0      6.562e+06
   40            421       308         0       113         0       170       160         0        10         0      6.393e+06
   41            417       339         0        78         0       194       186         0         8         0      6.264e+06
   42            422       347         0        75         0       183       177         0         6         0      6.121e+06
   43            410       361         0        49         0       253       247         0         6         0      5.914e+06
   44            417       343         0        74         0       184       173         0        11         0      5.738e+06
   45            408       325         0        83         0       202       160         0        42         0      5.595e+06
   46            400       345         0        55         0       200       192         0         8         0      5.397e+06
   47            392       320         0        72         0       198       173         0        25         0      5.316e+06
   48            397       345         0        52         0       221       217         0         4         0      5.187e+06
   49            380       295         0        85         0       187       162         0        25         0      5.113e+06
   50            372       332         0        40         0       204       195         0         9         0      4.899e+06
   51            377       314         0        63         0       192       178         0        14         0      4.767e+06
   52            376       331         0        45         0       202       185         0        17         0      4.656e+06
   53            369       282         0        87         0       168       141         0        27         0      4.537e+06
   54            369       316         0        53         0       209       207         0         2         0      4.467e+06
   55            368       276         0        92         0       151       140         0        11         0      4.427e+06
   56            363       310         0        53         0       142       131         0        11         0      4.348e+06
   57            365       298         0        67         0       199       197         0         2         0      4.277e+06
   58            366       311         0        55         0       172       171         0         1         0      4.206e+06
   59            361       272         0        89         0       164       140         0        24         0      4.172e+06
   60            365       301         0        64         0       170       169         0         1         0      4.056e+06
   61            362       304         0        58         0       150       150         0         0         0      3.957e+06
   62            366       321         0        45         0       183       177         0         6         0      3.895e+06
   63            362       290         0        72         0       188       166         0        22         0      3.851e+06
   64            361       294         0        67         0       204       193         0        11         0      3.796e+06
   65            366       311         0        55         0       189       182         0         7         0      3.753e+06
   66            363       237         0       126         0       145       138         0         7         0      3.702e+06
   67            362       269         0        93         0       194       190         0         4         0      3.664e+06
   68            360       297         0        63         0       173       163         0        10         0      3.643e+06
   69            367       285         0        82         0       197       168         0        29         0      3.592e+06
   70            446       412         0        34         0       241       241         0         0         0      3.535e+06
   71            418       391         0        27         0       224       224         0         0         0      3.535e+06
   72            367       328         0        39         0       172       172         0         0         0      3.531e+06
   73            365       268         0        97         0       139       136         0         3         0      3.531e+06
   74            362       274         0        88         0       147       145         0         2         0      3.526e+06
   75            364       308         0        56         0       163       159         0         4         0      3.517e+06
   76            363       287         0        76         0       132       129         0         3         0      3.508e+06
   77            362       287         0        75         0       156       155         0         1         0      3.477e+06
   78            367       290         0        77         0       191       179         0        12         0      3.436e+06
   79            361       249         0       112         0       166       112         0        54         0      3.417e+06
   80            357       275         0        82         0       148       140         0         8         0        3.4e+06
   81            364       288         0        76         0       178       155         0        23         0      3.282e+06
   82            357       261         0        96         0       123       118         0         5         0      3.238e+06
   83            366       273         0        93         0       141       138         0         3         0      3.132e+06
   84            359       253         0       106         0       149       136         0        13         0       3.12e+06
   85            360       275         0        85         0       130       121         0         9         0      3.072e+06
   86            356       251         0       105         0       118       108         0        10         0      3.049e+06
   87            360       253         0       107         0       156       148         0         8         0      2.996e+06
   88            355       252         0       103         0       110       107         0         3         0      2.968e+06
   89            353       251         0       102         0        88        83         0         5         0      2.952e+06
   90            337       229         0       108         0       154       136         0        18         0      2.919e+06
   91            341       202         0       139         0        95        82         0        13         0      2.903e+06
   92            321       208         0       113         0       123       101         0        22         0      2.864e+06
   93            285       231         0        54         0        86        83         0         3         0      2.844e+06
   94            298       195         0       103         0       123       109         0        14         0      2.774e+06
   95            268       209         0        59         0        77        76         0         1         0      2.743e+06
   96            301       205         0        96         0       136       135         0         1         0      2.591e+06
   97            241       177         0        64         0       101        99         0         2         0      2.578e+06
   98            230       161         0        69         0        77        74         0         3         0       2.56e+06
   99            210       166         0        44         0        81        78         0         3         0       2.55e+06
  100            281       205         0        76         0        87        75         0        12         0      2.549e+06
  101            205       166         0        39         0       101       100         0         1         0      2.524e+06
  102            187       125         0        62         0        93        92         0         1         0      2.517e+06
  103            177       132         0        45         0       101        84         0        17         0       2.51e+06
  104            176       136         0        40         0        82        80         0         2         0      2.498e+06
  105            188       116         0        72         0        66        59         0         7         0      2.477e+06
  106            179       126         0        53         0        60        46         0        14         0      2.468e+06
  107            172       134         0        38         0       105        83         0        22         0      2.458e+06
  108            201       141         0        60         0        95        84         0        11         0      2.453e+06
  109            169       117         0        52         0        82        66         0        16         0      2.448e+06
  110            167       156         0        11         0        79        77         0         2         0      2.441e+06
  111            163       154         0         9         0       106       104         0         2         0      2.432e+06
  112            165       150         0        15         0       105       104         0         1         0      2.418e+06
  113            175       143         0        32         0       114       112         0         2         0      2.418e+06
  114            159       149         0        10         0        80        79         0         1         0      2.406e+06
  115            159        80         0        79         0        64        46         0        18         0      2.398e+06
  116            161       135         0        26         0        74        71         0         3         0      2.396e+06
  117            165       145         0        20         0        85        83         0         2         0      2.393e+06
  118            266       189         0        77         0        81        81         0         0         0      2.389e+06
  119            159       157         0         2         0        79        79         0         0         0      2.389e+06
  120            166       156         0        10         0        86        86         0         0         0      2.386e+06
  121            160       121         0        39         0        71        71         0         0         0      2.385e+06
  122            159       108         0        51         0        50        50         0         0         0      2.383e+06
  123            160       146         0        14         0        89        86         0         3         0      2.373e+06
  124            159       119         0        40         0        44        41         0         3         0      2.371e+06
  125            161       100         0        61         0        62        50         0        12         0      2.366e+06
  126            157       131         0        26         0        91        90         0         1         0      2.361e+06
  127            167       122         0        45         0        58        51         0         7         0      2.358e+06
  128            158        92         0        66         0        31        24         0         7         0      2.334e+06
  129            157       106         0        51         0        31        29         0         2         0       2.32e+06
  130            158       144         0        14         0        99        96         0         3         0      2.313e+06
  131            159       143         0        16         0        67        67         0         0         0      2.311e+06
  132            200       158         0        42         0        84        79         0         5         0      2.311e+06
  133            201       164         0        37         0        81        79         0         2         0       2.31e+06
  134            150       109         0        41         0        40        40         0         0         0      2.299e+06
  135            164        78         0        86         0        25        22         0         3         0      2.243e+06
  136            158        97         0        61         0        41        39         0         2         0       2.23e+06
  137            140       103         0        37         0        45        39         0         6         0      2.205e+06
  138            155       135         0        20         0        71        71         0         0         0      2.166e+06
  139            156        99         0        57         0        42        42         0         0         0      2.101e+06
  140            128        65         0        63         0        17        17         0         0         0      2.092e+06
  141            200       140         0        60         0        52        48         0         4         0      2.089e+06
  142            176       113         0        63         0        43        41         0         2         0      2.067e+06
  143            106        77         0        29         0        28        27         0         1         0      2.029e+06
  144             92        64         0        28         0        30        28         0         2         0      2.022e+06
  145            100        62         0        38         0        21        21         0         0         0      1.999e+06
  146            106        64         0        42         0        25        25         0         0         0      1.975e+06
  147             48        29         0        19         0         6         5         0         1         0      1.975e+06
  148             42        23         0        19         0         2         2         0         0         0      1.975e+06
  149             62        39         0        23         0         2         2         0         0         0      1.959e+06
  150             53        34         0        19         0        11        10         0         1         0      1.959e+06
  151             59        34         0        25         0         4         4         0         0         0      1.959e+06
  152             62        43         0        19         0        11        11         0         0         0      1.956e+06
  153             44        29         0        15         0         6         6         0         0         0      1.956e+06
  154             31        22         0         9         0         1         1         0         0         0      1.952e+06
  155             35        26         0         9         0         3         3         0         0         0      1.952e+06
  156             21        17         0         4         0         3         3         0         0         0      1.952e+06
  157             19        13         0         6         0         1         1         0         0         0      1.952e+06
  158             15        14         0         1         0         3         3         0         0         0      1.952e+06
  159             17        16         0         1         0         2         2         0         0         0      1.952e+06
  160             15        13         0         2         0         0         0         0         0         0      1.952e+06
  161             22        18         0         4         0         1         1         0         0         0      1.952e+06
  162             28        21         0         7         0         2         2         0         0         0      1.952e+06
  163             21        19         0         2         0         2         2         0         0         0      1.952e+06
  164             12        11         0         1         0         0         0         0         0         0      1.952e+06
  165             18        14         0         4         0         0         0         0         0         0      1.952e+06
