111-7/7	N731AL	N731AL	-NA-
542-7/7	N442AS	N442AS	-NA-
168-7/7	N307AS	N307AS	-NA-
148-7/7	N613AS	N613AS	-NA-
150-7/7	N409AS	N409AS	-NA-
110-7/7	N812AK	N812AK	-NA-
54-7/7	N483AS	N483AS	-NA-
302-7/7	N518AS	N518AS	-NA-
42-7/7	N453AS	N453AS	-NA-
336-7/7	N961AK	N961AK	-NA-
156-7/7	N935AK	N935AK	-NA-
377-7/7	N724AL	N724AL	-NA-
351-7/7	N926AK	N926AK	-NA-
546-7/7	N487AS	N487AS	-NA-
446-7/7	N423AS	N423AS	-NA-
942-7/7	N474AS	N474AS	-NA-
573-7/7	N938AK	N938AK	-NA-
548-7/7	N734AL	N734AL	-NA-
21-7/7	N525AS	N525AS	-NA-
453-7/7	N464AS	N464AS	-NA-
316-7/7	N491AS	N491AS	-NA-
627-7/7	N291BT	N291BT	-NA-
1021-7/7	N723AL	N723AL	-NA-
381-7/7	N952AK	N952AK	-NA-
361-7/7	N958AK	N958AK	-NA-
299-7/7	N975AK	N975AK	-NA-
459-7/7	N440AS	N440AS	-NA-
395-7/7	N984AK	N984AK	-NA-
308-7/7	N733AL	N733AL	-NA-
242-7/7	N448AS	N448AS	-NA-
920-7/7	N435AS	N435AS	-NA-
387-7/7	N960AK	N960AK	-NA-
473-7/7	N292AK	N292AK	-NA-
563-7/7	N712AL	N712AL	-NA-
349-7/7	N519AS	N519AS	-NA-
289-7/7	N273AK	N273AK	-NA-
495-7/7	N983AK	N983AK	-NA-
413-7/7	N268AK	N268AK	-NA-
383-7/7	N285AK	N285AK	-NA-
643-7/7	N471AS	N471AS	-NA-
1-7/7	N536AS	N536AS	-NA-
341-7/7	N710AL	N710AL	-NA-
458-7/7	N719AL	N719AL	-NA-
451-7/7	N977AK	N977AK	-NA-
595-7/7	N973AK	N973AK	-NA-
737-7/7	N968AK	N968AK	-NA-
303-7/7	N967AK	N967AK	-NA-
541-7/7	N265AK	N265AK	-NA-
428-7/7	N729AL	N729AL	-NA-
260-7/7	N577AS	N577AS	-NA-
15-7/7	N523AS	N523AS	-NA-
981-7/7	N552AS	N552AS	-NA-
1293-7/7	N514AS	N514AS	-NA-
433-7/7	N982AK	N982AK	-NA-
966-7/7	N596AS	N596AS	-NA-
701-7/7	N557AS	N557AS	-NA-
186-7/7	N607AS	N607AS	-NA-
1091-7/7	N920AK	N920AK	-NA-
408-7/7	N434AS	N434AS	-NA-
188-7/7	N403AS	N403AS	-NA-
1316-7/7	N579AS	N579AS	-NA-
375-7/7	N214AK	N214AK	-NA-
N483AS_SEA-13:00/18:00	N483AS	N483AS	-NA-
683-7/7	N275AK	N275AK	-NA-
132-7/7	N467AS	N467AS	-NA-
1109-7/7	N532AS	N532AS	-NA-
943-7/7	N284AK	N284AK	-NA-
799-7/7	N506AS	N506AS	-NA-
491-7/7	N809AK	N809AK	-NA-
173-7/7	N565AS	N565AS	-NA-
373-7/7	N708AL	N708AL	-NA-
499-7/7	N928AK	N928AK	-NA-
593-7/7	N618AS	N618AS	-NA-
1217-7/7	N947AK	N947AK	-NA-
1265-7/7	N956AK	N956AK	-NA-
30-7/7	N966AK	N966AK	-NA-
68-7/7	N953AK	N953AK	-NA-
537-7/7	N248AK	N248AK	-NA-
533-7/7	N298AK	N298AK	-NA-
298-7/7	N974AK	N974AK	-NA-
623-7/7	N803AK	N803AK	-NA-
55-7/7	N611AS	N611AS	-NA-
1325-7/7	N564AS	N564AS	-NA-
210-7/7	N526AS	N526AS	-NA-
5-7/7	N590AS	N590AS	-NA-
65003-7/7	N613AS	N613AS	-NA-
1151-7/7	N535AS	N535AS	-NA-
931-7/7	N609AS	N609AS	-NA-
511-7/7	N806AK	N806AK	-NA-
1298-7/7	N553AS	N553AS	-NA-
1124-7/7	N537AS	N537AS	-NA-
1136001-7/7	N594AS	N594AS	-NA-
393-7/7	N593AS	N593AS	-NA-
1258-7/7	N236AK	N236AK	-NA-
1130-7/7	N469AS	N469AS	-NA-
399-7/7	N972AK	N972AK	-NA-
1181-7/7	N556AS	N556AS	-NA-
24-7/7	N969AK	N969AK	-NA-
284-7/7	N912AK	N912AK	-NA-
1101-7/7	N913AK	N913AK	-NA-
797-7/7	N964AK	N964AK	-NA-
831-7/7	N963AK	N963AK	-NA-
512-7/7	N247AK	N247AK	-NA-
358-7/7	N290AK	N290AK	-NA-
1239-7/7	N915AK	N915AK	-NA-
281-7/7	N294AK	N294AK	-NA-
1226-7/7	N954AK	N954AK	-NA-
1041-7/7	N402AS	N402AS	-NA-
790-7/7	N569AS	N569AS	-NA-
1076-7/7	N934AK	N934AK	-NA-
504-7/7	N929AK	N929AK	-NA-
85-7/7	N924AK	N924AK	-NA-
745-7/7	N921AK	N921AK	-NA-
365-7/7	N442AS	N442AS	-NA-
963-7/7	N477AS	N477AS	-NA-
1043-7/7	N738AL	N738AL	-NA-
82-7/7	N731AL	N731AL	-NA-
974-7/7	N492AS	N492AS	-NA-
35-7/7	N472AS	N472AS	-NA-
869-7/7	N529AS	N529AS	-NA-
917-7/7	N720AL	N720AL	-NA-
368-7/7	N716AL	N716AL	-NA-
618-7/7	N705AL	N705AL	-NA-
784-7/7	N978AK	N978AK	-NA-
73001-7/7	N622AS	N622AS	-NA-
61002-7/7	N619AS	N619AS	-NA-
1082-7/7	N812AK	N812AK	-NA-
324-7/7	N413AS	N413AS	-NA-
1193-7/7	N936AK	N936AK	-NA-
526-7/7	N581AS	N581AS	-NA-
1089-7/7	N280AK	N280AK	-NA-
645-7/7	N520AS	N520AS	-NA-
430-7/7	N493AS	N493AS	-NA-
1154-7/7	N941AK	N941AK	-NA-
1063-7/7	N459AS	N459AS	-NA-
912-7/7	N813AK	N813AK	-NA-
1148-7/7	N516AS	N516AS	-NA-
249-7/7	N713AL	N713AL	-NA-
18-7/7	N481AS	N481AS	-NA-
1074-7/7	N238AK	N238AK	-NA-
139-7/7	N287AK	N287AK	-NA-
248-7/7	N919AK	N919AK	-NA-
62-7/7	N586AS	N586AS	-NA-
1228-7/7	N976AK	N976AK	-NA-
292-7/7	N431AS	N431AS	-NA-
516-7/7	N284AK	N284AK	-NA-
606-7/7	N457AS	N457AS	-NA-
867-7/7	N518AS	N518AS	-NA-
648-7/7	N453AS	---	Unassigned
196-7/7	N592AS	---	Unassigned
79-7/7	N596AS	---	Unassigned
1410-7/7	N433AS	N251AK	0
479-7/7	N288AK	---	Unassigned
1290001-7/7	N272AK	---	Unassigned
1306-7/7	N968AK	---	Unassigned
329-7/7	N274AK	---	Unassigned
10-7/7	N560AS	N560AS	0
1179-7/7	N805AK	N805AK	67
366001-7/7	N517AS	---	Unassigned
1149-7/7	N587AS	---	Unassigned
890-7/7	N508AS	N517AS	0
555001-7/7	N707AL	N949AK	0
26-7/7	N419AS	N419AS	0
682001-7/7	N935AK	---	Unassigned
916-7/7	N942AK	N722AL	0
142-7/7	N462AS	---	Unassigned
825-7/7	N706AL	---	Unassigned
231-7/7	N549AS	N549AS	0
233-7/7	N495AS	---	Unassigned
1166-7/7	N928AK	---	Unassigned
405001-7/7	N513AS	---	Unassigned
1255-7/7	N486AS	---	Unassigned
60-7/7	N615AS	---	Unassigned
1071-7/7	N538AS	---	Unassigned
90-7/7	N282AK	---	Unassigned
47-7/7	N478AS	---	Unassigned
414-7/7	N958AK	---	Unassigned
1169-7/7	N530AS	---	Unassigned
165-7/7	N531AS	N531AS	0
214-7/7	N962AK	N985AK	0
306-7/7	N709AL	---	Unassigned
305001-7/7	N467AS	---	Unassigned
612-7/7	N309AS	---	Unassigned
1254-7/7	N277AK	---	Unassigned
313001-7/7	N253AK	---	Unassigned
560-7/7	N512AS	---	Unassigned
613-7/7	N918AK	---	Unassigned
227-7/7	N933AK	N933AK	0
388-7/7	N947AK	---	Unassigned
73-7/7	N622AS	N622AS	0
4-7/7	N804AK	---	Unassigned
390-7/7	N932AK	---	Unassigned
402-7/7	N494AS	---	Unassigned
718-7/7	N725AL	N931AK	0
572001-7/7	N270AK	---	Unassigned
1190-7/7	N527AS	---	Unassigned
294-7/7	N260AK	---	Unassigned
1268-7/7	N408AS	---	Unassigned
270-7/7	N732AL	---	Unassigned
320-7/7	N597AS	N538AS	0
57-7/7	N267AK	---	Unassigned
83-7/7	N237AK	---	Unassigned
502-7/7	N471AS	N453AS	0
578-7/7	N990AK	N948AK	0
113-7/7	N251AK	---	Unassigned
312001-7/7	N938AK	---	Unassigned
418001-7/7	N552AS	N552AS	0
55001-7/7	N611AS	---	Unassigned
406001-7/7	N724AL	---	Unassigned
1113-7/7	N931AK	---	Unassigned
899-7/7	N568AS	---	Unassigned
568-7/7	N474AS	---	Unassigned
727-7/7	N477AS	N237AK	0
326-7/7	N487AS	---	Unassigned
442-7/7	N448AS	---	Unassigned
215-7/7	N318AS	N318AS	60
8-7/7	N581AS	N581AS	0
65001-7/7	N613AS	---	Unassigned
798-7/7	N409AS	---	Unassigned
1051-7/7	N607AS	---	Unassigned
426-7/7	N548AS	---	Unassigned
149-7/7	N506AS	---	Unassigned
101-7/7	N491AS	---	Unassigned
1007-7/7	N738AL	---	Unassigned
1080-7/7	N712AL	N935AK	0
72-7/7	N609AS	---	Unassigned
137-7/7	N592AS	---	Unassigned
174-7/7	N514AS	---	Unassigned
1108-7/7	N292AK	N277AK	0
1259-7/7	N813AK	---	Unassigned
48-7/7	N546AS	---	Unassigned
60001-7/7	N615AS	---	Unassigned
23-7/7	N293AK	---	Unassigned
875-7/7	N535AS	---	Unassigned
731-7/7	N224AK	---	Unassigned
1311-7/7	N954AK	---	Unassigned
232-7/7	N549AS	N549AS	0
1133-7/7	N920AK	---	Unassigned
378-7/7	N952AK	---	Unassigned
198-7/7	N612AS	---	Unassigned
477-7/7	N734AL	---	Unassigned
450001-7/7	N960AK	---	Unassigned
796-7/7	N493AS	---	Unassigned
508001-7/7	N722AL	---	Unassigned
629-7/7	N913AK	N913AK	0
505-7/7	N956AK	---	Unassigned
61001-7/7	N619AS	---	Unassigned
535001-7/7	N291BT	---	Unassigned
62001-7/7	N586AS	---	Unassigned
522001-7/7	N423AS	---	Unassigned
1277-7/7	N553AS	---	Unassigned
1256-7/7	N435AS	---	Unassigned
887-7/7	N926AK	---	Unassigned
480001-7/7	N921AK	---	Unassigned
829-7/7	N723AL	---	Unassigned
863-7/7	N537AS	---	Unassigned
128-7/7	N280AK	---	Unassigned
1161-7/7	N459AS	N408AS	0
1143-7/7	N961AK	---	Unassigned
1084-7/7	N556AS	---	Unassigned
1420-7/7	N433AS	---	Unassigned
807-7/7	N570AS	---	Unassigned
1136-7/7	N594AS	---	Unassigned
300-7/7	N492AS	N459AS	0
160-7/7	N565AS	---	Unassigned
216001-7/7	N403AS	---	Unassigned
738-7/7	N296AK	---	Unassigned
385-7/7	N593AS	N593AS	0
1296-7/7	N268AK	N280AK	0
775-7/7	N618AS	---	Unassigned
500001-7/7	N402AS	---	Unassigned
637-7/7	N915AK	---	Unassigned
1278-7/7	N973AK	---	Unassigned
322-7/7	N236AK	---	Unassigned
757-7/7	N806AK	---	Unassigned
429-7/7	N462AS	---	Unassigned
1073-7/7	N469AS	N495AS	0
121-7/7	N265AK	---	Unassigned
725-7/7	N903AK	---	Unassigned
49-7/7	N557AS	---	Unassigned
818-7/7	N936AK	---	Unassigned
739-7/7	N812AK	N812AK	0
543-7/7	N809AK	---	Unassigned
822-7/7	N562AS	---	Unassigned
862-7/7	N703AL	---	Unassigned
824-7/7	N917AK	---	Unassigned
1240-7/7	N964AK	---	Unassigned
891-7/7	N434AS	---	Unassigned
474-7/7	N238AK	N238AK	0
234-7/7	N267AK	---	Unassigned
412001-7/7	N984AK	---	Unassigned
34-7/7	N285AK	---	Unassigned
434-7/7	N918AK	---	Unassigned
1299-7/7	N516AS	---	Unassigned
65004-7/7	N613AS	---	Unassigned
1010-7/7	N486AS	---	Unassigned
63-7/7	N977AK	---	Unassigned
1017-7/7	N710AL	---	Unassigned
934001-7/7	N731AL	---	Unassigned
1174-7/7	N519AS	---	Unassigned
108-7/7	N622AS	---	Unassigned
904-7/7	N983AK	---	Unassigned
1075-7/7	N928AK	---	Unassigned
1467-7/7	N725AL	---	Unassigned
392-7/7	N967AK	---	Unassigned
908-7/7	N564AS	---	Unassigned
1290-7/7	N272AK	---	Unassigned
1328-7/7	N705AL	---	Unassigned
1112-7/7	N525AS	---	Unassigned
154001-7/7	N526AS	---	Unassigned
104-7/7	N924AK	N955AK	0
932-7/7	N919AK	N960AK	24
503-7/7	N247AK	---	Unassigned
733-7/7	N440AS	---	Unassigned
900-7/7	N520AS	---	Unassigned
1096-7/7	N729AL	---	Unassigned
71-7/7	N288AK	---	Unassigned
722-7/7	N318AS	---	Unassigned
438-7/7	N282AK	---	Unassigned
682-7/7	N935AK	---	Unassigned
64-7/7	N611AS	---	Unassigned
603-7/7	N457AS	---	Unassigned
817-7/7	N941AK	N984AK	5
598-7/7	N719AL	N733AL	0
1305-7/7	N968AK	---	Unassigned
62003-7/7	N586AS	---	Unassigned
43-7/7	N549AS	N549AS	0
658-7/7	N275AK	---	Unassigned
785-7/7	N309AS	---	Unassigned
1144-7/7	N805AK	N804AK	0
1111-7/7	N277AK	---	Unassigned
1118-7/7	N587AS	---	Unassigned
106001-7/7	N929AK	---	Unassigned
1216-7/7	N536AS	---	Unassigned
1314-7/7	N283AK	---	Unassigned
835-7/7	N733AL	---	Unassigned
325-7/7	N413AS	---	Unassigned
843-7/7	N530AS	---	Unassigned
641-7/7	N453AS	---	Unassigned
61003-7/7	N619AS	---	Unassigned
1114-7/7	N931AK	---	Unassigned
1137-7/7	N523AS	N597AS	0
N954AK_SEA-19:14/22:14	N954AK	---	Unassigned
352-7/7	N214AK	N275AK	0
137001-7/7	N592AS	---	Unassigned
555-7/7	N707AL	---	Unassigned
65002-7/7	N613AS	---	Unassigned
1018-7/7	N538AS	---	Unassigned
330-7/7	N990AK	---	Unassigned
494001-7/7	N478AS	---	Unassigned
864-7/7	N537AS	---	Unassigned
100-7/7	N596AS	---	Unassigned
14-7/7	N577AS	N523AS	0
740-7/7	N527AS	---	Unassigned
405-7/7	N513AS	---	Unassigned
291-7/7	N972AK	---	Unassigned
475-7/7	N978AK	N978AK	0
1150001-7/7	N442AS	---	Unassigned
366-7/7	N517AS	---	Unassigned
102-7/7	N491AS	---	Unassigned
697001-7/7	N976AK	N291BT	0
175-7/7	N294AK	---	Unassigned
1281-7/7	N920AK	---	Unassigned
25-7/7	N966AK	---	Unassigned
280-7/7	N974AK	---	Unassigned
1081-7/7	N712AL	---	Unassigned
407-7/7	N508AS	---	Unassigned
620001-7/7	N281AK	---	Unassigned
312-7/7	N938AK	---	Unassigned
140-7/7	N622AS	---	Unassigned
415-7/7	N958AK	---	Unassigned
1038-7/7	N607AS	---	Unassigned
74-7/7	N609AS	---	Unassigned
1011-7/7	N486AS	---	Unassigned
388001-7/7	N947AK	---	Unassigned
20-7/7	N708AL	N725AL	0
266-7/7	N953AK	---	Unassigned
1016-7/7	N710AL	---	Unassigned
304-7/7	N290AK	---	Unassigned
909-7/7	N564AS	---	Unassigned
808-7/7	N529AS	---	Unassigned
1061-7/7	N812AK	---	Unassigned
934-7/7	N731AL	---	Unassigned
6-7/7	N590AS	N589AS	0
297-7/7	N912AK	N912AK	0
418-7/7	N552AS	---	Unassigned
229001-7/7	N551AS	---	Unassigned
700-7/7	N298AK	---	Unassigned
1132-7/7	N409AS	---	Unassigned
357001-7/7	N248AK	---	Unassigned
154-7/7	N526AS	---	Unassigned
114-7/7	N969AK	N966AK	0
419-7/7	N716AL	N716AL	0
549-7/7	N464AS	---	Unassigned
162-7/7	N237AK	---	Unassigned
95-7/7	N615AS	---	Unassigned
31-7/7	N481AS	---	Unassigned
410-7/7	N493AS	---	Unassigned
1097-7/7	N292AK	---	Unassigned
313-7/7	N253AK	---	Unassigned
840-7/7	N569AS	---	Unassigned
62002-7/7	N586AS	---	Unassigned
189-7/7	N913AK	---	Unassigned
1159-7/7	N556AS	---	Unassigned
432-7/7	N472AS	N472AS	0
1006-7/7	N738AL	---	Unassigned
898-7/7	N963AK	N963AK	0
2-7/7	N813AK	---	Unassigned
61-7/7	N619AS	---	Unassigned
534-7/7	N280AK	---	Unassigned
732-7/7	N224AK	---	Unassigned
905-7/7	N983AK	---	Unassigned
3-7/7	N560AS	---	Unassigned
535-7/7	N291BT	---	Unassigned
676-7/7	N806AK	---	Unassigned
1198-7/7	N274AK	---	Unassigned
1315-7/7	N961AK	---	Unassigned
1319-7/7	N713AL	---	Unassigned
122-7/7	N265AK	---	Unassigned
65-7/7	N613AS	---	Unassigned
773-7/7	N553AS	---	Unassigned
1083-7/7	N956AK	N964AK	0
1300-7/7	N720AL	---	Unassigned
582-7/7	N435AS	---	Unassigned
518-7/7	N471AS	---	Unassigned
44-7/7	N549AS	N549AS	0
756-7/7	N296AK	---	Unassigned
1297-7/7	N268AK	---	Unassigned
1238-7/7	N459AS	N457AS	0
1269-7/7	N408AS	---	Unassigned
64001-7/7	N611AS	---	Unassigned
1242-7/7	N973AK	---	Unassigned
507-7/7	N962AK	---	Unassigned
66-7/7	N506AS	---	Unassigned
19-7/7	N419AS	---	Unassigned
462-7/7	N431AS	---	Unassigned
946-7/7	N469AS	---	Unassigned
778-7/7	N594AS	---	Unassigned
836-7/7	N964AK	N961AK	0
601-7/7	N520AS	---	Unassigned
92-7/7	N546AS	N520AS	0
1235-7/7	N516AS	---	Unassigned
103-7/7	N514AS	---	Unassigned
16-7/7	N928AK	---	Unassigned
1247-7/7	N705AL	---	Unassigned
734-7/7	N440AS	---	Unassigned
58-7/7	N977AK	---	Unassigned
107-7/7	N955AK	---	Unassigned
396-7/7	N593AS	N593AS	0
290-7/7	N495AS	---	Unassigned
9-7/7	N804AK	---	Unassigned
389-7/7	N709AL	---	Unassigned
1225-7/7	N525AS	N530AS	0
646-7/7	N548AS	---	Unassigned
1204-7/7	N612AS	---	Unassigned
480-7/7	N921AK	---	Unassigned
1287-7/7	N725AL	---	Unassigned
1160-7/7	N733AL	N967AK	0
894-7/7	N518AS	N529AS	0
301-7/7	N942AK	---	Unassigned
517-7/7	N284AK	N284AK	0
569-7/7	N474AS	---	Unassigned
89-7/7	N592AS	---	Unassigned
1100-7/7	N537AS	---	Unassigned
1358-7/7	N536AS	---	Unassigned
131-7/7	N915AK	---	Unassigned
947-7/7	N538AS	---	Unassigned
572-7/7	N270AK	---	Unassigned
1191-7/7	N519AS	---	Unassigned
485-7/7	N494AS	---	Unassigned
929-7/7	N527AS	---	Unassigned
1046-7/7	N272AK	---	Unassigned
183-7/7	N531AS	---	Unassigned
868-7/7	N512AS	---	Unassigned
783-7/7	N477AS	---	Unassigned
397-7/7	N597AS	---	Unassigned
697-7/7	N976AK	---	Unassigned
406-7/7	N724AL	---	Unassigned
176-7/7	N288AK	---	Unassigned
509-7/7	N710AL	---	Unassigned
1279-7/7	N948AK	---	Unassigned
N809AK_SEA-22:17/02:17	N809AK	---	Unassigned
226-7/7	N287AK	N267AK	0
860-7/7	N706AL	N703AL	0
305-7/7	N467AS	---	Unassigned
1175-7/7	N931AK	---	Unassigned
293-7/7	N260AK	N431AS	0
1086-7/7	N283AK	---	Unassigned
51-7/7	N803AK	N803AK	0
450-7/7	N960AK	---	Unassigned
933-7/7	N919AK	---	Unassigned
819-7/7	N932AK	---	Unassigned
67002-7/7	N564AS	N519AS	0
1135-7/7	N729AL	N982AK	0
508-7/7	N722AL	---	Unassigned
1257-7/7	N565AS	---	Unassigned
634-7/7	N275AK	N288AK	0
600-7/7	N920AK	---	Unassigned
460-7/7	N267AK	---	Unassigned
1284-7/7	N309AS	---	Unassigned
522-7/7	N423AS	---	Unassigned
975-7/7	N318AS	---	Unassigned
571-7/7	N933AK	N708AL	0
1030-7/7	N968AK	---	Unassigned
500-7/7	N402AS	---	Unassigned
1052001-7/7	N731AL	---	Unassigned
602-7/7	N277AK	---	Unassigned
56-7/7	N297AK	N297AK	0
1421-7/7	N433AS	---	Unassigned
443-7/7	N448AS	---	Unassigned
64003-7/7	N611AS	---	Unassigned
420-7/7	N935AK	---	Unassigned
17-7/7	N251AK	N481AS	0
337-7/7	N462AS	---	Unassigned
216-7/7	N403AS	---	Unassigned
326001-7/7	N487AS	---	Unassigned
271-7/7	N732AL	---	Unassigned
99-7/7	N457AS	---	Unassigned
7-7/7	N581AS	---	Unassigned
744-7/7	N491AS	---	Unassigned
348-7/7	N486AS	---	Unassigned
1119-7/7	N587AS	---	Unassigned
1396-7/7	N903AK	---	Unassigned
962-7/7	N954AK	---	Unassigned
1138-7/7	N526AS	N527AS	0
1167-7/7	N990AK	N962AK	0
445-7/7	N924AK	---	Unassigned
492-7/7	N975AK	---	Unassigned
379-7/7	N952AK	---	Unassigned
66001-7/7	N506AS	---	Unassigned
1150-7/7	N442AS	---	Unassigned
201-7/7	N618AS	N612AS	0
317-7/7	N967AK	---	Unassigned
1042001-7/7	N523AS	---	Unassigned
1092-7/7	N712AL	---	Unassigned
561-7/7	N568AS	---	Unassigned
941-7/7	N434AS	---	Unassigned
287-7/7	N734AL	---	Unassigned
334-7/7	N238AK	---	Unassigned
155-7/7	N549AS	N549AS	0
151001-7/7	N514AS	---	Unassigned
412-7/7	N984AK	---	Unassigned
590-7/7	N453AS	---	Unassigned
1019-7/7	N469AS	---	Unassigned
591-7/7	N409AS	N433AS	0
86-7/7	N613AS	---	Unassigned
720-7/7	N609AS	---	Unassigned
1125-7/7	N812AK	---	Unassigned
88-7/7	N592AS	N592AS	0
620-7/7	N281AK	---	Unassigned
106-7/7	N929AK	---	Unassigned
1146-7/7	N607AS	---	Unassigned
688-7/7	N983AK	---	Unassigned
435-7/7	N236AK	---	Unassigned
157-7/8	N615AS	N615AS	0
1214-7/8	N247AK	N494AS	0
1321-7/8	N596AS	---	Unassigned
439-7/8	N282AK	---	Unassigned
64004-7/8	N611AS	---	Unassigned
369-7/8	N492AS	---	Unassigned
225-7/8	N707AL	---	Unassigned
1468-7/8	N293AK	N292AK	0
791-7/8	N535AS	---	Unassigned
1301-7/8	N483AS	---	Unassigned
821-7/8	N532AS	N532AS	0
597-7/8	N719AL	---	Unassigned
213-7/8	N918AK	---	Unassigned
355-7/8	N936AK	---	Unassigned
182-7/8	N531AS	---	Unassigned
269-7/8	N964AK	---	Unassigned
41-7/8	N285AK	N293AK	0
611-7/8	N298AK	---	Unassigned
134-7/8	N294AK	N287AK	0
1122-7/8	N961AK	N903AK	0
1176-7/8	N296AK	---	Unassigned
339-7/8	N214AK	---	Unassigned
291001-7/8	N972AK	---	Unassigned
896-7/8	N926AK	---	Unassigned
806-7/8	N723AL	---	Unassigned
1370-7/8	N265AK	N268AK	0
94-7/8	N546AS	---	Unassigned
1202-7/8	N525AS	N596AS	0
376-7/8	N413AS	N492AS	0
494-7/8	N478AS	---	Unassigned
278-7/8	N556AS	---	Unassigned
97-7/8	N705AL	---	Unassigned
398-7/8	N703AL	N921AK	0
856-7/8	N570AS	N518AS	0
382-7/8	N586AS	---	Unassigned
960-7/8	N917AK	---	Unassigned
599-7/8	N594AS	---	Unassigned
353-7/8	N538AS	N537AS	0
229-7/8	N551AS	---	Unassigned
1229-7/8	N553AS	---	Unassigned
1455-7/8	N268AK	N265AK	0
735-7/8	N274AK	---	Unassigned
538-7/8	N956AK	---	Unassigned
1295-7/8	N527AS	---	Unassigned
78-7/8	N931AK	---	Unassigned
372-7/8	N435AS	---	Unassigned
357-7/8	N248AK	---	Unassigned
424-7/8	N440AS	---	Unassigned
1163-7/8	N520AS	---	Unassigned
1140-7/8	N536AS	---	Unassigned
632-7/8	N513AS	---	Unassigned
730-7/8	N973AK	N936AK	0
1098-7/8	N292AK	---	Unassigned
1107-7/8	N725AL	---	Unassigned
1062-7/8	N459AS	---	Unassigned
564-7/8	N291BT	---	Unassigned
66003-7/8	N506AS	---	Unassigned
662-7/8	N224AK	N224AK	0
472-7/8	N976AK	---	Unassigned
1131-7/8	N516AS	---	Unassigned
964-7/8	N954AK	---	Unassigned
1397-7/8	N720AL	---	Unassigned
1048-7/8	N806AK	---	Unassigned
241-7/8	N237AK	---	Unassigned
1047-7/8	N272AK	---	Unassigned
510-7/8	N710AL	---	Unassigned
50-7/8	N803AK	N803AK	0
1093-7/8	N733AL	---	Unassigned
1085-7/8	N537AS	N516AS	0
1294-7/8	N612AS	---	Unassigned
1031-7/8	N968AK	---	Unassigned
67001-7/8	N564AS	---	Unassigned
805-7/8	N738AL	---	Unassigned
823-7/8	N947AK	N976AK	0
143-7/8	N913AK	---	Unassigned
779-7/8	N933AK	N918AK	0
69001-7/8	N622AS	---	Unassigned
77-7/8	N615AS	---	Unassigned
550-7/8	N464AS	---	Unassigned
1310-7/8	N958AK	---	Unassigned
386-7/8	N562AS	---	Unassigned
776-7/8	N275AK	---	Unassigned
64002-7/8	N611AS	---	Unassigned
409-7/8	N493AS	N434AS	0
391-7/8	N593AS	N593AS	0
839-7/8	N517AS	---	Unassigned
513-7/8	N280AK	---	Unassigned
523-7/8	N924AK	---	Unassigned
338-7/8	N977AK	---	Unassigned
45-7/8	N592AS	---	Unassigned
1280-7/8	N948AK	---	Unassigned
1104-7/8	N552AS	---	Unassigned
478-7/8	N938AK	---	Unassigned
1065-7/8	N309AS	---	Unassigned
84-7/8	N618AS	---	Unassigned
939-7/8	N508AS	---	Unassigned
1028-7/8	N978AK	N932AK	0
1087-7/8	N283AK	---	Unassigned
151-7/8	N514AS	---	Unassigned
801-7/8	N519AS	---	Unassigned
155001-7/8	N549AS	N549AS	0
105-7/8	N288AK	---	Unassigned
1199-7/8	N982AK	---	Unassigned
525-7/8	N953AK	---	Unassigned
1318-7/8	N955AK	N972AK	0
1203-7/8	N565AS	---	Unassigned
87-7/8	N613AS	N611AS	0
1052-7/8	N731AL	---	Unassigned
N963AK_PDX-02:19/05:19	N963AK	---	Unassigned
1215-7/8	N934AK	N934AK	0
1168-7/8	N469AS	---	Unassigned
1139-7/8	N526AS	---	Unassigned
177-7/8	N531AS	---	Unassigned
615-7/8	N277AK	---	Unassigned
579-7/8	N990AK	---	Unassigned
1042-7/8	N523AS	---	Unassigned
205-7/8	N253AK	---	Unassigned
721-7/8	N609AS	---	Unassigned
1288-7/8	N587AS	---	Unassigned
719-7/8	N812AK	---	Unassigned
965-7/8	N917AK	---	Unassigned
193-7/8	N579AS	---	Unassigned
403-7/8	N920AK	---	Unassigned
1158-7/8	N548AS	---	Unassigned
1327-7/8	N471AS	---	Unassigned
167-7/8	N442AS	N402AS	0
1194-7/8	N318AS	---	Unassigned
1224-7/8	N729AL	---	Unassigned
136-7/8	N297AK	---	Unassigned
66002-7/8	N506AS	N586AS	0
827-7/8	N915AK	N953AK	0
1005-7/8	N966AK	---	Unassigned
141-7/8	N296AK	---	Unassigned
780-7/8	N290AK	N270AK	1
1156-7/8	N409AS	---	Unassigned
1004-7/8	N281AK	---	Unassigned
1321001-7/8	N596AS	---	Unassigned
67003-7/8	N564AS	---	Unassigned
1289-7/8	N589AS	N579AS	0
1034-7/8	N954AK	---	Unassigned
642-7/8	N949AK	---	Unassigned
228-7/8	N569AS	---	Unassigned
1050-7/8	N529AS	---	Unassigned
N462AS_SEA-03:34/06:34	N462AS	---	Unassigned
729-7/8	N912AK	N723AL	0
1192-7/8	N974AK	---	Unassigned
70-7/8	N457AS	N478AS	0
1110-7/8	N607AS	---	Unassigned
922-7/8	N453AS	---	Unassigned
133-7/8	N722AL	---	Unassigned
644-7/8	N716AL	N712AL	0
1067-7/8	N961AK	---	Unassigned
46-7/8	N592AS	---	Unassigned
1264-7/8	N960AK	---	Unassigned
1292-7/8	N551AS	N536AS	0
272-7/8	N514AS	---	Unassigned
774-7/8	N525AS	---	Unassigned
91-7/8	N809AK	---	Unassigned
1055-7/8	N556AS	N590AS	0
444-7/8	N474AS	N491AS	0
636-7/8	N733AL	---	Unassigned
749-7/8	N983AK	---	Unassigned
622-7/8	N801AK	N801AK	0
282-7/8	N985AK	N990AK	0
307-7/8	N969AK	---	Unassigned
69-7/8	N622AS	N613AS	0
1040-7/8	N917AK	---	Unassigned
1291-7/8	N713AL	---	Unassigned
1162-7/8	N804AK	N806AK	0
803-7/8	N712AL	---	Unassigned
436-7/8	N224AK	---	Unassigned
314-7/8	N967AK	---	Unassigned
728-7/8	N512AS	N556AS	0
547-7/8	N274AK	---	Unassigned
67-7/8	N564AS	---	Unassigned
980-7/8	N402AS	---	Unassigned
736-7/8	N611AS	---	Unassigned
1152-7/8	N929AK	---	Unassigned
545-7/8	N483AS	N442AS	15
380-7/8	N270AK	N296AK	15
1039-7/8	N273AK	---	Unassigned
315-7/8	N494AS	N483AS	15
1230-7/8	N710AL	---	Unassigned
1201-7/8	N958AK	---	Unassigned
197-7/8	N612AS	N618AS	0
1020-7/8	N292AK	---	Unassigned
919-7/8	N294AK	N298AK	5
36-7/8	N709AL	---	Unassigned
115-7/8	N403AS	N264AK	1
138-7/8	N707AL	---	Unassigned
374-7/8	N955AK	N719AL	0
344-7/8	N423AS	---	Unassigned
570-7/8	N973AK	---	Unassigned
192-7/8	N705AL	---	Unassigned
22-7/8	N481AS	---	Unassigned
455-7/8	N966AK	---	Unassigned
259-7/8	N508AS	N577AS	0
161-7/8	N283AK	---	Unassigned
924-7/8	N467AS	---	Unassigned
959-7/8	N284AK	N294AK	0
1057-7/8	N963AK	---	Unassigned
185-7/8	N309AS	---	Unassigned
360-7/8	N952AK	N958AK	0
119-7/8	N553AS	N548AS	0
498-7/8	N546AS	---	Unassigned
394-7/8	N724AL	N738AL	0
340-7/8	N471AS	---	Unassigned
70001-7/8	N457AS	---	Unassigned
490-7/8	N478AS	N403AS	0
400-7/8	N932AK	---	Unassigned
367-7/8	N972AK	---	Unassigned
59-7/8	N931AK	---	Unassigned
423-7/8	N264AK	N253AK	0
536-7/8	N982AK	---	Unassigned
328-7/8	N934AK	---	Unassigned
427-7/8	N462AS	N487AS	0
112-7/8	N238AK	N448AS	0
464-7/8	N464AS	---	Unassigned
144-7/8	N913AK	N720AL	0
452-7/8	N487AS	---	Unassigned
1227-7/8	N248AK	---	Unassigned
172-7/8	N288AK	---	Unassigned
164-7/8	N592AS	---	Unassigned
109-7/8	N964AK	---	Unassigned
880-7/8	N530AS	---	Unassigned
810-7/8	N532AS	---	Unassigned
558-7/8	N538AS	---	Unassigned
828-7/8	N947AK	---	Unassigned
814-7/8	N738AL	---	Unassigned
826-7/8	N517AS	N569AS	0
1029-7/8	N978AK	---	Unassigned
