===== Copy Generation Summary =====
#Iter       TotalGen  ind(reg)  mul(reg)  ind(csc)  mul(csc) TotalUsed  ind(reg)  mul(reg)  ind(csc)  mul(csc)            obj
    1            457       329        86        42         0       189       139        43         7         0      5.099e+06
    2            418       305        29        84         0       167       129        22        16         0      4.111e+06
    3            420       316        10        94         0       159       147         7         5         0      3.108e+06
    4            419       360        12        47         0       207       179         9        19         0      3.108e+06
    5            419       359         9        51         0       208       178         7        23         0      3.108e+06
    6            400       351         1        48         0       191       175         0        16         0      3.108e+06
    7            392       343         3        46         0       191       186         2         3         0      2.263e+06
    8            396       338         6        52         0       192       173         5        14         0      2.263e+06
    9            386       332         4        50         0       182       162         4        16         0      1.682e+06
   10            396       344        19        33         0       174       157        11         6         0      1.464e+06
   11            395       325        27        43         0       197       165        23         9         0      1.309e+06
   12            361       292        31        38         0       156       132        23         1         0      1.271e+06
   13            340       241        26        73         0       129        97        21        11         0      1.271e+06
   14            302       221        19        62         0       130       114        12         4         0      1.271e+06
   15            280       191        21        68         0       116       101        12         3         0      1.271e+06
   16            276       216        20        40         0        98        84        12         2         0      1.206e+06
   17            287       202        44        41         0       128       101        26         1         0      1.206e+06
   18            229       178        16        35         0        97        87         6         4         0      1.185e+06
   19            186       111        25        50         0        49        37         7         5         0      1.185e+06
   20            166       100        25        41         0        37        26         8         3         0      1.121e+06
   21            124        68        19        37         0        29        18         5         6         0      1.121e+06
   22             96        58        12        26         0        19        10         9         0         0      1.121e+06
   23             67        42         6        19         0        10         8         2         0         0      1.121e+06
   24             54        32        10        12         0        12        10         2         0         0      1.121e+06
   25             78        49        10        19         0        13        11         2         0         0      1.121e+06
   26             47        20         6        21         0         9         4         5         0         0      1.121e+06
   27             34        20         2        12         0         3         3         0         0         0      1.121e+06
   28             21        14         2         5         0         2         2         0         0         0      1.121e+06
   29             28        12        12         4         0         8         0         8         0         0      1.121e+06
   30             26        17         2         7         0         4         4         0         0         0      1.121e+06
   31             51        31        15         5         0        25        21         4         0         0      1.121e+06
   32             57        43        12         2         0        48        39         9         0         0      1.121e+06
   33             17        13         0         4         0         4         4         0         0         0      1.121e+06
   34             26        13         0        13         0         0         0         0         0         0      1.121e+06
   35              4         2         0         2         0         0         0         0         0         0      1.121e+06
