===== Copy Generation Summary =====
#Iter       TotalGen  ind(reg)  mul(reg)  ind(csc)  mul(csc) TotalUsed  ind(reg)  mul(reg)  ind(csc)  mul(csc)            obj
    1            462       345        20        97         0       224       193        11        20         0      1.051e+10
    2            448       371         0        77         0       201       188         0        13         0      3.948e+08
    3            446       331         0       115         0       184       170         0        14         0      3.523e+08
    4            446       389         0        57         0       226       203         0        23         0      2.904e+08
    5            446       398         0        48         0       237       217         0        20         0      2.437e+08
    6            446       391         0        55         0       220       202         0        18         0      2.201e+08
    7            446       383         0        63         0       226       204         0        22         0      1.966e+08
    8            446       348         0        98         0       214       180         0        34         0      1.766e+08
    9            444       393         0        51         0       234       212         0        22         0      1.597e+08
   10            444       382         0        62         0       242       215         0        27         0      1.422e+08
   11            436       408         0        28         0       252       242         0        10         0       1.33e+08
   12            440       399         0        41         0       224       211         0        13         0      1.198e+08
   13            437       407         0        30         0       257       244         0        13         0       1.09e+08
   14            441       356         3        82         0       239       218         2        19         0      1.019e+08
   15            436       378         0        58         0       283       244         0        39         0      9.447e+07
   16            438       374         1        63         0       271       224         0        47         0      8.764e+07
   17            436       387         0        49         0       242       222         0        20         0      7.734e+07
   18            436       381         0        55         0       228       194         0        34         0       6.55e+07
   19            428       401         0        27         0       210       202         0         8         0      5.971e+07
   20            426       359         0        67         0       279       245         0        34         0      4.984e+07
   21            434       377         0        57         0       258       235         0        23         0       4.21e+07
   22            427       383         0        44         0       231       220         0        11         0       3.53e+07
   23            424       386         0        38         0       220       215         0         5         0      2.951e+07
   24            425       384         0        41         0       238       227         0        11         0      2.748e+07
   25            425       380         0        45         0       238       224         0        14         0       2.52e+07
   26            425       354         0        71         0       205       199         0         6         0      2.186e+07
   27            427       397         0        30         0       258       243         0        15         0      2.012e+07
   28            425       392         0        33         0       271       253         0        18         0      1.648e+07
   29            425       367         0        58         0       236       208         0        28         0      1.468e+07
   30            425       394         0        31         0       245       239         0         6         0      1.419e+07
   31            425       362         0        63         0       239       200         0        39         0      1.328e+07
   32            425       329         0        96         0       170       135         0        35         0      1.277e+07
   33            425       385         0        40         0       275       261         0        14         0      1.214e+07
   34            425       376         0        49         0       224       203         0        21         0      1.179e+07
   35            425       386         0        39         0       271       250         0        21         0      1.152e+07
   36            425       373         0        52         0       222       217         0         5         0      1.087e+07
   37            425       385         0        40         0       248       239         0         9         0      1.064e+07
   38            425       326         0        99         0       209       204         0         5         0      1.001e+07
   39            425       343         0        82         0       250       224         0        26         0      9.765e+06
   40            427       378         4        45         0       263       257         3         3         0      9.561e+06
   41            427       364         5        58         0       231       220         4         7         0      9.417e+06
   42            427       353         9        65         0       202       190         3         9         0      9.372e+06
   43            424       328         0        96         0       198       183         0        15         0      9.243e+06
   44            439       340        21        78         0       209       183        15        11         0      9.038e+06
   45            429       342        18        69         0       228       200        14        14         0      8.839e+06
   46            439       352        38        49         0       211       170        28        13         0      8.616e+06
   47            428       334        18        76         0       244       224         9        11         0      8.487e+06
   48            415       349        16        50         0       232       207        13        12         0      8.285e+06
   49            401       293        15        93         0       195       163         9        23         0      8.183e+06
   50            421       317        38        66         0       189       148        27        14         0      7.983e+06
   51            407       325        22        60         0       196       175        19         2         0      7.823e+06
   52            416       305        36        75         0       197       161        27         9         0      7.725e+06
   53            392       325        10        57         0       198       186         8         4         0      7.507e+06
   54            394       353        13        28         0       237       216        10        11         0      7.423e+06
   55            414       315        32        67         0       174       146        28         0         0      7.361e+06
   56            395       330        17        48         0       213       196        12         5         0      7.128e+06
   57            391       359         6        26         0       211       206         3         2         0      7.036e+06
   58            408       287        29        92         0       188       160        21         7         0      6.912e+06
   59            397       283         6       108         0       193       169         2        22         0       6.85e+06
   60            380       269        13        98         0       194       155        10        29         0      6.689e+06
   61            370       320         2        48         0       216       204         0        12         0      6.542e+06
   62            372       287         5        80         0       178       161         3        14         0      6.388e+06
   63            368       316         5        47         0       208       201         3         4         0      6.284e+06
   64            371       285        10        76         0       182       161         2        19         0      6.245e+06
   65            370       279         5        86         0       166       159         0         7         0      6.173e+06
   66            373       269         5        99         0       155       137         0        18         0      6.083e+06
   67            366       308         2        56         0       203       197         0         6         0      5.988e+06
   68            364       283         2        79         0       163       155         0         8         0      5.942e+06
   69            366       220         2       144         0       127        99         0        28         0      5.805e+06
   70            366       294         4        68         0       187       182         2         3         0      5.756e+06
   71            386       266         6       114         0       106       103         0         3         0      5.719e+06
   72            363       241         2       120         0       138       125         0        13         0      5.573e+06
   73            365       287         5        73         0       161       153         2         6         0      5.399e+06
   74            364       256         2       106         0       145       138         0         7         0      5.332e+06
   75            361       271         3        87         0       132       126         0         6         0       5.29e+06
   76            361       283         8        70         0       174       164         3         7         0       5.21e+06
   77            363       224         2       137         0       120        92         0        28         0      5.151e+06
   78            363       280         2        81         0       171       167         0         4         0      5.112e+06
   79            365       269         9        87         0       184       170         3        11         0      5.091e+06
   80            378       249        18       111         0       169       139        15        15         0      5.073e+06
   81            358       264         3        91         0       135       134         0         1         0      5.033e+06
   82            369       240        17       112         0       146       100        14        32         0       4.99e+06
   83            353       260         6        87         0       143       135         2         6         0      4.887e+06
   84            342       260         8        74         0       140       136         0         4         0      4.865e+06
   85            338       254        11        73         0       116       100         6        10         0       4.81e+06
   86            339       238        37        64         0       135       115        18         2         0      4.761e+06
   87            340       252         2        86         0        96        95         0         1         0      4.713e+06
   88            311       214         6        91         0       125       119         3         3         0      4.705e+06
   89            295       187        13        95         0       118        93         4        21         0      4.633e+06
   90            302       177         9       116         0       121        74         6        41         0      4.493e+06
   91            298       173         7       118         0        98        82         4        12         0      4.434e+06
   92            307       200        29        78         0       142       119        13        10         0      4.377e+06
   93            280       182        37        61         0       114        94        18         2         0      4.339e+06
   94            258       184         6        68         0       106        92         3        11         0      4.294e+06
   95            254       183        16        55         0        99        83        10         6         0      4.244e+06
   96            234       161        19        54         0        89        76        11         2         0      4.227e+06
   97            281       212        20        49         0       130       106        15         9         0       4.21e+06
   98            295       203         2        90         0       109       106         0         3         0      4.191e+06
   99            331       213        17       101         0        99        86        12         1         0      4.168e+06
  100            219       182         7        30         0        89        86         0         3         0      4.158e+06
  101            217       157         5        55         0        55        48         0         7         0      4.155e+06
  102            195       126         6        63         0        78        64         0        14         0      4.134e+06
  103            195       131         2        62         0        83        82         0         1         0      4.084e+06
  104            187       125         4        58         0        77        73         0         4         0      4.082e+06
  105            278       216         5        57         0        94        85         2         7         0      4.072e+06
  106            182       152         4        26         0        81        77         0         4         0      4.066e+06
  107            176       104         2        70         0        55        53         0         2         0      4.044e+06
  108            175       148         2        25         0        82        82         0         0         0      4.021e+06
  109            167       139         2        26         0        66        59         0         7         0      4.014e+06
  110            178       142         5        31         0        74        67         3         4         0      4.003e+06
  111            167       124         2        41         0        67        63         0         4         0      3.998e+06
  112            174       135         2        37         0        74        73         0         1         0      3.983e+06
  113            266       173         3        90         0        84        77         0         7         0      3.972e+06
  114            236       170         2        64         0        80        76         0         4         0       3.96e+06
  115            180       139         3        38         0        63        55         0         8         0      3.954e+06
  116            164        80         2        82         0        46        34         0        12         0      3.879e+06
  117            169       112         2        55         0        66        63         0         3         0      3.857e+06
  118            181       132        11        38         0        85        70         5        10         0      3.851e+06
  119            160       114         3        43         0        79        67         0        12         0      3.842e+06
  120            165       122         5        38         0        69        63         2         4         0       3.82e+06
  121            174       129         2        43         0        76        73         0         3         0      3.788e+06
  122            163       108         2        53         0        55        46         0         9         0       3.78e+06
  123            161        88         5        68         0        34        28         2         4         0       3.77e+06
  124            159       133         2        24         0        75        75         0         0         0      3.759e+06
  125            164        97         9        58         0        36        33         0         3         0      3.759e+06
  126            172        80        21        71         0        54        36        10         8         0      3.754e+06
  127            194       157         6        31         0       107        98         3         6         0      3.677e+06
  128            160       131         8        21         0        86        84         0         2         0      3.668e+06
  129            153       111         2        40         0        52        49         0         3         0      3.663e+06
  130            167       104        12        51         0        50        44         6         0         0      3.656e+06
  131            160       113         4        43         0        47        44         2         1         0      3.645e+06
  132            156       111         5        40         0        58        54         2         2         0      3.636e+06
  133            139        79         2        58         0        22        19         0         3         0      3.633e+06
  134            171       125         2        44         0        68        67         0         1         0      3.607e+06
  135            147        97         4        46         0        56        53         0         3         0      3.601e+06
  136            153        98         2        53         0        45        43         0         2         0       3.55e+06
  137            156       113         3        40         0        43        43         0         0         0      3.546e+06
  138            152       110         8        34         0        62        62         0         0         0      3.536e+06
  139            133        84         8        41         0        41        37         4         0         0      3.532e+06
  140            170       100         5        65         0        38        35         2         1         0      3.474e+06
  141            149        85        11        53         0        38        28         6         4         0      3.472e+06
  142            145        74         8        63         0        31        27         0         4         0      3.472e+06
  143            144       129         2        13         0        83        82         0         1         0       3.45e+06
  144            143        68        42        33         0        42        16        26         0         0       3.45e+06
  145            127        68         5        54         0        22        20         0         2         0      3.384e+06
  146            167       118         2        47         0        70        69         0         1         0       3.34e+06
  147            121        89         8        24         0        47        45         2         0         0       3.34e+06
  148             89        54         6        29         0        11        11         0         0         0      3.335e+06
  149            109        58         8        43         0        16        11         3         2         0      3.324e+06
  150             82        53         2        27         0        13        12         0         1         0      3.306e+06
  151             84        50        11        23         0        20        11         8         1         0      3.274e+06
  152            153        82        22        49         0        34        21        12         1         0       3.27e+06
  153            142        90         2        50         0        16        16         0         0         0      3.267e+06
  154            101        72         6        23         0        37        33         3         1         0      3.255e+06
  155             53        27        19         7         0        29        13        15         1         0       3.25e+06
  156             45        29         4        12         0        10        10         0         0         0       3.25e+06
  157             34        19         2        13         0         2         2         0         0         0       3.25e+06
  158             31        22         3         6         0         4         3         0         1         0       3.25e+06
  159             26        17         2         7         0         3         3         0         0         0       3.25e+06
  160             23        14         3         6         0         1         1         0         0         0       3.25e+06
  161             22        15         3         4         0         1         1         0         0         0       3.25e+06
  162             18        14         2         2         0         0         0         0         0         0       3.25e+06
