===== Copy Generation Summary =====
#Iter     Gen    Indv     Seq     CSC    Used            Obj
    1     279     279       0       0     171      1.239e+10
    2     254     248       6       0     193      1.691e+09
    3     223     221       2       0     225      1.142e+09
    4     222     220       2       0     227      8.719e+08
    5     221     219       2       0     227       7.57e+08
    6     209     207       2       0     239      6.797e+08
    7     255     253       2       0     193      6.222e+08
    8     238     236       2       0     209      5.543e+08
    9     202     200       2       0     241      4.813e+08
   10     202     200       2       0     238      4.363e+08
   11     221     219       2       0     214      4.002e+08
   12     184     182       2       0     248      3.657e+08
   13     196     194       2       0     231      3.395e+08
   14     186     184       2       0     240      3.216e+08
   15     184     182       2       0     242      2.862e+08
   16     199     197       2       0     227      2.594e+08
   17     166     164       2       0     260      2.397e+08
   18     198     196       2       0     228      2.149e+08
   19     192     190       2       0     234      1.979e+08
   20     169     167       2       0     261      1.776e+08
   21     191     189       2       0     235      1.622e+08
   22     198     196       2       0     228      1.484e+08
   23     196     194       2       0     230      1.377e+08
   24     168     166       2       0     258      1.264e+08
   25     201     199       2       0     225      1.167e+08
   26     197     195       2       0     229      1.044e+08
   27     218     216       2       0     208      9.896e+07
   28     219     217       2       0     207      9.027e+07
   29     180     178       2       0     246      8.236e+07
   30     186     184       2       0     240      7.999e+07
   31     224     222       2       0     202      7.372e+07
   32     247     245       2       0     179      7.049e+07
   33     187     185       2       0     239      6.217e+07
   34     200     198       2       0     226      5.943e+07
   35     235     233       2       0     191      5.605e+07
   36     201     199       2       0     224      5.233e+07
   37     202     200       2       0     224      4.863e+07
   38     200     198       2       0     226      4.516e+07
   39     204     202       2       0     222      4.085e+07
   40     236     234       2       0     190      3.793e+07
   41     213     211       2       0     213      3.644e+07
   42     230     228       2       0     196      3.529e+07
   43     233     231       2       0     193      3.198e+07
   44     196     194       2       0     230      3.121e+07
   45     187     185       2       0     238      2.808e+07
   46     221     217       4       0     204      2.466e+07
   47     240     238       2       0     185      2.252e+07
   48     232     228       4       0     188      2.185e+07
   49     236     232       4       0     187      2.035e+07
   50     211     203       8       0     207      1.857e+07
   51     241     239       2       0     173      1.723e+07
   52     243     239       4       0     171      1.663e+07
   53     226     218       8       0     171      1.599e+07
   54     278     266      12       0     118      1.559e+07
   55     214     206       8       0     178      1.531e+07
   56     241     225      16       0     147      1.496e+07
   57     193     181      12       0     204      1.478e+07
   58     225     207      18       0     167      1.451e+07
   59     243     219      24       0     144      1.425e+07
   60     163     133      30       0     227       1.39e+07
   61     183     163      20       0     204       1.37e+07
   62     215     187      28       0     172      1.346e+07
   63     240     210      30       0     147      1.331e+07
   64     262     230      32       0     124       1.31e+07
   65     229     197      32       0     159      1.295e+07
   66     234     204      30       0     148       1.28e+07
   67     209     179      30       0     177      1.261e+07
   68     282     252      30       0     104      1.247e+07
   69     237     207      30       0     149      1.224e+07
   70     232     202      30       0     152       1.18e+07
   71     214     184      30       0     168      1.159e+07
   72     215     185      30       0     171      1.133e+07
   73     267     237      30       0     118      1.117e+07
   74     228     198      30       0     155      1.084e+07
   75     231     201      30       0     151      1.063e+07
   76     265     235      30       0     108      1.045e+07
   77     281     247      34       0      99       1.02e+07
   78     270     238      32       0     102      1.002e+07
   79     206     176      30       0     179      9.798e+06
   80     222     192      30       0     159      9.678e+06
   81     273     241      32       0     107      9.507e+06
   82     234     206      28       0     139      9.382e+06
   83     288     258      30       0      88      9.052e+06
   84     293     265      28       0      67       8.89e+06
   85     277     247      30       0      84      8.747e+06
   86     276     238      38       0      71      8.515e+06
   87     298     256      42       0      54      8.414e+06
   88     239     197      42       0     113      8.302e+06
   89     256     206      50       0      76        8.2e+06
   90     251     207      44       0      68      8.077e+06
   91     236     194      42       0      98       7.86e+06
   92     256     210      46       0      83      7.769e+06
   93     233     179      54       0      96      7.646e+06
   94     231     161      70       0      76      7.546e+06
   95     218     154      64       0      69      7.517e+06
   96     234     158      76       0      71      7.467e+06
   97     248     192      56       0      53      7.381e+06
   98     189     123      66       0      87      7.322e+06
   99     202     124      78       0      59      7.274e+06
  100     220     148      72       0      43      7.231e+06
  101     259     189      70       0      83      7.178e+06
  102     181      99      82       0      75      7.088e+06
  103     204     126      78       0      50      7.073e+06
  104     205     125      80       0      43      7.038e+06
  105     183     101      82       0      59      6.991e+06
  106     204     112      92       0      44      6.952e+06
  107     193     109      84       0      59      6.901e+06
  108     204     118      86       0      38      6.881e+06
  109     204     112      92       0      31      6.845e+06
  110     173      79      94       0      79      6.811e+06
  111     204     110      94       0      28       6.81e+06
  112     201     109      92       0      39       6.77e+06
  113     205     111      94       0      31      6.715e+06
  114     199     125      74       0      38      6.647e+06
  115     179      87      92       0      66      6.572e+06
  116     197     101      96       0      37      6.571e+06
  117     181      81     100       0      46      6.541e+06
  118     192     100      92       0      34      6.517e+06
  119     197     105      92       0      44      6.486e+06
  120     227     137      90       0      20      6.486e+06
  121     225     135      90       0      20      6.486e+06
  122     176      80      96       0      36      6.486e+06
  123     197      99      98       0      33      6.417e+06
  124     165      75      90       0      47      6.394e+06
  125     182      90      92       0      33      6.371e+06
  126     183      91      92       0      23      6.333e+06
  127     176      82      94       0      36      6.295e+06
  128     168      70      98       0      33      6.268e+06
  129     192      84     108       0      12      6.229e+06
  130     172      74      98       0      26      6.198e+06
  131     155      59      96       0      42      6.156e+06
  132     157      55     102       0      28      6.135e+06
  133     156      56     100       0      25      6.076e+06
  134     158      60      98       0      27      6.061e+06
  135     160      42     118       0      12      6.047e+06
  136     138      24     114       0      22      6.035e+06
  137     156      48     108       0      23      5.951e+06
  138     148      34     114       0      14      5.942e+06
  139     147      29     118       0       9      5.941e+06
  140     145      29     116       0      10      5.931e+06
  141     146      20     126       0       7      5.921e+06
  142     137      13     124       0      11      5.919e+06
  143     137      19     118       0      17       5.89e+06
  144     135      25     110       0      14      5.889e+06
  145     141      21     120       0       8      5.883e+06
  146     131       9     122       0      11      5.881e+06
  147     135      15     120       0       9      5.875e+06
  148     128      10     118       0      10      5.875e+06
  149     132      18     114       0       6      5.838e+06
  150     153      45     108       0       8      5.811e+06
  151     129      17     112       0       5      5.791e+06
  152     133       9     124       0       2      5.791e+06
  153     129       9     120       0       9      5.789e+06
  154     135      11     124       0       3      5.789e+06
  155     127       3     124       0       6      5.788e+06
  156     130       6     124       0       3      5.767e+06
  157     130       8     122       0       3      5.767e+06
  158     128       4     124       0       4      5.767e+06
  159     133       7     126       0       1      5.762e+06
  160     127       3     124       0       1      5.762e+06
