Objective:	7.65004e+08
Total CPU time:	00:53:18
================== Aircraft Recovery Schedule ==================
N214AK[30]
375(7/7IAD13:00---SEA18:47)
2025-Jul-07 19:17:00
2025-Jul-09 15:30:00
--------------------------------------------------------
N224AK[45]
2025-Jul-07 15:00:00
731-d0(7/7PHX17:00---PAE20:03)
732-d0(7/7PAE21:00---PHX00:03)
603-d360(7/8PHX00:52---SEA03:58)
590-d330(7/8SEA05:12---SFO07:23)
1327-d330(7/8SFO08:19---SEA10:35)
924-d360(7/8SEA11:48---RDM12:59)
943-d60(7/8RDM14:00---SEA15:14)
1010-d0(7/8SEA18:20---GEG19:29)
1011-d0(7/8GEG20:23---SEA21:37)
1046-d30(7/8SEA22:38---SJC00:47)
1047-d30(7/9SJC01:41---SEA03:48)
445-d330(7/9SEA04:38---RNO06:29)
523-d330(7/9RNO07:17---SEA09:12)
119-d240(7/9SEA09:59---ANC13:39)
2025-Jul-09 15:45:00
--------------------------------------------------------
N236AK[55]
1258(7/7SEA14:00---SAN16:50)
2025-Jul-07 17:45:00
2025-Jul-09 15:55:00
--------------------------------------------------------
N237AK[55]
2025-Jul-07 15:00:00
2025-Jul-09 15:55:00
--------------------------------------------------------
N238AK[40]
1074(7/7PDX14:25---SAN17:00)
2025-Jul-07 17:40:00
2025-Jul-09 15:40:00
--------------------------------------------------------
N247AK[50]
512(7/7SFO14:00---AUS17:36)
2025-Jul-07 18:26:00
2025-Jul-09 15:50:00
--------------------------------------------------------
N248AK[30]
537(7/7BOS13:20---SEA19:35)
2025-Jul-07 20:05:00
2025-Jul-09 15:30:00
--------------------------------------------------------
N251AK[50]
2025-Jul-07 15:00:00
2025-Jul-09 15:50:00
--------------------------------------------------------
N253AK[35]
2025-Jul-07 15:00:00
2025-Jul-09 15:35:00
--------------------------------------------------------
N260AK[60]
2025-Jul-07 15:00:00
2025-Jul-09 16:00:00
--------------------------------------------------------
N264AK[30]
2025-Jul-07 15:00:00
83-d0(7/7SEA16:00---ANC19:35)
162-d0(7/7ANC20:40---SEA00:13)
424-d0(7/8SEA00:59---DFW04:59)
550-d240(7/8DFW05:36---SEA09:59)
980-d360(7/8SEA10:40---SFO12:59)
1410-d0(7/8SFO15:00---PDX16:45)
1161-d0(7/8PDX17:30---PHX20:16)
1238-d0(7/8PHX21:16---PDX23:59)
836-d180(7/9PDX00:30---SFO02:22)
1225-d330(7/9SFO03:15---SEA05:24)
1004-d180(7/9SEA05:59---GEG07:09)
1280-d360(7/9GEG07:49---LAX10:35)
2025-Jul-09 15:30:00
--------------------------------------------------------
N265AK[55]
541(7/7AUS12:37---PDX16:50)
2025-Jul-07 17:45:00
121-d0(7/7PDX17:53---BUR20:12)
122-d0(7/7BUR21:07---PDX23:25)
1176-d0(7/8PDX00:30---PHX03:20)
611-d240(7/8PHX04:29---SEA07:35)
1039-d240(7/8SEA08:45---GEG09:58)
963-d0(7/8GEG14:00---SEA15:14)
535001-d0(7/8SEA17:20---DEN20:07)
535-d0(7/8DEN21:03---SEA00:00)
1092-d120(7/9SEA01:18---LAX04:05)
1397-d240(7/9LAX05:07---PDX07:30)
2025-Jul-09 15:55:00
--------------------------------------------------------
N267AK[60]
2025-Jul-07 15:00:00
2025-Jul-09 16:00:00
--------------------------------------------------------
N268AK[55]
413(7/7ORD12:00---PDX16:25)
2025-Jul-07 17:20:00
1296-d0(7/7PDX17:40---SAN20:15)
1097-d30(7/7SAN21:15---SEA00:15)
620001-d300(7/8SEA01:13---DEN03:54)
620-d300(7/8DEN04:50---SEA07:50)
780-d360(7/8SEA08:59---ABQ11:59)
618-d0(7/8ABQ14:00---SEA17:15)
79-d210(7/8SEA18:30---ANC22:06)
198-d360(7/8ANC23:05---PDX02:44)
1204-d360(7/9PDX03:49---SAN06:22)
1294-d360(7/9SAN07:18---PDX09:50)
2025-Jul-09 15:55:00
--------------------------------------------------------
N270AK[45]
2025-Jul-07 15:00:00
2025-Jul-09 15:45:00
--------------------------------------------------------
N272AK[50]
2025-Jul-07 15:00:00
2025-Jul-09 15:50:00
--------------------------------------------------------
N273AK[45]
289(7/7EWR11:52---LAX17:46)
2025-Jul-07 18:31:00
2025-Jul-09 15:45:00
--------------------------------------------------------
N274AK[50]
2025-Jul-07 15:00:00
2025-Jul-09 15:50:00
--------------------------------------------------------
N275AK[55]
683(7/7ORD13:00---SEA17:39)
2025-Jul-07 18:34:00
2025-Jul-09 15:55:00
--------------------------------------------------------
N277AK[45]
2025-Jul-07 15:00:00
1254-d0(7/7SEA15:27---ONT18:05)
1111-d0(7/7ONT19:00---SEA21:38)
1198-d90(7/7SEA22:35---SAN01:25)
1297-d300(7/8SAN02:15---PDX04:49)
1370-d300(7/8PDX05:35---AUS09:42)
541-d0(7/8AUS12:37---PDX16:50)
757-d0(7/8PDX17:50---LAS20:09)
676-d0(7/8LAS21:04---SEA23:50)
932-d360(7/9SEA00:36---ABQ03:37)
933-d360(7/9ABQ04:31---SEA07:41)
315-d240(7/9SEA08:45---CMH13:13)
2025-Jul-09 15:45:00
--------------------------------------------------------
N280AK[55]
1089(7/7LAS14:05---PDX16:24)
2025-Jul-07 17:19:00
128-d0(7/7PDX17:30---SFO19:24)
534-d0(7/7SFO20:59---AUS00:45)
339-d90(7/8AUS02:00---SEA06:37)
1004-d300(7/8SEA07:59---GEG09:09)
215-d0(7/8GEG16:45---SEA18:00)
405001-d240(7/8SEA19:11---OKC22:48)
405-d240(7/8OKC23:44---SEA03:38)
69001-d180(7/9SEA04:35---KTN06:44)
69-d210(7/9KTN07:59---JNU09:00)
2025-Jul-09 15:55:00
--------------------------------------------------------
N281AK[30]
2025-Jul-07 15:00:00
1290001-d0(7/7SEA15:00---BUR17:36)
1290-d0(7/7BUR18:30---SEA21:08)
71-d180(7/7SEA21:43---JNU00:19)
176-d180(7/8JNU01:15---SEA03:42)
1086-d360(7/8SEA04:25---ONT07:04)
1087-d360(7/8ONT07:58---SEA10:37)
959-d330(7/8SEA11:22---GEG12:29)
966-d0(7/8GEG13:00---SEA14:15)
1258-d60(7/8SEA15:00---SAN17:50)
1259-d90(7/8SAN18:30---SEA21:30)
1150001-d150(7/8SEA22:18---BUR00:49)
1150-d150(7/9BUR01:44---SEA04:24)
1224-d120(7/9SEA04:55---LAX07:46)
193-d360(7/9LAX08:45---ANC14:08)
2025-Jul-09 15:30:00
--------------------------------------------------------
N282AK[60]
2025-Jul-07 15:00:00
2025-Jul-09 16:00:00
--------------------------------------------------------
N283AK[50]
2025-Jul-07 15:00:00
1314-d0(7/7SJC19:02---SEA21:10)
738-d270(7/7SEA22:10---LAS00:49)
756-d270(7/8LAS01:43---PDX04:05)
1455-d270(7/8PDX05:19---ANC09:10)
172-d180(7/8ANC10:13---PHX15:45)
645-d150(7/8PHX16:35---SEA19:39)
414-d330(7/8SEA20:47---DFW00:49)
415-d330(7/9DFW01:49---SEA06:04)
538-d360(7/9SEA06:54---ORD10:59)
2025-Jul-09 15:50:00
--------------------------------------------------------
N284AK[40]
943(7/7RDM13:00---SEA14:14)
516(7/7SEA14:55---FLL20:52)
2025-Jul-07 21:32:00
517-d0(7/7FLL21:52---SEA04:20)
136-d150(7/8SEA05:25---ANC09:08)
54-d30(7/8ANC09:59---SEA13:30)
648-d0(7/8SEA15:00---TUS18:10)
641-d0(7/8TUS19:06---SEA22:20)
733-d270(7/8SEA23:08---SLC01:14)
734-d270(7/9SLC02:09---SEA04:24)
1310-d210(7/9SEA05:06---SJC07:21)
2025-Jul-09 15:40:00
--------------------------------------------------------
N285AK[30]
383(7/7BNA12:00---SEA17:06)
2025-Jul-07 17:36:00
2025-Jul-09 15:30:00
--------------------------------------------------------
N287AK[55]
139(7/7ORD14:30---ANC21:15)
2025-Jul-07 22:10:00
226-d0(7/7ANC22:20---SEA01:50)
1098-d120(7/8SEA02:59---SAN05:54)
735-d360(7/8SAN06:51---SEA09:50)
380-d360(7/8SEA10:45---DTW15:05)
381-d300(7/8DTW16:00---SEA20:57)
442-d330(7/8SEA22:12---PHL03:17)
443-d330(7/9PHL04:22---SEA10:27)
924-d360(7/9SEA11:48---RDM12:59)
2025-Jul-09 15:55:00
--------------------------------------------------------
N288AK[55]
2025-Jul-07 15:00:00
2025-Jul-09 15:55:00
--------------------------------------------------------
N290AK[30]
358(7/7PDX14:00---BOS19:25)
2025-Jul-07 19:55:00
304-d0(7/7BOS20:25---SEA02:48)
1046-d330(7/8SEA03:38---SJC05:47)
1047-d330(7/8SJC06:41---SEA08:48)
161-d240(7/8SEA09:47---EUG11:01)
132-d0(7/8EUG13:00---SEA14:15)
1166-d0(7/8SEA15:10---SFO17:29)
1075-d0(7/8SFO18:25---SEA20:37)
63-d180(7/8SEA21:20---SIT23:44)
58-d180(7/9SIT00:40---SEA03:00)
382-d180(7/9SEA03:43---BNA07:59)
2025-Jul-09 15:30:00
--------------------------------------------------------
N291BT[30]
627(7/7TPA11:00---SEA17:06)
2025-Jul-07 17:36:00
2025-Jul-09 15:30:00
--------------------------------------------------------
N292AK[45]
473(7/7STL11:41---SEA16:10)
2025-Jul-07 16:55:00
2025-Jul-09 15:45:00
--------------------------------------------------------
N293AK[60]
2025-Jul-07 15:00:00
23-d0(7/7JFK17:00---SEA23:08)
658-d330(7/8SEA00:30---LAS03:14)
634-d360(7/8LAS04:39---SFO06:20)
776-d360(7/8SFO07:40---LAS09:25)
393-d0(7/8LAS14:00---PAE16:40)
385-d0(7/8PAE17:40---PHX20:43)
396-d0(7/8PHX21:43---PAE00:44)
391-d0(7/9PAE01:44---LAS04:17)
2025-Jul-09 16:00:00
--------------------------------------------------------
N294AK[50]
281(7/7BNA14:00---SEA19:03)
2025-Jul-07 19:53:00
2025-Jul-09 15:50:00
--------------------------------------------------------
N296AK[50]
2025-Jul-07 15:00:00
2025-Jul-09 15:50:00
--------------------------------------------------------
N297AK[35]
2025-Jul-07 15:00:00
57-d0(7/7ANC16:00---FAI17:05)
234-d90(7/7FAI19:35---SEA23:13)
175-d240(7/7SEA23:55---ANC03:27)
56-d330(7/8ANC04:20---SEA07:50)
919-d210(7/8SEA08:25---RDU13:30)
920-d150(7/8RDU14:06---SEA20:00)
312001-d270(7/8SEA20:36---OMA23:47)
312-d270(7/9OMA00:44---SEA04:24)
960-d270(7/9SEA05:13---GEG06:20)
965-d270(7/9GEG07:14---SEA08:30)
22-d210(7/9SEA09:11---JFK14:32)
2025-Jul-09 15:35:00
--------------------------------------------------------
N298AK[55]
533(7/7ATL13:30---SEA18:51)
2025-Jul-07 19:46:00
2025-Jul-09 15:55:00
--------------------------------------------------------
N307AS[60]
168(7/7FAI08:14---SEA12:00)
2025-Jul-07 15:00:00
2025-Jul-09 16:00:00
--------------------------------------------------------
N309AS[30]
2025-Jul-07 15:00:00
612-d0(7/7SEA15:26---LAS18:05)
785-d0(7/7LAS19:00---SEA21:44)
1284-d0(7/7SEA22:44---SFO00:57)
1065-d0(7/8SFO01:53---SEA04:11)
185-d0(7/8SEA05:55---JNU08:25)
42-d0(7/8JNU09:55---SEA12:23)
1306-d0(7/8SEA15:00---LAX17:49)
1305-d0(7/8LAX18:55---SEA21:39)
962-d0(7/8SEA23:03---GEG00:13)
964-d0(7/9GEG01:07---SEA02:21)
205-d30(7/9SEA03:06---JNU05:35)
2025-Jul-09 15:30:00
--------------------------------------------------------
N318AS[40]
2025-Jul-07 15:00:00
215-d180(7/7GEG19:45---SEA21:00)
722-d180(7/7SEA21:44---PHX00:47)
975-d180(7/8PHX01:47---SEA04:52)
1194-d180(7/8SEA05:54---SMF07:52)
1217-d0(7/8SMF13:15---SEA15:15)
2025-Jul-09 15:40:00
--------------------------------------------------------
N402AS[60]
1041(7/7BUR14:00---SEA16:37)
2025-Jul-07 17:37:00
2025-Jul-09 16:00:00
--------------------------------------------------------
N403AS[50]
188(7/7ANC13:00---SEA16:30)
2025-Jul-07 17:20:00
2025-Jul-09 15:50:00
--------------------------------------------------------
N408AS[55]
2025-Jul-07 15:00:00
2025-Jul-09 15:55:00
--------------------------------------------------------
N409AS[55]
150(7/7ANC08:34---LAX13:55)
2025-Jul-07 15:00:00
2025-Jul-09 15:55:00
--------------------------------------------------------
N413AS[40]
324(7/7PDX14:02---ORD18:07)
2025-Jul-07 18:47:00
2025-Jul-09 15:40:00
--------------------------------------------------------
N419AS[60]
2025-Jul-07 15:00:00
2025-Jul-09 16:00:00
--------------------------------------------------------
N423AS[30]
446(7/7PHL10:45---SEA16:42)
2025-Jul-07 17:12:00
2025-Jul-09 15:30:00
--------------------------------------------------------
N431AS[55]
292(7/7SFO14:54---EWR20:29)
2025-Jul-07 21:24:00
2025-Jul-09 15:55:00
--------------------------------------------------------
N433AS[45]
2025-Jul-07 15:00:00
1410-d0(7/7SFO15:00---PDX16:45)
1161-d0(7/7PDX17:30---PHX20:16)
1238-d0(7/7PHX21:16---PDX23:59)
376-d30(7/8PDX01:05---ORD05:09)
409-d270(7/8ORD06:12---SEA10:54)
112-d300(7/8SEA11:50---FAI15:36)
210-d150(7/8FAI16:22---SEA20:10)
1017-d180(7/8SEA21:20---PDX22:23)
1016-d180(7/8PDX23:25---SEA00:25)
78-d30(7/9SEA01:25---ANC05:07)
134-d330(7/9ANC06:00---SEA09:30)
380-d330(7/9SEA10:15---DTW14:35)
2025-Jul-09 15:45:00
--------------------------------------------------------
N434AS[40]
408(7/7SEA13:00---ORD17:07)
2025-Jul-07 17:47:00
891-d0(7/7ORD18:03---SEA22:42)
357001-d180(7/7SEA23:35---MCI03:01)
357-d180(7/8MCI03:56---SEA07:56)
205-d360(7/8SEA08:36---JNU11:05)
70001-d330(7/8JNU11:45---SIT12:29)
73001-d0(7/8SIT14:00---JNU14:44)
142-d30(7/8JNU15:38---SEA18:06)
934001-d30(7/8SEA18:50---EUG20:06)
934-d30(7/8EUG21:00---SEA22:18)
600-d30(7/8SEA23:12---LAS01:46)
779-d60(7/9LAS02:31---PDX04:50)
1122-d300(7/9PDX05:30---SAN08:03)
1020-d240(7/9SAN08:50---MCO14:00)
2025-Jul-09 15:40:00
--------------------------------------------------------
N435AS[55]
920(7/7RDU11:36---SEA17:30)
2025-Jul-07 18:25:00
2025-Jul-09 15:55:00
--------------------------------------------------------
N440AS[30]
459(7/7BOS11:20---SEA17:38)
2025-Jul-07 18:08:00
2025-Jul-09 15:30:00
--------------------------------------------------------
N442AS[55]
542(7/7SEA07:25---DFW11:20)
365(7/7DFW14:00---SEA18:27)
2025-Jul-07 19:22:00
2025-Jul-09 15:55:00
--------------------------------------------------------
N448AS[45]
242(7/7MKE11:30---SEA15:53)
2025-Jul-07 16:38:00
2025-Jul-09 15:45:00
--------------------------------------------------------
N453AS[50]
42(7/7JNU09:55---SEA12:23)
2025-Jul-07 15:00:00
648-d0(7/7SEA15:00---TUS18:10)
641-d60(7/7TUS20:06---SEA23:20)
1010-d360(7/8SEA00:20---GEG01:29)
1011-d360(7/8GEG02:23---SEA03:37)
545-d0(7/8SEA04:45---IND09:00)
546-d0(7/8IND10:30---SEA15:19)
658-d0(7/8SEA19:00---LAS21:44)
634-d0(7/8LAS22:39---SFO00:20)
591-d90(7/9SFO01:14---SEA03:24)
1086-d360(7/9SEA04:25---ONT07:04)
1087-d360(7/9ONT07:58---SEA10:37)
161-d360(7/9SEA11:47---EUG13:01)
2025-Jul-09 15:50:00
--------------------------------------------------------
N457AS[45]
606(7/7SEA14:55---PHX17:52)
2025-Jul-07 18:37:00
2025-Jul-09 15:45:00
--------------------------------------------------------
N459AS[50]
1063(7/7BUR14:20---PDX16:37)
2025-Jul-07 17:27:00
2025-Jul-09 15:50:00
--------------------------------------------------------
N462AS[30]
2025-Jul-07 15:00:00
142-d210(7/7JNU18:38---SEA21:06)
1132-d90(7/7SEA22:05---SFO00:18)
591-d90(7/8SFO01:14---SEA03:24)
N462AS_SEA-03:34/06:34-d0(7/8SEA03:34---7/8 06:34)
423-d0(7/8SEA06:36---SAT10:40)
495-d0(7/8SAT12:00---SEA16:24)
1133-d0(7/8SEA17:03---SMF19:03)
1281-d0(7/8SMF19:57---SEA21:54)
1216-d210(7/8SEA22:31---SMF00:31)
1358-d210(7/9SMF01:26---SEA03:24)
509-d360(7/9SEA04:15---SLC06:18)
510-d360(7/9SLC07:12---SEA09:30)
547-d330(7/9SEA10:10---CLE14:41)
2025-Jul-09 15:30:00
--------------------------------------------------------
N464AS[55]
453(7/7IAH11:00---SEA15:40)
2025-Jul-07 16:35:00
2025-Jul-09 15:55:00
--------------------------------------------------------
N467AS[40]
132(7/7EUG13:00---SEA14:15)
2025-Jul-07 15:00:00
2025-Jul-09 15:40:00
--------------------------------------------------------
N469AS[30]
1130(7/7GEG14:00---SAN16:47)
2025-Jul-07 17:17:00
2025-Jul-09 15:30:00
--------------------------------------------------------
N471AS[60]
643(7/7DEN12:00---SEA15:01)
2025-Jul-07 16:01:00
2025-Jul-09 16:00:00
--------------------------------------------------------
N472AS[50]
35(7/7JFK14:00---SAN19:52)
2025-Jul-07 20:42:00
2025-Jul-09 15:50:00
--------------------------------------------------------
N474AS[40]
942(7/7ORD11:00---SEA15:37)
2025-Jul-07 16:17:00
2025-Jul-09 15:40:00
--------------------------------------------------------
N477AS[60]
963(7/7GEG14:00---SEA15:14)
2025-Jul-07 16:14:00
2025-Jul-09 16:00:00
--------------------------------------------------------
N478AS[40]
2025-Jul-07 15:00:00
2025-Jul-09 15:40:00
--------------------------------------------------------
N481AS[60]
18(7/7PDX14:20---JFK19:45)
2025-Jul-07 20:45:00
31-d0(7/7JFK20:45---SEA03:10)
167-d90(7/8SEA04:20---FAI08:06)
168-d60(7/8FAI09:14---SEA13:00)
85-d0(7/8SEA14:00---ANC17:35)
108-d30(7/8ANC18:52---FAI19:57)
140-d60(7/8FAI21:17---SEA01:00)
1098-d90(7/9SEA02:29---SAN05:24)
1005-d210(7/9SAN06:27---SFO08:07)
455-d210(7/9SFO09:13---IAD14:20)
2025-Jul-09 16:00:00
--------------------------------------------------------
N483AS[60]
54(7/7ANC09:29---SEA13:00)
N483AS_SEA-13:00/17:00(7/7SEA13:00---7/7 17:00)
2025-Jul-07 17:00:00
2025-Jul-09 16:00:00
--------------------------------------------------------
N486AS[50]
2025-Jul-07 15:00:00
2025-Jul-09 15:50:00
--------------------------------------------------------
N487AS[55]
546(7/7IND10:30---SEA15:19)
2025-Jul-07 16:14:00
2025-Jul-09 15:55:00
--------------------------------------------------------
N491AS[45]
316(7/7CMH11:00---SEA16:05)
2025-Jul-07 16:50:00
2025-Jul-09 15:45:00
--------------------------------------------------------
N492AS[60]
974(7/7SAN14:00---PDX16:35)
2025-Jul-07 17:35:00
2025-Jul-09 16:00:00
--------------------------------------------------------
N493AS[55]
430(7/7SEA14:14---SLC16:16)
2025-Jul-07 17:11:00
796-d120(7/7SLC19:12---SEA21:28)
744-d0(7/7SEA22:59---PHX01:57)
662-d120(7/8PHX03:05---PDX05:48)
1062-d360(7/8PDX07:04---BUR09:23)
1063-d0(7/8BUR14:20---PDX16:37)
499-d270(7/8PDX17:35---SEA18:39)
697001-d0(7/8SEA19:52---MSO21:17)
697-d0(7/8MSO22:13---SEA23:51)
1048001-d0(7/9SEA00:59---LAX03:50)
1301-d270(7/9LAX04:45---SEA07:30)
360-d150(7/9SEA08:28---TPA13:55)
2025-Jul-09 15:55:00
--------------------------------------------------------
N494AS[45]
2025-Jul-07 15:00:00
2025-Jul-09 15:45:00
--------------------------------------------------------
N495AS[60]
2025-Jul-07 15:00:00
2025-Jul-09 16:00:00
--------------------------------------------------------
N506AS[45]
799(7/7PHX13:00---SEA16:04)
2025-Jul-07 16:49:00
2025-Jul-09 15:45:00
--------------------------------------------------------
N508AS[50]
2025-Jul-07 15:00:00
2025-Jul-09 15:50:00
--------------------------------------------------------
N512AS[55]
2025-Jul-07 15:00:00
2025-Jul-09 15:55:00
--------------------------------------------------------
N513AS[55]
2025-Jul-07 15:00:00
2025-Jul-09 15:55:00
--------------------------------------------------------
N514AS[50]
1293(7/7LAX13:00---SEA15:50)
2025-Jul-07 16:40:00
149-d0(7/7SEA16:50---ANC20:26)
66-d0(7/7ANC21:26---CDV22:21)
66001-d0(7/7CDV23:13---YAK00:13)
66003-d0(7/8YAK01:05---JNU02:03)
66002-d0(7/8JNU02:55---SEA05:23)
N514AS_SEA-07:45/10:45-d0(7/8SEA07:45---7/8 10:45)
1109-d0(7/8SEA13:00---SAN15:53)
1071-d90(7/8SAN16:45---SEA19:48)
620001-d30(7/8SEA20:43---DEN23:24)
620-d30(7/9DEN00:20---SEA03:20)
1042001-d300(7/9SEA04:17---SBP06:43)
1042-d300(7/9SBP07:35---SEA10:07)
144-d240(7/9SEA10:59---ANC14:39)
2025-Jul-09 15:50:00
--------------------------------------------------------
N516AS[55]
1148(7/7SEA14:20---SNA17:15)
2025-Jul-07 18:10:00
2025-Jul-09 15:55:00
--------------------------------------------------------
N517AS[55]
2025-Jul-07 15:00:00
79-d0(7/7SEA15:00---ANC18:36)
137-d180(7/7ANC19:55---OTZ21:32)
137001-d210(7/7OTZ22:54---ANC00:24)
45-d0(7/8ANC01:49---BET03:09)
46-d30(7/8BET04:29---ANC05:48)
177-d270(7/8ANC07:00---ADQ08:00)
196-d0(7/8ADQ15:00---ANC15:57)
62-d150(7/8ANC17:15---JNU18:58)
62001-d180(7/8JNU20:20---SIT21:05)
62003-d210(7/8SIT22:27---KTN23:28)
62002-d240(7/9KTN00:48---SEA02:47)
1321-d240(7/9SEA04:08---STS06:09)
1321001-d270(7/9STS07:31---SEA09:37)
1230-d360(7/9SEA10:45---SMF12:45)
2025-Jul-09 15:55:00
--------------------------------------------------------
N518AS[60]
302(7/7ANC09:44---PDX13:20)
867(7/7PDX14:56---KOA20:50)
2025-Jul-07 21:50:00
2025-Jul-09 16:00:00
--------------------------------------------------------
N519AS[40]
349(7/7BWI11:51---SEA17:40)
2025-Jul-07 18:20:00
2025-Jul-09 15:40:00
--------------------------------------------------------
N520AS[50]
645(7/7PHX14:05---SEA17:09)
2025-Jul-07 17:59:00
2025-Jul-09 15:50:00
--------------------------------------------------------
N523AS[50]
15(7/7DCA12:59---SAN18:20)
2025-Jul-07 19:10:00
1137-d0(7/7SAN19:12---SEA22:10)
908-d270(7/7SEA23:00---PSC00:09)
909-d270(7/8PSC01:00---SEA02:08)
92-d330(7/8SEA03:03---KTN05:11)
94-d330(7/8KTN06:05---SEA08:05)
1050-d330(7/8SEA08:56---SFO11:10)
981-d0(7/8SFO13:00---SEA15:04)
1254-d30(7/8SEA15:57---ONT18:35)
1111-d30(7/8ONT19:30---SEA22:08)
1118-d240(7/8SEA23:00---ONT01:46)
1119-d240(7/9ONT03:00---SEA05:40)
498-d30(7/9SEA06:33---PDX07:29)
1158-d360(7/9PDX08:48---SNA11:18)
2025-Jul-09 15:50:00
--------------------------------------------------------
N525AS[40]
21(7/7JFK11:00---SEA17:13)
2025-Jul-07 17:53:00
2025-Jul-09 15:40:00
--------------------------------------------------------
N526AS[50]
210(7/7FAI13:52---SEA17:40)
2025-Jul-07 18:30:00
2025-Jul-09 15:50:00
--------------------------------------------------------
N527AS[50]
2025-Jul-07 15:00:00
2025-Jul-09 15:50:00
--------------------------------------------------------
N529AS[60]
869(7/7SJC14:00---KOA19:30)
2025-Jul-07 20:30:00
2025-Jul-09 16:00:00
--------------------------------------------------------
N530AS[60]
2025-Jul-07 15:00:00
1225-d0(7/7SFO21:45---SEA23:54)
1018-d330(7/8SEA01:01---BOI02:34)
947-d360(7/8BOI04:00---PDX05:21)
278-d360(7/8PDX06:40---LAX09:15)
1055-d360(7/8LAX10:15---SEA13:06)
N530AS_SEA-13:19/16:19-d0(7/8SEA13:19---7/8 16:19)
1082-d150(7/8SEA16:30---SFO18:41)
1043-d360(7/8SFO20:00---SEA22:05)
908-d300(7/8SEA23:30---PSC00:39)
909-d330(7/9PSC02:00---SEA03:08)
1030-d330(7/9SEA04:18---BZN06:01)
1031-d360(7/9BZN07:25---SEA09:35)
1152-d360(7/9SEA10:44---OAK13:01)
2025-Jul-09 16:00:00
--------------------------------------------------------
N531AS[45]
2025-Jul-07 15:00:00
2025-Jul-09 15:45:00
--------------------------------------------------------
N532AS[60]
1109(7/7SEA13:00---SAN15:53)
2025-Jul-07 16:53:00
2025-Jul-09 16:00:00
--------------------------------------------------------
N535AS[50]
1151(7/7OAK14:00---SEA16:07)
2025-Jul-07 16:57:00
2025-Jul-09 15:50:00
--------------------------------------------------------
N536AS[45]
1(7/7DCA12:00---SEA17:56)
2025-Jul-07 18:41:00
2025-Jul-09 15:45:00
--------------------------------------------------------
N537AS[50]
1124(7/7LAX14:00---PDX16:23)
2025-Jul-07 17:13:00
863-d0(7/7PDX17:30---GEG18:41)
864-d0(7/7GEG19:36---PDX20:48)
1100-d0(7/7PDX21:55---SNA00:27)
740-d360(7/8SNA01:42---SFO03:10)
929-d360(7/8SFO04:05---PDX05:50)
1158-d240(7/8PDX06:48---SNA09:18)
774-d360(7/8SNA10:15---SEA13:05)
1226-d0(7/8SEA14:00---SJC16:08)
1311001-d0(7/8SJC17:00---SEA19:13)
149-d210(7/8SEA20:20---ANC23:56)
66-d210(7/9ANC00:56---CDV01:51)
66001-d210(7/9CDV02:43---YAK03:43)
66003-d210(7/9YAK04:35---JNU05:33)
67-d120(7/9JNU06:40---ANC08:28)
59-d180(7/9ANC09:35---MSP15:00)
2025-Jul-09 15:50:00
--------------------------------------------------------
N538AS[55]
2025-Jul-07 15:00:00
2025-Jul-09 15:55:00
--------------------------------------------------------
N546AS[45]
2025-Jul-07 15:00:00
100-d0(7/7ANC19:41---SEA23:10)
N546AS_SEA-02:35/05:35-d0(7/8SEA02:35---7/8 05:35)
1321-d330(7/8SEA05:38---STS07:39)
1321001-d330(7/8STS08:31---SEA10:37)
1148-d0(7/8SEA14:20---SNA17:15)
1149-d180(7/8SNA18:02---SEA20:56)
1174-d210(7/8SEA21:52---SNA00:44)
740-d360(7/9SNA01:42---SFO03:10)
929-d360(7/9SFO04:05---PDX05:50)
353-d360(7/9PDX06:46---OGG12:39)
2025-Jul-09 15:45:00
--------------------------------------------------------
N548AS[35]
2025-Jul-07 15:00:00
2025-Jul-09 15:35:00
--------------------------------------------------------
N549AS[50]
2025-Jul-07 15:00:00
231-d0(7/7ANC15:10---ADQ16:11)
232-d0(7/7ADQ17:03---ANC18:01)
43-d0(7/7ANC18:59---BET20:21)
44-d0(7/7BET21:11---ANC22:34)
155-d0(7/7ANC23:32---OME01:09)
155001-d0(7/8OME01:59---ANC03:33)
47-d0(7/8ANC15:15---SEA18:52)
175-d0(7/8SEA19:55---ANC23:27)
177-d0(7/9ANC02:30---ADQ03:30)
2025-Jul-09 15:50:00
--------------------------------------------------------
N551AS[55]
2025-Jul-07 15:00:00
2025-Jul-09 15:55:00
--------------------------------------------------------
N552AS[30]
981(7/7SFO13:00---SEA15:04)
2025-Jul-07 15:34:00
2025-Jul-09 15:30:00
--------------------------------------------------------
N553AS[45]
1298(7/7PDX14:00---SNA16:31)
2025-Jul-07 17:16:00
2025-Jul-09 15:45:00
--------------------------------------------------------
N556AS[45]
1181(7/7SNA14:00---PDX16:30)
2025-Jul-07 17:15:00
2025-Jul-09 15:45:00
--------------------------------------------------------
N557AS[60]
701(7/7LAS13:00---SEA15:45)
2025-Jul-07 16:45:00
2025-Jul-09 16:00:00
--------------------------------------------------------
N560AS[60]
2025-Jul-07 15:00:00
2025-Jul-09 16:00:00
--------------------------------------------------------
N562AS[50]
2025-Jul-07 15:00:00
2025-Jul-09 15:50:00
--------------------------------------------------------
N564AS[45]
1325(7/7SNA13:45---SEA16:42)
2025-Jul-07 17:27:00
2025-Jul-09 15:45:00
--------------------------------------------------------
N565AS[45]
173(7/7SEA13:00---ANC16:40)
2025-Jul-07 17:25:00
2025-Jul-09 15:45:00
--------------------------------------------------------
N568AS[60]
2025-Jul-07 15:00:00
2025-Jul-09 16:00:00
--------------------------------------------------------
N569AS[40]
790(7/7SFO14:00---LIH19:47)
2025-Jul-07 20:27:00
2025-Jul-09 15:40:00
--------------------------------------------------------
N570AS[60]
2025-Jul-07 15:00:00
2025-Jul-09 16:00:00
--------------------------------------------------------
N577AS[50]
260(7/7BOS12:40---SAN18:50)
2025-Jul-07 19:40:00
2025-Jul-09 15:50:00
--------------------------------------------------------
N579AS[50]
1316(7/7SEA13:00---LAX15:50)
2025-Jul-07 16:40:00
560-d90(7/7LAX17:00---KOA22:40)
808-d180(7/7KOA23:30---SEA05:22)
119-d30(7/8SEA06:29---ANC10:09)
148-d150(7/8ANC10:59---SEA14:30)
1190-d0(7/8SEA16:00---SNA18:49)
1277-d150(7/8SNA19:51---SEA22:36)
N579AS_SEA-22:47/01:47-d0(7/8SEA22:47---7/9 01:47)
1125-d120(7/9SEA01:47---SLC03:50)
719-d120(7/9SLC04:44---SEA07:07)
344-d180(7/9SEA08:20---BWI13:21)
2025-Jul-09 15:50:00
--------------------------------------------------------
N581AS[50]
526(7/7PDX14:04---SFO15:53)
2025-Jul-07 16:43:00
2025-Jul-09 15:50:00
--------------------------------------------------------
N586AS[50]
62(7/7ANC14:45---JNU16:28)
2025-Jul-07 17:18:00
62001-d0(7/7JNU17:20---SIT18:05)
62003-d0(7/7SIT18:57---KTN19:58)
62002-d0(7/7KTN20:48---SEA22:47)
67002-d90(7/8SEA00:03---KTN02:10)
67001-d120(7/8KTN03:25---SIT04:20)
67003-d150(7/8SIT05:38---JNU06:22)
67-d180(7/8JNU07:40---ANC09:28)
110-d90(7/8ANC10:25---SEA13:56)
174-d0(7/8SEA16:57---FAI20:40)
103-d0(7/8FAI21:35---ANC22:40)
181-d30(7/8ANC23:36---DLG00:51)
182001-d30(7/9DLG01:45---ANC02:52)
45-d120(7/9ANC03:49---BET05:09)
46-d120(7/9BET05:59---ANC07:18)
109-d60(7/9ANC08:26---ORD14:40)
2025-Jul-09 15:50:00
--------------------------------------------------------
N587AS[45]
2025-Jul-07 15:00:00
2025-Jul-09 15:45:00
--------------------------------------------------------
N589AS[60]
2025-Jul-07 15:00:00
2025-Jul-09 16:00:00
--------------------------------------------------------
N590AS[55]
5(7/7DCA13:59---LAX19:33)
2025-Jul-07 20:28:00
2025-Jul-09 15:55:00
--------------------------------------------------------
N592AS[45]
2025-Jul-07 15:00:00
2025-Jul-09 15:45:00
--------------------------------------------------------
N593AS[50]
393(7/7LAS14:00---PAE16:40)
2025-Jul-07 17:30:00
385-d0(7/7PAE17:40---PHX20:43)
396-d0(7/7PHX21:43---PAE00:44)
391-d0(7/8PAE01:44---LAS04:17)
599-d270(7/8LAS05:15---SEA08:00)
1292-d300(7/8SEA09:07---LAX11:59)
504-d0(7/8LAX14:00---SEA16:47)
1256-d30(7/8SEA17:51---PSP20:45)
582-d30(7/8PSP21:40---SEA00:30)
67002-d180(7/9SEA01:33---KTN03:40)
67001-d210(7/9KTN04:55---SIT05:50)
67003-d240(7/9SIT07:08---JNU07:52)
66002-d360(7/9JNU08:55---SEA11:23)
2025-Jul-09 15:50:00
--------------------------------------------------------
N594AS[55]
1136001(7/7PDX14:00---DEN16:37)
2025-Jul-07 17:32:00
165-d150(7/7DEN17:50---ANC23:24)
183-d150(7/8ANC00:40---DLG01:55)
182-d150(7/8DLG02:50---ANC04:00)
151001-d330(7/8ANC05:10---AKN06:19)
151-d330(7/8AKN07:29---ANC08:40)
302-d0(7/8ANC09:44---PDX13:20)
1298-d30(7/8PDX14:30---SNA17:01)
1299-d0(7/8SNA18:10---PDX20:34)
1235-d0(7/8PDX21:34---DEN00:10)
1131-d0(7/9DEN01:06---PDX03:50)
1162-d30(7/9PDX05:00---SAN07:35)
259-d180(7/9SAN08:45---BOS14:30)
2025-Jul-09 15:55:00
--------------------------------------------------------
N596AS[45]
966(7/7GEG13:00---SEA14:15)
2025-Jul-07 15:00:00
2025-Jul-09 15:45:00
--------------------------------------------------------
N597AS[55]
2025-Jul-07 15:00:00
2025-Jul-09 15:55:00
--------------------------------------------------------
N607AS[40]
186(7/7JNU13:00---SEA15:28)
2025-Jul-07 16:08:00
2025-Jul-09 15:40:00
--------------------------------------------------------
N609AS[40]
931(7/7RNO14:00---SEA15:56)
2025-Jul-07 16:36:00
72-d0(7/7SEA16:55---JNU19:26)
61001-d180(7/7JNU20:19---YAK21:18)
61003-d180(7/7YAK22:08---CDV23:09)
61-d180(7/7CDV23:59---ANC01:00)
201-d150(7/8ANC01:45---JNU03:28)
157-d270(7/8JNU04:32---GST05:11)
77-d270(7/8GST06:05---JNU06:44)
84-d330(7/8JNU07:25---ANC09:13)
55-d0(7/8ANC13:45---SCC15:30)
55001-d0(7/8SCC16:14---ANC17:58)
64-d0(7/8ANC18:50---JNU20:33)
64001-d0(7/8JNU21:21---PSG22:07)
64003-d0(7/8PSG22:52---WRG23:25)
64004-d0(7/9WRG00:10---KTN00:55)
64002-d0(7/9KTN01:40---SEA03:35)
720-d270(7/9SEA04:16---FAT06:28)
721-d270(7/9FAT07:10---SEA09:37)
736-d360(7/9SEA10:40---RNO12:35)
2025-Jul-09 15:40:00
--------------------------------------------------------
N611AS[40]
55(7/7ANC13:45---SCC15:30)
2025-Jul-07 16:10:00
55001-d0(7/7SCC16:14---ANC17:58)
64-d0(7/7ANC18:50---JNU20:33)
64001-d0(7/7JNU21:21---PSG22:07)
64003-d0(7/7PSG22:52---WRG23:25)
64004-d0(7/8WRG00:10---KTN00:55)
64002-d0(7/8KTN01:40---SEA03:35)
720-d270(7/8SEA04:16---FAT06:28)
721-d270(7/8FAT07:10---SEA09:37)
736-d360(7/8SEA10:40---RNO12:35)
931-d0(7/8RNO14:00---SEA15:56)
65003-d180(7/8SEA17:00---KTN19:04)
65001-d180(7/8KTN19:49---WRG20:28)
65004-d180(7/8WRG21:13---PSG21:44)
65002-d180(7/8PSG22:29---JNU23:19)
157-d0(7/9JNU00:02---GST00:41)
77-d0(7/9GST01:35---JNU02:14)
65-d360(7/9JNU03:07---ANC04:53)
151001-d360(7/9ANC05:40---AKN06:49)
151-d330(7/9AKN07:29---ANC08:40)
70-d360(7/9ANC09:45---JNU11:27)
70001-d360(7/9JNU12:15---SIT12:59)
2025-Jul-09 15:40:00
--------------------------------------------------------
N612AS[50]
2025-Jul-07 15:00:00
2025-Jul-09 15:50:00
--------------------------------------------------------
N613AS[40]
148(7/7ANC08:29---SEA12:00)
65003(7/7SEA14:00---KTN16:04)
2025-Jul-07 16:44:00
2025-Jul-09 15:40:00
--------------------------------------------------------
N615AS[45]
2025-Jul-07 15:00:00
60-d0(7/7JNU15:14---KTN16:15)
65001-d30(7/7KTN17:19---WRG17:58)
65004-d30(7/7WRG18:43---PSG19:14)
65002-d30(7/7PSG19:59---JNU20:49)
65-d30(7/7JNU21:37---ANC23:23)
108-d360(7/8ANC00:22---FAI01:27)
140-d360(7/8FAI02:17---SEA06:00)
69001-d330(7/8SEA07:05---KTN09:14)
69-d330(7/8KTN09:59---JNU11:00)
186-d0(7/8JNU13:00---SEA15:28)
61002-d150(7/8SEA16:30---JNU18:59)
60-d270(7/8JNU19:44---KTN20:45)
60001-d270(7/8KTN21:30---SEA23:33)
1328-d360(7/9SEA00:31---OAK02:44)
1247-d360(7/9OAK03:38---SEA05:38)
97-d360(7/9SEA06:40---FAI10:25)
192-d360(7/9FAI11:25---ANC12:32)
2025-Jul-09 15:45:00
--------------------------------------------------------
N618AS[50]
593(7/7ANC13:05---PDX16:42)
2025-Jul-07 17:32:00
2025-Jul-09 15:50:00
--------------------------------------------------------
N619AS[40]
61002(7/7SEA14:00---JNU16:29)
2025-Jul-07 17:09:00
2025-Jul-09 15:40:00
--------------------------------------------------------
N622AS[45]
73001(7/7SIT14:00---JNU14:44)
2025-Jul-07 15:29:00
2025-Jul-09 15:45:00
--------------------------------------------------------
N703AL[40]
2025-Jul-07 15:00:00
2025-Jul-09 15:40:00
--------------------------------------------------------
N705AL[50]
618(7/7ABQ14:00---SEA17:15)
2025-Jul-07 18:05:00
1328-d150(7/7SEA21:01---OAK23:14)
1247-d150(7/8OAK00:08---SEA02:08)
509-d300(7/8SEA03:15---SLC05:18)
510-d300(7/8SLC06:12---SEA08:30)
644-d330(7/8SEA09:25---PHX12:24)
799-d30(7/8PHX13:30---SEA16:34)
480001-d0(7/8SEA17:25---MSP20:46)
480-d0(7/8MSP21:50---SEA01:49)
1156-d0(7/9SEA02:59---SAN06:00)
735-d360(7/9SAN06:51---SEA09:50)
112-d240(7/9SEA10:50---FAI14:36)
2025-Jul-09 15:50:00
--------------------------------------------------------
N706AL[55]
2025-Jul-07 15:00:00
2025-Jul-09 15:55:00
--------------------------------------------------------
N707AL[55]
2025-Jul-07 15:00:00
555001-d0(7/7SEA15:05---MSP18:29)
555-d0(7/7MSP19:25---SEA23:15)
600-d90(7/8SEA00:12---LAS02:46)
403-d60(7/8LAS03:45---SEA06:37)
642-d270(7/8SEA07:47---DEN10:29)
643-d0(7/8DEN12:00---SEA15:01)
555001-d60(7/8SEA16:05---MSP19:29)
555-d60(7/8MSP20:25---SEA00:15)
N707AL_SEA-00:34/04:34-d0(7/9SEA00:34---7/9 04:34)
1468-d270(7/9SEA04:45---LAX07:30)
282-d240(7/9LAX08:26---EWR13:59)
2025-Jul-09 15:55:00
--------------------------------------------------------
N708AL[60]
373(7/7EWR13:00---SFO19:13)
2025-Jul-07 20:13:00
2025-Jul-09 16:00:00
--------------------------------------------------------
N709AL[55]
2025-Jul-07 15:00:00
2025-Jul-09 15:55:00
--------------------------------------------------------
N710AL[50]
341(7/7PIT12:03---SEA17:28)
2025-Jul-07 18:18:00
2025-Jul-09 15:50:00
--------------------------------------------------------
N712AL[50]
563(7/7MCI11:45---SEA15:47)
2025-Jul-07 16:37:00
2025-Jul-09 15:50:00
--------------------------------------------------------
N713AL[60]
249(7/7SFO14:20---BOS20:01)
2025-Jul-07 21:01:00
389-d0(7/7BOS21:45---SAN04:00)
1199-d180(7/8SAN05:05---SEA08:07)
1034-d360(7/8SEA09:14---BOI10:46)
737-d0(7/8BOI12:25---SEA14:05)
1007-d0(7/8SEA16:54---PHX19:55)
1006-d0(7/8PHX20:55---SEA00:00)
229001-d270(7/9SEA01:05---MSP04:23)
229-d300(7/9MSP05:49---SEA09:45)
1039-d360(7/9SEA10:45---GEG11:58)
2025-Jul-09 16:00:00
--------------------------------------------------------
N716AL[55]
368(7/7SFO14:00---MCO19:34)
2025-Jul-07 20:29:00
2025-Jul-09 15:55:00
--------------------------------------------------------
N719AL[60]
458(7/7IAD12:10---SFO17:55)
2025-Jul-07 18:55:00
1075-d30(7/7SFO18:55---SEA21:07)
1300-d60(7/7SEA22:10---LAX00:58)
1397-d60(7/8LAX02:07---PDX04:30)
1122-d300(7/8PDX05:30---SAN08:03)
729-d330(7/8SAN09:07---PDX11:44)
526-d0(7/8PDX14:04---SFO15:53)
718-d90(7/8SFO17:20---LAS19:02)
479-d330(7/8LAS20:30---SEA23:10)
722-d330(7/9SEA00:14---PHX03:17)
975-d330(7/9PHX04:17---SEA07:22)
464-d90(7/9SEA08:29---ATL13:19)
2025-Jul-09 16:00:00
--------------------------------------------------------
N720AL[60]
917(7/7MCO14:00---SEA20:10)
2025-Jul-07 21:10:00
2025-Jul-09 16:00:00
--------------------------------------------------------
N722AL[30]
2025-Jul-07 15:00:00
2025-Jul-09 15:30:00
--------------------------------------------------------
N723AL[60]
1021(7/7MCO11:00---SAN16:04)
2025-Jul-07 17:04:00
2025-Jul-09 16:00:00
--------------------------------------------------------
N724AL[30]
377(7/7ATL10:30---SEA15:57)
2025-Jul-07 16:27:00
1080-d0(7/7SEA16:55---SJC19:10)
1081-d60(7/7SJC21:04---SEA23:12)
697001-d240(7/7SEA23:52---MSO01:17)
697-d240(7/8MSO02:13---SEA03:51)
445-d330(7/8SEA04:38---RNO06:29)
523-d330(7/8RNO07:17---SEA09:12)
1264-d360(7/8SEA10:03---SAN12:59)
974-d0(7/8SAN14:00---PDX16:35)
1143-d0(7/8PDX17:30---LAX20:00)
1315-d0(7/8LAX21:05---PDX23:25)
946-d150(7/9PDX00:00---BOI01:18)
1019-d150(7/9BOI02:13---SEA03:50)
225-d270(7/9SEA04:45---ANC08:24)
164-d120(7/9ANC09:18---DEN14:35)
2025-Jul-09 15:30:00
--------------------------------------------------------
N725AL[55]
2025-Jul-07 15:00:00
2025-Jul-09 15:55:00
--------------------------------------------------------
N729AL[55]
428(7/7CVG12:40---SEA17:39)
2025-Jul-07 18:34:00
1114-d120(7/7SEA21:09---SJC23:29)
1175-d120(7/8SJC00:24---SEA02:34)
688-d210(7/8SEA03:29---LAS06:04)
779-d330(7/8LAS07:01---PDX09:20)
1291-d360(7/8PDX10:30---LAX12:59)
1124-d0(7/8LAX14:00---PDX16:23)
1296-d0(7/8PDX17:40---SAN20:15)
1297-d0(7/8SAN21:15---PDX23:49)
278-d30(7/9PDX01:10---LAX03:45)
1093-d210(7/9LAX04:45---SEA07:30)
1227-d90(7/9SEA08:29---AUS12:37)
2025-Jul-09 15:55:00
--------------------------------------------------------
N731AL[45]
111(7/7ORD05:59---ANC12:37)
82(7/7ANC14:00---SEA17:31)
2025-Jul-07 18:16:00
934001-d180(7/7SEA21:20---EUG22:36)
934-d180(7/7EUG23:30---SEA00:48)
962-d150(7/8SEA01:33---GEG02:43)
964-d150(7/8GEG03:37---SEA04:51)
1192-d120(7/8SEA05:37---SJC07:49)
1201-d240(7/8SJC08:46---SEA10:59)
173-d0(7/8SEA13:00---ANC16:40)
48001-d60(7/8ANC17:25---SEA21:01)
92-d30(7/8SEA22:03---KTN00:11)
94-d30(7/9KTN01:05---SEA03:05)
1168-d90(7/9SEA03:55---BUR06:29)
1052-d300(7/9BUR07:18---SEA10:07)
115-d360(7/9SEA10:59---FAI14:49)
2025-Jul-09 15:45:00
--------------------------------------------------------
N732AL[60]
2025-Jul-07 15:00:00
2025-Jul-09 16:00:00
--------------------------------------------------------
N733AL[30]
308(7/7BOS11:30---SFO18:07)
2025-Jul-07 18:37:00
2025-Jul-09 15:30:00
--------------------------------------------------------
N734AL[60]
548(7/7CLE11:00---SEA16:09)
2025-Jul-07 17:09:00
2025-Jul-09 16:00:00
--------------------------------------------------------
N738AL[45]
1043(7/7SFO14:00---SEA16:05)
2025-Jul-07 16:50:00
2025-Jul-09 15:45:00
--------------------------------------------------------
N801AK[50]
2025-Jul-07 15:00:00
622-d0(7/8ANC04:20---JFK11:33)
623-d0(7/8JFK13:45---ANC21:26)
226-d0(7/8ANC22:20---SEA01:50)
1202-d150(7/9SEA03:05---SNA05:55)
774-d150(7/9SNA06:45---SEA09:35)
2025-Jul-09 15:50:00
--------------------------------------------------------
N803AK[50]
623(7/7JFK13:45---ANC21:26)
2025-Jul-07 22:16:00
51-d0(7/7ANC22:26---BRW00:25)
50-d0(7/8BRW01:15---ANC03:05)
137-d0(7/8ANC16:55---OTZ18:32)
137001-d0(7/8OTZ19:24---ANC20:54)
51-d0(7/8ANC22:26---BRW00:25)
50-d0(7/9BRW01:15---ANC03:05)
622-d0(7/9ANC04:20---JFK11:33)
2025-Jul-09 15:50:00
--------------------------------------------------------
N804AK[50]
2025-Jul-07 15:00:00
4-d0(7/7SEA15:34---DCA20:43)
9-d0(7/7DCA21:43---PDX03:31)
1162-d0(7/8PDX04:30---SAN07:05)
1154-d0(7/8SAN14:15---SEA17:22)
1144-d0(7/8SEA19:00---LAX21:54)
1167-d0(7/8LAX23:05---PDX01:26)
579-d0(7/9PDX02:35---LAX05:05)
2025-Jul-09 15:50:00
--------------------------------------------------------
N805AK[60]
2025-Jul-07 15:00:00
1179-d270(7/7LAX19:30---SEA22:23)
1144-d270(7/7SEA23:30---LAX02:24)
1179-d0(7/8LAX15:00---SEA17:53)
843-d0(7/8SEA19:05---KOA01:19)
788-d120(7/9KOA02:40---SFO08:00)
2025-Jul-09 16:00:00
--------------------------------------------------------
N806AK[55]
511(7/7PHX14:00---PDX16:43)
2025-Jul-07 17:38:00
757-d0(7/7PDX17:50---LAS20:09)
676-d0(7/7LAS21:04---SEA23:50)
91-d0(7/8SEA04:15---SIT06:44)
90-d0(7/8SIT15:15---SEA17:39)
154001-d30(7/8SEA19:02---RDM20:14)
154-d60(7/8RDM21:38---SEA22:58)
2025-Jul-09 15:55:00
--------------------------------------------------------
N809AK[60]
491(7/7SEA13:00---DFW17:00)
2025-Jul-07 18:00:00
543-d0(7/7DFW18:00---SEA22:17)
N809AK_SEA-22:17/02:17-d0(7/7SEA22:17---7/8 02:17)
1048-d90(7/8SEA02:39---LAX05:30)
578-d0(7/8LAX16:05---PDX18:31)
330-d0(7/8PDX19:31---LAX21:59)
2025-Jul-09 16:00:00
--------------------------------------------------------
N812AK[30]
110(7/7ANC08:55---SEA12:26)
1082(7/7SEA14:00---SFO16:11)
2025-Jul-07 16:41:00
739-d0(7/7SFO18:00---SNA19:40)
1061-d0(7/7SNA20:30---SEA23:15)
2-d180(7/7SEA23:58---DCA04:59)
1-d0(7/8DCA12:00---SEA17:56)
807-d60(7/8SEA18:31---KOA00:40)
880-d0(7/9KOA07:30---SEA13:19)
2025-Jul-09 15:30:00
--------------------------------------------------------
N813AK[40]
912(7/7SFO14:20---SAN16:02)
2025-Jul-07 16:42:00
1259-d180(7/7SAN20:00---SEA23:00)
1125-d0(7/7SEA23:47---SLC01:50)
719-d0(7/8SLC02:44---SEA05:07)
900-d0(7/8SEA18:40---RNO20:38)
601-d0(7/8RNO21:32---SEA23:29)
1138-d90(7/9SEA00:34---SBA03:10)
1139-d90(7/9SBA04:00---SEA06:37)
136-d270(7/9SEA07:25---ANC11:08)
2025-Jul-09 15:40:00
--------------------------------------------------------
N903AK[60]
2025-Jul-07 15:00:00
2025-Jul-09 16:00:00
--------------------------------------------------------
N912AK[60]
284(7/7LAX14:00---EWR19:34)
2025-Jul-07 20:34:00
2025-Jul-09 16:00:00
--------------------------------------------------------
N913AK[50]
1101(7/7PDX14:00---LAS16:19)
2025-Jul-07 17:09:00
2025-Jul-09 15:50:00
--------------------------------------------------------
N915AK[60]
1239(7/7PDX14:00---PHX16:46)
2025-Jul-07 17:46:00
2025-Jul-09 16:00:00
--------------------------------------------------------
N917AK[30]
2025-Jul-07 15:00:00
2025-Jul-09 15:30:00
--------------------------------------------------------
N918AK[60]
2025-Jul-07 15:00:00
613-d0(7/7LAS15:30---SFO17:10)
718-d150(7/7SFO18:20---LAS20:02)
1467-d210(7/7LAS21:57---PDX00:18)
1016-d300(7/8PDX01:25---SEA02:25)
1030-d300(7/8SEA03:48---BZN05:31)
1031-d330(7/8BZN06:55---SEA09:05)
1230-d330(7/8SEA10:15---SMF12:15)
1255-d0(7/8SMF15:13---SEA17:15)
505-d60(7/8SEA18:17---LAX21:10)
1083-d60(7/8LAX22:10---SEA00:54)
632-d60(7/9SEA01:59---PHX05:00)
611-d360(7/9PHX06:29---SEA09:35)
423-d240(7/9SEA10:36---SAT14:40)
2025-Jul-09 16:00:00
--------------------------------------------------------
N919AK[30]
248(7/7ANC14:30---SEA18:08)
2025-Jul-07 18:38:00
2025-Jul-09 15:30:00
--------------------------------------------------------
N920AK[45]
1091(7/7ONT13:00---SEA15:42)
2025-Jul-07 16:27:00
2025-Jul-09 15:45:00
--------------------------------------------------------
N921AK[30]
745(7/7DEN14:00---SEA17:00)
2025-Jul-07 17:30:00
2025-Jul-09 15:30:00
--------------------------------------------------------
N924AK[45]
85(7/7SEA14:00---ANC17:35)
2025-Jul-07 18:20:00
2025-Jul-09 15:45:00
--------------------------------------------------------
N926AK[60]
351(7/7IAD10:30---SEA16:17)
2025-Jul-07 17:17:00
2025-Jul-09 16:00:00
--------------------------------------------------------
N928AK[40]
499(7/7PDX13:05---SEA14:09)
2025-Jul-07 15:00:00
1306-d0(7/7SEA15:00---LAX17:49)
1240-d30(7/7LAX18:32---PDX20:55)
836-d30(7/7PDX22:00---SFO23:52)
835-d330(7/8SFO00:33---PDX02:20)
579-d30(7/8PDX03:05---LAX05:35)
1215-d240(7/8LAX06:25---SEA09:17)
636-d360(7/8SEA10:18---LAS13:01)
613-d0(7/8LAS15:30---SFO17:10)
1169-d150(7/8SFO17:50---SEA20:00)
738-d180(7/8SEA20:40---LAS23:19)
756-d180(7/9LAS00:13---PDX02:35)
1062-d150(7/9PDX03:34---BUR05:53)
1107-d330(7/9BUR06:34---PDX08:51)
436-d300(7/9PDX09:37---BOS15:00)
2025-Jul-09 15:40:00
--------------------------------------------------------
N929AK[60]
504(7/7LAX14:00---SEA16:47)
2025-Jul-07 17:47:00
2025-Jul-09 16:00:00
--------------------------------------------------------
N931AK[30]
2025-Jul-07 15:00:00
2025-Jul-09 15:30:00
--------------------------------------------------------
N932AK[60]
2025-Jul-07 15:00:00
2025-Jul-09 16:00:00
--------------------------------------------------------
N933AK[55]
2025-Jul-07 15:00:00
2025-Jul-09 15:55:00
--------------------------------------------------------
N934AK[60]
1076(7/7PDX14:00---LAX16:39)
2025-Jul-07 17:39:00
2025-Jul-09 16:00:00
--------------------------------------------------------
N935AK[55]
156(7/7FAI10:09---SEA13:44)
2025-Jul-07 15:00:00
2025-Jul-09 15:55:00
--------------------------------------------------------
N936AK[60]
1193(7/7SJC14:03---SEA16:15)
2025-Jul-07 17:15:00
2025-Jul-09 16:00:00
--------------------------------------------------------
N938AK[45]
573(7/7DFW11:00---SEA15:17)
2025-Jul-07 16:02:00
2025-Jul-09 15:45:00
--------------------------------------------------------
N941AK[60]
1154(7/7SAN14:15---SEA17:22)
2025-Jul-07 18:22:00
2025-Jul-09 16:00:00
--------------------------------------------------------
N942AK[60]
2025-Jul-07 15:00:00
2025-Jul-09 16:00:00
--------------------------------------------------------
N947AK[30]
1217(7/7SMF13:15---SEA15:15)
2025-Jul-07 15:45:00
2025-Jul-09 15:30:00
--------------------------------------------------------
N948AK[60]
2025-Jul-07 15:00:00
2025-Jul-09 16:00:00
--------------------------------------------------------
N949AK[60]
2025-Jul-07 15:00:00
2025-Jul-09 16:00:00
--------------------------------------------------------
N952AK[50]
381(7/7DTW11:00---SEA15:57)
2025-Jul-07 16:47:00
2025-Jul-09 15:50:00
--------------------------------------------------------
N953AK[60]
68(7/7MSP13:20---ANC19:20)
2025-Jul-07 20:20:00
266-d0(7/7ANC20:25---SFO01:05)
525-d0(7/8SFO02:05---PDX03:50)
N953AK_PDX-03:50/09:50-d0(7/8PDX03:50---7/8 09:50)
1057-d240(7/8PDX09:52---DFW13:40)
573-d240(7/8DFW15:00---SEA19:17)
352-d60(7/8SEA20:18---AUS00:30)
513-d0(7/9AUS01:45---SFO05:29)
1327-d240(7/9SFO06:49---SEA09:05)
427-d210(7/9SEA10:19---CVG14:37)
2025-Jul-09 16:00:00
--------------------------------------------------------
N954AK[50]
1226(7/7SEA14:00---SJC16:08)
2025-Jul-07 16:58:00
2025-Jul-09 15:50:00
--------------------------------------------------------
N955AK[55]
2025-Jul-07 15:00:00
2025-Jul-09 15:55:00
--------------------------------------------------------
N956AK[60]
1265(7/7SAN13:15---SEA16:16)
2025-Jul-07 17:16:00
2025-Jul-09 16:00:00
--------------------------------------------------------
N958AK[30]
361(7/7OMA11:05---SEA14:47)
2025-Jul-07 15:17:00
2025-Jul-09 15:30:00
--------------------------------------------------------
N960AK[30]
387(7/7MSP11:40---SEA15:44)
2025-Jul-07 16:14:00
2025-Jul-09 15:30:00
--------------------------------------------------------
N961AK[30]
336(7/7BOS10:00---PDX16:17)
2025-Jul-07 16:47:00
2025-Jul-09 15:30:00
--------------------------------------------------------
N962AK[60]
2025-Jul-07 15:00:00
2025-Jul-09 16:00:00
--------------------------------------------------------
N963AK[60]
831(7/7PDX14:00---OGG19:55)
2025-Jul-07 20:55:00
2025-Jul-09 16:00:00
--------------------------------------------------------
N964AK[60]
797(7/7SEA14:00---LAX16:50)
2025-Jul-07 17:50:00
2025-Jul-09 16:00:00
--------------------------------------------------------
N966AK[60]
30(7/7SFO13:18---JFK19:00)
2025-Jul-07 20:00:00
2025-Jul-09 16:00:00
--------------------------------------------------------
N967AK[60]
303(7/7DFW12:25---PDX16:28)
2025-Jul-07 17:28:00
2025-Jul-09 16:00:00
--------------------------------------------------------
N968AK[50]
737(7/7BOI12:25---SEA14:05)
2025-Jul-07 15:00:00
2025-Jul-09 15:50:00
--------------------------------------------------------
N969AK[55]
24(7/7SAN14:00---JFK19:39)
2025-Jul-07 20:34:00
114-d0(7/7JFK20:39---SFO03:02)
571-d330(7/8SFO04:18---LAS06:01)
749-d180(7/8LAS07:19---SEA10:06)
144-d270(7/8SEA11:29---ANC15:09)
57-d30(7/8ANC16:30---FAI17:35)
234-d30(7/8FAI18:35---SEA22:13)
1114-d240(7/8SEA23:09---SJC01:29)
1175-d240(7/9SJC02:24---SEA04:34)
980-d60(7/9SEA05:40---SFO07:59)
374-d240(7/9SFO09:19---EWR14:54)
2025-Jul-09 15:55:00
--------------------------------------------------------
N972AK[30]
399(7/7IAH14:00---SEA18:45)
2025-Jul-07 19:15:00
2025-Jul-09 15:30:00
--------------------------------------------------------
N973AK[30]
595(7/7AUS12:15---SEA16:40)
2025-Jul-07 17:10:00
2025-Jul-09 15:30:00
--------------------------------------------------------
N974AK[30]
298(7/7SEA13:41---EWR19:00)
2025-Jul-07 19:30:00
2025-Jul-09 15:30:00
--------------------------------------------------------
N975AK[60]
299(7/7EWR11:19---SEA17:31)
2025-Jul-07 18:31:00
2025-Jul-09 16:00:00
--------------------------------------------------------
N976AK[40]
1228(7/7AUS14:45---SEA19:12)
2025-Jul-07 19:52:00
2025-Jul-09 15:40:00
--------------------------------------------------------
N977AK[55]
451(7/7MSY12:10---SEA17:16)
2025-Jul-07 18:11:00
1017-d180(7/7SEA21:20---PDX22:23)
1287-d90(7/7PDX23:20---BUR01:39)
1052-d30(7/8BUR02:48---SEA05:37)
97-d360(7/8SEA06:40---FAI10:25)
192-d360(7/8FAI11:25---ANC12:32)
188-d30(7/8ANC13:30---SEA17:00)
71-d0(7/8SEA18:43---JNU21:19)
176-d0(7/8JNU22:15---SEA00:42)
1318001-d0(7/9SEA01:59---SFO04:12)
525-d210(7/9SFO05:35---PDX07:20)
1057-d150(7/9PDX08:22---DFW12:10)
2025-Jul-09 15:55:00
--------------------------------------------------------
N978AK[60]
784(7/7PDX14:00---ATL18:46)
2025-Jul-07 19:46:00
2025-Jul-09 16:00:00
--------------------------------------------------------
N982AK[55]
433(7/7TPA13:00---SAN17:50)
2025-Jul-07 18:45:00
2025-Jul-09 15:55:00
--------------------------------------------------------
N983AK[50]
495(7/7SAT12:00---SEA16:24)
2025-Jul-07 17:14:00
904-d180(7/7SEA21:23---BZN23:06)
905-d180(7/8BZN00:00---SEA01:59)
960-d150(7/8SEA03:13---GEG04:20)
965-d150(7/8GEG05:14---SEA06:30)
N983AK_SEA-07:06/11:06-d0(7/8SEA07:06---7/8 11:06)
328-d270(7/8SEA11:10---ORD15:10)
329-d60(7/8ORD16:00---SEA20:34)
49-d210(7/8SEA21:25---ANC01:05)
201-d180(7/9ANC02:15---JNU03:58)
84-d180(7/9JNU04:55---ANC06:43)
138-d150(7/9ANC07:38---ORD13:54)
2025-Jul-09 15:50:00
--------------------------------------------------------
N984AK[35]
395(7/7MCO11:20---SEA17:30)
2025-Jul-07 18:05:00
2025-Jul-09 15:35:00
--------------------------------------------------------
N985AK[60]
2025-Jul-07 15:00:00
2025-Jul-09 16:00:00
--------------------------------------------------------
N990AK[60]
2025-Jul-07 15:00:00
2025-Jul-09 16:00:00
--------------------------------------------------------
N407AS[60]
2025-Jul-07 15:00:00
101-d0(7/7SEA16:53---KTN18:58)
102-d30(7/7KTN20:22---SEA22:24)
1150001-d240(7/7SEA23:48---BUR02:19)
1150-d270(7/8BUR03:44---SEA06:24)
1227-d30(7/8SEA07:29---AUS11:37)
595-d30(7/8AUS12:45---SEA17:10)
904-d0(7/8SEA18:23---BZN20:06)
905-d30(7/8BZN21:30---SEA23:29)
590-d60(7/9SEA00:42---SFO02:53)
571-d330(7/9SFO04:18---LAS06:01)
403-d270(7/9LAS07:15---SEA10:07)
185-d330(7/9SEA11:25---JNU13:55)
2025-Jul-09 16:00:00
--------------------------------------------------------
N428AS[60]
2025-Jul-07 15:00:00
2025-Jul-09 16:00:00
--------------------------------------------------------
N468AS[45]
2025-Jul-07 15:00:00
2025-Jul-09 15:45:00
--------------------------------------------------------
N479AS[60]
2025-Jul-07 15:00:00
2025-Jul-09 16:00:00
--------------------------------------------------------
N563AS[45]
2025-Jul-07 15:00:00
1190-d0(7/7SEA16:00---SNA18:49)
1277-d150(7/7SNA19:51---SEA22:36)
900-d300(7/7SEA23:40---RNO01:38)
601-d300(7/8RNO02:32---SEA04:29)
1042001-d360(7/8SEA05:17---SBP07:43)
1042-d360(7/8SBP08:35---SEA11:07)
498-d360(7/8SEA12:03---PDX12:59)
1101-d0(7/8PDX14:00---LAS16:19)
1089-d180(7/8LAS17:05---PDX19:24)
1084-d180(7/8PDX20:30---SNA23:03)
1159-d180(7/8SNA23:51---PDX02:15)
1100-d330(7/9PDX03:25---SNA05:57)
1229-d360(7/9SNA06:49---SEA09:35)
959-d270(7/9SEA10:22---GEG11:29)
2025-Jul-09 15:45:00
--------------------------------------------------------
N566AS[60]
2025-Jul-07 15:00:00
2025-Jul-09 16:00:00
--------------------------------------------------------
N588AS[60]
2025-Jul-07 15:00:00
2025-Jul-09 16:00:00
--------------------------------------------------------
N614AS[50]
2025-Jul-07 15:00:00
1051-d0(7/7SEA16:50---BUR19:26)
1038-d0(7/7BUR20:20---SEA22:59)
1146-d0(7/7SEA23:59---SAN02:49)
1294-d150(7/8SAN03:48---PDX06:20)
197-d150(7/8PDX07:20---ANC11:04)
231-d0(7/8ANC15:10---ADQ16:11)
232-d0(7/8ADQ17:03---ANC18:01)
43-d0(7/8ANC18:59---BET20:21)
44-d0(7/8BET21:11---ANC22:34)
155-d0(7/8ANC23:32---OME01:09)
155001-d0(7/9OME01:59---ANC03:33)
86-d300(7/9ANC04:45---SCC06:31)
87-d330(7/9SCC07:45---ANC09:30)
2025-Jul-09 15:50:00
--------------------------------------------------------
N946AK[55]
2025-Jul-07 15:00:00
2025-Jul-09 15:55:00
--------------------------------------------------------
N971AK[55]
2025-Jul-07 15:00:00
2025-Jul-09 15:55:00
--------------------------------------------------------
N979AK[55]
2025-Jul-07 15:00:00
2025-Jul-09 15:55:00
--------------------------------------------------------
================== Unassigned Flights ==================
329(7/7ORD15:00---SEA19:34)
196(7/7ADQ15:00---ANC15:57)
479(7/7LAS15:00---SEA17:40)
10(7/7PDX15:00---DCA20:02)
366001(7/7SEA15:02---MKE18:54)
1149(7/7SNA15:02---SEA17:56)
890(7/7SEA15:03---ORD19:13)
26(7/7SEA15:05---JFK20:29)
682001(7/7SEA15:06---DEN17:53)
916(7/7SEA15:08---MCO20:50)
825(7/7SEA15:09---OGG21:20)
1166(7/7SEA15:10---SFO17:29)
233(7/7SAN15:10---EWR20:43)
405001(7/7SEA15:11---OKC18:48)
1255(7/7SMF15:13---SEA17:15)
47(7/7ANC15:15---SEA18:52)
1071(7/7SAN15:15---SEA18:18)
90(7/7SIT15:15---SEA17:39)
414(7/7SEA15:17---DFW19:19)
214(7/7LAX15:20---IAD20:25)
1169(7/7SFO15:20---SEA17:30)
306(7/7SEA15:21---BOS20:45)
305001(7/7SEA15:25---MIA21:20)
313001(7/7SEA15:30---DTW19:50)
227(7/7JFK15:30---SFO21:48)
388(7/7SEA15:32---STL19:26)
73(7/7JNU15:34---ANC17:24)
390(7/7SAN15:40---BOS21:27)
402(7/7SEA15:47---CHS21:00)
572001(7/7SEA15:55---RDU21:01)
320(7/7SAN16:00---MCO21:13)
1268(7/7PDX16:00---BNA20:19)
294(7/7PDX16:00---EWR21:21)
270(7/7ONT16:00---HNL21:55)
502(7/7SEA16:03---AUS20:11)
113(7/7SFO16:05---JFK21:47)
578(7/7LAX16:05---PDX18:31)
312001(7/7SEA16:06---OMA19:17)
418001(7/7SEA16:13---MCI19:39)
1113(7/7SFO16:15---SEA18:30)
406001(7/7SEA16:15---IAD21:13)
899(7/7SAN16:19---KOA22:20)
568(7/7SEA16:19---MSY20:53)
727(7/7SEA16:22---ATL21:11)
326(7/7SEA16:24---TPA21:50)
442(7/7SEA16:42---PHL21:47)
8(7/7SFO16:45---DCA21:58)
426(7/7SEA16:50---DFW20:48)
798(7/7LAX16:50---SEA19:35)
1007(7/7SEA16:54---PHX19:55)
174(7/7SEA16:57---FAI20:40)
1108(7/7SEA16:58---SAN19:49)
875(7/7SEA17:00---LIH23:15)
60001(7/7KTN17:00---SEA19:03)
48(7/7ANC17:00---SEA20:33)
1133(7/7SEA17:03---SMF19:03)
378(7/7SEA17:03---BWI22:10)
1311(7/7SJC17:03---SEA19:14)
198(7/7ANC17:05---PDX20:44)
450001(7/7SEA17:10---CMH21:32)
477(7/7SEA17:10---EWR22:29)
508001(7/7SEA17:12---CVG21:37)
629(7/7LAS17:14---SEA19:58)
505(7/7SEA17:17---LAX20:10)
522001(7/7SEA17:20---BNA21:44)
535001(7/7SEA17:20---DEN20:07)
1256(7/7SEA17:21---PSP20:15)
887(7/7SEA17:22---HNL23:33)
480001(7/7SEA17:25---MSP20:46)
829(7/7SAN17:29---OGG23:34)
1084(7/7PDX17:30---SNA20:03)
1143(7/7PDX17:30---LAX20:00)
1420(7/7PDX17:30---IAH21:50)
807(7/7SEA17:31---KOA23:40)
1136(7/7DEN17:33---PDX20:20)
160(7/7ANC17:35---SEA21:09)
300(7/7PDX17:35---MCO23:12)
216001(7/7SEA17:37---CLE22:01)
775(7/7PDX17:42---ANC21:26)
500001(7/7SEA17:42---IND21:48)
637(7/7PHX17:46---SEA20:53)
1278(7/7SEA17:47---ONT20:26)
322(7/7SAN17:48---IAD22:59)
1073(7/7SAN17:50---PDX20:28)
429(7/7SEA17:50---ORD21:57)
49(7/7SEA17:55---ANC21:35)
725(7/7PDX17:55---AUS21:56)
818(7/7SEA17:58---BOS23:19)
822(7/7KOA18:00---SEA23:54)
862(7/7OGG18:00---SEA23:38)
824(7/7HNL18:00---SEA23:50)
474(7/7SAN18:04---ATL22:31)
412001(7/7SEA18:06---PIT22:42)
34(7/7SEA18:06---JFK23:29)
434(7/7SFO18:10---IAD23:19)
1299(7/7SNA18:10---PDX20:34)
63(7/7SEA18:20---SIT20:44)
1174(7/7SEA18:22---SNA21:14)
392(7/7PDX18:28---DFW22:16)
1112(7/7SEA18:31---SFO20:47)
154001(7/7SEA18:32---RDM19:44)
104(7/7ANC18:35---SEA22:04)
503(7/7AUS18:36---SEA22:59)
932(7/7SEA18:36---ABQ21:37)
733(7/7SEA18:38---SLC20:44)
1096(7/7SEA18:41---SAN21:38)
438(7/7SEA18:45---IAH23:10)
682(7/7DEN18:49---SEA21:48)
598(7/7SFO18:55---ORD23:18)
1305(7/7LAX18:55---SEA21:39)
817(7/7SEA18:55---OGG01:10)
1118(7/7SEA19:00---ONT21:46)
106001(7/7SEA19:00---FAI22:53)
1216(7/7SEA19:01---SMF21:01)
325(7/7ORD19:03---PDX23:35)
843(7/7SEA19:05---KOA01:19)
352(7/7SEA19:18---AUS23:30)
330(7/7PDX19:31---LAX21:59)
494001(7/7SEA19:33---SAT23:37)
14(7/7SAN19:42---DCA00:59)
405(7/7OKC19:44---SEA23:38)
291(7/7SEA19:46---STL23:35)
475(7/7ATL19:47---SAN00:31)
366(7/7MKE19:50---SEA00:16)
1281(7/7SMF19:57---SEA21:54)
25(7/7JFK20:00---SAN01:57)
280(7/7EWR20:00---SEA02:12)
407(7/7ORD20:09---SEA00:49)
312(7/7OMA20:14---SEA23:54)
415(7/7DFW20:19---SEA00:34)
74(7/7JNU20:22---SEA22:45)
20(7/7SFO20:24---JFK02:08)
388001(7/7STL20:24---SEA00:50)
6(7/7LAX20:31---DCA01:42)
297(7/7EWR20:34---SAN02:26)
418(7/7MCI20:34---SEA00:32)
229001(7/7SEA20:35---MSP23:53)
700(7/7SEA20:35---PHX23:29)
154(7/7RDM20:38---SEA21:58)
419(7/7MCO20:39---SEA02:50)
549(7/7SEA20:40---DFW00:36)
95(7/7SEA20:40---JNU23:12)
410(7/7SEA20:45---ORD00:42)
313(7/7DTW20:46---SEA01:45)
840(7/7LIH20:47---SEA02:32)
189(7/7SEA20:49---ANC00:25)
1159(7/7SNA20:51---PDX23:15)
432(7/7SAN20:52---TPA01:50)
1006(7/7PHX20:55---SEA00:00)
898(7/7OGG20:55---PDX02:19)
3(7/7DCA21:02---SEA03:00)
535(7/7DEN21:03---SEA00:00)
1315(7/7LAX21:05---PDX23:25)
1319(7/7BOS21:06---PDX03:24)
1083(7/7LAX21:10---SEA23:54)
582(7/7PSP21:10---SEA00:00)
773(7/7SEA21:10---SNA00:01)
518(7/7AUS21:11---SFO00:57)
1269(7/7BNA21:19---PDX02:15)
1242(7/7ONT21:21---SEA23:58)
507(7/7IAD21:25---SAN02:52)
19(7/7JFK21:29---PDX03:46)
778(7/7PDX21:30---LAS23:49)
462(7/7EWR21:30---SEA03:44)
946(7/7PDX21:30---BOI22:48)
1235(7/7PDX21:34---DEN00:10)
103(7/7FAI21:35---ANC22:40)
16(7/7SEA21:37---JFK02:59)
734(7/7SLC21:39---SEA23:54)
58(7/7SIT21:40---SEA00:00)
107(7/7ANC21:40---SEA01:08)
290(7/7EWR21:43---PDX03:50)
646(7/7DFW21:46---PDX01:47)
1204(7/7PDX21:49---SAN00:22)
894(7/7KOA21:50---SAN03:16)
301(7/7MCO21:50---PDX03:50)
480(7/7MSP21:50---SEA01:49)
1160(7/7PDX21:50---LAX00:15)
569(7/7MSY21:53---SEA03:00)
89(7/7ANC21:54---ADQ22:57)
1358(7/7SMF21:56---SEA23:54)
131(7/7SEA21:58---ANC01:30)
572(7/7RDU22:01---SEA03:56)
1191(7/7SNA22:02---SEA00:48)
485(7/7CHS22:03---SEA04:00)
868(7/7KOA22:10---PDX03:40)
783(7/7ATL22:11---PDX03:35)
406(7/7IAD22:13---SEA04:00)
397(7/7MCO22:13---SAN03:18)
1279(7/7LAX22:16---GEG00:47)
860(7/7OGG22:20---SEA04:00)
305(7/7MIA22:20---SEA05:07)
293(7/7EWR22:24---SFO04:49)
450(7/7CMH22:28---SEA03:35)
933(7/7ABQ22:31---SEA01:41)
819(7/7BOS22:32---SEA05:02)
1135(7/7SAN22:35---SEA01:31)
508(7/7CVG22:37---SEA03:35)
1257(7/7SEA22:38---SNA01:26)
460(7/7SEA22:43---BOS03:59)
522(7/7BNA22:44---SEA03:48)
1052001(7/7SEA22:48---BUR01:24)
500(7/7IND22:48---SEA03:35)
602(7/7SEA22:49---DEN01:32)
1421(7/7IAH22:50---PDX03:15)
443(7/7PHL22:52---SEA04:57)
420(7/7SEA22:53---MCO04:33)
17(7/7JFK22:53---SEA05:22)
337(7/7ORD22:54---SEA03:34)
326001(7/7TPA22:55---SEA05:07)
271(7/7HNL22:55---ONT04:27)
216(7/7CLE22:55---SEA04:00)
99(7/7SEA22:58---ANC02:42)
7(7/7DCA22:58---SFO04:53)
348(7/7SEA22:59---IAD03:59)
1396(7/7AUS23:00---PDX03:14)
1119(7/7ONT23:00---SEA01:40)
1138(7/7SEA23:04---SBA01:40)
1167(7/7LAX23:05---PDX01:26)
492(7/7SEA23:09---ATL03:59)
379(7/7BWI23:10---SEA05:07)
317(7/7DFW23:16---SEA03:35)
1092(7/7SEA23:18---LAX02:05)
561(7/7KOA23:20---LAX04:51)
941(7/7SEA23:25---ORD03:30)
287(7/7EWR23:29---LAX05:35)
334(7/7ATL23:31---SEA05:07)
412(7/7PIT23:42---SEA05:07)
1019(7/7BOI23:43---SEA01:20)
86(7/7ANC23:45---SCC01:31)
88(7/7ADQ23:49---ANC00:49)
106(7/7FAI23:53---SEA03:35)
435(7/7IAD23:59---SFO05:46)
1214(7/8SEA00:04---SJC02:15)
439(7/8IAH00:10---SEA04:53)
369(7/8MCO00:12---SFO05:59)
1468(7/8SEA00:15---LAX03:00)
225(7/8SEA00:15---ANC03:54)
1301(7/8LAX00:15---SEA03:00)
791(7/8LIH00:15---SFO05:29)
821(7/8SAN00:16---LIH06:32)
597(7/8ORD00:18---SFO05:06)
213(7/8IAD00:19---LAX05:48)
355(7/8BOS00:19---SFO06:59)
269(7/8SFO00:22---ANC05:15)
41(7/8JFK00:29---SFO06:59)
134(7/8ANC00:30---SEA04:00)
291001(7/8STL00:32---SEA05:00)
896(7/8HNL00:33---SEA06:31)
806(7/8OGG00:34---SAN05:55)
1202(7/8SEA00:35---SNA03:25)
494(7/8SAT00:37---SEA04:53)
856(7/8KOA00:40---SJC05:45)
398(7/8SEA00:40---IAH04:59)
382(7/8SEA00:43---BNA04:59)
353(7/8PDX00:46---OGG06:39)
229(7/8MSP00:49---SEA04:45)
1229(7/8SNA00:49---SEA03:35)
538(7/8SEA00:54---ORD04:59)
1295(7/8PDX00:55---SFO02:48)
78(7/8SEA00:55---ANC04:37)
372(7/8SEA00:56---AUS05:05)
1163(7/8SEA00:59---DEN03:47)
1140(7/8SEA00:59---SFO03:15)
730(7/8SEA00:59---LAS03:38)
632(7/8SEA00:59---PHX04:00)
1107(7/8BUR01:04---PDX03:21)
564(7/8SEA01:05---MCI04:35)
1131(7/8DEN01:06---PDX03:50)
472(7/8SEA01:06---STL04:59)
241(7/8SEA01:10---MKE04:59)
1093(7/8LAX01:15---SEA04:00)
1085(7/8SNA01:17---PDX03:39)
805(7/8SEA01:25---OGG07:34)
823(7/8SEA01:25---HNL07:33)
143(7/8ANC01:30---SEA05:07)
1310(7/8SEA01:36---SJC03:51)
386(7/8SEA01:37---MSP04:59)
839(7/8SEA01:45---LIH07:54)
513(7/8AUS01:45---SFO05:29)
338(7/8SEA01:48---OMA04:59)
1280(7/8GEG01:49---LAX04:35)
1104(7/8SEA01:50---SNA04:39)
478(7/8SEA01:50---LAS04:26)
939(7/8SEA01:55---SAN04:47)
1028(7/8SAN01:58---OGG07:59)
801(7/8SEA01:59---KOA08:04)
105(7/8SEA01:59---ANC05:38)
1318(7/8SEA02:13---SFO04:22)
1203(7/8SNA02:14---SEA05:07)
87(7/8SCC02:15---ANC04:00)
1168(7/8SEA02:25---BUR04:59)
1139(7/8SBA02:30---SEA05:07)
615(7/8DEN02:32---SEA05:42)
1288(7/8SEA02:41---SNA05:30)
193(7/8LAX02:45---ANC08:08)
1224(7/8SEA02:55---LAX05:46)
827(7/8ANC02:55---HNL08:59)
1005(7/8SAN02:57---SFO04:37)
141(7/8PHX02:57---ANC08:48)
1156(7/8SEA02:59---SAN06:00)
1289(7/8LAX03:10---SEA06:06)
228(7/8SEA03:25---ANC07:04)
1110(7/8SAN03:45---SEA06:51)
70(7/8ANC03:45---JNU05:27)
922(7/8SFO03:49---SEA06:02)
133(7/8SEA03:55---ANC07:34)
1067(7/8SAN03:59---GEG06:44)
272(7/8ANC04:10---SEA07:45)
444(7/8SEA04:15---PHL09:25)
282(7/8LAX04:26---EWR09:59)
307(7/8SFO04:28---BOS10:10)
1040(7/8SEA04:30---ONT07:15)
803(7/8LAX04:36---PDX06:59)
436(7/8PDX04:37---BOS10:00)
728(7/8PDX04:40---LAS06:59)
547(7/8SEA04:40---CLE09:11)
314(7/8SEA04:40---EWR09:59)
1152(7/8SEA04:44---OAK07:01)
315(7/8SEA04:45---CMH09:13)
1020(7/8SAN04:50---MCO10:00)
36(7/8SAN04:56---JFK10:29)
115(7/8SEA04:59---FAI08:49)
138(7/8ANC05:08---ORD11:24)
374(7/8SFO05:19---EWR10:54)
344(7/8SEA05:20---BWI10:21)
570(7/8LAS05:21---SFO06:59)
22(7/8SEA05:41---JFK11:02)
455(7/8SFO05:43---IAD10:50)
259(7/8SAN05:45---BOS11:30)
360(7/8SEA05:58---TPA11:25)
111(7/8ORD05:59---ANC12:37)
394(7/8SEA06:05---MCO11:40)
340(7/8SEA06:10---PIT10:43)
490(7/8SEA06:16---MSY10:50)
400(7/8SEA06:18---BNA10:40)
367(7/8SEA06:30---IAD11:27)
59(7/8ANC06:35---MSP12:00)
536(7/8SEA06:40---BOS12:00)
427(7/8SEA06:49---CVG11:07)
452(7/8SEA06:59---IAH11:20)
464(7/8SEA06:59---ATL11:49)
164(7/8ANC07:18---DEN12:35)
542(7/8SEA07:25---DFW11:20)
109(7/8ANC07:26---ORD13:40)
880(7/8KOA07:30---SEA13:19)
810(7/8LIH07:32---SEA13:16)
558(7/8OGG07:39---PDX13:00)
828(7/8HNL08:33---ANC14:40)
150(7/8ANC08:34---LAX13:55)
814(7/8OGG08:34---SEA14:11)
826(7/8LIH08:54---SAN14:33)
1029(7/8OGG08:59---SAN14:18)
336(7/8BOS10:00---PDX16:17)
156(7/8FAI10:09---SEA13:44)
351(7/8IAD10:30---SEA16:17)
377(7/8ATL10:30---SEA15:57)
446(7/8PHL10:45---SEA16:42)
316(7/8CMH11:00---SEA16:05)
942(7/8ORD11:00---SEA15:37)
1021(7/8MCO11:00---SAN16:04)
548(7/8CLE11:00---SEA16:09)
627(7/8TPA11:00---SEA17:06)
21(7/8JFK11:00---SEA17:13)
453(7/8IAH11:00---SEA15:40)
361(7/8OMA11:05---SEA14:47)
299(7/8EWR11:19---SEA17:31)
395(7/8MCO11:20---SEA17:30)
459(7/8BOS11:20---SEA17:38)
308(7/8BOS11:30---SFO18:07)
242(7/8MKE11:30---SEA15:53)
387(7/8MSP11:40---SEA15:44)
473(7/8STL11:41---SEA16:10)
563(7/8MCI11:45---SEA15:47)
349(7/8BWI11:51---SEA17:40)
289(7/8EWR11:52---LAX17:46)
413(7/8ORD12:00---PDX16:25)
383(7/8BNA12:00---SEA17:06)
341(7/8PIT12:03---SEA17:28)
458(7/8IAD12:10---SFO17:55)
451(7/8MSY12:10---SEA17:16)
303(7/8DFW12:25---PDX16:28)
428(7/8CVG12:40---SEA17:39)
260(7/8BOS12:40---SAN18:50)
15(7/8DCA12:59---SAN18:20)
683(7/8ORD13:00---SEA17:39)
433(7/8TPA13:00---SAN17:50)
1091(7/8ONT13:00---SEA15:42)
408(7/8SEA13:00---ORD17:07)
1316(7/8SEA13:00---LAX15:50)
373(7/8EWR13:00---SFO19:13)
375(7/8IAD13:00---SEA18:47)
491(7/8SEA13:00---DFW17:00)
701(7/8LAS13:00---SEA15:45)
593(7/8ANC13:05---PDX16:42)
1265(7/8SAN13:15---SEA16:16)
30(7/8SFO13:18---JFK19:00)
537(7/8BOS13:20---SEA19:35)
68(7/8MSP13:20---ANC19:20)
533(7/8ATL13:30---SEA18:51)
298(7/8SEA13:41---EWR19:00)
1325(7/8SNA13:45---SEA16:42)
5(7/8DCA13:59---LAX19:33)
789(7/8SFO14:00---KOA19:30)
859(7/8SJC14:00---LIH19:44)
1076(7/8PDX14:00---LAX16:39)
784(7/8PDX14:00---ATL18:46)
358(7/8PDX14:00---BOS19:25)
1136001(7/8PDX14:00---DEN16:37)
831(7/8PDX14:00---OGG19:55)
82(7/8ANC14:00---SEA17:31)
1041(7/8BUR14:00---SEA16:37)
284(7/8LAX14:00---EWR19:34)
1181(7/8SNA14:00---PDX16:30)
24(7/8SAN14:00---JFK19:39)
511(7/8PHX14:00---PDX16:43)
1130(7/8GEG14:00---SAN16:47)
917(7/8MCO14:00---SEA20:10)
365(7/8DFW14:00---SEA18:27)
399(7/8IAH14:00---SEA18:45)
35(7/8JFK14:00---SAN19:52)
1151(7/8OAK14:00---SEA16:07)
745(7/8DEN14:00---SEA17:00)
1239(7/8PDX14:00---PHX16:46)
281(7/8BNA14:00---SEA19:03)
368(7/8SFO14:00---MCO19:34)
512(7/8SFO14:00---AUS17:36)
324(7/8PDX14:02---ORD18:07)
1193(7/8SJC14:03---SEA16:15)
249(7/8SFO14:20---BOS20:01)
912(7/8SFO14:20---SAN16:02)
18(7/8PDX14:20---JFK19:45)
1074(7/8PDX14:25---SAN17:00)
248(7/8ANC14:30---SEA18:08)
139(7/8ORD14:30---ANC21:15)
1228(7/8AUS14:45---SEA19:12)
292(7/8SFO14:54---EWR20:29)
516(7/8SEA14:55---FLL20:52)
606(7/8SEA14:55---PHX17:52)
867(7/8PDX14:56---KOA20:50)
1290001(7/8SEA15:00---BUR17:36)
10(7/8PDX15:00---DCA20:02)
366001(7/8SEA15:02---MKE18:54)
890(7/8SEA15:03---ORD19:13)
26(7/8SEA15:05---JFK20:29)
682001(7/8SEA15:06---DEN17:53)
916(7/8SEA15:08---MCO20:50)
825(7/8SEA15:09---OGG21:20)
233(7/8SAN15:10---EWR20:43)
165(7/8DEN15:20---ANC20:54)
214(7/8LAX15:20---IAD20:25)
306(7/8SEA15:21---BOS20:45)
305001(7/8SEA15:25---MIA21:20)
313001(7/8SEA15:30---DTW19:50)
560(7/8LAX15:30---KOA21:10)
227(7/8JFK15:30---SFO21:48)
388(7/8SEA15:32---STL19:26)
4(7/8SEA15:34---DCA20:43)
73(7/8JNU15:34---ANC17:24)
390(7/8SAN15:40---BOS21:27)
402(7/8SEA15:47---CHS21:00)
572001(7/8SEA15:55---RDU21:01)
294(7/8PDX16:00---EWR21:21)
320(7/8SAN16:00---MCO21:13)
1268(7/8PDX16:00---BNA20:19)
270(7/8ONT16:00---HNL21:55)
83(7/8SEA16:00---ANC19:35)
502(7/8SEA16:03---AUS20:11)
113(7/8SFO16:05---JFK21:47)
418001(7/8SEA16:13---MCI19:39)
406001(7/8SEA16:15---IAD21:13)
1113(7/8SFO16:15---SEA18:30)
568(7/8SEA16:19---MSY20:53)
899(7/8SAN16:19---KOA22:20)
727(7/8SEA16:22---ATL21:11)
326(7/8SEA16:24---TPA21:50)
8(7/8SFO16:45---DCA21:58)
426(7/8SEA16:50---DFW20:48)
798(7/8LAX16:50---SEA19:35)
1051(7/8SEA16:50---BUR19:26)
101(7/8SEA16:53---KTN18:58)
72(7/8SEA16:55---JNU19:26)
1108(7/8SEA16:58---SAN19:49)
23(7/8JFK17:00---SEA23:08)
731(7/8PHX17:00---PAE20:03)
875(7/8SEA17:00---LIH23:15)
378(7/8SEA17:03---BWI22:10)
450001(7/8SEA17:10---CMH21:32)
477(7/8SEA17:10---EWR22:29)
508001(7/8SEA17:12---CVG21:37)
629(7/8LAS17:14---SEA19:58)
61001(7/8JNU17:19---YAK18:18)
522001(7/8SEA17:20---BNA21:44)
887(7/8SEA17:22---HNL23:33)
829(7/8SAN17:29---OGG23:34)
863(7/8PDX17:30---GEG18:41)
128(7/8PDX17:30---SFO19:24)
1420(7/8PDX17:30---IAH21:50)
1136(7/8DEN17:33---PDX20:20)
300(7/8PDX17:35---MCO23:12)
160(7/8ANC17:35---SEA21:09)
216001(7/8SEA17:37---CLE22:01)
775(7/8PDX17:42---ANC21:26)
500001(7/8SEA17:42---IND21:48)
637(7/8PHX17:46---SEA20:53)
1278(7/8SEA17:47---ONT20:26)
322(7/8SAN17:48---IAD22:59)
1073(7/8SAN17:50---PDX20:28)
429001(7/8SEA17:52---ORD21:59)
121(7/8PDX17:53---BUR20:12)
725(7/8PDX17:55---AUS21:56)
818(7/8SEA17:58---BOS23:19)
862(7/8OGG18:00---SEA23:38)
822(7/8KOA18:00---SEA23:54)
824(7/8HNL18:00---SEA23:50)
543(7/8DFW18:00---SEA22:17)
739(7/8SFO18:00---SNA19:40)
1240(7/8LAX18:02---PDX20:25)
891(7/8ORD18:03---SEA22:42)
474(7/8SAN18:04---ATL22:31)
34(7/8SEA18:06---JFK23:29)
412001(7/8SEA18:06---PIT22:42)
434(7/8SFO18:10---IAD23:19)
104001(7/8ANC18:15---SEA21:49)
1467(7/8LAS18:27---PDX20:48)
392(7/8PDX18:28---DFW22:16)
1290(7/8BUR18:30---SEA21:08)
1112(7/8SEA18:31---SFO20:47)
503(7/8AUS18:36---SEA22:59)
1096(7/8SEA18:41---SAN21:38)
438(7/8SEA18:45---IAH23:10)
682(7/8DEN18:49---SEA21:48)
603(7/8PHX18:52---SEA21:58)
817(7/8SEA18:55---OGG01:10)
598(7/8SFO18:55---ORD23:18)
106001(7/8SEA19:00---FAI22:53)
1314(7/8SJC19:02---SEA21:10)
325(7/8ORD19:03---PDX23:35)
835(7/8SFO19:03---PDX20:50)
61003(7/8YAK19:08---CDV20:09)
1137(7/8SAN19:12---SEA22:10)
1018(7/8SEA19:31---BOI21:04)
494001(7/8SEA19:33---SAT23:37)
864(7/8GEG19:36---PDX20:48)
100(7/8ANC19:41---SEA23:10)
14(7/8SAN19:42---DCA00:59)
291(7/8SEA19:46---STL23:35)
475(7/8ATL19:47---SAN00:31)
366(7/8MKE19:50---SEA00:16)
102(7/8KTN19:52---SEA21:54)
25(7/8JFK20:00---SAN01:57)
280(7/8EWR20:00---SEA02:12)
407(7/8ORD20:09---SEA00:49)
1038(7/8BUR20:20---SEA22:59)
74(7/8JNU20:22---SEA22:45)
388001(7/8STL20:24---SEA00:50)
20(7/8SFO20:24---JFK02:08)
266(7/8ANC20:25---SFO01:05)
304(7/8BOS20:25---SEA02:48)
808(7/8KOA20:30---SEA02:22)
1061(7/8SNA20:30---SEA23:15)
6(7/8LAX20:31---DCA01:42)
418(7/8MCI20:34---SEA00:32)
297(7/8EWR20:34---SAN02:26)
1132(7/8SEA20:35---SFO22:48)
357001(7/8SEA20:35---MCI00:01)
700(7/8SEA20:35---PHX23:29)
419(7/8MCO20:39---SEA02:50)
114(7/8JFK20:39---SFO03:02)
549(7/8SEA20:40---DFW00:36)
95(7/8SEA20:40---JNU23:12)
162(7/8ANC20:40---SEA00:13)
1097(7/8SAN20:45---SEA23:45)
410(7/8SEA20:45---ORD00:42)
31(7/8JFK20:45---SEA03:10)
313(7/8DTW20:46---SEA01:45)
840(7/8LIH20:47---SEA02:32)
432(7/8SAN20:52---TPA01:50)
898(7/8OGG20:55---PDX02:19)
2(7/8SEA20:58---DCA01:59)
61(7/8CDV20:59---ANC22:00)
534(7/8SFO20:59---AUS00:45)
732(7/8PAE21:00---PHX00:03)
3(7/8DCA21:02---SEA03:00)
1198(7/8SEA21:05---SAN23:55)
1319(7/8BOS21:06---PDX03:24)
122(7/8BUR21:07---PDX23:25)
773(7/8SEA21:10---SNA00:01)
1300(7/8SEA21:10---LAX23:58)
518(7/8AUS21:11---SFO00:57)
1269(7/8BNA21:19---PDX02:15)
1242001(7/8ONT21:22---SEA23:59)
507(7/8IAD21:25---SAN02:52)
19(7/8JFK21:29---PDX03:46)
778(7/8PDX21:30---LAS23:49)
462(7/8EWR21:30---SEA03:44)
16(7/8SEA21:37---JFK02:59)
290(7/8EWR21:43---PDX03:50)
9(7/8DCA21:43---PDX03:31)
389(7/8BOS21:45---SAN04:00)
646(7/8DFW21:46---PDX01:47)
894(7/8KOA21:50---SAN03:16)
1287(7/8PDX21:50---BUR00:09)
301(7/8MCO21:50---PDX03:50)
1160(7/8PDX21:50---LAX00:15)
517(7/8FLL21:52---SEA04:20)
569(7/8MSY21:53---SEA03:00)
89(7/8ANC21:54---ADQ22:57)
131(7/8SEA21:58---ANC01:30)
947(7/8BOI22:00---PDX23:21)
572(7/8RDU22:01---SEA03:56)
1191(7/8SNA22:02---SEA00:48)
485(7/8CHS22:03---SEA04:00)
1147(7/8LAX22:10---SEA00:54)
868(7/8KOA22:10---PDX03:40)
783(7/8ATL22:11---PDX03:35)
406(7/8IAD22:13---SEA04:00)
397(7/8MCO22:13---SAN03:18)
1279(7/8LAX22:16---GEG00:47)
860(7/8OGG22:20---SEA04:00)
305(7/8MIA22:20---SEA05:07)
293(7/8EWR22:24---SFO04:49)
450(7/8CMH22:28---SEA03:35)
819(7/8BOS22:32---SEA05:02)
1135(7/8SAN22:35---SEA01:31)
508(7/8CVG22:37---SEA03:35)
1257(7/8SEA22:38---SNA01:26)
460(7/8SEA22:43---BOS03:59)
522(7/8BNA22:44---SEA03:48)
1052001(7/8SEA22:48---BUR01:24)
500(7/8IND22:48---SEA03:35)
1421(7/8IAH22:50---PDX03:15)
56(7/8ANC22:50---SEA02:20)
17(7/8JFK22:53---SEA05:22)
420(7/8SEA22:53---MCO04:33)
271(7/8HNL22:55---ONT04:27)
337001(7/8ORD22:55---SEA03:35)
216(7/8CLE22:55---SEA04:00)
326001(7/8TPA22:55---SEA05:07)
99(7/8SEA22:58---ANC02:42)
7(7/8DCA22:58---SFO04:53)
744(7/8SEA22:59---PHX01:57)
348(7/8SEA22:59---IAD03:59)
1396(7/8AUS23:00---PDX03:14)
492(7/8SEA23:09---ATL03:59)
379(7/8BWI23:10---SEA05:07)
317(7/8DFW23:16---SEA03:35)
561(7/8KOA23:20---LAX04:51)
941(7/8SEA23:25---ORD03:30)
287(7/8EWR23:29---LAX05:35)
334(7/8ATL23:31---SEA05:07)
412(7/8PIT23:42---SEA05:07)
88(7/8ADQ23:49---ANC00:49)
106(7/8FAI23:53---SEA03:35)
688(7/8SEA23:59---LAS02:34)
435(7/8IAD23:59---SFO05:46)
1146(7/8SEA23:59---SAN02:49)
1214(7/9SEA00:04---SJC02:15)
439(7/9IAH00:10---SEA04:53)
369(7/9MCO00:12---SFO05:59)
844(7/9LIH00:15---SJC05:24)
821(7/9SAN00:16---LIH06:32)
597(7/9ORD00:18---SFO05:06)
213(7/9IAD00:19---LAX05:48)
355(7/9BOS00:19---SFO06:59)
269(7/9SFO00:22---ANC05:15)
41(7/9JFK00:29---SFO06:59)
339(7/9AUS00:30---SEA05:07)
1176(7/9PDX00:30---PHX03:20)
291001(7/9STL00:32---SEA05:00)
896(7/9HNL00:33---SEA06:31)
806(7/9OGG00:34---SAN05:55)
1370(7/9PDX00:35---AUS04:42)
376(7/9PDX00:35---ORD04:39)
494(7/9SAT00:37---SEA04:53)
398(7/9SEA00:40---IAH04:59)
599(7/9LAS00:45---SEA03:30)
1455(7/9PDX00:49---ANC04:40)
1295(7/9PDX00:55---SFO02:48)
357(7/9MCI00:56---SEA04:56)
372(7/9SEA00:56---AUS05:05)
1140(7/9SEA00:59---SFO03:15)
730(7/9SEA00:59---LAS03:38)
424(7/9SEA00:59---DFW04:59)
1163(7/9SEA00:59---DEN03:47)
564(7/9SEA01:05---MCI04:35)
662(7/9PHX01:05---PDX03:48)
472(7/9SEA01:06---STL04:59)
241(7/9SEA01:10---MKE04:59)
1085(7/9SNA01:17---PDX03:39)
805(7/9SEA01:25---OGG07:34)
823(7/9SEA01:25---HNL07:33)
550(7/9DFW01:36---SEA05:59)
386(7/9SEA01:37---MSP04:59)
409(7/9ORD01:42---SEA06:24)
839(7/9SEA01:45---LIH07:54)
338(7/9SEA01:48---OMA04:59)
1104(7/9SEA01:50---SNA04:39)
478(7/9SEA01:50---LAS04:26)
1054(7/9SEA01:55---LAX04:42)
939(7/9SEA01:55---SAN04:47)
1028(7/9SAN01:58---OGG07:59)
801(7/9SEA01:59---KOA08:04)
1199(7/9SAN02:05---SEA05:07)
1203(7/9SNA02:14---SEA05:07)
1215(7/9LAX02:25---SEA05:17)
1288(7/9SEA02:41---SNA05:30)
167(7/9SEA02:50---FAI06:36)
1194(7/9SEA02:54---SMF04:52)
827(7/9ANC02:55---HNL08:59)
141(7/9PHX02:57---ANC08:48)
780(7/9SEA02:59---ABQ05:59)
1034(7/9SEA03:14---BOI04:46)
642(7/9SEA03:17---DEN05:59)
228(7/9SEA03:25---ANC07:04)
268(7/9ANC03:25---SEA07:06)
729(7/9SAN03:37---PDX06:14)
1110(7/9SAN03:45---SEA06:51)
922(7/9SFO03:49---SEA06:02)
133(7/9SEA03:55---ANC07:34)
644(7/9SEA03:55---PHX06:54)
1067(7/9SAN03:59---GEG06:44)
1264(7/9SEA04:03---SAN06:59)
91(7/9SEA04:15---SIT06:44)
444(7/9SEA04:15---PHL09:25)
307(7/9SFO04:28---BOS10:10)
1040(7/9SEA04:30---ONT07:15)
728(7/9PDX04:40---LAS06:59)
314(7/9SEA04:40---EWR09:59)
197001(7/9PDX04:40---ANC08:24)
545(7/9SEA04:45---IND09:00)
919(7/9SEA04:55---RDU10:00)
36(7/9SAN04:56---JFK10:29)
394(7/9SEA06:05---MCO11:40)
340(7/9SEA06:10---PIT10:43)
490(7/9SEA06:16---MSY10:50)
400(7/9SEA06:18---BNA10:40)
367(7/9SEA06:30---IAD11:27)
536(7/9SEA06:40---BOS12:00)
328(7/9SEA06:40---ORD10:40)
452(7/9SEA06:59---IAH11:20)
172(7/9ANC07:13---PHX12:45)
810(7/9LIH07:32---SEA13:16)
558(7/9OGG07:39---PDX13:00)
828(7/9HNL08:33---ANC14:40)
814(7/9OGG08:34---SEA14:11)
826(7/9LIH08:54---SAN14:33)
1029(7/9OGG08:59---SAN14:18)
