===== Copy Generation Summary =====
#Iter       TotalGen  ind(reg)  mul(reg)  ind(csc)  mul(csc) TotalUsed  ind(reg)  mul(reg)  ind(csc)  mul(csc)            obj
    1            465       294        87        78         6       198       133        48        11         6       3.35e+06
    2            425       288        32       102         3       185       140        25        17         3      3.349e+06
    3            420       262        17       139         2       170       124        12        32         2      1.359e+06
    4            418       346         9        63         0       206       180         6        20         0      1.359e+06
    5            415       370         9        33         3       210       195         4         8         3      1.359e+06
    6            407       322         7        74         4       203       171         6        24         2      1.359e+06
    7            403       330         5        68         0       186       164         4        18         0      1.359e+06
    8            399       330         2        64         3       194       164         2        25         3      1.359e+06
    9            400       341        10        46         3       185       166         8         8         3      1.354e+06
   10            393       292        10        78        13       173       142         8        14         9      1.354e+06
   11            394       318        23        48         5       191       165        16         8         2      1.354e+06
   12            371       273        11        62        25       153       123         8         5        17      1.354e+06
   13            350       248        18        61        23       163       125        11         7        20      1.353e+06
   14            303       205         8        70        20       117        96         6         4        11      1.353e+06
   15            293       169        20        75        29       101        59        13        10        19      1.352e+06
   16            293       204        17        46        26       125        86        12        13        14      1.351e+06
   17            251       165        12        55        19       116        90         8         5        13      1.351e+06
   18            236       128        13        50        45       106        62         7        10        27      1.351e+06
   19            197       115        13        39        30       101        69         9         3        20      1.343e+06
   20            155        88        15        40        12        65        43        14         4         4       1.34e+06
   21            133        70         9        37        17        38        18         6         8         6      1.327e+06
   22            154        93         4        47        10        44        37         4         0         3      1.327e+06
   23            128        50        10        43        25        43        22         6         0        15      1.327e+06
   24            106        55         0        34        17        26        19         0         0         7      1.327e+06
   25             87        43         6        16        22        37        17         4         1        15      1.327e+06
   26             58        28         5        12        13        16         6         4         0         6      1.325e+06
   27             53        24         4        20         5         5         3         2         0         0      1.325e+06
   28             36         9         2         7        18        14         2         2         0        10      1.325e+06
   29             92        79         2         6         5        52        47         2         0         3      1.323e+06
   30             37        13         3         5        16        14         5         2         0         7      1.323e+06
   31             19         6         4         3         6         7         2         2         0         3      1.323e+06
   32              9         4         0         2         3         3         0         0         0         3      1.323e+06
   33              9         3         1         2         3         3         1         0         0         2      1.323e+06
   34              7         4         0         1         2         0         0         0         0         0      1.323e+06
   35            100        92         0         8         0        62        55         0         7         0      1.323e+06
   36              9         5         0         2         2         2         0         0         0         2      1.323e+06
   37              6         4         0         2         0         0         0         0         0         0      1.323e+06
   38              7         2         0         2         3         3         0         0         0         3      1.323e+06
