===== Copy Generation Summary =====
#Iter       TotalGen  ind(reg)  mul(reg)  ind(csc)  mul(csc) TotalUsed  ind(reg)  mul(reg)  ind(csc)  mul(csc)            obj
    1            446       333        64        49         0       177       131        34        12         0      7.728e+07
    2            447       319        68        60         0       223       141        56        26         0      6.142e+07
    3            421       321        11        89         0       193       161         8        24         0       4.96e+07
    4            420       336        19        65         0       193       167        14        12         0      4.099e+07
    5            407       355         1        51         0       213       188         0        25         0      3.115e+07
    6            401       339         1        61         0       202       172         0        30         0      2.325e+07
    7            396       364         0        32         0       200       197         0         3         0      1.688e+07
    8            404       371        12        21         0       193       174        10         9         0       1.13e+07
    9            402       356        17        29         0       206       185        11        10         0      8.926e+06
   10            398       329        21        48         0       184       159        13        12         0      5.182e+06
   11            390       322        14        54         0       176       157         6        13         0      3.725e+06
   12            392       314        38        40         0       170       141        28         1         0      3.549e+06
   13            379       304        44        31         0       187       149        33         5         0      3.236e+06
   14            354       296        27        31         0       185       159        23         3         0      3.164e+06
   15            349       251        35        63         0       142       109        19        14         0      3.115e+06
   16            353       246        64        43         0       175       134        38         3         0      2.998e+06
   17            326       220        76        30         0       165       108        44        13         0      2.878e+06
   18            276       215        47        14         0       129       101        28         0         0      2.794e+06
   19            281       167        93        21         0       145        78        63         4         0      2.781e+06
   20            281       176        78        27         0       129        85        42         2         0      2.687e+06
   21            222       138        39        45         0       105        75        26         4         0      2.599e+06
   22            186       107        43        36         0        88        45        29        14         0      2.542e+06
   23            160       123        21        16         0        64        49        13         2         0      2.493e+06
   24            154       135        17         2         0        79        71         8         0         0      2.493e+06
   25            148       100        29        19         0        63        54         8         1         0      2.454e+06
   26            141        62        53        26         0        61        19        42         0         0      2.444e+06
   27            149        74        64        11         0        87        43        44         0         0      2.406e+06
   28            117        79        27        11         0        71        52        17         2         0      2.396e+06
   29            120        30        81         9         0        66        14        52         0         0      2.396e+06
   30            139        75        40        24         0        47        28        18         1         0      2.318e+06
   31             89        27        51        11         0        33         9        24         0         0      2.318e+06
   32            135        46        46        43         0        42        13        28         1         0      2.289e+06
   33             46        18        13        15         0        14         6         8         0         0      2.289e+06
   34            105        48        28        29         0        33        20        11         2         0      2.243e+06
   35             29        10        12         7         0         9         2         7         0         0      2.243e+06
   36             19        11         6         2         0         9         6         3         0         0       2.24e+06
   37             15         5         9         1         0         8         2         6         0         0      2.228e+06
   38              7         4         3         0         0         4         1         3         0         0      2.228e+06
   39              4         3         0         1         0         1         1         0         0         0      2.228e+06
   40              5         2         2         1         0         2         0         2         0         0      2.228e+06
   41              4         2         1         1         0         0         0         0         0         0      2.228e+06
