===== Copy Generation Summary =====
#Iter       TotalGen  ind(reg)  mul(reg)  ind(csc)  mul(csc) TotalUsed  ind(reg)  mul(reg)  ind(csc)  mul(csc)            obj
    1            209        19        21       169         0       101        13         0        88         0       3.35e+06
    2            206        21        12       173         0       106        17         0        89         0       3.35e+06
    3            208         7         2       199         0       146         5         0       141         0       3.35e+06
    4            207        20         8       179         0       147        19         0       128         0      1.349e+06
    5            201        10         5       186         0       149         8         0       141         0      1.349e+06
    6            201        10         4       187         0       142         9         0       133         0      1.349e+06
    7            200        20         3       177         0       123        19         0       104         0      1.349e+06
    8            199        23         1       175         0       133        21         0       112         0      1.349e+06
    9            192        20         8       164         0       118        18         0       100         0      1.349e+06
   10            197        33         7       157         0       127        31         0        96         0      1.349e+06
   11            191        42         8       141         0       115        41         0        74         0      1.349e+06
   12            178        41        18       119         0        94        32         0        62         0      1.349e+06
   13            158        46        20        92         0        83        35         0        48         0      1.349e+06
   14            138        36        27        75         0        71        34         2        35         0      1.349e+06
   15            131        23        33        75         0        41        17         2        22         0      1.349e+06
   16            139        21        18       100         0        67        19         1        47         0      1.349e+06
   17            109        18        21        70         0        43        14         0        29         0      1.337e+06
   18             96        15        29        52         0        57        12         1        44         0      1.337e+06
   19             89         9        38        42         0        32         6         4        22         0      1.337e+06
   20             86        13        43        30         0        32        10         2        20         0      1.337e+06
   21             58         6        23        29         0        11         3         2         6         0      1.337e+06
   22             57        10        31        16         0        17         8         1         8         0      1.337e+06
   23             39         4        21        14         0         8         1         2         5         0      1.337e+06
   24             35         5        24         6         0         7         3         3         1         0      1.337e+06
   25             27         2        19         6         0         0         0         0         0         0      1.336e+06
   26             49         2         9         3        35         5         0         0         0         5      1.336e+06
   27             43         3        35         5         0         1         1         0         0         0      1.336e+06
   28             51         2        11         1        37         2         0         0         0         2      1.336e+06
   29             48         2        13         2        31         3         0         0         0         3      1.336e+06
   30             46         3        13         1        29         0         0         0         0         0      1.336e+06
   31             97        28        10        36        23        62        26         0        36         0      1.336e+06
   32             54         4        39        11         0         4         0         0         4         0      1.336e+06
   33             42         5        35         2         0         1         1         0         0         0      1.336e+06
   34             47         2        12         0        33         1         0         0         0         1      1.336e+06
   35             48         2        12         0        34         0         0         0         0         0      1.336e+06
