===== Copy Generation Summary =====
#Iter     Gen    Indv     Seq     CSC    Used            Obj
    1     300     300       0       0     124      1.136e+09
    2     237     234       3       0     182      4.424e+08
    3     233     233       0       0     182      3.167e+08
    4     224     224       0       0     191      2.453e+08
    5     232     232       0       0     183      1.889e+08
    6     211     211       0       0     200      1.529e+08
    7     236     232       4       0     171      1.157e+08
    8     210     210       0       0     206      9.687e+07
    9     215     215       0       0     188      6.799e+07
   10     233     231       2       0     165      5.236e+07
   11     226     225       1       0     171      4.295e+07
   12     223     219       4       0     170      3.769e+07
   13     209     207       2       0     183      2.883e+07
   14     192     189       3       0     197      2.051e+07
   15     210     207       3       0     171      1.349e+07
   16     226     224       2       0     137      9.055e+06
   17     199     197       2       0     143      6.488e+06
   18     197     195       2       0     130       6.27e+06
   19     223     213      10       0      94       5.95e+06
   20     191     179      12       0      99      5.721e+06
   21     182     174       8       0      92      5.488e+06
   22     183     176       7       0      78      5.269e+06
   23     177     162      15       0      89      5.012e+06
   24     149     135      14       0      84      4.592e+06
   25     153     147       6       0      65      4.239e+06
   26     119     117       2       0      76      3.976e+06
   27      90      81       9       0      76      3.924e+06
   28     121     113       8       0      42      3.802e+06
   29      91      83       8       0      52      3.642e+06
   30      93      85       8       0      44      3.489e+06
   31     113     105       8       0      25      3.337e+06
   32     109     101       8       0      16      3.178e+06
   33      99      91       8       0      24      3.015e+06
   34     101      93       8       0      20      2.839e+06
   35      71      61      10       0      41      2.797e+06
   36      86      62      24       0      33       2.74e+06
   37      61      44      17       0      12      2.697e+06
   38      46      30      16       0      17      2.662e+06
   39      35      23      12       0      10      2.648e+06
   40      31      21      10       0       5      2.647e+06
   41      21      11      10       0       6      2.628e+06
   42      23      11      12       0       2      2.628e+06
   43      15       7       8       0       3      2.621e+06
   44      23      11      12       0       4      2.621e+06
   45      23      11      12       0       1      2.621e+06
   46      26      14      12       0       0      2.621e+06
   47      24      12      12       0       0      2.621e+06
   48      24      12      12       0       0      2.621e+06
   49      24      12      12       0       0      2.621e+06
   50      27      12      15       0       2      2.621e+06
   51      24      12      12       0       1      2.621e+06
