===== Copy Generation Summary =====
#Iter       TotalGen  ind(reg)  mul(reg)  ind(csc)  mul(csc) TotalUsed  ind(reg)  mul(reg)  ind(csc)  mul(csc)            obj
    1            443       345         0        98         0       209       193         0        16         0       1.19e+09
    2            446       386         0        60         0       208       196         0        12         0      1.068e+09
    3            446       375         0        71         0       236       206         0        30         0      6.868e+08
    4            446       385         0        61         0       238       206         0        32         0      5.227e+08
    5            446       384         0        62         0       233       211         0        22         0       4.59e+08
    6            446       403         0        43         0       225       204         0        21         0      4.201e+08
    7            446       383         0        63         0       256       237         0        19         0      3.828e+08
    8            446       393         0        53         0       212       191         0        21         0      3.622e+08
    9            446       387         0        59         0       234       206         0        28         0      3.398e+08
   10            447       409         0        38         0       242       222         0        20         0      3.167e+08
   11            445       392         0        53         0       234       228         0         6         0      2.998e+08
   12            444       390         0        54         0       244       221         0        23         0      2.834e+08
   13            442       397         0        45         0       267       247         0        20         0      2.601e+08
   14            439       383         0        56         0       235       208         0        27         0      2.449e+08
   15            436       396         0        40         0       240       220         0        20         0      2.293e+08
   16            435       378         0        57         0       245       220         0        25         0      2.146e+08
   17            430       386         0        44         0       243       224         0        19         0      1.993e+08
   18            429       403         0        26         0       245       236         0         9         0      1.838e+08
   19            426       395         0        31         0       249       235         0        14         0      1.706e+08
   20            429       394         0        35         0       261       244         0        17         0      1.596e+08
   21            431       400         0        31         0       241       228         0        13         0      1.548e+08
   22            424       383         0        41         0       230       207         0        23         0      1.468e+08
   23            426       352         0        74         0       239       218         0        21         0       1.37e+08
   24            426       406         0        20         0       247       241         0         6         0      1.317e+08
   25            432       413         0        19         0       239       234         0         5         0      1.266e+08
   26            430       390         0        40         0       225       213         0        12         0      1.222e+08
   27            430       386         0        44         0       253       232         0        21         0      1.154e+08
   28            428       388         0        40         0       281       262         0        19         0      1.112e+08
   29            426       397         0        29         0       230       220         0        10         0      1.077e+08
   30            428       388         0        40         0       256       256         0         0         0      1.045e+08
   31            428       383         0        45         0       253       238         0        15         0      1.017e+08
   32            426       384         0        42         0       246       225         0        21         0      1.001e+08
   33            426       413         0        13         0       248       246         0         2         0      9.925e+07
   34            427       380         0        47         0       255       230         0        25         0      9.653e+07
   35            426       386         0        40         0       300       285         0        15         0      9.446e+07
   36            424       374         0        50         0       258       232         0        26         0        9.3e+07
   37            425       393         0        32         0       241       236         0         5         0      9.115e+07
   38            426       386         0        40         0       215       192         0        23         0      9.062e+07
   39            426       360         0        66         0       239       205         0        34         0      8.876e+07
   40            426       394         0        32         0       252       251         0         1         0      8.708e+07
   41            426       368         0        58         0       260       251         0         9         0      8.596e+07
   42            423       387         0        36         0       212       208         0         4         0      8.541e+07
   43            424       370         0        54         0       220       210         0        10         0      8.483e+07
   44            426       345         0        81         0       193       176         0        17         0      8.403e+07
   45            423       380         0        43         0       235       229         0         6         0      8.326e+07
   46            422       392         0        30         0       237       229         0         8         0      8.271e+07
   47            425       366         0        59         0       209       193         0        16         0       8.18e+07
   48            419       319         0       100         0       195       177         0        18         0      8.118e+07
   49            420       365         0        55         0       198       191         0         7         0      8.063e+07
   50            412       356         0        56         0       191       179         0        12         0      8.022e+07
   51            413       310         0       103         0       163       145         0        18         0      7.998e+07
   52            408       309         0        99         0       207       197         0        10         0      7.986e+07
   53            407       314         0        93         0       181       173         0         8         0       7.95e+07
   54            407       332         0        75         0       201       183         0        18         0      7.919e+07
   55            404       306         0        98         0       178       147         0        31         0      7.889e+07
   56            404       317         0        87         0       182       172         0        10         0      7.874e+07
   57            396       308         0        88         0       168       158         0        10         0      7.848e+07
   58            396       337         0        59         0       190       186         0         4         0      7.818e+07
   59            390       309         0        81         0       170       153         0        17         0      7.805e+07
   60            406       331         0        75         0       195       182         0        13         0      7.795e+07
   61            391       332         0        59         0       156       154         0         2         0      7.777e+07
   62            383       317         0        66         0       166       153         0        13         0      7.756e+07
   63            378       294         0        84         0       169       156         0        13         0      7.731e+07
   64            377       314         0        63         0       159       158         0         1         0      7.716e+07
   65            438       386         0        52         0       232       229         0         3         0      7.692e+07
   66            439       340         0        99         0       186       179         0         7         0      7.692e+07
   67            400       293         0       107         0       146       145         0         1         0      7.692e+07
   68            388       316         0        72         0       124       118         0         6         0      7.691e+07
   69            391       303         0        88         0       152       143         0         9         0      7.688e+07
   70            377       281         0        96         0       140       133         0         7         0      7.671e+07
   71            378       310         0        68         0       208       194         0        14         0      7.662e+07
   72            371       295         0        76         0       175       161         0        14         0      7.648e+07
   73            376       281         0        95         0       125       120         0         5         0      7.628e+07
   74            360       272         0        88         0       124       116         0         8         0      7.618e+07
   75            367       280         0        87         0       174       154         0        20         0      7.605e+07
   76            352       253         0        99         0        99        93         0         6         0      7.596e+07
   77            366       294         0        72         0       167       154         0        13         0      7.578e+07
   78            363       290         0        73         0       154       149         0         5         0      7.571e+07
   79            368       279         0        89         0       114       112         0         2         0      7.558e+07
   80            350       236         0       114         0       126       107         0        19         0       7.55e+07
   81            358       267         0        91         0       141       135         0         6         0      7.538e+07
   82            359       266         0        93         0       143       127         0        16         0      7.529e+07
   83            340       213         0       127         0        74        66         0         8         0      7.519e+07
   84            338       193         0       145         0        72        68         0         4         0      7.507e+07
   85            331       221         0       110         0       140       129         0        11         0      7.498e+07
   86            329       196         0       133         0        99        92         0         7         0       7.49e+07
   87            317       206         0       111         0        87        75         0        12         0      7.482e+07
   88            318       210         0       108         0       104        94         0        10         0       7.47e+07
   89            307       215         0        92         0        68        63         0         5         0      7.457e+07
   90            299       207         0        92         0        72        68         0         4         0      7.446e+07
   91            300       233         0        67         0        81        79         0         2         0      7.433e+07
   92            273       164         0       109         0        74        70         0         4         0      7.425e+07
   93            270       207         0        63         0        99        96         0         3         0      7.418e+07
   94            268       188         0        80         0        68        54         0        14         0      7.416e+07
   95            240       170         0        70         0        71        66         0         5         0      7.409e+07
   96            239       149         0        90         0        51        45         0         6         0      7.401e+07
   97            235       179         0        56         0        99        92         0         7         0      7.393e+07
   98            264       162         0       102         0        41        41         0         0         0      7.388e+07
   99            198       130         0        68         0        38        36         0         2         0      7.387e+07
  100            193       118         0        75         0        30        24         0         6         0      7.378e+07
  101            195       123         0        72         0        28        27         0         1         0      7.375e+07
  102            191       166         0        25         0        80        80         0         0         0       7.37e+07
  103            269       193         0        76         0       107        64         0        43         0       7.37e+07
  104            189       157         0        32         0        69        68         0         1         0       7.37e+07
  105            177       115         0        62         0        45        36         0         9         0      7.369e+07
  106            160       120         0        40         0        32        31         0         1         0      7.367e+07
  107            173       115         0        58         0        32        27         0         5         0       7.36e+07
  108            166       143         0        23         0        70        69         0         1         0      7.356e+07
  109            164        84         0        80         0        16        15         0         1         0      7.352e+07
  110            144        86         0        58         0        30        26         0         4         0      7.352e+07
  111            150        89         0        61         0        24        20         0         4         0      7.349e+07
  112            137        92         0        45         0        29        25         0         4         0      7.346e+07
  113            138        79         0        59         0        15        14         0         1         0      7.344e+07
  114            105        71         0        34         0        18        16         0         2         0      7.341e+07
  115             99        77         0        22         0        22        19         0         3         0      7.339e+07
  116             81        62         0        19         0        13        12         0         1         0      7.337e+07
  117             91        70         0        21         0        13        13         0         0         0      7.335e+07
  118             75        56         0        19         0         7         6         0         1         0      7.332e+07
  119             59        47         0        12         0        12         9         0         3         0       7.33e+07
  120             66        46         0        20         0         9         8         0         1         0      7.329e+07
  121             57        47         0        10         0        11        10         0         1         0      7.328e+07
