===== Copy Generation Summary =====
#Iter     Gen    Indv     Seq     CSC    Used            Obj
    1     276     276       0       0     174       2.39e+09
    2     228     224       4       0     219      1.768e+09
    3     210     208       2       0     238      1.197e+09
    4     222     220       2       0     226      8.556e+08
    5     204     202       2       0     246      7.465e+08
    6     201     199       2       0     247      6.709e+08
    7     232     230       2       0     216      6.204e+08
    8     239     237       2       0     210      5.633e+08
    9     220     218       2       0     227       5.01e+08
   10     200     198       2       0     247      4.555e+08
   11     208     206       2       0     238       4.15e+08
   12     214     210       4       0     229      3.818e+08
   13     201     199       2       0     238      3.512e+08
   14     193     191       2       0     241       3.21e+08
   15     203     201       2       0     235      2.987e+08
   16     200     198       2       0     227      2.723e+08
   17     188     186       2       0     238      2.499e+08
   18     176     174       2       0     250      2.251e+08
   19     189     187       2       0     237      2.073e+08
   20     173     171       2       0     253      1.845e+08
   21     189     187       2       0     237      1.645e+08
   22     170     168       2       0     256      1.504e+08
   23     207     205       2       0     219      1.377e+08
   24     188     186       2       0     240      1.234e+08
   25     169     167       2       0     257      1.129e+08
   26     191     189       2       0     235      1.055e+08
   27     157     155       2       0     269      1.009e+08
   28     154     152       2       0     272      9.008e+07
   29     218     216       2       0     208      8.475e+07
   30     220     218       2       0     206      8.023e+07
   31     161     159       2       0     265      7.381e+07
   32     205     203       2       0     221       6.75e+07
   33     208     206       2       0     218      6.015e+07
   34     226     224       2       0     199       5.54e+07
   35     219     215       4       0     207       5.01e+07
   36     208     206       2       0     218      4.765e+07
   37     214     212       2       0     212      4.593e+07
   38     189     187       2       0     237      4.353e+07
   39     234     232       2       0     189      4.179e+07
   40     244     242       2       0     180      4.123e+07
   41     183     181       2       0     242      4.011e+07
   42     242     240       2       0     182       3.67e+07
   43     225     223       2       0     194      3.393e+07
   44     208     198      10       0     212      3.034e+07
   45     163     161       2       0     258      2.853e+07
   46     207     203       4       0     216       2.82e+07
   47     209     199      10       0     202       2.77e+07
   48     228     212      16       0     182      2.438e+07
   49     229     221       8       0     184      2.356e+07
   50     225     205      20       0     179      2.048e+07
   51     219     207      12       0     186      1.917e+07
   52     203     185      18       0     200      1.775e+07
   53     240     224      16       0     154      1.657e+07
   54     261     237      24       0     132      1.638e+07
   55     236     206      30       0     169      1.608e+07
   56     239     207      32       0     154      1.565e+07
   57     250     214      36       0     145      1.544e+07
   58     226     190      36       0     170      1.526e+07
   59     265     227      38       0     130      1.507e+07
   60     297     259      38       0      97      1.476e+07
   61     218     180      38       0     176      1.463e+07
   62     176     138      38       0     218      1.428e+07
   63     260     228      32       0     136       1.41e+07
   64     220     184      36       0     172       1.38e+07
   65     254     216      38       0     139      1.361e+07
   66     253     215      38       0     141      1.321e+07
   67     258     222      36       0     135       1.31e+07
   68     211     173      38       0     183      1.299e+07
   69     253     219      34       0     137      1.282e+07
   70     230     192      38       0     164      1.266e+07
   71     283     245      38       0     111      1.259e+07
   72     295     259      36       0      97       1.23e+07
   73     223     185      38       0     170      1.206e+07
   74     280     244      36       0     111      1.183e+07
   75     289     253      36       0     101      1.169e+07
   76     260     222      38       0     130       1.14e+07
   77     259     221      38       0     135      1.123e+07
   78     244     206      38       0     147       1.11e+07
   79     261     223      38       0     132      1.105e+07
   80     228     190      38       0     163      1.081e+07
   81     255     221      34       0     126      1.065e+07
   82     273     239      34       0     114      1.037e+07
   83     288     254      34       0      98      1.016e+07
   84     295     259      36       0      96      9.947e+06
   85     243     211      32       0     138      9.748e+06
   86     256     218      38       0     121      9.659e+06
   87     257     221      36       0     108        9.5e+06
   88     264     232      32       0     117      9.349e+06
   89     227     195      32       0     137      9.236e+06
   90     222     180      42       0     125      9.116e+06
   91     261     225      36       0      87      9.018e+06
   92     271     231      40       0      67      8.883e+06
   93     224     178      46       0     112      8.693e+06
   94     230     178      52       0      91      8.586e+06
   95     232     174      58       0      75      8.529e+06
   96     209     143      66       0      87      8.421e+06
   97     210     150      60       0      76      8.382e+06
   98     248     184      64       0      95      8.259e+06
   99     193     125      68       0      72      8.161e+06
  100     193     131      62       0      82      8.035e+06
  101     179     111      68       0      82      7.955e+06
  102     164      94      70       0      78      7.865e+06
  103     189     119      70       0      54      7.785e+06
  104     225     153      72       0     104      7.723e+06
  105     190     114      76       0      62       7.68e+06
  106     160      90      70       0      82      7.616e+06
  107     191     117      74       0      56      7.572e+06
  108     221     155      66       0      23      7.479e+06
  109     168      96      72       0      69      7.444e+06
  110     171      97      74       0      58      7.431e+06
  111     178      96      82       0      61      7.392e+06
  112     192     114      78       0      39      7.372e+06
  113     191     111      80       0      43       7.35e+06
  114     176      98      78       0      55      7.328e+06
  115     188     114      74       0      42      7.279e+06
  116     187     107      80       0      50      7.198e+06
  117     189     111      78       0      44      7.132e+06
  118     127      79      48       0     110      7.077e+06
  119     186     102      84       0      51      7.042e+06
  120     172      90      82       0      60       7.02e+06
  121     180      98      82       0      58      6.979e+06
  122     189     107      82       0      45      6.938e+06
  123     194     114      80       0      31      6.906e+06
  124     194     114      80       0      33      6.838e+06
  125     190     112      78       0      33       6.79e+06
  126     170      90      80       0      55      6.732e+06
  127     179      97      82       0      35      6.702e+06
  128     177      95      82       0      40       6.68e+06
  129     179      97      82       0      32      6.654e+06
  130     186     100      86       0      40      6.615e+06
  131     184     102      82       0      22      6.597e+06
  132     185     103      82       0      43      6.527e+06
  133     160      80      80       0      58      6.477e+06
  134     173      89      84       0      37      6.471e+06
  135     195     109      86       0      18       6.43e+06
  136     199     117      82       0      23      6.365e+06
  137     172      82      90       0      28      6.347e+06
  138     168      78      90       0      21      6.292e+06
  139     163      75      88       0      36      6.257e+06
  140     156      62      94       0      48      6.222e+06
  141     151      59      92       0      35      6.207e+06
  142     145      57      88       0      42      6.171e+06
  143     152      66      86       0      29      6.145e+06
  144     155      47     108       0      18      6.111e+06
  145     133      29     104       0      15      6.099e+06
  146     134      36      98       0      13      6.081e+06
  147     130      22     108       0      18      6.069e+06
  148     142      36     106       0      17      6.036e+06
  149     124      26      98       0      20      5.993e+06
  150     118      24      94       0      22      5.992e+06
  151     128      18     110       0       8      5.963e+06
  152     133      21     112       0      13       5.96e+06
  153     122      10     112       0       5      5.935e+06
  154     110      12      98       0      10      5.935e+06
  155     124      20     104       0       4       5.91e+06
  156     119      13     106       0       3       5.91e+06
  157     118       8     110       0       4       5.91e+06
  158     127      19     108       0       7        5.9e+06
  159     117      11     106       0      16        5.9e+06
  160     116       8     108       0       3        5.9e+06
  161     121      23      98       0      13      5.894e+06
  162     119      17     102       0       7      5.873e+06
  163     124      14     110       0       1       5.87e+06
  164     117       7     110       0       0      5.859e+06
