===== Copy Generation Summary =====
#Iter       TotalGen  ind(reg)  mul(reg)  ind(csc)  mul(csc) TotalUsed  ind(reg)  mul(reg)  ind(csc)  mul(csc)            obj
    1            379       328         0        51         0       132       124         0         8         0      2.091e+08
    2            375       288         0        87         0       128       114         0        14         0      1.131e+08
    3            401       322         0        79         0       169       162         0         7         0      1.416e+07
    4            400       326         0        74         0       201       166         0        35         0      9.247e+06
    5            402       354         0        48         0       204       186         0        18         0      7.528e+06
    6            399       343         0        56         0       183       180         0         3         0      5.039e+06
    7            385       374         0        11         0       190       189         0         1         0      4.015e+06
    8            389       343         0        46         0       184       165         0        19         0       3.25e+06
    9            385       364         0        21         0       201       195         0         6         0      2.573e+06
   10            385       349         0        36         0       175       171         0         4         0      2.485e+06
   11            373       340         0        33         0       169       155         0        14         0      2.431e+06
   12            343       310         0        33         0       155       147         0         8         0        2.3e+06
   13            352       323         0        29         0       172       169         0         3         0      2.228e+06
   14            274       239         0        35         0       115       112         0         3         0      2.195e+06
   15            264       210         0        54         0       125       104         0        21         0       2.18e+06
   16            249       204         0        45         0        92        89         0         3         0      2.176e+06
   17            230       219         0        11         0       118       118         0         0         0      2.176e+06
   18            183       169         0        14         0        81        81         0         0         0      2.148e+06
   19            169       141         0        28         0        66        66         0         0         0      2.148e+06
   20            152       134         0        18         0        61        60         0         1         0      2.135e+06
   21            133       124         0         9         0        63        62         0         1         0      2.135e+06
   22            123       106         0        17         0        60        58         0         2         0      2.135e+06
   23            112       101         0        11         0        54        54         0         0         0      2.125e+06
   24            108        86         0        22         0        50        42         0         8         0      2.125e+06
   25            106        77         0        29         0        14         9         0         5         0      2.125e+06
   26             99        61         0        38         0        47        36         0        11         0      2.125e+06
   27             85        59         0        26         0        20        17         0         3         0      2.125e+06
   28             46        30         0        16         0        14        12         0         2         0      2.108e+06
   29             36        30         0         6         0        16        16         0         0         0      2.108e+06
   30             65        56         0         9         0        28        26         0         2         0      2.108e+06
   31             36        24         0        12         0         9         9         0         0         0      2.108e+06
   32             10         8         0         2         0         3         3         0         0         0      2.108e+06
   33              6         4         0         2         0         3         2         0         1         0      2.108e+06
   34              6         3         0         3         0         0         0         0         0         0      2.108e+06
   35             50        49         0         1         0        44        44         0         0         0      2.108e+06
   36              4         3         0         1         0         0         0         0         0         0      2.108e+06
   37              4         3         0         1         0         1         0         0         1         0      2.108e+06
   38              4         4         0         0         0         0         0         0         0         0      2.108e+06
   39              4         4         0         0         0         0         0         0         0         0      2.108e+06
   40              4         4         0         0         0         1         1         0         0         0      2.108e+06
   41              4         4         0         0         0         0         0         0         0         0      2.108e+06
   42              4         4         0         0         0         1         1         0         0         0      2.108e+06
