===== Copy Generation Summary =====
#Iter       TotalGen  ind(reg)  mul(reg)  ind(csc)  mul(csc) TotalUsed  ind(reg)  mul(reg)  ind(csc)  mul(csc)            obj
    1            460       348        18        94         0       195       174         7        14         0      3.465e+08
    2            449       375         5        69         0       221       197         0        24         0      2.736e+08
    3            447       346         0       101         0       219       202         0        17         0      6.163e+07
    4            445       356         0        89         0       254       212         0        42         0      4.671e+07
    5            445       320         0       125         0       231       187         0        44         0      4.671e+07
    6            445       397         0        48         0       246       234         0        12         0      4.544e+07
    7            443       348         0        95         0       243       222         0        21         0      4.253e+07
    8            439       364         1        74         0       180       163         0        17         0      4.093e+07
    9            439       378         0        61         0       217       199         0        18         0      3.884e+07
   10            437       368         0        69         0       237       214         0        23         0      3.779e+07
   11            434       400         0        34         0       238       231         0         7         0      3.641e+07
   12            428       372         0        56         0       251       232         0        19         0      3.429e+07
   13            424       373         0        51         0       244       226         0        18         0      3.155e+07
   14            424       323         0       101         0       209       175         0        34         0      2.989e+07
   15            424       374         0        50         0       237       217         0        20         0       2.82e+07
   16            424       323         0       101         0       233       173         0        60         0      2.677e+07
   17            424       404         0        20         0       240       236         0         4         0      2.481e+07
   18            433       381        11        41         0       234       211        10        13         0      2.314e+07
   19            426       371         0        55         0       245       230         0        15         0      1.815e+07
   20            424       407         0        17         0       274       266         0         8         0        1.6e+07
   21            424       394         0        30         0       215       214         0         1         0      1.482e+07
   22            424       331         0        93         0       206       189         0        17         0      1.275e+07
   23            425       345         0        80         0       235       206         0        29         0      1.172e+07
   24            424       367         0        57         0       236       226         0        10         0        1.1e+07
   25            424       383         0        41         0       241       231         0        10         0      1.061e+07
   26            424       359         0        65         0       238       226         0        12         0      1.013e+07
   27            424       384         0        40         0       236       224         0        12         0      9.688e+06
   28            424       405         0        19         0       273       268         0         5         0      9.036e+06
   29            424       371         0        53         0       223       206         0        17         0      8.631e+06
   30            424       361         0        63         0       274       255         0        19         0      8.267e+06
   31            424       401         0        23         0       201       197         0         4         0      8.026e+06
   32            424       393         0        31         0       219       213         0         6         0      7.861e+06
   33            425       331         4        90         0       218       164         3        51         0      7.817e+06
   34            430       314        17        99         0       206       177        11        18         0       7.54e+06
   35            436       368        24        44         0       278       250        17        11         0      7.516e+06
   36            422       378         3        41         0       250       245         2         3         0      7.281e+06
   37            417       305         0       112         0       198       190         0         8         0      7.226e+06
   38            428       337        21        70         0       204       177        15        12         0      6.837e+06
   39            425       324        26        75         0       211       177        19        15         0      6.731e+06
   40            398       331        12        55         0       247       224         7        16         0      6.586e+06
   41            399       316        17        66         0       182       162        12         8         0      6.514e+06
   42            388       357         7        24         0       254       248         2         4         0      6.379e+06
   43            403       328        28        47         0       187       168        18         1         0      6.324e+06
   44            386       321        15        50         0       204       191         8         5         0      6.291e+06
   45            382       314         7        61         0       177       162         2        13         0      6.231e+06
   46            379       335        12        32         0       241       227         6         8         0      6.197e+06
   47            384       327        21        36         0       202       192         4         6         0      5.999e+06
   48            366       320         7        39         0       196       191         2         3         0      5.977e+06
   49            366       281         7        78         0       164       151         3        10         0      5.907e+06
   50            367       288        11        68         0       190       162         7        21         0       5.87e+06
   51            364       277         8        79         0       191       174         4        13         0       5.82e+06
   52            364       281         7        76         0       167       144         3        20         0      5.792e+06
   53            367       239        11       117         0       148       127         7        14         0      5.736e+06
   54            361       308         4        49         0       201       179         0        22         0      5.699e+06
   55            362       247         8       107         0       165       137         3        25         0      5.678e+06
   56            360       286         6        68         0       192       187         2         3         0      5.613e+06
   57            356       270         4        82         0       180       172         0         8         0      5.571e+06
   58            354       248         4       102         0       149       136         0        13         0      5.537e+06
   59            354       226         8       120         0       147       118         2        27         0      5.519e+06
   60            356       282         4        70         0       191       183         0         8         0      5.499e+06
   61            334       267        10        57         0       130       124         2         4         0      5.482e+06
   62            307       173        15       119         0        93        78         6         9         0      5.468e+06
   63            317       242         7        68         0       134       124         2         8         0      5.463e+06
   64            295       185        10       100         0       137       117         5        15         0      5.451e+06
   65            286       165         4       117         0       107        91         0        16         0       5.43e+06
   66            272       209         7        56         0       116       110         0         6         0      5.402e+06
   67            272       203         4        65         0       127       121         0         6         0      5.388e+06
   68            282       202         7        73         0       118       112         2         4         0      5.378e+06
   69            286       191         4        91         0       121       111         0        10         0      5.361e+06
   70            313       137        14       162         0        90        79         7         4         0      5.357e+06
   71            266       231         7        28         0       154       150         2         2         0        5.3e+06
   72            280       197         8        75         0       114       101         3        10         0      5.293e+06
   73            265       160         3       102         0        74        73         0         1         0      5.272e+06
   74            262       165         6        91         0       108        89         2        17         0       5.23e+06
   75            266       215         4        47         0       153       151         0         2         0      5.162e+06
   76            265       202        11        52         0       121       113         5         3         0      5.149e+06
   77            253       181         3        69         0        85        80         0         5         0      5.142e+06
   78            260       173         8        79         0        96        89         4         3         0      5.128e+06
   79            261       212         4        45         0       135       128         0         7         0      5.108e+06
   80            265       172         6        87         0       107        84         2        21         0      5.067e+06
   81            258       172         6        80         0        97        92         2         3         0      5.066e+06
   82            262       179         9        74         0       132       108         6        18         0      4.988e+06
   83            256       166         4        86         0        72        71         0         1         0      4.986e+06
   84            258       216         8        34         0       148       135         4         9         0      4.972e+06
   85            238       148        16        74         0        79        68         8         3         0      4.939e+06
   86            266       158         7       101         0        87        78         3         6         0      4.925e+06
   87            240       169         4        67         0        74        72         0         2         0      4.912e+06
   88            216       126         7        83         0        79        59         2        18         0      4.892e+06
   89            213       126         6        81         0        72        61         0        11         0      4.892e+06
   90            216       165         7        44         0       109       105         0         4         0      4.877e+06
   91            201       109        17        75         0        59        48         6         5         0      4.864e+06
   92            191        93        14        84         0        34        28         4         2         0      4.854e+06
   93            202       130         8        64         0       105        99         2         4         0      4.854e+06
   94            256       117         3       136         0        74        69         0         5         0      4.854e+06
   95            258       174         4        80         0       112       103         0         9         0       4.82e+06
   96            191       134        12        45         0        79        68         7         4         0      4.818e+06
   97            199       148        13        38         0        83        71         7         5         0      4.807e+06
   98            170       120         6        44         0        81        73         0         8         0      4.802e+06
   99            187       143         4        40         0        74        73         0         1         0      4.786e+06
  100            172       113        10        49         0        79        69         6         4         0      4.785e+06
  101            171       121         3        47         0        79        72         0         7         0      4.785e+06
  102            170       114         3        53         0        95        81         0        14         0      4.785e+06
  103            172        79        16        77         0        59        48         4         7         0      4.785e+06
  104            209       122         3        84         0        54        49         0         5         0       4.78e+06
  105            163       123         6        34         0        75        69         0         6         0      4.779e+06
  106            162       105         9        48         0        60        58         0         2         0      4.778e+06
  107            155        51        10        94         0        27        17         3         7         0      4.761e+06
  108            152       101        11        40         0        54        47         4         3         0      4.746e+06
  109            178        74        47        57         0        52        23        25         4         0      4.746e+06
  110            127        80         9        38         0        55        49         2         4         0      4.746e+06
  111            153        83        11        59         0        41        32         2         7         0      4.734e+06
  112            140        61        18        61         0        33        21        11         1         0      4.729e+06
  113            233        98        18       117         0        39        28         7         4         0      4.729e+06
  114            136        70        11        55         0        40        33         3         4         0      4.707e+06
  115            149        76        22        51         0        41        28        12         1         0      4.707e+06
  116             94        52        10        32         0        15        13         2         0         0      4.695e+06
  117             96        58        22        16         0        50        42         8         0         0      4.687e+06
  118             68        30        16        22         0        14         8         6         0         0      4.675e+06
  119             85        33        20        32         0        23         9        11         3         0       4.66e+06
  120             77        24        25        28         0        20         7        12         1         0      4.659e+06
  121             43        16        12        15         0        11         4         5         2         0       4.65e+06
  122             40        10        20        10         0        15         4        11         0         0      4.648e+06
  123             99        52         4        43         0        14        13         0         1         0      4.646e+06
  124             95        60        25        10         0        69        51        18         0         0      4.646e+06
  125             27         8        10         9         0         8         4         4         0         0      4.646e+06
  126             29        11         9         9         0         5         2         2         1         0      4.646e+06
  127             29         9        12         8         0         5         2         2         1         0      4.646e+06
  128             23         7         7         9         0         2         2         0         0         0      4.646e+06
  129             39        14         9        16         0         7         5         2         0         0      4.646e+06
  130             15         3         6         6         0         2         1         0         1         0      4.646e+06
  131              9         1         6         2         0         1         1         0         0         0      4.646e+06
