Run time(sec):           2660
IP gap:inf
======================= COST =======================
======================= COST =======================
Total:               7.75e+08
Cancel:              7.59e+08
Delay:              8.244e+06
Swaps:              6.036e+06
PosViol:            1.725e+06
CSC:                        0

===================== DISRUPTION ===================
# Cancelled:              759
# Delayed:                406
# Swaps:                  503
# CSCs:                     0
Ttl delay(min):	    8.244e+04
Avg delay(min):	          203
Min delay(min):	           30
Max delay(min):	          360

================= AIRPORT CAPACITY =================
SEA 2025-Jul-07 21:00:00 2025-Jul-07 22:00:00 1 1(0)
SEA 2025-Jul-07 22:00:00 2025-Jul-07 23:00:00 1 1(1)
SEA 2025-Jul-07 23:00:00 2025-Jul-08 00:00:00 1 1(1)
SEA 2025-Jul-08 00:00:00 2025-Jul-08 01:00:00 1 1(1)
SEA 2025-Jul-07 21:00:00 2025-Jul-07 22:00:00 2 6(2)
SEA 2025-Jul-07 22:00:00 2025-Jul-07 23:00:00 2 6(8)
SEA 2025-Jul-07 23:00:00 2025-Jul-08 00:00:00 2 6(6)
SEA 2025-Jul-08 00:00:00 2025-Jul-08 01:00:00 2 6(6)
PDX 2025-Jul-07 21:00:00 2025-Jul-07 22:00:00 1 10(3)
PDX 2025-Jul-07 21:00:00 2025-Jul-07 22:00:00 2 4(1)
PDX 2025-Jul-07 22:00:00 2025-Jul-07 23:00:00 1 5(1)
PDX 2025-Jul-07 23:00:00 2025-Jul-08 00:00:00 1 5(0)
PDX 2025-Jul-08 00:00:00 2025-Jul-08 01:00:00 1 5(3)
PDX 2025-Jul-08 01:00:00 2025-Jul-08 02:00:00 1 5(1)
PDX 2025-Jul-07 22:00:00 2025-Jul-07 23:00:00 2 4(0)
PDX 2025-Jul-07 23:00:00 2025-Jul-08 00:00:00 2 4(3)
PDX 2025-Jul-08 00:00:00 2025-Jul-08 01:00:00 2 4(1)
PDX 2025-Jul-08 01:00:00 2025-Jul-08 02:00:00 2 4(0)
BWI 2025-Jul-07 21:00:00 2025-Jul-08 00:00:00 1 0(0)
BWI 2025-Jul-07 21:00:00 2025-Jul-07 22:00:00 2 2(0)
BWI 2025-Jul-07 22:00:00 2025-Jul-07 23:00:00 2 2(0)
BWI 2025-Jul-07 23:00:00 2025-Jul-08 00:00:00 2 2(0)
BWI 2025-Jul-08 00:00:00 2025-Jul-08 04:00:00 1 0(0)
BWI 2025-Jul-08 00:00:00 2025-Jul-08 01:00:00 2 1(0)
BWI 2025-Jul-08 01:00:00 2025-Jul-08 02:00:00 2 1(0)
BWI 2025-Jul-08 02:00:00 2025-Jul-08 03:00:00 2 1(0)
BWI 2025-Jul-08 03:00:00 2025-Jul-08 04:00:00 2 1(0)
BWI 2025-Jul-08 04:00:00 2025-Jul-08 05:00:00 1 2(0)
BWI 2025-Jul-08 04:00:00 2025-Jul-08 05:00:00 2 2(0)
HNL 2025-Jul-07 21:00:00 2025-Jul-07 22:00:00 1 1(0)
HNL 2025-Jul-07 22:00:00 2025-Jul-07 23:00:00 1 1(0)
HNL 2025-Jul-07 23:00:00 2025-Jul-08 00:00:00 1 1(0)
HNL 2025-Jul-07 21:00:00 2025-Jul-08 00:00:00 2 0(0)

================= AIRCRAFT LOCATION ================
Aircraft     PlannedEnd      ActualEnd
N214AK            AUS            SEA
N224AK            ANC            CLE
N236AK            IAD            SAN
N237AK            SEA            SEA
N238AK            IAD            SAN
N247AK            SEA            AUS
N248AK            SEA            SEA
N251AK            EUG            SFO
N253AK            IND            SEA
N260AK            PDX            PDX
N264AK            OMA            SEA
N265AK            SFO            RDM
N267AK            PDX            PDX
N268AK            PDX            PDX
N270AK            SEA            SMF
N272AK            ORD            SEA
N273AK            JNU            LAX
N274AK            MKE            MKE
N275AK            LAS            ABQ
N277AK            CMH            SEA
N280AK            PDX            PDX
N281AK            ABQ            SEA
N282AK            JFK            SIT
N283AK            PDX            SJC
N284AK            SJC            FLL
N285AK            SMF            SEA
N287AK            RDM            ANC
N288AK            ORD            ORD
N290AK            BNA            BOS
N291BT            SEA            SEA
N292AK            LAS            PHX
N293AK            ANC            PDX
N294AK            LAX            SEA
N296AK            PHX            JFK
N297AK            SFO            ANC
N298AK            LAX            SEA
N307AS            SEA            SEA
N309AS            JNU            JNU
N318AS            SEA            SEA
N402AS            LAS            SEA
N403AS            SAN            SEA
N408AS            ANC            PDX
N409AS            SFO            LAX
N413AS            SEA            ORD
N419AS            BOS            SEA
N423AS            LAX            SEA
N431AS            MCO            EWR
N433AS            CLE            SFO
N434AS            ANC            ORD
N435AS            GEG            SEA
N440AS            LAX            SEA
N442AS            SEA            EUG
N448AS            SEA            SEA
N453AS            JNU            SEA
N457AS            DFW            PHX
N459AS            SFO            PDX
N462AS            SFO            JNU
N464AS            ANC            SEA
N467AS            MCI            SEA
N469AS            GEG            SAN
N471AS            SEA            DTW
N472AS            SJC            SAN
N474AS            SEA            SEA
N477AS            TPA            SEA
N478AS            ANC            ANC
N481AS            PDX            MCO
N483AS            PDX            SEA
N486AS            SEA            TPA
N487AS            BNA            SEA
N491AS            PDX            SEA
N492AS            PDX            PDX
N493AS            PHL            SLC
N494AS            ANC            SEA
N495AS            HNL            GEG
N506AS            BOS            SEA
N508AS            DCA            SEA
N512AS            SNA            LAX
N513AS            SEA            SEA
N514AS            SFO            ANC
N516AS            LAX            SNA
N517AS            SAN            SEA
N518AS            LAX            KOA
N519AS            SNA            SEA
N520AS            ANC            SEA
N523AS            SEA            OAK
N525AS            ANC            SEA
N526AS            SEA            SNA
N527AS            BWI            SEA
N529AS            SIT            ORD
N530AS            SJC            SFO
N531AS            SEA            DEN
N532AS            PDX            SAN
N535AS            SAN            SEA
N536AS            SEA            SEA
N537AS            DCA            PDX
N538AS            SEA            SAN
N546AS            SEA            ANC
N548AS            DEN            SEA
N549AS            ADQ            ADQ
N551AS            SEA            SEA
N552AS            SNA            BOS
N553AS            SEA            SNA
N556AS            SMF            MSP
N557AS            SAN            SEA
N560AS            SEA            PDX
N562AS            MSP            KOA
N564AS            ANC            SEA
N565AS            SEA            ANC
N568AS            LAX            SMF
N569AS            SAN            ANC
N570AS            SAN            SEA
N577AS            SEA            SAN
N579AS            KOA            LAS
N581AS            BOS            SFO
N586AS            PDX            BWI
N587AS            PHX            SNA
N589AS            JFK            LAX
N590AS            DCA            GEG
N592AS            ORD            ADQ
N593AS            LAS            ANC
N594AS            OAK            DEN
N596AS            SEA            SEA
N597AS            OGG            SAN
N607AS            ANC            ANC
N609AS            SIT            SEA
N611AS            SEA            SIT
N612AS            ANC            ANC
N613AS            RNO            KTN
N615AS            JNU            RNO
N618AS            ANC            ANC
N619AS            ANC            JNU
N622AS            SEA            JNU
N703AL            SEA            OGG
N705AL            LAX            SEA
N706AL            EWR            SEA
N707AL            EWR            SEA
N708AL            ORD            SFO
N709AL            TPA            SEA
N710AL            MSP            SEA
N712AL            LAX            SEA
N713AL            PDX            IAH
N716AL            MCO            MCO
N719AL            SEA            SFO
N720AL            BOS            SEA
N722AL            SEA            SEA
N723AL            DFW            ATL
N724AL            AUS            SEA
N725AL            SFO            DFW
N729AL            LAX            SEA
N731AL            MCO            SEA
N732AL            SEA            ONT
N733AL            PDX            SFO
N734AL            JFK            SEA
N738AL            SEA            SEA
N801AK            ANC            SEA
N803AK            JFK            JFK
N804AK            SEA            SEA
N805AK            LAX            SEA
N806AK            LAX            LAX
N809AK            SEA            ANC
N812AK            SFO            SFO
N813AK            SEA            LAX
N903AK            PDX            PDX
N912AK            SAN            EWR
N913AK            GEG            LAS
N915AK            SEA            PHX
N917AK            ONT            HNL
N918AK            RDU            LAS
N919AK            PHX            SEA
N920AK            ATL            SEA
N921AK            AUS            SEA
N924AK            EWR            ANC
N926AK            MSY            EWR
N928AK            DEN            SEA
N929AK            SEA            SEA
N931AK            PDX            SFO
N932AK            SFO            FAI
N933AK            ORD            ORD
N934AK            ANC            LAX
N935AK            SAN            SEA
N936AK            SEA            SEA
N938AK            LAX            SEA
N941AK            IAH            SEA
N942AK            ORD            SEA
N947AK            FAI            FAI
N948AK            LAX            LAX
N949AK            FAI            SEA
N952AK            SEA            SEA
N953AK            CVG            CVG
N954AK            PDX            DEN
N955AK            SFO            ANC
N956AK            PIT            SEA
N958AK            SAT            SEA
N960AK            BOS            SEA
N961AK            PHX            PDX
N962AK            SFO            LAX
N963AK            LAX            PDX
N964AK            IAH            LAX
N966AK            SFO            JFK
N967AK            LAX            PDX
N968AK            JFK            SEA
N969AK            PDX            JFK
N972AK            SFO            SEA
N973AK            ONT            SEA
N974AK            BOI            EWR
N975AK            LAS            SAT
N976AK            STL            SEA
N977AK            SEA            ORD
N978AK            IAD            IAD
N982AK            SEA            SAN
N983AK            ATL            AUS
N984AK            FAI            SEA
N985AK            DEN            LAX
N990AK            LAX            LAX
N407AS            SEA            SEA
N428AS            LAX            JNU
N468AS            DTW            ANC
N479AS            SEA            BNA
N563AS            GEG            SEA
N566AS            SFO            SFO
N588AS            ANC            LAX
N614AS            ANC            SEA
N946AK            BUR            LAX
N971AK            BUR            LAX
N979AK            SAN            SEA
