Objective:	7.75005e+08
Total CPU time:	00:44:20
================== Aircraft Recovery Schedule ==================
N214AK[30]
375(7/7IAD13:00---SEA18:47)
2025-Jul-07 19:17:00
2025-Jul-09 15:30:00
--------------------------------------------------------
N224AK[45]
2025-Jul-07 15:00:00
731-d0(7/7PHX17:00---PAE20:03)
732-d0(7/7PAE21:00---PHX00:03)
1238-d240(7/8PHX01:16---PDX03:59)
436-d30(7/8PDX05:07---BOS10:30)
459-d0(7/8BOS11:20---SEA17:38)
904-d0(7/8SEA18:23---BZN20:06)
905-d0(7/8BZN21:00---SEA22:59)
697001-d240(7/8SEA23:52---MSO01:17)
697-d240(7/9MSO02:13---SEA03:51)
445-d330(7/9SEA04:38---RNO06:29)
523-d330(7/9RNO07:17---SEA09:12)
547-d330(7/9SEA10:10---CLE14:41)
2025-Jul-09 15:45:00
--------------------------------------------------------
N236AK[55]
1258(7/7SEA14:00---SAN16:50)
2025-Jul-07 17:45:00
2025-Jul-09 15:55:00
--------------------------------------------------------
N237AK[55]
2025-Jul-07 15:00:00
2025-Jul-09 15:55:00
--------------------------------------------------------
N238AK[40]
1074(7/7PDX14:25---SAN17:00)
2025-Jul-07 17:40:00
2025-Jul-09 15:40:00
--------------------------------------------------------
N247AK[50]
512(7/7SFO14:00---AUS17:36)
2025-Jul-07 18:26:00
2025-Jul-09 15:50:00
--------------------------------------------------------
N248AK[30]
537(7/7BOS13:20---SEA19:35)
2025-Jul-07 20:05:00
2025-Jul-09 15:30:00
--------------------------------------------------------
N251AK[50]
2025-Jul-07 15:00:00
2025-Jul-09 15:50:00
--------------------------------------------------------
N253AK[35]
2025-Jul-07 15:00:00
2025-Jul-09 15:35:00
--------------------------------------------------------
N260AK[60]
2025-Jul-07 15:00:00
2025-Jul-09 16:00:00
--------------------------------------------------------
N264AK[30]
2025-Jul-07 15:00:00
2025-Jul-09 15:30:00
--------------------------------------------------------
N265AK[55]
541(7/7AUS12:37---PDX16:50)
2025-Jul-07 17:45:00
121-d0(7/7PDX17:53---BUR20:12)
122-d0(7/7BUR21:07---PDX23:25)
1455-d0(7/8PDX00:49---ANC04:40)
134-d330(7/8ANC06:00---SEA09:30)
161-d300(7/8SEA10:47---EUG12:01)
132-d0(7/8EUG13:00---SEA14:15)
1166-d0(7/8SEA15:10---SFO17:29)
1075-d0(7/8SFO18:25---SEA20:37)
312001-d330(7/8SEA21:36---OMA00:47)
312-d330(7/9OMA01:44---SEA05:24)
924-d60(7/9SEA06:48---RDM07:59)
2025-Jul-09 15:55:00
--------------------------------------------------------
N267AK[60]
2025-Jul-07 15:00:00
57-d0(7/7ANC16:00---FAI17:05)
234-d0(7/7FAI18:05---SEA21:43)
1046-d180(7/8SEA01:08---SJC03:17)
1047-d210(7/8SJC04:41---SEA06:48)
780-d300(7/8SEA07:59---ABQ10:59)
618-d0(7/8ABQ14:00---SEA17:15)
535001-d60(7/8SEA18:20---DEN21:07)
535-d90(7/8DEN22:33---SEA01:30)
1224-d0(7/9SEA02:55---LAX05:46)
1397-d360(7/9LAX07:07---PDX09:30)
2025-Jul-09 16:00:00
--------------------------------------------------------
N268AK[55]
413(7/7ORD12:00---PDX16:25)
2025-Jul-07 17:20:00
2025-Jul-09 15:55:00
--------------------------------------------------------
N270AK[45]
2025-Jul-07 15:00:00
1290001-d0(7/7SEA15:00---BUR17:36)
1290-d0(7/7BUR18:30---SEA21:08)
1198-d60(7/7SEA22:05---SAN00:55)
1297-d270(7/8SAN01:45---PDX04:19)
1370-d270(7/8PDX05:05---AUS09:12)
541-d0(7/8AUS12:37---PDX16:50)
757-d0(7/8PDX17:50---LAS20:09)
676-d0(7/8LAS21:04---SEA23:50)
932-d360(7/9SEA00:36---ABQ03:37)
933-d360(7/9ABQ04:31---SEA07:41)
1194-d360(7/9SEA08:54---SMF10:52)
2025-Jul-09 15:45:00
--------------------------------------------------------
N272AK[50]
2025-Jul-07 15:00:00
2025-Jul-09 15:50:00
--------------------------------------------------------
N273AK[45]
289(7/7EWR11:52---LAX17:46)
2025-Jul-07 18:31:00
2025-Jul-09 15:45:00
--------------------------------------------------------
N274AK[50]
2025-Jul-07 15:00:00
329-d0(7/7ORD15:00---SEA19:34)
71-d120(7/7SEA20:43---JNU23:19)
176-d120(7/8JNU00:15---SEA02:42)
1086-d330(7/8SEA03:55---ONT06:34)
1087-d330(7/8ONT07:28---SEA10:07)
959-d330(7/8SEA11:22---GEG12:29)
215-d0(7/8GEG16:45---SEA18:00)
405001-d240(7/8SEA19:11---OKC22:48)
405-d240(7/8OKC23:44---SEA03:38)
241-d210(7/9SEA04:40---MKE08:29)
2025-Jul-09 15:50:00
--------------------------------------------------------
N275AK[55]
683(7/7ORD13:00---SEA17:39)
2025-Jul-07 18:34:00
658-d0(7/7SEA19:18---LAS22:02)
634-d30(7/7LAS23:09---SFO00:50)
534-d300(7/8SFO01:59---AUS05:45)
513-d300(7/8AUS06:45---SFO10:29)
912-d0(7/8SFO14:20---SAN16:02)
1259-d0(7/8SAN17:00---SEA20:00)
63-d180(7/8SEA21:20---SIT23:44)
58-d180(7/9SIT00:40---SEA03:00)
960-d210(7/9SEA04:13---GEG05:20)
965-d240(7/9GEG06:44---SEA08:00)
780-d360(7/9SEA08:59---ABQ11:59)
2025-Jul-09 15:55:00
--------------------------------------------------------
N277AK[45]
2025-Jul-07 15:00:00
2025-Jul-09 15:45:00
--------------------------------------------------------
N280AK[55]
1089(7/7LAS14:05---PDX16:24)
2025-Jul-07 17:19:00
2025-Jul-09 15:55:00
--------------------------------------------------------
N281AK[30]
2025-Jul-07 15:00:00
2025-Jul-09 15:30:00
--------------------------------------------------------
N282AK[60]
2025-Jul-07 15:00:00
2025-Jul-09 16:00:00
--------------------------------------------------------
N283AK[50]
2025-Jul-07 15:00:00
2025-Jul-09 15:50:00
--------------------------------------------------------
N284AK[40]
943(7/7RDM13:00---SEA14:14)
516(7/7SEA14:55---FLL20:52)
2025-Jul-07 21:32:00
2025-Jul-09 15:40:00
--------------------------------------------------------
N285AK[30]
383(7/7BNA12:00---SEA17:06)
2025-Jul-07 17:36:00
2025-Jul-09 15:30:00
--------------------------------------------------------
N287AK[55]
139(7/7ORD14:30---ANC21:15)
2025-Jul-07 22:10:00
2025-Jul-09 15:55:00
--------------------------------------------------------
N288AK[55]
2025-Jul-07 15:00:00
479-d0(7/7LAS15:00---SEA17:40)
700-d0(7/7SEA20:35---PHX23:29)
611-d0(7/8PHX00:29---SEA03:35)
547-d0(7/8SEA04:40---CLE09:11)
548-d0(7/8CLE11:00---SEA16:09)
N288AK_SEA-17:09/20:09-d0(7/8SEA17:09---7/8 20:09)
1150001-d30(7/8SEA20:18---BUR22:49)
1150-d30(7/8BUR23:44---SEA02:24)
941-d240(7/9SEA03:25---ORD07:30)
2025-Jul-09 15:55:00
--------------------------------------------------------
N290AK[30]
358(7/7PDX14:00---BOS19:25)
2025-Jul-07 19:55:00
2025-Jul-09 15:30:00
--------------------------------------------------------
N291BT[30]
627(7/7TPA11:00---SEA17:06)
2025-Jul-07 17:36:00
2025-Jul-09 15:30:00
--------------------------------------------------------
N292AK[45]
473(7/7STL11:41---SEA16:10)
2025-Jul-07 16:55:00
1108-d0(7/7SEA16:58---SAN19:49)
1097-d0(7/7SAN20:45---SEA23:45)
1098-d30(7/8SEA01:29---SAN04:24)
735-d270(7/8SAN05:21---SEA08:20)
1039-d270(7/8SEA09:15---GEG10:28)
966-d0(7/8GEG13:00---SEA14:15)
648-d0(7/8SEA15:00---TUS18:10)
641-d0(7/8TUS19:06---SEA22:20)
1300-d120(7/8SEA23:10---LAX01:58)
193-d0(7/9LAX02:45---ANC08:08)
172-d120(7/9ANC09:13---PHX14:45)
2025-Jul-09 15:45:00
--------------------------------------------------------
N293AK[60]
2025-Jul-07 15:00:00
23-d0(7/7JFK17:00---SEA23:08)
620001-d240(7/8SEA01:03---DEN03:44)
620-d300(7/8DEN04:50---SEA07:50)
1004-d360(7/8SEA08:59---GEG10:09)
963-d0(7/8GEG14:00---SEA15:14)
79-d90(7/8SEA16:30---ANC20:06)
198-d270(7/8ANC21:35---PDX01:14)
1204-d270(7/9PDX02:19---SAN04:52)
1294-d300(7/9SAN06:18---PDX08:50)
2025-Jul-09 16:00:00
--------------------------------------------------------
N294AK[50]
281(7/7BNA14:00---SEA19:03)
2025-Jul-07 19:53:00
2025-Jul-09 15:50:00
--------------------------------------------------------
N296AK[50]
2025-Jul-07 15:00:00
738-d0(7/7SEA17:40---LAS20:19)
756-d0(7/7LAS21:13---PDX23:35)
1176-d0(7/8PDX00:30---PHX03:20)
141-d90(7/8PHX04:27---ANC10:18)
172-d240(7/8ANC11:13---PHX16:45)
645-d210(7/8PHX17:35---SEA20:39)
313001-d360(7/8SEA21:30---DTW01:50)
313-d360(7/9DTW02:46---SEA07:45)
22-d180(7/9SEA08:41---JFK14:02)
2025-Jul-09 15:50:00
--------------------------------------------------------
N297AK[35]
2025-Jul-07 15:00:00
2025-Jul-09 15:35:00
--------------------------------------------------------
N298AK[55]
533(7/7ATL13:30---SEA18:51)
2025-Jul-07 19:46:00
2025-Jul-09 15:55:00
--------------------------------------------------------
N307AS[60]
168(7/7FAI08:14---SEA12:00)
2025-Jul-07 15:00:00
612-d0(7/7SEA15:46---LAS18:25)
785-d0(7/7LAS19:40---SEA22:24)
1284-d150(7/8SEA01:14---SFO03:27)
1065-d180(7/8SFO04:53---SEA07:11)
2025-Jul-09 16:00:00
--------------------------------------------------------
N309AS[30]
2025-Jul-07 15:00:00
185-d0(7/8SEA05:55---JNU08:25)
42-d0(7/8JNU09:55---SEA12:23)
1306-d0(7/8SEA15:00---LAX17:49)
1305-d0(7/8LAX18:55---SEA21:39)
962-d0(7/8SEA23:03---GEG00:13)
964-d0(7/9GEG01:07---SEA02:21)
205-d30(7/9SEA03:06---JNU05:35)
2025-Jul-09 15:30:00
--------------------------------------------------------
N318AS[40]
2025-Jul-07 15:00:00
215-d0(7/7GEG17:03---SEA18:18)
722-d0(7/7SEA19:27---PHX22:30)
975-d30(7/7PHX23:17---SEA02:22)
1194-d30(7/8SEA03:24---SMF05:22)
1217-d0(7/8SMF13:15---SEA15:15)
2025-Jul-09 15:40:00
--------------------------------------------------------
N402AS[60]
1041(7/7BUR14:00---SEA16:37)
2025-Jul-07 17:37:00
2025-Jul-09 16:00:00
--------------------------------------------------------
N403AS[50]
188(7/7ANC13:00---SEA16:30)
2025-Jul-07 17:20:00
2025-Jul-09 15:50:00
--------------------------------------------------------
N408AS[55]
2025-Jul-07 15:00:00
2025-Jul-09 15:55:00
--------------------------------------------------------
N409AS[55]
150(7/7ANC08:34---LAX13:55)
2025-Jul-07 15:00:00
2025-Jul-09 15:55:00
--------------------------------------------------------
N413AS[40]
324(7/7PDX14:02---ORD18:07)
2025-Jul-07 18:47:00
2025-Jul-09 15:40:00
--------------------------------------------------------
N419AS[60]
2025-Jul-07 15:00:00
2025-Jul-09 16:00:00
--------------------------------------------------------
N423AS[30]
446(7/7PHL10:45---SEA16:42)
2025-Jul-07 17:12:00
2025-Jul-09 15:30:00
--------------------------------------------------------
N431AS[55]
292(7/7SFO14:54---EWR20:29)
2025-Jul-07 21:24:00
2025-Jul-09 15:55:00
--------------------------------------------------------
N433AS[45]
2025-Jul-07 15:00:00
2025-Jul-09 15:45:00
--------------------------------------------------------
N434AS[40]
408(7/7SEA13:00---ORD17:07)
2025-Jul-07 17:47:00
2025-Jul-09 15:40:00
--------------------------------------------------------
N435AS[55]
920(7/7RDU11:36---SEA17:30)
2025-Jul-07 18:25:00
2025-Jul-09 15:55:00
--------------------------------------------------------
N440AS[30]
459(7/7BOS11:20---SEA17:38)
2025-Jul-07 18:08:00
2025-Jul-09 15:30:00
--------------------------------------------------------
N442AS[55]
542(7/7SEA07:25---DFW11:20)
365(7/7DFW14:00---SEA18:27)
2025-Jul-07 19:22:00
733-d30(7/7SEA19:40---SLC21:46)
796-d330(7/7SLC22:42---SEA00:58)
590-d150(7/8SEA02:12---SFO04:23)
922-d90(7/8SFO05:19---SEA07:32)
167-d360(7/8SEA08:50---FAI12:36)
168-d330(7/8FAI13:44---SEA17:30)
1112-d0(7/8SEA18:31---SFO20:47)
1225-d0(7/8SFO21:45---SEA23:54)
688-d60(7/9SEA00:59---LAS03:34)
634-d360(7/9LAS04:39---SFO06:20)
922-d210(7/9SFO07:19---SEA09:32)
161-d300(7/9SEA10:47---EUG12:01)
2025-Jul-09 15:55:00
--------------------------------------------------------
N448AS[45]
242(7/7MKE11:30---SEA15:53)
2025-Jul-07 16:38:00
2025-Jul-09 15:45:00
--------------------------------------------------------
N453AS[50]
42(7/7JNU09:55---SEA12:23)
2025-Jul-07 15:00:00
2025-Jul-09 15:50:00
--------------------------------------------------------
N457AS[45]
606(7/7SEA14:55---PHX17:52)
2025-Jul-07 18:37:00
2025-Jul-09 15:45:00
--------------------------------------------------------
N459AS[50]
1063(7/7BUR14:20---PDX16:37)
2025-Jul-07 17:27:00
2025-Jul-09 15:50:00
--------------------------------------------------------
N462AS[30]
2025-Jul-07 15:00:00
2025-Jul-09 15:30:00
--------------------------------------------------------
N464AS[55]
453(7/7IAH11:00---SEA15:40)
2025-Jul-07 16:35:00
2025-Jul-09 15:55:00
--------------------------------------------------------
N467AS[40]
132(7/7EUG13:00---SEA14:15)
2025-Jul-07 15:00:00
2025-Jul-09 15:40:00
--------------------------------------------------------
N469AS[30]
1130(7/7GEG14:00---SAN16:47)
2025-Jul-07 17:17:00
2025-Jul-09 15:30:00
--------------------------------------------------------
N471AS[60]
643(7/7DEN12:00---SEA15:01)
2025-Jul-07 16:01:00
502-d0(7/7SEA16:03---AUS20:11)
518-d0(7/7AUS21:11---SFO00:57)
591-d150(7/8SFO02:14---SEA04:24)
205-d180(7/8SEA05:36---JNU08:05)
70001-d180(7/8JNU09:15---SIT09:59)
73001-d0(7/8SIT14:00---JNU14:44)
142-d60(7/8JNU16:08---SEA18:36)
1133-d180(7/8SEA20:03---SMF22:03)
1281-d210(7/8SMF23:27---SEA01:24)
1054-d30(7/9SEA02:25---LAX05:12)
1301-d360(7/9LAX06:15---SEA09:00)
380-d330(7/9SEA10:15---DTW14:35)
2025-Jul-09 16:00:00
--------------------------------------------------------
N472AS[50]
35(7/7JFK14:00---SAN19:52)
2025-Jul-07 20:42:00
2025-Jul-09 15:50:00
--------------------------------------------------------
N474AS[40]
942(7/7ORD11:00---SEA15:37)
2025-Jul-07 16:17:00
2025-Jul-09 15:40:00
--------------------------------------------------------
N477AS[60]
963(7/7GEG14:00---SEA15:14)
2025-Jul-07 16:14:00
2025-Jul-09 16:00:00
--------------------------------------------------------
N478AS[40]
2025-Jul-07 15:00:00
2025-Jul-09 15:40:00
--------------------------------------------------------
N481AS[60]
18(7/7PDX14:20---JFK19:45)
2025-Jul-07 20:45:00
31-d0(7/7JFK20:45---SEA03:10)
115-d0(7/8SEA04:59---FAI08:49)
156-d0(7/8FAI10:09---SEA13:44)
1290001-d0(7/8SEA15:00---BUR17:36)
1290-d30(7/8BUR19:00---SEA21:38)
600-d0(7/8SEA22:42---LAS01:16)
779-d60(7/9LAS02:31---PDX04:50)
1122-d330(7/9PDX06:00---SAN08:33)
1020-d300(7/9SAN09:50---MCO15:00)
2025-Jul-09 16:00:00
--------------------------------------------------------
N483AS[60]
54(7/7ANC09:29---SEA13:00)
N483AS_SEA-13:00/16:00(7/7SEA13:00---7/7 16:00)
2025-Jul-07 16:00:00
2025-Jul-09 16:00:00
--------------------------------------------------------
N486AS[50]
2025-Jul-07 15:00:00
1255-d0(7/7SMF15:13---SEA17:15)
101-d60(7/7SEA18:12---KTN20:17)
102-d60(7/7KTN21:13---SEA23:15)
357001-d270(7/8SEA01:05---MCI04:31)
357-d270(7/8MCI05:26---SEA09:26)
980-d360(7/8SEA10:40---SFO12:59)
1113-d0(7/8SFO16:15---SEA18:30)
1017-d60(7/8SEA19:20---PDX20:23)
836-d0(7/8PDX21:30---SFO23:22)
591-d30(7/9SFO00:14---SEA02:24)
509-d300(7/9SEA03:15---SLC05:18)
510-d300(7/9SLC06:12---SEA08:30)
360-d210(7/9SEA09:28---TPA14:55)
2025-Jul-09 15:50:00
--------------------------------------------------------
N487AS[55]
546(7/7IND10:30---SEA15:19)
2025-Jul-07 16:14:00
2025-Jul-09 15:55:00
--------------------------------------------------------
N491AS[45]
316(7/7CMH11:00---SEA16:05)
2025-Jul-07 16:50:00
2025-Jul-09 15:45:00
--------------------------------------------------------
N492AS[60]
974(7/7SAN14:00---PDX16:35)
2025-Jul-07 17:35:00
2025-Jul-09 16:00:00
--------------------------------------------------------
N493AS[55]
430(7/7SEA14:14---SLC16:16)
2025-Jul-07 17:11:00
2025-Jul-09 15:55:00
--------------------------------------------------------
N494AS[45]
2025-Jul-07 15:00:00
2025-Jul-09 15:45:00
--------------------------------------------------------
N495AS[60]
2025-Jul-07 15:00:00
1073-d0(7/7SAN17:50---PDX20:28)
1161-d240(7/7PDX21:30---PHX00:16)
662-d30(7/8PHX01:35---PDX04:18)
1062-d270(7/8PDX05:34---BUR07:53)
1041-d0(7/8BUR14:00---SEA16:37)
934001-d0(7/8SEA18:20---EUG19:36)
934-d30(7/8EUG21:00---SEA22:18)
1216-d270(7/8SEA23:31---SMF01:31)
1358-d300(7/9SMF02:56---SEA04:54)
1098-d300(7/9SEA05:59---SAN08:54)
1067-d360(7/9SAN09:59---GEG12:44)
2025-Jul-09 16:00:00
--------------------------------------------------------
N506AS[45]
799(7/7PHX13:00---SEA16:04)
2025-Jul-07 16:49:00
2025-Jul-09 15:45:00
--------------------------------------------------------
N508AS[50]
2025-Jul-07 15:00:00
2025-Jul-09 15:50:00
--------------------------------------------------------
N512AS[55]
2025-Jul-07 15:00:00
2025-Jul-09 15:55:00
--------------------------------------------------------
N513AS[55]
2025-Jul-07 15:00:00
2025-Jul-09 15:55:00
--------------------------------------------------------
N514AS[50]
1293(7/7LAX13:00---SEA15:50)
2025-Jul-07 16:40:00
149-d0(7/7SEA16:50---ANC20:26)
66-d0(7/7ANC21:26---CDV22:21)
66001-d0(7/7CDV23:13---YAK00:13)
66003-d0(7/8YAK01:05---JNU02:03)
66002-d0(7/8JNU02:55---SEA05:23)
N514AS_SEA-07:45/10:45-d0(7/8SEA07:45---7/8 10:45)
1226-d0(7/8SEA14:00---SJC16:08)
1311001-d0(7/8SJC17:00---SEA19:13)
620001-d0(7/8SEA20:13---DEN22:54)
620-d0(7/8DEN23:50---SEA02:50)
1125-d240(7/9SEA03:47---SLC05:50)
719-d240(7/9SLC06:44---SEA09:07)
144-d180(7/9SEA09:59---ANC13:39)
2025-Jul-09 15:50:00
--------------------------------------------------------
N516AS[55]
1148(7/7SEA14:20---SNA17:15)
2025-Jul-07 18:10:00
2025-Jul-09 15:55:00
--------------------------------------------------------
N517AS[55]
2025-Jul-07 15:00:00
2025-Jul-09 15:55:00
--------------------------------------------------------
N518AS[60]
302(7/7ANC09:44---PDX13:20)
867(7/7PDX14:56---KOA20:50)
2025-Jul-07 21:50:00
2025-Jul-09 16:00:00
--------------------------------------------------------
N519AS[40]
349(7/7BWI11:51---SEA17:40)
2025-Jul-07 18:20:00
2025-Jul-09 15:40:00
--------------------------------------------------------
N520AS[50]
645(7/7PHX14:05---SEA17:09)
2025-Jul-07 17:59:00
2025-Jul-09 15:50:00
--------------------------------------------------------
N523AS[50]
15(7/7DCA12:59---SAN18:20)
2025-Jul-07 19:10:00
1137-d0(7/7SAN19:12---SEA22:10)
1018-d330(7/8SEA01:18---BOI02:51)
947-d360(7/8BOI04:00---PDX05:21)
278-d360(7/8PDX06:40---LAX09:15)
1055-d360(7/8LAX10:15---SEA13:06)
1148-d0(7/8SEA14:20---SNA17:15)
1299-d0(7/8SNA18:10---PDX20:34)
1084-d240(7/8PDX21:30---SNA00:03)
1191-d180(7/9SNA01:02---SEA03:48)
1321-d270(7/9SEA04:38---STS06:39)
1321001-d270(7/9STS07:31---SEA09:37)
1152-d360(7/9SEA10:44---OAK13:01)
2025-Jul-09 15:50:00
--------------------------------------------------------
N525AS[40]
21(7/7JFK11:00---SEA17:13)
2025-Jul-07 17:53:00
2025-Jul-09 15:40:00
--------------------------------------------------------
N526AS[50]
210(7/7FAI13:52---SEA17:40)
2025-Jul-07 18:30:00
1190-d150(7/7SEA18:30---SNA21:19)
740-d150(7/7SNA22:12---SFO23:40)
929-d150(7/8SFO00:35---PDX02:20)
1235-d360(7/8PDX03:34---DEN06:10)
1131-d360(7/8DEN07:06---PDX09:50)
728-d360(7/8PDX10:40---LAS12:59)
701-d60(7/8LAS14:00---SEA16:45)
1256-d30(7/8SEA17:51---PSP20:45)
582-d30(7/8PSP21:40---SEA00:30)
1257-d180(7/9SEA01:38---SNA04:26)
1085-d240(7/9SNA05:17---PDX07:39)
1158-d360(7/9PDX08:48---SNA11:18)
2025-Jul-09 15:50:00
--------------------------------------------------------
N527AS[50]
2025-Jul-07 15:00:00
2025-Jul-09 15:50:00
--------------------------------------------------------
N529AS[60]
869(7/7SJC14:00---KOA19:30)
2025-Jul-07 20:30:00
808-d0(7/7KOA20:30---SEA02:22)
1321-d210(7/8SEA03:38---STS05:39)
1321001-d240(7/8STS07:01---SEA09:07)
1292-d360(7/8SEA10:07---LAX12:59)
504-d0(7/8LAX14:00---SEA16:47)
149-d60(7/8SEA17:50---ANC21:26)
66-d60(7/8ANC22:26---CDV23:21)
66001-d90(7/9CDV00:43---YAK01:43)
66003-d120(7/9YAK03:05---JNU04:03)
67-d30(7/9JNU05:10---ANC06:58)
109-d60(7/9ANC08:26---ORD14:40)
2025-Jul-09 16:00:00
--------------------------------------------------------
N530AS[60]
2025-Jul-07 15:00:00
2025-Jul-09 16:00:00
--------------------------------------------------------
N531AS[45]
2025-Jul-07 15:00:00
2025-Jul-09 15:45:00
--------------------------------------------------------
N532AS[60]
1109(7/7SEA13:00---SAN15:53)
2025-Jul-07 16:53:00
2025-Jul-09 16:00:00
--------------------------------------------------------
N535AS[50]
1151(7/7OAK14:00---SEA16:07)
2025-Jul-07 16:57:00
2025-Jul-09 15:50:00
--------------------------------------------------------
N536AS[45]
1(7/7DCA12:00---SEA17:56)
2025-Jul-07 18:41:00
2025-Jul-09 15:45:00
--------------------------------------------------------
N537AS[50]
1124(7/7LAX14:00---PDX16:23)
2025-Jul-07 17:13:00
2025-Jul-09 15:50:00
--------------------------------------------------------
N538AS[55]
2025-Jul-07 15:00:00
2025-Jul-09 15:55:00
--------------------------------------------------------
N546AS[45]
2025-Jul-07 15:00:00
2025-Jul-09 15:45:00
--------------------------------------------------------
N548AS[35]
2025-Jul-07 15:00:00
2025-Jul-09 15:35:00
--------------------------------------------------------
N549AS[50]
2025-Jul-07 15:00:00
231-d0(7/7ANC15:10---ADQ16:11)
232-d0(7/7ADQ17:03---ANC18:01)
43-d0(7/7ANC19:28---BET20:50)
44-d30(7/7BET21:41---ANC23:04)
155-d30(7/8ANC00:02---OME01:39)
155001-d30(7/8OME02:29---ANC04:03)
47-d0(7/8ANC15:15---SEA18:52)
175-d0(7/8SEA19:55---ANC23:27)
177-d0(7/9ANC02:30---ADQ03:30)
2025-Jul-09 15:50:00
--------------------------------------------------------
N551AS[55]
2025-Jul-07 15:00:00
2025-Jul-09 15:55:00
--------------------------------------------------------
N552AS[30]
981(7/7SFO13:00---SEA15:04)
2025-Jul-07 15:34:00
79-d60(7/7SEA16:00---ANC19:36)
137-d210(7/7ANC20:25---OTZ22:02)
137001-d210(7/7OTZ22:54---ANC00:24)
89-d180(7/8ANC00:54---ADQ01:57)
88-d180(7/8ADQ02:49---ANC03:49)
45-d150(7/8ANC04:19---BET05:39)
46-d150(7/8BET06:29---ANC07:48)
302-d0(7/8ANC09:44---PDX13:20)
1298-d0(7/8PDX14:00---SNA16:31)
1149-d120(7/8SNA17:02---SEA19:56)
1018-d60(7/8SEA20:31---BOI22:04)
947-d60(7/8BOI23:00---PDX00:21)
1295-d0(7/9PDX00:55---SFO02:48)
929-d330(7/9SFO03:35---PDX05:20)
1162-d90(7/9PDX06:00---SAN08:35)
259-d210(7/9SAN09:15---BOS15:00)
2025-Jul-09 15:30:00
--------------------------------------------------------
N553AS[45]
1298(7/7PDX14:00---SNA16:31)
2025-Jul-07 17:16:00
2025-Jul-09 15:45:00
--------------------------------------------------------
N556AS[45]
1181(7/7SNA14:00---PDX16:30)
2025-Jul-07 17:15:00
1084-d0(7/7PDX17:30---SNA20:03)
1159-d0(7/7SNA20:51---PDX23:15)
1100-d150(7/8PDX00:25---SNA02:57)
774-d0(7/8SNA04:15---SEA07:05)
N556AS_SEA-07:06/11:06-d0(7/8SEA07:06---7/8 11:06)
1109-d0(7/8SEA13:00---SAN15:53)
1071-d90(7/8SAN16:45---SEA19:48)
1118-d120(7/8SEA21:00---ONT23:46)
1119-d120(7/9ONT01:00---SEA03:40)
133-d30(7/9SEA04:25---ANC08:04)
59-d150(7/9ANC09:05---MSP14:30)
2025-Jul-09 15:45:00
--------------------------------------------------------
N557AS[60]
701(7/7LAS13:00---SEA15:45)
2025-Jul-07 16:45:00
2025-Jul-09 16:00:00
--------------------------------------------------------
N560AS[60]
2025-Jul-07 15:00:00
2025-Jul-09 16:00:00
--------------------------------------------------------
N562AS[50]
2025-Jul-07 15:00:00
2025-Jul-09 15:50:00
--------------------------------------------------------
N564AS[45]
1325(7/7SNA13:45---SEA16:42)
2025-Jul-07 17:27:00
2025-Jul-09 15:45:00
--------------------------------------------------------
N565AS[45]
173(7/7SEA13:00---ANC16:40)
2025-Jul-07 17:25:00
2025-Jul-09 15:45:00
--------------------------------------------------------
N568AS[60]
2025-Jul-07 15:00:00
1071-d0(7/7SAN15:59---SEA19:02)
908-d120(7/7SEA20:30---PSC21:39)
909-d150(7/7PSC23:00---SEA00:08)
1042001-d120(7/8SEA01:17---SBP03:43)
1042-d150(7/8SBP05:05---SEA07:37)
1288-d360(7/8SEA08:41---SNA11:30)
1181-d0(7/8SNA14:00---PDX16:30)
128-d0(7/8PDX17:30---SFO19:24)
739-d150(7/8SFO20:30---SNA22:10)
1061-d180(7/8SNA23:30---SEA02:15)
1042001-d240(7/9SEA03:17---SBP05:43)
1042-d270(7/9SBP07:05---SEA09:37)
1230-d360(7/9SEA10:45---SMF12:45)
2025-Jul-09 16:00:00
--------------------------------------------------------
N569AS[40]
790(7/7SFO14:00---LIH19:47)
2025-Jul-07 20:27:00
840-d0(7/7LIH20:47---SEA02:32)
67002-d300(7/8SEA03:33---KTN05:40)
67001-d300(7/8KTN06:25---SIT07:20)
67003-d300(7/8SIT08:08---JNU08:52)
67-d300(7/8JNU09:40---ANC11:28)
62-d0(7/8ANC14:45---JNU16:28)
62001-d0(7/8JNU17:20---SIT18:05)
62003-d0(7/8SIT18:57---KTN19:58)
62002-d0(7/8KTN20:48---SEA22:47)
67002-d60(7/8SEA23:33---KTN01:40)
67001-d60(7/9KTN02:25---SIT03:20)
67003-d60(7/9SIT04:08---JNU04:52)
66002-d180(7/9JNU05:55---SEA08:23)
498-d180(7/9SEA09:03---PDX09:59)
197001-d360(7/9PDX10:40---ANC14:24)
2025-Jul-09 15:40:00
--------------------------------------------------------
N570AS[60]
2025-Jul-07 15:00:00
2025-Jul-09 16:00:00
--------------------------------------------------------
N577AS[50]
260(7/7BOS12:40---SAN18:50)
2025-Jul-07 19:40:00
2025-Jul-09 15:50:00
--------------------------------------------------------
N579AS[50]
1316(7/7SEA13:00---LAX15:50)
2025-Jul-07 16:40:00
6-d0(7/7LAX20:31---DCA01:42)
3-d330(7/8DCA02:32---SEA08:30)
1050-d360(7/8SEA09:26---SFO11:40)
981-d0(7/8SFO13:00---SEA15:04)
1254-d30(7/8SEA15:57---ONT18:35)
1111-d30(7/8ONT19:30---SEA22:08)
N579AS_SEA-22:47/01:47-d0(7/8SEA22:47---7/9 01:47)
1163-d60(7/9SEA01:59---DEN04:47)
1131-d300(7/9DEN06:06---PDX08:50)
728-d300(7/9PDX09:40---LAS11:59)
2025-Jul-09 15:50:00
--------------------------------------------------------
N581AS[50]
526(7/7PDX14:04---SFO15:53)
2025-Jul-07 16:43:00
2025-Jul-09 15:50:00
--------------------------------------------------------
N586AS[50]
62(7/7ANC14:45---JNU16:28)
2025-Jul-07 17:18:00
62001-d0(7/7JNU17:37---SIT18:22)
62003-d0(7/7SIT19:19---KTN20:20)
62002-d90(7/7KTN22:18---SEA00:17)
92-d240(7/8SEA01:33---KTN03:41)
94-d240(7/8KTN04:35---SEA06:35)
542-d0(7/8SEA07:25---DFW11:20)
303-d0(7/8DFW12:25---PDX16:28)
1101-d210(7/8PDX17:30---LAS19:49)
629-d210(7/8LAS20:44---SEA23:28)
357001-d240(7/9SEA00:35---MCI04:01)
357-d240(7/9MCI04:56---SEA08:56)
344-d270(7/9SEA09:50---BWI14:51)
2025-Jul-09 15:50:00
--------------------------------------------------------
N587AS[45]
2025-Jul-07 15:00:00
2025-Jul-09 15:45:00
--------------------------------------------------------
N589AS[60]
2025-Jul-07 15:00:00
2025-Jul-09 16:00:00
--------------------------------------------------------
N590AS[55]
5(7/7DCA13:59---LAX19:33)
2025-Jul-07 20:28:00
1289-d0(7/8LAX03:10---SEA06:06)
228-d240(7/8SEA07:25---ANC11:04)
148-d210(7/8ANC11:59---SEA15:30)
1082-d150(7/8SEA16:30---SFO18:41)
1043-d360(7/8SFO20:00---SEA22:05)
908-d270(7/8SEA23:00---PSC00:09)
909-d300(7/9PSC01:30---SEA02:38)
1288-d60(7/9SEA03:41---SNA06:30)
1203-d330(7/9SNA07:44---SEA10:37)
959-d360(7/9SEA11:52---GEG12:59)
2025-Jul-09 15:55:00
--------------------------------------------------------
N592AS[45]
2025-Jul-07 15:00:00
2025-Jul-09 15:45:00
--------------------------------------------------------
N593AS[50]
393(7/7LAS14:00---PAE16:40)
2025-Jul-07 17:30:00
385-d0(7/7PAE17:40---PHX20:43)
396-d0(7/7PHX21:43---PAE00:44)
391-d0(7/8PAE01:44---LAS04:17)
599-d270(7/8LAS05:15---SEA08:00)
119-d180(7/8SEA08:59---ANC12:39)
593-d30(7/8ANC13:35---PDX17:12)
863-d60(7/8PDX18:30---GEG19:41)
864-d60(7/8GEG20:36---PDX21:48)
775-d300(7/8PDX22:42---ANC02:26)
181-d270(7/9ANC03:36---DLG04:51)
182001-d270(7/9DLG05:45---ANC06:52)
45-d360(7/9ANC07:49---BET09:09)
46-d360(7/9BET09:59---ANC11:18)
2025-Jul-09 15:50:00
--------------------------------------------------------
N594AS[55]
1136001(7/7PDX14:00---DEN16:37)
2025-Jul-07 17:32:00
2025-Jul-09 15:55:00
--------------------------------------------------------
N596AS[45]
966(7/7GEG13:00---SEA14:15)
2025-Jul-07 15:00:00
2025-Jul-09 15:45:00
--------------------------------------------------------
N597AS[55]
2025-Jul-07 15:00:00
2025-Jul-09 15:55:00
--------------------------------------------------------
N607AS[40]
186(7/7JNU13:00---SEA15:28)
2025-Jul-07 16:08:00
1051-d0(7/7SEA16:50---BUR19:26)
1038-d0(7/7BUR20:20---SEA22:59)
1146-d90(7/8SEA01:29---SAN04:19)
1294-d240(7/8SAN05:18---PDX07:50)
197-d240(7/8PDX08:50---ANC12:34)
231-d0(7/8ANC15:10---ADQ16:11)
232-d0(7/8ADQ17:03---ANC18:01)
43-d0(7/8ANC18:59---BET20:21)
44-d0(7/8BET21:11---ANC22:34)
155-d0(7/8ANC23:32---OME01:09)
155001-d0(7/9OME01:59---ANC03:33)
86-d270(7/9ANC04:15---SCC06:01)
87-d270(7/9SCC06:45---ANC08:30)
2025-Jul-09 15:40:00
--------------------------------------------------------
N609AS[40]
931(7/7RNO14:00---SEA15:56)
2025-Jul-07 16:36:00
2025-Jul-09 15:40:00
--------------------------------------------------------
N611AS[40]
55(7/7ANC13:45---SCC15:30)
2025-Jul-07 16:10:00
55001-d0(7/7SCC16:14---ANC17:58)
108-d30(7/7ANC18:52---FAI19:57)
140-d30(7/7FAI20:47---SEA00:30)
95-d270(7/8SEA01:10---JNU03:42)
84-d150(7/8JNU04:25---ANC06:13)
55-d0(7/8ANC13:45---SCC15:30)
55001-d0(7/8SCC16:14---ANC17:58)
64-d0(7/8ANC18:50---JNU20:33)
60-d360(7/8JNU21:14---KTN22:15)
60001-d360(7/8KTN23:00---SEA01:03)
95-d330(7/9SEA02:10---JNU04:42)
70001-d0(7/9JNU06:15---SIT06:59)
2025-Jul-09 15:40:00
--------------------------------------------------------
N612AS[50]
2025-Jul-07 15:00:00
198-d0(7/7ANC17:05---PDX20:44)
775-d240(7/7PDX21:42---ANC01:26)
86-d180(7/8ANC02:45---SCC04:31)
87-d210(7/8SCC05:45---ANC07:30)
82-d0(7/8ANC14:00---SEA17:31)
72-d90(7/8SEA18:25---JNU20:56)
61001-d270(7/8JNU21:49---YAK22:48)
61003-d270(7/8YAK23:38---CDV00:39)
61-d270(7/9CDV01:29---ANC02:30)
89-d330(7/9ANC03:24---ADQ04:27)
88-d330(7/9ADQ05:19---ANC06:19)
2025-Jul-09 15:50:00
--------------------------------------------------------
N613AS[40]
148(7/7ANC08:29---SEA12:00)
65003(7/7SEA14:00---KTN16:04)
2025-Jul-07 16:44:00
2025-Jul-09 15:40:00
--------------------------------------------------------
N615AS[45]
2025-Jul-07 15:00:00
60-d0(7/7JNU15:14---KTN16:15)
65001-d30(7/7KTN17:19---WRG17:58)
65004-d30(7/7WRG18:43---PSG19:14)
65002-d30(7/7PSG19:59---JNU20:49)
64001-d30(7/7JNU21:51---PSG22:37)
64003-d30(7/7PSG23:22---WRG23:55)
64004-d30(7/8WRG00:40---KTN01:25)
64002-d30(7/8KTN02:10---SEA04:05)
69001-d210(7/8SEA05:05---KTN07:14)
69-d210(7/8KTN07:59---JNU09:00)
186-d0(7/8JNU13:00---SEA15:28)
65003-d150(7/8SEA16:30---KTN18:34)
65001-d150(7/8KTN19:19---WRG19:58)
65004-d150(7/8WRG20:43---PSG21:14)
65002-d150(7/8PSG21:59---JNU22:49)
157-d0(7/9JNU00:02---GST00:41)
77-d0(7/9GST01:35---JNU02:14)
64001-d360(7/9JNU03:21---PSG04:07)
64003-d360(7/9PSG04:52---WRG05:25)
64004-d360(7/9WRG06:10---KTN06:55)
64002-d360(7/9KTN07:40---SEA09:35)
736-d360(7/9SEA10:40---RNO12:35)
2025-Jul-09 15:45:00
--------------------------------------------------------
N618AS[50]
593(7/7ANC13:05---PDX16:42)
2025-Jul-07 17:32:00
1204-d0(7/7PDX21:49---SAN00:22)
1110-d0(7/8SAN03:45---SEA06:51)
736-d210(7/8SEA08:10---RNO10:05)
931-d0(7/8RNO14:00---SEA15:56)
1051-d0(7/8SEA16:50---BUR19:26)
1038-d0(7/8BUR20:20---SEA22:59)
1328-d330(7/9SEA00:01---OAK02:14)
1247-d330(7/9OAK03:08---SEA05:08)
97-d330(7/9SEA06:10---FAI09:55)
192-d330(7/9FAI10:55---ANC12:02)
2025-Jul-09 15:50:00
--------------------------------------------------------
N619AS[40]
61002(7/7SEA14:00---JNU16:29)
2025-Jul-07 17:09:00
2025-Jul-09 15:40:00
--------------------------------------------------------
N622AS[45]
73001(7/7SIT14:00---JNU14:44)
2025-Jul-07 15:29:00
2025-Jul-09 15:45:00
--------------------------------------------------------
N703AL[40]
2025-Jul-07 15:00:00
2025-Jul-09 15:40:00
--------------------------------------------------------
N705AL[50]
618(7/7ABQ14:00---SEA17:15)
2025-Jul-07 18:05:00
2025-Jul-09 15:50:00
--------------------------------------------------------
N706AL[55]
2025-Jul-07 15:00:00
2025-Jul-09 15:55:00
--------------------------------------------------------
N707AL[55]
2025-Jul-07 15:00:00
2025-Jul-09 15:55:00
--------------------------------------------------------
N708AL[60]
373(7/7EWR13:00---SFO19:13)
2025-Jul-07 20:13:00
2025-Jul-09 16:00:00
--------------------------------------------------------
N709AL[55]
2025-Jul-07 15:00:00
2025-Jul-09 15:55:00
--------------------------------------------------------
N710AL[50]
341(7/7PIT12:03---SEA17:28)
2025-Jul-07 18:18:00
2025-Jul-09 15:50:00
--------------------------------------------------------
N712AL[50]
563(7/7MCI11:45---SEA15:47)
2025-Jul-07 16:37:00
2025-Jul-09 15:50:00
--------------------------------------------------------
N713AL[60]
249(7/7SFO14:20---BOS20:01)
2025-Jul-07 21:01:00
1319-d0(7/7BOS21:06---PDX03:24)
1291-d0(7/8PDX04:30---LAX06:59)
1215-d360(7/8LAX08:25---SEA11:17)
491-d0(7/8SEA13:00---DFW17:00)
543-d0(7/8DFW18:00---SEA22:17)
549-d180(7/8SEA23:40---DFW03:36)
550-d180(7/9DFW04:36---SEA08:59)
452-d180(7/9SEA09:59---IAH14:20)
2025-Jul-09 16:00:00
--------------------------------------------------------
N716AL[55]
368(7/7SFO14:00---MCO19:34)
2025-Jul-07 20:29:00
2025-Jul-09 15:55:00
--------------------------------------------------------
N719AL[60]
458(7/7IAD12:10---SFO17:55)
2025-Jul-07 18:55:00
2025-Jul-09 16:00:00
--------------------------------------------------------
N720AL[60]
917(7/7MCO14:00---SEA20:10)
2025-Jul-07 21:10:00
2025-Jul-09 16:00:00
--------------------------------------------------------
N722AL[30]
2025-Jul-07 15:00:00
2025-Jul-09 15:30:00
--------------------------------------------------------
N723AL[60]
1021(7/7MCO11:00---SAN16:04)
2025-Jul-07 17:04:00
1135-d0(7/7SAN22:35---SEA01:31)
1310-d60(7/8SEA02:36---SJC04:51)
1201-d90(7/8SJC06:16---SEA08:29)
1040-d300(7/8SEA09:30---ONT12:15)
1091-d30(7/8ONT13:30---SEA16:12)
1007-d30(7/8SEA17:24---PHX20:25)
1006-d30(7/8PHX21:25---SEA00:30)
1198-d270(7/9SEA01:35---SAN04:25)
1199-d210(7/9SAN05:35---SEA08:37)
464-d180(7/9SEA09:59---ATL14:49)
2025-Jul-09 16:00:00
--------------------------------------------------------
N724AL[30]
377(7/7ATL10:30---SEA15:57)
2025-Jul-07 16:27:00
2025-Jul-09 15:30:00
--------------------------------------------------------
N725AL[55]
2025-Jul-07 15:00:00
1113-d0(7/7SFO16:15---SEA18:30)
934001-d30(7/7SEA19:38---EUG20:54)
934-d60(7/7EUG22:11---SEA23:29)
697001-d270(7/8SEA00:38---MSO02:03)
697-d300(7/8MSO03:13---SEA04:51)
1264-d120(7/8SEA06:03---SAN08:59)
1067-d360(7/8SAN09:59---GEG12:44)
1130-d0(7/8GEG14:00---SAN16:47)
1073-d0(7/8SAN17:50---PDX20:28)
121-d210(7/8PDX21:23---BUR23:42)
122-d210(7/9BUR00:37---PDX02:55)
1287-d360(7/9PDX03:50---BUR06:09)
1107-d360(7/9BUR07:04---PDX09:21)
1057-d270(7/9PDX10:22---DFW14:10)
2025-Jul-09 15:55:00
--------------------------------------------------------
N729AL[55]
428(7/7CVG12:40---SEA17:39)
2025-Jul-07 18:34:00
2025-Jul-09 15:55:00
--------------------------------------------------------
N731AL[45]
111(7/7ORD05:59---ANC12:37)
82(7/7ANC14:00---SEA17:31)
2025-Jul-07 18:16:00
2025-Jul-09 15:45:00
--------------------------------------------------------
N732AL[60]
2025-Jul-07 15:00:00
2025-Jul-09 16:00:00
--------------------------------------------------------
N733AL[30]
308(7/7BOS11:30---SFO18:07)
2025-Jul-07 18:37:00
2025-Jul-09 15:30:00
--------------------------------------------------------
N734AL[60]
548(7/7CLE11:00---SEA16:09)
2025-Jul-07 17:09:00
2025-Jul-09 16:00:00
--------------------------------------------------------
N738AL[45]
1043(7/7SFO14:00---SEA16:05)
2025-Jul-07 16:50:00
2025-Jul-09 15:45:00
--------------------------------------------------------
N801AK[50]
2025-Jul-07 15:00:00
622-d0(7/8ANC04:20---JFK11:33)
623-d0(7/8JFK13:45---ANC21:26)
226-d0(7/8ANC22:20---SEA01:50)
1138-d240(7/9SEA03:04---SBA05:40)
1139-d240(7/9SBA06:30---SEA09:07)
2025-Jul-09 15:50:00
--------------------------------------------------------
N803AK[50]
623(7/7JFK13:45---ANC21:26)
2025-Jul-07 22:16:00
51-d0(7/7ANC22:26---BRW00:25)
50-d0(7/8BRW01:15---ANC03:05)
137-d0(7/8ANC16:55---OTZ18:32)
137001-d0(7/8OTZ19:24---ANC20:54)
51-d0(7/8ANC22:26---BRW00:25)
50-d0(7/9BRW01:15---ANC03:05)
622-d0(7/9ANC04:20---JFK11:33)
2025-Jul-09 15:50:00
--------------------------------------------------------
N804AK[50]
2025-Jul-07 15:00:00
2025-Jul-09 15:50:00
--------------------------------------------------------
N805AK[60]
2025-Jul-07 15:00:00
1179-d0(7/7LAX15:00---SEA17:53)
4-d180(7/7SEA19:00---DCA00:09)
9-d210(7/8DCA01:13---PDX07:01)
1162-d240(7/8PDX08:30---SAN11:05)
1154-d0(7/8SAN14:15---SEA17:22)
843-d0(7/8SEA19:05---KOA01:19)
880-d0(7/9KOA07:30---SEA13:19)
2025-Jul-09 16:00:00
--------------------------------------------------------
N806AK[55]
511(7/7PHX14:00---PDX16:43)
2025-Jul-07 17:38:00
757-d0(7/7PDX17:50---LAS20:09)
676-d0(7/7LAS21:04---SEA23:50)
1048-d0(7/8SEA01:09---LAX04:00)
578-d0(7/8LAX16:05---PDX18:31)
330-d0(7/8PDX19:31---LAX21:59)
1167-d0(7/8LAX23:05---PDX01:26)
579-d0(7/9PDX02:35---LAX05:05)
2025-Jul-09 15:55:00
--------------------------------------------------------
N809AK[60]
491(7/7SEA13:00---DFW17:00)
2025-Jul-07 18:00:00
543-d0(7/7DFW18:00---SEA22:17)
1125-d0(7/7SEA23:47---SLC01:50)
719-d30(7/8SLC03:14---SEA05:37)
91-d150(7/8SEA06:45---SIT09:14)
90-d0(7/8SIT15:15---SEA17:39)
154001-d30(7/8SEA19:02---RDM20:14)
154-d60(7/8RDM21:38---SEA22:58)
1202-d0(7/9SEA00:35---SNA03:25)
774-d30(7/9SNA04:45---SEA07:35)
136-d360(7/9SEA08:55---ANC12:38)
2025-Jul-09 16:00:00
--------------------------------------------------------
N812AK[30]
110(7/7ANC08:55---SEA12:26)
1082(7/7SEA14:00---SFO16:11)
2025-Jul-07 16:41:00
739-d0(7/7SFO18:00---SNA19:40)
1061-d0(7/7SNA20:30---SEA23:15)
2-d240(7/8SEA01:13---DCA06:14)
1-d0(7/8DCA12:00---SEA17:56)
807-d60(7/8SEA18:31---KOA00:40)
788-d30(7/9KOA01:10---SFO06:30)
2025-Jul-09 15:30:00
--------------------------------------------------------
N813AK[40]
912(7/7SFO14:20---SAN16:02)
2025-Jul-07 16:42:00
1259-d0(7/7SAN17:00---SEA20:00)
1144-d330(7/8SEA01:03---LAX03:57)
1179-d0(7/8LAX15:00---SEA17:53)
900-d0(7/8SEA18:40---RNO20:38)
601-d0(7/8RNO21:32---SEA23:29)
1144-d330(7/9SEA00:30---LAX03:24)
2025-Jul-09 15:40:00
--------------------------------------------------------
N903AK[60]
2025-Jul-07 15:00:00
2025-Jul-09 16:00:00
--------------------------------------------------------
N912AK[60]
284(7/7LAX14:00---EWR19:34)
2025-Jul-07 20:34:00
2025-Jul-09 16:00:00
--------------------------------------------------------
N913AK[50]
1101(7/7PDX14:00---LAS16:19)
2025-Jul-07 17:09:00
2025-Jul-09 15:50:00
--------------------------------------------------------
N915AK[60]
1239(7/7PDX14:00---PHX16:46)
2025-Jul-07 17:46:00
2025-Jul-09 16:00:00
--------------------------------------------------------
N917AK[30]
2025-Jul-07 15:00:00
2025-Jul-09 15:30:00
--------------------------------------------------------
N918AK[60]
2025-Jul-07 15:00:00
2025-Jul-09 16:00:00
--------------------------------------------------------
N919AK[30]
248(7/7ANC14:30---SEA18:08)
2025-Jul-07 18:38:00
2025-Jul-09 15:30:00
--------------------------------------------------------
N920AK[45]
1091(7/7ONT13:00---SEA15:42)
2025-Jul-07 16:27:00
2025-Jul-09 15:45:00
--------------------------------------------------------
N921AK[30]
745(7/7DEN14:00---SEA17:00)
2025-Jul-07 17:30:00
2025-Jul-09 15:30:00
--------------------------------------------------------
N924AK[45]
85(7/7SEA14:00---ANC17:35)
2025-Jul-07 18:20:00
2025-Jul-09 15:45:00
--------------------------------------------------------
N926AK[60]
351(7/7IAD10:30---SEA16:17)
2025-Jul-07 17:17:00
1328-d0(7/7SEA18:48---OAK21:01)
1247-d30(7/7OAK22:08---SEA00:08)
509-d180(7/8SEA01:15---SLC03:18)
510-d210(7/8SLC04:42---SEA07:00)
642-d300(7/8SEA08:17---DEN10:59)
643-d0(7/8DEN12:00---SEA15:01)
502-d0(7/8SEA16:03---AUS20:11)
518-d0(7/8AUS21:11---SFO00:57)
525-d0(7/9SFO02:05---PDX03:50)
278-d270(7/9PDX05:10---LAX07:45)
282-d270(7/9LAX08:56---EWR14:29)
2025-Jul-09 16:00:00
--------------------------------------------------------
N928AK[40]
499(7/7PDX13:05---SEA14:09)
2025-Jul-07 15:00:00
2025-Jul-09 15:40:00
--------------------------------------------------------
N929AK[60]
504(7/7LAX14:00---SEA16:47)
2025-Jul-07 17:47:00
2025-Jul-09 16:00:00
--------------------------------------------------------
N931AK[30]
2025-Jul-07 15:00:00
2025-Jul-09 15:30:00
--------------------------------------------------------
N932AK[60]
2025-Jul-07 15:00:00
390-d0(7/7SAN15:40---BOS21:27)
819-d0(7/7BOS22:32---SEA05:02)
328-d0(7/8SEA06:40---ORD10:40)
413-d0(7/8ORD12:00---PDX16:25)
1143-d0(7/8PDX17:30---LAX20:00)
1083-d0(7/8LAX21:10---SEA23:54)
229001-d270(7/9SEA01:05---MSP04:23)
229-d300(7/9MSP05:49---SEA09:45)
112-d240(7/9SEA10:50---FAI14:36)
2025-Jul-09 16:00:00
--------------------------------------------------------
N933AK[55]
2025-Jul-07 15:00:00
227-d0(7/7JFK15:30---SFO21:48)
835-d240(7/7SFO23:03---PDX00:50)
1016-d330(7/8PDX01:55---SEA02:55)
1030-d330(7/8SEA04:18---BZN06:01)
1031-d360(7/8BZN07:25---SEA09:35)
1230-d360(7/8SEA10:45---SMF12:45)
1255-d0(7/8SMF15:13---SEA17:15)
1114-d0(7/8SEA19:09---SJC21:29)
1175-d0(7/8SJC22:24---SEA00:34)
632-d30(7/9SEA01:29---PHX04:30)
611-d300(7/9PHX05:29---SEA08:35)
328-d180(7/9SEA09:40---ORD13:40)
2025-Jul-09 15:55:00
--------------------------------------------------------
N934AK[60]
1076(7/7PDX14:00---LAX16:39)
2025-Jul-07 17:39:00
2025-Jul-09 16:00:00
--------------------------------------------------------
N935AK[55]
156(7/7FAI10:09---SEA13:44)
2025-Jul-07 15:00:00
2025-Jul-09 15:55:00
--------------------------------------------------------
N936AK[60]
1193(7/7SJC14:03---SEA16:15)
2025-Jul-07 17:15:00
2025-Jul-09 16:00:00
--------------------------------------------------------
N938AK[45]
573(7/7DFW11:00---SEA15:17)
2025-Jul-07 16:02:00
2025-Jul-09 15:45:00
--------------------------------------------------------
N941AK[60]
1154(7/7SAN14:15---SEA17:22)
2025-Jul-07 18:22:00
2025-Jul-09 16:00:00
--------------------------------------------------------
N942AK[60]
2025-Jul-07 15:00:00
2025-Jul-09 16:00:00
--------------------------------------------------------
N947AK[30]
1217(7/7SMF13:15---SEA15:15)
2025-Jul-07 15:45:00
1306-d60(7/7SEA16:00---LAX18:49)
1240-d90(7/7LAX19:32---PDX21:55)
1160-d60(7/7PDX22:50---LAX01:15)
1093-d30(7/8LAX01:45---SEA04:30)
960-d270(7/8SEA05:13---GEG06:20)
964-d360(7/8GEG07:07---SEA08:21)
1224-d360(7/8SEA08:55---LAX11:46)
1124-d0(7/8LAX14:00---PDX16:23)
526-d180(7/8PDX17:04---SFO18:53)
718-d240(7/8SFO19:50---LAS21:32)
756-d60(7/8LAS22:13---PDX00:35)
376-d30(7/9PDX01:05---ORD05:09)
409-d240(7/9ORD05:42---SEA10:24)
115-d360(7/9SEA10:59---FAI14:49)
2025-Jul-09 15:30:00
--------------------------------------------------------
N948AK[60]
2025-Jul-07 15:00:00
2025-Jul-09 16:00:00
--------------------------------------------------------
N949AK[60]
2025-Jul-07 15:00:00
2025-Jul-09 16:00:00
--------------------------------------------------------
N952AK[50]
381(7/7DTW11:00---SEA15:57)
2025-Jul-07 16:47:00
2025-Jul-09 15:50:00
--------------------------------------------------------
N953AK[60]
68(7/7MSP13:20---ANC19:20)
2025-Jul-07 20:20:00
266-d0(7/7ANC20:25---SFO01:05)
525-d0(7/8SFO02:05---PDX03:50)
N953AK_PDX-03:50/07:50-d0(7/8PDX03:50---7/8 07:50)
1057-d120(7/8PDX07:52---DFW11:40)
573-d120(7/8DFW13:00---SEA17:17)
505-d60(7/8SEA18:17---LAX21:10)
1315-d90(7/8LAX22:35---PDX00:55)
946-d270(7/9PDX02:00---BOI03:18)
1019-d300(7/9BOI04:43---SEA06:20)
427-d60(7/9SEA07:49---CVG12:07)
2025-Jul-09 16:00:00
--------------------------------------------------------
N954AK[50]
1226(7/7SEA14:00---SJC16:08)
2025-Jul-07 16:58:00
1311-d0(7/7SJC17:03---SEA19:14)
N954AK_SEA-19:14/22:14-d0(7/7SEA19:14---7/7 22:14)
478-d0(7/8SEA01:50---LAS04:26)
749-d60(7/8LAS05:19---SEA08:06)
1034-d360(7/8SEA09:14---BOI10:46)
737-d0(7/8BOI12:25---SEA14:05)
101-d0(7/8SEA16:53---KTN18:58)
102-d0(7/8KTN19:52---SEA21:54)
49-d300(7/8SEA22:55---ANC02:35)
201-d270(7/9ANC03:45---JNU05:28)
84-d270(7/9JNU06:25---ANC08:13)
164-d120(7/9ANC09:18---DEN14:35)
2025-Jul-09 15:50:00
--------------------------------------------------------
N955AK[55]
2025-Jul-07 15:00:00
2025-Jul-09 15:55:00
--------------------------------------------------------
N956AK[60]
1265(7/7SAN13:15---SEA16:16)
2025-Jul-07 17:16:00
2025-Jul-09 16:00:00
--------------------------------------------------------
N958AK[30]
361(7/7OMA11:05---SEA14:47)
2025-Jul-07 15:17:00
2025-Jul-09 15:30:00
--------------------------------------------------------
N960AK[30]
387(7/7MSP11:40---SEA15:44)
2025-Jul-07 16:14:00
2025-Jul-09 15:30:00
--------------------------------------------------------
N961AK[30]
336(7/7BOS10:00---PDX16:17)
2025-Jul-07 16:47:00
2025-Jul-09 15:30:00
--------------------------------------------------------
N962AK[60]
2025-Jul-07 15:00:00
2025-Jul-09 16:00:00
--------------------------------------------------------
N963AK[60]
831(7/7PDX14:00---OGG19:55)
2025-Jul-07 20:55:00
898-d0(7/7OGG21:25---PDX02:49)
N963AK_PDX-02:50/05:50-d0(7/8PDX02:50---7/8 05:50)
1122-d330(7/8PDX06:00---SAN08:33)
729-d360(7/8SAN09:37---PDX12:14)
1074-d0(7/8PDX14:25---SAN17:00)
974-d240(7/8SAN18:00---PDX20:35)
1296-d240(7/8PDX21:40---SAN00:15)
735-d30(7/9SAN01:21---SEA04:20)
1156-d150(7/9SEA05:29---SAN08:30)
729-d360(7/9SAN09:37---PDX12:14)
2025-Jul-09 16:00:00
--------------------------------------------------------
N964AK[60]
797(7/7SEA14:00---LAX16:50)
2025-Jul-07 17:50:00
2025-Jul-09 16:00:00
--------------------------------------------------------
N966AK[60]
30(7/7SFO13:18---JFK19:00)
2025-Jul-07 20:00:00
2025-Jul-09 16:00:00
--------------------------------------------------------
N967AK[60]
303(7/7DFW12:25---PDX16:28)
2025-Jul-07 17:28:00
2025-Jul-09 16:00:00
--------------------------------------------------------
N968AK[50]
737(7/7BOI12:25---SEA14:05)
2025-Jul-07 15:00:00
2025-Jul-09 15:50:00
--------------------------------------------------------
N969AK[55]
24(7/7SAN14:00---JFK19:39)
2025-Jul-07 20:34:00
2025-Jul-09 15:55:00
--------------------------------------------------------
N972AK[30]
399(7/7IAH14:00---SEA18:45)
2025-Jul-07 19:15:00
2025-Jul-09 15:30:00
--------------------------------------------------------
N973AK[30]
595(7/7AUS12:15---SEA16:40)
2025-Jul-07 17:10:00
2025-Jul-09 15:30:00
--------------------------------------------------------
N974AK[30]
298(7/7SEA13:41---EWR19:00)
2025-Jul-07 19:30:00
2025-Jul-09 15:30:00
--------------------------------------------------------
N975AK[60]
299(7/7EWR11:19---SEA17:31)
2025-Jul-07 18:31:00
N975AK_SEA-17:31/22:31-d0(7/7SEA17:31---7/7 22:31)
730-d30(7/8SEA01:29---LAS04:08)
403-d150(7/8LAS05:15---SEA08:07)
644-d330(7/8SEA09:25---PHX12:24)
799-d30(7/8PHX13:30---SEA16:34)
738-d0(7/8SEA17:40---LAS20:19)
613-d360(7/8LAS21:30---SFO23:10)
835-d330(7/9SFO00:33---PDX02:20)
1160-d330(7/9PDX03:20---LAX05:45)
1093-d330(7/9LAX06:45---SEA09:30)
423-d240(7/9SEA10:36---SAT14:40)
2025-Jul-09 16:00:00
--------------------------------------------------------
N976AK[40]
1228(7/7AUS14:45---SEA19:12)
2025-Jul-07 19:52:00
2025-Jul-09 15:40:00
--------------------------------------------------------
N977AK[55]
451(7/7MSY12:10---SEA17:16)
2025-Jul-07 18:11:00
1017-d0(7/7SEA18:20---PDX19:23)
330-d60(7/7PDX20:31---LAX22:59)
1315-d180(7/8LAX00:05---PDX02:25)
1287-d330(7/8PDX03:20---BUR05:39)
1052-d270(7/8BUR06:48---SEA09:37)
1152-d360(7/8SEA10:44---OAK13:01)
1151-d0(7/8OAK14:00---SEA16:07)
480001-d0(7/8SEA17:25---MSP20:46)
480-d0(7/8MSP21:50---SEA01:49)
225-d150(7/9SEA02:45---ANC06:24)
138-d150(7/9ANC07:38---ORD13:54)
2025-Jul-09 15:55:00
--------------------------------------------------------
N978AK[60]
784(7/7PDX14:00---ATL18:46)
2025-Jul-07 19:46:00
475-d0(7/7ATL19:47---SAN00:31)
1199-d0(7/8SAN02:05---SEA05:07)
636-d120(7/8SEA06:18---LAS09:01)
570-d300(7/8LAS10:21---SFO11:59)
1169-d0(7/8SFO15:20---SEA17:30)
71-d0(7/8SEA18:43---JNU21:19)
176-d30(7/8JNU22:45---SEA01:12)
478-d30(7/9SEA02:20---LAS04:56)
599-d330(7/9LAS06:15---SEA09:00)
367-d210(7/9SEA10:00---IAD14:57)
2025-Jul-09 16:00:00
--------------------------------------------------------
N982AK[55]
433(7/7TPA13:00---SAN17:50)
2025-Jul-07 18:45:00
2025-Jul-09 15:55:00
--------------------------------------------------------
N983AK[50]
495(7/7SAT12:00---SEA16:24)
2025-Jul-07 17:14:00
904-d0(7/7SEA18:23---BZN20:06)
905-d0(7/7BZN21:00---SEA22:59)
445-d120(7/8SEA01:08---RNO02:59)
523-d150(7/8RNO04:17---SEA06:12)
N983AK_SEA-07:06/12:06-d0(7/8SEA07:06---7/8 12:06)
173-d0(7/8SEA13:00---ANC16:40)
57-d90(7/8ANC17:30---FAI18:35)
234-d90(7/8FAI19:35---SEA23:13)
1052001-d90(7/9SEA00:18---BUR02:54)
1052-d90(7/9BUR03:48---SEA06:37)
1227-d30(7/9SEA07:29---AUS11:37)
2025-Jul-09 15:50:00
--------------------------------------------------------
N984AK[35]
395(7/7MCO11:20---SEA17:30)
2025-Jul-07 18:05:00
2025-Jul-09 15:35:00
--------------------------------------------------------
N985AK[60]
2025-Jul-07 15:00:00
2025-Jul-09 16:00:00
--------------------------------------------------------
N990AK[60]
2025-Jul-07 15:00:00
2025-Jul-09 16:00:00
--------------------------------------------------------
N407AS[60]
2025-Jul-07 15:00:00
2025-Jul-09 16:00:00
--------------------------------------------------------
N428AS[60]
2025-Jul-07 15:00:00
798-d0(7/7LAX16:50---SEA19:35)
1010-d120(7/7SEA20:39---GEG21:48)
1011-d150(7/7GEG22:53---SEA00:07)
1132-d300(7/8SEA01:35---SFO03:48)
1327-d120(7/8SFO04:49---SEA07:05)
924-d150(7/8SEA08:18---RDM09:29)
943-d0(7/8RDM13:00---SEA14:14)
682001-d30(7/8SEA15:36---DEN18:23)
1136-d120(7/8DEN19:33---PDX22:20)
1016-d180(7/8PDX23:25---SEA00:25)
1132-d300(7/9SEA01:35---SFO03:48)
571-d360(7/9SFO04:48---LAS06:31)
403-d300(7/9LAS07:45---SEA10:37)
185-d360(7/9SEA11:55---JNU14:25)
2025-Jul-09 16:00:00
--------------------------------------------------------
N468AS[45]
2025-Jul-07 15:00:00
648-d0(7/7SEA15:00---TUS18:10)
641-d0(7/7TUS19:06---SEA22:20)
549-d240(7/8SEA01:07---DFW05:03)
550-d270(7/8DFW06:06---SEA10:29)
112-d270(7/8SEA11:20---FAI15:06)
210-d120(7/8FAI15:52---SEA19:40)
1108-d210(7/8SEA20:28---SAN23:19)
1135-d90(7/9SAN00:05---SEA03:01)
1086-d330(7/9SEA03:55---ONT06:34)
1087-d330(7/9ONT07:28---SEA10:07)
119-d300(7/9SEA10:59---ANC14:39)
2025-Jul-09 15:45:00
--------------------------------------------------------
N479AS[60]
2025-Jul-07 15:00:00
1410-d0(7/7SFO15:00---PDX16:45)
1268-d120(7/7PDX18:00---BNA22:19)
522-d60(7/7BNA23:44---SEA04:48)
1227-d0(7/8SEA06:59---AUS11:07)
595-d0(7/8AUS12:15---SEA16:40)
1278-d0(7/8SEA17:47---ONT20:26)
1242001-d30(7/8ONT21:52---SEA00:29)
1048001-d30(7/9SEA01:29---LAX04:20)
1215-d180(7/9LAX05:25---SEA08:17)
400-d180(7/9SEA09:18---BNA13:40)
2025-Jul-09 16:00:00
--------------------------------------------------------
N563AS[45]
2025-Jul-07 15:00:00
2025-Jul-09 15:45:00
--------------------------------------------------------
N566AS[60]
2025-Jul-07 15:00:00
2025-Jul-09 16:00:00
--------------------------------------------------------
N588AS[60]
2025-Jul-07 15:00:00
2025-Jul-09 16:00:00
--------------------------------------------------------
N614AS[50]
2025-Jul-07 15:00:00
2025-Jul-09 15:50:00
--------------------------------------------------------
N946AK[55]
2025-Jul-07 15:00:00
2025-Jul-09 15:55:00
--------------------------------------------------------
N971AK[55]
2025-Jul-07 15:00:00
2025-Jul-09 15:55:00
--------------------------------------------------------
N979AK[55]
2025-Jul-07 15:00:00
2025-Jul-09 15:55:00
--------------------------------------------------------
================== Unassigned Flights ==================
196(7/7ADQ15:00---ANC15:57)
1149(7/7SNA15:02---SEA17:56)
366001(7/7SEA15:02---MKE18:54)
682001(7/7SEA15:06---DEN17:53)
916(7/7SEA15:08---MCO20:50)
233(7/7SAN15:10---EWR20:43)
1166(7/7SEA15:10---SFO17:29)
405001(7/7SEA15:11---OKC18:48)
90(7/7SIT15:15---SEA17:39)
47(7/7ANC15:15---SEA18:52)
414(7/7SEA15:17---DFW19:19)
214(7/7LAX15:20---IAD20:25)
306(7/7SEA15:21---BOS20:45)
26(7/7SEA15:05+17---JFK20:29+17)
305001(7/7SEA15:25---MIA21:20)
1254(7/7SEA15:27---ONT18:05)
313001(7/7SEA15:30---DTW19:50)
613(7/7LAS15:30---SFO17:10)
890(7/7SEA15:03+29---ORD19:13+29)
555001(7/7SEA15:05+28---MSP18:29+28)
73(7/7JNU15:34---ANC17:24)
142(7/7JNU15:08+30---SEA17:36+30)
165(7/7DEN15:20+23---ANC20:54+23)
402(7/7SEA15:47---CHS21:00)
1169(7/7SFO15:20+28---SEA17:30+28)
718(7/7SFO15:50---LAS17:32)
560(7/7LAX15:30+24---KOA21:10+24)
572001(7/7SEA15:55---RDU21:01)
388(7/7SEA15:32+26---STL19:26+26)
83(7/7SEA16:00---ANC19:35)
270(7/7ONT16:00---HNL21:55)
320(7/7SAN16:00---MCO21:13)
825(7/7SEA15:09+54---OGG21:20+54)
578(7/7LAX16:05---PDX18:31)
418001(7/7SEA16:13---MCI19:39)
10(7/7PDX15:00+75---DCA20:02+75)
294(7/7PDX16:00+17---EWR21:21+17)
326(7/7SEA16:24---TPA21:50)
899(7/7SAN16:19+23---KOA22:20+23)
568(7/7SEA16:19+23---MSY20:53+23)
442(7/7SEA16:42---PHL21:47)
113(7/7SFO16:05+38---JFK21:47+38)
406001(7/7SEA16:15+28---IAD21:13+28)
8(7/7SFO16:45---DCA21:58)
426(7/7SEA16:50---DFW20:48)
312001(7/7SEA16:06+49---OMA19:17+49)
1080(7/7SEA16:55---SJC19:10)
174(7/7SEA16:57---FAI20:40)
875(7/7SEA17:00---LIH23:15)
1133(7/7SEA17:03---SMF19:03)
727(7/7SEA16:22+49---ATL21:11+49)
1007(7/7SEA16:54+18---PHX19:55+18)
508001(7/7SEA17:12---CVG21:37)
505(7/7SEA17:17---LAX20:10)
61001(7/7JNU17:19---YAK18:18)
72(7/7SEA16:55+25---JNU19:26+25)
522001(7/7SEA17:20---BNA21:44)
450001(7/7SEA17:10+17---CMH21:32+17)
829(7/7SAN17:29---OGG23:34)
863(7/7PDX17:30---GEG18:41)
1143(7/7PDX17:30---LAX20:00)
807(7/7SEA17:31---KOA23:40)
60001(7/7KTN17:00+32---SEA19:03+32)
1136(7/7DEN17:33---PDX20:20)
378(7/7SEA17:03+32---BWI22:10+32)
160(7/7ANC17:35---SEA21:09)
216001(7/7SEA17:37---CLE22:01)
887(7/7SEA17:22+16---HNL23:33+16)
1296(7/7PDX17:40---SAN20:15)
477(7/7SEA17:10+31---EWR22:29+31)
629(7/7LAS17:14+30---SEA19:58+30)
128(7/7PDX17:30+15---SFO19:24+15)
637(7/7PHX17:46---SEA20:53)
1420(7/7PDX17:30+17---IAH21:50+17)
322(7/7SAN17:48---IAD22:59)
49(7/7SEA17:55---ANC21:35)
725(7/7PDX17:55---AUS21:56)
1277(7/7SNA17:21+37---SEA20:06+37)
818(7/7SEA17:58---BOS23:19)
862(7/7OGG18:00---SEA23:38)
822(7/7KOA18:00---SEA23:54)
500001(7/7SEA17:42+22---IND21:48+22)
1256(7/7SEA17:21+44---PSP20:15+44)
535001(7/7SEA17:20+47---DEN20:07+47)
434(7/7SFO18:10---IAD23:19)
1299(7/7SNA18:10---PDX20:34)
300(7/7PDX17:35+39---MCO23:12+39)
1278(7/7SEA17:47+27---ONT20:26+27)
824(7/7HNL18:00+16---SEA23:50+16)
891(7/7ORD18:03+17---SEA22:42+17)
48(7/7ANC17:00+84---SEA20:33+84)
1075(7/7SFO18:25---SEA20:37)
1467(7/7LAS18:27---PDX20:48)
1112(7/7SEA18:31---SFO20:47)
104(7/7ANC18:35---SEA22:04)
503(7/7AUS18:36---SEA22:59)
1174(7/7SEA18:22+25---SNA21:14+25)
682(7/7DEN18:49---SEA21:48)
64(7/7ANC18:50---JNU20:33)
603(7/7PHX18:52---SEA21:58)
154001(7/7SEA18:32+21---RDM19:44+21)
1305(7/7LAX18:55---SEA21:39)
817(7/7SEA18:55---OGG01:10)
480001(7/7SEA17:25+92---MSP20:46+92)
474(7/7SAN18:04+54---ATL22:31+54)
1118(7/7SEA19:00---ONT21:46)
1111(7/7ONT19:00---SEA21:38)
1216(7/7SEA19:01---SMF21:01)
1096(7/7SEA18:41+20---SAN21:38+20)
1314(7/7SJC19:02---SEA21:10)
325(7/7ORD19:03---PDX23:35)
843(7/7SEA19:05---KOA01:19)
61003(7/7YAK19:08---CDV20:09)
412001(7/7SEA18:06+70---PIT22:42+70)
392(7/7PDX18:28+48---DFW22:16+48)
932(7/7SEA18:36+43---ABQ21:37+43)
106001(7/7SEA19:00+22---FAI22:53+22)
63(7/7SEA18:20+63---SIT20:44+63)
494001(7/7SEA19:33---SAT23:37)
900(7/7SEA18:40+55---RNO20:38+55)
864(7/7GEG19:36---PDX20:48)
1114(7/7SEA19:09+28---SJC21:29+28)
429(7/7SEA17:50+108---ORD21:57+108)
100(7/7ANC19:41---SEA23:10)
14(7/7SAN19:42---DCA00:59)
352(7/7SEA19:18+25---AUS23:30+25)
291(7/7SEA19:46---STL23:35)
366(7/7MKE19:50---SEA00:16)
438(7/7SEA18:45+69---IAH23:10+69)
598(7/7SFO18:55+59---ORD23:18+59)
175(7/7SEA19:55---ANC23:27)
1281(7/7SMF19:57---SEA21:54)
405(7/7OKC19:44+16---SEA23:38+16)
1150001(7/7SEA19:48+16---BUR22:19+16)
1081(7/7SJC20:04---SEA22:12)
415(7/7DFW20:19---SEA00:34)
74(7/7JNU20:22---SEA22:45)
34(7/7SEA18:06+137---JFK23:29+137)
388001(7/7STL20:24---SEA00:50)
304(7/7BOS20:25---SEA02:48)
555(7/7MSP19:25+63---SEA23:15+63)
407(7/7ORD20:09+23---SEA00:49+23)
418(7/7MCI20:34---SEA00:32)
419(7/7MCO20:39---SEA02:50)
162(7/7ANC20:40---SEA00:13)
25(7/7JFK20:00+44---SAN01:57+44)
313(7/7DTW20:46---SEA01:45)
432(7/7SAN20:52---TPA01:50)
1006(7/7PHX20:55---SEA00:00)
61(7/7CDV20:59---ANC22:00)
154(7/7RDM20:38+22---SEA21:58+22)
229001(7/7SEA20:35+27---MSP23:53+27)
535(7/7DEN21:03---SEA00:00)
312(7/7OMA20:14+51---SEA23:54+51)
65(7/7JNU21:07---ANC22:53)
189(7/7SEA20:49+21---ANC00:25+21)
582(7/7PSP21:10---SEA00:00)
1083(7/7LAX21:10---SEA23:54)
1300(7/7SEA21:10---LAX23:58)
773(7/7SEA21:10---SNA00:01)
410(7/7SEA20:45+27---ORD00:42+27)
1269(7/7BNA21:19---PDX02:15)
1242(7/7ONT21:21---SEA23:58)
280(7/7EWR20:00+84---SEA02:12+84)
507(7/7IAD21:25---SAN02:52)
19(7/7JFK21:29---PDX03:46)
462(7/7EWR21:30---SEA03:44)
836(7/7PDX21:30---SFO23:22)
946(7/7PDX21:30---BOI22:48)
778(7/7PDX21:30---LAS23:49)
601(7/7RNO21:32---SEA23:29)
103(7/7FAI21:35---ANC22:40)
16(7/7SEA21:37---JFK02:59)
734(7/7SLC21:39---SEA23:54)
107(7/7ANC21:40---SEA01:08)
58(7/7SIT21:40---SEA00:00)
290(7/7EWR21:43---PDX03:50)
1225(7/7SFO21:45---SEA23:54)
389(7/7BOS21:45---SAN04:00)
114(7/7JFK20:39+67---SFO03:02+67)
646(7/7DFW21:46---PDX01:47)
297(7/7EWR20:34+74---SAN02:26+74)
301(7/7MCO21:50---PDX03:50)
480(7/7MSP21:50---SEA01:49)
894(7/7KOA21:50---SAN03:16)
517(7/7FLL21:52---SEA04:20)
569(7/7MSY21:53---SEA03:00)
1358(7/7SMF21:56---SEA23:54)
131(7/7SEA21:58---ANC01:30)
20(7/7SFO20:24+95---JFK02:08+95)
572(7/7RDU22:01---SEA03:56)
1191(7/7SNA22:02---SEA00:48)
485(7/7CHS22:03---SEA04:00)
183(7/7ANC22:10---DLG23:25)
868(7/7KOA22:10---PDX03:40)
783(7/7ATL22:11---PDX03:35)
397(7/7MCO22:13---SAN03:18)
406(7/7IAD22:13---SEA04:00)
1279(7/7LAX22:16---GEG00:47)
860(7/7OGG22:20---SEA04:00)
305(7/7MIA22:20---SEA05:07)
226(7/7ANC22:20---SEA01:50)
293(7/7EWR22:24---SFO04:49)
1175(7/7SJC22:24---SEA00:34)
450(7/7CMH22:28---SEA03:35)
933(7/7ABQ22:31---SEA01:41)
508(7/7CVG22:37---SEA03:35)
1257(7/7SEA22:38---SNA01:26)
600(7/7SEA22:42---LAS01:16)
460(7/7SEA22:43---BOS03:59)
500(7/7IND22:48---SEA03:35)
1052001(7/7SEA22:48---BUR01:24)
571(7/7SFO22:48---LAS00:31)
602(7/7SEA22:49---DEN01:32)
56(7/7ANC22:50---SEA02:20)
1421(7/7IAH22:50---PDX03:15)
443(7/7PHL22:52---SEA04:57)
17(7/7JFK22:53---SEA05:22)
420(7/7SEA22:53---MCO04:33)
337(7/7ORD22:54---SEA03:34)
216(7/7CLE22:55---SEA04:00)
271(7/7HNL22:55---ONT04:27)
326001(7/7TPA22:55---SEA05:07)
99(7/7SEA22:58---ANC02:42)
7(7/7DCA22:58---SFO04:53)
744(7/7SEA22:59---PHX01:57)
348(7/7SEA22:59---IAD03:59)
1119(7/7ONT23:00---SEA01:40)
1396(7/7AUS23:00---PDX03:14)
962(7/7SEA23:03---GEG00:13)
1138(7/7SEA23:04---SBA01:40)
1167(7/7LAX23:05---PDX01:26)
492(7/7SEA23:09---ATL03:59)
379(7/7BWI23:10---SEA05:07)
1150(7/7BUR23:14---SEA01:54)
201(7/7ANC23:15---JNU00:58)
317(7/7DFW23:16---SEA03:35)
1092(7/7SEA23:18---LAX02:05)
561(7/7KOA23:20---LAX04:51)
941(7/7SEA23:25---ORD03:30)
287(7/7EWR23:29---LAX05:35)
334(7/7ATL23:31---SEA05:07)
151001(7/7ANC23:40---AKN00:49)
412(7/7PIT23:42---SEA05:07)
1019(7/7BOI23:43---SEA01:20)
720(7/7SEA23:46---FAT01:58)
106(7/7FAI23:53---SEA03:35)
435(7/7IAD23:59---SFO05:46)
688(7/7SEA23:59---LAS02:34)
157(7/8JNU00:02---GST00:41)
1214(7/8SEA00:04---SJC02:15)
439(7/8IAH00:10---SEA04:53)
369(7/8MCO00:12---SFO05:59)
225(7/8SEA00:15---ANC03:54)
1468(7/8SEA00:15---LAX03:00)
1301(7/8LAX00:15---SEA03:00)
791(7/8LIH00:15---SFO05:29)
821(7/8SAN00:16---LIH06:32)
597(7/8ORD00:18---SFO05:06)
355(7/8BOS00:19---SFO06:59)
213(7/8IAD00:19---LAX05:48)
182(7/8DLG00:20---ANC01:30)
269(7/8SFO00:22---ANC05:15)
41(7/8JFK00:29---SFO06:59)
339(7/8AUS00:30---SEA05:07)
291001(7/8STL00:32---SEA05:00)
896(7/8HNL00:33---SEA06:31)
806(7/8OGG00:34---SAN05:55)
1202(7/8SEA00:35---SNA03:25)
376(7/8PDX00:35---ORD04:39)
494(7/8SAT00:37---SEA04:53)
856(7/8KOA00:40---SJC05:45)
398(7/8SEA00:40---IAH04:59)
97(7/8SEA00:40---FAI04:25)
382(7/8SEA00:43---BNA04:59)
353(7/8PDX00:46---OGG06:39)
229(7/8MSP00:49---SEA04:45)
1229(7/8SNA00:49---SEA03:35)
538(7/8SEA00:54---ORD04:59)
1295(7/8PDX00:55---SFO02:48)
78(7/8SEA00:55---ANC04:37)
372(7/8SEA00:56---AUS05:05)
1140(7/8SEA00:59---SFO03:15)
632(7/8SEA00:59---PHX04:00)
424(7/8SEA00:59---DFW04:59)
1163(7/8SEA00:59---DEN03:47)
1107(7/8BUR01:04---PDX03:21)
564(7/8SEA01:05---MCI04:35)
472(7/8SEA01:06---STL04:59)
1397(7/8LAX01:07---PDX03:30)
241(7/8SEA01:10---MKE04:59)
1085(7/8SNA01:17---PDX03:39)
823(7/8SEA01:25---HNL07:33)
805(7/8SEA01:25---OGG07:34)
143(7/8ANC01:30---SEA05:07)
779(7/8LAS01:31---PDX03:50)
77(7/8GST01:35---JNU02:14)
386(7/8SEA01:37---MSP04:59)
776(7/8SFO01:40---LAS03:25)
409(7/8ORD01:42---SEA06:24)
839(7/8SEA01:45---LIH07:54)
338(7/8SEA01:48---OMA04:59)
1280(7/8GEG01:49---LAX04:35)
1104(7/8SEA01:50---SNA04:39)
939(7/8SEA01:55---SAN04:47)
1028(7/8SAN01:58---OGG07:59)
151(7/8AKN01:59---ANC03:10)
801(7/8SEA01:59---KOA08:04)
105(7/8SEA01:59---ANC05:38)
1318(7/8SEA02:13---SFO04:22)
1203(7/8SNA02:14---SEA05:07)
1168(7/8SEA02:25---BUR04:59)
177(7/8ANC02:30---ADQ03:30)
1139(7/8SBA02:30---SEA05:07)
615(7/8DEN02:32---SEA05:42)
579(7/8PDX02:35---LAX05:05)
721(7/8FAT02:40---SEA05:07)
965(7/8GEG02:44---SEA04:00)
193(7/8LAX02:45---ANC08:08)
1158(7/8PDX02:48---SNA05:18)
136(7/8SEA02:55---ANC06:38)
827(7/8ANC02:55---HNL08:59)
1005(7/8SAN02:57---SFO04:37)
1156(7/8SEA02:59---SAN06:00)
1192(7/8SEA03:37---SJC05:49)
70(7/8ANC03:45---JNU05:27)
133(7/8SEA03:55---ANC07:34)
272(7/8ANC04:10---SEA07:45)
444(7/8SEA04:15---PHL09:25)
282(7/8LAX04:26---EWR09:59)
307(7/8SFO04:28---BOS10:10)
803(7/8LAX04:36---PDX06:59)
314(7/8SEA04:40---EWR09:59)
315(7/8SEA04:45---CMH09:13)
545(7/8SEA04:45---IND09:00)
380(7/8SEA04:45---DTW09:05)
1020(7/8SAN04:50---MCO10:00)
919(7/8SEA04:55---RDU10:00)
36(7/8SAN04:56---JFK10:29)
138(7/8ANC05:08---ORD11:24)
374(7/8SFO05:19---EWR10:54)
344(7/8SEA05:20---BWI10:21)
192(7/8FAI05:25---ANC06:32)
22(7/8SEA05:41---JFK11:02)
455(7/8SFO05:43---IAD10:50)
259(7/8SAN05:45---BOS11:30)
360(7/8SEA05:58---TPA11:25)
111(7/8ORD05:59---ANC12:37)
498(7/8SEA06:03---PDX06:59)
394(7/8SEA06:05---MCO11:40)
340(7/8SEA06:10---PIT10:43)
490(7/8SEA06:16---MSY10:50)
400(7/8SEA06:18---BNA10:40)
367(7/8SEA06:30---IAD11:27)
59(7/8ANC06:35---MSP12:00)
423(7/8SEA06:36---SAT10:40)
536(7/8SEA06:40---BOS12:00)
427(7/8SEA06:49---CVG11:07)
464(7/8SEA06:59---ATL11:49)
452(7/8SEA06:59---IAH11:20)
144(7/8SEA06:59---ANC10:39)
164(7/8ANC07:18---DEN12:35)
109(7/8ANC07:26---ORD13:40)
880(7/8KOA07:30---SEA13:19)
810(7/8LIH07:32---SEA13:16)
558(7/8OGG07:39---PDX13:00)
828(7/8HNL08:33---ANC14:40)
150(7/8ANC08:34---LAX13:55)
814(7/8OGG08:34---SEA14:11)
826(7/8LIH08:54---SAN14:33)
110(7/8ANC08:55---SEA12:26)
1029(7/8OGG08:59---SAN14:18)
54(7/8ANC09:29---SEA13:00)
336(7/8BOS10:00---PDX16:17)
546(7/8IND10:30---SEA15:19)
351(7/8IAD10:30---SEA16:17)
377(7/8ATL10:30---SEA15:57)
446(7/8PHL10:45---SEA16:42)
316(7/8CMH11:00---SEA16:05)
942(7/8ORD11:00---SEA15:37)
381(7/8DTW11:00---SEA15:57)
453(7/8IAH11:00---SEA15:40)
627(7/8TPA11:00---SEA17:06)
1021(7/8MCO11:00---SAN16:04)
21(7/8JFK11:00---SEA17:13)
361(7/8OMA11:05---SEA14:47)
299(7/8EWR11:19---SEA17:31)
395(7/8MCO11:20---SEA17:30)
242(7/8MKE11:30---SEA15:53)
308(7/8BOS11:30---SFO18:07)
920(7/8RDU11:36---SEA17:30)
387(7/8MSP11:40---SEA15:44)
473(7/8STL11:41---SEA16:10)
563(7/8MCI11:45---SEA15:47)
349(7/8BWI11:51---SEA17:40)
289(7/8EWR11:52---LAX17:46)
495(7/8SAT12:00---SEA16:24)
383(7/8BNA12:00---SEA17:06)
341(7/8PIT12:03---SEA17:28)
451(7/8MSY12:10---SEA17:16)
458(7/8IAD12:10---SFO17:55)
428(7/8CVG12:40---SEA17:39)
260(7/8BOS12:40---SAN18:50)
15(7/8DCA12:59---SAN18:20)
1316(7/8SEA13:00---LAX15:50)
408(7/8SEA13:00---ORD17:07)
188(7/8ANC13:00---SEA16:30)
683(7/8ORD13:00---SEA17:39)
433(7/8TPA13:00---SAN17:50)
373(7/8EWR13:00---SFO19:13)
375(7/8IAD13:00---SEA18:47)
499(7/8PDX13:05---SEA14:09)
1265(7/8SAN13:15---SEA16:16)
30(7/8SFO13:18---JFK19:00)
68(7/8MSP13:20---ANC19:20)
537(7/8BOS13:20---SEA19:35)
533(7/8ATL13:30---SEA18:51)
298(7/8SEA13:41---EWR19:00)
1325(7/8SNA13:45---SEA16:42)
5(7/8DCA13:59---LAX19:33)
368(7/8SFO14:00---MCO19:34)
284(7/8LAX14:00---EWR19:34)
512(7/8SFO14:00---AUS17:36)
35(7/8JFK14:00---SAN19:52)
1136001(7/8PDX14:00---DEN16:37)
24(7/8SAN14:00---JFK19:39)
399(7/8IAH14:00---SEA18:45)
358(7/8PDX14:00---BOS19:25)
61002(7/8SEA14:00---JNU16:29)
511(7/8PHX14:00---PDX16:43)
859(7/8SJC14:00---LIH19:44)
365(7/8DFW14:00---SEA18:27)
85(7/8SEA14:00---ANC17:35)
745(7/8DEN14:00---SEA17:00)
1239(7/8PDX14:00---PHX16:46)
281(7/8BNA14:00---SEA19:03)
1076(7/8PDX14:00---LAX16:39)
393(7/8LAS14:00---PAE16:40)
784(7/8PDX14:00---ATL18:46)
789(7/8SFO14:00---KOA19:30)
917(7/8MCO14:00---SEA20:10)
1258(7/8SEA14:00---SAN16:50)
831(7/8PDX14:00---OGG19:55)
324(7/8PDX14:02---ORD18:07)
1193(7/8SJC14:03---SEA16:15)
1089(7/8LAS14:05---PDX16:24)
18(7/8PDX14:20---JFK19:45)
1063(7/8BUR14:20---PDX16:37)
249(7/8SFO14:20---BOS20:01)
248(7/8ANC14:30---SEA18:08)
139(7/8ORD14:30---ANC21:15)
1228(7/8AUS14:45---SEA19:12)
292(7/8SFO14:54---EWR20:29)
516(7/8SEA14:55---FLL20:52)
606(7/8SEA14:55---PHX17:52)
867(7/8PDX14:56---KOA20:50)
196(7/8ADQ15:00---ANC15:57)
10(7/8PDX15:00---DCA20:02)
479(7/8LAS15:00---SEA17:40)
1410(7/8SFO15:00---PDX16:45)
329(7/8ORD15:00---SEA19:34)
366001(7/8SEA15:02---MKE18:54)
890(7/8SEA15:03---ORD19:13)
26(7/8SEA15:05---JFK20:29)
555001(7/8SEA15:05---MSP18:29)
916(7/8SEA15:08---MCO20:50)
825(7/8SEA15:09---OGG21:20)
233(7/8SAN15:10---EWR20:43)
414(7/8SEA15:17---DFW19:19)
214(7/8LAX15:20---IAD20:25)
165(7/8DEN15:20---ANC20:54)
306(7/8SEA15:21---BOS20:45)
305001(7/8SEA15:25---MIA21:20)
560(7/8LAX15:30---KOA21:10)
227(7/8JFK15:30---SFO21:48)
388(7/8SEA15:32---STL19:26)
73(7/8JNU15:34---ANC17:24)
4(7/8SEA15:34---DCA20:43)
390(7/8SAN15:40---BOS21:27)
402(7/8SEA15:47---CHS21:00)
572001(7/8SEA15:55---RDU21:01)
294(7/8PDX16:00---EWR21:21)
270(7/8ONT16:00---HNL21:55)
320(7/8SAN16:00---MCO21:13)
83(7/8SEA16:00---ANC19:35)
1268(7/8PDX16:00---BNA20:19)
1190(7/8SEA16:00---SNA18:49)
113(7/8SFO16:05---JFK21:47)
418001(7/8SEA16:13---MCI19:39)
406001(7/8SEA16:15---IAD21:13)
568(7/8SEA16:19---MSY20:53)
899(7/8SAN16:19---KOA22:20)
727(7/8SEA16:22---ATL21:11)
326(7/8SEA16:24---TPA21:50)
48001(7/8ANC16:25---SEA20:01)
442(7/8SEA16:42---PHL21:47)
8(7/8SFO16:45---DCA21:58)
426(7/8SEA16:50---DFW20:48)
798(7/8LAX16:50---SEA19:35)
174(7/8SEA16:57---FAI20:40)
731(7/8PHX17:00---PAE20:03)
23(7/8JFK17:00---SEA23:08)
875(7/8SEA17:00---LIH23:15)
378(7/8SEA17:03---BWI22:10)
450001(7/8SEA17:10---CMH21:32)
477(7/8SEA17:10---EWR22:29)
508001(7/8SEA17:12---CVG21:37)
522001(7/8SEA17:20---BNA21:44)
1277(7/8SNA17:21---SEA20:06)
887(7/8SEA17:22---HNL23:33)
829(7/8SAN17:29---OGG23:34)
1420(7/8PDX17:30---IAH21:50)
1161(7/8PDX17:30---PHX20:16)
300(7/8PDX17:35---MCO23:12)
160(7/8ANC17:35---SEA21:09)
216001(7/8SEA17:37---CLE22:01)
385(7/8PAE17:40---PHX20:43)
500001(7/8SEA17:42---IND21:48)
637(7/8PHX17:46---SEA20:53)
322(7/8SAN17:48---IAD22:59)
429001(7/8SEA17:52---ORD21:59)
725(7/8PDX17:55---AUS21:56)
818(7/8SEA17:58---BOS23:19)
824(7/8HNL18:00---SEA23:50)
862(7/8OGG18:00---SEA23:38)
822(7/8KOA18:00---SEA23:54)
1240(7/8LAX18:02---PDX20:25)
891(7/8ORD18:03---SEA22:42)
474(7/8SAN18:04---ATL22:31)
412001(7/8SEA18:06---PIT22:42)
34(7/8SEA18:06---JFK23:29)
434(7/8SFO18:10---IAD23:19)
104001(7/8ANC18:15---SEA21:49)
1010(7/8SEA18:20---GEG19:29)
1174(7/8SEA18:22---SNA21:14)
108(7/8ANC18:22---FAI19:27)
1467(7/8LAS18:27---PDX20:48)
392(7/8PDX18:28---DFW22:16)
503(7/8AUS18:36---SEA22:59)
733(7/8SEA18:38---SLC20:44)
1096(7/8SEA18:41---SAN21:38)
722(7/8SEA18:44---PHX21:47)
438(7/8SEA18:45---IAH23:10)
682(7/8DEN18:49---SEA21:48)
603(7/8PHX18:52---SEA21:58)
817(7/8SEA18:55---OGG01:10)
598(7/8SFO18:55---ORD23:18)
106001(7/8SEA19:00---FAI22:53)
658(7/8SEA19:00---LAS21:44)
1314(7/8SJC19:02---SEA21:10)
325(7/8ORD19:03---PDX23:35)
1137(7/8SAN19:12---SEA22:10)
352(7/8SEA19:18---AUS23:30)
555(7/8MSP19:25---SEA23:15)
494001(7/8SEA19:33---SAT23:37)
100(7/8ANC19:41---SEA23:10)
740(7/8SNA19:42---SFO21:10)
14(7/8SAN19:42---DCA00:59)
291(7/8SEA19:46---STL23:35)
475(7/8ATL19:47---SAN00:31)
366(7/8MKE19:50---SEA00:16)
25(7/8JFK20:00---SAN01:57)
280(7/8EWR20:00---SEA02:12)
407(7/8ORD20:09---SEA00:49)
140(7/8FAI20:17---SEA00:00)
415(7/8DFW20:19---SEA00:34)
74(7/8JNU20:22---SEA22:45)
1011(7/8GEG20:23---SEA21:37)
388001(7/8STL20:24---SEA00:50)
20(7/8SFO20:24---JFK02:08)
304(7/8BOS20:25---SEA02:48)
266(7/8ANC20:25---SFO01:05)
808(7/8KOA20:30---SEA02:22)
6(7/8LAX20:31---DCA01:42)
418(7/8MCI20:34---SEA00:32)
297(7/8EWR20:34---SAN02:26)
700(7/8SEA20:35---PHX23:29)
419(7/8MCO20:39---SEA02:50)
114(7/8JFK20:39---SFO03:02)
162(7/8ANC20:40---SEA00:13)
1097(7/8SAN20:45---SEA23:45)
410(7/8SEA20:45---ORD00:42)
31(7/8JFK20:45---SEA03:10)
840(7/8LIH20:47---SEA02:32)
1159(7/8SNA20:51---PDX23:15)
432(7/8SAN20:52---TPA01:50)
898(7/8OGG20:55---PDX02:19)
2(7/8SEA20:58---DCA01:59)
534(7/8SFO20:59---AUS00:45)
732(7/8PAE21:00---PHX00:03)
3(7/8DCA21:02---SEA03:00)
1319(7/8BOS21:06---PDX03:24)
65(7/8JNU21:07---ANC22:53)
773(7/8SEA21:10---SNA00:01)
1297(7/8SAN21:15---PDX23:49)
1238(7/8PHX21:16---PDX23:59)
1269(7/8BNA21:19---PDX02:15)
507(7/8IAD21:25---SAN02:52)
19(7/8JFK21:29---PDX03:46)
778(7/8PDX21:30---LAS23:49)
462(7/8EWR21:30---SEA03:44)
92(7/8SEA21:33---KTN23:41)
1235(7/8PDX21:34---DEN00:10)
103(7/8FAI21:35---ANC22:40)
16(7/8SEA21:37---JFK02:59)
734(7/8SLC21:39---SEA23:54)
396(7/8PHX21:43---PAE00:44)
290(7/8EWR21:43---PDX03:50)
9(7/8DCA21:43---PDX03:31)
389(7/8BOS21:45---SAN04:00)
646(7/8DFW21:46---PDX01:47)
894(7/8KOA21:50---SAN03:16)
301(7/8MCO21:50---PDX03:50)
517(7/8FLL21:52---SEA04:20)
569(7/8MSY21:53---SEA03:00)
1100(7/8PDX21:55---SNA00:27)
131(7/8SEA21:58---ANC01:30)
572(7/8RDU22:01---SEA03:56)
485(7/8CHS22:03---SEA04:00)
1046(7/8SEA22:08---SJC00:17)
1147(7/8LAX22:10---SEA00:54)
868(7/8KOA22:10---PDX03:40)
783(7/8ATL22:11---PDX03:35)
397(7/8MCO22:13---SAN03:18)
406(7/8IAD22:13---SEA04:00)
1279(7/8LAX22:16---GEG00:47)
305(7/8MIA22:20---SEA05:07)
860(7/8OGG22:20---SEA04:00)
293(7/8EWR22:24---SFO04:49)
450(7/8CMH22:28---SEA03:35)
819(7/8BOS22:32---SEA05:02)
508(7/8CVG22:37---SEA03:35)
460(7/8SEA22:43---BOS03:59)
522(7/8BNA22:44---SEA03:48)
975(7/8PHX22:47---SEA01:52)
500(7/8IND22:48---SEA03:35)
1030(7/8SEA22:48---BZN00:31)
56(7/8ANC22:50---SEA02:20)
1421(7/8IAH22:50---PDX03:15)
443(7/8PHL22:52---SEA04:57)
420(7/8SEA22:53---MCO04:33)
17(7/8JFK22:53---SEA05:22)
216(7/8CLE22:55---SEA04:00)
326001(7/8TPA22:55---SEA05:07)
337001(7/8ORD22:55---SEA03:35)
271(7/8HNL22:55---ONT04:27)
99(7/8SEA22:58---ANC02:42)
7(7/8DCA22:58---SFO04:53)
744(7/8SEA22:59---PHX01:57)
348(7/8SEA22:59---IAD03:59)
1396(7/8AUS23:00---PDX03:14)
492(7/8SEA23:09---ATL03:59)
379(7/8BWI23:10---SEA05:07)
317(7/8DFW23:16---SEA03:35)
1092(7/8SEA23:18---LAX02:05)
561(7/8KOA23:20---LAX04:51)
287(7/8EWR23:29---LAX05:35)
334(7/8ATL23:31---SEA05:07)
151001(7/8ANC23:40---AKN00:49)
590(7/8SEA23:42---SFO01:53)
412(7/8PIT23:42---SEA05:07)
720(7/8SEA23:46---FAT01:58)
106(7/8FAI23:53---SEA03:35)
435(7/8IAD23:59---SFO05:46)
1146(7/8SEA23:59---SAN02:49)
1214(7/9SEA00:04---SJC02:15)
439(7/9IAH00:10---SEA04:53)
369(7/9MCO00:12---SFO05:59)
844(7/9LIH00:15---SJC05:24)
1468(7/9SEA00:15---LAX03:00)
821(7/9SAN00:16---LIH06:32)
597(7/9ORD00:18---SFO05:06)
355(7/9BOS00:19---SFO06:59)
213(7/9IAD00:19---LAX05:48)
269(7/9SFO00:22---ANC05:15)
41(7/9JFK00:29---SFO06:59)
134(7/9ANC00:30---SEA04:00)
339(7/9AUS00:30---SEA05:07)
1176(7/9PDX00:30---PHX03:20)
291001(7/9STL00:32---SEA05:00)
896(7/9HNL00:33---SEA06:31)
806(7/9OGG00:34---SAN05:55)
1370(7/9PDX00:35---AUS04:42)
94(7/9KTN00:35---SEA02:35)
494(7/9SAT00:37---SEA04:53)
398(7/9SEA00:40---IAH04:59)
382(7/9SEA00:43---BNA04:59)
353(7/9PDX00:46---OGG06:39)
1455(7/9PDX00:49---ANC04:40)
1229(7/9SNA00:49---SEA03:35)
538(7/9SEA00:54---ORD04:59)
78(7/9SEA00:55---ANC04:37)
372(7/9SEA00:56---AUS05:05)
424(7/9SEA00:59---DFW04:59)
730(7/9SEA00:59---LAS03:38)
1140(7/9SEA00:59---SFO03:15)
1062(7/9PDX01:04---BUR03:23)
564(7/9SEA01:05---MCI04:35)
662(7/9PHX01:05---PDX03:48)
472(7/9SEA01:06---STL04:59)
1047(7/9SJC01:11---SEA03:18)
805(7/9SEA01:25---OGG07:34)
1031(7/9BZN01:25---SEA03:35)
823(7/9SEA01:25---HNL07:33)
69001(7/9SEA01:35---KTN03:44)
1310(7/9SEA01:36---SJC03:51)
386(7/9SEA01:37---MSP04:59)
391(7/9PAE01:44---LAS04:17)
513(7/9AUS01:45---SFO05:29)
839(7/9SEA01:45---LIH07:54)
338(7/9SEA01:48---OMA04:59)
1280(7/9GEG01:49---LAX04:35)
1104(7/9SEA01:50---SNA04:39)
939(7/9SEA01:55---SAN04:47)
1028(7/9SAN01:58---OGG07:59)
151(7/9AKN01:59---ANC03:10)
1318001(7/9SEA01:59---SFO04:12)
801(7/9SEA01:59---KOA08:04)
1168(7/9SEA02:25---BUR04:59)
721(7/9FAT02:40---SEA05:07)
1327(7/9SFO02:49---SEA05:05)
167(7/9SEA02:50---FAI06:36)
827(7/9ANC02:55---HNL08:59)
141(7/9PHX02:57---ANC08:48)
1005(7/9SAN02:57---SFO04:37)
1004(7/9SEA02:59---GEG04:09)
1034(7/9SEA03:14---BOI04:46)
642(7/9SEA03:17---DEN05:59)
268(7/9ANC03:25---SEA07:06)
228(7/9SEA03:25---ANC07:04)
70(7/9ANC03:45---JNU05:27)
1110(7/9SAN03:45---SEA06:51)
644(7/9SEA03:55---PHX06:54)
1264(7/9SEA04:03---SAN06:59)
444(7/9SEA04:15---PHL09:25)
91(7/9SEA04:15---SIT06:44)
307(7/9SFO04:28---BOS10:10)
69(7/9KTN04:29---JNU05:30)
1040(7/9SEA04:30---ONT07:15)
436(7/9PDX04:37---BOS10:00)
980(7/9SEA04:40---SFO06:59)
314(7/9SEA04:40---EWR09:59)
315(7/9SEA04:45---CMH09:13)
545(7/9SEA04:45---IND09:00)
1039(7/9SEA04:45---GEG05:58)
919(7/9SEA04:55---RDU10:00)
36(7/9SAN04:56---JFK10:29)
374(7/9SFO05:19---EWR10:54)
455(7/9SFO05:43---IAD10:50)
394(7/9SEA06:05---MCO11:40)
340(7/9SEA06:10---PIT10:43)
490(7/9SEA06:16---MSY10:50)
536(7/9SEA06:40---BOS12:00)
810(7/9LIH07:32---SEA13:16)
558(7/9OGG07:39---PDX13:00)
828(7/9HNL08:33---ANC14:40)
814(7/9OGG08:34---SEA14:11)
826(7/9LIH08:54---SAN14:33)
1029(7/9OGG08:59---SAN14:18)
