Run time(sec):            601
IP gap:7.299
======================= COST =======================
======================= COST =======================
Total:              1.846e+09
Cancel:             1.836e+09
Delay:              1.836e+05
Swaps:              1.968e+06
PosViol:             4.25e+06
CSC:                3.708e+06

===================== DISRUPTION ===================
# Cancelled:             1044
# Delayed:                 17
# Swaps:                  164
# CSCs:                   158
Ttl delay(min):	         1836
Avg delay(min):	          108
Min delay(min):	           15
Max delay(min):	          187

================= AIRPORT CAPACITY =================
SEA 2025-Jul-07 17:00:00 2025-Jul-07 21:00:00 1 0(0)
SEA 2025-Jul-07 17:00:00 2025-Jul-07 21:00:00 2 0(1)

================= AIRCRAFT LOCATION ================
Aircraft     PlannedEnd      ActualEnd
N214AK            AUS            RDM
N224AK            ANC            PAE
N236AK            IAD            ATL
N237AK            SEA            MSY
N238AK            IAD            IAD
N247AK            SEA            PDX
N248AK            SEA            MCI
N251AK            EUG            SFO
N253AK            IND            SFO
N260AK            PDX            BOS
N264AK            OMA            LAX
N265AK            SFO            IAH
N267AK            PDX            PHX
N268AK            PDX            SAN
N270AK            SEA            SEA
N272AK            ORD            RDU
N273AK            JNU            LAX
N274AK            MKE            ORD
N275AK            LAS            GEG
N277AK            CMH            ONT
N280AK            PDX            SFO
N281AK            ABQ            GEG
N282AK            JFK            SEA
N283AK            PDX            SEA
N284AK            SJC            SEA
N285AK            SMF            ORD
N287AK            RDM            SEA
N288AK            ORD            SFO
N290AK            BNA            SEA
N291BT            SEA            KTN
N292AK            LAS            RDU
N293AK            ANC            JFK
N294AK            LAX            DFW
N296AK            PHX            LAX
N297AK            SFO            PDX
N298AK            LAX            BOS
N307AS            SEA            SEA
N309AS            JNU            JNU
N318AS            SEA            SEA
N402AS            LAS            DTW
N403AS            SAN            OMA
N408AS            ANC            SAN
N409AS            SFO            SEA
N413AS            SEA            SEA
N419AS            BOS            BNA
N423AS            LAX            DFW
N431AS            MCO            SFO
N433AS            CLE            PDX
N434AS            ANC            ANC
N435AS            GEG            CVG
N440AS            LAX            SAT
N442AS            SEA            CHS
N448AS            SEA            ATL
N453AS            JNU            BUR
N457AS            DFW            PDX
N459AS            SFO            SEA
N462AS            SFO            JNU
N464AS            ANC            GEG
N467AS            MCI            SEA
N469AS            GEG            SEA
N471AS            SEA            PHX
N472AS            SJC            SFO
N474AS            SEA            HNL
N477AS            TPA            PHL
N478AS            ANC            HNL
N481AS            PDX            SEA
N483AS            PDX            KTN
N486AS            SEA            SMF
N487AS            BNA            SAN
N491AS            PDX            SAN
N492AS            PDX            SFO
N493AS            PHL            SEA
N494AS            ANC            SEA
N495AS            HNL            TPA
N506AS            BOS            MCI
N508AS            DCA            SEA
N512AS            SNA            SEA
N513AS            SEA            DCA
N514AS            SFO            BOS
N516AS            LAX            SNA
N517AS            SAN            SAN
N518AS            LAX            PDX
N519AS            SNA            SFO
N520AS            ANC            SNA
N523AS            SEA            LIH
N525AS            ANC            SNA
N526AS            SEA            SNA
N527AS            BWI            SEA
N529AS            SIT            SAN
N530AS            SJC            SEA
N531AS            SEA            DEN
N532AS            PDX            DCA
N535AS            SAN            SNA
N536AS            SEA            BNA
N537AS            DCA            LAX
N538AS            SEA            KOA
N546AS            SEA            DEN
N548AS            DEN            SMF
N549AS            ADQ            ADQ
N551AS            SEA            PHX
N552AS            SNA            SBP
N553AS            SEA            SEA
N556AS            SMF            OGG
N557AS            SAN            SAN
N560AS            SEA            SFO
N562AS            MSP            SAN
N564AS            ANC            SBP
N565AS            SEA            PDX
N568AS            LAX            MCO
N569AS            SAN            SEA
N570AS            SAN            SFO
N577AS            SEA            SEA
N579AS            KOA            SEA
N581AS            BOS            SFO
N586AS            PDX            SEA
N587AS            PHX            PDX
N589AS            JFK            SEA
N590AS            DCA            LAX
N592AS            ORD            ANC
N593AS            LAS            LAS
N594AS            OAK            SEA
N596AS            SEA            SEA
N597AS            OGG            SEA
N607AS            ANC            ANC
N609AS            SIT            SIT
N611AS            SEA            SEA
N612AS            ANC            ANC
N613AS            RNO            RNO
N615AS            JNU            JNU
N618AS            ANC            ANC
N619AS            ANC            ANC
N622AS            SEA            SEA
N703AL            SEA            SAN
N705AL            LAX            SFO
N706AL            EWR            EWR
N707AL            EWR            SFO
N708AL            ORD            LAS
N709AL            TPA            SEA
N710AL            MSP            ATL
N712AL            LAX            LAX
N713AL            PDX            SAN
N716AL            MCO            PDX
N719AL            SEA            IAD
N720AL            BOS            BOI
N722AL            SEA            BZN
N723AL            DFW            OGG
N724AL            AUS            BOS
N725AL            SFO            IAD
N729AL            LAX            OGG
N731AL            MCO            SFO
N732AL            SEA            ONT
N733AL            PDX            ANC
N734AL            JFK            FAI
N738AL            SEA            SEA
N801AK            ANC            ANC
N803AK            JFK            JFK
N804AK            SEA            SEA
N805AK            LAX            LAX
N806AK            LAX            LAX
N809AK            SEA            SEA
N812AK            SFO            SFO
N813AK            SEA            SEA
N903AK            PDX            DFW
N912AK            SAN            LAX
N913AK            GEG            PDX
N915AK            SEA            SEA
N917AK            ONT            ONT
N918AK            RDU            PDX
N919AK            PHX            CVG
N920AK            ATL            OGG
N921AK            AUS            BUR
N924AK            EWR            SEA
N926AK            MSY            SJC
N928AK            DEN            SEA
N929AK            SEA            SAN
N931AK            PDX            ORD
N932AK            SFO            TPA
N933AK            ORD            SEA
N934AK            ANC            EWR
N935AK            SAN            PHX
N936AK            SEA            SEA
N938AK            LAX            SEA
N941AK            IAH            OAK
N942AK            ORD            ATL
N947AK            FAI            LAX
N948AK            LAX            SEA
N949AK            FAI            MCO
N952AK            SEA            ANC
N953AK            CVG            SEA
N954AK            PDX            SEA
N955AK            SFO            DEN
N956AK            PIT            STL
N958AK            SAT            MSY
N960AK            BOS            SAN
N961AK            PHX            BOI
N962AK            SFO            PDX
N963AK            LAX            SEA
N964AK            IAH            LAX
N966AK            SFO            SAN
N967AK            LAX            SAN
N968AK            JFK            MSP
N969AK            PDX            SEA
N972AK            SFO            SLC
N973AK            ONT            BUR
N974AK            BOI            SEA
N975AK            LAS            TPA
N976AK            STL            IAD
N977AK            SEA            BOI
N978AK            IAD            SEA
N982AK            SEA            SEA
N983AK            ATL            RNO
N984AK            FAI            GEG
N985AK            DEN            PDX
N990AK            LAX            SEA
N407AS            SEA            SFO
N428AS            LAX            SEA
N468AS            DTW            PIT
N479AS            SEA            SEA
N563AS            GEG            SNA
N566AS            SFO            PDX
N588AS            ANC            SEA
N614AS            ANC            ANC
N946AK            BUR            EWR
N971AK            BUR            PDX
N979AK            SAN            SAT
