===== Copy Generation Summary =====
#Iter       TotalGen  ind(reg)  mul(reg)  ind(csc)  mul(csc) TotalUsed  ind(reg)  mul(reg)  ind(csc)  mul(csc)            obj
    1            389       332         0        57         0       134       113         0        21         0      2.614e+08
    2            397       319         0        78         0       162       137         0        25         0      2.347e+08
    3            411       337         0        74         0       196       175         0        21         0       1.05e+08
    4            411       368         0        43         0       195       179         0        16         0      8.133e+07
    5            407       363         0        44         0       198       170         0        28         0      5.739e+07
    6            413       399         0        14         0       213       207         0         6         0      3.845e+07
    7            406       373         0        33         0       225       208         0        17         0      2.758e+07
    8            405       389         0        16         0       222       218         0         4         0        1.6e+07
    9            393       339         0        54         0       196       170         0        26         0      8.441e+06
   10            391       364         0        27         0       203       199         0         4         0      6.116e+06
   11            390       361         0        29         0       205       187         0        18         0      5.188e+06
   12            384       367         0        17         0       186       183         0         3         0      4.974e+06
   13            359       333         0        26         0       153       145         0         8         0      4.778e+06
   14            345       330         0        15         0       170       168         0         2         0      4.485e+06
   15            300       284         0        16         0       140       138         0         2         0      4.406e+06
   16            279       260         0        19         0       136       130         0         6         0      4.188e+06
   17            271       220         0        51         0       115       114         0         1         0      4.089e+06
   18            236       214         0        22         0       123       115         0         8         0      4.035e+06
   19            222       201         0        21         0       110       105         0         5         0      3.934e+06
   20            202       185         0        17         0        95        89         0         6         0      3.892e+06
   21            190       181         0         9         0        90        89         0         1         0      3.811e+06
   22            162       153         0         9         0        75        74         0         1         0       3.74e+06
   23            152       139         0        13         0        70        65         0         5         0      3.693e+06
   24            139       130         0         9         0        64        63         0         1         0      3.672e+06
   25            158       121         0        37         0        81        63         0        18         0      3.648e+06
   26            144        89         0        55         0        79        42         0        37         0      3.623e+06
   27            128       120         0         8         0        56        54         0         2         0      3.591e+06
   28            119       115         0         4         0        55        55         0         0         0      3.589e+06
   29            117       112         0         5         0        55        53         0         2         0      3.572e+06
   30            124       118         0         6         0        61        58         0         3         0      3.555e+06
   31            123       109         0        14         0        50        50         0         0         0       3.51e+06
   32            112        82         0        30         0        36        32         0         4         0      3.442e+06
   33            109        98         0        11         0        47        47         0         0         0       3.31e+06
   34            117       107         0        10         0        49        45         0         4         0      3.263e+06
   35             95        85         0        10         0        38        37         0         1         0      3.246e+06
   36             91        71         0        20         0        34        32         0         2         0      3.197e+06
   37             83        72         0        11         0        38        38         0         0         0      3.138e+06
   38             71        60         0        11         0        28        27         0         1         0      3.132e+06
   39             40        27         0        13         0        12        11         0         1         0      3.121e+06
   40             35        26         0         9         0        10         9         0         1         0      3.117e+06
   41             24        21         0         3         0         8         8         0         0         0      3.116e+06
   42             24        19         0         5         0         3         3         0         0         0      3.114e+06
   43             17        14         0         3         0         2         2         0         0         0      3.109e+06
   44             13        11         0         2         0         3         3         0         0         0      3.109e+06
   45             12        10         0         2         0         2         2         0         0         0      3.109e+06
   46             11         9         0         2         0         1         1         0         0         0      3.109e+06
