===== Copy Generation Summary =====
#Iter     Gen    Indv     Seq     CSC    Used            Obj
    1     265     265       0       0     185      1.239e+10
    2     254     252       2       0     194      1.574e+09
    3     237     235       2       0     212      1.156e+09
    4     237     235       2       0     211      9.696e+08
    5     236     234       2       0     212      8.577e+08
    6     235     233       2       0     213      7.485e+08
    7     238     236       2       0     210      6.893e+08
    8     236     234       2       0     212       6.27e+08
    9     226     224       2       0     222       5.72e+08
   10     216     214       2       0     233      5.343e+08
   11     209     207       2       0     239      4.896e+08
   12     208     206       2       0     236      4.594e+08
   13     205     203       2       0     240      4.294e+08
   14     203     201       2       0     240      4.089e+08
   15     204     202       2       0     241      3.822e+08
   16     172     170       2       0     265      3.496e+08
   17     200     192       8       0     235      3.277e+08
   18     167     165       2       0     263      2.991e+08
   19     206     202       4       0     224      2.768e+08
   20     201     197       4       0     227      2.535e+08
   21     193     189       4       0     235      2.317e+08
   22     189     185       4       0     239      2.178e+08
   23     198     194       4       0     231      1.984e+08
   24     178     174       4       0     254      1.859e+08
   25     209     207       2       0     225       1.75e+08
   26     222     218       4       0     207      1.664e+08
   27     190     186       4       0     239      1.508e+08
   28     180     174       6       0     252      1.437e+08
   29     195     191       4       0     234      1.385e+08
   30     199     195       4       0     230      1.327e+08
   31     186     182       4       0     243      1.279e+08
   32     197     193       4       0     232      1.247e+08
   33     245     241       4       0     184      1.227e+08
   34     230     226       4       0     199      1.197e+08
   35     201     197       4       0     228      1.192e+08
   36     247     243       4       0     182       1.19e+08
   37     218     214       4       0     211      1.185e+08
   38     220     216       4       0     209      1.179e+08
   39     205     201       4       0     223      1.176e+08
   40     278     272       6       0     150      1.173e+08
   41     213     209       4       0     214      1.168e+08
   42     229     225       4       0     198      1.165e+08
   43     258     254       4       0     170      1.163e+08
   44     265     258       7       0     160       1.16e+08
   45     218     212       6       0     210      1.157e+08
   46     245     239       6       0     180      1.155e+08
   47     205     193      12       0     221      1.152e+08
   48     226     208      18       0     198      1.149e+08
   49     222     208      14       0     203      1.147e+08
   50     216     190      26       0     206      1.143e+08
   51     261     227      34       0     163       1.14e+08
   52     258     226      32       0     161      1.137e+08
   53     259     227      32       0     160      1.133e+08
   54     233     195      38       0     188       1.13e+08
   55     209     171      38       0     209      1.128e+08
   56     236     196      40       0     186      1.126e+08
   57     224     188      36       0     194      1.123e+08
   58     248     208      40       0     174      1.121e+08
   59     282     238      44       0     137       1.12e+08
   60     272     234      38       0     147      1.116e+08
   61     269     223      46       0     152      1.114e+08
   62     274     220      54       0     147      1.111e+08
   63     246     210      36       0     166      1.109e+08
   64     254     218      36       0     158      1.106e+08
   65     299     259      40       0     113      1.105e+08
   66     242     194      48       0     174      1.101e+08
   67     260     218      42       0     151      1.098e+08
   68     237     197      40       0     169      1.096e+08
   69     262     220      42       0     146      1.094e+08
   70     268     224      44       0     143      1.091e+08
   71     310     262      48       0     101       1.09e+08
   72     303     257      46       0     109      1.089e+08
   73     258     214      44       0     149      1.087e+08
   74     297     253      44       0     111      1.086e+08
   75     258     212      46       0     145      1.085e+08
   76     252     208      44       0     154      1.083e+08
   77     284     242      42       0     116      1.081e+08
   78     224     184      40       0     167      1.079e+08
   79     275     231      44       0     125      1.079e+08
   80     301     261      40       0      94      1.078e+08
   81     266     226      40       0     122      1.077e+08
   82     280     230      50       0     126      1.077e+08
   83     274     228      46       0     119      1.075e+08
   84     317     265      52       0      74      1.074e+08
   85     262     202      60       0      99      1.072e+08
   86     302     242      60       0      73      1.071e+08
   87     260     194      66       0     103       1.07e+08
   88     292     226      66       0      48      1.069e+08
   89     281     211      70       0      46      1.068e+08
   90     263     183      80       0      78      1.067e+08
   91     221     145      76       0      97      1.066e+08
   92     284     218      66       0      85      1.065e+08
   93     253     159      94       0      63      1.064e+08
   94     235     143      92       0      80      1.064e+08
   95     218     158      60       0     153      1.063e+08
   96     242     140     102       0      69      1.062e+08
   97     250     132     118       0      58      1.061e+08
   98     251     167      84       0      68       1.06e+08
   99     239     119     120       0      63       1.06e+08
  100     240     144      96       0      88       1.06e+08
  101     239     125     114       0      68      1.059e+08
  102     239     117     122       0      63      1.059e+08
  103     274     144     130       0      34      1.058e+08
  104     262     134     128       0      41      1.058e+08
  105     193      75     118       0     107      1.057e+08
  106     234     108     126       0      62      1.057e+08
  107     238     116     122       0      52      1.057e+08
  108     281     185      96       0      81      1.056e+08
  109     268     132     136       0      36      1.056e+08
  110     227      91     136       0      79      1.056e+08
  111     243     115     128       0      57      1.055e+08
  112     246     114     132       0      58      1.055e+08
  113     256     121     135       0      49      1.055e+08
  114     271     137     134       0      33      1.054e+08
  115     272     138     134       0      33      1.054e+08
  116     249     115     134       0      51      1.054e+08
  117     244     114     130       0      49      1.054e+08
  118     240     104     136       0      54      1.053e+08
  119     264     132     132       0      18      1.053e+08
  120     211     107     104       0      90      1.051e+08
  121     251     115     136       0      29      1.051e+08
  122     244     108     136       0      42      1.051e+08
  123     240     106     134       0      40      1.051e+08
  124     242      94     148       0      42      1.051e+08
  125     202      62     140       0      68       1.05e+08
  126     251      89     162       0      30       1.05e+08
  127     260      96     164       0      25      1.049e+08
  128     250      90     160       0      21      1.049e+08
  129     249      89     160       0      23      1.049e+08
  130     241      67     174       0      14      1.049e+08
  131     232      60     172       0      11      1.048e+08
  132     247      57     190       0       6      1.048e+08
  133     247      55     192       0      24      1.048e+08
  134     243      51     192       0       9      1.048e+08
  135     228      48     180       0       8      1.048e+08
  136     243      41     202       0       1      1.048e+08
  137     242      44     198       0      10      1.048e+08
  138     231      45     186       0       6      1.048e+08
