Run time(sec):            601
IP gap:706.3
======================= COST =======================
======================= COST =======================
Total:              1.753e+09
Cancel:             1.743e+09
Delay:              2.181e+05
Swaps:              1.956e+06
PosViol:            4.425e+06
CSC:                 3.71e+06

===================== DISRUPTION ===================
# Cancelled:             1050
# Delayed:                 24
# Swaps:                  163
# CSCs:                   161
Ttl delay(min):	         2181
Avg delay(min):	           90
Min delay(min):	            8
Max delay(min):	          229

================= AIRPORT CAPACITY =================
SEA 2025-Jul-07 17:00:00 2025-Jul-07 21:00:00 1 0(1)
SEA 2025-Jul-07 17:00:00 2025-Jul-07 21:00:00 2 0(1)

================= AIRCRAFT LOCATION ================
Aircraft     PlannedEnd      ActualEnd
N214AK            AUS            SAN
N224AK            ANC            PHX
N236AK            IAD            JFK
N237AK            SEA            LAS
N238AK            IAD            GEG
N247AK            SEA            SEA
N248AK            SEA            DEN
N251AK            EUG            SEA
N253AK            IND            SJC
N260AK            PDX            BOI
N264AK            OMA            SEA
N265AK            SFO            PDX
N267AK            PDX            SEA
N268AK            PDX            LAS
N270AK            SEA            ANC
N272AK            ORD            ANC
N273AK            JNU            PDX
N274AK            MKE            ORD
N275AK            LAS            LAX
N277AK            CMH            DEN
N280AK            PDX            SAN
N281AK            ABQ            ORD
N282AK            JFK            SEA
N283AK            PDX            SEA
N284AK            SJC            SEA
N285AK            SMF            RDM
N287AK            RDM            SEA
N288AK            ORD            SFO
N290AK            BNA            SEA
N291BT            SEA            SEA
N292AK            LAS            SEA
N293AK            ANC            PDX
N294AK            LAX            SAN
N296AK            PHX            SMF
N297AK            SFO            SEA
N298AK            LAX            BUR
N307AS            SEA            SEA
N309AS            JNU            JNU
N318AS            SEA            SEA
N402AS            LAS            BWI
N403AS            SAN            LAX
N408AS            ANC            PDX
N409AS            SFO            GEG
N413AS            SEA            SEA
N419AS            BOS            EUG
N423AS            LAX            LAX
N431AS            MCO            EWR
N433AS            CLE            PDX
N434AS            ANC            PDX
N435AS            GEG            PIT
N440AS            LAX            LAS
N442AS            SEA            SAT
N448AS            SEA            EUG
N453AS            JNU            ANC
N457AS            DFW            PAE
N459AS            SFO            SAN
N462AS            SFO            JNU
N464AS            ANC            HNL
N467AS            MCI            SEA
N469AS            GEG            SFO
N471AS            SEA            IAH
N472AS            SJC            SEA
N474AS            SEA            DFW
N477AS            TPA            PHL
N478AS            ANC            SEA
N481AS            PDX            SEA
N483AS            PDX            PHL
N486AS            SEA            SEA
N487AS            BNA            SEA
N491AS            PDX            ANC
N492AS            PDX            MCO
N493AS            PHL            SLC
N494AS            ANC            GEG
N495AS            HNL            SAN
N506AS            BOS            PHX
N508AS            DCA            BZN
N512AS            SNA            SEA
N513AS            SEA            KTN
N514AS            SFO            SEA
N516AS            LAX            PDX
N517AS            SAN            SNA
N518AS            LAX            SAN
N519AS            SNA            SFO
N520AS            ANC            SAN
N523AS            SEA            SEA
N525AS            ANC            DCA
N526AS            SEA            SEA
N527AS            BWI            SEA
N529AS            SIT            SAN
N530AS            SJC            SEA
N531AS            SEA            SEA
N532AS            PDX            MCO
N535AS            SAN            SAN
N536AS            SEA            STS
N537AS            DCA            PHX
N538AS            SEA            SAN
N546AS            SEA            OTZ
N548AS            DEN            FAI
N549AS            ADQ            ADQ
N551AS            SEA            ORD
N552AS            SNA            DFW
N553AS            SEA            PDX
N556AS            SMF            LAS
N557AS            SAN            SNA
N560AS            SEA            SNA
N562AS            MSP            KOA
N564AS            ANC            SEA
N565AS            SEA            DLG
N568AS            LAX            BOS
N569AS            SAN            SEA
N570AS            SAN            OAK
N577AS            SEA            LIH
N579AS            KOA            ANC
N581AS            BOS            DCA
N586AS            PDX            ANC
N587AS            PHX            SEA
N589AS            JFK            SEA
N590AS            DCA            DCA
N592AS            ORD            ANC
N593AS            LAS            PHX
N594AS            OAK            DEN
N596AS            SEA            SNA
N597AS            OGG            MCO
N607AS            ANC            ANC
N609AS            SIT            SIT
N611AS            SEA            SEA
N612AS            ANC            ANC
N613AS            RNO            RNO
N615AS            JNU            JNU
N618AS            ANC            ANC
N619AS            ANC            ANC
N622AS            SEA            SEA
N703AL            SEA            SEA
N705AL            LAX            JFK
N706AL            EWR            DFW
N707AL            EWR            PHX
N708AL            ORD            SFO
N709AL            TPA            RNO
N710AL            MSP            ANC
N712AL            LAX            OMA
N713AL            PDX            SFO
N716AL            MCO            SFO
N719AL            SEA            PDX
N720AL            BOS            MCO
N722AL            SEA            LAS
N723AL            DFW            SEA
N724AL            AUS            ANC
N725AL            SFO            PDX
N729AL            LAX            ANC
N731AL            MCO            ONT
N732AL            SEA            HNL
N733AL            PDX            ORD
N734AL            JFK            SFO
N738AL            SEA            MCO
N801AK            ANC            ANC
N803AK            JFK            JFK
N804AK            SEA            SEA
N805AK            LAX            LAX
N806AK            LAX            LAX
N809AK            SEA            SEA
N812AK            SFO            SFO
N813AK            SEA            SEA
N903AK            PDX            LAX
N912AK            SAN            SEA
N913AK            GEG            SEA
N915AK            SEA            SEA
N917AK            ONT            ONT
N918AK            RDU            PDX
N919AK            PHX            CMH
N920AK            ATL            STL
N921AK            AUS            HNL
N924AK            EWR            SFO
N926AK            MSY            OGG
N928AK            DEN            SEA
N929AK            SEA            AUS
N931AK            PDX            IAD
N932AK            SFO            SEA
N933AK            ORD            SFO
N934AK            ANC            SEA
N935AK            SAN            LAS
N936AK            SEA            LAS
N938AK            LAX            CVG
N941AK            IAH            FAI
N942AK            ORD            MSP
N947AK            FAI            SLC
N948AK            LAX            EWR
N949AK            FAI            MCO
N952AK            SEA            ONT
N953AK            CVG            ORD
N954AK            PDX            SJC
N955AK            SFO            ANC
N956AK            PIT            PHX
N958AK            SAT            OGG
N960AK            BOS            SEA
N961AK            PHX            LAX
N962AK            SFO            PDX
N963AK            LAX            PDX
N964AK            IAH            PDX
N966AK            SFO            SEA
N967AK            LAX            LAX
N968AK            JFK            SEA
N969AK            PDX            SAN
N972AK            SFO            EWR
N973AK            ONT            MCO
N974AK            BOI            LAX
N975AK            LAS            CVG
N976AK            STL            IAH
N977AK            SEA            MIA
N978AK            IAD            SAN
N982AK            SEA            SEA
N983AK            ATL            IAD
N984AK            FAI            HNL
N985AK            DEN            EWR
N990AK            LAX            PDX
N407AS            SEA            SAN
N428AS            LAX            LAX
N468AS            DTW            ORD
N479AS            SEA            SEA
N563AS            GEG            SNA
N566AS            SFO            SEA
N588AS            ANC            KOA
N614AS            ANC            ANC
N946AK            BUR            EWR
N971AK            BUR            SEA
N979AK            SAN            IAD
