===== Copy Generation Summary =====
#Iter       TotalGen  ind(reg)  mul(reg)  ind(csc)  mul(csc) TotalUsed  ind(reg)  mul(reg)  ind(csc)  mul(csc)            obj
    1            455       324        84        47         0       188       136        45         7         0      6.845e+06
    2            434       294        53        87         0       176       123        43        10         0      5.832e+06
    3            414       301        12       101         0       179       134         8        37         0      5.832e+06
    4            416       346        11        59         0       198       165         8        25         0      2.134e+06
    5            411       358        13        40         0       169       153        11         5         0      2.114e+06
    6            412       353         6        53         0       203       179         5        19         0      2.112e+06
    7            407       322        11        74         0       183       168         7         8         0      2.112e+06
    8            399       347        12        40         0       190       174        10         6         0      2.094e+06
    9            394       365        10        19         0       167       159         6         2         0      2.088e+06
   10            388       341        26        21         0       191       171        18         2         0      2.017e+06
   11            401       333        42        26         0       195       165        27         3         0      1.978e+06
   12            360       284        48        28         0       182       144        35         3         0      1.971e+06
   13            328       268        24        36         0       156       134        16         6         0      1.933e+06
   14            320       244        44        32         0       136       102        34         0         0      1.928e+06
   15            332       212        91        29         0       174        99        72         3         0      1.927e+06
   16            288       146       116        26         0       150        67        83         0         0      1.915e+06
   17            260       174        49        37         0       117        81        35         1         0      1.915e+06
   18            194       131        18        45         0        63        47        11         5         0      1.915e+06
   19            181       121        39        21         0        84        48        30         6         0      1.902e+06
   20            174       122        16        36         0        84        76         8         0         0      1.902e+06
   21            133        92        20        21         0        65        51        14         0         0      1.902e+06
   22            162       118        16        28         0        37        27        10         0         0      1.902e+06
   23            133        46        51        36         0        56        13        38         5         0      1.902e+06
   24            117        66        28        23         0        38        19        19         0         0      1.902e+06
   25            125        45        72         8         0        66        15        51         0         0      1.902e+06
   26            133        78        50         5         0        73        46        27         0         0      1.902e+06
   27             86        34        35        17         0        34        14        18         2         0      1.902e+06
   28            138       108         0        30         0        67        64         0         3         0      1.902e+06
   29             96        48        33        15         0        33         9        24         0         0      1.902e+06
   30             44        18        16        10         0        18         8        10         0         0      1.902e+06
   31             39        23         2        14         0         5         5         0         0         0      1.901e+06
   32             20        10         6         4         0         3         1         2         0         0      1.901e+06
   33              5         4         0         1         0         1         1         0         0         0      1.901e+06
   34              4         2         0         2         0         0         0         0         0         0      1.901e+06
   35              5         3         2         0         0         2         0         2         0         0      1.901e+06
   36              4         3         1         0         0         1         1         0         0         0      1.901e+06
   37              6         2         4         0         0         3         0         3         0         0      1.901e+06
