===== Copy Generation Summary =====
#Iter     Gen    Indv     Seq     CSC    Used            Obj
    1     301     301       0       0     123      1.104e+10
    2     259     259       0       0     159      6.493e+08
    3     258     258       0       0     160      3.211e+08
    4     244     244       0       0     165       2.48e+08
    5     242     242       0       0     168      1.787e+08
    6     203     202       1       0     202      1.396e+08
    7     219     219       0       0     181      1.124e+08
    8     198     198       0       0     203      9.085e+07
    9     219     219       0       0     177       7.42e+07
   10     220     219       1       0     175      5.779e+07
   11     225     225       0       0     172      4.448e+07
   12     229     226       3       0     158        3.3e+07
   13     202     202       0       0     178      2.655e+07
   14     217     213       4       0     164      2.037e+07
   15     200     195       5       0     170       1.44e+07
   16     231     229       2       0     148      8.699e+06
   17     225     223       2       0     127      6.369e+06
   18     209     207       2       0     124      5.938e+06
   19     242     240       2       0      76      5.689e+06
   20     224     222       2       0      79      5.189e+06
   21     232     230       2       0      35      4.938e+06
   22     179     175       4       0      77      4.408e+06
   23     186     184       2       0      35      4.166e+06
   24     157     155       2       0      50      3.529e+06
   25     150     147       3       0      51      3.324e+06
   26     117     113       4       0      33      3.037e+06
   27     115     113       2       0      25      2.714e+06
   28     111     109       2       0      28      2.619e+06
   29      82      80       2       0      42      2.478e+06
   30      93      91       2       0      20      2.362e+06
   31      61      59       2       0      14      2.303e+06
   32      77      75       2       0       8       2.24e+06
   33      54      52       2       0       9      2.199e+06
   34      31      29       2       0       2      2.199e+06
   35      15      13       2       0       3      2.187e+06
   36      15      13       2       0       2      2.187e+06
   37      15      13       2       0       0      2.187e+06
   38      13      11       2       0       2      2.187e+06
   39       9       7       2       0       0      2.187e+06
   40       9       7       2       0       0      2.187e+06
   41       8       6       2       0       0      2.187e+06
   42       9       7       2       0       2      2.187e+06
   43      15      13       2       0       0      2.187e+06
   44      21      19       2       0       1      2.187e+06
   45      12      10       2       0       0      2.187e+06
