===== Copy Generation Summary =====
#Iter       TotalGen  ind(reg)  mul(reg)  ind(csc)  mul(csc) TotalUsed  ind(reg)  mul(reg)  ind(csc)  mul(csc)            obj
    1           9325      7630       485      1210         0       267       183        60        24         0       3.35e+06
    2           9752      8075       137      1540         0       223       180        25        18         0      2.362e+06
    3          10530      8933        92      1505         0       235       192        24        19         0      1.355e+06
    4          11069      9393        11      1665         0       266       224         6        36         0      1.355e+06
    5          10528      9037        12      1479         0       299       273         9        17         0      1.355e+06
    6          10731      9200         8      1523         0       265       240         2        23         0      1.355e+06
    7           9917      8346         7      1564         0       244       202         5        37         0      1.355e+06
    8           9741      8306         7      1428         0       213       202         3         8         0      1.355e+06
    9           9612      7925         9      1678         0       199       184         3        12         0      1.355e+06
   10           9000      7510        22      1468         0       179       164        10         5         0      1.355e+06
   11           8375      6826        14      1535         0       163       129         9        25         0      1.355e+06
   12           7970      6387        19      1564         0       173       148        15        10         0      1.355e+06
   13           6714      5315        23      1376         0       109        94         8         7         0      1.355e+06
   14           5857      4619        23      1215         0       146       137         6         3         0      1.355e+06
   15           5312      4369        23       920         0       131       109        14         8         0      1.355e+06
   16           3783      2956        20       807         0        95        80         8         7         0      1.354e+06
   17           3637      2797        23       817         0        84        75         2         7         0      1.349e+06
   18           2865      2146        44       675         0        73        44        25         4         0      1.349e+06
   19           2467      1886        46       535         0        78        59        19         0         0      1.349e+06
   20           1820      1361        65       394         0        70        60        10         0         0      1.337e+06
   21           1784      1303        40       441         0        42        27        12         3         0      1.337e+06
   22           1389      1086        22       281         0        33        25         7         1         0      1.337e+06
   23           1112       802        57       253         0        43        27        12         4         0      1.336e+06
   24            772       596        36       140         0        35        20        10         5         0      1.336e+06
   25            433       316        23        94         0        15        15         0         0         0      1.336e+06
   26            475       306        20       149         0        16        16         0         0         0      1.336e+06
   27            174       117        17        40         0         7         5         2         0         0      1.336e+06
   28            151       122         4        25         0        66        57         2         7         0      1.336e+06
   29            104        61        17        26         0         2         2         0         0         0      1.336e+06
   30             79        50         6        23         0         1         1         0         0         0      1.336e+06
   31             37        12        14        11         0         7         2         5         0         0      1.336e+06
   32            115        22        10         8        75        86         9         2         0        75      1.335e+06
   33             59        14        40         5         0        35         4        31         0         0      1.324e+06
   34             33         7         7         4        15        16         1         3         0        12      1.324e+06
   35             29        10        12         4         3         5         0         2         0         3      1.323e+06
   36             55        30        14        11         0         4         2         2         0         0      1.323e+06
   37             34        17        12         5         0         3         3         0         0         0      1.323e+06
   38             28        11        10         7         0         3         3         0         0         0      1.323e+06
   39             34        23         7         4         0         1         1         0         0         0      1.323e+06
