===== Copy Generation Summary =====
#Iter       TotalGen  ind(reg)  mul(reg)  ind(csc)  mul(csc) TotalUsed  ind(reg)  mul(reg)  ind(csc)  mul(csc)            obj
    1            458       359        15        84         0       193       166         7        20         0      9.891e+08
    2            448       345         0       103         0       258       220         0        38         0      8.418e+08
    3            446       393         0        53         0       213       199         0        14         0      5.634e+08
    4            446       373         0        73         0       243       215         0        28         0       4.87e+08
    5            446       425         0        21         0       243       236         0         7         0      4.228e+08
    6            446       361         0        85         0       251       214         0        37         0      3.757e+08
    7            446       394         0        52         0       227       200         0        27         0      3.546e+08
    8            446       421         0        25         0       288       278         0        10         0       3.28e+08
    9            446       414         0        32         0       253       238         0        15         0      3.101e+08
   10            446       413         0        33         0       247       239         0         8         0      2.931e+08
   11            446       428         0        18         0       259       254         0         5         0      2.743e+08
   12            445       368         0        77         0       237       217         0        20         0      2.552e+08
   13            440       383         0        57         0       280       266         0        14         0      2.344e+08
   14            441       428         0        13         0       251       249         0         2         0      2.232e+08
   15            444       395         1        48         0       236       219         0        17         0      2.108e+08
   16            443       375         0        68         0       251       224         0        27         0      1.967e+08
   17            437       408         0        29         0       250       241         0         9         0      1.828e+08
   18            446       401         2        43         0       236       222         0        14         0      1.741e+08
   19            443       332         0       111         0       262       214         0        48         0      1.634e+08
   20            442       431         0        11         0       273       266         0         7         0      1.522e+08
   21            440       373         0        67         0       235       214         0        21         0      1.441e+08
   22            431       393         2        36         0       260       251         2         7         0      1.357e+08
   23            438       400         4        34         0       264       243         2        19         0      1.283e+08
   24            435       377         6        52         0       259       239         6        14         0      1.228e+08
   25            435       334         0       101         0       229       206         0        23         0       1.19e+08
   26            434       353         4        77         0       253       212         4        37         0      1.154e+08
   27            429       403         2        24         0       236       224         2        10         0      1.093e+08
   28            427       369         0        58         0       213       186         0        27         0      1.055e+08
   29            428       388         0        40         0       224       208         0        16         0      1.021e+08
   30            427       402         0        25         0       276       273         0         3         0      9.982e+07
   31            433       389         0        44         0       212       212         0         0         0      9.771e+07
   32            427       352         0        75         0       276       232         0        44         0       9.49e+07
   33            439       384         4        51         0       260       237         2        21         0      9.274e+07
   34            436       373         0        63         0       239       210         0        29         0      9.046e+07
   35            425       348         0        77         0       256       198         0        58         0      8.861e+07
   36            426       359         0        67         0       208       189         0        19         0       8.76e+07
   37            427       351         0        76         0       231       195         0        36         0      8.586e+07
   38            424       381         0        43         0       237       222         0        15         0      8.457e+07
   39            424       369         0        55         0       208       195         0        13         0       8.38e+07
   40            424       343         0        81         0       202       192         0        10         0      8.228e+07
   41            424       362         0        62         0       188       182         0         6         0      8.133e+07
   42            424       380         0        44         0       252       241         0        11         0      8.075e+07
   43            424       387         0        37         0       295       291         0         4         0      8.043e+07
   44            424       358         0        66         0       207       193         0        14         0      7.988e+07
   45            424       311         0       113         0       221       187         0        34         0      7.965e+07
   46            428       352         6        70         0       215       189         5        21         0      7.929e+07
   47            429       355         7        67         0       195       171         3        21         0      7.895e+07
   48            426       311         0       115         0       198       187         0        11         0      7.866e+07
   49            423       327         3        93         0       203       173         2        28         0      7.847e+07
   50            425       321         5        99         0       179       152         4        23         0      7.826e+07
   51            439       329        25        85         0       252       226        15        11         0      7.801e+07
   52            434       317        18        99         0       195       166         9        20         0      7.767e+07
   53            441       328        25        88         0       235       203        19        13         0      7.745e+07
   54            443       346        36        61         0       232       200        24         8         0      7.722e+07
   55            436       309        27       100         0       206       171        14        21         0        7.7e+07
   56            442       356        27        59         0       213       193        14         6         0      7.665e+07
   57            436       347        28        61         0       188       168        16         4         0      7.644e+07
   58            431       286        33       112         0       169       148        17         4         0       7.61e+07
   59            435       268        41       126         0       172       138        23        11         0       7.58e+07
   60            442       315        56        71         0       230       180        31        19         0      7.549e+07
   61            414       305        27        82         0       155       140         7         8         0      7.519e+07
   62            424       329        28        67         0       196       175        12         9         0      7.493e+07
   63            419       314        40        65         0       241       198        23        20         0      7.483e+07
   64            411       280        18       113         0       142       113         5        24         0      7.466e+07
   65            398       291        26        81         0       177       156        13         8         0      7.448e+07
   66            383       286        13        84         0       154       148         0         6         0      7.426e+07
   67            386       320        15        51         0       176       169         5         2         0      7.414e+07
   68            395       291        35        69         0       172       142        22         8         0      7.403e+07
   69            382       292        19        71         0       168       155         6         7         0       7.39e+07
   70            389       276        28        85         0       121       107        10         4         0       7.38e+07
   71            382       261        13       108         0       165       151         0        14         0      7.364e+07
   72            396       232        52       112         0       142       106        28         8         0      7.362e+07
   73            387       255        37        95         0       200       169        17        14         0      7.338e+07
   74            373       247        14       112         0        98        88         2         8         0      7.331e+07
   75            370       247        16       107         0       143       129         3        11         0      7.313e+07
   76            397       260        39        98         0       142       112        20        10         0      7.307e+07
   77            379       217        56       106         0       118        80        23        15         0      7.296e+07
   78            344       240        19        85         0       133       126         2         5         0      7.282e+07
   79            348       220        39        89         0       142       119        17         6         0      7.276e+07
   80            344       223        31        90         0       132       116         7         9         0      7.265e+07
   81            349       261        34        54         0       181       173         7         1         0      7.258e+07
   82            334       218        19        97         0        90        86         0         4         0      7.253e+07
   83            336       213        18       105         0       109        97         6         6         0      7.242e+07
   84            321       174        34       113         0       104        83        19         2         0      7.236e+07
   85            327       181        38       108         0        94        71        17         6         0      7.232e+07
   86            315       193        15       107         0        94        81         0        13         0      7.216e+07
   87            308       193        36        79         0       115        90        15        10         0      7.204e+07
   88            284       167        41        76         0        94        63        23         8         0      7.188e+07
   89            231       155        18        58         0        76        67         5         4         0      7.183e+07
   90            236       164        22        50         0        79        72         0         7         0      7.177e+07
   91            224       123        20        81         0        67        52         4        11         0      7.173e+07
   92            200       132        15        53         0        59        54         4         1         0      7.168e+07
   93            274       217         9        48         0       123       122         0         1         0      7.164e+07
   94            212       131        35        46         0        73        62         8         3         0      7.162e+07
   95            184        74        15        95         0        36        35         0         1         0       7.16e+07
   96            199       104        36        59         0        63        46        17         0         0      7.157e+07
   97            186       125         9        52         0        80        78         0         2         0       7.15e+07
   98            178        99        10        69         0        52        46         0         6         0       7.15e+07
   99            186        83        20        83         0        42        31         5         6         0      7.144e+07
  100            182        96        16        70         0        36        30         6         0         0       7.14e+07
  101            178       103        30        45         0        51        34        14         3         0      7.137e+07
  102            173        78        46        49         0        49        22        26         1         0      7.133e+07
  103            174        91        38        45         0        52        38        13         1         0      7.128e+07
  104            168        75        56        37         0        54        20        34         0         0      7.125e+07
  105            157        84        34        39         0        43        27        15         1         0       7.12e+07
  106            150       115        10        25         0        71        71         0         0         0      7.116e+07
  107            135        58        41        36         0        38        16        22         0         0      7.116e+07
  108            128        64        25        39         0        28        17        10         1         0      7.113e+07
  109            123        58        31        34         0        21        11         8         2         0      7.109e+07
  110            109        64        24        21         0        27        19         4         4         0      7.108e+07
  111            144        48        40        56         0        41        14        24         3         0      7.107e+07
  112            161        92        26        43         0        26        22         3         1         0      7.104e+07
  113             78        33        23        22         0        12         4         7         1         0      7.101e+07
  114             74        42        23         9         0        17        12         4         1         0      7.098e+07
  115             76        29        34        13         0        27         6        20         1         0      7.098e+07
  116             81        24        40        17         0        20         3        17         0         0      7.098e+07
  117             74        39        13        22         0         8         7         0         1         0      7.098e+07
