===== Copy Generation Summary =====
#Iter       TotalGen  ind(reg)  mul(reg)  ind(csc)  mul(csc) TotalUsed  ind(reg)  mul(reg)  ind(csc)  mul(csc)            obj
    1            440       350         0        90         0       185       172         0        13         0      2.375e+08
    2            444       336         0       108         0       187       155         0        32         0      6.373e+07
    3            447       384         0        63         0       233       210         0        23         0      4.989e+07
    4            446       367         0        79         0       256       218         0        38         0      3.761e+07
    5            445       354         0        91         0       242       195         0        47         0      3.395e+07
    6            444       333         0       111         0       272       234         0        38         0      3.051e+07
    7            443       383         0        60         0       255       230         0        25         0      2.739e+07
    8            440       369         0        71         0       240       208         0        32         0      2.557e+07
    9            437       358         0        79         0       245       207         0        38         0       2.36e+07
   10            437       352         0        85         0       240       221         0        19         0      2.211e+07
   11            435       354         0        81         0       237       201         0        36         0      2.021e+07
   12            424       368         0        56         0       236       210         0        26         0      1.838e+07
   13            424       380         0        44         0       215       208         0         7         0      1.699e+07
   14            424       375         0        49         0       250       231         0        19         0      1.588e+07
   15            424       353         0        71         0       214       189         0        25         0      1.547e+07
   16            424       364         0        60         0       256       239         0        17         0      1.458e+07
   17            424       369         0        55         0       262       233         0        29         0       1.38e+07
   18            424       404         0        20         0       254       250         0         4         0       1.24e+07
   19            424       404         0        20         0       232       226         0         6         0      1.157e+07
   20            424       393         0        31         0       221       211         0        10         0      1.075e+07
   21            424       372         0        52         0       230       209         0        21         0      9.954e+06
   22            424       386         0        38         0       258       242         0        16         0      8.453e+06
   23            424       322         0       102         0       218       197         0        21         0      7.662e+06
   24            424       368         0        56         0       214       202         0        12         0      7.114e+06
   25            424       350         0        74         0       208       194         0        14         0       6.11e+06
   26            424       361         0        63         0       268       243         0        25         0      5.798e+06
   27            424       403         0        21         0       293       286         0         7         0      5.424e+06
   28            424       382         0        42         0       214       208         0         6         0      5.236e+06
   29            424       390         0        34         0       255       247         0         8         0      5.063e+06
   30            424       350         0        74         0       193       185         0         8         0      4.943e+06
   31            424       365         0        59         0       273       248         0        25         0      4.736e+06
   32            424       347         0        77         0       197       174         0        23         0      4.601e+06
   33            423       320         0       103         0       200       149         0        51         0      4.432e+06
   34            424       349         0        75         0       203       181         0        22         0      4.343e+06
   35            423       374         0        49         0       205       202         0         3         0      4.284e+06
   36            423       330         0        93         0       176       169         0         7         0      4.227e+06
   37            422       354         0        68         0       221       217         0         4         0      4.148e+06
   38            420       316         0       104         0       184       179         0         5         0      4.064e+06
   39            421       277         0       144         0       159       157         0         2         0      3.961e+06
   40            415       334         0        81         0       192       168         0        24         0      3.806e+06
   41            420       349         0        71         0       213       205         0         8         0      3.718e+06
   42            405       312         0        93         0       222       202         0        20         0      3.514e+06
   43            405       335         0        70         0       274       248         0        26         0      3.412e+06
   44            399       315         0        84         0       177       160         0        17         0      3.351e+06
   45            399       289         0       110         0       165       159         0         6         0       3.29e+06
   46            373       277         0        96         0       166       145         0        21         0      3.222e+06
   47            373       341         0        32         0       207       204         0         3         0      2.849e+06
   48            370       300         0        70         0       168       148         0        20         0      2.788e+06
   49            370       287         0        83         0       179       175         0         4         0      2.743e+06
   50            361       335         0        26         0       219       218         0         1         0      2.712e+06
   51            357       289         0        68         0       192       191         0         1         0      2.687e+06
   52            359       331         0        28         0       176       170         0         6         0      2.657e+06
   53            360       314         0        46         0       164       159         0         5         0      2.551e+06
   54            357       248         0       109         0       167       154         0        13         0       2.54e+06
   55            361       313         0        48         0       191       188         0         3         0       2.52e+06
   56            359       335         0        24         0       178       178         0         0         0      2.513e+06
   57            360       323         0        37         0       207       201         0         6         0      2.507e+06
   58            359       279         0        80         0       148       142         0         6         0      2.505e+06
   59            359       269         0        90         0       202       190         0        12         0      2.455e+06
   60            361       320         0        41         0       232       213         0        19         0        2.4e+06
   61            358       320         0        38         0       248       247         0         1         0      2.382e+06
   62            357       282         0        75         0       160       143         0        17         0      2.365e+06
   63            361       337         0        24         0       197       195         0         2         0      2.324e+06
   64            361       291         0        70         0       217       204         0        13         0      2.311e+06
   65            356       325         0        31         0       219       214         0         5         0      2.305e+06
   66            359       305         0        54         0       180       155         0        25         0      2.302e+06
   67            361       276         0        85         0       164       150         0        14         0      2.299e+06
   68            360       269         0        91         0       126       120         0         6         0      2.272e+06
   69            355       255         0       100         0       177       155         0        22         0       2.24e+06
   70            357       194         0       163         0        93        79         0        14         0      2.234e+06
   71            351       221         0       130         0       140       129         0        11         0       2.21e+06
   72            353       263         0        90         0       141       136         0         5         0      2.157e+06
   73            339       219         0       120         0       131       127         0         4         0      2.149e+06
   74            335       253         0        82         0       104        95         0         9         0      2.129e+06
   75            335       250         0        85         0       123       120         0         3         0      2.121e+06
   76            325       239         0        86         0       134       114         0        20         0      2.114e+06
   77            309       188         0       121         0        71        67         0         4         0      2.079e+06
   78            302       227         0        75         0       145       136         0         9         0       2.06e+06
   79            302       246         0        56         0       133       130         0         3         0      2.005e+06
   80            298       195         0       103         0       100        94         0         6         0       1.99e+06
   81            258       154         0       104         0        76        56         0        20         0      1.987e+06
   82            229       120         0       109         0        62        58         0         4         0      1.987e+06
   83            206       132         0        74         0        51        46         0         5         0      1.969e+06
   84            185       128         0        57         0        55        55         0         0         0      1.969e+06
   85            185       113         0        72         0        33        31         0         2         0      1.957e+06
   86            173        87         0        86         0        18        16         0         2         0      1.957e+06
   87            150        87         0        63         0        44        43         0         1         0      1.937e+06
   88            123        65         0        58         0        19        16         0         3         0      1.934e+06
   89            113        64         0        49         0        24        20         0         4         0      1.934e+06
   90            109        73         0        36         0        12        11         0         1         0      1.913e+06
   91             97        55         0        42         0        15        15         0         0         0      1.894e+06
   92            117        59         0        58         0        12        12         0         0         0      1.894e+06
   93             82        48         0        34         0        18        17         0         1         0      1.867e+06
   94             66        39         0        27         0        13        13         0         0         0      1.837e+06
   95             60        32         0        28         0         1         1         0         0         0      1.837e+06
   96             75        39         0        36         0        15        15         0         0         0      1.822e+06
   97             99        50         0        49         0         4         4         0         0         0      1.822e+06
   98            103        65         0        38         0        16        16         0         0         0      1.822e+06
   99             22        13         0         9         0         5         5         0         0         0      1.822e+06
  100             27        10         0        17         0         5         2         0         3         0      1.805e+06
  101             20        11         0         9         0         1         1         0         0         0      1.805e+06
  102            101        66         0        35         0        35        35         0         0         0      1.805e+06
  103             26        16         0        10         0         3         3         0         0         0      1.805e+06
  104              8         7         0         1         0         2         2         0         0         0      1.804e+06
  105             19        12         0         7         0         1         1         0         0         0      1.804e+06
  106              7         5         0         2         0         2         2         0         0         0      1.804e+06
  107             10         7         0         3         0         1         1         0         0         0      1.804e+06
  108             11         6         0         5         0         2         2         0         0         0      1.804e+06
