===== Copy Generation Summary =====
#Iter       TotalGen  ind(reg)  mul(reg)  ind(csc)  mul(csc) TotalUsed  ind(reg)  mul(reg)  ind(csc)  mul(csc)            obj
    1           3457      2571       390       496         0       230       157        60        13         0       3.35e+06
    2           3444      2597       199       648         0       189       136        36        17         0      2.362e+06
    3           3580      2929        93       558         0       217       171        23        23         0      1.355e+06
    4           3618      3134        21       463         0       232       206        10        16         0      1.355e+06
    5           3573      3077        13       483         0       240       225         4        11         0      1.355e+06
    6           3628      3113         9       506         0       267       245         3        19         0      1.355e+06
    7           3519      2960         0       559         0       285       267         0        18         0      1.355e+06
    8           3357      2769        15       573         0       250       219         7        24         0      1.355e+06
    9           3298      2760         0       538         0       218       196         0        22         0      1.355e+06
   10           3199      2524         4       671         0       201       190         2         9         0      1.355e+06
   11           3149      2553        42       554         0       173       140        23        10         0      1.355e+06
   12           3056      2390        36       630         0       167       140        22         5         0      1.355e+06
   13           2620      2055        57       508         0       161       128        23        10         0      1.355e+06
   14           2216      1760        42       414         0       134       111        14         9         0      1.355e+06
   15           2021      1544        25       452         0       103        97         4         2         0      1.355e+06
   16           1793      1259        45       489         0       119       101        15         3         0      1.354e+06
   17           1216       786        80       350         0        80        51        25         4         0      1.354e+06
   18           1041       784        40       217         0        66        48        17         1         0      1.354e+06
   19           1001       679        42       280         0        69        60         6         3         0      1.347e+06
   20            712       485        42       185         0        50        33        16         1         0      1.346e+06
   21            728       483        27       218         0        39        36         2         1         0      1.346e+06
   22            389       278        17        94         0        15        15         0         0         0      1.346e+06
   23            364       292         9        63         0        71        59         5         7         0      1.334e+06
   24            321       215        34        72         0        26        17         9         0         0      1.334e+06
   25            207       129        30        48         0        10         7         3         0         0      1.334e+06
   26             98        67        18        13         0         7         5         2         0         0      1.334e+06
   27            147       109        19        19         0        64        50        14         0         0      1.334e+06
   28             68        51         5        12         0         1         1         0         0         0      1.334e+06
   29            126        31        11         6        78        80         2         0         0        78      1.334e+06
   30             62        19        40         3         0        36         5        31         0         0      1.324e+06
   31             40        19         8         4         9        12         3         0         0         9      1.324e+06
   32             30        15         8         4         3         5         0         2         0         3      1.324e+06
   33              7         3         1         0         3         0         0         0         0         0      1.323e+06
   34              6         3         3         0         0         1         1         0         0         0      1.323e+06
