===== Copy Generation Summary =====
#Iter       TotalGen  ind(reg)  mul(reg)  ind(csc)  mul(csc) TotalUsed  ind(reg)  mul(reg)  ind(csc)  mul(csc)            obj
    1            442       330         0       112         0       198       174         0        24         0      6.304e+08
    2            447       343         0       104         0       213       187         0        26         0      4.378e+08
    3            444       362         0        82         0       223       189         0        34         0      3.561e+08
    4            446       386         0        60         0       243       219         0        24         0       3.09e+08
    5            446       403         0        43         0       251       233         0        18         0      2.801e+08
    6            446       364         0        82         0       243       205         0        38         0      2.505e+08
    7            446       389         0        57         0       238       208         0        30         0      2.319e+08
    8            446       382         0        64         0       231       203         0        28         0      2.015e+08
    9            446       403         0        43         0       249       232         0        17         0      1.831e+08
   10            446       399         0        47         0       229       214         0        15         0      1.696e+08
   11            446       366         0        80         0       237       208         0        29         0      1.567e+08
   12            442       385         0        57         0       264       255         0         9         0       1.47e+08
   13            440       377         0        63         0       239       222         0        17         0      1.394e+08
   14            435       349         0        86         0       257       223         0        34         0      1.193e+08
   15            439       383         0        56         0       246       232         0        14         0      1.075e+08
   16            433       346         0        87         0       221       172         0        49         0      9.776e+07
   17            432       390         0        42         0       229       220         0         9         0      9.136e+07
   18            432       410         0        22         0       272       265         0         7         0      8.141e+07
   19            424       405         0        19         0       253       247         0         6         0      7.085e+07
   20            424       386         0        38         0       219       214         0         5         0      6.217e+07
   21            424       348         0        76         0       228       194         0        34         0      5.499e+07
   22            424       375         0        49         0       250       238         0        12         0      4.741e+07
   23            424       364         0        60         0       218       190         0        28         0      4.098e+07
   24            424       354         0        70         0       246       231         0        15         0      3.611e+07
   25            427       384         0        43         0       211       207         0         4         0      3.227e+07
   26            425       378         0        47         0       245       221         0        24         0      2.984e+07
   27            424       379         0        45         0       222       204         0        18         0      2.532e+07
   28            424       410         0        14         0       244       238         0         6         0      2.239e+07
   29            424       393         0        31         0       234       227         0         7         0      1.858e+07
   30            424       390         0        34         0       231       224         0         7         0      1.786e+07
   31            424       379         0        45         0       215       195         0        20         0      1.651e+07
   32            424       395         0        29         0       224       211         0        13         0      1.459e+07
   33            424       384         0        40         0       232       230         0         2         0      1.335e+07
   34            424       360         0        64         0       233       216         0        17         0      1.182e+07
   35            424       389         0        35         0       240       234         0         6         0      1.161e+07
   36            424       338         0        86         0       209       196         0        13         0       1.11e+07
   37            424       369         0        55         0       201       180         0        21         0      1.064e+07
   38            424       377         0        47         0       259       251         0         8         0      1.025e+07
   39            424       372         0        52         0       246       236         0        10         0      9.877e+06
   40            424       354         0        70         0       178       167         0        11         0      9.702e+06
   41            423       355         0        68         0       206       198         0         8         0      9.602e+06
   42            422       348         0        74         0       238       216         0        22         0      9.459e+06
   43            419       353         0        66         0       178       172         0         6         0      9.118e+06
   44            421       365         0        56         0       223       213         0        10         0      8.934e+06
   45            418       354         0        64         0       202       192         0        10         0      8.699e+06
   46            418       357         0        61         0       248       237         0        11         0       8.41e+06
   47            411       319         0        92         0       246       209         0        37         0      8.274e+06
   48            400       311         0        89         0       199       178         0        21         0       8.15e+06
   49            402       290         0       112         0       164       141         0        23         0      8.054e+06
   50            396       343         0        53         0       208       206         0         2         0      7.941e+06
   51            394       318         0        76         0       172       150         0        22         0       7.73e+06
   52            381       307         0        74         0       172       162         0        10         0      7.682e+06
   53            380       343         0        37         0       161       158         0         3         0      7.587e+06
   54            379       287         0        92         0       183       156         0        27         0      7.537e+06
   55            376       337         0        39         0       191       185         0         6         0      7.482e+06
   56            369       315         0        54         0       208       192         0        16         0      7.445e+06
   57            371       309         0        62         0       186       172         0        14         0      7.421e+06
   58            371       295         0        76         0       155       154         0         1         0      7.316e+06
   59            375       289         0        86         0       161       142         0        19         0      7.273e+06
   60            374       273         0       101         0       187       153         0        34         0      7.189e+06
   61            362       293         0        69         0       145       142         0         3         0      7.046e+06
   62            361       304         0        57         0       188       185         0         3         0      6.947e+06
   63            365       298         0        67         0       186       178         0         8         0      6.827e+06
   64            371       294         0        77         0       187       183         0         4         0      6.735e+06
   65            363       309         0        54         0       163       156         0         7         0      6.623e+06
   66            370       303         0        67         0       160       155         0         5         0      6.523e+06
   67            362       276         0        86         0       130       126         0         4         0      6.294e+06
   68            363       236         0       127         0       117        88         0        29         0       6.15e+06
   69            362       265         0        97         0       122       122         0         0         0      6.086e+06
   70            357       306         0        51         0       177       164         0        13         0      6.038e+06
   71            358       262         0        96         0       155       144         0        11         0      5.969e+06
   72            357       266         0        91         0       126       121         0         5         0      5.904e+06
   73            360       286         0        74         0       187       160         0        27         0      5.811e+06
   74            365       324         0        41         0       200       194         0         6         0      5.737e+06
   75            370       273         0        97         0       159       144         0        15         0      5.675e+06
   76            362       301         0        61         0       200       186         0        14         0      5.636e+06
   77            358       272         0        86         0       147       138         0         9         0      5.572e+06
   78            355       278         0        77         0       158       152         0         6         0      5.544e+06
   79            356       254         0       102         0       122       116         0         6         0      5.472e+06
   80            356       315         0        41         0       173       165         0         8         0      5.431e+06
   81            349       228         0       121         0       129       118         0        11         0      5.361e+06
   82            357       253         0       104         0        82        73         0         9         0      5.309e+06
   83            343       196         0       147         0       119        80         0        39         0      5.262e+06
   84            355       283         0        72         0       166       156         0        10         0      5.224e+06
   85            349       254         0        95         0       162       141         0        21         0      5.208e+06
   86            348       272         0        76         0       170       159         0        11         0      5.153e+06
   87            353       233         0       120         0       151       131         0        20         0      5.096e+06
   88            344       219         0       125         0       108       100         0         8         0      5.053e+06
   89            336       214         0       122         0        72        63         0         9         0      4.974e+06
   90            348       202         0       146         0       107        90         0        17         0      4.804e+06
   91            344       253         0        91         0       111       106         0         5         0      4.763e+06
   92            309       183         0       126         0        96        85         0        11         0      4.726e+06
   93            338       240         0        98         0       159       127         0        32         0      4.686e+06
   94            305       202         0       103         0        95        91         0         4         0      4.668e+06
   95            298       174         0       124         0       101        92         0         9         0      4.566e+06
   96            292       157         0       135         0        74        56         0        18         0      4.549e+06
   97            273       197         0        76         0        96        90         0         6         0      4.427e+06
   98            259       156         0       103         0        44        42         0         2         0      4.336e+06
   99            264       201         0        63         0       100        94         0         6         0      4.302e+06
  100            232       159         0        73         0        60        59         0         1         0      4.274e+06
  101            226       174         0        52         0        67        67         0         0         0      4.228e+06
  102            203       138         0        65         0        45        45         0         0         0       4.19e+06
  103            271       168         0       103         0        65        49         0        16         0      4.168e+06
  104            251       197         0        54         0        89        87         0         2         0      4.167e+06
  105            278       141         0       137         0        39        38         0         1         0      4.159e+06
  106            190       153         0        37         0       109       107         0         2         0       4.14e+06
  107            209       154         0        55         0        66        66         0         0         0      4.106e+06
  108            212       142         0        70         0        82        73         0         9         0      4.102e+06
  109            263       156         0       107         0        81        78         0         3         0        4.1e+06
  110            263       165         0        98         0        85        85         0         0         0      4.088e+06
  111            204       141         0        63         0        52        48         0         4         0       4.07e+06
  112            170       117         0        53         0        38        32         0         6         0      4.049e+06
  113            166        82         0        84         0        28        24         0         4         0      4.033e+06
  114            165        87         0        78         0        34        29         0         5         0      4.011e+06
  115            167        93         0        74         0        46        39         0         7         0      3.987e+06
  116            160        79         0        81         0        27        25         0         2         0      3.986e+06
  117            164        77         0        87         0        61        38         0        23         0      3.939e+06
  118            162        97         0        65         0        40        39         0         1         0      3.929e+06
  119            167       112         0        55         0        60        55         0         5         0      3.872e+06
  120            166        98         0        68         0        49        41         0         8         0      3.864e+06
  121            165       106         0        59         0        64        49         0        15         0      3.838e+06
  122            151        83         0        68         0        37        20         0        17         0      3.831e+06
  123            151       135         0        16         0        74        74         0         0         0      3.777e+06
  124            146        82         0        64         0        25        21         0         4         0      3.769e+06
  125            149        97         0        52         0        38        34         0         4         0      3.764e+06
  126            123        65         0        58         0        26        19         0         7         0      3.761e+06
  127            123        77         0        46         0        29        27         0         2         0      3.732e+06
  128            113        57         0        56         0        15        14         0         1         0       3.73e+06
  129            147       102         0        45         0        56        51         0         5         0       3.69e+06
  130            104        69         0        35         0        17        16         0         1         0      3.675e+06
  131             97        54         0        43         0        11        11         0         0         0      3.655e+06
  132            104        79         0        25         0        20        20         0         0         0      3.581e+06
  133            142        98         0        44         0        21        21         0         0         0      3.564e+06
  134             96        69         0        27         0        44        42         0         2         0      3.564e+06
  135             75        49         0        26         0        15        14         0         1         0      3.546e+06
  136             61        40         0        21         0        12        11         0         1         0      3.541e+06
  137             45        24         0        21         0         2         1         0         1         0       3.54e+06
  138             52        34         0        18         0         5         5         0         0         0      3.523e+06
  139             42        24         0        18         0        10         9         0         1         0      3.498e+06
  140             24        20         0         4         0         4         4         0         0         0      3.498e+06
  141             24        17         0         7         0         4         3         0         1         0      3.493e+06
  142             15        12         0         3         0         1         1         0         0         0      3.492e+06
  143             20        15         0         5         0         3         2         0         1         0      3.485e+06
  144             18        11         0         7         0         2         1         0         1         0      3.485e+06
  145             12        12         0         0         0         3         3         0         0         0      3.485e+06
  146             13        11         0         2         0         0         0         0         0         0      3.485e+06
  147             14        11         0         3         0         2         2         0         0         0      3.485e+06
