===== Copy Generation Summary =====
#Iter       TotalGen  ind(reg)  mul(reg)  ind(csc)  mul(csc) TotalUsed  ind(reg)  mul(reg)  ind(csc)  mul(csc)            obj
    1            445       331        67        47         0       183       131        36        16         0      1.155e+08
    2            419       354        18        47         0       182       164        14         4         0      8.979e+07
    3            420       364         8        48         0       176       168         6         2         0      6.923e+07
    4            415       376         7        32         0       201       183         5        13         0      5.351e+07
    5            413       375         4        34         0       189       178         3         8         0      2.473e+07
    6            408       385        12        11         0       196       184         8         4         0      1.171e+07
    7            406       366        17        23         0       206       183        13        10         0      7.789e+06
    8            396       332         4        60         0       173       157         3        13         0      4.574e+06
    9            397       349        13        35         0       205       186        11         8         0      3.453e+06
   10            393       344        13        36         0       161       150        10         1         0      3.032e+06
   11            398       340        14        44         0       177       157        11         9         0      2.922e+06
   12            387       324        24        39         0       170       141        18        11         0      2.863e+06
   13            386       335        15        36         0       158       145         9         4         0      2.691e+06
   14            374       300        33        41         0       198       164        19        15         0      2.594e+06
   15            363       273        39        51         0       154       118        31         5         0       2.49e+06
   16            350       232        30        88         0       131       105        17         9         0      2.325e+06
   17            290       249        22        19         0       133       114        17         2         0      2.216e+06
   18            284       224        27        33         0       112        96        15         1         0      2.065e+06
   19            295       213        49        33         0       140        95        39         6         0      1.966e+06
   20            225       149        46        30         0        99        69        28         2         0      1.914e+06
   21            209       147        32        30         0        67        50        15         2         0      1.778e+06
   22            191       109        52        30         0        96        45        44         7         0      1.738e+06
   23            154       125        11        18         0        61        56         5         0         0      1.658e+06
   24            158       108        33        17         0        63        45        17         1         0      1.641e+06
   25            142        91        20        31         0        37        27         8         2         0      1.608e+06
   26            135        71        26        38         0        38        17        17         4         0      1.591e+06
   27            107        68        14        25         0        23        22         0         1         0      1.543e+06
   28             74        50        10        14         0        11         7         3         1         0      1.543e+06
   29             57        40         9         8         0         8         6         2         0         0      1.509e+06
   30             46        26        14         6         0         7         2         5         0         0      1.475e+06
   31             34        25         3         6         0         1         1         0         0         0      1.474e+06
   32             26        20         3         3         0         0         0         0         0         0      1.474e+06
   33             21        16         3         2         0         1         1         0         0         0      1.474e+06
   34             25        19         3         3         0         2         2         0         0         0      1.474e+06
   35             21        18         3         0         0         0         0         0         0         0      1.474e+06
   36             24        18         6         0         0         0         0         0         0         0      1.474e+06
   37             21        17         4         0         0         1         1         0         0         0      1.474e+06
   38             22        18         3         1         0         1         1         0         0         0      1.474e+06
   39             23        19         4         0         0         1         1         0         0         0      1.474e+06
   40             21        17         4         0         0         0         0         0         0         0      1.474e+06
   41             20        16         3         1         0         0         0         0         0         0      1.474e+06
   42             20        15         4         1         0         0         0         0         0         0      1.474e+06
   43             21        17         3         1         0         1         1         0         0         0      1.474e+06
   44             20        16         3         1         0         1         1         0         0         0      1.474e+06
   45             21        16         5         0         0         0         0         0         0         0      1.474e+06
   46             20        16         4         0         0         1         1         0         0         0      1.474e+06
