===== Copy Generation Summary =====
#Iter       TotalGen  ind(reg)  mul(reg)  ind(csc)  mul(csc) TotalUsed  ind(reg)  mul(reg)  ind(csc)  mul(csc)            obj
    1            388       333         0        55         0       158       147         0        11         0      2.957e+08
    2            401       360         0        41         0       175       163         0        12         0      2.679e+08
    3            414       380         0        34         0       200       185         0        15         0      1.361e+08
    4            414       413         0         1         0       228       228         0         0         0      1.012e+08
    5            409       398         0        11         0       218       209         0         9         0      8.711e+07
    6            409       394         0        15         0       224       213         0        11         0      5.314e+07
    7            408       386         0        22         0       219       207         0        12         0      3.749e+07
    8            405       390         0        15         0       217       213         0         4         0      2.824e+07
    9            402       377         0        25         0       204       196         0         8         0      1.828e+07
   10            400       360         0        40         0       215       204         0        11         0      1.098e+07
   11            390       352         0        38         0       192       173         0        19         0      8.526e+06
   12            378       343         0        35         0       179       172         0         7         0      6.682e+06
   13            386       348         0        38         0       187       186         0         1         0      5.551e+06
   14            368       349         0        19         0       178       175         0         3         0      5.398e+06
   15            354       302         0        52         0       161       154         0         7         0      5.289e+06
   16            337       308         0        29         0       170       159         0        11         0      5.175e+06
   17            330       308         0        22         0       165       165         0         0         0      4.974e+06
   18            306       281         0        25         0       147       139         0         8         0      4.929e+06
   19            262       239         0        23         0       125       121         0         4         0      4.822e+06
   20            234       222         0        12         0        96        95         0         1         0      4.605e+06
   21            208       194         0        14         0        88        87         0         1         0      4.538e+06
   22            213       193         0        20         0       114       106         0         8         0      4.488e+06
   23            169       148         0        21         0        73        70         0         3         0      4.466e+06
   24            136       129         0         7         0        67        67         0         0         0      4.439e+06
   25            142       134         0         8         0        64        63         0         1         0      4.414e+06
   26            163       150         0        13         0        91        88         0         3         0      4.378e+06
   27            127       108         0        19         0        59        48         0        11         0      4.372e+06
   28            132       121         0        11         0        60        53         0         7         0      4.281e+06
   29            119       105         0        14         0        49        48         0         1         0      4.251e+06
   30            140       132         0         8         0        48        48         0         0         0      4.098e+06
   31            105        92         0        13         0        38        35         0         3         0      4.078e+06
   32             94        83         0        11         0        37        37         0         0         0      4.053e+06
   33             75        69         0         6         0        32        32         0         0         0      4.031e+06
   34             81        77         0         4         0        33        33         0         0         0          4e+06
   35             60        54         0         6         0        21        20         0         1         0      3.964e+06
   36             62        60         0         2         0        32        32         0         0         0      3.938e+06
   37             43        37         0         6         0        11        11         0         0         0      3.918e+06
   38             62        53         0         9         0        23        23         0         0         0      3.901e+06
   39             32        25         0         7         0         4         4         0         0         0      3.901e+06
   40             31        27         0         4         0         7         7         0         0         0      3.895e+06
   41             27        23         0         4         0         5         5         0         0         0      3.895e+06
   42             23        20         0         3         0         3         3         0         0         0      3.895e+06
