===== Copy Generation Summary =====
#Iter       TotalGen  ind(reg)  mul(reg)  ind(csc)  mul(csc) TotalUsed  ind(reg)  mul(reg)  ind(csc)  mul(csc)            obj
    1            442       348         0        94         0       188       174         0        14         0      3.465e+08
    2            445       371         0        74         0       231       203         0        28         0      2.736e+08
    3            446       342         0       104         0       208       191         0        17         0      6.266e+07
    4            445       337         0       108         0       241       194         0        47         0      4.873e+07
    5            446       351         0        95         0       250       220         0        30         0      4.873e+07
    6            445       341         0       104         0       265       224         0        41         0      4.873e+07
    7            443       399         0        44         0       244       230         0        14         0      4.632e+07
    8            438       371         0        67         0       230       211         0        19         0      4.417e+07
    9            438       385         0        53         0       232       220         0        12         0      4.083e+07
   10            436       378         0        58         0       224       211         0        13         0      3.594e+07
   11            434       332         0       102         0       220       189         0        31         0      3.402e+07
   12            426       358         0        68         0       264       229         0        35         0      3.208e+07
   13            424       360         0        64         0       231       210         0        21         0      2.861e+07
   14            424       373         0        51         0       241       219         0        22         0      2.575e+07
   15            424       335         0        89         0       230       217         0        13         0      2.392e+07
   16            426       417         0         9         0       237       233         0         4         0      2.184e+07
   17            424       363         0        61         0       228       204         0        24         0      2.015e+07
   18            424       370         0        54         0       241       225         0        16         0      1.872e+07
   19            424       358         0        66         0       241       222         0        19         0      1.634e+07
   20            424       353         0        71         0       227       205         0        22         0      1.388e+07
   21            424       374         0        50         0       205       203         0         2         0      1.316e+07
   22            424       399         0        25         0       221       216         0         5         0      1.245e+07
   23            424       386         0        38         0       229       204         0        25         0      1.148e+07
   24            424       342         0        82         0       230       209         0        21         0      1.079e+07
   25            424       363         0        61         0       231       216         0        15         0      1.001e+07
   26            424       352         0        72         0       232       224         0         8         0      9.362e+06
   27            424       363         0        61         0       206       205         0         1         0      9.045e+06
   28            424       399         0        25         0       223       217         0         6         0      8.852e+06
   29            425       339         0        86         0       222       199         0        23         0      8.456e+06
   30            424       374         0        50         0       229       202         0        27         0      8.325e+06
   31            424       364         0        60         0       175       173         0         2         0      8.083e+06
   32            422       380         0        42         0       231       220         0        11         0      7.963e+06
   33            418       345         0        73         0       177       169         0         8         0      7.891e+06
   34            416       385         0        31         0       237       234         0         3         0      7.743e+06
   35            414       363         0        51         0       175       173         0         2         0      7.653e+06
   36            424       369         0        55         0       223       204         0        19         0      7.548e+06
   37            416       366         0        50         0       189       184         0         5         0      7.336e+06
   38            411       337         0        74         0       169       166         0         3         0      7.254e+06
   39            416       367         0        49         0       214       211         0         3         0      7.209e+06
   40            405       339         0        66         0       220       213         0         7         0       7.07e+06
   41            393       345         0        48         0       218       210         0         8         0      7.034e+06
   42            373       306         0        67         0       181       164         0        17         0      6.949e+06
   43            368       317         0        51         0       191       179         0        12         0      6.652e+06
   44            375       305         0        70         0       163       151         0        12         0      6.352e+06
   45            361       303         0        58         0       161       161         0         0         0      6.271e+06
   46            363       315         0        48         0       168       160         0         8         0      6.232e+06
   47            359       303         0        56         0       190       172         0        18         0       6.15e+06
   48            363       287         0        76         0       159       149         0        10         0      6.116e+06
   49            360       280         0        80         0       178       166         0        12         0      6.081e+06
   50            362       321         0        41         0       243       237         0         6         0      6.036e+06
   51            361       246         0       115         0       147       142         0         5         0      6.023e+06
   52            358       290         0        68         0       174       167         0         7         0      5.998e+06
   53            357       303         0        54         0       166       166         0         0         0      5.956e+06
   54            358       211         0       147         0       152       144         0         8         0      5.914e+06
   55            355       302         0        53         0       162       156         0         6         0      5.891e+06
   56            345       295         0        50         0       164       160         0         4         0      5.838e+06
   57            352       205         0       147         0       141       126         0        15         0      5.791e+06
   58            344       319         0        25         0       185       183         0         2         0      5.758e+06
   59            326       278         0        48         0       203       191         0        12         0       5.68e+06
   60            348       289         0        59         0       162       152         0        10         0       5.65e+06
   61            321       237         0        84         0       130       118         0        12         0      5.626e+06
   62            333       245         0        88         0       151       148         0         3         0      5.611e+06
   63            321       244         0        77         0       128       118         0        10         0      5.594e+06
   64            305       233         0        72         0       146       115         0        31         0      5.582e+06
   65            305       202         0       103         0        88        86         0         2         0      5.549e+06
   66            277       195         0        82         0       100        86         0        14         0       5.53e+06
   67            271       225         0        46         0       124       119         0         5         0       5.49e+06
   68            267       221         0        46         0       136       129         0         7         0       5.48e+06
   69            283       235         0        48         0       137       130         0         7         0      5.458e+06
   70            263       204         0        59         0       135       115         0        20         0      5.448e+06
   71            266       202         0        64         0       147       139         0         8         0      5.426e+06
   72            264       219         0        45         0       120       118         0         2         0      5.389e+06
   73            259       162         0        97         0        87        80         0         7         0      5.366e+06
   74            258       165         0        93         0       113        82         0        31         0      5.352e+06
   75            265       196         0        69         0       109       108         0         1         0      5.316e+06
   76            255       203         0        52         0       104       101         0         3         0      5.291e+06
   77            253       168         0        85         0        93        93         0         0         0      5.264e+06
   78            255       147         0       108         0        82        78         0         4         0      5.256e+06
   79            251       148         0       103         0        56        51         0         5         0      5.244e+06
   80            245       202         0        43         0       102       100         0         2         0      5.227e+06
   81            251       160         0        91         0        97        68         0        29         0      5.179e+06
   82            245       159         0        86         0        71        67         0         4         0       5.15e+06
   83            282       214         0        68         0       102        95         0         7         0      5.144e+06
   84            251       193         0        58         0       104        86         0        18         0      5.132e+06
   85            223       123         0       100         0        69        59         0        10         0      5.104e+06
   86            249       134         0       115         0        73        58         0        15         0       5.08e+06
   87            218       155         0        63         0       110        90         0        20         0      5.066e+06
   88            204       160         0        44         0        99        97         0         2         0      5.063e+06
   89            205       108         0        97         0        65        54         0        11         0      5.057e+06
   90            194       154         0        40         0        82        76         0         6         0      5.015e+06
   91            203       137         0        66         0        84        65         0        19         0      4.999e+06
   92            179       122         0        57         0        63        54         0         9         0      4.993e+06
   93            175       124         0        51         0        70        61         0         9         0      4.987e+06
   94            207       165         0        42         0        84        79         0         5         0      4.979e+06
   95            254       171         0        83         0        91        91         0         0         0      4.966e+06
   96            255       175         0        80         0        84        83         0         1         0      4.928e+06
   97            168       126         0        42         0        83        72         0        11         0      4.926e+06
   98            163       108         0        55         0        77        61         0        16         0      4.919e+06
   99            177       100         0        77         0        53        46         0         7         0      4.913e+06
  100            166       140         0        26         0       107       103         0         4         0      4.902e+06
  101            164       145         0        19         0        71        68         0         3         0      4.901e+06
  102            162       149         0        13         0        82        82         0         0         0        4.9e+06
  103            167       135         0        32         0        55        52         0         3         0      4.899e+06
  104            254       161         0        93         0        63        56         0         7         0      4.898e+06
  105            188       141         0        47         0        78        76         0         2         0      4.897e+06
  106            166       107         0        59         0        68        55         0        13         0      4.896e+06
  107            164       127         0        37         0        66        63         0         3         0      4.887e+06
  108            157        88         0        69         0        49        35         0        14         0      4.881e+06
  109            175       118         0        57         0        63        59         0         4         0      4.872e+06
  110            161       120         0        41         0        65        64         0         1         0      4.861e+06
  111            155       130         0        25         0        60        58         0         2         0      4.853e+06
  112            157       122         0        35         0        73        66         0         7         0      4.844e+06
  113            156       106         0        50         0        67        59         0         8         0      4.834e+06
  114            154       132         0        22         0        63        58         0         5         0      4.825e+06
  115            160        87         0        73         0        32        32         0         0         0      4.824e+06
  116            157       111         0        46         0        57        57         0         0         0      4.812e+06
  117            154       117         0        37         0        62        61         0         1         0        4.8e+06
  118            155       101         0        54         0        51        48         0         3         0      4.776e+06
  119            151       118         0        33         0        64        63         0         1         0       4.77e+06
  120            148        86         0        62         0        49        42         0         7         0      4.768e+06
  121            145       107         0        38         0        52        48         0         4         0       4.76e+06
  122            157       100         0        57         0        70        65         0         5         0      4.759e+06
  123            151        90         0        61         0        35        33         0         2         0      4.758e+06
  124            146        98         0        48         0        41        38         0         3         0      4.756e+06
  125            138        65         0        73         0        34        30         0         4         0       4.75e+06
  126            192       137         0        55         0        55        53         0         2         0      4.746e+06
  127            145        80         0        65         0        46        43         0         3         0      4.726e+06
  128            114        82         0        32         0        46        44         0         2         0       4.71e+06
  129             79        39         0        40         0        13        12         0         1         0      4.694e+06
  130             63        43         0        20         0        12        12         0         0         0      4.682e+06
  131             66        35         0        31         0        11        10         0         1         0      4.682e+06
  132             62        29         0        33         0        10         8         0         2         0      4.682e+06
  133             52        34         0        18         0        17        15         0         2         0      4.682e+06
  134             55        26         0        29         0         4         3         0         1         0      4.682e+06
  135             41        21         0        20         0         4         4         0         0         0      4.682e+06
  136             30        16         0        14         0         4         3         0         1         0      4.681e+06
  137             37        20         0        17         0         4         4         0         0         0      4.662e+06
  138             17         7         0        10         0         1         0         0         1         0      4.662e+06
  139             13         8         0         5         0         1         1         0         0         0      4.662e+06
  140             11         9         0         2         0         2         1         0         1         0      4.662e+06
  141             15         7         0         8         0         0         0         0         0         0      4.662e+06
