===== Copy Generation Summary =====
#Iter       TotalGen  ind(reg)  mul(reg)  ind(csc)  mul(csc) TotalUsed  ind(reg)  mul(reg)  ind(csc)  mul(csc)            obj
    1            446       328        66        52         0       173       125        35        13         0      5.733e+07
    2            415       348        18        49         0       190       159        14        17         0      4.368e+07
    3            416       375         6        35         0       203       184         4        15         0      3.099e+07
    4            418       321         4        93         0       175       155         3        17         0      1.683e+07
    5            416       402         4        10         0       227       217         3         7         0      1.361e+07
    6            402       368         0        34         0       203       190         0        13         0      8.415e+06
    7            406       363         2        41         0       235       208         2        25         0      5.976e+06
    8            399       351         3        45         0       183       173         2         8         0      5.171e+06
    9            387       338         4        45         0       170       160         3         7         0       4.35e+06
   10            396       359         4        33         0       169       154         3        12         0      3.419e+06
   11            394       343         5        46         0       179       169         3         7         0       2.53e+06
   12            386       329        23        34         0       188       163        14        11         0      2.253e+06
   13            383       330        23        30         0       178       158        10        10         0      2.118e+06
   14            382       320        24        38         0       172       161         8         3         0      1.955e+06
   15            342       242        46        54         0       141       103        32         6         0       1.77e+06
   16            314       202        42        70         0       113        81        24         8         0      1.708e+06
   17            268       183        34        51         0       115        83        21        11         0      1.648e+06
   18            260       202        39        19         0       114        94        16         4         0      1.581e+06
   19            213       164        22        27         0        85        68        11         6         0      1.548e+06
   20            224       118        54        52         0       104        59        40         5         0       1.52e+06
   21            176       131        20        25         0        89        73        15         1         0      1.478e+06
   22            156       117        22        17         0        71        56        15         0         0       1.39e+06
   23            176       142        10        24         0        69        65         3         1         0      1.355e+06
   24            149       113        15        21         0        48        38        10         0         0      1.355e+06
   25            121        79        20        22         0        54        43         9         2         0      1.309e+06
   26            112        58         8        46         0        13         7         5         1         0      1.277e+06
   27             86        47        20        19         0        30        24         6         0         0      1.277e+06
   28             90        59        15        16         0        20        17         3         0         0       1.27e+06
   29             63        37        15        11         0        15        13         2         0         0      1.238e+06
   30             65        38        25         2         0        36        24        12         0         0      1.238e+06
   31             39        25         5         9         0         8         6         2         0         0       1.23e+06
   32             26        20         2         4         0         5         4         0         1         0      1.219e+06
   33             18         9         6         3         0         7         5         2         0         0      1.203e+06
   34             13         8         5         0         0         3         1         2         0         0      1.201e+06
   35             10         7         2         1         0         0         0         0         0         0      1.199e+06
   36             12         7         4         1         0         2         0         2         0         0      1.199e+06
