===== Copy Generation Summary =====
#Iter     Gen    Indv     Seq     CSC    Used            Obj
    1     300     300       0       0     124      1.136e+09
    2     233     233       0       0     184      5.664e+08
    3     253     252       1       0     168       3.47e+08
    4     224     224       0       0     192      2.645e+08
    5     222     222       0       0     190      2.152e+08
    6     202     202       0       0     207      1.587e+08
    7     202     202       0       0     200      1.322e+08
    8     210     209       1       0     188      1.071e+08
    9     203     203       0       0     194      8.704e+07
   10     242     242       0       0     156      7.564e+07
   11     234     230       4       0     159      6.821e+07
   12     174     174       0       0     216      6.039e+07
   13     217     217       0       0     162      5.334e+07
   14     204     203       1       0     171      4.365e+07
   15     203     203       0       0     173      3.529e+07
   16     202     198       4       0     164       3.31e+07
   17     207     194      13       0     131      2.414e+07
   18     209     195      14       0     140      1.579e+07
   19     198     196       2       0     118      1.297e+07
   20     168     158      10       0     146      9.334e+06
   21     162     153       9       0     120      6.127e+06
   22     157     157       0       0     121      5.723e+06
   23     145     139       6       0     129       5.47e+06
   24     141     123      18       0      97      5.414e+06
   25     158     149       9       0      72      5.218e+06
   26     145     135      10       0      80      4.963e+06
   27     131     121      10       0      77      4.652e+06
   28     133     105      28       0      73      4.501e+06
   29     108      93      15       0      80      4.153e+06
   30     122      92      30       0      52      4.055e+06
   31     104      85      19       0      73      3.915e+06
   32     103      82      21       0      53      3.792e+06
   33     118     100      18       0      40      3.687e+06
   34     112      91      21       0      30      3.581e+06
   35      88      74      14       0      46      3.458e+06
   36      94      70      24       0      35      3.341e+06
   37     105      77      28       0      30      3.221e+06
   38     107      78      29       0      19      3.163e+06
   39      79      43      36       0      43      3.147e+06
   40      63      34      29       0      44      3.099e+06
   41      54      21      33       0      40      3.072e+06
   42      75      41      34       0      23      3.055e+06
   43      47       9      38       0      25      3.033e+06
   44      45      15      30       0      17      2.996e+06
   45      39      11      28       0      12      2.978e+06
   46      40       7      33       0       1      2.975e+06
   47      45       7      38       0       2      2.973e+06
   48      37       4      33       0       1      2.973e+06
   49      45       6      39       0       1      2.973e+06
   50      38       1      37       0       5      2.973e+06
   51      38       1      37       0       6      2.973e+06
   52      39       2      37       0       8      2.973e+06
   53      35       6      29       0       3      2.932e+06
   54      37       3      34       0       7      2.923e+06
