===== Copy Generation Summary =====
#Iter     Gen    Indv     Seq     CSC    Used            Obj
    1     274     274       0       0     176       2.29e+09
    2     224     222       2       0     224      1.449e+09
    3     226     224       2       0     222      9.821e+08
    4     210     208       2       0     238      8.628e+08
    5     194     192       2       0     254      7.454e+08
    6     213     211       2       0     235      6.782e+08
    7     207     205       2       0     241      6.195e+08
    8     197     195       2       0     251        5.7e+08
    9     193     191       2       0     255      5.145e+08
   10     196     194       2       0     253      4.777e+08
   11     201     199       2       0     247      4.341e+08
   12     207     205       2       0     239      3.982e+08
   13     185     183       2       0     259      3.654e+08
   14     211     209       2       0     233       3.28e+08
   15     227     225       2       0     217      2.973e+08
   16     232     228       4       0     210      2.703e+08
   17     210     202       8       0     233      2.566e+08
   18     180     174       6       0     257      2.277e+08
   19     213     209       4       0     221      2.063e+08
   20     208     198      10       0     232      1.797e+08
   21     204     198       6       0     228      1.609e+08
   22     202     200       2       0     230      1.448e+08
   23     179     175       4       0     254      1.257e+08
   24     203     193      10       0     231      1.071e+08
   25     216     206      10       0     218      1.004e+08
   26     186     176      10       0     248      8.954e+07
   27     214     208       6       0     220      8.196e+07
   28     188     185       3       0     242      7.453e+07
   29     204     194      10       0     230      6.729e+07
   30     238     230       8       0     195      5.908e+07
   31     169     161       8       0     264      5.162e+07
   32     177     169       8       0     255      4.664e+07
   33     211     203       8       0     221      4.284e+07
   34     219     214       5       0     212      3.681e+07
   35     204     196       8       0     228      3.289e+07
   36     212     204       8       0     221      2.983e+07
   37     209     200       9       0     225      2.698e+07
   38     200     192       8       0     233      2.483e+07
   39     218     210       8       0     216      2.338e+07
   40     220     211       9       0     213      2.285e+07
   41     252     243       9       0     181      2.219e+07
   42     195     188       7       0     238       2.18e+07
   43     247     237      10       0     187      2.126e+07
   44     229     218      11       0     204      2.092e+07
   45     221     213       8       0     213       2.04e+07
   46     242     234       8       0     190      1.984e+07
   47     255     247       8       0     177      1.956e+07
   48     272     261      11       0     161      1.928e+07
   49     272     263       9       0     160      1.892e+07
   50     240     232       8       0     191      1.848e+07
   51     237     225      12       0     197      1.804e+07
   52     232     220      12       0     199      1.781e+07
   53     224     214      10       0     206       1.73e+07
   54     233     223      10       0     198      1.699e+07
   55     246     224      22       0     185      1.664e+07
   56     256     240      16       0     171      1.648e+07
   57     252     236      16       0     176      1.613e+07
   58     225     197      28       0     201      1.584e+07
   59     247     221      26       0     175      1.563e+07
   60     242     208      34       0     181      1.552e+07
   61     285     253      32       0     142      1.526e+07
   62     267     235      32       0     154      1.497e+07
   63     243     201      42       0     177      1.476e+07
   64     281     235      46       0     141      1.457e+07
   65     221     175      46       0     202      1.443e+07
   66     255     217      38       0     165      1.428e+07
   67     254     220      34       0     170      1.405e+07
   68     308     265      43       0     114      1.385e+07
   69     292     246      46       0     127       1.37e+07
   70     278     236      42       0     144      1.338e+07
   71     271     231      40       0     147      1.313e+07
   72     250     204      46       0     171      1.281e+07
   73     284     241      43       0     137       1.27e+07
   74     306     253      53       0     115      1.251e+07
   75     256     215      41       0     151      1.232e+07
   76     273     238      35       0     134      1.219e+07
   77     310     275      35       0     100      1.202e+07
   78     241     200      41       0     168      1.179e+07
   79     302     258      44       0     106      1.166e+07
   80     311     275      36       0      93      1.148e+07
   81     254     218      36       0     150      1.122e+07
   82     275     231      44       0     123      1.115e+07
   83     300     247      53       0      97      1.104e+07
   84     275     214      61       0     122       1.09e+07
   85     247     194      53       0     134      1.078e+07
   86     269     213      56       0     115      1.067e+07
   87     279     222      57       0     100      1.051e+07
   88     261     193      68       0     118      1.036e+07
   89     269     190      79       0     102      1.029e+07
   90     301     236      65       0      89      1.009e+07
   91     275     181      94       0      97      9.975e+06
   92     296     216      80       0      77      9.877e+06
   93     286     221      65       0      96      9.761e+06
   94     250     161      89       0     101      9.586e+06
   95     246     153      93       0      89      9.496e+06
   96     207     105     102       0     118      9.476e+06
   97     256     149     107       0      69      9.417e+06
   98     255     158      97       0      52      9.379e+06
   99     216     112     104       0      86      9.328e+06
  100     286     201      85       0      72      9.284e+06
  101     268     159     109       0      36      9.225e+06
  102     251     130     121       0      54      9.156e+06
  103     219      97     122       0      78      9.062e+06
  104     236     108     128       0      66      9.062e+06
  105     241     111     130       0      65      9.027e+06
  106     286     152     134       0      33      9.005e+06
  107     242     110     132       0      63      8.959e+06
  108     253     113     140       0      60        8.9e+06
  109     262     124     138       0      46      8.887e+06
  110     249     107     142       0      66      8.851e+06
  111     265     131     134       0      44      8.779e+06
  112     260     126     134       0      48      8.701e+06
  113     246     110     136       0      57      8.653e+06
  114     279     144     135       0      22      8.644e+06
  115     258     133     125       0      39      8.602e+06
  116     232     105     127       0      64      8.564e+06
  117     254     120     134       0      45      8.535e+06
  118     258     128     130       0      37      8.506e+06
  119     244     120     124       0      52      8.464e+06
  120     251     114     137       0      42      8.413e+06
  121     256     121     135       0      37      8.264e+06
  122     244     103     141       0      59      8.236e+06
  123     254     108     146       0      36      8.214e+06
  124     258     114     144       0      27       8.18e+06
  125     253     101     152       0      32      8.143e+06
  126     263     131     132       0      31      8.097e+06
  127     239      85     154       0      30      8.061e+06
  128     253      89     164       0      17      8.019e+06
  129     247      81     166       0      20      7.942e+06
  130     231      75     156       0      36      7.913e+06
  131     246      65     181       0      16      7.892e+06
  132     250      74     176       0      12      7.853e+06
  133     256      62     194       0      10      7.851e+06
  134     263      62     201       0       8      7.828e+06
  135     258      53     205       0       6       7.82e+06
  136     259      58     201       0       5      7.804e+06
  137     261      46     215       0       4      7.792e+06
  138     263      44     219       0       2      7.791e+06
  139     263      42     221       0       4      7.788e+06
  140     257      40     217       0       6      7.779e+06
  141     264      36     228       0       4      7.774e+06
  142     259      32     227       0       3       7.77e+06
  143     254      35     219       0       1      7.766e+06
