===== Copy Generation Summary =====
#Iter       TotalGen  ind(reg)  mul(reg)  ind(csc)  mul(csc) TotalUsed  ind(reg)  mul(reg)  ind(csc)  mul(csc)            obj
    1            459       355        15        89         0       212       181         7        24         0      7.759e+08
    2            446       406         0        40         0       230       221         0         9         0      6.652e+08
    3            446       364         0        82         0       223       201         0        22         0      4.103e+08
    4            446       388         0        58         0       256       229         0        27         0      3.373e+08
    5            446       386         0        60         0       248       227         0        21         0      3.053e+08
    6            446       372         0        74         0       222       200         0        22         0      2.672e+08
    7            446       354         0        92         0       239       210         0        29         0      2.449e+08
    8            447       408         5        34         0       237       218         3        16         0      2.266e+08
    9            450       380        11        59         0       239       217         7        15         0      2.144e+08
   10            440       389         0        51         0       252       237         0        15         0      1.942e+08
   11            437       388         3        46         0       251       227         2        22         0        1.8e+08
   12            435       372         0        63         0       233       213         0        20         0      1.674e+08
   13            436       414         0        22         0       235       230         0         5         0      1.557e+08
   14            432       380         0        52         0       254       227         0        27         0      1.404e+08
   15            430       368         1        61         0       225       196         0        29         0      1.301e+08
   16            431       387         2        42         0       238       219         2        17         0      1.187e+08
   17            428       396         0        32         0       242       232         0        10         0      1.089e+08
   18            427       377         2        48         0       227       207         2        18         0       9.86e+07
   19            424       374         0        50         0       232       217         0        15         0      9.157e+07
   20            424       405         0        19         0       251       246         0         5         0      8.105e+07
   21            424       347         0        77         0       251       221         0        30         0      7.408e+07
   22            424       342         0        82         0       227       189         0        38         0      6.672e+07
   23            424       401         0        23         0       241       238         0         3         0      5.953e+07
   24            424       387         0        37         0       237       230         0         7         0      5.547e+07
   25            424       375         0        49         0       212       198         0        14         0        5.2e+07
   26            424       390         0        34         0       231       215         0        16         0      4.756e+07
   27            424       362         0        62         0       254       222         0        32         0       4.46e+07
   28            424       387         0        37         0       209       202         0         7         0      4.241e+07
   29            424       372         0        52         0       222       205         0        17         0      3.947e+07
   30            424       400         0        24         0       232       225         0         7         0      3.515e+07
   31            424       396         0        28         0       204       201         0         3         0      3.254e+07
   32            424       370         0        54         0       260       239         0        21         0      2.901e+07
   33            426       385         2        39         0       223       209         2        12         0      2.748e+07
   34            430       390         8        32         0       244       228         7         9         0      2.563e+07
   35            424       390         0        34         0       204       195         0         9         0      2.354e+07
   36            431       369         8        54         0       206       194         6         6         0      2.227e+07
   37            422       381         0        41         0       258       246         0        12         0      2.113e+07
   38            424       382         1        41         0       205       203         0         2         0      2.001e+07
   39            424       362         3        59         0       226       198         0        28         0      1.868e+07
   40            428       334        13        81         0       232       188        10        34         0      1.762e+07
   41            424       342        10        72         0       192       170        10        12         0      1.691e+07
   42            423       367         7        49         0       207       190         4        13         0      1.644e+07
   43            430       371        15        44         0       208       195        11         2         0      1.578e+07
   44            427       327         9        91         0       187       164         6        17         0      1.564e+07
   45            424       359         2        63         0       196       191         0         5         0      1.514e+07
   46            431       318        10       103         0       175       160         7         8         0      1.472e+07
   47            445       353        35        57         0       243       196        30        17         0      1.427e+07
   48            442       338        25        79         0       210       189        16         5         0      1.393e+07
   49            424       275        21       128         0       174       119        13        42         0      1.374e+07
   50            421       348        20        53         0       251       230         9        12         0       1.33e+07
   51            412       327        23        62         0       206       196         6         4         0        1.3e+07
   52            411       298        27        86         0       176       154        12        10         0      1.287e+07
   53            409       300        30        79         0       173       152        13         8         0      1.279e+07
   54            409       352        28        29         0       232       212        10        10         0      1.242e+07
   55            392       324        13        55         0       200       179         0        21         0      1.233e+07
   56            394       311        21        62         0       169       159         6         4         0      1.219e+07
   57            394       324        21        49         0       230       223         6         1         0      1.203e+07
   58            388       312        18        58         0       184       171         7         6         0      1.189e+07
   59            389       271        18       100         0       142       129         6         7         0      1.173e+07
   60            381       237        11       133         0       110       101         0         9         0      1.171e+07
   61            378       341        10        27         0       179       170         0         9         0      1.164e+07
   62            377       286        10        81         0       163       158         0         5         0      1.161e+07
   63            377       287        10        80         0       149       146         0         3         0      1.147e+07
   64            379       274        10        95         0       141       130         0        11         0      1.131e+07
   65            385       283        16        86         0       207       199         3         5         0      1.116e+07
   66            380       286        11        83         0       172       164         0         8         0      1.111e+07
   67            377       277        14        86         0       130       123         4         3         0      1.107e+07
   68            379       298        10        71         0       157       149         0         8         0      1.097e+07
   69            375       276        11        88         0       118       105         0        13         0      1.092e+07
   70            378       276        10        92         0       120       113         0         7         0      1.085e+07
   71            374       305        11        58         0       214       195         4        15         0      1.068e+07
   72            375       303        10        62         0       162       152         2         8         0      1.057e+07
   73            372       253        10       109         0       140       118         2        20         0      1.042e+07
   74            370       271        10        89         0       142       129         0        13         0      1.035e+07
   75            375       283        13        79         0       132       122         4         6         0      1.027e+07
   76            372       241        13       118         0       118       111         0         7         0      1.018e+07
   77            416       271        47        98         0       165       114        29        22         0      1.004e+07
   78            387       273        17        97         0       174       161         6         7         0      9.995e+06
   79            373       264        13        96         0       154       143         0        11         0      9.867e+06
   80            365       280        23        62         0       144       131        11         2         0      9.788e+06
   81            350       226         9       115         0       111        99         0        12         0      9.656e+06
   82            350       231        10       109         0       107        97         0        10         0       9.55e+06
   83            362       256        12        94         0       171       153         3        15         0       9.46e+06
   84            355       252        31        72         0       130       108        15         7         0      9.378e+06
   85            323       205        34        84         0       101        84        14         3         0      9.307e+06
   86            339       247        14        78         0       121       117         0         4         0      9.198e+06
   87            333       214        27        92         0        93        80         5         8         0      9.129e+06
   88            315       163        25       127         0       101        72        14        15         0      9.018e+06
   89            323       221        29        73         0       119       107         9         3         0      8.896e+06
   90            290       191        15        84         0        95        87         6         2         0       8.86e+06
   91            273       163        15        95         0        80        74         0         6         0      8.767e+06
   92            286       158        16       112         0        82        64         7        11         0      8.629e+06
   93            242       147        14        81         0        74        56         3        15         0      8.587e+06
   94            225       155        17        53         0        78        72         3         3         0      8.503e+06
   95            260       144        33        83         0        88        62        23         3         0       8.41e+06
   96            276       215        17        44         0       146       139         6         1         0       8.37e+06
   97            199       139        16        44         0        75        66         4         5         0      8.368e+06
   98            199       162        20        17         0        85        74         6         5         0      8.355e+06
   99            195       145        16        34         0        82        81         0         1         0      8.353e+06
  100            208       155        21        32         0        75        71         0         4         0      8.339e+06
  101            188       126        15        47         0        78        71         0         7         0      8.309e+06
  102            278       220        13        45         0       112       109         2         1         0      8.291e+06
  103            186       133        12        41         0        49        47         0         2         0      8.285e+06
  104            177       114        16        47         0        50        46         3         1         0      8.282e+06
  105            183       159        11        13         0       102       101         0         1         0      8.246e+06
  106            178       148        11        19         0        83        78         0         5         0      8.239e+06
  107            173       135        11        27         0        58        57         0         1         0      8.215e+06
  108            173       137        12        24         0        70        69         0         1         0      8.213e+06
  109            177       135        16        26         0        67        61         4         2         0      8.204e+06
  110            173       108        12        53         0        71        62         0         9         0      8.198e+06
  111            173       127        12        34         0        76        72         0         4         0      8.189e+06
  112            173       128        12        33         0        82        71         0        11         0      8.181e+06
  113            176       131        14        31         0        61        61         0         0         0      8.156e+06
  114            170        99        12        59         0        51        43         0         8         0      8.143e+06
  115            174       141        13        20         0       100       100         0         0         0      8.103e+06
  116            173        88        16        69         0        63        32         2        29         0      8.096e+06
  117            166       133         8        25         0        75        72         0         3         0      8.085e+06
  118            168        93        12        63         0        40        33         0         7         0      8.072e+06
  119            162        97         7        58         0        32        28         0         4         0      8.066e+06
  120            168       111        13        44         0        60        56         0         4         0      8.049e+06
  121            168        97        13        58         0        58        53         0         5         0      8.027e+06
  122            164        78        13        73         0        35        30         0         5         0      8.013e+06
  123            164        88        14        62         0        43        38         0         5         0      7.978e+06
  124            169       146        15         8         0       115       111         2         2         0      7.936e+06
  125            168       134        13        21         0        53        53         0         0         0      7.916e+06
  126            161       113        13        35         0        72        65         0         7         0        7.9e+06
  127            169       124        18        27         0        72        67         3         2         0      7.883e+06
  128            190        98        26        66         0        58        43         8         7         0      7.849e+06
  129            156       100        18        38         0        47        38         5         4         0      7.842e+06
  130            164       106        22        36         0        62        54         4         4         0      7.822e+06
  131            150        77        18        55         0        45        40         2         3         0      7.805e+06
  132            141        66        24        51         0        35        23        10         2         0      7.794e+06
  133            139        86        11        42         0        30        27         0         3         0      7.769e+06
  134            145        97        14        34         0        41        37         2         2         0      7.751e+06
  135            171        79        24        68         0        41        16         8        17         0      7.712e+06
  136            121        62        12        47         0        12        10         0         2         0      7.702e+06
  137            121        49        34        38         0        25        12        13         0         0      7.654e+06
  138             97        54        12        31         0        13        12         0         1         0      7.642e+06
  139            133        60        42        31         0        42        25        17         0         0      7.619e+06
  140            102        50        18        34         0        32        20         3         9         0      7.612e+06
  141             62        30        22        10         0        17         7         9         1         0      7.571e+06
  142             69        36        19        14         0        19        13         6         0         0       7.56e+06
  143             67        32        20        15         0         7         7         0         0         0       7.56e+06
  144             72        37        22        13         0        22        15         5         2         0       7.56e+06
  145             52        26        18         8         0         9         6         2         1         0      7.554e+06
  146             62        35        15        12         0        11        10         0         1         0      7.553e+06
  147             39        15        18         6         0         9         4         5         0         0      7.552e+06
  148             42        13        18        11         0        11         4         5         2         0      7.545e+06
  149             45        14        24         7         0        13         4         8         1         0      7.545e+06
  150             42        18        17         7         0         7         4         3         0         0       7.54e+06
  151             44        17        18         9         0         6         3         2         1         0      7.534e+06
  152             30        13        13         4         0         2         2         0         0         0       7.53e+06
  153             40        17        16         7         0         5         4         0         1         0      7.528e+06
  154             35        10        22         3         0         3         1         2         0         0      7.526e+06
  155             39        14        22         3         0         6         1         5         0         0      7.523e+06
  156             31        10        16         5         0         3         2         0         1         0      7.517e+06
