===== Copy Generation Summary =====
#Iter       TotalGen  ind(reg)  mul(reg)  ind(csc)  mul(csc) TotalUsed  ind(reg)  mul(reg)  ind(csc)  mul(csc)            obj
    1            372       330         0        42         0       147       140         0         7         0      5.099e+06
    2            387       293         0        94         0       139       125         0        14         0      5.099e+06
    3            406       325         0        81         0       168       160         0         8         0      4.117e+06
    4            395       344         0        51         0       170       155         0        15         0      4.117e+06
    5            402       365         0        37         0       197       181         0        16         0      3.104e+06
    6            400       374         0        26         0       210       199         0        11         0      3.104e+06
    7            397       385         0        12         0       201       196         0         5         0      3.104e+06
    8            396       338         0        58         0       194       186         0         8         0      2.973e+06
    9            378       347         0        31         0       180       169         0        11         0      1.226e+06
   10            389       351         0        38         0       162       151         0        11         0      1.225e+06
   11            373       330         0        43         0       164       159         0         5         0      1.225e+06
   12            373       311         0        62         0       144       138         0         6         0      1.225e+06
   13            350       317         0        33         0       152       151         0         1         0      1.215e+06
   14            339       274         0        65         0       115       110         0         5         0      1.215e+06
   15            318       237         0        81         0       101        98         0         3         0      1.215e+06
   16            296       221         0        75         0       118       114         0         4         0      1.215e+06
   17            240       192         0        48         0        87        76         0        11         0      1.215e+06
   18            200       162         0        38         0        50        49         0         1         0      1.215e+06
   19            176       154         0        22         0        57        57         0         0         0      1.203e+06
   20            135       100         0        35         0        56        54         0         2         0      1.203e+06
   21            123       105         0        18         0        50        47         0         3         0      1.203e+06
   22            145        97         0        48         0        46        44         0         2         0      1.121e+06
   23            104        71         0        33         0        36        32         0         4         0      1.121e+06
   24             80        57         0        23         0        14        11         0         3         0      1.121e+06
   25             53        31         0        22         0         9         9         0         0         0      1.121e+06
   26             32        16         0        16         0         6         5         0         1         0      1.121e+06
   27             31        21         0        10         0         1         1         0         0         0      1.121e+06
   28             19        13         0         6         0         1         1         0         0         0      1.121e+06
   29             13        11         0         2         0         0         0         0         0         0      1.121e+06
   30              7         4         0         3         0         0         0         0         0         0      1.121e+06
   31             17        12         0         5         0         1         1         0         0         0      1.121e+06
   32              7         5         0         2         0         0         0         0         0         0      1.121e+06
