Run time(sec):            639
IP gap:inf
======================= COST =======================
======================= COST =======================
Total:              6.095e+08
Cancel:              5.89e+08
Delay:              1.143e+07
Swaps:              7.608e+06
PosViol:            1.475e+06
CSC:                        0

===================== DISRUPTION ===================
# Cancelled:              589
# Delayed:                533
# Swaps:                  634
# CSCs:                     0
Ttl delay(min):	    1.143e+05
Avg delay(min):	          214
Min delay(min):	           30
Max delay(min):	          360

================= AIRPORT CAPACITY =================
SEA 2025-Jul-07 17:00:00 2025-Jul-07 21:00:00 1 0(1)
SEA 2025-Jul-07 17:00:00 2025-Jul-07 21:00:00 2 0(1)

================= AIRCRAFT LOCATION ================
Aircraft     PlannedEnd      ActualEnd
N214AK            AUS            AUS
N224AK            ANC            BNA
N236AK            IAD            SAN
N237AK            SEA            SEA
N238AK            IAD            EUG
N247AK            SEA            AUS
N248AK            SEA            SEA
N251AK            EUG            SFO
N253AK            IND            SEA
N260AK            PDX            PDX
N264AK            OMA            MCO
N265AK            SFO            PDX
N267AK            PDX            ANC
N268AK            PDX            SMF
N270AK            SEA            SEA
N272AK            ORD            SEA
N273AK            JNU            PHX
N274AK            MKE            CMH
N275AK            LAS            SEA
N277AK            CMH            SEA
N280AK            PDX            PDX
N281AK            ABQ            PDX
N282AK            JFK            LAS
N283AK            PDX            JFK
N284AK            SJC            RDM
N285AK            SMF            SEA
N287AK            RDM            SFO
N288AK            ORD            ABQ
N290AK            BNA            SEA
N291BT            SEA            SEA
N292AK            LAS            LAS
N293AK            ANC            LAX
N294AK            LAX            SEA
N296AK            PHX            SEA
N297AK            SFO            JNU
N298AK            LAX            SEA
N307AS            SEA            SEA
N309AS            JNU            JNU
N318AS            SEA            SEA
N402AS            LAS            SEA
N403AS            SAN            SEA
N408AS            ANC            PDX
N409AS            SFO            LAX
N413AS            SEA            ORD
N419AS            BOS            SEA
N423AS            LAX            SEA
N431AS            MCO            EWR
N433AS            CLE            DTW
N434AS            ANC            CLE
N435AS            GEG            SEA
N440AS            LAX            SEA
N442AS            SEA            SEA
N448AS            SEA            HNL
N453AS            JNU            SEA
N457AS            DFW            ANC
N459AS            SFO            IAD
N462AS            SFO            BOS
N464AS            ANC            LAX
N467AS            MCI            SEA
N469AS            GEG            SAN
N471AS            SEA            IND
N472AS            SJC            SAN
N474AS            SEA            SEA
N477AS            TPA            SEA
N478AS            ANC            PHL
N481AS            PDX            JFK
N483AS            PDX            SEA
N486AS            SEA            SMF
N487AS            BNA            SEA
N491AS            PDX            SEA
N492AS            PDX            PDX
N493AS            PHL            SLC
N494AS            ANC            ANC
N495AS            HNL            JNU
N506AS            BOS            SEA
N508AS            DCA            SEA
N512AS            SNA            LAX
N513AS            SEA            SEA
N514AS            SFO            SEA
N516AS            LAX            GEG
N517AS            SAN            SEA
N518AS            LAX            KOA
N519AS            SNA            SEA
N520AS            ANC            PDX
N523AS            SEA            SAN
N525AS            ANC            SEA
N526AS            SEA            SEA
N527AS            BWI            SEA
N529AS            SIT            KOA
N530AS            SJC            SAN
N531AS            SEA            BOS
N532AS            PDX            SAN
N535AS            SAN            ANC
N536AS            SEA            SEA
N537AS            DCA            PDX
N538AS            SEA            SAN
N546AS            SEA            ANC
N548AS            DEN            SEA
N549AS            ADQ            ADQ
N551AS            SEA            SEA
N552AS            SNA            SEA
N553AS            SEA            SNA
N556AS            SMF            SAN
N557AS            SAN            SEA
N560AS            SEA            BWI
N562AS            MSP            OAK
N564AS            ANC            SEA
N565AS            SEA            ANC
N568AS            LAX            SAN
N569AS            SAN            BOS
N570AS            SAN            SMF
N577AS            SEA            MSP
N579AS            KOA            LIH
N581AS            BOS            SFO
N586AS            PDX            ORD
N587AS            PHX            SNA
N589AS            JFK            LAX
N590AS            DCA            LAX
N592AS            ORD            SEA
N593AS            LAS            ANC
N594AS            OAK            DEN
N596AS            SEA            SEA
N597AS            OGG            SAN
N607AS            ANC            ANC
N609AS            SIT            SEA
N611AS            SEA            SEA
N612AS            ANC            ANC
N613AS            RNO            KTN
N615AS            JNU            JNU
N618AS            ANC            SIT
N619AS            ANC            RNO
N622AS            SEA            ANC
N703AL            SEA            OGG
N705AL            LAX            SEA
N706AL            EWR            SEA
N707AL            EWR            DEN
N708AL            ORD            SFO
N709AL            TPA            SEA
N710AL            MSP            SEA
N712AL            LAX            SEA
N713AL            PDX            BOS
N716AL            MCO            ORD
N719AL            SEA            SFO
N720AL            BOS            EWR
N722AL            SEA            MCO
N723AL            DFW            SAN
N724AL            AUS            SEA
N725AL            SFO            SFO
N729AL            LAX            SEA
N731AL            MCO            SEA
N732AL            SEA            ONT
N733AL            PDX            SFO
N734AL            JFK            SEA
N738AL            SEA            SEA
N801AK            ANC            ANC
N803AK            JFK            JFK
N804AK            SEA            SEA
N805AK            LAX            LAX
N806AK            LAX            LAX
N809AK            SEA            SEA
N812AK            SFO            SFO
N813AK            SEA            SEA
N903AK            PDX            PDX
N912AK            SAN            IAH
N913AK            GEG            LAS
N915AK            SEA            ATL
N917AK            ONT            HNL
N918AK            RDU            LAS
N919AK            PHX            SEA
N920AK            ATL            ONT
N921AK            AUS            SEA
N924AK            EWR            ANC
N926AK            MSY            SEA
N928AK            DEN            ORD
N929AK            SEA            SEA
N931AK            PDX            SFO
N932AK            SFO            SAN
N933AK            ORD            SAT
N934AK            ANC            LAX
N935AK            SAN            SEA
N936AK            SEA            SEA
N938AK            LAX            SEA
N941AK            IAH            SEA
N942AK            ORD            SEA
N947AK            FAI            SEA
N948AK            LAX            LAX
N949AK            FAI            SEA
N952AK            SEA            SEA
N953AK            CVG            BOS
N954AK            PDX            SJC
N955AK            SFO            DFW
N956AK            PIT            PIT
N958AK            SAT            SEA
N960AK            BOS            SEA
N961AK            PHX            PDX
N962AK            SFO            LAX
N963AK            LAX            OGG
N964AK            IAH            LAX
N966AK            SFO            JFK
N967AK            LAX            CVG
N968AK            JFK            SEA
N969AK            PDX            JFK
N972AK            SFO            SEA
N973AK            ONT            SEA
N974AK            BOI            EWR
N975AK            LAS            EWR
N976AK            STL            SEA
N977AK            SEA            SEA
N978AK            IAD            ATL
N982AK            SEA            SAN
N983AK            ATL            FAI
N984AK            FAI            GEG
N985AK            DEN            LAX
N990AK            LAX            FAI
N407AS            SEA            SEA
N428AS            LAX            LAX
N468AS            DTW            SEA
N479AS            SEA            SFO
N563AS            GEG            SEA
N566AS            SFO            SFO
N588AS            ANC            LAX
N614AS            ANC            SEA
N946AK            BUR            LAX
N971AK            BUR            LAX
N979AK            SAN            MSY
