Objective:	6.09513e+08
Total CPU time:	00:10:39
================== Aircraft Recovery Schedule ==================
N214AK[30]
375(7/7IAD13:00---SEA18:47)
2025-Jul-07 19:17:00
1290001-d360(7/7SEA21:00---BUR23:36)
122-d180(7/8BUR00:07---PDX02:25)
1176-d150(7/8PDX03:00---PHX05:50)
611-d360(7/8PHX06:29---SEA09:35)
161-d270(7/8SEA10:17---EUG11:31)
132-d0(7/8EUG13:00---SEA14:15)
1166-d0(7/8SEA15:10---SFO17:29)
368-d240(7/8SFO18:00---MCO23:34)
419-d210(7/9MCO00:09---SEA06:20)
372-d360(7/9SEA06:56---AUS11:05)
2025-Jul-09 15:30:00
--------------------------------------------------------
N224AK[45]
2025-Jul-07 15:00:00
731-d0(7/7PHX17:00---PAE20:03)
732-d0(7/7PAE21:00---PHX00:03)
603-d360(7/8PHX00:52---SEA03:58)
99-d360(7/8SEA04:58---ANC08:42)
70-d360(7/8ANC09:45---JNU11:27)
73-d0(7/8JNU15:34---ANC17:24)
108-d0(7/8ANC18:22---FAI19:27)
140-d0(7/8FAI20:17---SEA00:00)
1048001-d0(7/9SEA00:59---LAX03:50)
1301-d270(7/9LAX04:45---SEA07:30)
400-d120(7/9SEA08:18---BNA12:40)
2025-Jul-09 15:45:00
--------------------------------------------------------
N236AK[55]
1258(7/7SEA14:00---SAN16:50)
2025-Jul-07 17:45:00
2025-Jul-09 15:55:00
--------------------------------------------------------
N237AK[55]
2025-Jul-07 15:00:00
2025-Jul-09 15:55:00
--------------------------------------------------------
N238AK[40]
1074(7/7PDX14:25---SAN17:00)
2025-Jul-07 17:40:00
1073-d0(7/7SAN17:50---PDX20:28)
946-d0(7/7PDX21:30---BOI22:48)
1019-d0(7/7BOI23:43---SEA01:20)
357001-d330(7/8SEA02:05---MCI05:31)
357-d330(7/8MCI06:26---SEA10:26)
423-d270(7/8SEA11:06---SAT15:10)
495-d240(7/8SAT16:00---SEA20:24)
1278-d210(7/8SEA21:17---ONT23:56)
1242001-d210(7/9ONT00:52---SEA03:29)
1086-d360(7/9SEA04:25---ONT07:04)
1087-d360(7/9ONT07:58---SEA10:37)
161-d330(7/9SEA11:17---EUG12:31)
2025-Jul-09 15:40:00
--------------------------------------------------------
N247AK[50]
512(7/7SFO14:00---AUS17:36)
2025-Jul-07 18:26:00
2025-Jul-09 15:50:00
--------------------------------------------------------
N248AK[30]
537(7/7BOS13:20---SEA19:35)
2025-Jul-07 20:05:00
2025-Jul-09 15:30:00
--------------------------------------------------------
N251AK[50]
2025-Jul-07 15:00:00
2025-Jul-09 15:50:00
--------------------------------------------------------
N253AK[35]
2025-Jul-07 15:00:00
2025-Jul-09 15:35:00
--------------------------------------------------------
N260AK[60]
2025-Jul-07 15:00:00
2025-Jul-09 16:00:00
--------------------------------------------------------
N264AK[30]
2025-Jul-07 15:00:00
648-d0(7/7SEA15:00---TUS18:10)
641-d0(7/7TUS19:06---SEA22:20)
1010-d270(7/7SEA23:09---GEG00:18)
1011-d270(7/8GEG00:53---SEA02:07)
424-d120(7/8SEA02:59---DFW06:59)
550-d360(7/8DFW07:36---SEA11:59)
1227-d330(7/8SEA12:29---AUS16:37)
1228-d150(7/8AUS17:15---SEA21:42)
600-d0(7/8SEA22:42---LAS01:16)
779-d30(7/9LAS02:01---PDX04:20)
1122-d270(7/9PDX05:00---SAN07:33)
1020-d210(7/9SAN08:20---MCO13:30)
2025-Jul-09 15:30:00
--------------------------------------------------------
N265AK[55]
541(7/7AUS12:37---PDX16:50)
2025-Jul-07 17:45:00
2025-Jul-09 15:55:00
--------------------------------------------------------
N267AK[60]
2025-Jul-07 15:00:00
2025-Jul-09 16:00:00
--------------------------------------------------------
N268AK[55]
413(7/7ORD12:00---PDX16:25)
2025-Jul-07 17:20:00
1296-d0(7/7PDX17:40---SAN20:15)
1297-d0(7/7SAN21:15---PDX23:49)
1455-d0(7/8PDX00:49---ANC04:40)
134-d330(7/8ANC06:00---SEA09:30)
959-d300(7/8SEA10:52---GEG11:59)
215-d0(7/8GEG16:45---SEA18:00)
405001-d240(7/8SEA19:11---OKC22:48)
405-d240(7/8OKC23:44---SEA03:38)
1194-d120(7/9SEA04:54---SMF06:52)
2025-Jul-09 15:55:00
--------------------------------------------------------
N270AK[45]
2025-Jul-07 15:00:00
2025-Jul-09 15:45:00
--------------------------------------------------------
N272AK[50]
2025-Jul-07 15:00:00
2025-Jul-09 15:50:00
--------------------------------------------------------
N273AK[45]
289(7/7EWR11:52---LAX17:46)
2025-Jul-07 18:31:00
193-d0(7/9LAX02:45---ANC08:08)
172-d120(7/9ANC09:13---PHX14:45)
2025-Jul-09 15:45:00
--------------------------------------------------------
N274AK[50]
2025-Jul-07 15:00:00
329-d90(7/7ORD16:30---SEA21:04)
1198-d60(7/7SEA22:05---SAN00:55)
735-d60(7/8SAN01:51---SEA04:50)
136-d180(7/8SEA05:55---ANC09:38)
54-d60(7/8ANC10:29---SEA14:00)
79-d0(7/8SEA15:00---ANC18:36)
100-d0(7/8ANC19:41---SEA23:10)
932-d330(7/9SEA00:06---ABQ03:07)
933-d330(7/9ABQ04:01---SEA07:11)
315-d210(7/9SEA08:15---CMH12:43)
2025-Jul-09 15:50:00
--------------------------------------------------------
N275AK[55]
683(7/7ORD13:00---SEA17:39)
2025-Jul-07 18:34:00
2025-Jul-09 15:55:00
--------------------------------------------------------
N277AK[45]
2025-Jul-07 15:00:00
2025-Jul-09 15:45:00
--------------------------------------------------------
N280AK[55]
1089(7/7LAS14:05---PDX16:24)
2025-Jul-07 17:19:00
2025-Jul-09 15:55:00
--------------------------------------------------------
N281AK[30]
2025-Jul-07 15:00:00
1254-d0(7/7SEA15:27---ONT18:05)
1111-d0(7/7ONT19:00---SEA21:38)
1046-d0(7/7SEA22:08---SJC00:17)
1047-d0(7/8SJC01:11---SEA03:18)
460-d330(7/8SEA04:13---BOS09:29)
336-d0(7/8BOS10:00---PDX16:17)
1420-d0(7/8PDX17:30---IAH21:50)
1421-d0(7/8IAH22:50---PDX03:15)
1204-d360(7/9PDX03:49---SAN06:22)
1294-d360(7/9SAN07:18---PDX09:50)
2025-Jul-09 15:30:00
--------------------------------------------------------
N282AK[60]
2025-Jul-07 15:00:00
90-d210(7/7SIT18:45---SEA21:09)
658-d180(7/7SEA22:18---LAS01:02)
634-d210(7/8LAS02:09---SFO03:50)
776-d210(7/8SFO05:10---LAS06:55)
393-d0(7/8LAS14:00---PAE16:40)
385-d0(7/8PAE17:40---PHX20:43)
396-d0(7/8PHX21:43---PAE00:44)
391-d0(7/9PAE01:44---LAS04:17)
2025-Jul-09 16:00:00
--------------------------------------------------------
N283AK[50]
2025-Jul-07 15:00:00
1314-d0(7/7SJC19:02---SEA21:10)
738-d270(7/7SEA22:10---LAS00:49)
756-d270(7/8LAS01:43---PDX04:05)
1370-d270(7/8PDX05:05---AUS09:12)
541-d0(7/8AUS12:37---PDX16:50)
757-d0(7/8PDX17:50---LAS20:09)
676-d0(7/8LAS21:04---SEA23:50)
1150001-d300(7/9SEA00:48---BUR03:19)
1150-d300(7/9BUR04:14---SEA06:54)
22-d150(7/9SEA08:11---JFK13:32)
2025-Jul-09 15:50:00
--------------------------------------------------------
N284AK[40]
943(7/7RDM13:00---SEA14:14)
516(7/7SEA14:55---FLL20:52)
2025-Jul-07 21:32:00
517-d0(7/7FLL21:52---SEA04:20)
1098-d270(7/8SEA05:29---SAN08:24)
1020-d270(7/8SAN09:20---MCO14:30)
395-d240(7/8MCO15:20---SEA21:30)
442-d330(7/8SEA22:12---PHL03:17)
443-d330(7/9PHL04:22---SEA10:27)
924-d330(7/9SEA11:18---RDM12:29)
2025-Jul-09 15:40:00
--------------------------------------------------------
N285AK[30]
383(7/7BNA12:00---SEA17:06)
2025-Jul-07 17:36:00
2025-Jul-09 15:30:00
--------------------------------------------------------
N287AK[55]
139(7/7ORD14:30---ANC21:15)
2025-Jul-07 22:10:00
226-d0(7/7ANC22:20---SEA01:50)
N287AK_SEA-01:50/07:50-d0(7/8SEA01:50---7/8 07:50)
780-d300(7/8SEA07:59---ABQ10:59)
618-d0(7/8ABQ14:00---SEA17:15)
1258-d270(7/8SEA18:30---SAN21:20)
322-d270(7/8SAN22:18---IAD03:29)
435-d270(7/9IAD04:29---SFO10:16)
2025-Jul-09 15:55:00
--------------------------------------------------------
N288AK[55]
2025-Jul-07 15:00:00
479-d210(7/7LAS18:30---SEA21:10)
71-d210(7/7SEA22:13---JNU00:49)
176-d210(7/8JNU01:45---SEA04:12)
105-d210(7/8SEA05:29---ANC09:08)
172-d180(7/8ANC10:13---PHX15:45)
645-d180(7/8PHX17:05---SEA20:09)
535001-d240(7/8SEA21:20---DEN00:07)
535-d240(7/9DEN01:03---SEA04:00)
780-d120(7/9SEA04:59---ABQ07:59)
2025-Jul-09 15:55:00
--------------------------------------------------------
N290AK[30]
358(7/7PDX14:00---BOS19:25)
2025-Jul-07 19:55:00
304-d0(7/7BOS20:25---SEA02:48)
1086-d300(7/8SEA03:25---ONT06:04)
1087-d300(7/8ONT06:58---SEA09:37)
547-d330(7/8SEA10:10---CLE14:41)
548-d270(7/8CLE15:30---SEA20:39)
414-d360(7/8SEA21:17---DFW01:19)
415-d330(7/9DFW01:49---SEA06:04)
960-d360(7/9SEA06:43---GEG07:50)
965-d360(7/9GEG08:44---SEA10:00)
2025-Jul-09 15:30:00
--------------------------------------------------------
N291BT[30]
627(7/7TPA11:00---SEA17:06)
2025-Jul-07 17:36:00
2025-Jul-09 15:30:00
--------------------------------------------------------
N292AK[45]
473(7/7STL11:41---SEA16:10)
2025-Jul-07 16:55:00
1108-d0(7/7SEA16:58---SAN19:49)
1097-d0(7/7SAN20:45---SEA23:45)
620001-d210(7/8SEA00:33---DEN03:14)
620-d270(7/8DEN04:20---SEA07:20)
1004-d330(7/8SEA08:29---GEG09:39)
963-d0(7/8GEG14:00---SEA15:14)
648-d60(7/8SEA16:00---TUS19:10)
641-d60(7/8TUS20:06---SEA23:20)
63-d360(7/9SEA00:20---SIT02:44)
58-d360(7/9SIT03:40---SEA06:00)
730-d360(7/9SEA06:59---LAS09:38)
2025-Jul-09 15:45:00
--------------------------------------------------------
N293AK[60]
2025-Jul-07 15:00:00
23-d0(7/7JFK17:00---SEA23:08)
352-d270(7/8SEA00:13---AUS04:25)
513-d240(7/8AUS05:45---SFO09:29)
912-d0(7/8SFO14:20---SAN16:02)
1259-d30(7/8SAN17:30---SEA20:30)
312001-d330(7/8SEA21:36---OMA00:47)
312-d360(7/9OMA02:14---SEA05:54)
1224-d240(7/9SEA06:55---LAX09:46)
2025-Jul-09 16:00:00
--------------------------------------------------------
N294AK[50]
281(7/7BNA14:00---SEA19:03)
2025-Jul-07 19:53:00
2025-Jul-09 15:50:00
--------------------------------------------------------
N296AK[50]
2025-Jul-07 15:00:00
2025-Jul-09 15:50:00
--------------------------------------------------------
N297AK[35]
2025-Jul-07 15:00:00
57-d0(7/7ANC16:00---FAI17:05)
234-d0(7/7FAI18:05---SEA21:43)
175-d150(7/7SEA22:25---ANC01:57)
56-d240(7/8ANC02:50---SEA06:20)
919-d120(7/8SEA06:55---RDU12:00)
920-d60(7/8RDU12:36---SEA18:30)
313001-d240(7/8SEA19:30---DTW23:50)
313-d240(7/9DTW00:46---SEA05:45)
69001-d300(7/9SEA06:35---KTN08:44)
69-d300(7/9KTN09:29---JNU10:30)
2025-Jul-09 15:35:00
--------------------------------------------------------
N298AK[55]
533(7/7ATL13:30---SEA18:51)
2025-Jul-07 19:46:00
2025-Jul-09 15:55:00
--------------------------------------------------------
N307AS[60]
168(7/7FAI08:14---SEA12:00)
2025-Jul-07 15:00:00
722-d120(7/7SEA21:27---PHX00:30)
975-d180(7/8PHX01:47---SEA04:52)
2025-Jul-09 16:00:00
--------------------------------------------------------
N309AS[30]
2025-Jul-07 15:00:00
612-d0(7/7SEA15:46---LAS18:25)
785-d0(7/7LAS19:40---SEA22:24)
1284-d30(7/7SEA23:14---SFO01:27)
1065-d30(7/8SFO02:23---SEA04:41)
185-d0(7/8SEA05:55---JNU08:25)
42-d0(7/8JNU09:55---SEA12:23)
1306-d0(7/8SEA15:00---LAX17:49)
1305-d0(7/8LAX18:55---SEA21:39)
962-d0(7/8SEA23:03---GEG00:13)
964-d0(7/9GEG01:07---SEA02:21)
205-d30(7/9SEA03:06---JNU05:35)
2025-Jul-09 15:30:00
--------------------------------------------------------
N318AS[40]
2025-Jul-07 15:00:00
215-d180(7/7GEG20:03---SEA21:18)
1194-d0(7/8SEA02:54---SMF04:52)
1217-d0(7/8SMF13:15---SEA15:15)
2025-Jul-09 15:40:00
--------------------------------------------------------
N402AS[60]
1041(7/7BUR14:00---SEA16:37)
2025-Jul-07 17:37:00
2025-Jul-09 16:00:00
--------------------------------------------------------
N403AS[50]
188(7/7ANC13:00---SEA16:30)
2025-Jul-07 17:20:00
2025-Jul-09 15:50:00
--------------------------------------------------------
N408AS[55]
2025-Jul-07 15:00:00
2025-Jul-09 15:55:00
--------------------------------------------------------
N409AS[55]
150(7/7ANC08:34---LAX13:55)
2025-Jul-07 15:00:00
2025-Jul-09 15:55:00
--------------------------------------------------------
N413AS[40]
324(7/7PDX14:02---ORD18:07)
2025-Jul-07 18:47:00
2025-Jul-09 15:40:00
--------------------------------------------------------
N419AS[60]
2025-Jul-07 15:00:00
2025-Jul-09 16:00:00
--------------------------------------------------------
N423AS[30]
446(7/7PHL10:45---SEA16:42)
2025-Jul-07 17:12:00
2025-Jul-09 15:30:00
--------------------------------------------------------
N431AS[55]
292(7/7SFO14:54---EWR20:29)
2025-Jul-07 21:24:00
2025-Jul-09 15:55:00
--------------------------------------------------------
N433AS[45]
2025-Jul-07 15:00:00
1410-d0(7/7SFO15:00---PDX16:45)
1420-d0(7/7PDX17:47---IAH22:07)
1421-d30(7/7IAH23:20---PDX03:45)
376-d240(7/8PDX04:35---ORD08:39)
942-d0(7/8ORD11:00---SEA15:37)
1108-d0(7/8SEA16:58---SAN19:49)
1097-d0(7/8SAN20:45---SEA23:45)
658-d330(7/9SEA00:30---LAS03:14)
634-d330(7/9LAS04:09---SFO05:50)
922-d180(7/9SFO06:49---SEA09:02)
380-d330(7/9SEA10:15---DTW14:35)
2025-Jul-09 15:45:00
--------------------------------------------------------
N434AS[40]
408(7/7SEA13:00---ORD17:07)
2025-Jul-07 17:47:00
891-d0(7/7ORD18:20---SEA22:59)
733-d270(7/7SEA23:40---SLC01:46)
734-d300(7/8SLC02:39---SEA04:54)
115-d60(7/8SEA05:59---FAI09:49)
168-d150(7/8FAI10:44---SEA14:30)
1290001-d30(7/8SEA15:30---BUR18:06)
1063-d270(7/8BUR18:50---PDX21:07)
1016-d90(7/8PDX21:55---SEA22:55)
1010-d330(7/8SEA23:50---GEG00:59)
1011-d330(7/9GEG01:53---SEA03:07)
509-d360(7/9SEA04:15---SLC06:18)
510-d360(7/9SLC07:12---SEA09:30)
547-d330(7/9SEA10:10---CLE14:41)
2025-Jul-09 15:40:00
--------------------------------------------------------
N435AS[55]
920(7/7RDU11:36---SEA17:30)
2025-Jul-07 18:25:00
2025-Jul-09 15:55:00
--------------------------------------------------------
N440AS[30]
459(7/7BOS11:20---SEA17:38)
2025-Jul-07 18:08:00
2025-Jul-09 15:30:00
--------------------------------------------------------
N442AS[55]
542(7/7SEA07:25---DFW11:20)
365(7/7DFW14:00---SEA18:27)
2025-Jul-07 19:22:00
2025-Jul-09 15:55:00
--------------------------------------------------------
N448AS[45]
242(7/7MKE11:30---SEA15:53)
2025-Jul-07 16:38:00
442-d0(7/7SEA16:42---PHL21:47)
443-d0(7/7PHL22:52---SEA04:57)
590-d360(7/8SEA05:42---SFO07:53)
1410-d0(7/8SFO15:00---PDX16:45)
499-d270(7/8PDX17:35---SEA18:39)
1096-d60(7/8SEA19:41---SAN22:38)
1135-d60(7/8SAN23:35---SEA02:31)
228-d0(7/9SEA03:25---ANC07:04)
827-d300(7/9ANC07:55---HNL13:59)
2025-Jul-09 15:45:00
--------------------------------------------------------
N453AS[50]
42(7/7JNU09:55---SEA12:23)
2025-Jul-07 15:00:00
2025-Jul-09 15:50:00
--------------------------------------------------------
N457AS[45]
606(7/7SEA14:55---PHX17:52)
2025-Jul-07 18:37:00
1238-d0(7/7PHX21:16---PDX23:59)
1062-d0(7/8PDX01:04---BUR03:23)
1150-d300(7/8BUR04:14---SEA06:54)
205-d330(7/8SEA08:06---JNU10:35)
70001-d330(7/8JNU11:45---SIT12:29)
73001-d0(7/8SIT14:00---JNU14:44)
142-d30(7/8JNU15:38---SEA18:06)
1216-d0(7/8SEA19:01---SMF21:01)
1358-d0(7/8SMF21:56---SEA23:54)
78-d0(7/9SEA00:55---ANC04:37)
134-d300(7/9ANC05:30---SEA09:00)
119-d240(7/9SEA09:59---ANC13:39)
2025-Jul-09 15:45:00
--------------------------------------------------------
N459AS[50]
1063(7/7BUR14:20---PDX16:37)
2025-Jul-07 17:27:00
1268-d90(7/7PDX17:30---BNA21:49)
522-d0(7/7BNA22:44---SEA03:48)
545-d0(7/8SEA04:45---IND09:00)
546-d0(7/8IND10:30---SEA15:19)
1133-d0(7/8SEA17:03---SMF19:03)
1281-d0(7/8SMF19:57---SEA21:54)
1132-d150(7/8SEA23:05---SFO01:18)
591-d150(7/9SFO02:14---SEA04:24)
590-d360(7/9SEA05:42---SFO07:53)
455-d180(7/9SFO08:43---IAD13:50)
2025-Jul-09 15:50:00
--------------------------------------------------------
N462AS[30]
2025-Jul-07 15:00:00
142-d180(7/7JNU18:38---SEA21:06)
1132-d90(7/7SEA22:05---SFO00:18)
591-d90(7/8SFO01:14---SEA03:24)
N462AS_SEA-03:34/06:34-d0(7/8SEA03:34---7/8 06:34)
427-d0(7/8SEA06:49---CVG11:07)
428-d0(7/8CVG12:40---SEA17:39)
1017-d0(7/8SEA18:20---PDX19:23)
1161-d150(7/8PDX20:00---PHX22:46)
637-d330(7/8PHX23:16---SEA02:23)
1098-d120(7/9SEA02:59---SAN05:54)
1005-d210(7/9SAN06:27---SFO08:07)
307-d270(7/9SFO08:58---BOS14:40)
2025-Jul-09 15:30:00
--------------------------------------------------------
N464AS[55]
453(7/7IAH11:00---SEA15:40)
2025-Jul-07 16:35:00
N464AS_SEA-15:40/18:40-d0(7/7SEA15:40---7/7 18:40)
101-d240(7/7SEA21:12---KTN23:17)
102-d240(7/8KTN00:13---SEA02:15)
980-d0(7/8SEA04:40---SFO06:59)
922-d270(7/8SFO08:19---SEA10:32)
452-d270(7/8SEA11:29---IAH15:50)
399-d180(7/8IAH17:00---SEA21:45)
934001-d270(7/8SEA22:50---EUG00:06)
934-d300(7/9EUG01:30---SEA02:48)
1004-d60(7/9SEA03:59---GEG05:09)
1280-d270(7/9GEG06:19---LAX09:05)
2025-Jul-09 15:55:00
--------------------------------------------------------
N467AS[40]
132(7/7EUG13:00---SEA14:15)
2025-Jul-07 15:00:00
2025-Jul-09 15:40:00
--------------------------------------------------------
N469AS[30]
1130(7/7GEG14:00---SAN16:47)
2025-Jul-07 17:17:00
2025-Jul-09 15:30:00
--------------------------------------------------------
N471AS[60]
643(7/7DEN12:00---SEA15:01)
2025-Jul-07 16:01:00
83-d30(7/7SEA16:30---ANC20:05)
162-d30(7/7ANC21:10---SEA00:43)
744-d180(7/8SEA01:59---PHX04:57)
662-d300(7/8PHX06:05---PDX08:48)
1136001-d0(7/8PDX14:00---DEN16:37)
1136-d30(7/8DEN18:03---PDX20:50)
836-d30(7/8PDX22:00---SFO23:52)
1225-d210(7/9SFO01:15---SEA03:24)
445-d330(7/9SEA04:38---RNO06:29)
523-d360(7/9RNO07:47---SEA09:42)
545-d360(7/9SEA10:45---IND15:00)
2025-Jul-09 16:00:00
--------------------------------------------------------
N472AS[50]
35(7/7JFK14:00---SAN19:52)
2025-Jul-07 20:42:00
2025-Jul-09 15:50:00
--------------------------------------------------------
N474AS[40]
942(7/7ORD11:00---SEA15:37)
2025-Jul-07 16:17:00
2025-Jul-09 15:40:00
--------------------------------------------------------
N477AS[60]
963(7/7GEG14:00---SEA15:14)
2025-Jul-07 16:14:00
2025-Jul-09 16:00:00
--------------------------------------------------------
N478AS[40]
2025-Jul-07 15:00:00
47-d150(7/7ANC17:45---SEA21:22)
1256-d240(7/7SEA22:05---PSP00:59)
582-d270(7/8PSP01:40---SEA04:30)
241-d240(7/8SEA05:10---MKE08:59)
242-d0(7/8MKE11:30---SEA15:53)
682001-d90(7/8SEA16:36---DEN19:23)
682-d90(7/8DEN20:19---SEA23:18)
1112-d330(7/9SEA00:01---SFO02:17)
571-d270(7/9SFO03:18---LAS05:01)
403-d180(7/9LAS05:45---SEA08:37)
444-d330(7/9SEA09:45---PHL14:55)
2025-Jul-09 15:40:00
--------------------------------------------------------
N481AS[60]
18(7/7PDX14:20---JFK19:45)
2025-Jul-07 20:45:00
2025-Jul-09 16:00:00
--------------------------------------------------------
N483AS[60]
54(7/7ANC09:29---SEA13:00)
2025-Jul-07 15:00:00
2025-Jul-09 16:00:00
--------------------------------------------------------
N486AS[50]
2025-Jul-07 15:00:00
2025-Jul-09 15:50:00
--------------------------------------------------------
N487AS[55]
546(7/7IND10:30---SEA15:19)
2025-Jul-07 16:14:00
2025-Jul-09 15:55:00
--------------------------------------------------------
N491AS[45]
316(7/7CMH11:00---SEA16:05)
2025-Jul-07 16:50:00
2025-Jul-09 15:45:00
--------------------------------------------------------
N492AS[60]
974(7/7SAN14:00---PDX16:35)
2025-Jul-07 17:35:00
2025-Jul-09 16:00:00
--------------------------------------------------------
N493AS[55]
430(7/7SEA14:14---SLC16:16)
2025-Jul-07 17:11:00
2025-Jul-09 15:55:00
--------------------------------------------------------
N494AS[45]
2025-Jul-07 15:00:00
502-d0(7/7SEA16:03---AUS20:11)
518-d0(7/7AUS21:11---SFO00:57)
1327-d0(7/8SFO02:49---SEA05:05)
315-d90(7/8SEA06:15---CMH10:43)
316-d30(7/8CMH11:30---SEA16:35)
904-d0(7/8SEA18:23---BZN20:06)
905-d0(7/8BZN21:00---SEA22:59)
697001-d240(7/8SEA23:52---MSO01:17)
697-d240(7/9MSO02:13---SEA03:51)
744-d360(7/9SEA04:59---PHX07:57)
141-d360(7/9PHX08:57---ANC14:48)
2025-Jul-09 15:45:00
--------------------------------------------------------
N495AS[60]
2025-Jul-07 15:00:00
233-d0(7/7SAN15:10---EWR20:43)
462-d30(7/7EWR22:00---SEA04:14)
167-d150(7/8SEA05:20---FAI09:06)
156-d0(7/8FAI10:09---SEA13:44)
83-d0(7/8SEA16:00---ANC19:35)
162-d0(7/8ANC20:40---SEA00:13)
494001-d360(7/9SEA01:33---SAT05:37)
494-d360(7/9SAT06:37---SEA10:53)
185-d360(7/9SEA11:55---JNU14:25)
2025-Jul-09 16:00:00
--------------------------------------------------------
N506AS[45]
799(7/7PHX13:00---SEA16:04)
2025-Jul-07 16:49:00
2025-Jul-09 15:45:00
--------------------------------------------------------
N508AS[50]
2025-Jul-07 15:00:00
2025-Jul-09 15:50:00
--------------------------------------------------------
N512AS[55]
2025-Jul-07 15:00:00
2025-Jul-09 15:55:00
--------------------------------------------------------
N513AS[55]
2025-Jul-07 15:00:00
2025-Jul-09 15:55:00
--------------------------------------------------------
N514AS[50]
1293(7/7LAX13:00---SEA15:50)
2025-Jul-07 16:40:00
149-d0(7/7SEA16:50---ANC20:26)
89-d0(7/7ANC21:54---ADQ22:57)
88-d0(7/7ADQ23:49---ANC00:49)
100-d360(7/8ANC01:41---SEA05:10)
N514AS_SEA-07:45/10:45-d0(7/8SEA07:45---7/8 10:45)
1148-d0(7/8SEA14:20---SNA17:15)
1299-d0(7/8SNA18:10---PDX20:34)
1235-d0(7/8PDX21:34---DEN00:10)
620-d90(7/9DEN01:20---SEA04:20)
1125-d330(7/9SEA05:17---SLC07:20)
719-d330(7/9SLC08:14---SEA10:37)
2025-Jul-09 15:50:00
--------------------------------------------------------
N516AS[55]
1148(7/7SEA14:20---SNA17:15)
2025-Jul-07 18:10:00
740-d0(7/7SNA19:42---SFO21:10)
929-d0(7/7SFO22:05---PDX23:50)
1295-d0(7/8PDX00:55---SFO02:48)
1225-d360(7/8SFO03:45---SEA05:54)
228-d210(7/8SEA06:55---ANC10:34)
148-d180(7/8ANC11:29---SEA15:00)
1254-d30(7/8SEA15:57---ONT18:35)
1111-d30(7/8ONT19:30---SEA22:08)
1018-d240(7/8SEA23:31---BOI01:04)
947-d240(7/9BOI02:00---PDX03:21)
1158-d90(7/9PDX04:18---SNA06:48)
1203-d330(7/9SNA07:44---SEA10:37)
959-d360(7/9SEA11:52---GEG12:59)
2025-Jul-09 15:55:00
--------------------------------------------------------
N517AS[55]
2025-Jul-07 15:00:00
2025-Jul-09 15:55:00
--------------------------------------------------------
N518AS[60]
302(7/7ANC09:44---PDX13:20)
867(7/7PDX14:56---KOA20:50)
2025-Jul-07 21:50:00
2025-Jul-09 16:00:00
--------------------------------------------------------
N519AS[40]
349(7/7BWI11:51---SEA17:40)
2025-Jul-07 18:20:00
2025-Jul-09 15:40:00
--------------------------------------------------------
N520AS[50]
645(7/7PHX14:05---SEA17:09)
2025-Jul-07 17:59:00
49-d210(7/7SEA21:25---ANC01:05)
183-d240(7/8ANC02:10---DLG03:25)
182-d240(7/8DLG04:20---ANC05:30)
177-d240(7/8ANC06:30---ADQ07:30)
196-d0(7/8ADQ15:00---ANC15:57)
160-d0(7/8ANC17:35---SEA21:09)
1257-d0(7/8SEA22:38---SNA01:26)
1229-d90(7/9SNA02:19---SEA05:05)
1321-d360(7/9SEA06:08---STS08:09)
1321001-d360(7/9STS09:01---SEA11:07)
498-d360(7/9SEA12:03---PDX12:59)
2025-Jul-09 15:50:00
--------------------------------------------------------
N523AS[50]
15(7/7DCA12:59---SAN18:20)
2025-Jul-07 19:10:00
2025-Jul-09 15:50:00
--------------------------------------------------------
N525AS[40]
21(7/7JFK11:00---SEA17:13)
2025-Jul-07 17:53:00
2025-Jul-09 15:40:00
--------------------------------------------------------
N526AS[50]
210(7/7FAI13:52---SEA17:40)
2025-Jul-07 18:30:00
2025-Jul-09 15:50:00
--------------------------------------------------------
N527AS[50]
2025-Jul-07 15:00:00
2025-Jul-09 15:50:00
--------------------------------------------------------
N529AS[60]
869(7/7SJC14:00---KOA19:30)
2025-Jul-07 20:30:00
2025-Jul-09 16:00:00
--------------------------------------------------------
N530AS[60]
2025-Jul-07 15:00:00
1169-d210(7/7SFO19:18---SEA21:28)
1138-d0(7/7SEA23:04---SBA01:40)
1139-d30(7/8SBA03:00---SEA05:37)
1104-d300(7/8SEA06:50---SNA09:39)
1181-d0(7/8SNA14:00---PDX16:30)
1084-d0(7/8PDX17:30---SNA20:03)
1277-d240(7/8SNA21:21---SEA00:06)
839-d0(7/9SEA01:45---LIH07:54)
826-d0(7/9LIH08:54---SAN14:33)
2025-Jul-09 16:00:00
--------------------------------------------------------
N531AS[45]
2025-Jul-07 15:00:00
165-d0(7/7DEN15:43---ANC21:17)
137-d330(7/7ANC22:25---OTZ00:02)
137001-d330(7/8OTZ00:54---ANC02:24)
45-d90(7/8ANC03:19---BET04:39)
46-d90(7/8BET05:29---ANC06:48)
272-d210(7/8ANC07:40---SEA11:15)
498-d360(7/8SEA12:03---PDX12:59)
1101-d0(7/8PDX14:00---LAS16:19)
1089-d180(7/8LAS17:05---PDX19:24)
128-d180(7/8PDX20:30---SFO22:24)
739-d330(7/8SFO23:30---SNA01:10)
1191-d240(7/9SNA02:02---SEA04:48)
1264-d90(7/9SEA05:33---SAN08:29)
259-d210(7/9SAN09:15---BOS15:00)
2025-Jul-09 15:45:00
--------------------------------------------------------
N532AS[60]
1109(7/7SEA13:00---SAN15:53)
2025-Jul-07 16:53:00
2025-Jul-09 16:00:00
--------------------------------------------------------
N535AS[50]
1151(7/7OAK14:00---SEA16:07)
2025-Jul-07 16:57:00
174-d0(7/7SEA16:57---FAI20:40)
103-d0(7/7FAI21:35---ANC22:40)
66-d150(7/7ANC23:56---CDV00:51)
66001-d150(7/8CDV01:43---YAK02:43)
66003-d150(7/8YAK03:35---JNU04:33)
66002-d150(7/8JNU05:25---SEA07:53)
542-d90(7/8SEA08:55---DFW12:50)
303-d90(7/8DFW13:55---PDX17:58)
863-d90(7/8PDX19:00---GEG20:11)
864-d90(7/8GEG21:06---PDX22:18)
392-d300(7/8PDX23:28---DFW03:16)
317-d300(7/9DFW04:16---SEA08:35)
133-d330(7/9SEA09:25---ANC13:04)
2025-Jul-09 15:50:00
--------------------------------------------------------
N536AS[45]
1(7/7DCA12:00---SEA17:56)
2025-Jul-07 18:41:00
2025-Jul-09 15:45:00
--------------------------------------------------------
N537AS[50]
1124(7/7LAX14:00---PDX16:23)
2025-Jul-07 17:13:00
2025-Jul-09 15:50:00
--------------------------------------------------------
N538AS[55]
2025-Jul-07 15:00:00
2025-Jul-09 15:55:00
--------------------------------------------------------
N546AS[45]
2025-Jul-07 15:00:00
2025-Jul-09 15:45:00
--------------------------------------------------------
N548AS[35]
2025-Jul-07 15:00:00
2025-Jul-09 15:35:00
--------------------------------------------------------
N549AS[50]
2025-Jul-07 15:00:00
231-d0(7/7ANC15:10---ADQ16:11)
232-d0(7/7ADQ17:03---ANC18:01)
43-d0(7/7ANC19:28---BET20:50)
44-d30(7/7BET21:41---ANC23:04)
155-d30(7/8ANC00:02---OME01:39)
155001-d30(7/8OME02:29---ANC04:03)
47-d0(7/8ANC15:15---SEA18:52)
175-d0(7/8SEA19:55---ANC23:27)
177-d0(7/9ANC02:30---ADQ03:30)
2025-Jul-09 15:50:00
--------------------------------------------------------
N551AS[55]
2025-Jul-07 15:00:00
2025-Jul-09 15:55:00
--------------------------------------------------------
N552AS[30]
981(7/7SFO13:00---SEA15:04)
2025-Jul-07 15:34:00
2025-Jul-09 15:30:00
--------------------------------------------------------
N553AS[45]
1298(7/7PDX14:00---SNA16:31)
2025-Jul-07 17:16:00
2025-Jul-09 15:45:00
--------------------------------------------------------
N556AS[45]
1181(7/7SNA14:00---PDX16:30)
2025-Jul-07 17:15:00
1084-d0(7/7PDX17:30---SNA20:03)
1159-d0(7/7SNA20:51---PDX23:15)
278-d0(7/8PDX00:40---LAX03:15)
1289-d60(7/8LAX04:10---SEA07:06)
1288-d330(7/8SEA08:11---SNA11:00)
1325-d0(7/8SNA13:45---SEA16:42)
1174-d0(7/8SEA18:22---SNA21:14)
740-d150(7/8SNA22:12---SFO23:40)
929-d150(7/9SFO00:35---PDX02:20)
1100-d330(7/9PDX03:25---SNA05:57)
1085-d330(7/9SNA06:47---PDX09:09)
1162-d330(7/9PDX10:00---SAN12:35)
2025-Jul-09 15:45:00
--------------------------------------------------------
N557AS[60]
701(7/7LAS13:00---SEA15:45)
2025-Jul-07 16:45:00
2025-Jul-09 16:00:00
--------------------------------------------------------
N560AS[60]
2025-Jul-07 15:00:00
863-d0(7/7PDX17:30---GEG18:41)
864-d30(7/7GEG20:06---PDX21:18)
1100-d30(7/7PDX22:25---SNA00:57)
1203-d0(7/8SNA02:14---SEA05:07)
386-d270(7/8SEA06:07---MSP09:29)
387-d0(7/8MSP11:40---SEA15:44)
1256-d0(7/8SEA17:21---PSP20:15)
582-d30(7/8PSP21:40---SEA00:30)
1042001-d150(7/9SEA01:47---SBP04:13)
1042-d180(7/9SBP05:35---SEA08:07)
344-d240(7/9SEA09:20---BWI14:21)
2025-Jul-09 16:00:00
--------------------------------------------------------
N562AS[50]
2025-Jul-07 15:00:00
822-d0(7/7KOA18:00---SEA23:54)
154001-d360(7/8SEA00:53---RDM02:05)
154-d360(7/8RDM03:00---SEA04:20)
1042001-d360(7/8SEA05:17---SBP07:43)
1042-d360(7/8SBP08:35---SEA11:07)
1109-d0(7/8SEA13:00---SAN15:53)
1071-d90(7/8SAN16:45---SEA19:48)
1118-d120(7/8SEA21:00---ONT23:46)
1119-d120(7/9ONT01:00---SEA03:40)
1030-d360(7/9SEA04:48---BZN06:31)
1031-d360(7/9BZN07:25---SEA09:35)
1152-d360(7/9SEA10:44---OAK13:01)
2025-Jul-09 15:50:00
--------------------------------------------------------
N564AS[45]
1325(7/7SNA13:45---SEA16:42)
2025-Jul-07 17:27:00
2025-Jul-09 15:45:00
--------------------------------------------------------
N565AS[45]
173(7/7SEA13:00---ANC16:40)
2025-Jul-07 17:25:00
2025-Jul-09 15:45:00
--------------------------------------------------------
N568AS[60]
2025-Jul-07 15:00:00
2025-Jul-09 16:00:00
--------------------------------------------------------
N569AS[40]
790(7/7SFO14:00---LIH19:47)
2025-Jul-07 20:27:00
840-d0(7/7LIH20:47---SEA02:32)
939-d90(7/8SEA03:25---SAN06:17)
259-d90(7/8SAN07:15---BOS13:00)
260-d60(7/8BOS13:40---SAN19:50)
1137-d90(7/8SAN20:42---SEA23:40)
357001-d240(7/9SEA00:35---MCI04:01)
357-d240(7/9MCI04:56---SEA08:56)
536-d180(7/9SEA09:40---BOS15:00)
2025-Jul-09 15:40:00
--------------------------------------------------------
N570AS[60]
2025-Jul-07 15:00:00
405001-d0(7/7SEA15:11---OKC18:48)
405-d0(7/7OKC20:00---SEA23:54)
1202-d30(7/8SEA01:05---SNA03:55)
1085-d240(7/8SNA05:17---PDX07:39)
728-d240(7/8PDX08:40---LAS10:59)
701-d0(7/8LAS13:00---SEA15:45)
1082-d180(7/8SEA17:00---SFO19:11)
8-d210(7/8SFO20:15---DCA01:28)
3-d330(7/9DCA02:32---SEA08:30)
1230-d300(7/9SEA09:45---SMF11:45)
2025-Jul-09 16:00:00
--------------------------------------------------------
N577AS[50]
260(7/7BOS12:40---SAN18:50)
2025-Jul-07 19:40:00
1137-d30(7/7SAN19:42---SEA22:40)
92-d120(7/7SEA23:33---KTN01:41)
94-d120(7/8KTN02:35---SEA04:35)
1292-d90(7/8SEA05:37---LAX08:29)
1055-d330(7/8LAX09:45---SEA12:36)
1226-d0(7/8SEA14:00---SJC16:08)
1311001-d0(7/8SJC17:00---SEA19:13)
149-d210(7/8SEA20:20---ANC23:56)
66-d210(7/9ANC00:56---CDV01:51)
66001-d210(7/9CDV02:43---YAK03:43)
66003-d210(7/9YAK04:35---JNU05:33)
67-d120(7/9JNU06:40---ANC08:28)
59-d180(7/9ANC09:35---MSP15:00)
2025-Jul-09 15:50:00
--------------------------------------------------------
N579AS[50]
1316(7/7SEA13:00---LAX15:50)
2025-Jul-07 16:40:00
560-d60(7/7LAX16:54---KOA22:34)
561-d30(7/7KOA23:50---LAX05:21)
193-d210(7/8LAX06:15---ANC11:38)
164-d330(7/8ANC12:48---DEN18:05)
745-d300(7/8DEN19:00---SEA22:00)
N579AS_SEA-22:47/01:47-d0(7/8SEA22:47---7/9 01:47)
939-d0(7/9SEA01:55---SAN04:47)
821-d330(7/9SAN05:46---LIH12:02)
2025-Jul-09 15:50:00
--------------------------------------------------------
N581AS[50]
526(7/7PDX14:04---SFO15:53)
2025-Jul-07 16:43:00
2025-Jul-09 15:50:00
--------------------------------------------------------
N586AS[50]
62(7/7ANC14:45---JNU16:28)
2025-Jul-07 17:18:00
62001-d0(7/7JNU17:37---SIT18:22)
62003-d0(7/7SIT19:19---KTN20:20)
62002-d30(7/7KTN21:18---SEA23:17)
67002-d120(7/8SEA00:33---KTN02:40)
67001-d150(7/8KTN03:55---SIT04:50)
67003-d180(7/8SIT06:08---JNU06:52)
67-d210(7/8JNU08:10---ANC09:58)
110-d120(7/8ANC10:55---SEA14:26)
174-d0(7/8SEA16:57---FAI20:40)
103-d0(7/8FAI21:35---ANC22:40)
181-d30(7/8ANC23:36---DLG00:51)
182001-d30(7/9DLG01:45---ANC02:52)
45-d120(7/9ANC03:49---BET05:09)
46-d120(7/9BET05:59---ANC07:18)
109-d60(7/9ANC08:26---ORD14:40)
2025-Jul-09 15:50:00
--------------------------------------------------------
N587AS[45]
2025-Jul-07 15:00:00
2025-Jul-09 15:45:00
--------------------------------------------------------
N589AS[60]
2025-Jul-07 15:00:00
2025-Jul-09 16:00:00
--------------------------------------------------------
N590AS[55]
5(7/7DCA13:59---LAX19:33)
2025-Jul-07 20:28:00
2025-Jul-09 15:55:00
--------------------------------------------------------
N592AS[45]
2025-Jul-07 15:00:00
196-d0(7/7ADQ15:00---ANC15:57)
160-d0(7/7ANC17:35---SEA21:09)
1018-d150(7/7SEA22:18---BOI23:51)
947-d180(7/8BOI01:00---PDX02:21)
1235-d360(7/8PDX03:34---DEN06:10)
1131-d360(7/8DEN07:06---PDX09:50)
1298-d0(7/8PDX14:00---SNA16:31)
1149-d150(7/8SNA17:32---SEA20:26)
773-d30(7/8SEA21:40---SNA00:31)
1159-d270(7/9SNA01:21---PDX03:45)
197001-d0(7/9PDX04:40---ANC08:24)
268-d360(7/9ANC09:25---SEA13:06)
2025-Jul-09 15:45:00
--------------------------------------------------------
N593AS[50]
393(7/7LAS14:00---PAE16:40)
2025-Jul-07 17:30:00
385-d0(7/7PAE17:40---PHX20:43)
396-d0(7/7PHX21:43---PAE00:44)
391-d0(7/8PAE01:44---LAS04:17)
599-d270(7/8LAS05:15---SEA08:00)
119-d180(7/8SEA08:59---ANC12:39)
62-d0(7/8ANC14:45---JNU16:28)
62001-d0(7/8JNU17:20---SIT18:05)
62003-d0(7/8SIT18:57---KTN19:58)
62002-d0(7/8KTN20:48---SEA22:47)
67002-d90(7/9SEA00:03---KTN02:10)
67001-d120(7/9KTN03:25---SIT04:20)
67003-d150(7/9SIT05:38---JNU06:22)
66002-d270(7/9JNU07:25---SEA09:53)
144-d240(7/9SEA10:59---ANC14:39)
2025-Jul-09 15:50:00
--------------------------------------------------------
N594AS[55]
1136001(7/7PDX14:00---DEN16:37)
2025-Jul-07 17:32:00
2025-Jul-09 15:55:00
--------------------------------------------------------
N596AS[45]
966(7/7GEG13:00---SEA14:15)
2025-Jul-07 15:00:00
2025-Jul-09 15:45:00
--------------------------------------------------------
N597AS[55]
2025-Jul-07 15:00:00
2025-Jul-09 15:55:00
--------------------------------------------------------
N607AS[40]
186(7/7JNU13:00---SEA15:28)
2025-Jul-07 16:08:00
1051-d0(7/7SEA16:50---BUR19:26)
1038-d0(7/7BUR20:20---SEA22:59)
720-d0(7/7SEA23:46---FAT01:58)
721-d0(7/8FAT02:40---SEA05:07)
1146-d360(7/8SEA05:59---SAN08:49)
1110-d360(7/8SAN09:45---SEA12:51)
65003-d0(7/8SEA14:00---KTN16:04)
60001-d0(7/8KTN17:00---SEA19:03)
72-d180(7/8SEA19:55---JNU22:26)
65-d120(7/8JNU23:07---ANC00:53)
89-d240(7/9ANC01:54---ADQ02:57)
88-d240(7/9ADQ03:49---ANC04:49)
155-d360(7/9ANC05:32---OME07:09)
155001-d360(7/9OME07:59---ANC09:33)
2025-Jul-09 15:40:00
--------------------------------------------------------
N609AS[40]
931(7/7RNO14:00---SEA15:56)
2025-Jul-07 16:36:00
2025-Jul-09 15:40:00
--------------------------------------------------------
N611AS[40]
55(7/7ANC13:45---SCC15:30)
2025-Jul-07 16:10:00
55001-d0(7/7SCC16:14---ANC17:58)
108-d30(7/7ANC18:52---FAI19:57)
140-d30(7/7FAI20:47---SEA00:30)
95-d270(7/8SEA01:10---JNU03:42)
157-d270(7/8JNU04:32---GST05:11)
77-d270(7/8GST06:05---JNU06:44)
84-d330(7/8JNU07:25---ANC09:13)
55-d0(7/8ANC13:45---SCC15:30)
55001-d0(7/8SCC16:14---ANC17:58)
82-d300(7/8ANC19:00---SEA22:31)
1328-d300(7/8SEA23:31---OAK01:44)
1247-d300(7/9OAK02:38---SEA04:38)
1146-d330(7/9SEA05:29---SAN08:19)
1110-d330(7/9SAN09:15---SEA12:21)
2025-Jul-09 15:40:00
--------------------------------------------------------
N612AS[50]
2025-Jul-07 15:00:00
2025-Jul-09 15:50:00
--------------------------------------------------------
N613AS[40]
148(7/7ANC08:29---SEA12:00)
65003(7/7SEA14:00---KTN16:04)
2025-Jul-07 16:44:00
2025-Jul-09 15:40:00
--------------------------------------------------------
N615AS[45]
2025-Jul-07 15:00:00
2025-Jul-09 15:45:00
--------------------------------------------------------
N618AS[50]
593(7/7ANC13:05---PDX16:42)
2025-Jul-07 17:32:00
775-d0(7/7PDX17:42---ANC21:26)
201-d0(7/7ANC23:15---JNU00:58)
64001-d270(7/8JNU01:51---PSG02:37)
64003-d300(7/8PSG03:52---WRG04:25)
64004-d330(7/8WRG05:40---KTN06:25)
69-d180(7/8KTN07:29---JNU08:30)
60-d0(7/8JNU15:14---KTN16:15)
65001-d30(7/8KTN17:19---WRG17:58)
65004-d60(7/8WRG19:13---PSG19:44)
65002-d90(7/8PSG20:59---JNU21:49)
61001-d330(7/8JNU22:49---YAK23:48)
61003-d330(7/9YAK00:38---CDV01:39)
61-d330(7/9CDV02:29---ANC03:30)
151001-d300(7/9ANC04:40---AKN05:49)
151-d300(7/9AKN06:59---ANC08:10)
70-d330(7/9ANC09:15---JNU10:57)
70001-d360(7/9JNU12:15---SIT12:59)
2025-Jul-09 15:50:00
--------------------------------------------------------
N619AS[40]
61002(7/7SEA14:00---JNU16:29)
2025-Jul-07 17:09:00
61001-d0(7/7JNU17:19---YAK18:18)
61003-d0(7/7YAK19:08---CDV20:09)
61-d0(7/7CDV20:59---ANC22:00)
198-d360(7/7ANC23:05---PDX02:44)
1204-d360(7/8PDX03:49---SAN06:22)
1294-d360(7/8SAN07:18---PDX09:50)
197-d360(7/8PDX10:50---ANC14:34)
231-d30(7/8ANC15:40---ADQ16:41)
232-d30(7/8ADQ17:33---ANC18:31)
43-d30(7/8ANC19:29---BET20:51)
44-d30(7/8BET21:41---ANC23:04)
64-d300(7/8ANC23:50---JNU01:33)
64001-d300(7/9JNU02:21---PSG03:07)
64003-d300(7/9PSG03:52---WRG04:25)
64004-d300(7/9WRG05:10---KTN05:55)
64002-d300(7/9KTN06:40---SEA08:35)
736-d300(7/9SEA09:40---RNO11:35)
2025-Jul-09 15:40:00
--------------------------------------------------------
N622AS[45]
73001(7/7SIT14:00---JNU14:44)
2025-Jul-07 15:29:00
60-d30(7/7JNU15:44---KTN16:45)
65001-d60(7/7KTN17:49---WRG18:28)
65004-d60(7/7WRG19:13---PSG19:44)
65002-d60(7/7PSG20:29---JNU21:19)
74-d120(7/7JNU22:22---SEA00:45)
69001-d0(7/8SEA01:35---KTN03:44)
64002-d180(7/8KTN04:40---SEA06:35)
736-d180(7/8SEA07:40---RNO09:35)
931-d0(7/8RNO14:00---SEA15:56)
1051-d0(7/8SEA16:50---BUR19:26)
1038-d0(7/8BUR20:20---SEA22:59)
720-d0(7/8SEA23:46---FAT01:58)
721-d30(7/9FAT03:10---SEA05:37)
97-d360(7/9SEA06:40---FAI10:25)
192-d360(7/9FAI11:25---ANC12:32)
2025-Jul-09 15:45:00
--------------------------------------------------------
N703AL[40]
2025-Jul-07 15:00:00
2025-Jul-09 15:40:00
--------------------------------------------------------
N705AL[50]
618(7/7ABQ14:00---SEA17:15)
2025-Jul-07 18:05:00
2025-Jul-09 15:50:00
--------------------------------------------------------
N706AL[55]
2025-Jul-07 15:00:00
2025-Jul-09 15:55:00
--------------------------------------------------------
N707AL[55]
2025-Jul-07 15:00:00
N707AL_SEA-15:00/03:00-d0(7/7SEA15:00---7/8 03:00)
1310-d90(7/8SEA03:06---SJC05:21)
1201-d90(7/8SJC06:16---SEA08:29)
144-d150(7/8SEA09:29---ANC13:09)
248-d0(7/8ANC14:30---SEA18:08)
1114-d0(7/8SEA19:09---SJC21:29)
1175-d0(7/8SJC22:24---SEA00:34)
N707AL_SEA-00:34/03:34-d0(7/9SEA00:34---7/9 03:34)
225-d210(7/9SEA03:45---ANC07:24)
164-d90(7/9ANC08:48---DEN14:05)
2025-Jul-09 15:55:00
--------------------------------------------------------
N708AL[60]
373(7/7EWR13:00---SFO19:13)
2025-Jul-07 20:13:00
2025-Jul-09 16:00:00
--------------------------------------------------------
N709AL[55]
2025-Jul-07 15:00:00
2025-Jul-09 15:55:00
--------------------------------------------------------
N710AL[50]
341(7/7PIT12:03---SEA17:28)
2025-Jul-07 18:18:00
2025-Jul-09 15:50:00
--------------------------------------------------------
N712AL[50]
563(7/7MCI11:45---SEA15:47)
2025-Jul-07 16:37:00
2025-Jul-09 15:50:00
--------------------------------------------------------
N713AL[60]
249(7/7SFO14:20---BOS20:01)
2025-Jul-07 21:01:00
2025-Jul-09 16:00:00
--------------------------------------------------------
N716AL[55]
368(7/7SFO14:00---MCO19:34)
2025-Jul-07 20:29:00
419-d0(7/7MCO20:39---SEA02:50)
1318-d120(7/8SEA04:13---SFO06:22)
374-d120(7/8SFO07:19---EWR12:54)
289-d120(7/8EWR13:52---LAX19:46)
798-d240(7/8LAX20:50---SEA23:35)
106001-d330(7/9SEA00:30---FAI04:23)
106-d330(7/9FAI05:23---SEA09:05)
328-d210(7/9SEA10:10---ORD14:10)
2025-Jul-09 15:55:00
--------------------------------------------------------
N719AL[60]
458(7/7IAD12:10---SFO17:55)
2025-Jul-07 18:55:00
2025-Jul-09 16:00:00
--------------------------------------------------------
N720AL[60]
917(7/7MCO14:00---SEA20:10)
2025-Jul-07 21:10:00
1300-d0(7/7SEA21:10---LAX23:58)
1083-d240(7/8LAX01:10---SEA03:54)
97-d270(7/8SEA05:10---FAI08:55)
192-d270(7/8FAI09:55---ANC11:02)
188-d0(7/8ANC13:00---SEA16:30)
500001-d0(7/8SEA17:42---IND21:48)
500-d0(7/8IND22:48---SEA03:35)
980-d0(7/9SEA04:40---SFO06:59)
374-d180(7/9SFO08:19---EWR13:54)
2025-Jul-09 16:00:00
--------------------------------------------------------
N722AL[30]
2025-Jul-07 15:00:00
682001-d0(7/7SEA15:06---DEN17:53)
682-d0(7/7DEN18:49---SEA21:48)
63-d180(7/7SEA22:23---SIT00:47)
58-d240(7/8SIT01:40---SEA04:00)
962-d330(7/8SEA04:33---GEG05:43)
1280-d270(7/8GEG06:19---LAX09:05)
1124-d0(7/8LAX14:00---PDX16:23)
526-d180(7/8PDX17:04---SFO18:53)
598-d30(7/8SFO19:25---ORD23:48)
597-d0(7/9ORD00:18---SFO05:06)
1327-d180(7/9SFO05:49---SEA08:05)
394-d150(7/9SEA08:35---MCO14:10)
2025-Jul-09 15:30:00
--------------------------------------------------------
N723AL[60]
1021(7/7MCO11:00---SAN16:04)
2025-Jul-07 17:04:00
2025-Jul-09 16:00:00
--------------------------------------------------------
N724AL[30]
377(7/7ATL10:30---SEA15:57)
2025-Jul-07 16:27:00
2025-Jul-09 15:30:00
--------------------------------------------------------
N725AL[55]
2025-Jul-07 15:00:00
2025-Jul-09 15:55:00
--------------------------------------------------------
N729AL[55]
428(7/7CVG12:40---SEA17:39)
2025-Jul-07 18:34:00
2025-Jul-09 15:55:00
--------------------------------------------------------
N731AL[45]
111(7/7ORD05:59---ANC12:37)
82(7/7ANC14:00---SEA17:31)
2025-Jul-07 18:16:00
2025-Jul-09 15:45:00
--------------------------------------------------------
N732AL[60]
2025-Jul-07 15:00:00
2025-Jul-09 16:00:00
--------------------------------------------------------
N733AL[30]
308(7/7BOS11:30---SFO18:07)
2025-Jul-07 18:37:00
2025-Jul-09 15:30:00
--------------------------------------------------------
N734AL[60]
548(7/7CLE11:00---SEA16:09)
2025-Jul-07 17:09:00
2025-Jul-09 16:00:00
--------------------------------------------------------
N738AL[45]
1043(7/7SFO14:00---SEA16:05)
2025-Jul-07 16:50:00
2025-Jul-09 15:45:00
--------------------------------------------------------
N801AK[50]
2025-Jul-07 15:00:00
622-d0(7/8ANC04:20---JFK11:33)
623-d0(7/8JFK13:45---ANC21:26)
226-d0(7/8ANC22:20---SEA01:50)
136-d0(7/9SEA02:55---ANC06:38)
2025-Jul-09 15:50:00
--------------------------------------------------------
N803AK[50]
623(7/7JFK13:45---ANC21:26)
2025-Jul-07 22:16:00
51-d0(7/7ANC22:26---BRW00:25)
50-d0(7/8BRW01:15---ANC03:05)
137-d0(7/8ANC16:55---OTZ18:32)
137001-d0(7/8OTZ19:24---ANC20:54)
51-d0(7/8ANC22:26---BRW00:25)
50-d0(7/9BRW01:15---ANC03:05)
622-d0(7/9ANC04:20---JFK11:33)
2025-Jul-09 15:50:00
--------------------------------------------------------
N804AK[50]
2025-Jul-07 15:00:00
4-d0(7/7SEA16:00---DCA21:09)
9-d30(7/7DCA22:13---PDX04:01)
1162-d30(7/8PDX05:00---SAN07:35)
1154-d0(7/8SAN14:15---SEA17:22)
154001-d0(7/8SEA18:32---RDM19:44)
154-d0(7/8RDM20:38---SEA21:58)
1138-d0(7/8SEA23:04---SBA01:40)
1139-d0(7/9SBA02:30---SEA05:07)
2025-Jul-09 15:50:00
--------------------------------------------------------
N805AK[60]
2025-Jul-07 15:00:00
1179-d210(7/7LAX18:30---SEA21:23)
1144-d180(7/7SEA22:33---LAX01:27)
1179-d0(7/8LAX15:00---SEA17:53)
1144-d0(7/8SEA19:00---LAX21:54)
1167-d0(7/8LAX23:05---PDX01:26)
579-d0(7/9PDX02:35---LAX05:05)
2025-Jul-09 16:00:00
--------------------------------------------------------
N806AK[55]
511(7/7PHX14:00---PDX16:43)
2025-Jul-07 17:38:00
757-d0(7/7PDX17:50---LAS20:09)
676-d0(7/7LAS21:04---SEA23:50)
1048-d0(7/8SEA01:09---LAX04:00)
578-d0(7/8LAX16:05---PDX18:31)
330-d0(7/8PDX19:31---LAX21:59)
2025-Jul-09 15:55:00
--------------------------------------------------------
N809AK[60]
491(7/7SEA13:00---DFW17:00)
2025-Jul-07 18:00:00
543-d0(7/7DFW18:00---SEA22:17)
N809AK_SEA-22:17/01:17-d0(7/7SEA22:17---7/8 01:17)
91-d0(7/8SEA04:15---SIT06:44)
90-d0(7/8SIT15:15---SEA17:39)
843-d0(7/8SEA19:05---KOA01:19)
880-d0(7/9KOA07:30---SEA13:19)
2025-Jul-09 16:00:00
--------------------------------------------------------
N812AK[30]
110(7/7ANC08:55---SEA12:26)
1082(7/7SEA14:00---SFO16:11)
2025-Jul-07 16:41:00
739-d0(7/7SFO18:00---SNA19:40)
1061-d0(7/7SNA20:30---SEA23:15)
1125-d0(7/7SEA23:47---SLC01:50)
719-d0(7/8SLC02:44---SEA05:07)
807-d0(7/8SEA17:31---KOA23:40)
788-d0(7/9KOA00:40---SFO06:00)
2025-Jul-09 15:30:00
--------------------------------------------------------
N813AK[40]
912(7/7SFO14:20---SAN16:02)
2025-Jul-07 16:42:00
1259-d60(7/7SAN18:00---SEA21:00)
2-d30(7/7SEA21:43---DCA02:44)
1-d0(7/8DCA12:00---SEA17:56)
900-d0(7/8SEA18:40---RNO20:38)
601-d0(7/8RNO21:32---SEA23:29)
1202-d0(7/9SEA00:35---SNA03:25)
774-d0(7/9SNA04:15---SEA07:05)
2025-Jul-09 15:40:00
--------------------------------------------------------
N903AK[60]
2025-Jul-07 15:00:00
2025-Jul-09 16:00:00
--------------------------------------------------------
N912AK[60]
284(7/7LAX14:00---EWR19:34)
2025-Jul-07 20:34:00
280-d0(7/7EWR21:24---SEA03:36)
636-d30(7/8SEA04:48---LAS07:31)
749-d270(7/8LAS08:49---SEA11:36)
173-d0(7/8SEA13:00---ANC16:40)
57-d120(7/8ANC18:00---FAI19:05)
234-d120(7/8FAI20:05---SEA23:43)
722-d360(7/9SEA00:44---PHX03:47)
975-d360(7/9PHX04:47---SEA07:52)
452-d120(7/9SEA08:59---IAH13:20)
2025-Jul-09 16:00:00
--------------------------------------------------------
N913AK[50]
1101(7/7PDX14:00---LAS16:19)
2025-Jul-07 17:09:00
2025-Jul-09 15:50:00
--------------------------------------------------------
N915AK[60]
1239(7/7PDX14:00---PHX16:46)
2025-Jul-07 17:46:00
637-d30(7/7PHX18:16---SEA21:23)
600-d0(7/7SEA22:42---LAS01:16)
779-d60(7/8LAS02:31---PDX04:50)
1291-d90(7/8PDX06:00---LAX08:29)
803-d300(7/8LAX09:36---PDX11:59)
1074-d0(7/8PDX14:25---SAN17:00)
474-d0(7/8SAN18:04---ATL22:31)
475-d240(7/8ATL23:47---SAN04:31)
1199-d210(7/9SAN05:35---SEA08:37)
464-d180(7/9SEA09:59---ATL14:49)
2025-Jul-09 16:00:00
--------------------------------------------------------
N917AK[30]
2025-Jul-07 15:00:00
2025-Jul-09 15:30:00
--------------------------------------------------------
N918AK[60]
2025-Jul-07 15:00:00
2025-Jul-09 16:00:00
--------------------------------------------------------
N919AK[30]
248(7/7ANC14:30---SEA18:08)
2025-Jul-07 18:38:00
2025-Jul-09 15:30:00
--------------------------------------------------------
N920AK[45]
1091(7/7ONT13:00---SEA15:42)
2025-Jul-07 16:27:00
1080-d0(7/7SEA16:55---SJC19:10)
1081-d0(7/7SJC20:04---SEA22:12)
1133-d360(7/7SEA23:03---SMF01:03)
1281-d360(7/8SMF01:57---SEA03:54)
1264-d60(7/8SEA05:03---SAN07:59)
1005-d360(7/8SAN08:57---SFO10:37)
718-d0(7/8SFO15:50---LAS17:32)
613-d180(7/8LAS18:30---SFO20:10)
1169-d360(7/8SFO21:20---SEA23:30)
386-d0(7/9SEA01:37---MSP04:59)
229-d300(7/9MSP05:49---SEA09:45)
1040-d360(7/9SEA10:30---ONT13:15)
2025-Jul-09 15:45:00
--------------------------------------------------------
N921AK[30]
745(7/7DEN14:00---SEA17:00)
2025-Jul-07 17:30:00
2025-Jul-09 15:30:00
--------------------------------------------------------
N924AK[45]
85(7/7SEA14:00---ANC17:35)
2025-Jul-07 18:20:00
2025-Jul-09 15:45:00
--------------------------------------------------------
N926AK[60]
351(7/7IAD10:30---SEA16:17)
2025-Jul-07 17:17:00
2025-Jul-09 16:00:00
--------------------------------------------------------
N928AK[40]
499(7/7PDX13:05---SEA14:09)
2025-Jul-07 15:00:00
1166-d0(7/7SEA15:10---SFO17:29)
718-d150(7/7SFO18:20---LAS20:02)
629-d180(7/7LAS20:44---SEA23:28)
934001-d300(7/8SEA00:08---EUG01:24)
934-d300(7/8EUG02:11---SEA03:29)
445-d330(7/8SEA04:38---RNO06:29)
523-d330(7/8RNO07:17---SEA09:12)
1040-d330(7/8SEA10:00---ONT12:45)
1091-d30(7/8ONT13:30---SEA16:12)
101-d0(7/8SEA16:53---KTN18:58)
102-d0(7/8KTN19:52---SEA21:54)
49-d300(7/8SEA22:55---ANC02:35)
201-d240(7/9ANC03:15---JNU04:58)
84-d240(7/9JNU05:55---ANC07:43)
138-d210(7/9ANC08:38---ORD14:54)
2025-Jul-09 15:40:00
--------------------------------------------------------
N929AK[60]
504(7/7LAX14:00---SEA16:47)
2025-Jul-07 17:47:00
2025-Jul-09 16:00:00
--------------------------------------------------------
N931AK[30]
2025-Jul-07 15:00:00
2025-Jul-09 15:30:00
--------------------------------------------------------
N932AK[60]
2025-Jul-07 15:00:00
2025-Jul-09 16:00:00
--------------------------------------------------------
N933AK[55]
2025-Jul-07 15:00:00
227-d0(7/7JFK15:30---SFO21:48)
835-d240(7/7SFO23:03---PDX00:50)
1287-d240(7/8PDX01:50---BUR04:09)
1052-d180(7/8BUR05:18---SEA08:07)
1034-d360(7/8SEA09:14---BOI10:46)
737-d0(7/8BOI12:25---SEA14:05)
555001-d0(7/8SEA15:05---MSP18:29)
555-d0(7/8MSP19:25---SEA23:15)
549-d210(7/9SEA00:10---DFW04:06)
550-d210(7/9DFW05:06---SEA09:29)
423-d240(7/9SEA10:36---SAT14:40)
2025-Jul-09 15:55:00
--------------------------------------------------------
N934AK[60]
1076(7/7PDX14:00---LAX16:39)
2025-Jul-07 17:39:00
2025-Jul-09 16:00:00
--------------------------------------------------------
N935AK[55]
156(7/7FAI10:09---SEA13:44)
2025-Jul-07 15:00:00
2025-Jul-09 15:55:00
--------------------------------------------------------
N936AK[60]
1193(7/7SJC14:03---SEA16:15)
2025-Jul-07 17:15:00
2025-Jul-09 16:00:00
--------------------------------------------------------
N938AK[45]
573(7/7DFW11:00---SEA15:17)
2025-Jul-07 16:02:00
2025-Jul-09 15:45:00
--------------------------------------------------------
N941AK[60]
1154(7/7SAN14:15---SEA17:22)
2025-Jul-07 18:22:00
2025-Jul-09 16:00:00
--------------------------------------------------------
N942AK[60]
2025-Jul-07 15:00:00
2025-Jul-09 16:00:00
--------------------------------------------------------
N947AK[30]
1217(7/7SMF13:15---SEA15:15)
2025-Jul-07 15:45:00
2025-Jul-09 15:30:00
--------------------------------------------------------
N948AK[60]
2025-Jul-07 15:00:00
2025-Jul-09 16:00:00
--------------------------------------------------------
N949AK[60]
2025-Jul-07 15:00:00
2025-Jul-09 16:00:00
--------------------------------------------------------
N952AK[50]
381(7/7DTW11:00---SEA15:57)
2025-Jul-07 16:47:00
2025-Jul-09 15:50:00
--------------------------------------------------------
N953AK[60]
68(7/7MSP13:20---ANC19:20)
2025-Jul-07 20:20:00
266-d0(7/7ANC20:25---SFO01:05)
525-d0(7/8SFO02:05---PDX03:50)
N953AK_PDX-03:50/06:50-d0(7/8PDX03:50---7/8 06:50)
1057-d60(7/8PDX06:52---DFW10:40)
573-d60(7/8DFW12:00---SEA16:17)
1007-d30(7/8SEA17:24---PHX20:25)
1006-d30(7/8PHX21:25---SEA00:30)
1198-d270(7/9SEA01:35---SAN04:25)
729-d120(7/9SAN05:37---PDX08:14)
436-d300(7/9PDX09:37---BOS15:00)
2025-Jul-09 16:00:00
--------------------------------------------------------
N954AK[50]
1226(7/7SEA14:00---SJC16:08)
2025-Jul-07 16:58:00
2025-Jul-09 15:50:00
--------------------------------------------------------
N955AK[55]
2025-Jul-07 15:00:00
104-d0(7/7ANC18:35---SEA22:04)
1114-d210(7/7SEA23:07---SJC01:27)
1175-d240(7/8SJC02:24---SEA04:34)
133-d120(7/8SEA05:55---ANC09:34)
150-d120(7/8ANC10:34---LAX15:55)
1240-d0(7/8LAX18:02---PDX20:25)
121-d210(7/8PDX21:23---BUR23:42)
122-d210(7/9BUR00:37---PDX02:55)
1287-d360(7/9PDX03:50---BUR06:09)
1107-d360(7/9BUR07:04---PDX09:21)
1057-d270(7/9PDX10:22---DFW14:10)
2025-Jul-09 15:55:00
--------------------------------------------------------
N956AK[60]
1265(7/7SAN13:15---SEA16:16)
2025-Jul-07 17:16:00
904-d180(7/7SEA21:23---BZN23:06)
905-d210(7/8BZN00:30---SEA02:29)
730-d150(7/8SEA03:29---LAS06:08)
570-d120(7/8LAS07:21---SFO08:59)
455-d270(7/8SFO10:13---IAD15:20)
458-d270(7/8IAD16:40---SFO22:25)
835-d270(7/8SFO23:33---PDX01:20)
946-d300(7/9PDX02:30---BOI03:48)
1019-d330(7/9BOI05:13---SEA06:50)
340-d120(7/9SEA08:10---PIT12:43)
2025-Jul-09 16:00:00
--------------------------------------------------------
N958AK[30]
361(7/7OMA11:05---SEA14:47)
2025-Jul-07 15:17:00
2025-Jul-09 15:30:00
--------------------------------------------------------
N960AK[30]
387(7/7MSP11:40---SEA15:44)
2025-Jul-07 16:14:00
2025-Jul-09 15:30:00
--------------------------------------------------------
N961AK[30]
336(7/7BOS10:00---PDX16:17)
2025-Jul-07 16:47:00
2025-Jul-09 15:30:00
--------------------------------------------------------
N962AK[60]
2025-Jul-07 15:00:00
2025-Jul-09 16:00:00
--------------------------------------------------------
N963AK[60]
831(7/7PDX14:00---OGG19:55)
2025-Jul-07 20:55:00
2025-Jul-09 16:00:00
--------------------------------------------------------
N964AK[60]
797(7/7SEA14:00---LAX16:50)
2025-Jul-07 17:50:00
2025-Jul-09 16:00:00
--------------------------------------------------------
N966AK[60]
30(7/7SFO13:18---JFK19:00)
2025-Jul-07 20:00:00
2025-Jul-09 16:00:00
--------------------------------------------------------
N967AK[60]
303(7/7DFW12:25---PDX16:28)
2025-Jul-07 17:28:00
1143-d0(7/7PDX17:30---LAX20:00)
1315-d0(7/7LAX21:05---PDX23:25)
836-d180(7/8PDX00:30---SFO02:22)
571-d300(7/8SFO03:48---LAS05:31)
403-d240(7/8LAS06:45---SEA09:37)
1230-d360(7/8SEA10:45---SMF12:45)
1255-d0(7/8SMF15:13---SEA17:15)
71-d0(7/8SEA18:43---JNU21:19)
176-d30(7/8JNU22:45---SEA01:12)
478-d30(7/9SEA02:20---LAS04:56)
599-d330(7/9LAS06:15---SEA09:00)
427-d210(7/9SEA10:19---CVG14:37)
2025-Jul-09 16:00:00
--------------------------------------------------------
N968AK[50]
737(7/7BOI12:25---SEA14:05)
2025-Jul-07 15:00:00
2025-Jul-09 15:50:00
--------------------------------------------------------
N969AK[55]
24(7/7SAN14:00---JFK19:39)
2025-Jul-07 20:34:00
2025-Jul-09 15:55:00
--------------------------------------------------------
N972AK[30]
399(7/7IAH14:00---SEA18:45)
2025-Jul-07 19:15:00
2025-Jul-09 15:30:00
--------------------------------------------------------
N973AK[30]
595(7/7AUS12:15---SEA16:40)
2025-Jul-07 17:10:00
2025-Jul-09 15:30:00
--------------------------------------------------------
N974AK[30]
298(7/7SEA13:41---EWR19:00)
2025-Jul-07 19:30:00
2025-Jul-09 15:30:00
--------------------------------------------------------
N975AK[60]
299(7/7EWR11:19---SEA17:31)
2025-Jul-07 18:31:00
N975AK_SEA-17:31/21:31-d0(7/7SEA17:31---7/7 21:31)
1017-d210(7/7SEA21:50---PDX22:53)
1016-d210(7/7PDX23:55---SEA00:55)
1030-d210(7/8SEA02:18---BZN04:01)
1031-d240(7/8BZN05:25---SEA07:35)
642-d330(7/8SEA08:47---DEN11:29)
643-d30(7/8DEN12:30---SEA15:31)
502-d30(7/8SEA16:33---AUS20:41)
518-d30(7/8AUS21:41---SFO01:27)
525-d30(7/9SFO02:35---PDX04:20)
278-d300(7/9PDX05:40---LAX08:15)
282-d300(7/9LAX09:26---EWR14:59)
2025-Jul-09 16:00:00
--------------------------------------------------------
N976AK[40]
1228(7/7AUS14:45---SEA19:12)
2025-Jul-07 19:52:00
2025-Jul-09 15:40:00
--------------------------------------------------------
N977AK[55]
451(7/7MSY12:10---SEA17:16)
2025-Jul-07 18:11:00
2025-Jul-09 15:55:00
--------------------------------------------------------
N978AK[60]
784(7/7PDX14:00---ATL18:46)
2025-Jul-07 19:46:00
2025-Jul-09 16:00:00
--------------------------------------------------------
N982AK[55]
433(7/7TPA13:00---SAN17:50)
2025-Jul-07 18:45:00
2025-Jul-09 15:55:00
--------------------------------------------------------
N983AK[50]
495(7/7SAT12:00---SEA16:24)
2025-Jul-07 17:14:00
697001-d60(7/7SEA21:08---MSO22:33)
697-d90(7/7MSO23:43---SEA01:21)
960-d90(7/8SEA02:13---GEG03:20)
964-d210(7/8GEG04:37---SEA05:51)
N983AK_SEA-07:06/11:06-d0(7/8SEA07:06---7/8 11:06)
328-d270(7/8SEA11:10---ORD15:10)
413-d240(7/8ORD16:00---PDX20:25)
778-d0(7/8PDX21:30---LAS23:49)
756-d210(7/9LAS00:43---PDX03:05)
1062-d180(7/9PDX04:04---BUR06:23)
1052-d300(7/9BUR07:18---SEA10:07)
115-d360(7/9SEA10:59---FAI14:49)
2025-Jul-09 15:50:00
--------------------------------------------------------
N984AK[35]
395(7/7MCO11:20---SEA17:30)
2025-Jul-07 18:05:00
1328-d150(7/7SEA21:18---OAK23:31)
1247-d150(7/8OAK00:08---SEA02:08)
1224-d0(7/8SEA02:55---LAX05:46)
1215-d240(7/8LAX06:25---SEA09:17)
644-d360(7/8SEA09:55---PHX12:54)
799-d30(7/8PHX13:30---SEA16:34)
738-d0(7/8SEA17:40---LAS20:19)
1467-d150(7/8LAS20:57---PDX23:18)
1370-d0(7/9PDX00:35---AUS04:42)
339-d300(7/9AUS05:30---SEA10:07)
1039-d360(7/9SEA10:45---GEG11:58)
2025-Jul-09 15:35:00
--------------------------------------------------------
N985AK[60]
2025-Jul-07 15:00:00
2025-Jul-09 16:00:00
--------------------------------------------------------
N990AK[60]
2025-Jul-07 15:00:00
578-d0(7/7LAX16:05---PDX18:31)
330-d0(7/7PDX19:31---LAX21:59)
1167-d0(7/7LAX23:05---PDX01:26)
579-d0(7/8PDX02:35---LAX05:05)
1093-d300(7/8LAX06:15---SEA09:00)
1152-d330(7/8SEA10:14---OAK12:31)
1151-d0(7/8OAK14:00---SEA16:07)
505-d0(7/8SEA17:17---LAX20:10)
1083-d0(7/8LAX21:10---SEA23:54)
632-d0(7/9SEA00:59---PHX04:00)
611-d300(7/9PHX05:29---SEA08:35)
112-d180(7/9SEA09:50---FAI13:36)
2025-Jul-09 16:00:00
--------------------------------------------------------
N407AS[60]
2025-Jul-07 15:00:00
2025-Jul-09 16:00:00
--------------------------------------------------------
N428AS[60]
2025-Jul-07 15:00:00
2025-Jul-09 16:00:00
--------------------------------------------------------
N468AS[45]
2025-Jul-07 15:00:00
2025-Jul-09 15:45:00
--------------------------------------------------------
N479AS[60]
2025-Jul-07 15:00:00
2025-Jul-09 16:00:00
--------------------------------------------------------
N563AS[45]
2025-Jul-07 15:00:00
2025-Jul-09 15:45:00
--------------------------------------------------------
N566AS[60]
2025-Jul-07 15:00:00
2025-Jul-09 16:00:00
--------------------------------------------------------
N588AS[60]
2025-Jul-07 15:00:00
2025-Jul-09 16:00:00
--------------------------------------------------------
N614AS[50]
2025-Jul-07 15:00:00
2025-Jul-09 15:50:00
--------------------------------------------------------
N946AK[55]
2025-Jul-07 15:00:00
2025-Jul-09 15:55:00
--------------------------------------------------------
N971AK[55]
2025-Jul-07 15:00:00
2025-Jul-09 15:55:00
--------------------------------------------------------
N979AK[55]
2025-Jul-07 15:00:00
1306-d0(7/7SEA15:00---LAX17:49)
1240-d60(7/7LAX19:02---PDX21:25)
1160-d30(7/7PDX22:20---LAX00:45)
1279-d210(7/8LAX01:46---GEG04:17)
965-d150(7/8GEG05:14---SEA06:30)
360-d90(7/8SEA07:28---TPA12:55)
433-d60(7/8TPA14:00---SAN18:50)
1073-d120(7/8SAN19:50---PDX22:28)
1296-d360(7/8PDX23:40---SAN02:15)
735-d150(7/9SAN03:21---SEA06:20)
490-d60(7/9SEA07:16---MSY11:50)
2025-Jul-09 15:55:00
--------------------------------------------------------
================== Unassigned Flights ==================
79(7/7SEA15:00---ANC18:36)
1149(7/7SNA15:02---SEA17:56)
366001(7/7SEA15:02---MKE18:54)
916(7/7SEA15:08---MCO20:50)
1255(7/7SMF15:13---SEA17:15)
414(7/7SEA15:17---DFW19:19)
214(7/7LAX15:20---IAD20:25)
306(7/7SEA15:21---BOS20:45)
26(7/7SEA15:05+17---JFK20:29+17)
305001(7/7SEA15:25---MIA21:20)
313001(7/7SEA15:30---DTW19:50)
613(7/7LAS15:30---SFO17:10)
890(7/7SEA15:03+29---ORD19:13+29)
555001(7/7SEA15:05+28---MSP18:29+28)
73(7/7JNU15:34---ANC17:24)
390(7/7SAN15:40---BOS21:27)
402(7/7SEA15:47---CHS21:00)
572001(7/7SEA15:55---RDU21:01)
388(7/7SEA15:32+26---STL19:26+26)
1071(7/7SAN15:15+44---SEA18:18+44)
1190(7/7SEA16:00---SNA18:49)
270(7/7ONT16:00---HNL21:55)
320(7/7SAN16:00---MCO21:13)
825(7/7SEA15:09+54---OGG21:20+54)
418001(7/7SEA16:13---MCI19:39)
10(7/7PDX15:00+75---DCA20:02+75)
1113(7/7SFO16:15---SEA18:30)
294(7/7PDX16:00+17---EWR21:21+17)
326(7/7SEA16:24---TPA21:50)
899(7/7SAN16:19+23---KOA22:20+23)
568(7/7SEA16:19+23---MSY20:53+23)
113(7/7SFO16:05+38---JFK21:47+38)
406001(7/7SEA16:15+28---IAD21:13+28)
8(7/7SFO16:45---DCA21:58)
426(7/7SEA16:50---DFW20:48)
798(7/7LAX16:50---SEA19:35)
312001(7/7SEA16:06+49---OMA19:17+49)
875(7/7SEA17:00---LIH23:15)
1311(7/7SJC17:03---SEA19:14)
727(7/7SEA16:22+49---ATL21:11+49)
1007(7/7SEA16:54+18---PHX19:55+18)
508001(7/7SEA17:12---CVG21:37)
796(7/7SLC17:12---SEA19:28)
505(7/7SEA17:17---LAX20:10)
72(7/7SEA16:55+25---JNU19:26+25)
522001(7/7SEA17:20---BNA21:44)
450001(7/7SEA17:10+17---CMH21:32+17)
829(7/7SAN17:29---OGG23:34)
1161(7/7PDX17:30---PHX20:16)
807(7/7SEA17:31---KOA23:40)
60001(7/7KTN17:00+32---SEA19:03+32)
1136(7/7DEN17:33---PDX20:20)
378(7/7SEA17:03+32---BWI22:10+32)
216001(7/7SEA17:37---CLE22:01)
887(7/7SEA17:22+16---HNL23:33+16)
477(7/7SEA17:10+31---EWR22:29+31)
128(7/7PDX17:30+15---SFO19:24+15)
322(7/7SAN17:48---IAD22:59)
121(7/7PDX17:53---BUR20:12)
725(7/7PDX17:55---AUS21:56)
1277(7/7SNA17:21+37---SEA20:06+37)
818(7/7SEA17:58---BOS23:19)
862(7/7OGG18:00---SEA23:38)
500001(7/7SEA17:42+22---IND21:48+22)
535001(7/7SEA17:20+47---DEN20:07+47)
1299(7/7SNA18:10---PDX20:34)
434(7/7SFO18:10---IAD23:19)
300(7/7PDX17:35+39---MCO23:12+39)
1278(7/7SEA17:47+27---ONT20:26+27)
824(7/7HNL18:00+16---SEA23:50+16)
48(7/7ANC17:00+84---SEA20:33+84)
1075(7/7SFO18:25---SEA20:37)
1467(7/7LAS18:27---PDX20:48)
1290(7/7BUR18:30---SEA21:08)
908(7/7SEA18:30---PSC19:39)
1112(7/7SEA18:31---SFO20:47)
503(7/7AUS18:36---SEA22:59)
1174(7/7SEA18:22+25---SNA21:14+25)
64(7/7ANC18:50---JNU20:33)
817(7/7SEA18:55---OGG01:10)
1305(7/7LAX18:55---SEA21:39)
480001(7/7SEA17:25+92---MSP20:46+92)
474(7/7SAN18:04+54---ATL22:31+54)
1118(7/7SEA19:00---ONT21:46)
1096(7/7SEA18:41+20---SAN21:38+20)
1216(7/7SEA19:01---SMF21:01)
325(7/7ORD19:03---PDX23:35)
843(7/7SEA19:05---KOA01:19)
412001(7/7SEA18:06+70---PIT22:42+70)
392(7/7PDX18:28+48---DFW22:16+48)
932(7/7SEA18:36+43---ABQ21:37+43)
106001(7/7SEA19:00+22---FAI22:53+22)
494001(7/7SEA19:33---SAT23:37)
900(7/7SEA18:40+55---RNO20:38+55)
429(7/7SEA17:50+108---ORD21:57+108)
14(7/7SAN19:42---DCA00:59)
291(7/7SEA19:46---STL23:35)
475(7/7ATL19:47---SAN00:31)
366(7/7MKE19:50---SEA00:16)
438(7/7SEA18:45+69---IAH23:10+69)
598(7/7SFO18:55+59---ORD23:18+59)
1150001(7/7SEA19:48+16---BUR22:19+16)
415(7/7DFW20:19---SEA00:34)
34(7/7SEA18:06+137---JFK23:29+137)
388001(7/7STL20:24---SEA00:50)
555(7/7MSP19:25+63---SEA23:15+63)
909(7/7PSC20:30---SEA21:38)
808(7/7KOA20:30---SEA02:22)
6(7/7LAX20:31---DCA01:42)
407(7/7ORD20:09+23---SEA00:49+23)
418(7/7MCI20:34---SEA00:32)
700(7/7SEA20:35---PHX23:29)
25(7/7JFK20:00+44---SAN01:57+44)
31(7/7JFK20:45---SEA03:10)
313(7/7DTW20:46---SEA01:45)
432(7/7SAN20:52---TPA01:50)
1006(7/7PHX20:55---SEA00:00)
534(7/7SFO20:59---AUS00:45)
229001(7/7SEA20:35+27---MSP23:53+27)
3(7/7DCA21:02---SEA03:00)
535(7/7DEN21:03---SEA00:00)
312(7/7OMA20:14+51---SEA23:54+51)
1319(7/7BOS21:06---PDX03:24)
549(7/7SEA20:40+27---DFW00:36+27)
65(7/7JNU21:07---ANC22:53)
189(7/7SEA20:49+21---ANC00:25+21)
773(7/7SEA21:10---SNA00:01)
410(7/7SEA20:45+27---ORD00:42+27)
1269(7/7BNA21:19---PDX02:15)
1242(7/7ONT21:21---SEA23:58)
898(7/7OGG20:55+30---PDX02:19+30)
507(7/7IAD21:25---SAN02:52)
19(7/7JFK21:29---PDX03:46)
778(7/7PDX21:30---LAS23:49)
601(7/7RNO21:32---SEA23:29)
16(7/7SEA21:37---JFK02:59)
107(7/7ANC21:40---SEA01:08)
290(7/7EWR21:43---PDX03:50)
389(7/7BOS21:45---SAN04:00)
114(7/7JFK20:39+67---SFO03:02+67)
646(7/7DFW21:46---PDX01:47)
297(7/7EWR20:34+74---SAN02:26+74)
480(7/7MSP21:50---SEA01:49)
894(7/7KOA21:50---SAN03:16)
301(7/7MCO21:50---PDX03:50)
569(7/7MSY21:53---SEA03:00)
1358(7/7SMF21:56---SEA23:54)
131(7/7SEA21:58---ANC01:30)
20(7/7SFO20:24+95---JFK02:08+95)
572(7/7RDU22:01---SEA03:56)
1191(7/7SNA22:02---SEA00:48)
485(7/7CHS22:03---SEA04:00)
868(7/7KOA22:10---PDX03:40)
783(7/7ATL22:11---PDX03:35)
406(7/7IAD22:13---SEA04:00)
397(7/7MCO22:13---SAN03:18)
509(7/7SEA22:15---SLC00:18)
305(7/7MIA22:20---SEA05:07)
860(7/7OGG22:20---SEA04:00)
293(7/7EWR22:24---SFO04:49)
450(7/7CMH22:28---SEA03:35)
933(7/7ABQ22:31---SEA01:41)
819(7/7BOS22:32---SEA05:02)
1135(7/7SAN22:35---SEA01:31)
508(7/7CVG22:37---SEA03:35)
1257(7/7SEA22:38---SNA01:26)
1052001(7/7SEA22:48---BUR01:24)
500(7/7IND22:48---SEA03:35)
602(7/7SEA22:49---DEN01:32)
17(7/7JFK22:53---SEA05:22)
420(7/7SEA22:53---MCO04:33)
337(7/7ORD22:54---SEA03:34)
216(7/7CLE22:55---SEA04:00)
271(7/7HNL22:55---ONT04:27)
326001(7/7TPA22:55---SEA05:07)
7(7/7DCA22:58---SFO04:53)
348(7/7SEA22:59---IAD03:59)
1396(7/7AUS23:00---PDX03:14)
1119(7/7ONT23:00---SEA01:40)
492(7/7SEA23:09---ATL03:59)
379(7/7BWI23:10---SEA05:07)
317(7/7DFW23:16---SEA03:35)
1092(7/7SEA23:18---LAX02:05)
941(7/7SEA23:25---ORD03:30)
287(7/7EWR23:29---LAX05:35)
334(7/7ATL23:31---SEA05:07)
151001(7/7ANC23:40---AKN00:49)
412(7/7PIT23:42---SEA05:07)
86(7/7ANC23:45---SCC01:31)
106(7/7FAI23:53---SEA03:35)
435(7/7IAD23:59---SFO05:46)
688(7/7SEA23:59---LAS02:34)
1214(7/8SEA00:04---SJC02:15)
1321(7/8SEA00:08---STS02:09)
439(7/8IAH00:10---SEA04:53)
369(7/8MCO00:12---SFO05:59)
1301(7/8LAX00:15---SEA03:00)
1468(7/8SEA00:15---LAX03:00)
225(7/8SEA00:15---ANC03:54)
791(7/8LIH00:15---SFO05:29)
821(7/8SAN00:16---LIH06:32)
597(7/8ORD00:18---SFO05:06)
213(7/8IAD00:19---LAX05:48)
355(7/8BOS00:19---SFO06:59)
269(7/8SFO00:22---ANC05:15)
41(7/8JFK00:29---SFO06:59)
339(7/8AUS00:30---SEA05:07)
1122(7/8PDX00:30---SAN03:03)
291001(7/8STL00:32---SEA05:00)
896(7/8HNL00:33---SEA06:31)
806(7/8OGG00:34---SAN05:55)
494(7/8SAT00:37---SEA04:53)
856(7/8KOA00:40---SJC05:45)
398(7/8SEA00:40---IAH04:59)
382(7/8SEA00:43---BNA04:59)
353(7/8PDX00:46---OGG06:39)
229(7/8MSP00:49---SEA04:45)
1229(7/8SNA00:49---SEA03:35)
538(7/8SEA00:54---ORD04:59)
78(7/8SEA00:55---ANC04:37)
372(7/8SEA00:56---AUS05:05)
1140(7/8SEA00:59---SFO03:15)
1163(7/8SEA00:59---DEN03:47)
632(7/8SEA00:59---PHX04:00)
1107(7/8BUR01:04---PDX03:21)
564(7/8SEA01:05---MCI04:35)
472(7/8SEA01:06---STL04:59)
1397(7/8LAX01:07---PDX03:30)
510(7/8SLC01:12---SEA03:30)
805(7/8SEA01:25---OGG07:34)
823(7/8SEA01:25---HNL07:33)
143(7/8ANC01:30---SEA05:07)
409(7/8ORD01:42---SEA06:24)
839(7/8SEA01:45---LIH07:54)
338(7/8SEA01:48---OMA04:59)
478(7/8SEA01:50---LAS04:26)
1028(7/8SAN01:58---OGG07:59)
801(7/8SEA01:59---KOA08:04)
151(7/8AKN01:59---ANC03:10)
1199(7/8SAN02:05---SEA05:07)
87(7/8SCC02:15---ANC04:00)
1168(7/8SEA02:25---BUR04:59)
615(7/8DEN02:32---SEA05:42)
1158(7/8PDX02:48---SNA05:18)
827(7/8ANC02:55---HNL08:59)
141(7/8PHX02:57---ANC08:48)
1156(7/8SEA02:59---SAN06:00)
1321001(7/8STS03:01---SEA05:07)
1050(7/8SEA03:26---SFO05:40)
729(7/8SAN03:37---PDX06:14)
1192(7/8SEA03:37---SJC05:49)
1067(7/8SAN03:59---GEG06:44)
444(7/8SEA04:15---PHL09:25)
774(7/8SNA04:15---SEA07:05)
282(7/8LAX04:26---EWR09:59)
307(7/8SFO04:28---BOS10:10)
436(7/8PDX04:37---BOS10:00)
314(7/8SEA04:40---EWR09:59)
1039(7/8SEA04:45---GEG05:58)
380(7/8SEA04:45---DTW09:05)
36(7/8SAN04:56---JFK10:29)
138(7/8ANC05:08---ORD11:24)
344(7/8SEA05:20---BWI10:21)
22(7/8SEA05:41---JFK11:02)
924(7/8SEA05:48---RDM06:59)
111(7/8ORD05:59---ANC12:37)
394(7/8SEA06:05---MCO11:40)
340(7/8SEA06:10---PIT10:43)
490(7/8SEA06:16---MSY10:50)
400(7/8SEA06:18---BNA10:40)
367(7/8SEA06:30---IAD11:27)
59(7/8ANC06:35---MSP12:00)
536(7/8SEA06:40---BOS12:00)
112(7/8SEA06:50---FAI10:36)
464(7/8SEA06:59---ATL11:49)
109(7/8ANC07:26---ORD13:40)
880(7/8KOA07:30---SEA13:19)
810(7/8LIH07:32---SEA13:16)
558(7/8OGG07:39---PDX13:00)
828(7/8HNL08:33---ANC14:40)
814(7/8OGG08:34---SEA14:11)
826(7/8LIH08:54---SAN14:33)
1029(7/8OGG08:59---SAN14:18)
302(7/8ANC09:44---PDX13:20)
351(7/8IAD10:30---SEA16:17)
377(7/8ATL10:30---SEA15:57)
446(7/8PHL10:45---SEA16:42)
21(7/8JFK11:00---SEA17:13)
627(7/8TPA11:00---SEA17:06)
381(7/8DTW11:00---SEA15:57)
1021(7/8MCO11:00---SAN16:04)
453(7/8IAH11:00---SEA15:40)
361(7/8OMA11:05---SEA14:47)
299(7/8EWR11:19---SEA17:31)
459(7/8BOS11:20---SEA17:38)
308(7/8BOS11:30---SFO18:07)
473(7/8STL11:41---SEA16:10)
563(7/8MCI11:45---SEA15:47)
349(7/8BWI11:51---SEA17:40)
383(7/8BNA12:00---SEA17:06)
341(7/8PIT12:03---SEA17:28)
451(7/8MSY12:10---SEA17:16)
595(7/8AUS12:15---SEA16:40)
15(7/8DCA12:59---SAN18:20)
373(7/8EWR13:00---SFO19:13)
186(7/8JNU13:00---SEA15:28)
683(7/8ORD13:00---SEA17:39)
1316(7/8SEA13:00---LAX15:50)
966(7/8GEG13:00---SEA14:15)
491(7/8SEA13:00---DFW17:00)
943(7/8RDM13:00---SEA14:14)
408(7/8SEA13:00---ORD17:07)
981(7/8SFO13:00---SEA15:04)
375(7/8IAD13:00---SEA18:47)
593(7/8ANC13:05---PDX16:42)
1265(7/8SAN13:15---SEA16:16)
30(7/8SFO13:18---JFK19:00)
537(7/8BOS13:20---SEA19:35)
68(7/8MSP13:20---ANC19:20)
533(7/8ATL13:30---SEA18:51)
298(7/8SEA13:41---EWR19:00)
210(7/8FAI13:52---SEA17:40)
5(7/8DCA13:59---LAX19:33)
512(7/8SFO14:00---AUS17:36)
974(7/8SAN14:00---PDX16:35)
284(7/8LAX14:00---EWR19:34)
1130(7/8GEG14:00---SAN16:47)
35(7/8JFK14:00---SAN19:52)
24(7/8SAN14:00---JFK19:39)
504(7/8LAX14:00---SEA16:47)
61002(7/8SEA14:00---JNU16:29)
358(7/8PDX14:00---BOS19:25)
365(7/8DFW14:00---SEA18:27)
85(7/8SEA14:00---ANC17:35)
1239(7/8PDX14:00---PHX16:46)
1041(7/8BUR14:00---SEA16:37)
281(7/8BNA14:00---SEA19:03)
859(7/8SJC14:00---LIH19:44)
511(7/8PHX14:00---PDX16:43)
1076(7/8PDX14:00---LAX16:39)
784(7/8PDX14:00---ATL18:46)
789(7/8SFO14:00---KOA19:30)
917(7/8MCO14:00---SEA20:10)
1043(7/8SFO14:00---SEA16:05)
831(7/8PDX14:00---OGG19:55)
324(7/8PDX14:02---ORD18:07)
1193(7/8SJC14:03---SEA16:15)
249(7/8SFO14:20---BOS20:01)
18(7/8PDX14:20---JFK19:45)
139(7/8ORD14:30---ANC21:15)
292(7/8SFO14:54---EWR20:29)
516(7/8SEA14:55---FLL20:52)
606(7/8SEA14:55---PHX17:52)
867(7/8PDX14:56---KOA20:50)
10(7/8PDX15:00---DCA20:02)
479(7/8LAS15:00---SEA17:40)
329(7/8ORD15:00---SEA19:34)
366001(7/8SEA15:02---MKE18:54)
890(7/8SEA15:03---ORD19:13)
26(7/8SEA15:05---JFK20:29)
916(7/8SEA15:08---MCO20:50)
825(7/8SEA15:09---OGG21:20)
233(7/8SAN15:10---EWR20:43)
165(7/8DEN15:20---ANC20:54)
214(7/8LAX15:20---IAD20:25)
306(7/8SEA15:21---BOS20:45)
305001(7/8SEA15:25---MIA21:20)
227(7/8JFK15:30---SFO21:48)
560(7/8LAX15:30---KOA21:10)
388(7/8SEA15:32---STL19:26)
4(7/8SEA15:34---DCA20:43)
390(7/8SAN15:40---BOS21:27)
402(7/8SEA15:47---CHS21:00)
572001(7/8SEA15:55---RDU21:01)
320(7/8SAN16:00---MCO21:13)
1190(7/8SEA16:00---SNA18:49)
270(7/8ONT16:00---HNL21:55)
1268(7/8PDX16:00---BNA20:19)
294(7/8PDX16:00---EWR21:21)
113(7/8SFO16:05---JFK21:47)
418001(7/8SEA16:13---MCI19:39)
1113(7/8SFO16:15---SEA18:30)
406001(7/8SEA16:15---IAD21:13)
568(7/8SEA16:19---MSY20:53)
899(7/8SAN16:19---KOA22:20)
727(7/8SEA16:22---ATL21:11)
326(7/8SEA16:24---TPA21:50)
48001(7/8ANC16:25---SEA20:01)
426(7/8SEA16:50---DFW20:48)
23(7/8JFK17:00---SEA23:08)
731(7/8PHX17:00---PAE20:03)
875(7/8SEA17:00---LIH23:15)
378(7/8SEA17:03---BWI22:10)
198(7/8ANC17:05---PDX20:44)
450001(7/8SEA17:10---CMH21:32)
477(7/8SEA17:10---EWR22:29)
508001(7/8SEA17:12---CVG21:37)
629(7/8LAS17:14---SEA19:58)
522001(7/8SEA17:20---BNA21:44)
887(7/8SEA17:22---HNL23:33)
480001(7/8SEA17:25---MSP20:46)
829(7/8SAN17:29---OGG23:34)
1143(7/8PDX17:30---LAX20:00)
300(7/8PDX17:35---MCO23:12)
216001(7/8SEA17:37---CLE22:01)
775(7/8PDX17:42---ANC21:26)
429001(7/8SEA17:52---ORD21:59)
725(7/8PDX17:55---AUS21:56)
818(7/8SEA17:58---BOS23:19)
824(7/8HNL18:00---SEA23:50)
822(7/8KOA18:00---SEA23:54)
543(7/8DFW18:00---SEA22:17)
862(7/8OGG18:00---SEA23:38)
891(7/8ORD18:03---SEA22:42)
412001(7/8SEA18:06---PIT22:42)
34(7/8SEA18:06---JFK23:29)
434(7/8SFO18:10---IAD23:19)
104001(7/8ANC18:15---SEA21:49)
1075(7/8SFO18:25---SEA20:37)
908(7/8SEA18:30---PSC19:39)
1290(7/8BUR18:30---SEA21:08)
503(7/8AUS18:36---SEA22:59)
733(7/8SEA18:38---SLC20:44)
438(7/8SEA18:45---IAH23:10)
603(7/8PHX18:52---SEA21:58)
817(7/8SEA18:55---OGG01:10)
1314(7/8SJC19:02---SEA21:10)
325(7/8ORD19:03---PDX23:35)
352(7/8SEA19:18---AUS23:30)
14(7/8SAN19:42---DCA00:59)
291(7/8SEA19:46---STL23:35)
366(7/8MKE19:50---SEA00:16)
280(7/8EWR20:00---SEA02:12)
25(7/8JFK20:00---SAN01:57)
407(7/8ORD20:09---SEA00:49)
620001(7/8SEA20:13---DEN22:54)
74(7/8JNU20:22---SEA22:45)
20(7/8SFO20:24---JFK02:08)
388001(7/8STL20:24---SEA00:50)
266(7/8ANC20:25---SFO01:05)
304(7/8BOS20:25---SEA02:48)
808(7/8KOA20:30---SEA02:22)
1061(7/8SNA20:30---SEA23:15)
909(7/8PSC20:30---SEA21:38)
6(7/8LAX20:31---DCA01:42)
297(7/8EWR20:34---SAN02:26)
418(7/8MCI20:34---SEA00:32)
700(7/8SEA20:35---PHX23:29)
229001(7/8SEA20:35---MSP23:53)
114(7/8JFK20:39---SFO03:02)
95(7/8SEA20:40---JNU23:12)
410(7/8SEA20:45---ORD00:42)
31(7/8JFK20:45---SEA03:10)
840(7/8LIH20:47---SEA02:32)
432(7/8SAN20:52---TPA01:50)
898(7/8OGG20:55---PDX02:19)
2(7/8SEA20:58---DCA01:59)
534(7/8SFO20:59---AUS00:45)
732(7/8PAE21:00---PHX00:03)
1315(7/8LAX21:05---PDX23:25)
1319(7/8BOS21:06---PDX03:24)
1300(7/8SEA21:10---LAX23:58)
1297(7/8SAN21:15---PDX23:49)
1238(7/8PHX21:16---PDX23:59)
1269(7/8BNA21:19---PDX02:15)
507(7/8IAD21:25---SAN02:52)
19(7/8JFK21:29---PDX03:46)
462(7/8EWR21:30---SEA03:44)
92(7/8SEA21:33---KTN23:41)
16(7/8SEA21:37---JFK02:59)
734(7/8SLC21:39---SEA23:54)
9(7/8DCA21:43---PDX03:31)
290(7/8EWR21:43---PDX03:50)
389(7/8BOS21:45---SAN04:00)
646(7/8DFW21:46---PDX01:47)
1160(7/8PDX21:50---LAX00:15)
301(7/8MCO21:50---PDX03:50)
894(7/8KOA21:50---SAN03:16)
480(7/8MSP21:50---SEA01:49)
517(7/8FLL21:52---SEA04:20)
569(7/8MSY21:53---SEA03:00)
131(7/8SEA21:58---ANC01:30)
572(7/8RDU22:01---SEA03:56)
485(7/8CHS22:03---SEA04:00)
1046(7/8SEA22:08---SJC00:17)
1147(7/8LAX22:10---SEA00:54)
868(7/8KOA22:10---PDX03:40)
783(7/8ATL22:11---PDX03:35)
406(7/8IAD22:13---SEA04:00)
397(7/8MCO22:13---SAN03:18)
1279(7/8LAX22:16---GEG00:47)
860(7/8OGG22:20---SEA04:00)
305(7/8MIA22:20---SEA05:07)
293(7/8EWR22:24---SFO04:49)
450(7/8CMH22:28---SEA03:35)
819(7/8BOS22:32---SEA05:02)
508(7/8CVG22:37---SEA03:35)
460(7/8SEA22:43---BOS03:59)
522(7/8BNA22:44---SEA03:48)
1052001(7/8SEA22:48---BUR01:24)
56(7/8ANC22:50---SEA02:20)
420(7/8SEA22:53---MCO04:33)
17(7/8JFK22:53---SEA05:22)
216(7/8CLE22:55---SEA04:00)
337001(7/8ORD22:55---SEA03:35)
271(7/8HNL22:55---ONT04:27)
326001(7/8TPA22:55---SEA05:07)
99(7/8SEA22:58---ANC02:42)
7(7/8DCA22:58---SFO04:53)
348(7/8SEA22:59---IAD03:59)
1396(7/8AUS23:00---PDX03:14)
492(7/8SEA23:09---ATL03:59)
379(7/8BWI23:10---SEA05:07)
1092(7/8SEA23:18---LAX02:05)
561(7/8KOA23:20---LAX04:51)
941(7/8SEA23:25---ORD03:30)
287(7/8EWR23:29---LAX05:35)
334(7/8ATL23:31---SEA05:07)
412(7/8PIT23:42---SEA05:07)
86(7/8ANC23:45---SCC01:31)
688(7/8SEA23:59---LAS02:34)
157(7/9JNU00:02---GST00:41)
1214(7/9SEA00:04---SJC02:15)
439(7/9IAH00:10---SEA04:53)
369(7/9MCO00:12---SFO05:59)
844(7/9LIH00:15---SJC05:24)
1468(7/9SEA00:15---LAX03:00)
355(7/9BOS00:19---SFO06:59)
213(7/9IAD00:19---LAX05:48)
269(7/9SFO00:22---ANC05:15)
41(7/9JFK00:29---SFO06:59)
1176(7/9PDX00:30---PHX03:20)
291001(7/9STL00:32---SEA05:00)
896(7/9HNL00:33---SEA06:31)
806(7/9OGG00:34---SAN05:55)
376(7/9PDX00:35---ORD04:39)
94(7/9KTN00:35---SEA02:35)
398(7/9SEA00:40---IAH04:59)
382(7/9SEA00:43---BNA04:59)
353(7/9PDX00:46---OGG06:39)
1455(7/9PDX00:49---ANC04:40)
538(7/9SEA00:54---ORD04:59)
1295(7/9PDX00:55---SFO02:48)
424(7/9SEA00:59---DFW04:59)
1140(7/9SEA00:59---SFO03:15)
1163(7/9SEA00:59---DEN03:47)
564(7/9SEA01:05---MCI04:35)
662(7/9PHX01:05---PDX03:48)
472(7/9SEA01:06---STL04:59)
1131(7/9DEN01:06---PDX03:50)
1397(7/9LAX01:07---PDX03:30)
241(7/9SEA01:10---MKE04:59)
1047(7/9SJC01:11---SEA03:18)
1093(7/9LAX01:15---SEA04:00)
823(7/9SEA01:25---HNL07:33)
805(7/9SEA01:25---OGG07:34)
77(7/9GST01:35---JNU02:14)
1310(7/9SEA01:36---SJC03:51)
409(7/9ORD01:42---SEA06:24)
513(7/9AUS01:45---SFO05:29)
338(7/9SEA01:48---OMA04:59)
1104(7/9SEA01:50---SNA04:39)
1054(7/9SEA01:55---LAX04:42)
1028(7/9SAN01:58---OGG07:59)
1318001(7/9SEA01:59---SFO04:12)
801(7/9SEA01:59---KOA08:04)
87(7/9SCC02:15---ANC04:00)
1168(7/9SEA02:25---BUR04:59)
1215(7/9LAX02:25---SEA05:17)
1288(7/9SEA02:41---SNA05:30)
167(7/9SEA02:50---FAI06:36)
1156(7/9SEA02:59---SAN06:00)
1034(7/9SEA03:14---BOI04:46)
642(7/9SEA03:17---DEN05:59)
644(7/9SEA03:55---PHX06:54)
1067(7/9SAN03:59---GEG06:44)
91(7/9SEA04:15---SIT06:44)
314(7/9SEA04:40---EWR09:59)
728(7/9PDX04:40---LAS06:59)
919(7/9SEA04:55---RDU10:00)
36(7/9SAN04:56---JFK10:29)
360(7/9SEA05:58---TPA11:25)
367(7/9SEA06:30---IAD11:27)
1227(7/9SEA06:59---AUS11:07)
810(7/9LIH07:32---SEA13:16)
558(7/9OGG07:39---PDX13:00)
828(7/9HNL08:33---ANC14:40)
814(7/9OGG08:34---SEA14:11)
1029(7/9OGG08:59---SAN14:18)
