111-7/7	N731AL	N731AL	-NA-
542-7/7	N442AS	N442AS	-NA-
168-7/7	N307AS	N307AS	-NA-
148-7/7	N613AS	N613AS	-NA-
150-7/7	N409AS	N409AS	-NA-
110-7/7	N812AK	N812AK	-NA-
54-7/7	N483AS	N483AS	-NA-
302-7/7	N518AS	N518AS	-NA-
42-7/7	N453AS	N453AS	-NA-
336-7/7	N961AK	N961AK	-NA-
156-7/7	N935AK	N935AK	-NA-
351-7/7	N926AK	N926AK	-NA-
546-7/7	N487AS	N487AS	-NA-
377-7/7	N724AL	N724AL	-NA-
446-7/7	N423AS	N423AS	-NA-
316-7/7	N491AS	N491AS	-NA-
21-7/7	N525AS	N525AS	-NA-
573-7/7	N938AK	N938AK	-NA-
1021-7/7	N723AL	N723AL	-NA-
381-7/7	N952AK	N952AK	-NA-
627-7/7	N291BT	N291BT	-NA-
942-7/7	N474AS	N474AS	-NA-
548-7/7	N734AL	N734AL	-NA-
453-7/7	N464AS	N464AS	-NA-
361-7/7	N958AK	N958AK	-NA-
299-7/7	N975AK	N975AK	-NA-
395-7/7	N984AK	N984AK	-NA-
459-7/7	N440AS	N440AS	-NA-
242-7/7	N448AS	N448AS	-NA-
308-7/7	N733AL	N733AL	-NA-
920-7/7	N435AS	N435AS	-NA-
387-7/7	N960AK	N960AK	-NA-
473-7/7	N292AK	N292AK	-NA-
563-7/7	N712AL	N712AL	-NA-
349-7/7	N519AS	N519AS	-NA-
289-7/7	N273AK	N273AK	-NA-
495-7/7	N983AK	N983AK	-NA-
1-7/7	N536AS	N536AS	-NA-
413-7/7	N268AK	N268AK	-NA-
383-7/7	N285AK	N285AK	-NA-
643-7/7	N471AS	N471AS	-NA-
341-7/7	N710AL	N710AL	-NA-
458-7/7	N719AL	N719AL	-NA-
451-7/7	N977AK	N977AK	-NA-
595-7/7	N973AK	N973AK	-NA-
303-7/7	N967AK	N967AK	-NA-
737-7/7	N968AK	N968AK	-NA-
541-7/7	N265AK	N265AK	-NA-
428-7/7	N729AL	N729AL	-NA-
260-7/7	N577AS	N577AS	-NA-
15-7/7	N523AS	N523AS	-NA-
701-7/7	N557AS	N557AS	-NA-
188-7/7	N403AS	N403AS	-NA-
373-7/7	N708AL	N708AL	-NA-
981-7/7	N552AS	N552AS	-NA-
408-7/7	N434AS	N434AS	-NA-
491-7/7	N809AK	N809AK	-NA-
1316-7/7	N579AS	N579AS	-NA-
173-7/7	N565AS	N565AS	-NA-
132-7/7	N467AS	N467AS	-NA-
433-7/7	N982AK	N982AK	-NA-
1109-7/7	N532AS	N532AS	-NA-
1293-7/7	N514AS	N514AS	-NA-
375-7/7	N214AK	N214AK	-NA-
799-7/7	N506AS	N506AS	-NA-
1091-7/7	N920AK	N920AK	-NA-
943-7/7	N284AK	N284AK	-NA-
186-7/7	N607AS	N607AS	-NA-
966-7/7	N596AS	N596AS	-NA-
683-7/7	N275AK	N275AK	-NA-
593-7/7	N618AS	N618AS	-NA-
499-7/7	N928AK	N928AK	-NA-
1265-7/7	N956AK	N956AK	-NA-
1217-7/7	N947AK	N947AK	-NA-
30-7/7	N966AK	N966AK	-NA-
68-7/7	N953AK	N953AK	-NA-
537-7/7	N248AK	N248AK	-NA-
533-7/7	N298AK	N298AK	-NA-
298-7/7	N974AK	N974AK	-NA-
623-7/7	N803AK	N803AK	-NA-
1325-7/7	N564AS	N564AS	-NA-
55-7/7	N611AS	N611AS	-NA-
210-7/7	N526AS	N526AS	-NA-
5-7/7	N590AS	N590AS	-NA-
1082-7/7	N812AK	N812AK	-NA-
368-7/7	N716AL	N716AL	-NA-
281-7/7	N294AK	N294AK	-NA-
393-7/7	N593AS	N593AS	-NA-
1239-7/7	N915AK	N915AK	-NA-
869-7/7	N529AS	N529AS	-NA-
1124-7/7	N537AS	N537AS	-NA-
1101-7/7	N913AK	N913AK	-NA-
284-7/7	N912AK	N912AK	-NA-
618-7/7	N705AL	N705AL	-NA-
73001-7/7	N622AS	N622AS	-NA-
1151-7/7	N535AS	N535AS	-NA-
1258-7/7	N236AK	N236AK	-NA-
61002-7/7	N619AS	N619AS	-NA-
358-7/7	N290AK	N290AK	-NA-
24-7/7	N969AK	N969AK	-NA-
931-7/7	N609AS	N609AS	-NA-
399-7/7	N972AK	N972AK	-NA-
511-7/7	N806AK	N806AK	-NA-
1041-7/7	N402AS	N402AS	-NA-
784-7/7	N978AK	N978AK	-NA-
512-7/7	N247AK	N247AK	-NA-
1298-7/7	N553AS	N553AS	-NA-
1136001-7/7	N594AS	N594AS	-NA-
1043-7/7	N738AL	N738AL	-NA-
963-7/7	N477AS	N477AS	-NA-
365-7/7	N442AS	N442AS	-NA-
1226-7/7	N954AK	N954AK	-NA-
1181-7/7	N556AS	N556AS	-NA-
790-7/7	N569AS	N569AS	-NA-
82-7/7	N731AL	N731AL	-NA-
35-7/7	N472AS	N472AS	-NA-
1076-7/7	N934AK	N934AK	-NA-
65003-7/7	N613AS	N613AS	-NA-
1130-7/7	N469AS	N469AS	-NA-
974-7/7	N492AS	N492AS	-NA-
504-7/7	N929AK	N929AK	-NA-
85-7/7	N924AK	N924AK	-NA-
745-7/7	N921AK	N921AK	-NA-
831-7/7	N963AK	N963AK	-NA-
917-7/7	N720AL	N720AL	-NA-
797-7/7	N964AK	N964AK	-NA-
324-7/7	N413AS	N413AS	-NA-
1193-7/7	N936AK	N936AK	-NA-
526-7/7	N581AS	N581AS	-NA-
645-7/7	N520AS	N520AS	-NA-
1089-7/7	N280AK	N280AK	-NA-
430-7/7	N493AS	N493AS	-NA-
1154-7/7	N941AK	N941AK	-NA-
912-7/7	N813AK	N813AK	-NA-
18-7/7	N481AS	N481AS	-NA-
1148-7/7	N516AS	N516AS	-NA-
1063-7/7	N459AS	N459AS	-NA-
249-7/7	N713AL	N713AL	-NA-
1074-7/7	N238AK	N238AK	-NA-
139-7/7	N287AK	N287AK	-NA-
248-7/7	N919AK	N919AK	-NA-
1228-7/7	N976AK	N976AK	-NA-
62-7/7	N586AS	N586AS	-NA-
292-7/7	N431AS	N431AS	-NA-
516-7/7	N284AK	N284AK	-NA-
606-7/7	N457AS	N457AS	-NA-
867-7/7	N518AS	N518AS	-NA-
196-7/7	N592AS	N592AS	0
1306-7/7	N968AK	N979AK	0
1179-7/7	N805AK	N805AK	210
1410-7/7	N433AS	N433AS	0
N707AL_SEA-15:00/03:00	N707AL	N707AL	0
1290001-7/7	N272AK	N214AK	360
329-7/7	N274AK	N274AK	90
648-7/7	N453AS	N264AK	0
79-7/7	N596AS	---	Unassigned
479-7/7	N288AK	N288AK	210
1149-7/7	N587AS	---	Unassigned
366001-7/7	N517AS	---	Unassigned
682001-7/7	N935AK	N722AL	0
916-7/7	N942AK	---	Unassigned
231-7/7	N549AS	N549AS	0
1166-7/7	N928AK	N928AK	0
233-7/7	N495AS	N495AS	0
405001-7/7	N513AS	N570AS	0
1255-7/7	N486AS	---	Unassigned
60-7/7	N615AS	N622AS	30
90-7/7	N282AK	N282AK	210
47-7/7	N478AS	N478AS	150
414-7/7	N958AK	---	Unassigned
214-7/7	N962AK	---	Unassigned
306-7/7	N709AL	---	Unassigned
26-7/7	N419AS	---	Unassigned
305001-7/7	N467AS	---	Unassigned
1254-7/7	N277AK	N281AK	0
227-7/7	N933AK	N933AK	0
313001-7/7	N253AK	---	Unassigned
613-7/7	N918AK	---	Unassigned
890-7/7	N508AS	---	Unassigned
555001-7/7	N707AL	---	Unassigned
73-7/7	N622AS	---	Unassigned
142-7/7	N462AS	N462AS	180
N464AS_SEA-15:40/18:40	N464AS	N464AS	0
390-7/7	N932AK	---	Unassigned
165-7/7	N531AS	N531AS	0
612-7/7	N309AS	N309AS	0
402-7/7	N494AS	---	Unassigned
1169-7/7	N530AS	N530AS	210
718-7/7	N725AL	N928AK	150
560-7/7	N512AS	N579AS	60
572001-7/7	N270AK	---	Unassigned
388-7/7	N947AK	---	Unassigned
1071-7/7	N538AS	---	Unassigned
1190-7/7	N527AS	---	Unassigned
57-7/7	N267AK	N297AK	0
270-7/7	N732AL	---	Unassigned
1268-7/7	N408AS	N459AS	90
4-7/7	N804AK	N804AK	0
83-7/7	N237AK	N471AS	30
320-7/7	N597AS	---	Unassigned
825-7/7	N706AL	---	Unassigned
502-7/7	N471AS	N494AS	0
578-7/7	N990AK	N990AK	0
418001-7/7	N552AS	---	Unassigned
55001-7/7	N611AS	N611AS	0
10-7/7	N560AS	---	Unassigned
1113-7/7	N931AK	---	Unassigned
294-7/7	N260AK	---	Unassigned
326-7/7	N487AS	---	Unassigned
899-7/7	N568AS	---	Unassigned
568-7/7	N474AS	---	Unassigned
442-7/7	N448AS	N448AS	0
113-7/7	N251AK	---	Unassigned
406001-7/7	N724AL	---	Unassigned
8-7/7	N581AS	---	Unassigned
65001-7/7	N613AS	N622AS	60
426-7/7	N548AS	---	Unassigned
798-7/7	N409AS	---	Unassigned
1051-7/7	N607AS	N607AS	0
149-7/7	N506AS	N514AS	0
312001-7/7	N938AK	---	Unassigned
137-7/7	N592AS	N531AS	330
1080-7/7	N712AL	N920AK	0
174-7/7	N514AS	N535AS	0
1108-7/7	N292AK	N292AK	0
1259-7/7	N813AK	N813AK	60
875-7/7	N535AS	---	Unassigned
23-7/7	N293AK	N293AK	0
731-7/7	N224AK	N224AK	0
215-7/7	N318AS	N318AS	180
1311-7/7	N954AK	---	Unassigned
232-7/7	N549AS	N549AS	0
1133-7/7	N920AK	N920AK	360
198-7/7	N612AS	N619AS	360
727-7/7	N477AS	---	Unassigned
101-7/7	N491AS	N464AS	240
1007-7/7	N738AL	---	Unassigned
508001-7/7	N722AL	---	Unassigned
796-7/7	N493AS	---	Unassigned
505-7/7	N956AK	---	Unassigned
61001-7/7	N619AS	N619AS	0
72-7/7	N609AS	---	Unassigned
522001-7/7	N423AS	---	Unassigned
450001-7/7	N960AK	---	Unassigned
829-7/7	N723AL	---	Unassigned
1143-7/7	N961AK	N967AK	0
863-7/7	N537AS	N560AS	0
1161-7/7	N459AS	---	Unassigned
1084-7/7	N556AS	N556AS	0
807-7/7	N570AS	---	Unassigned
N975AK_SEA-17:31/21:31	N975AK	N975AK	0
60001-7/7	N615AS	---	Unassigned
1136-7/7	N594AS	---	Unassigned
378-7/7	N952AK	---	Unassigned
160-7/7	N565AS	N592AS	0
62001-7/7	N586AS	N586AS	0
216001-7/7	N403AS	---	Unassigned
887-7/7	N926AK	---	Unassigned
738-7/7	N296AK	N283AK	270
385-7/7	N593AS	N593AS	0
1296-7/7	N268AK	N268AK	0
477-7/7	N734AL	---	Unassigned
775-7/7	N618AS	N618AS	0
629-7/7	N913AK	N928AK	180
128-7/7	N280AK	---	Unassigned
637-7/7	N915AK	N915AK	30
1420-7/7	N433AS	N433AS	0
322-7/7	N236AK	---	Unassigned
1073-7/7	N469AS	N238AK	0
757-7/7	N806AK	N806AK	0
121-7/7	N265AK	---	Unassigned
725-7/7	N903AK	---	Unassigned
49-7/7	N557AS	N520AS	210
1277-7/7	N553AS	---	Unassigned
818-7/7	N936AK	---	Unassigned
822-7/7	N562AS	N562AS	0
862-7/7	N703AL	---	Unassigned
739-7/7	N812AK	N812AK	0
543-7/7	N809AK	N809AK	0
1240-7/7	N964AK	N979AK	60
500001-7/7	N402AS	---	Unassigned
1256-7/7	N435AS	N478AS	240
234-7/7	N267AK	N297AK	0
535001-7/7	N291BT	---	Unassigned
1299-7/7	N516AS	---	Unassigned
434-7/7	N918AK	---	Unassigned
65004-7/7	N613AS	N622AS	60
300-7/7	N492AS	---	Unassigned
1278-7/7	N973AK	---	Unassigned
824-7/7	N917AK	---	Unassigned
891-7/7	N434AS	N434AS	0
1017-7/7	N710AL	N975AK	210
108-7/7	N622AS	N611AS	30
904-7/7	N983AK	N956AK	180
48-7/7	N546AS	---	Unassigned
1075-7/7	N928AK	---	Unassigned
1467-7/7	N725AL	---	Unassigned
1290-7/7	N272AK	---	Unassigned
908-7/7	N564AS	---	Unassigned
1112-7/7	N525AS	---	Unassigned
104-7/7	N924AK	N955AK	0
503-7/7	N247AK	---	Unassigned
1010-7/7	N486AS	N264AK	270
71-7/7	N288AK	N288AK	210
1174-7/7	N519AS	---	Unassigned
1328-7/7	N705AL	N984AK	150
682-7/7	N935AK	N722AL	0
64-7/7	N611AS	---	Unassigned
603-7/7	N457AS	N224AK	360
154001-7/7	N526AS	N562AS	360
817-7/7	N941AK	---	Unassigned
1305-7/7	N968AK	---	Unassigned
480001-7/7	N921AK	---	Unassigned
474-7/7	N238AK	---	Unassigned
1118-7/7	N587AS	---	Unassigned
1111-7/7	N277AK	N281AK	0
1096-7/7	N729AL	---	Unassigned
1216-7/7	N536AS	---	Unassigned
1314-7/7	N283AK	N283AK	0
325-7/7	N413AS	---	Unassigned
835-7/7	N733AL	N933AK	240
843-7/7	N530AS	---	Unassigned
641-7/7	N453AS	N264AK	0
934001-7/7	N731AL	N928AK	300
61003-7/7	N619AS	N619AS	0
733-7/7	N440AS	N434AS	270
1137-7/7	N523AS	N577AS	30
412001-7/7	N984AK	---	Unassigned
392-7/7	N967AK	---	Unassigned
658-7/7	N275AK	N282AK	180
932-7/7	N919AK	---	Unassigned
62003-7/7	N586AS	N586AS	0
106001-7/7	N929AK	---	Unassigned
63-7/7	N977AK	N722AL	180
137001-7/7	N592AS	N531AS	330
722-7/7	N318AS	N307AS	120
43-7/7	N549AS	N549AS	0
65002-7/7	N613AS	N622AS	60
330-7/7	N990AK	N990AK	0
1144-7/7	N805AK	N805AK	180
494001-7/7	N478AS	---	Unassigned
900-7/7	N520AS	---	Unassigned
864-7/7	N537AS	N560AS	30
1114-7/7	N931AK	N955AK	210
429-7/7	N462AS	---	Unassigned
785-7/7	N309AS	N309AS	0
100-7/7	N596AS	N514AS	360
14-7/7	N577AS	---	Unassigned
740-7/7	N527AS	N516AS	0
352-7/7	N214AK	N293AK	270
291-7/7	N972AK	---	Unassigned
475-7/7	N978AK	---	Unassigned
1018-7/7	N538AS	N592AS	150
366-7/7	N517AS	---	Unassigned
438-7/7	N282AK	---	Unassigned
598-7/7	N719AL	---	Unassigned
175-7/7	N294AK	N297AK	150
1281-7/7	N920AK	N920AK	360
405-7/7	N513AS	N570AS	0
1150001-7/7	N442AS	---	Unassigned
1081-7/7	N712AL	N920AK	0
697001-7/7	N976AK	N983AK	60
102-7/7	N491AS	N464AS	240
140-7/7	N622AS	N611AS	30
415-7/7	N958AK	---	Unassigned
1038-7/7	N607AS	N607AS	0
74-7/7	N609AS	N622AS	120
34-7/7	N285AK	---	Unassigned
1011-7/7	N486AS	N264AK	270
388001-7/7	N947AK	---	Unassigned
304-7/7	N290AK	N290AK	0
266-7/7	N953AK	N953AK	0
1016-7/7	N710AL	N975AK	210
555-7/7	N707AL	---	Unassigned
909-7/7	N564AS	---	Unassigned
1061-7/7	N812AK	N812AK	0
808-7/7	N529AS	---	Unassigned
6-7/7	N590AS	---	Unassigned
407-7/7	N508AS	---	Unassigned
418-7/7	N552AS	---	Unassigned
700-7/7	N298AK	---	Unassigned
357001-7/7	N248AK	N238AK	330
1132-7/7	N409AS	N462AS	90
419-7/7	N716AL	N716AL	0
162-7/7	N237AK	N471AS	30
95-7/7	N615AS	N611AS	270
25-7/7	N966AK	---	Unassigned
31-7/7	N481AS	---	Unassigned
1097-7/7	N292AK	N292AK	0
313-7/7	N253AK	---	Unassigned
840-7/7	N569AS	N569AS	0
62002-7/7	N586AS	N586AS	30
1159-7/7	N556AS	N556AS	0
432-7/7	N472AS	---	Unassigned
1006-7/7	N738AL	---	Unassigned
534-7/7	N280AK	---	Unassigned
61-7/7	N619AS	N619AS	0
905-7/7	N983AK	N956AK	210
154-7/7	N526AS	N562AS	360
732-7/7	N224AK	N224AK	0
229001-7/7	N551AS	---	Unassigned
3-7/7	N560AS	---	Unassigned
620001-7/7	N281AK	N292AK	210
535-7/7	N291BT	---	Unassigned
676-7/7	N806AK	N806AK	0
312-7/7	N938AK	---	Unassigned
1315-7/7	N961AK	N967AK	0
1198-7/7	N274AK	N274AK	60
1319-7/7	N713AL	---	Unassigned
549-7/7	N464AS	---	Unassigned
65-7/7	N613AS	---	Unassigned
122-7/7	N265AK	N214AK	180
189-7/7	N913AK	---	Unassigned
773-7/7	N553AS	---	Unassigned
582-7/7	N435AS	N478AS	270
1083-7/7	N956AK	N720AL	240
1300-7/7	N720AL	N720AL	0
934-7/7	N731AL	N928AK	300
44-7/7	N549AS	N549AS	30
518-7/7	N471AS	N494AS	0
410-7/7	N493AS	---	Unassigned
2-7/7	N813AK	N813AK	30
756-7/7	N296AK	N283AK	270
1297-7/7	N268AK	N268AK	0
1238-7/7	N459AS	N457AS	0
1269-7/7	N408AS	---	Unassigned
1242-7/7	N973AK	---	Unassigned
64001-7/7	N611AS	N618AS	270
280-7/7	N974AK	N912AK	0
898-7/7	N963AK	---	Unassigned
507-7/7	N962AK	---	Unassigned
66-7/7	N506AS	N535AS	150
19-7/7	N419AS	---	Unassigned
836-7/7	N964AK	N967AK	180
778-7/7	N594AS	---	Unassigned
946-7/7	N469AS	N238AK	0
462-7/7	N431AS	N495AS	30
601-7/7	N520AS	---	Unassigned
92-7/7	N546AS	N577AS	120
1235-7/7	N516AS	N592AS	360
103-7/7	N514AS	N535AS	0
16-7/7	N928AK	---	Unassigned
1247-7/7	N705AL	N984AK	150
734-7/7	N440AS	N434AS	300
58-7/7	N977AK	N722AL	240
107-7/7	N955AK	---	Unassigned
290-7/7	N495AS	---	Unassigned
396-7/7	N593AS	N593AS	0
9-7/7	N804AK	N804AK	30
389-7/7	N709AL	---	Unassigned
1225-7/7	N525AS	N516AS	360
114-7/7	N969AK	---	Unassigned
646-7/7	N548AS	---	Unassigned
297-7/7	N912AK	---	Unassigned
1204-7/7	N612AS	N619AS	360
1160-7/7	N733AL	N979AK	30
480-7/7	N921AK	---	Unassigned
1287-7/7	N725AL	N933AK	240
894-7/7	N518AS	---	Unassigned
301-7/7	N942AK	---	Unassigned
517-7/7	N284AK	N284AK	0
569-7/7	N474AS	---	Unassigned
89-7/7	N592AS	N514AS	0
1100-7/7	N537AS	N560AS	30
1358-7/7	N536AS	---	Unassigned
131-7/7	N915AK	---	Unassigned
20-7/7	N708AL	---	Unassigned
947-7/7	N538AS	N592AS	180
572-7/7	N270AK	---	Unassigned
1191-7/7	N519AS	---	Unassigned
485-7/7	N494AS	---	Unassigned
929-7/7	N527AS	N516AS	0
1046-7/7	N272AK	N281AK	0
868-7/7	N512AS	---	Unassigned
183-7/7	N531AS	N520AS	240
783-7/7	N477AS	---	Unassigned
697-7/7	N976AK	N983AK	90
406-7/7	N724AL	---	Unassigned
397-7/7	N597AS	---	Unassigned
509-7/7	N710AL	---	Unassigned
176-7/7	N288AK	N288AK	210
1279-7/7	N948AK	N979AK	210
N809AK_SEA-22:17/01:17	N809AK	N809AK	0
305-7/7	N467AS	---	Unassigned
226-7/7	N287AK	N287AK	0
860-7/7	N706AL	---	Unassigned
293-7/7	N260AK	---	Unassigned
1175-7/7	N931AK	N955AK	240
1086-7/7	N283AK	N290AK	300
51-7/7	N803AK	N803AK	0
450-7/7	N960AK	---	Unassigned
933-7/7	N919AK	---	Unassigned
819-7/7	N932AK	---	Unassigned
67002-7/7	N564AS	N586AS	120
1135-7/7	N729AL	---	Unassigned
508-7/7	N722AL	---	Unassigned
1257-7/7	N565AS	---	Unassigned
634-7/7	N275AK	N282AK	210
600-7/7	N920AK	N915AK	0
460-7/7	N267AK	N281AK	330
522-7/7	N423AS	N459AS	0
1284-7/7	N309AS	N309AS	30
975-7/7	N318AS	N307AS	180
1052001-7/7	N731AL	---	Unassigned
1030-7/7	N968AK	N975AK	210
500-7/7	N402AS	---	Unassigned
571-7/7	N933AK	N967AK	300
602-7/7	N277AK	---	Unassigned
56-7/7	N297AK	N297AK	240
1421-7/7	N433AS	N433AS	30
64003-7/7	N611AS	N618AS	300
443-7/7	N448AS	N448AS	0
17-7/7	N251AK	---	Unassigned
420-7/7	N935AK	---	Unassigned
337-7/7	N462AS	---	Unassigned
216-7/7	N403AS	---	Unassigned
271-7/7	N732AL	---	Unassigned
326001-7/7	N487AS	---	Unassigned
99-7/7	N457AS	N224AK	360
7-7/7	N581AS	---	Unassigned
744-7/7	N491AS	N471AS	180
348-7/7	N486AS	---	Unassigned
1396-7/7	N903AK	---	Unassigned
1119-7/7	N587AS	---	Unassigned
962-7/7	N954AK	N722AL	330
1138-7/7	N526AS	N530AS	0
1167-7/7	N990AK	N990AK	0
445-7/7	N924AK	N928AK	330
492-7/7	N975AK	---	Unassigned
379-7/7	N952AK	---	Unassigned
66001-7/7	N506AS	N535AS	150
1150-7/7	N442AS	N457AS	300
201-7/7	N618AS	N618AS	0
317-7/7	N967AK	---	Unassigned
1042001-7/7	N523AS	N562AS	360
1092-7/7	N712AL	---	Unassigned
561-7/7	N568AS	N579AS	30
941-7/7	N434AS	---	Unassigned
287-7/7	N734AL	---	Unassigned
334-7/7	N238AK	---	Unassigned
155-7/7	N549AS	N549AS	30
151001-7/7	N514AS	---	Unassigned
590-7/7	N453AS	N448AS	360
412-7/7	N984AK	---	Unassigned
1019-7/7	N469AS	N238AK	0
591-7/7	N409AS	N462AS	90
86-7/7	N613AS	---	Unassigned
720-7/7	N609AS	N607AS	0
1125-7/7	N812AK	N812AK	0
88-7/7	N592AS	N514AS	0
620-7/7	N281AK	N292AK	270
106-7/7	N929AK	---	Unassigned
435-7/7	N236AK	---	Unassigned
688-7/7	N983AK	---	Unassigned
1146-7/7	N607AS	N607AS	360
157-7/8	N615AS	N611AS	270
1214-7/8	N247AK	---	Unassigned
1321-7/8	N596AS	---	Unassigned
439-7/8	N282AK	---	Unassigned
64004-7/8	N611AS	N618AS	330
369-7/8	N492AS	---	Unassigned
1301-7/8	N483AS	---	Unassigned
1468-7/8	N293AK	---	Unassigned
225-7/8	N707AL	---	Unassigned
791-7/8	N535AS	---	Unassigned
821-7/8	N532AS	---	Unassigned
597-7/8	N719AL	---	Unassigned
213-7/8	N918AK	---	Unassigned
355-7/8	N936AK	---	Unassigned
182-7/8	N531AS	N520AS	240
269-7/8	N964AK	---	Unassigned
611-7/8	N298AK	N214AK	360
41-7/8	N285AK	---	Unassigned
339-7/8	N214AK	---	Unassigned
1176-7/8	N296AK	N214AK	150
134-7/8	N294AK	N268AK	330
1122-7/8	N961AK	---	Unassigned
291001-7/8	N972AK	---	Unassigned
896-7/8	N926AK	---	Unassigned
806-7/8	N723AL	---	Unassigned
376-7/8	N413AS	N433AS	240
94-7/8	N546AS	N577AS	120
1370-7/8	N265AK	N283AK	270
1202-7/8	N525AS	N570AS	30
494-7/8	N478AS	---	Unassigned
97-7/8	N705AL	N720AL	270
856-7/8	N570AS	---	Unassigned
278-7/8	N556AS	N556AS	0
398-7/8	N703AL	---	Unassigned
960-7/8	N917AK	N983AK	90
382-7/8	N586AS	---	Unassigned
599-7/8	N594AS	N593AS	270
353-7/8	N538AS	---	Unassigned
1455-7/8	N268AK	N268AK	0
229-7/8	N551AS	---	Unassigned
1229-7/8	N553AS	---	Unassigned
735-7/8	N274AK	N274AK	60
538-7/8	N956AK	---	Unassigned
78-7/8	N931AK	---	Unassigned
1295-7/8	N527AS	N516AS	0
372-7/8	N435AS	---	Unassigned
357-7/8	N248AK	N238AK	330
1140-7/8	N536AS	---	Unassigned
1163-7/8	N520AS	---	Unassigned
632-7/8	N513AS	---	Unassigned
424-7/8	N440AS	N264AK	120
730-7/8	N973AK	N956AK	150
1098-7/8	N292AK	N284AK	270
1062-7/8	N459AS	N457AS	0
1107-7/8	N725AL	---	Unassigned
66003-7/8	N506AS	N535AS	150
662-7/8	N224AK	N471AS	300
564-7/8	N291BT	---	Unassigned
472-7/8	N976AK	---	Unassigned
1131-7/8	N516AS	N592AS	360
1397-7/8	N720AL	---	Unassigned
964-7/8	N954AK	N983AK	210
1048-7/8	N806AK	N806AK	0
241-7/8	N237AK	N478AS	240
1047-7/8	N272AK	N281AK	0
510-7/8	N710AL	---	Unassigned
50-7/8	N803AK	N803AK	0
1093-7/8	N733AL	N990AK	300
1085-7/8	N537AS	N570AS	240
1294-7/8	N612AS	N619AS	360
805-7/8	N738AL	---	Unassigned
67001-7/8	N564AS	N586AS	150
823-7/8	N947AK	---	Unassigned
1031-7/8	N968AK	N975AK	240
143-7/8	N913AK	---	Unassigned
779-7/8	N933AK	N915AK	60
69001-7/8	N622AS	N622AS	0
77-7/8	N615AS	N611AS	270
550-7/8	N464AS	N264AK	360
1310-7/8	N958AK	N707AL	90
386-7/8	N562AS	N560AS	270
64002-7/8	N611AS	N622AS	180
776-7/8	N275AK	N282AK	210
409-7/8	N493AS	---	Unassigned
391-7/8	N593AS	N593AS	0
513-7/8	N280AK	N293AK	240
839-7/8	N517AS	---	Unassigned
523-7/8	N924AK	N928AK	330
338-7/8	N977AK	---	Unassigned
45-7/8	N592AS	N531AS	90
1280-7/8	N948AK	N722AL	270
478-7/8	N938AK	---	Unassigned
N287AK_SEA-01:50/07:50	N287AK	N287AK	0
1104-7/8	N552AS	N530AS	300
1065-7/8	N309AS	N309AS	30
939-7/8	N508AS	N569AS	90
84-7/8	N618AS	N611AS	330
1087-7/8	N283AK	N290AK	300
1028-7/8	N978AK	---	Unassigned
801-7/8	N519AS	---	Unassigned
105-7/8	N288AK	N288AK	210
151-7/8	N514AS	---	Unassigned
155001-7/8	N549AS	N549AS	30
525-7/8	N953AK	N953AK	0
1199-7/8	N982AK	---	Unassigned
1318-7/8	N955AK	N716AL	120
1203-7/8	N565AS	N560AS	0
87-7/8	N613AS	---	Unassigned
1052-7/8	N731AL	N933AK	180
1168-7/8	N469AS	---	Unassigned
1215-7/8	N934AK	N984AK	240
177-7/8	N531AS	N520AS	240
1139-7/8	N526AS	N530AS	30
615-7/8	N277AK	---	Unassigned
1042-7/8	N523AS	N562AS	360
579-7/8	N990AK	N990AK	0
205-7/8	N253AK	N457AS	330
721-7/8	N609AS	N607AS	0
1288-7/8	N587AS	N556AS	330
719-7/8	N812AK	N812AK	0
965-7/8	N917AK	N979AK	150
193-7/8	N579AS	N579AS	210
403-7/8	N920AK	N967AK	240
1158-7/8	N548AS	---	Unassigned
1327-7/8	N471AS	N494AS	0
167-7/8	N442AS	N495AS	150
1194-7/8	N318AS	N318AS	0
66002-7/8	N506AS	N535AS	150
1224-7/8	N729AL	N984AK	0
136-7/8	N297AK	N274AK	180
827-7/8	N915AK	---	Unassigned
1005-7/8	N966AK	N920AK	360
141-7/8	N296AK	---	Unassigned
1156-7/8	N409AS	---	Unassigned
780-7/8	N290AK	N287AK	300
1004-7/8	N281AK	N292AK	330
1321001-7/8	N596AS	---	Unassigned
67003-7/8	N564AS	N586AS	180
1289-7/8	N589AS	N556AS	60
1034-7/8	N954AK	N933AK	360
642-7/8	N949AK	N975AK	330
228-7/8	N569AS	N516AS	210
1050-7/8	N529AS	---	Unassigned
N462AS_SEA-03:34/06:34	N462AS	N462AS	0
729-7/8	N912AK	---	Unassigned
1192-7/8	N974AK	---	Unassigned
70-7/8	N457AS	N224AK	360
1110-7/8	N607AS	N607AS	360
922-7/8	N453AS	N464AS	270
N953AK_PDX-03:50/06:50	N953AK	N953AK	0
644-7/8	N716AL	N984AK	360
133-7/8	N722AL	N955AK	120
46-7/8	N592AS	N531AS	90
1067-7/8	N961AK	---	Unassigned
1264-7/8	N960AK	N920AK	60
1292-7/8	N551AS	N577AS	90
272-7/8	N514AS	N531AS	210
91-7/8	N809AK	N809AK	0
1055-7/8	N556AS	N577AS	330
444-7/8	N474AS	---	Unassigned
774-7/8	N525AS	---	Unassigned
636-7/8	N733AL	N912AK	30
749-7/8	N983AK	N912AK	270
622-7/8	N801AK	N801AK	0
282-7/8	N985AK	---	Unassigned
307-7/8	N969AK	---	Unassigned
69-7/8	N622AS	N618AS	180
1291-7/8	N713AL	N915AK	90
1162-7/8	N804AK	N804AK	30
1040-7/8	N917AK	N928AK	330
803-7/8	N712AL	N915AK	300
436-7/8	N224AK	---	Unassigned
980-7/8	N402AS	N464AS	0
736-7/8	N611AS	N622AS	180
547-7/8	N274AK	N290AK	330
314-7/8	N967AK	---	Unassigned
728-7/8	N512AS	N570AS	240
67-7/8	N564AS	N586AS	210
1152-7/8	N929AK	N990AK	330
315-7/8	N494AS	N494AS	90
545-7/8	N483AS	N459AS	0
1230-7/8	N710AL	N967AK	360
1039-7/8	N273AK	---	Unassigned
380-7/8	N270AK	---	Unassigned
1201-7/8	N958AK	N707AL	90
1020-7/8	N292AK	N284AK	270
197-7/8	N612AS	N619AS	360
919-7/8	N294AK	N297AK	120
36-7/8	N709AL	---	Unassigned
115-7/8	N403AS	N434AS	60
138-7/8	N707AL	---	Unassigned
374-7/8	N955AK	N716AL	120
344-7/8	N423AS	---	Unassigned
570-7/8	N973AK	N956AK	120
192-7/8	N705AL	N720AL	270
22-7/8	N481AS	---	Unassigned
455-7/8	N966AK	N956AK	270
259-7/8	N508AS	N569AS	90
161-7/8	N283AK	N214AK	270
924-7/8	N467AS	---	Unassigned
959-7/8	N284AK	N268AK	300
1057-7/8	N963AK	N953AK	60
185-7/8	N309AS	N309AS	0
360-7/8	N952AK	N979AK	90
111-7/8	N956AK	---	Unassigned
119-7/8	N553AS	N593AS	180
498-7/8	N546AS	N531AS	360
394-7/8	N724AL	---	Unassigned
340-7/8	N471AS	---	Unassigned
70001-7/8	N457AS	N457AS	330
490-7/8	N478AS	---	Unassigned
400-7/8	N932AK	---	Unassigned
367-7/8	N972AK	---	Unassigned
59-7/8	N931AK	---	Unassigned
423-7/8	N264AK	N238AK	270
536-7/8	N982AK	---	Unassigned
328-7/8	N934AK	N983AK	270
427-7/8	N462AS	N462AS	0
112-7/8	N238AK	---	Unassigned
1227-7/8	N248AK	N264AK	330
144-7/8	N913AK	N707AL	150
464-7/8	N464AS	---	Unassigned
452-7/8	N487AS	N464AS	270
N983AK_SEA-07:06/11:06	N983AK	N983AK	0
172-7/8	N288AK	N288AK	180
164-7/8	N592AS	N579AS	330
542-7/8	N589AS	N535AS	90
109-7/8	N964AK	---	Unassigned
880-7/8	N530AS	---	Unassigned
810-7/8	N532AS	---	Unassigned
558-7/8	N538AS	---	Unassigned
N514AS_SEA-07:45/10:45	N514AS	N514AS	0
168-7/8	N442AS	N434AS	150
148-7/8	N569AS	N516AS	180
828-7/8	N947AK	---	Unassigned
150-7/8	N705AL	N955AK	120
814-7/8	N738AL	---	Unassigned
826-7/8	N517AS	---	Unassigned
110-7/8	N564AS	N586AS	120
1029-7/8	N978AK	---	Unassigned
54-7/8	N297AK	N274AK	60
302-7/8	N557AS	---	Unassigned
42-7/8	N309AS	N309AS	0
336-7/8	N267AK	N281AK	0
156-7/8	N403AS	N495AS	0
546-7/8	N483AS	N459AS	0
351-7/8	N486AS	---	Unassigned
377-7/8	N975AK	---	Unassigned
446-7/8	N474AS	---	Unassigned
21-7/8	N928AK	---	Unassigned
573-7/8	N963AK	N953AK	60
627-7/8	N472AS	---	Unassigned
548-7/8	N274AK	N290AK	270
381-7/8	N270AK	---	Unassigned
316-7/8	N494AS	N494AS	30
1021-7/8	N935AK	---	Unassigned
942-7/8	N413AS	N433AS	0
453-7/8	N703AL	---	Unassigned
361-7/8	N977AK	---	Unassigned
299-7/8	N431AS	---	Unassigned
459-7/8	N224AK	---	Unassigned
395-7/8	N292AK	N284AK	240
242-7/8	N237AK	N478AS	0
308-7/8	N969AK	---	Unassigned
920-7/8	N294AK	N297AK	60
387-7/8	N562AS	N560AS	0
473-7/8	N976AK	---	Unassigned
563-7/8	N291BT	---	Unassigned
349-7/8	N423AS	---	Unassigned
289-7/8	N967AK	N716AL	120
1-7/8	N813AK	N813AK	0
495-7/8	N264AK	N238AK	240
643-7/8	N949AK	N975AK	30
383-7/8	N932AK	---	Unassigned
413-7/8	N934AK	N983AK	240
341-7/8	N471AS	---	Unassigned
451-7/8	N478AS	---	Unassigned
458-7/8	N966AK	N956AK	270
595-7/8	N248AK	---	Unassigned
303-7/8	N589AS	N535AS	90
737-7/8	N954AK	N933AK	0
541-7/8	N265AK	N283AK	0
428-7/8	N462AS	N462AS	0
260-7/8	N508AS	N569AS	60
15-7/8	N577AS	---	Unassigned
1109-7/8	N560AS	N562AS	0
373-7/8	N955AK	---	Unassigned
186-7/8	N622AS	---	Unassigned
1091-7/8	N732AL	N928AK	30
683-7/8	N707AL	---	Unassigned
1316-7/8	N448AS	---	Unassigned
701-7/8	N512AS	N570AS	0
966-7/8	N273AK	---	Unassigned
433-7/8	N952AK	N979AK	60
173-7/8	N731AL	N912AK	0
491-7/8	N983AK	---	Unassigned
188-7/8	N913AK	N720AL	0
132-7/8	N283AK	N214AK	0
943-7/8	N467AS	---	Unassigned
408-7/8	N958AK	---	Unassigned
799-7/8	N716AL	N984AK	30
981-7/8	N535AS	---	Unassigned
375-7/8	N972AK	---	Unassigned
593-7/8	N553AS	---	Unassigned
499-7/8	N433AS	N448AS	270
1217-7/8	N318AS	N318AS	0
1265-7/8	N960AK	---	Unassigned
30-7/8	N236AK	---	Unassigned
537-7/8	N982AK	---	Unassigned
68-7/8	N931AK	---	Unassigned
533-7/8	N464AS	---	Unassigned
298-7/8	N431AS	---	Unassigned
623-7/8	N801AK	N801AK	0
1325-7/8	N548AS	N556AS	0
55-7/8	N613AS	N611AS	0
210-7/8	N238AK	---	Unassigned
5-7/8	N590AS	---	Unassigned
512-7/8	N402AS	---	Unassigned
974-7/8	N962AK	---	Unassigned
284-7/8	N713AL	---	Unassigned
1130-7/8	N961AK	---	Unassigned
35-7/8	N709AL	---	Unassigned
1298-7/8	N546AS	N592AS	0
1136001-7/8	N408AS	N471AS	0
24-7/8	N409AS	---	Unassigned
399-7/8	N487AS	N464AS	180
504-7/8	N551AS	---	Unassigned
82-7/8	N618AS	N611AS	300
61002-7/8	N614AS	---	Unassigned
358-7/8	N953AK	---	Unassigned
931-7/8	N611AS	N622AS	0
365-7/8	N440AS	---	Unassigned
65003-7/8	N607AS	N607AS	0
85-7/8	N442AS	---	Unassigned
1124-7/8	N946AK	N722AL	0
745-7/8	N592AS	N579AS	300
73001-7/8	N457AS	N457AS	0
1239-7/8	N495AS	---	Unassigned
1041-7/8	N459AS	---	Unassigned
1181-7/8	N587AS	N530AS	0
281-7/8	N586AS	---	Unassigned
1082-7/8	N564AS	N570AS	180
859-7/8	N570AS	---	Unassigned
1151-7/8	N929AK	N990AK	0
368-7/8	N285AK	N214AK	240
511-7/8	N513AS	---	Unassigned
1076-7/8	N516AS	---	Unassigned
393-7/8	N275AK	N282AK	0
784-7/8	N912AK	---	Unassigned
1226-7/8	N525AS	N577AS	0
963-7/8	N284AK	N292AK	0
789-7/8	N529AS	---	Unassigned
618-7/8	N290AK	N287AK	0
917-7/8	N724AL	---	Unassigned
1258-7/8	N297AK	N287AK	270
1043-7/8	N536AS	---	Unassigned
831-7/8	N720AL	---	Unassigned
1101-7/8	N537AS	N531AS	0
324-7/8	N933AK	---	Unassigned
1193-7/8	N247AK	---	Unassigned
526-7/8	N725AL	N722AL	180
645-7/8	N288AK	N288AK	180
1089-7/8	N593AS	N531AS	180
1154-7/8	N804AK	N804AK	0
1063-7/8	N469AS	N434AS	270
912-7/8	N280AK	N293AK	0
249-7/8	N492AS	---	Unassigned
1148-7/8	N569AS	N514AS	0
18-7/8	N477AS	---	Unassigned
1074-7/8	N942AK	N915AK	0
248-7/8	N956AK	N707AL	0
139-7/8	N434AS	---	Unassigned
1228-7/8	N435AS	N264AK	150
62-7/8	N579AS	N593AS	0
292-7/8	N527AS	---	Unassigned
516-7/8	N282AK	---	Unassigned
606-7/8	N609AS	---	Unassigned
867-7/8	N557AS	---	Unassigned
10-7/8	N538AS	---	Unassigned
1410-7/8	N260AK	N448AS	0
479-7/8	N733AL	---	Unassigned
1306-7/8	N309AS	N309AS	0
329-7/8	N964AK	---	Unassigned
648-7/8	N298AK	N292AK	60
196-7/8	N531AS	N520AS	0
79-7/8	N277AK	N274AK	0
1290001-7/8	N453AS	N434AS	30
1179-7/8	N805AK	N805AK	0
366001-7/8	N596AS	---	Unassigned
1149-7/8	N552AS	N592AS	150
890-7/8	N979AK	---	Unassigned
555001-7/8	N924AK	N933AK	0
26-7/8	N283AK	---	Unassigned
682001-7/8	N433AS	N478AS	90
916-7/8	N954AK	---	Unassigned
142-7/8	N253AK	N457AS	30
825-7/8	N926AK	---	Unassigned
231-7/8	N612AS	N619AS	30
233-7/8	N723AL	---	Unassigned
1166-7/8	N214AK	N214AK	0
405001-7/8	N272AK	N268AK	240
1255-7/8	N710AL	N967AK	0
60-7/8	N615AS	N618AS	0
47-7/8	N549AS	N549AS	0
90-7/8	N809AK	N809AK	0
1071-7/8	N597AS	N562AS	90
414-7/8	N273AK	N290AK	360
165-7/8	N520AS	---	Unassigned
214-7/8	N734AL	---	Unassigned
1169-7/8	N719AL	N920AK	360
306-7/8	N403AS	---	Unassigned
305001-7/8	N738AL	---	Unassigned
1254-7/8	N556AS	N516AS	30
313001-7/8	N287AK	N297AK	240
227-7/8	N481AS	---	Unassigned
560-7/8	N588AS	---	Unassigned
613-7/8	N938AK	N920AK	180
388-7/8	N706AL	---	Unassigned
4-7/8	N532AS	---	Unassigned
73-7/8	N457AS	N224AK	0
390-7/8	N978AK	---	Unassigned
402-7/8	N468AS	---	Unassigned
718-7/8	N973AK	N920AK	0
572001-7/8	N565AS	---	Unassigned
320-7/8	N517AS	---	Unassigned
83-7/8	N467AS	N495AS	0
1190-7/8	N514AS	---	Unassigned
57-7/8	N722AL	N912AK	120
270-7/8	N917AK	---	Unassigned
1268-7/8	N903AK	---	Unassigned
294-7/8	N419AS	---	Unassigned
502-7/8	N949AK	N975AK	30
113-7/8	N936AK	---	Unassigned
578-7/8	N806AK	N806AK	0
312001-7/8	N284AK	N293AK	330
418001-7/8	N535AS	---	Unassigned
55001-7/8	N613AS	N611AS	0
1113-7/8	N479AS	---	Unassigned
406001-7/8	N291BT	---	Unassigned
568-7/8	N413AS	---	Unassigned
899-7/8	N518AS	---	Unassigned
727-7/8	N483AS	---	Unassigned
326-7/8	N703AL	---	Unassigned
48001-7/8	N947AK	---	Unassigned
442-7/8	N270AK	N284AK	330
8-7/8	N566AS	N570AS	210
215-7/8	N281AK	N268AK	0
65001-7/8	N607AS	N618AS	30
798-7/8	N918AK	N716AL	240
426-7/8	N512AS	---	Unassigned
1051-7/8	N622AS	N622AS	0
149-7/8	N536AS	N577AS	210
101-7/8	N960AK	N928AK	0
1007-7/8	N976AK	N953AK	30
72-7/8	N611AS	N607AS	180
137-7/8	N803AK	N803AK	0
174-7/8	N562AS	N586AS	0
1108-7/8	N264AK	N433AS	0
1259-7/8	N280AK	N293AK	30
60001-7/8	N615AS	N607AS	0
23-7/8	N708AL	---	Unassigned
731-7/8	N491AS	---	Unassigned
875-7/8	N530AS	---	Unassigned
1311001-7/8	N525AS	N577AS	0
1133-7/8	N494AS	N459AS	0
378-7/8	N237AK	---	Unassigned
232-7/8	N612AS	N619AS	30
198-7/8	N268AK	---	Unassigned
450001-7/8	N716AL	---	Unassigned
477-7/8	N963AK	---	Unassigned
508001-7/8	N248AK	---	Unassigned
629-7/8	N537AS	---	Unassigned
505-7/8	N975AK	N990AK	0
61001-7/8	N614AS	N618AS	330
535001-7/8	N274AK	N288AK	240
62001-7/8	N579AS	N593AS	0
522001-7/8	N929AK	---	Unassigned
1256-7/8	N548AS	N560AS	0
1277-7/8	N546AS	N530AS	240
887-7/8	N732AL	---	Unassigned
480001-7/8	N977AK	---	Unassigned
829-7/8	N935AK	---	Unassigned
1161-7/8	N469AS	N462AS	150
863-7/8	N593AS	N535AS	90
128-7/8	N589AS	N531AS	180
1143-7/8	N712AL	---	Unassigned
1420-7/8	N267AK	N281AK	0
1084-7/8	N587AS	N530AS	0
807-7/8	N812AK	N812AK	0
1136-7/8	N408AS	N471AS	30
160-7/8	N531AS	N520AS	0
300-7/8	N962AK	---	Unassigned
216001-7/8	N474AS	---	Unassigned
385-7/8	N275AK	N282AK	0
1296-7/8	N934AK	N979AK	360
738-7/8	N921AK	N984AK	0
775-7/8	N553AS	---	Unassigned
500001-7/8	N913AK	N720AL	0
637-7/8	N495AS	N462AS	330
1278-7/8	N431AS	N238AK	210
322-7/8	N297AK	N287AK	270
1073-7/8	N961AK	N979AK	120
757-7/8	N265AK	N283AK	0
429001-7/8	N551AS	---	Unassigned
121-7/8	N946AK	N955AK	210
49-7/8	N928AK	N928AK	300
725-7/8	N260AK	---	Unassigned
818-7/8	N459AS	---	Unassigned
824-7/8	N915AK	---	Unassigned
822-7/8	N519AS	---	Unassigned
543-7/8	N983AK	---	Unassigned
739-7/8	N564AS	N531AS	330
862-7/8	N941AK	---	Unassigned
1240-7/8	N971AK	N955AK	0
891-7/8	N958AK	---	Unassigned
474-7/8	N942AK	N915AK	0
234-7/8	N722AL	N912AK	120
412001-7/8	N486AS	---	Unassigned
34-7/8	N932AK	---	Unassigned
1299-7/8	N569AS	N514AS	0
434-7/8	N938AK	---	Unassigned
65004-7/8	N607AS	N618AS	60
104001-7/8	N731AL	---	Unassigned
1010-7/8	N253AK	N434AS	330
1017-7/8	N238AK	N462AS	0
934001-7/8	N247AK	N464AS	270
63-7/8	N290AK	N292AK	360
1174-7/8	N552AS	N556AS	0
108-7/8	N457AS	N224AK	0
904-7/8	N472AS	N494AS	0
1075-7/8	N214AK	---	Unassigned
1467-7/8	N973AK	N984AK	150
392-7/8	N513AS	N535AS	300
908-7/8	N592AS	---	Unassigned
1290-7/8	N453AS	---	Unassigned
1328-7/8	N618AS	N611AS	300
1112-7/8	N478AS	N478AS	330
154001-7/8	N804AK	N804AK	0
932-7/8	N281AK	N274AK	330
503-7/8	N402AS	---	Unassigned
733-7/8	N292AK	---	Unassigned
900-7/8	N813AK	N813AK	0
1096-7/8	N423AS	N448AS	60
71-7/8	N710AL	N967AK	0
722-7/8	N719AL	N912AK	360
438-7/8	N224AK	---	Unassigned
682-7/8	N433AS	N478AS	90
64-7/8	N613AS	N619AS	300
603-7/8	N609AS	---	Unassigned
817-7/8	N733AL	---	Unassigned
598-7/8	N966AK	N722AL	30
1305-7/8	N309AS	N309AS	0
62003-7/8	N579AS	N593AS	0
43-7/8	N612AS	N619AS	30
106001-7/8	N972AK	N716AL	330
1111-7/8	N556AS	N516AS	30
1144-7/8	N805AK	N805AK	0
658-7/8	N462AS	N433AS	330
1118-7/8	N526AS	N562AS	120
1216-7/8	N440AS	N457AS	0
1314-7/8	N974AK	---	Unassigned
325-7/8	N933AK	---	Unassigned
835-7/8	N969AK	N956AK	270
843-7/8	N809AK	N809AK	0
641-7/8	N298AK	N292AK	60
61003-7/8	N614AS	N618AS	330
1114-7/8	N707AL	N707AL	0
1137-7/8	N577AS	N569AS	90
352-7/8	N956AK	---	Unassigned
137001-7/8	N803AK	N803AK	0
555-7/8	N924AK	N933AK	0
65002-7/8	N607AS	N618AS	90
1018-7/8	N597AS	N516AS	240
330-7/8	N806AK	N806AK	0
494001-7/8	N479AS	N495AS	360
864-7/8	N593AS	N535AS	90
100-7/8	N277AK	N274AK	0
740-7/8	N514AS	N556AS	150
14-7/8	N508AS	---	Unassigned
405-7/8	N272AK	N268AK	240
291-7/8	N487AS	---	Unassigned
475-7/8	N912AK	N915AK	240
1150001-7/8	N294AK	N283AK	300
366-7/8	N596AS	---	Unassigned
102-7/8	N960AK	N928AK	0
697001-7/8	N464AS	N494AS	240
175-7/8	N549AS	N549AS	0
1281-7/8	N494AS	N459AS	0
280-7/8	N985AK	---	Unassigned
25-7/8	N236AK	---	Unassigned
407-7/8	N979AK	---	Unassigned
620001-7/8	N525AS	---	Unassigned
312-7/8	N284AK	N293AK	360
140-7/8	N457AS	N224AK	0
415-7/8	N273AK	N290AK	330
1038-7/8	N622AS	N622AS	0
74-7/8	N611AS	---	Unassigned
1011-7/8	N253AK	N434AS	330
20-7/8	N589AS	---	Unassigned
388001-7/8	N706AL	---	Unassigned
266-7/8	N931AK	---	Unassigned
1016-7/8	N238AK	N434AS	90
304-7/8	N953AK	---	Unassigned
808-7/8	N529AS	---	Unassigned
1061-7/8	N564AS	---	Unassigned
909-7/8	N592AS	---	Unassigned
934-7/8	N247AK	N464AS	300
6-7/8	N590AS	---	Unassigned
297-7/8	N713AL	---	Unassigned
418-7/8	N535AS	---	Unassigned
700-7/8	N918AK	---	Unassigned
1132-7/8	N435AS	N459AS	150
357001-7/8	N586AS	N569AS	240
229001-7/8	N982AK	---	Unassigned
154-7/8	N804AK	N804AK	0
114-7/8	N409AS	---	Unassigned
419-7/8	N285AK	N214AK	210
549-7/8	N964AK	N933AK	210
95-7/8	N615AS	---	Unassigned
162-7/8	N467AS	N495AS	0
410-7/8	N724AL	---	Unassigned
1097-7/8	N264AK	N433AS	0
31-7/8	N477AS	---	Unassigned
313-7/8	N287AK	N297AK	240
840-7/8	N570AS	---	Unassigned
62002-7/8	N579AS	N593AS	0
1159-7/8	N587AS	N592AS	270
432-7/8	N709AL	---	Unassigned
898-7/8	N720AL	---	Unassigned
1006-7/8	N976AK	N953AK	30
2-7/8	N537AS	---	Unassigned
61-7/8	N614AS	N618AS	330
534-7/8	N955AK	---	Unassigned
905-7/8	N472AS	N494AS	0
732-7/8	N491AS	---	Unassigned
3-7/8	N538AS	N570AS	330
535-7/8	N274AK	N288AK	240
676-7/8	N265AK	N283AK	0
1198-7/8	N947AK	N953AK	270
1315-7/8	N712AL	---	Unassigned
1319-7/8	N492AS	---	Unassigned
122-7/8	N946AK	N955AK	210
65-7/8	N607AS	N607AS	120
773-7/8	N546AS	N592AS	30
1300-7/8	N280AK	---	Unassigned
1083-7/8	N975AK	N990AK	0
582-7/8	N548AS	N560AS	30
518-7/8	N949AK	N975AK	30
44-7/8	N612AS	N619AS	30
756-7/8	N921AK	N983AK	210
1297-7/8	N934AK	---	Unassigned
1238-7/8	N469AS	---	Unassigned
1269-7/8	N903AK	---	Unassigned
64001-7/8	N613AS	N619AS	300
1242001-7/8	N431AS	N238AK	210
507-7/8	N734AL	---	Unassigned
66-7/8	N536AS	N577AS	210
19-7/8	N283AK	---	Unassigned
778-7/8	N961AK	N983AK	0
462-7/8	N527AS	---	Unassigned
836-7/8	N408AS	N471AS	30
946-7/8	N971AK	N956AK	300
601-7/8	N813AK	N813AK	0
92-7/8	N974AK	---	Unassigned
1235-7/8	N569AS	N514AS	0
103-7/8	N562AS	N586AS	0
16-7/8	N968AK	---	Unassigned
1247-7/8	N618AS	N611AS	300
734-7/8	N292AK	---	Unassigned
58-7/8	N290AK	N292AK	360
396-7/8	N275AK	N282AK	0
9-7/8	N532AS	---	Unassigned
290-7/8	N723AL	---	Unassigned
1225-7/8	N478AS	N471AS	210
389-7/8	N403AS	---	Unassigned
646-7/8	N512AS	---	Unassigned
1204-7/8	N268AK	N281AK	360
1160-7/8	N973AK	---	Unassigned
301-7/8	N954AK	---	Unassigned
1287-7/8	N969AK	N955AK	360
894-7/8	N557AS	---	Unassigned
480-7/8	N977AK	---	Unassigned
517-7/8	N282AK	---	Unassigned
569-7/8	N413AS	---	Unassigned
89-7/8	N619AS	N607AS	240
1100-7/8	N593AS	N556AS	330
1358-7/8	N440AS	N457AS	0
131-7/8	N495AS	---	Unassigned
947-7/8	N597AS	N516AS	240
572-7/8	N565AS	---	Unassigned
1191-7/8	N552AS	N531AS	240
485-7/8	N468AS	---	Unassigned
929-7/8	N514AS	N556AS	150
1046-7/8	N251AK	---	Unassigned
1147-7/8	N581AS	---	Unassigned
868-7/8	N588AS	---	Unassigned
783-7/8	N483AS	---	Unassigned
406-7/8	N291BT	---	Unassigned
697-7/8	N464AS	N494AS	240
397-7/8	N517AS	---	Unassigned
176-7/8	N710AL	N967AK	30
509-7/8	N253AK	N434AS	360
1279-7/8	N428AS	---	Unassigned
860-7/8	N926AK	---	Unassigned
226-7/8	N801AK	N801AK	0
305-7/8	N738AL	---	Unassigned
1175-7/8	N707AL	N707AL	0
293-7/8	N419AS	---	Unassigned
1086-7/8	N453AS	N238AK	360
51-7/8	N803AK	N803AK	0
450-7/8	N716AL	---	Unassigned
933-7/8	N281AK	N274AK	330
819-7/8	N978AK	---	Unassigned
67002-7/8	N592AS	N593AS	90
1135-7/8	N423AS	N448AS	60
508-7/8	N248AK	---	Unassigned
1257-7/8	N531AS	N520AS	0
634-7/8	N462AS	N433AS	330
600-7/8	N407AS	N264AK	0
460-7/8	N960AK	---	Unassigned
522-7/8	N929AK	---	Unassigned
N579AS_SEA-22:47/01:47	N579AS	N579AS	0
975-7/8	N719AL	N912AK	360
1052001-7/8	N958AK	---	Unassigned
1030-7/8	N556AS	N562AS	360
500-7/8	N913AK	N720AL	0
571-7/8	N481AS	N478AS	270
56-7/8	N434AS	---	Unassigned
1421-7/8	N267AK	N281AK	0
64003-7/8	N613AS	N619AS	300
443-7/8	N270AK	N284AK	330
420-7/8	N731AL	---	Unassigned
17-7/8	N936AK	---	Unassigned
216-7/8	N474AS	---	Unassigned
337001-7/8	N551AS	---	Unassigned
271-7/8	N917AK	---	Unassigned
326001-7/8	N703AL	---	Unassigned
99-7/8	N609AS	---	Unassigned
7-7/8	N566AS	---	Unassigned
348-7/8	N238AK	---	Unassigned
744-7/8	N494AS	N494AS	360
1396-7/8	N260AK	---	Unassigned
1119-7/8	N526AS	N562AS	120
962-7/8	N309AS	N309AS	0
1138-7/8	N804AK	N804AK	0
1167-7/8	N805AK	N805AK	0
181-7/8	N553AS	N586AS	30
445-7/8	N433AS	N471AS	330
492-7/8	N983AK	---	Unassigned
379-7/8	N237AK	---	Unassigned
66001-7/8	N536AS	N577AS	210
1150-7/8	N294AK	N283AK	300
201-7/8	N928AK	N928AK	240
317-7/8	N513AS	N535AS	300
1042001-7/8	N577AS	N560AS	150
1092-7/8	N298AK	---	Unassigned
561-7/8	N518AS	---	Unassigned
941-7/8	N288AK	---	Unassigned
287-7/8	N963AK	---	Unassigned
334-7/8	N942AK	---	Unassigned
155-7/8	N612AS	N607AS	360
151001-7/8	N619AS	N618AS	300
412-7/8	N486AS	---	Unassigned
590-7/8	N247AK	N459AS	360
1019-7/8	N971AK	N956AK	330
591-7/8	N435AS	N459AS	150
86-7/8	N607AS	---	Unassigned
720-7/8	N611AS	N622AS	0
1125-7/8	N563AS	N514AS	330
88-7/8	N619AS	N607AS	240
620-7/8	N525AS	N514AS	90
106-7/8	N972AK	N716AL	330
435-7/8	N297AK	N287AK	270
688-7/8	N402AS	---	Unassigned
1146-7/8	N622AS	N611AS	330
157-7/9	N615AS	---	Unassigned
1214-7/9	N472AS	---	Unassigned
1321-7/9	N564AS	N520AS	360
439-7/9	N224AK	---	Unassigned
64004-7/9	N613AS	N619AS	300
369-7/9	N962AK	---	Unassigned
844-7/9	N530AS	---	Unassigned
225-7/9	N708AL	N707AL	210
1468-7/9	N924AK	---	Unassigned
1301-7/9	N493AS	N224AK	270
821-7/9	N560AS	N579AS	330
597-7/9	N966AK	N722AL	0
355-7/9	N459AS	---	Unassigned
213-7/9	N938AK	---	Unassigned
269-7/9	N408AS	---	Unassigned
41-7/9	N932AK	---	Unassigned
611-7/9	N918AK	N990AK	300
134-7/9	N442AS	N457AS	300
339-7/9	N956AK	N984AK	300
1122-7/9	N469AS	N264AK	270
1176-7/9	N587AS	---	Unassigned
291001-7/9	N487AS	---	Unassigned
896-7/9	N732AL	---	Unassigned
N707AL_SEA-00:34/03:34	N707AL	N707AL	0
806-7/9	N935AK	---	Unassigned
376-7/9	N933AK	---	Unassigned
1370-7/9	N921AK	N984AK	0
1202-7/9	N813AK	N813AK	0
94-7/9	N974AK	---	Unassigned
494-7/9	N479AS	N495AS	360
278-7/9	N712AL	N975AK	300
398-7/9	N941AK	---	Unassigned
97-7/9	N618AS	N622AS	360
788-7/9	N812AK	N812AK	0
382-7/9	N290AK	---	Unassigned
960-7/9	N277AK	N290AK	360
599-7/9	N961AK	N967AK	330
353-7/9	N597AS	---	Unassigned
1229-7/9	N546AS	N520AS	90
1455-7/9	N934AK	---	Unassigned
229-7/9	N982AK	N920AK	300
735-7/9	N947AK	N979AK	150
538-7/9	N272AK	---	Unassigned
78-7/9	N478AS	N457AS	0
1295-7/9	N514AS	---	Unassigned
372-7/9	N214AK	N214AK	360
357-7/9	N586AS	N569AS	240
1048001-7/9	N440AS	N224AK	0
424-7/9	N457AS	---	Unassigned
730-7/9	N292AK	N292AK	360
1140-7/9	N265AK	---	Unassigned
1163-7/9	N548AS	---	Unassigned
632-7/9	N919AK	N990AK	0
1098-7/9	N431AS	N462AS	120
1107-7/9	N969AK	N955AK	360
1062-7/9	N946AK	N983AK	180
564-7/9	N467AS	---	Unassigned
66003-7/9	N536AS	N577AS	210
662-7/9	N491AS	---	Unassigned
472-7/9	N976AK	---	Unassigned
1131-7/9	N569AS	---	Unassigned
964-7/9	N309AS	N309AS	0
1397-7/9	N280AK	---	Unassigned
241-7/9	N274AK	---	Unassigned
1047-7/9	N251AK	---	Unassigned
510-7/9	N253AK	N434AS	360
1093-7/9	N973AK	---	Unassigned
50-7/9	N803AK	N803AK	0
182001-7/9	N553AS	N586AS	30
1085-7/9	N593AS	N556AS	330
1294-7/9	N268AK	N281AK	360
67001-7/9	N592AS	N593AS	120
823-7/9	N464AS	---	Unassigned
1031-7/9	N556AS	N562AS	360
805-7/9	N719AL	---	Unassigned
779-7/9	N481AS	N264AK	30
77-7/9	N615AS	---	Unassigned
69001-7/9	N273AK	N297AK	300
1310-7/9	N284AK	---	Unassigned
550-7/9	N964AK	N933AK	210
386-7/9	N710AL	N920AK	0
64002-7/9	N613AS	N619AS	300
409-7/9	N724AL	---	Unassigned
391-7/9	N275AK	N282AK	0
513-7/9	N955AK	---	Unassigned
839-7/9	N535AS	N530AS	0
523-7/9	N433AS	N471AS	360
338-7/9	N264AK	---	Unassigned
45-7/9	N562AS	N586AS	120
1280-7/9	N428AS	N464AS	270
478-7/9	N975AK	N967AK	30
1104-7/9	N552AS	---	Unassigned
84-7/9	N928AK	N928AK	240
1054-7/9	N423AS	---	Unassigned
939-7/9	N581AS	N579AS	0
1028-7/9	N912AK	---	Unassigned
1087-7/9	N453AS	N238AK	360
155001-7/9	N612AS	N607AS	360
1318001-7/9	N706AL	---	Unassigned
801-7/9	N579AS	---	Unassigned
151-7/9	N619AS	N618AS	300
525-7/9	N931AK	N975AK	30
1199-7/9	N952AK	N915AK	210
1203-7/9	N531AS	N516AS	330
87-7/9	N607AS	---	Unassigned
1052-7/9	N958AK	N983AK	300
1168-7/9	N971AK	---	Unassigned
1215-7/9	N448AS	---	Unassigned
1139-7/9	N804AK	N804AK	0
177-7/9	N549AS	N549AS	0
579-7/9	N805AK	N805AK	0
1042-7/9	N577AS	N560AS	180
205-7/9	N309AS	N309AS	30
721-7/9	N611AS	N622AS	30
1288-7/9	N519AS	---	Unassigned
719-7/9	N563AS	N514AS	330
965-7/9	N277AK	N290AK	360
403-7/9	N407AS	N478AS	180
193-7/9	N293AK	N273AK	0
1158-7/9	N512AS	N516AS	90
1327-7/9	N949AK	N722AL	180
167-7/9	N984AK	---	Unassigned
1194-7/9	N285AK	N268AK	120
66002-7/9	N536AS	N593AS	270
136-7/9	N801AK	N801AK	0
827-7/9	N495AS	N448AS	300
1224-7/9	N294AK	N293AK	240
1005-7/9	N236AK	N462AS	210
141-7/9	N494AS	N494AS	360
1004-7/9	N435AS	N464AS	60
780-7/9	N281AK	N288AK	120
1156-7/9	N979AK	---	Unassigned
1321001-7/9	N564AS	N520AS	360
67003-7/9	N592AS	N593AS	150
1034-7/9	N974AK	---	Unassigned
642-7/9	N985AK	---	Unassigned
268-7/9	N553AS	N592AS	360
228-7/9	N434AS	N448AS	0
729-7/9	N713AL	N953AK	120
1110-7/9	N622AS	N611AS	330
70-7/9	N609AS	N618AS	330
922-7/9	N247AK	N433AS	180
644-7/9	N961AK	---	Unassigned
133-7/9	N525AS	N535AS	330
1067-7/9	N469AS	---	Unassigned
46-7/9	N562AS	N586AS	120
1264-7/9	N570AS	N531AS	90
774-7/9	N813AK	N813AK	0
444-7/9	N493AS	N478AS	330
91-7/9	N529AS	---	Unassigned
622-7/9	N803AK	N803AK	0
282-7/9	N924AK	N975AK	300
307-7/9	N419AS	N462AS	270
69-7/9	N273AK	N297AK	300
1040-7/9	N973AK	N920AK	360
1162-7/9	N569AS	N556AS	330
436-7/9	N720AL	N953AK	300
197001-7/9	N588AS	N592AS	0
67-7/9	N592AS	N577AS	120
980-7/9	N972AK	N720AL	0
736-7/9	N613AS	N619AS	300
314-7/9	N707AL	---	Unassigned
547-7/9	N433AS	N434AS	330
728-7/9	N593AS	---	Unassigned
1152-7/9	N594AS	N562AS	360
1039-7/9	N913AK	N984AK	360
315-7/9	N277AK	N274AK	210
545-7/9	N253AK	N471AS	360
380-7/9	N468AS	N433AS	330
1230-7/9	N556AS	N570AS	300
1020-7/9	N431AS	N264AK	210
919-7/9	N918AK	---	Unassigned
36-7/9	N734AL	---	Unassigned
115-7/9	N947AK	N983AK	360
138-7/9	N708AL	N928AK	210
374-7/9	N706AL	N720AL	180
344-7/9	N527AS	N560AS	240
192-7/9	N618AS	N622AS	360
22-7/9	N282AK	N283AK	150
455-7/9	N236AK	N459AS	180
259-7/9	N581AS	N531AS	210
161-7/9	N251AK	N238AK	330
924-7/9	N287AK	N284AK	330
959-7/9	N563AS	N516AS	360
1057-7/9	N723AL	N955AK	270
185-7/9	N453AS	N495AS	360
360-7/9	N477AS	---	Unassigned
119-7/9	N224AK	N457AS	240
498-7/9	N586AS	N520AS	360
394-7/9	N716AL	N722AL	150
340-7/9	N956AK	N956AK	120
70001-7/9	N609AS	N618AS	360
490-7/9	N926AK	N979AK	60
400-7/9	N487AS	N224AK	120
367-7/9	N978AK	---	Unassigned
59-7/9	N562AS	N577AS	180
423-7/9	N958AK	N933AK	240
328-7/9	N942AK	N716AL	210
536-7/9	N506AS	N569AS	180
427-7/9	N953AK	N967AK	210
112-7/9	N949AK	N990AK	180
452-7/9	N964AK	N912AK	120
464-7/9	N920AK	N915AK	180
144-7/9	N564AS	N593AS	240
1227-7/9	N724AL	---	Unassigned
172-7/9	N296AK	N273AK	120
164-7/9	N928AK	N707AL	90
109-7/9	N592AS	N586AS	60
880-7/9	N809AK	N809AK	0
810-7/9	N560AS	---	Unassigned
558-7/9	N733AL	---	Unassigned
828-7/9	N464AS	---	Unassigned
814-7/9	N719AL	---	Unassigned
826-7/9	N535AS	N530AS	0
1029-7/9	N912AK	---	Unassigned
