===== Copy Generation Summary =====
#Iter       TotalGen  ind(reg)  mul(reg)  ind(csc)  mul(csc) TotalUsed  ind(reg)  mul(reg)  ind(csc)  mul(csc)            obj
    1            462       330        20       112         0       209       174        11        24         0      6.304e+08
    2            447       315         0       132         0       227       176         0        51         0      4.289e+08
    3            448       332         4       112         0       207       148         3        56         0      3.344e+08
    4            446       380         0        66         0       209       177         0        32         0      2.847e+08
    5            446       378         0        68         0       213       192         0        21         0      2.598e+08
    6            447       376         0        71         0       236       216         0        20         0      2.322e+08
    7            446       402         0        44         0       275       259         0        16         0      2.098e+08
    8            446       396         0        50         0       257       231         0        26         0      1.905e+08
    9            446       351         3        92         0       225       205         0        20         0      1.689e+08
   10            444       369         0        75         0       217       195         0        22         0      1.573e+08
   11            444       394         0        50         0       258       248         0        10         0      1.479e+08
   12            447       410         3        34         0       247       237         3         7         0      1.401e+08
   13            442       350         1        91         0       249       205         0        44         0       1.25e+08
   14            441       384         4        53         0       222       193         4        25         0      1.159e+08
   15            436       351         0        85         0       232       200         0        32         0      1.062e+08
   16            434       399         0        35         0       242       230         0        12         0      9.788e+07
   17            436       405         3        28         0       240       228         2        10         0      9.077e+07
   18            429       379         0        50         0       228       219         0         9         0      8.388e+07
   19            425       413         0        12         0       258       252         0         6         0      7.095e+07
   20            426       406         0        20         0       233       227         0         6         0      6.347e+07
   21            424       376         0        48         0       257       245         0        12         0      5.725e+07
   22            424       391         0        33         0       283       272         0        11         0       4.72e+07
   23            424       377         0        47         0       231       211         0        20         0      4.298e+07
   24            424       394         0        30         0       196       186         0        10         0      4.042e+07
   25            424       409         0        15         0       249       244         0         5         0       3.76e+07
   26            424       346         0        78         0       211       198         0        13         0      3.434e+07
   27            424       403         0        21         0       256       251         0         5         0      2.948e+07
   28            425       386         0        39         0       238       230         0         8         0      2.553e+07
   29            424       363         0        61         0       223       215         0         8         0      2.255e+07
   30            424       387         0        37         0       215       194         0        21         0      1.964e+07
   31            424       390         0        34         0       220       205         0        15         0      1.813e+07
   32            424       362         0        62         0       209       205         0         4         0      1.798e+07
   33            424       331         0        93         0       184       166         0        18         0      1.702e+07
   34            424       379         0        45         0       257       243         0        14         0      1.549e+07
   35            424       382         0        42         0       244       236         0         8         0       1.45e+07
   36            424       351         0        73         0       206       188         0        18         0       1.39e+07
   37            424       390         0        34         0       272       269         0         3         0      1.237e+07
   38            424       333         0        91         0       232       201         0        31         0      1.129e+07
   39            422       383         0        39         0       203       199         0         4         0      1.095e+07
   40            422       377         0        45         0       232       219         0        13         0      1.035e+07
   41            426       341         4        81         0       167       157         3         7         0       1.02e+07
   42            424       331         0        93         0       211       180         0        31         0          1e+07
   43            428       380         8        40         0       209       201         3         5         0      9.882e+06
   44            424       386         0        38         0       211       201         0        10         0       9.61e+06
   45            424       353         0        71         0       234       223         0        11         0      9.516e+06
   46            425       365        13        47         0       207       191        12         4         0       9.42e+06
   47            433       303        16       114         0       211       182        14        15         0      9.219e+06
   48            428       358        11        59         0       212       198         9         5         0      8.935e+06
   49            429       355        19        55         0       191       178        11         2         0      8.553e+06
   50            429       320        26        83         0       213       186        14        13         0      8.334e+06
   51            413       332        22        59         0       219       195        14        10         0      8.112e+06
   52            420       325        31        64         0       264       238        16        10         0      8.012e+06
   53            409       304        28        77         0       195       165        14        16         0      7.872e+06
   54            396       281        16        99         0       191       145         7        39         0       7.72e+06
   55            402       297        31        74         0       174       142        25         7         0      7.565e+06
   56            388       297        18        73         0       152       132         9        11         0      7.349e+06
   57            378       285        15        78         0       150       136         6         8         0      7.217e+06
   58            386       326        17        43         0       204       195         7         2         0      7.047e+06
   59            369       298         8        63         0       149       132         2        15         0      6.987e+06
   60            370       263         7       100         0       141       124         0        17         0      6.849e+06
   61            364       292         6        66         0       164       152         0        12         0      6.661e+06
   62            369       322         9        38         0       202       198         0         4         0      6.621e+06
   63            375       306        14        55         0       161       154         4         3         0      6.532e+06
   64            369       325         7        37         0       209       195         0        14         0      6.465e+06
   65            373       300         9        64         0       171       161         0        10         0       6.38e+06
   66            370       287         7        76         0       135       134         0         1         0      6.311e+06
   67            370       286        11        73         0       153       142         2         9         0      6.278e+06
   68            368       281         8        79         0       142       135         0         7         0      6.198e+06
   69            368       329         6        33         0       156       154         0         2         0      6.075e+06
   70            368       282         6        80         0       166       165         0         1         0      6.046e+06
   71            376       287        11        78         0       187       181         4         2         0      5.961e+06
   72            367       296         6        65         0       159       151         0         8         0      5.861e+06
   73            369       279         7        83         0       170       160         0        10         0      5.807e+06
   74            369       310         6        53         0       185       180         0         5         0      5.682e+06
   75            373       291         6        76         0       175       163         0        12         0       5.63e+06
   76            371       298         7        66         0       151       142         0         9         0      5.598e+06
   77            375       258         6       111         0       178       147         0        31         0      5.523e+06
   78            369       292         9        68         0       170       165         0         5         0      5.481e+06
   79            366       238        12       116         0       114       106         5         3         0       5.41e+06
   80            362       243         8       111         0       160       154         2         4         0      5.383e+06
   81            373       281         9        83         0       161       144         0        17         0      5.333e+06
   82            366       283         6        77         0       162       144         0        18         0      5.293e+06
   83            366       217        14       135         0        95        78         7        10         0      5.243e+06
   84            364       256        16        92         0       140       125         4        11         0      5.199e+06
   85            366       272        15        79         0       102        89         9         4         0      5.151e+06
   86            365       234         9       122         0       106        88         0        18         0      5.116e+06
   87            355       283         6        66         0       126       123         0         3         0      5.088e+06
   88            365       293         7        65         0       191       181         0        10         0      5.036e+06
   89            350       254         8        88         0       137       124         2        11         0      5.011e+06
   90            359       247        11       101         0       100        94         4         2         0      4.962e+06
   91            363       250        12       101         0       133       127         2         4         0      4.894e+06
   92            357       217         6       134         0       136       132         0         4         0       4.82e+06
   93            355       255         7        93         0       135       123         0        12         0       4.77e+06
   94            339       202        11       126         0       100        90         0        10         0      4.733e+06
   95            332       170        11       151         0       109        76         0        33         0      4.622e+06
   96            325       179        14       132         0        76        67         2         7         0      4.556e+06
   97            323       221        15        87         0       108       100         4         4         0      4.545e+06
   98            332       190        34       108         0        87        71        10         6         0      4.524e+06
   99            314       206        19        89         0       116        97        11         8         0      4.459e+06
  100            321       219         8        94         0       112       104         2         6         0      4.417e+06
  101            289       190        13        86         0        67        63         4         0         0      4.365e+06
  102            251       159        12        80         0        74        72         0         2         0      4.321e+06
  103            233       137        17        79         0        73        62         9         2         0      4.265e+06
  104            213       137         7        69         0        83        78         0         5         0      4.244e+06
  105            271       204        14        53         0       111       104         6         1         0      4.235e+06
  106            216       164         7        45         0        72        70         0         2         0      4.231e+06
  107            217       114        13        90         0        31        24         4         3         0      4.201e+06
  108            301       205        28        68         0       106        86        17         3         0       4.16e+06
  109            198       123        16        59         0        63        56         6         1         0      4.093e+06
  110            190       134        10        46         0        90        83         0         7         0      4.088e+06
  111            183       120         6        57         0        42        41         0         1         0      4.064e+06
  112            180       148         9        23         0        57        55         0         2         0      4.049e+06
  113            192       136        12        44         0        63        58         4         1         0      4.001e+06
  114            174       117         6        51         0        60        58         0         2         0      3.993e+06
  115            181       113         7        61         0        58        44         0        14         0      3.981e+06
  116            169       140         6        23         0        53        52         0         1         0      3.951e+06
  117            172       101         7        64         0        59        58         0         1         0      3.948e+06
  118            170       120        10        40         0        65        59         2         4         0      3.945e+06
  119            191       128        11        52         0        74        68         2         4         0      3.908e+06
  120            182        99         8        75         0        30        27         0         3         0      3.904e+06
  121            178       146        13        19         0        91        85         2         4         0      3.891e+06
  122            166        96         7        63         0        33        31         0         2         0      3.884e+06
  123            170       111         6        53         0        25        25         0         0         0      3.874e+06
  124            169        91         9        69         0        57        48         2         7         0      3.866e+06
  125            159       104         9        46         0        72        60         2        10         0       3.86e+06
  126            180       129        12        39         0        63        58         4         1         0      3.858e+06
  127            172        79         9        84         0        25        24         0         1         0      3.845e+06
  128            166       108         6        52         0        43        42         0         1         0      3.837e+06
  129            265       204        15        46         0       120       112         6         2         0      3.807e+06
  130            213       147        12        54         0        76        70         4         2         0      3.805e+06
  131            169       104         9        56         0        48        44         0         4         0      3.799e+06
  132            161       120         6        35         0        62        60         0         2         0      3.793e+06
  133            167        82        15        70         0        28        19         2         7         0      3.776e+06
  134            158        80         8        70         0        32        28         0         4         0       3.75e+06
  135            161       107        20        34         0        62        53         8         1         0       3.69e+06
  136            144        64        20        60         0        31        22         7         2         0       3.68e+06
  137            130        64        22        44         0        37        21        13         3         0      3.655e+06
  138            116        70         8        38         0        26        26         0         0         0      3.606e+06
  139            131        76         9        46         0        24        22         0         2         0      3.567e+06
  140            113        68         8        37         0        30        25         0         5         0      3.543e+06
  141            132        90         6        36         0        32        30         0         2         0      3.529e+06
  142             96        48        21        27         0        21        13         7         1         0       3.49e+06
  143            117        60        28        29         0        28        19         6         3         0      3.463e+06
  144            114        43        56        15         0        43         7        36         0         0      3.426e+06
  145             83        47        11        25         0        10         8         0         2         0      3.423e+06
  146             85        37        27        21         0        24         8        13         3         0      3.392e+06
  147             63        29        12        22         0         4         2         2         0         0      3.387e+06
  148             55        22        21        12         0        19         6        13         0         0       3.38e+06
  149             52        27         8        17         0        10        10         0         0         0       3.38e+06
  150             37        17        10        10         0         1         1         0         0         0      3.368e+06
  151             37        13        18         6         0         4         0         4         0         0      3.368e+06
  152            158       123         8        27         0        39        37         2         0         0      3.368e+06
  153             36        16        13         7         0         7         5         2         0         0      3.368e+06
  154             33        18         8         7         0         1         1         0         0         0      3.361e+06
  155             34        16         8        10         0         2         2         0         0         0      3.361e+06
  156             27        13         8         6         0         2         2         0         0         0      3.361e+06
  157            170       122         8        40         0        81        81         0         0         0      3.358e+06
  158             64        56         5         3         0        43        43         0         0         0      3.358e+06
  159             29        11        11         7         0         4         2         2         0         0      3.358e+06
  160             45        23        11        11         0         7         5         2         0         0      3.356e+06
  161             25        12         9         4         0         2         0         0         2         0      3.356e+06
