===== Copy Generation Summary =====
#Iter       TotalGen  ind(reg)  mul(reg)  ind(csc)  mul(csc) TotalUsed  ind(reg)  mul(reg)  ind(csc)  mul(csc)            obj
    1            442       345         0        97         0       213       193         0        20         0      1.051e+10
    2            448       387         0        61         0       210       200         0        10         0      3.977e+08
    3            446       350         0        96         0       182       162         0        20         0      3.568e+08
    4            446       383         0        63         0       218       195         0        23         0      2.904e+08
    5            446       402         0        44         0       219       204         0        15         0      2.429e+08
    6            447       369         0        78         0       248       215         0        33         0      2.101e+08
    7            446       366         0        80         0       234       203         0        31         0      1.928e+08
    8            444       410         0        34         0       233       213         0        20         0       1.69e+08
    9            446       353         0        93         0       252       216         0        36         0      1.576e+08
   10            440       382         0        58         0       297       264         0        33         0      1.413e+08
   11            435       387         0        48         0       234       204         0        30         0      1.331e+08
   12            437       375         0        62         0       255       233         0        22         0      1.213e+08
   13            435       406         0        29         0       282       261         0        21         0      1.098e+08
   14            438       362         0        76         0       257       221         0        36         0      1.005e+08
   15            435       380         0        55         0       248       231         0        17         0      9.119e+07
   16            436       384         0        52         0       246       228         0        18         0      8.078e+07
   17            434       368         0        66         0       222       198         0        24         0      7.199e+07
   18            432       371         0        61         0       242       207         0        35         0      6.351e+07
   19            428       393         0        35         0       269       257         0        12         0      5.554e+07
   20            425       386         0        39         0       265       241         0        24         0      4.613e+07
   21            426       404         0        22         0       248       234         0        14         0      4.108e+07
   22            426       392         0        34         0       241       236         0         5         0      3.476e+07
   23            425       388         0        37         0       229       222         0         7         0      2.919e+07
   24            425       368         0        57         0       216       200         0        16         0        2.6e+07
   25            426       356         0        70         0       249       209         0        40         0      2.397e+07
   26            426       384         0        42         0       216       204         0        12         0      2.147e+07
   27            425       381         0        44         0       218       199         0        19         0      1.904e+07
   28            425       386         0        39         0       255       245         0        10         0      1.607e+07
   29            425       340         0        85         0       235       200         0        35         0       1.46e+07
   30            425       361         0        64         0       242       228         0        14         0      1.311e+07
   31            425       404         0        21         0       220       216         0         4         0      1.182e+07
   32            425       405         0        20         0       219       207         0        12         0      1.117e+07
   33            424       355         0        69         0       221       205         0        16         0      1.094e+07
   34            425       365         0        60         0       203       194         0         9         0      1.063e+07
   35            425       386         0        39         0       265       243         0        22         0      1.022e+07
   36            425       389         0        36         0       280       275         0         5         0      1.008e+07
   37            421       388         0        33         0       232       215         0        17         0       9.78e+06
   38            420       376         0        44         0       263       258         0         5         0      9.554e+06
   39            417       368         0        49         0       254       246         0         8         0      9.378e+06
   40            419       342         0        77         0       203       191         0        12         0      9.113e+06
   41            412       352         0        60         0       195       178         0        17         0      8.891e+06
   42            409       339         0        70         0       168       164         0         4         0      8.784e+06
   43            404       313         0        91         0       227       199         0        28         0        8.7e+06
   44            400       292         0       108         0       166       152         0        14         0      8.553e+06
   45            398       374         0        24         0       211       207         0         4         0      8.314e+06
   46            390       304         0        86         0       182       172         0        10         0      8.218e+06
   47            386       326         0        60         0       188       178         0        10         0      8.157e+06
   48            384       271         0       113         0       136       130         0         6         0      8.088e+06
   49            381       294         0        87         0       159       152         0         7         0      7.893e+06
   50            381       311         0        70         0       176       162         0        14         0      7.773e+06
   51            404       305         0        99         0       201       169         0        32         0      7.535e+06
   52            382       331         0        51         0       202       196         0         6         0      7.454e+06
   53            372       308         0        64         0       177       170         0         7         0      7.336e+06
   54            365       248         0       117         0       158       130         0        28         0      7.295e+06
   55            370       280         0        90         0       193       159         0        34         0       7.07e+06
   56            368       306         0        62         0       193       187         0         6         0      6.945e+06
   57            363       315         0        48         0       174       170         0         4         0      6.857e+06
   58            366       314         0        52         0       176       168         0         8         0      6.813e+06
   59            364       300         0        64         0       161       157         0         4         0      6.707e+06
   60            362       317         0        45         0       174       169         0         5         0      6.635e+06
   61            364       301         0        63         0       171       168         0         3         0      6.545e+06
   62            363       296         0        67         0       202       195         0         7         0      6.471e+06
   63            366       330         0        36         0       227       221         0         6         0      6.423e+06
   64            365       282         0        83         0       220       177         0        43         0      6.366e+06
   65            363       292         0        71         0       157       142         0        15         0      6.311e+06
   66            364       283         0        81         0       162       148         0        14         0      6.192e+06
   67            364       291         0        73         0       182       179         0         3         0      5.984e+06
   68            364       310         0        54         0       194       186         0         8         0      5.915e+06
   69            358       275         0        83         0       156       138         0        18         0      5.882e+06
   70            363       273         0        90         0       142       130         0        12         0        5.8e+06
   71            365       303         0        62         0       170       160         0        10         0      5.736e+06
   72            360       302         0        58         0       179       164         0        15         0      5.619e+06
   73            358       317         0        41         0       183       175         0         8         0      5.554e+06
   74            355       265         0        90         0       128       117         0        11         0      5.502e+06
   75            355       301         0        54         0       197       192         0         5         0      5.459e+06
   76            358       289         0        69         0       184       171         0        13         0      5.419e+06
   77            351       265         0        86         0       120       104         0        16         0      5.416e+06
   78            348       229         0       119         0       109        97         0        12         0      5.349e+06
   79            361       301         0        60         0       175       172         0         3         0      5.264e+06
   80            355       250         0       105         0       103        95         0         8         0      5.184e+06
   81            359       285         0        74         0       186       181         0         5         0      5.073e+06
   82            347       262         0        85         0       127       125         0         2         0       4.98e+06
   83            354       264         0        90         0       137       133         0         4         0      4.883e+06
   84            356       286         0        70         0       147       142         0         5         0      4.878e+06
   85            335       210         0       125         0        86        61         0        25         0      4.843e+06
   86            347       238         0       109         0       110       100         0        10         0      4.816e+06
   87            337       244         0        93         0       118       103         0        15         0      4.755e+06
   88            311       228         0        83         0       132       117         0        15         0       4.72e+06
   89            313       254         0        59         0       111       107         0         4         0      4.637e+06
   90            308       230         0        78         0       122       112         0        10         0       4.57e+06
   91            336       245         0        91         0       126       116         0        10         0      4.485e+06
   92            293       203         0        90         0        98        87         0        11         0      4.452e+06
   93            340       238         0       102         0        96        82         0        14         0       4.39e+06
   94            333       208         0       125         0        91        78         0        13         0      4.361e+06
   95            283       179         0       104         0        90        78         0        12         0      4.338e+06
   96            241       176         0        65         0        81        76         0         5         0      4.272e+06
   97            269       187         0        82         0        74        69         0         5         0      4.202e+06
   98            241       181         0        60         0        95        93         0         2         0      4.151e+06
   99            206       154         0        52         0        51        51         0         0         0       4.12e+06
  100            204       126         0        78         0        80        74         0         6         0      4.105e+06
  101            249       140         0       109         0        65        65         0         0         0      4.077e+06
  102            198       165         0        33         0        86        85         0         1         0      3.995e+06
  103            232       130         0       102         0        45        40         0         5         0      3.989e+06
  104            194       140         0        54         0        81        78         0         3         0      3.936e+06
  105            174       114         0        60         0        72        56         0        16         0      3.928e+06
  106            172       157         0        15         0        84        84         0         0         0      3.922e+06
  107            167       141         0        26         0        55        55         0         0         0       3.92e+06
  108            170       114         0        56         0        42        37         0         5         0      3.902e+06
  109            164       145         0        19         0        85        81         0         4         0      3.898e+06
  110            177       140         0        37         0        79        70         0         9         0      3.878e+06
  111            166        84         0        82         0        39        39         0         0         0      3.878e+06
  112            160        99         0        61         0        50        47         0         3         0      3.877e+06
  113            161       131         0        30         0        81        77         0         4         0      3.877e+06
  114            165       137         0        28         0        71        69         0         2         0      3.871e+06
  115            161       152         0         9         0        81        78         0         3         0      3.869e+06
  116            160        88         0        72         0        42        26         0        16         0      3.866e+06
  117            160       101         0        59         0        38        33         0         5         0      3.865e+06
  118            160       113         0        47         0        64        58         0         6         0      3.858e+06
  119            162       110         0        52         0        35        32         0         3         0      3.858e+06
  120            163       118         0        45         0        79        76         0         3         0       3.85e+06
  121            151        97         0        54         0        40        37         0         3         0      3.848e+06
  122            169       146         0        23         0        98        92         0         6         0      3.802e+06
  123            159       111         0        48         0        79        67         0        12         0      3.801e+06
  124            162       117         0        45         0        56        53         0         3         0      3.793e+06
  125            157       100         0        57         0        23        15         0         8         0      3.792e+06
  126            160       133         0        27         0        54        52         0         2         0      3.787e+06
  127            139       109         0        30         0        56        47         0         9         0      3.774e+06
  128            157        83         0        74         0        42        29         0        13         0      3.728e+06
  129            151       115         0        36         0        50        48         0         2         0      3.643e+06
  130            140        92         0        48         0        34        34         0         0         0      3.643e+06
  131            147        96         0        51         0        31        30         0         1         0      3.643e+06
  132            137        86         0        51         0        22        22         0         0         0      3.631e+06
  133            134        81         0        53         0        31        29         0         2         0        3.6e+06
  134            130        77         0        53         0        13        12         0         1         0      3.516e+06
  135            128        91         0        37         0        27        27         0         0         0       3.49e+06
  136             92        48         0        44         0        10        10         0         0         0      3.465e+06
  137            121        69         0        52         0        34        28         0         6         0      3.455e+06
  138             81        48         0        33         0         8         6         0         2         0      3.439e+06
  139             61        41         0        20         0         9         8         0         1         0      3.415e+06
  140             99        72         0        27         0        29        28         0         1         0      3.395e+06
  141             79        49         0        30         0        10        10         0         0         0      3.359e+06
  142             70        50         0        20         0         8         7         0         1         0      3.359e+06
  143             40        17         0        23         0         2         2         0         0         0      3.359e+06
  144             22        14         0         8         0         2         1         0         1         0      3.359e+06
  145             53        31         0        22         0         4         4         0         0         0      3.347e+06
  146             40        27         0        13         0         4         4         0         0         0      3.323e+06
  147             37        27         0        10         0         7         7         0         0         0      3.323e+06
  148             37        26         0        11         0         9         9         0         0         0      3.323e+06
  149             26        16         0        10         0         0         0         0         0         0      3.323e+06
  150             24        17         0         7         0         4         4         0         0         0      3.323e+06
  151             17        16         0         1         0         4         4         0         0         0      3.323e+06
  152             13        10         0         3         0         0         0         0         0         0      3.323e+06
  153             14        13         0         1         0         2         2         0         0         0      3.323e+06
  154             51        41         0        10         0        16        16         0         0         0      3.323e+06
  155             31        22         0         9         0         7         7         0         0         0      3.323e+06
  156             18        14         0         4         0         3         3         0         0         0      3.323e+06
  157             24        21         0         3         0         1         1         0         0         0      3.323e+06
