===== Copy Generation Summary =====
#Iter     Gen    Indv     Seq     CSC    Used            Obj
    1     277     277       0       0     173       2.29e+09
    2     233     229       4       0     214      1.672e+09
    3     257     255       2       0     191      1.143e+09
    4     203     201       2       0     247      9.858e+08
    5     208     206       2       0     240      8.546e+08
    6     221     219       2       0     227      7.542e+08
    7     230     228       2       0     218      6.881e+08
    8     213     211       2       0     235      6.314e+08
    9     215     213       2       0     234      5.855e+08
   10     234     232       2       0     212      5.457e+08
   11     206     204       2       0     240      5.108e+08
   12     185     181       4       0     260      4.814e+08
   13     219     217       2       0     223      4.555e+08
   14     193     191       2       0     250      4.285e+08
   15     211     209       2       0     232      4.002e+08
   16     189     187       2       0     252      3.769e+08
   17     182     178       4       0     258      3.467e+08
   18     195     193       2       0     239      3.293e+08
   19     198     196       2       0     235      3.064e+08
   20     216     212       4       0     214       2.92e+08
   21     172     168       4       0     257      2.732e+08
   22     200     198       2       0     226      2.583e+08
   23     195     193       2       0     233      2.417e+08
   24     198     196       2       0     229      2.287e+08
   25     207     203       4       0     223      2.152e+08
   26     175     173       2       0     251      2.052e+08
   27     182     180       2       0     244      1.978e+08
   28     226     224       2       0     200      1.911e+08
   29     205     203       2       0     222      1.866e+08
   30     199     197       2       0     227      1.824e+08
   31     185     183       2       0     241      1.731e+08
   32     189     187       2       0     237      1.697e+08
   33     200     198       2       0     230      1.669e+08
   34     194     192       2       0     231      1.622e+08
   35     187     185       2       0     239      1.551e+08
   36     200     196       4       0     229      1.525e+08
   37     230     228       2       0     196        1.5e+08
   38     219     217       2       0     206      1.469e+08
   39     200     198       2       0     227      1.448e+08
   40     220     218       2       0     206       1.44e+08
   41     223     221       2       0     200       1.41e+08
   42     195     193       2       0     231      1.397e+08
   43     190     188       2       0     234      1.392e+08
   44     241     239       2       0     184      1.386e+08
   45     235     233       2       0     188      1.376e+08
   46     201     197       4       0     226      1.368e+08
   47     220     218       2       0     198      1.346e+08
   48     227     225       2       0     198      1.334e+08
   49     235     231       4       0     193      1.332e+08
   50     163     159       4       0     253      1.282e+08
   51     227     222       5       0     196       1.27e+08
   52     250     238      12       0     168      1.261e+08
   53     215     205      10       0     203      1.248e+08
   54     224     214      10       0     194      1.225e+08
   55     220     206      14       0     193      1.217e+08
   56     247     231      16       0     172      1.204e+08
   57     221     205      16       0     192      1.189e+08
   58     255     240      15       0     149      1.186e+08
   59     306     282      24       0     101      1.185e+08
   60     258     224      34       0     153      1.182e+08
   61     203     168      35       0     207      1.178e+08
   62     227     204      23       0     168      1.176e+08
   63     249     226      23       0     151      1.171e+08
   64     244     221      23       0     153      1.167e+08
   65     234     214      20       0     162      1.163e+08
   66     245     213      32       0     148      1.161e+08
   67     270     240      30       0     128      1.159e+08
   68     236     209      27       0     156      1.154e+08
   69     198     171      27       0     192      1.152e+08
   70     218     194      24       0     173       1.15e+08
   71     264     240      24       0     124      1.148e+08
   72     246     222      24       0     140      1.146e+08
   73     250     216      34       0     133      1.143e+08
   74     185     157      28       0     198      1.142e+08
   75     259     229      30       0     129       1.14e+08
   76     272     242      30       0     112      1.139e+08
   77     308     280      28       0      69      1.138e+08
   78     255     225      30       0     111      1.136e+08
   79     236     205      31       0     136      1.134e+08
   80     274     242      32       0     103      1.132e+08
   81     297     261      36       0      70      1.131e+08
   82     264     224      40       0      91      1.129e+08
   83     266     234      32       0      92      1.128e+08
   84     264     222      42       0      82      1.126e+08
   85     244     202      42       0      97      1.125e+08
   86     260     216      44       0      79      1.124e+08
   87     263     217      46       0      92      1.122e+08
   88     214     166      48       0     114       1.12e+08
   89     221     153      68       0      89      1.119e+08
   90     255     189      66       0      69      1.118e+08
   91     240     154      86       0      73      1.117e+08
   92     232     141      91       0      60      1.117e+08
   93     225     165      60       0     122      1.115e+08
   94     232     177      55       0      98      1.115e+08
   95     221     129      92       0      71      1.115e+08
   96     214     110     104       0      80      1.114e+08
   97     209     117      92       0      63      1.113e+08
   98     220     121      99       0      61      1.112e+08
   99     190      89     101       0      84      1.111e+08
  100     229     126     103       0      46       1.11e+08
  101     260     185      75       0      73       1.11e+08
  102     179     102      77       0     110      1.109e+08
  103     202     101     101       0      68      1.109e+08
  104     224     117     107       0      51      1.108e+08
  105     201      90     111       0      71      1.108e+08
  106     229     114     115       0      41      1.107e+08
  107     236     125     111       0      33      1.107e+08
  108     210      95     115       0      59      1.106e+08
  109     230     118     112       0      34      1.106e+08
  110     212     100     112       0      51      1.105e+08
  111     229     118     111       0      33      1.105e+08
  112     183      76     107       0      82      1.104e+08
  113     228     114     114       0      45      1.104e+08
  114     188      74     114       0      75      1.103e+08
  115     247     135     112       0      21      1.103e+08
  116     229     112     117       0      42      1.103e+08
  117     193      84     109       0      64      1.102e+08
  118     251     152      99       0      48      1.102e+08
  119     241     134     107       0      16      1.102e+08
  120     215     106     109       0      37      1.101e+08
  121     229     114     115       0      34      1.101e+08
  122     252     139     113       0       4      1.101e+08
  123     235     122     113       0      15      1.101e+08
  124     213      98     115       0      44        1.1e+08
  125     219     103     116       0      28        1.1e+08
  126     222     102     120       0      27      1.099e+08
  127     209      84     125       0      41      1.099e+08
  128     216      99     117       0      35      1.099e+08
  129     208      69     139       0      22      1.098e+08
  130     210      61     149       0      23      1.098e+08
  131     210      49     161       0      27      1.098e+08
  132     188      43     145       0      19      1.097e+08
  133     201      44     157       0      14      1.097e+08
