===== Copy Generation Summary =====
#Iter       TotalGen  ind(reg)  mul(reg)  ind(csc)  mul(csc) TotalUsed  ind(reg)  mul(reg)  ind(csc)  mul(csc)            obj
    1            375       323         0        52         0       128       119         0         9         0      1.111e+08
    2            386       294         0        92         0       139       124         0        15         0      1.111e+08
    3            399       321         0        78         0       177       163         0        14         0      1.008e+07
    4            404       343         0        61         0       198       165         0        33         0      6.169e+06
    5            405       362         0        43         0       197       182         0        15         0      3.311e+06
    6            392       358         0        34         0       190       182         0         8         0      3.194e+06
    7            395       369         0        26         0       192       185         0         7         0       2.64e+06
    8            391       366         0        25         0       180       175         0         5         0      2.396e+06
    9            380       326         0        54         0       158       140         0        18         0      2.346e+06
   10            377       352         0        25         0       168       162         0         6         0      2.337e+06
   11            373       337         0        36         0       188       187         0         1         0      2.337e+06
   12            344       311         0        33         0       164       151         0        13         0      2.337e+06
   13            334       302         0        32         0       150       148         0         2         0      2.312e+06
   14            279       244         0        35         0       135       124         0        11         0      2.234e+06
   15            279       229         0        50         0       123       122         0         1         0      2.164e+06
   16            231       215         0        16         0        95        95         0         0         0      2.137e+06
   17            210       185         0        25         0        99        95         0         4         0      2.136e+06
   18            175       159         0        16         0        87        85         0         2         0      2.136e+06
   19            168       134         0        34         0        79        70         0         9         0      2.136e+06
   20            139       122         0        17         0        66        62         0         4         0      2.111e+06
   21            130       115         0        15         0        53        52         0         1         0      2.111e+06
   22            124       115         0         9         0        59        58         0         1         0      2.111e+06
   23            102        83         0        19         0        32        29         0         3         0      2.111e+06
   24            113        82         0        31         0        44        44         0         0         0      2.111e+06
   25             83        66         0        17         0        22        18         0         4         0      2.111e+06
   26             89        63         0        26         0        22        21         0         1         0        2.1e+06
   27             62        39         0        23         0        16        15         0         1         0      2.082e+06
   28             51        35         0        16         0        20        18         0         2         0      2.082e+06
   29             29        21         0         8         0         9         9         0         0         0      2.082e+06
   30              9         7         0         2         0         4         4         0         0         0      2.082e+06
   31             10         8         0         2         0         1         1         0         0         0      2.082e+06
   32              6         3         0         3         0         1         0         0         1         0      2.082e+06
   33              5         5         0         0         0         2         2         0         0         0      2.082e+06
   34              8         7         0         1         0         3         3         0         0         0      2.082e+06
