===== Copy Generation Summary =====
#Iter       TotalGen  ind(reg)  mul(reg)  ind(csc)  mul(csc) TotalUsed  ind(reg)  mul(reg)  ind(csc)  mul(csc)            obj
    1            445       342        56        47         0       170       121        28        21         0      1.592e+08
    2            444       339        54        51         0       196       147        41         8         0      1.257e+08
    3            420       358        11        51         0       195       167         8        20         0      1.091e+08
    4            418       350         3        65         0       209       166         2        41         0      6.961e+07
    5            415       377         7        31         0       207       192         5        10         0      4.805e+07
    6            414       347         3        64         0       211       183         3        25         0      2.573e+07
    7            410       365         8        37         0       206       173         5        28         0      1.668e+07
    8            407       344        10        53         0       217       184         8        25         0      9.686e+06
    9            406       363        14        29         0       204       183         9        12         0      6.153e+06
   10            396       384         4         8         0       210       208         2         0         0      5.106e+06
   11            393       354        16        23         0       194       178         9         7         0      4.885e+06
   12            398       360        19        19         0       188       171        15         2         0      4.778e+06
   13            399       313        48        38         0       193       153        36         4         0      4.734e+06
   14            390       314        44        32         0       181       147        32         2         0      4.505e+06
   15            407       292        89        26         0       208       136        68         4         0      4.378e+06
   16            363       263        75        25         0       181       124        55         2         0      4.274e+06
   17            314       229        52        33         0       151       109        37         5         0      4.168e+06
   18            309       209        92         8         0       172       105        65         2         0      4.044e+06
   19            280       186        79        15         0       149        86        60         3         0      3.827e+06
   20            276       202        50        24         0       145       113        30         2         0       3.74e+06
   21            253       150        66        37         0       117        68        45         4         0      3.564e+06
   22            196       138        42        16         0        89        58        30         1         0      3.472e+06
   23            160       122        18        20         0        70        58         6         6         0      3.451e+06
   24            133       114        16         3         0        64        56         8         0         0      3.437e+06
   25            133        82        38        13         0        62        35        25         2         0      3.435e+06
   26            188        94        67        27         0        97        44        51         2         0      3.329e+06
   27            139       109        11        19         0        52        42         8         2         0      3.302e+06
   28            133        46        58        29         0        63        14        40         9         0      3.302e+06
   29            111        79        27         5         0        58        37        21         0         0      3.254e+06
   30            103        53        39        11         0        45        23        20         2         0      3.251e+06
   31            126        49        71         6         0        71        17        53         1         0      3.196e+06
   32             74        22        50         2         0        45         3        41         1         0      3.167e+06
   33             55        28        17        10         0        15         8         7         0         0      3.149e+06
   34             51        23        24         4         0        14         5         9         0         0      3.135e+06
   35             34        15        14         5         0        12         4         8         0         0      3.126e+06
   36             25        19         2         4         0         7         5         2         0         0      3.126e+06
   37             18        12         2         4         0         3         1         2         0         0      3.126e+06
   38             13        11         0         2         0         2         2         0         0         0      3.126e+06
   39             19         9         6         4         0         4         1         3         0         0      3.126e+06
