===== Copy Generation Summary =====
#Iter       TotalGen  ind(reg)  mul(reg)  ind(csc)  mul(csc) TotalUsed  ind(reg)  mul(reg)  ind(csc)  mul(csc)            obj
    1            372       325         0        47         0       144       137         0         7         0      6.845e+06
    2            360       284         0        76         0       129       120         0         9         0      5.876e+06
    3            394       293         0       101         0       144       120         0        24         0      4.875e+06
    4            401       340         0        61         0       185       160         0        25         0      3.901e+06
    5            398       361         0        37         0       190       181         0         9         0      2.168e+06
    6            399       338         0        61         0       171       155         0        16         0      2.138e+06
    7            384       353         0        31         0       197       182         0        15         0      2.138e+06
    8            388       340         0        48         0       173       166         0         7         0      2.089e+06
    9            382       357         0        25         0       188       177         0        11         0      2.089e+06
   10            379       355         0        24         0       177       173         0         4         0      2.087e+06
   11            368       344         0        24         0       171       171         0         0         0      2.087e+06
   12            349       319         0        30         0       148       147         0         1         0      2.087e+06
   13            367       334         0        33         0       175       174         0         1         0       2.02e+06
   14            317       288         0        29         0       145       143         0         2         0       1.96e+06
   15            268       235         0        33         0       112       108         0         4         0      1.933e+06
   16            271       211         0        60         0       118       108         0        10         0      1.933e+06
   17            221       199         0        22         0        95        91         0         4         0      1.929e+06
   18            198       151         0        47         0        68        63         0         5         0      1.918e+06
   19            157       139         0        18         0        78        75         0         3         0      1.918e+06
   20            141       125         0        16         0        69        68         0         1         0      1.918e+06
   21            134       128         0         6         0        51        50         0         1         0      1.915e+06
   22            132       117         0        15         0        53        53         0         0         0      1.903e+06
   23            128       103         0        25         0        41        37         0         4         0      1.903e+06
   24            121       116         0         5         0        57        57         0         0         0      1.903e+06
   25            116        98         0        18         0        57        55         0         2         0      1.903e+06
   26            114        82         0        32         0        47        41         0         6         0      1.903e+06
   27            104        81         0        23         0        49        49         0         0         0      1.903e+06
   28             65        50         0        15         0        18        17         0         1         0      1.903e+06
   29             43        25         0        18         0         6         5         0         1         0      1.903e+06
   30             42        31         0        11         0        12        12         0         0         0      1.903e+06
   31             82        76         0         6         0        55        55         0         0         0      1.903e+06
   32             26        18         0         8         0         4         4         0         0         0      1.903e+06
   33             18        13         0         5         0         1         1         0         0         0      1.903e+06
   34             13        10         0         3         0         4         4         0         0         0      1.903e+06
   35              4         3         0         1         0         0         0         0         0         0      1.903e+06
   36              8         6         0         2         0         2         2         0         0         0      1.903e+06
   37              4         2         0         2         0         0         0         0         0         0      1.903e+06
   38              4         3         0         1         0         0         0         0         0         0      1.903e+06
   39              8         4         0         4         0         1         0         0         1         0      1.903e+06
   40             14         9         0         5         0         4         3         0         1         0      1.903e+06
   41              9         6         0         3         0         1         1         0         0         0      1.903e+06
   42              6         5         0         1         0         1         1         0         0         0      1.903e+06
   43              7         6         0         1         0         3         3         0         0         0      1.903e+06
   44              4         4         0         0         0         1         1         0         0         0      1.903e+06
   45              4         4         0         0         0         0         0         0         0         0      1.903e+06
