===== Copy Generation Summary =====
#Iter       TotalGen  ind(reg)  mul(reg)  ind(csc)  mul(csc) TotalUsed  ind(reg)  mul(reg)  ind(csc)  mul(csc)            obj
    1            386       334         0        52         0       144       131         0        13         0      7.728e+07
    2            377       317         0        60         0       162       136         0        26         0      6.142e+07
    3            397       297         0       100         0       165       134         0        31         0      5.151e+07
    4            397       340         0        57         0       176       165         0        11         0      4.286e+07
    5            398       358         0        40         0       201       188         0        13         0      3.389e+07
    6            397       330         0        67         0       183       167         0        16         0      2.958e+07
    7            397       373         0        24         0       211       203         0         8         0      2.011e+07
    8            395       374         0        21         0       199       190         0         9         0      1.421e+07
    9            391       368         0        23         0       195       188         0         7         0      9.136e+06
   10            383       344         0        39         0       195       177         0        18         0      6.486e+06
   11            383       357         0        26         0       174       163         0        11         0      5.845e+06
   12            374       353         0        21         0       172       165         0         7         0       3.82e+06
   13            358       332         0        26         0       167       164         0         3         0      3.283e+06
   14            335       313         0        22         0       168       163         0         5         0      3.195e+06
   15            301       274         0        27         0       132       128         0         4         0      3.088e+06
   16            289       272         0        17         0       129       129         0         0         0      2.975e+06
   17            247       233         0        14         0       112       112         0         0         0      2.923e+06
   18            226       205         0        21         0       108       107         0         1         0      2.889e+06
   19            200       177         0        23         0        95        95         0         0         0      2.855e+06
   20            179       168         0        11         0        82        82         0         0         0      2.794e+06
   21            154       144         0        10         0        75        75         0         0         0      2.741e+06
   22            141       132         0         9         0        65        65         0         0         0      2.741e+06
   23            129       111         0        18         0        56        53         0         3         0      2.729e+06
   24            125       111         0        14         0        61        57         0         4         0      2.721e+06
   25            142       112         0        30         0        62        51         0        11         0       2.72e+06
   26            118       107         0        11         0        53        52         0         1         0      2.709e+06
   27            141       106         0        35         0        48        42         0         6         0      2.564e+06
   28            125       106         0        19         0        43        41         0         2         0      2.564e+06
   29            132       125         0         7         0        45        45         0         0         0      2.537e+06
   30            122       109         0        13         0        57        57         0         0         0      2.537e+06
   31            112        87         0        25         0        42        39         0         3         0      2.532e+06
   32             93        73         0        20         0        15        15         0         0         0       2.52e+06
   33             91        62         0        29         0        25        23         0         2         0      2.488e+06
   34             84        57         0        27         0        32        30         0         2         0      2.413e+06
   35             56        40         0        16         0        12        12         0         0         0      2.393e+06
   36             46        37         0         9         0        21        19         0         2         0      2.368e+06
   37             30        21         0         9         0         4         4         0         0         0      2.368e+06
   38             30        20         0        10         0         9         8         0         1         0      2.368e+06
   39             28        24         0         4         0        15        14         0         1         0      2.368e+06
   40             30        20         0        10         0         5         5         0         0         0      2.368e+06
   41             11         9         0         2         0         4         4         0         0         0      2.359e+06
   42             12         9         0         3         0         3         2         0         1         0      2.359e+06
   43              9         6         0         3         0         2         2         0         0         0      2.359e+06
   44              8         8         0         0         0         3         3         0         0         0      2.359e+06
