Run time(sec):            666
IP gap:inf
======================= COST =======================
======================= COST =======================
Total:              6.089e+08
Cancel:              5.88e+08
Delay:              1.177e+07
Swaps:              7.668e+06
PosViol:            1.475e+06
CSC:                        0

===================== DISRUPTION ===================
# Cancelled:              588
# Delayed:                556
# Swaps:                  639
# CSCs:                     0
Ttl delay(min):	    1.177e+05
Avg delay(min):	          211
Min delay(min):	           30
Max delay(min):	          360

================= AIRPORT CAPACITY =================
SEA 2025-Jul-07 17:00:00 2025-Jul-07 21:00:00 1 0(0)
SEA 2025-Jul-07 17:00:00 2025-Jul-07 21:00:00 2 0(1)

================= AIRCRAFT LOCATION ================
Aircraft     PlannedEnd      ActualEnd
N214AK            AUS            SEA
N224AK            ANC            PHX
N236AK            IAD            SAN
N237AK            SEA            SEA
N238AK            IAD            SAN
N247AK            SEA            AUS
N248AK            SEA            SEA
N251AK            EUG            SFO
N253AK            IND            SEA
N260AK            PDX            PDX
N264AK            OMA            SEA
N265AK            SFO            PDX
N267AK            PDX            ANC
N268AK            PDX            RDM
N270AK            SEA            LAX
N272AK            ORD            SEA
N273AK            JNU            LAX
N274AK            MKE            SMF
N275AK            LAS            LAS
N277AK            CMH            PHX
N280AK            PDX            PDX
N281AK            ABQ            PDX
N282AK            JFK            JNU
N283AK            PDX            SJC
N284AK            SJC            SFO
N285AK            SMF            SEA
N287AK            RDM            CMH
N288AK            ORD            PDX
N290AK            BNA            ABQ
N291BT            SEA            SEA
N292AK            LAS            SEA
N293AK            ANC            JFK
N294AK            LAX            SEA
N296AK            PHX            SEA
N297AK            SFO            SEA
N298AK            LAX            SEA
N307AS            SEA            SEA
N309AS            JNU            JNU
N318AS            SEA            SEA
N402AS            LAS            SEA
N403AS            SAN            SEA
N408AS            ANC            ANC
N409AS            SFO            JNU
N413AS            SEA            ORD
N419AS            BOS            SEA
N423AS            LAX            SEA
N431AS            MCO            GEG
N433AS            CLE            ANC
N434AS            ANC            HNL
N435AS            GEG            SEA
N440AS            LAX            SEA
N442AS            SEA            SEA
N448AS            SEA            BOS
N453AS            JNU            SEA
N457AS            DFW            BNA
N459AS            SFO            PDX
N462AS            SFO            PDX
N464AS            ANC            IAD
N467AS            MCI            LAX
N469AS            GEG            SAN
N471AS            SEA            EUG
N472AS            SJC            SAN
N474AS            SEA            IND
N477AS            TPA            SEA
N478AS            ANC            ANC
N481AS            PDX            JFK
N483AS            PDX            SEA
N486AS            SEA            MCO
N487AS            BNA            SEA
N491AS            PDX            SEA
N492AS            PDX            PDX
N493AS            PHL            PHL
N494AS            ANC            SEA
N495AS            HNL            CLE
N506AS            BOS            SEA
N508AS            DCA            SEA
N512AS            SNA            LAX
N513AS            SEA            SEA
N514AS            SFO            BOS
N516AS            LAX            SNA
N517AS            SAN            SEA
N518AS            LAX            KOA
N519AS            SNA            SEA
N520AS            ANC            ORD
N523AS            SEA            SAN
N525AS            ANC            ANC
N526AS            SEA            SEA
N527AS            BWI            SEA
N529AS            SIT            MSP
N530AS            SJC            SAN
N531AS            SEA            DEN
N532AS            PDX            SAN
N535AS            SAN            SEA
N536AS            SEA            SEA
N537AS            DCA            PDX
N538AS            SEA            SAN
N546AS            SEA            SAN
N548AS            DEN            SEA
N549AS            ADQ            ADQ
N551AS            SEA            SEA
N552AS            SNA            SEA
N553AS            SEA            SNA
N556AS            SMF            SNA
N557AS            SAN            ANC
N560AS            SEA            PDX
N562AS            MSP            KOA
N564AS            ANC            SEA
N565AS            SEA            ANC
N568AS            LAX            SAN
N569AS            SAN            LIH
N570AS            SAN            SNA
N577AS            SEA            GEG
N579AS            KOA            OAK
N581AS            BOS            SFO
N586AS            PDX            SMF
N587AS            PHX            BWI
N589AS            JFK            LAX
N590AS            DCA            SIT
N592AS            ORD            ADQ
N593AS            LAS            ANC
N594AS            OAK            DEN
N596AS            SEA            SEA
N597AS            OGG            SAN
N607AS            ANC            ANC
N609AS            SIT            SEA
N611AS            SEA            SCC
N612AS            ANC            ANC
N613AS            RNO            KTN
N615AS            JNU            RNO
N618AS            ANC            SEA
N619AS            ANC            SIT
N622AS            SEA            JNU
N703AL            SEA            SAT
N705AL            LAX            SEA
N706AL            EWR            SEA
N707AL            EWR            JFK
N708AL            ORD            SFO
N709AL            TPA            SEA
N710AL            MSP            SEA
N712AL            LAX            SEA
N713AL            PDX            FAI
N716AL            MCO            MCO
N719AL            SEA            SFO
N720AL            BOS            SEA
N722AL            SEA            SEA
N723AL            DFW            EWR
N724AL            AUS            SEA
N725AL            SFO            SFO
N729AL            LAX            SEA
N731AL            MCO            SEA
N732AL            SEA            ONT
N733AL            PDX            SFO
N734AL            JFK            SEA
N738AL            SEA            ATL
N801AK            ANC            ANC
N803AK            JFK            JFK
N804AK            SEA            LAX
N805AK            LAX            LAX
N806AK            LAX            SEA
N809AK            SEA            SEA
N812AK            SFO            SFO
N813AK            SEA            SEA
N903AK            PDX            GEG
N912AK            SAN            DFW
N913AK            GEG            DEN
N915AK            SEA            PHX
N917AK            ONT            PIT
N918AK            RDU            LAS
N919AK            PHX            SEA
N920AK            ATL            SEA
N921AK            AUS            SEA
N924AK            EWR            ORD
N926AK            MSY            MSY
N928AK            DEN            FAI
N929AK            SEA            SEA
N931AK            PDX            SFO
N932AK            SFO            PDX
N933AK            ORD            MCO
N934AK            ANC            LAX
N935AK            SAN            SEA
N936AK            SEA            SEA
N938AK            LAX            SEA
N941AK            IAH            SEA
N942AK            ORD            SEA
N947AK            FAI            SEA
N948AK            LAX            LAX
N949AK            FAI            SEA
N952AK            SEA            SEA
N953AK            CVG            ANC
N954AK            PDX            IAH
N955AK            SFO            ANC
N956AK            PIT            SEA
N958AK            SAT            SEA
N960AK            BOS            SEA
N961AK            PHX            PDX
N962AK            SFO            LAX
N963AK            LAX            OGG
N964AK            IAH            LAX
N966AK            SFO            BOS
N967AK            LAX            PDX
N968AK            JFK            SEA
N969AK            PDX            JFK
N972AK            SFO            SEA
N973AK            ONT            SEA
N974AK            BOI            EWR
N975AK            LAS            SEA
N976AK            STL            SEA
N977AK            SEA            SEA
N978AK            IAD            ATL
N982AK            SEA            IAD
N983AK            ATL            ORD
N984AK            FAI            SEA
N985AK            DEN            LAX
N990AK            LAX            CVG
N407AS            SEA            SEA
N428AS            LAX            LAX
N468AS            DTW            SEA
N479AS            SEA            SFO
N563AS            GEG            SEA
N566AS            SFO            SFO
N588AS            ANC            LAX
N614AS            ANC            SEA
N946AK            BUR            LAX
N971AK            BUR            LAX
N979AK            SAN            SEA
