Objective:	6.08909e+08
Total CPU time:	00:11:06
================== Aircraft Recovery Schedule ==================
N214AK[30]
375(7/7IAD13:00---SEA18:47)
2025-Jul-07 19:17:00
2025-Jul-09 15:30:00
--------------------------------------------------------
N224AK[45]
2025-Jul-07 15:00:00
2025-Jul-09 15:45:00
--------------------------------------------------------
N236AK[55]
1258(7/7SEA14:00---SAN16:50)
2025-Jul-07 17:45:00
2025-Jul-09 15:55:00
--------------------------------------------------------
N237AK[55]
2025-Jul-07 15:00:00
2025-Jul-09 15:55:00
--------------------------------------------------------
N238AK[40]
1074(7/7PDX14:25---SAN17:00)
2025-Jul-07 17:40:00
2025-Jul-09 15:40:00
--------------------------------------------------------
N247AK[50]
512(7/7SFO14:00---AUS17:36)
2025-Jul-07 18:26:00
2025-Jul-09 15:50:00
--------------------------------------------------------
N248AK[30]
537(7/7BOS13:20---SEA19:35)
2025-Jul-07 20:05:00
2025-Jul-09 15:30:00
--------------------------------------------------------
N251AK[50]
2025-Jul-07 15:00:00
2025-Jul-09 15:50:00
--------------------------------------------------------
N253AK[35]
2025-Jul-07 15:00:00
2025-Jul-09 15:35:00
--------------------------------------------------------
N260AK[60]
2025-Jul-07 15:00:00
2025-Jul-09 16:00:00
--------------------------------------------------------
N264AK[30]
2025-Jul-07 15:00:00
2025-Jul-09 15:30:00
--------------------------------------------------------
N265AK[55]
541(7/7AUS12:37---PDX16:50)
2025-Jul-07 17:45:00
2025-Jul-09 15:55:00
--------------------------------------------------------
N267AK[60]
2025-Jul-07 15:00:00
2025-Jul-09 16:00:00
--------------------------------------------------------
N268AK[55]
413(7/7ORD12:00---PDX16:25)
2025-Jul-07 17:20:00
1296-d0(7/7PDX17:40---SAN20:15)
1297-d0(7/7SAN21:15---PDX23:49)
1455-d0(7/8PDX00:49---ANC04:40)
54-d0(7/8ANC09:29---SEA13:00)
1258-d0(7/8SEA14:00---SAN16:50)
1259-d60(7/8SAN18:00---SEA21:00)
312001-d360(7/8SEA22:06---OMA01:17)
312-d360(7/9OMA02:14---SEA05:54)
924-d90(7/9SEA07:18---RDM08:29)
2025-Jul-09 15:55:00
--------------------------------------------------------
N270AK[45]
2025-Jul-07 15:00:00
1108-d0(7/7SEA16:58---SAN19:49)
1097-d0(7/7SAN20:45---SEA23:45)
700-d240(7/8SEA00:35---PHX03:29)
611-d240(7/8PHX04:29---SEA07:35)
780-d330(7/8SEA08:29---ABQ11:29)
618-d0(7/8ABQ14:00---SEA17:15)
442-d90(7/8SEA18:12---PHL23:17)
443-d90(7/9PHL00:22---SEA06:27)
1224-d270(7/9SEA07:25---LAX10:16)
2025-Jul-09 15:45:00
--------------------------------------------------------
N272AK[50]
2025-Jul-07 15:00:00
2025-Jul-09 15:50:00
--------------------------------------------------------
N273AK[45]
289(7/7EWR11:52---LAX17:46)
2025-Jul-07 18:31:00
2025-Jul-09 15:45:00
--------------------------------------------------------
N274AK[50]
2025-Jul-07 15:00:00
329-d90(7/7ORD16:30---SEA21:04)
602-d0(7/7SEA22:49---DEN01:32)
615-d0(7/8DEN02:32---SEA05:42)
161-d60(7/8SEA06:47---EUG08:01)
132-d0(7/8EUG13:00---SEA14:15)
405001-d0(7/8SEA15:11---OKC18:48)
405-d0(7/8OKC19:44---SEA23:38)
1150001-d300(7/9SEA00:48---BUR03:19)
1150-d300(7/9BUR04:14---SEA06:54)
1194-d300(7/9SEA07:54---SMF09:52)
2025-Jul-09 15:50:00
--------------------------------------------------------
N275AK[55]
683(7/7ORD13:00---SEA17:39)
2025-Jul-07 18:34:00
738-d210(7/7SEA21:10---LAS23:49)
634-d150(7/8LAS01:09---SFO02:50)
776-d150(7/8SFO04:10---LAS05:55)
393-d0(7/8LAS14:00---PAE16:40)
385-d0(7/8PAE17:40---PHX20:43)
396-d0(7/8PHX21:43---PAE00:44)
391-d0(7/9PAE01:44---LAS04:17)
2025-Jul-09 15:55:00
--------------------------------------------------------
N277AK[45]
2025-Jul-07 15:00:00
1290001-d0(7/7SEA15:00---BUR17:36)
1290-d0(7/7BUR18:30---SEA21:08)
1046-d0(7/7SEA22:08---SJC00:17)
1314-d360(7/8SJC01:02---SEA03:10)
1086-d330(7/8SEA03:55---ONT06:34)
1087-d330(7/8ONT07:28---SEA10:07)
959-d300(7/8SEA10:52---GEG11:59)
966-d0(7/8GEG13:00---SEA14:15)
648-d0(7/8SEA15:00---TUS18:10)
641-d0(7/8TUS19:06---SEA22:20)
1300-d120(7/8SEA23:10---LAX01:58)
193-d0(7/9LAX02:45---ANC08:08)
172-d120(7/9ANC09:13---PHX14:45)
2025-Jul-09 15:45:00
--------------------------------------------------------
N280AK[55]
1089(7/7LAS14:05---PDX16:24)
2025-Jul-07 17:19:00
2025-Jul-09 15:55:00
--------------------------------------------------------
N281AK[30]
2025-Jul-07 15:00:00
1254-d0(7/7SEA15:27---ONT18:05)
1111-d0(7/7ONT19:00---SEA21:38)
658-d180(7/7SEA22:18---LAS01:02)
756-d270(7/8LAS01:43---PDX04:05)
1370-d240(7/8PDX04:35---AUS08:42)
541-d0(7/8AUS12:37---PDX16:50)
1420-d0(7/8PDX17:30---IAH21:50)
1421-d0(7/8IAH22:50---PDX03:15)
1204-d360(7/9PDX03:49---SAN06:22)
1294-d360(7/9SAN07:18---PDX09:50)
2025-Jul-09 15:30:00
--------------------------------------------------------
N282AK[60]
2025-Jul-07 15:00:00
90-d210(7/7SIT18:45---SEA21:09)
71-d210(7/7SEA22:13---JNU00:49)
176-d240(7/8JNU02:15---SEA04:42)
1098-d300(7/8SEA05:59---SAN08:54)
1020-d330(7/8SAN10:20---MCO15:30)
395-d330(7/8MCO16:50---SEA23:00)
733-d330(7/9SEA00:08---SLC02:14)
734-d360(7/9SLC03:39---SEA05:54)
69001-d330(7/9SEA07:05---KTN09:14)
69-d360(7/9KTN10:29---JNU11:30)
2025-Jul-09 16:00:00
--------------------------------------------------------
N283AK[50]
2025-Jul-07 15:00:00
2025-Jul-09 15:50:00
--------------------------------------------------------
N284AK[40]
943(7/7RDM13:00---SEA14:14)
516(7/7SEA14:55---FLL20:52)
2025-Jul-07 21:32:00
517-d0(7/7FLL21:52---SEA04:20)
547-d30(7/8SEA05:10---CLE09:41)
548-d0(7/8CLE11:00---SEA16:09)
1166-d120(7/8SEA17:10---SFO19:29)
912-d360(7/8SFO20:20---SAN22:02)
322-d300(7/8SAN22:48---IAD03:59)
435-d300(7/9IAD04:59---SFO10:46)
2025-Jul-09 15:40:00
--------------------------------------------------------
N285AK[30]
383(7/7BNA12:00---SEA17:06)
2025-Jul-07 17:36:00
2025-Jul-09 15:30:00
--------------------------------------------------------
N287AK[55]
139(7/7ORD14:30---ANC21:15)
2025-Jul-07 22:10:00
226-d0(7/7ANC22:20---SEA01:50)
N287AK_SEA-01:50/06:50-d0(7/8SEA01:50---7/8 06:50)
919-d120(7/8SEA06:55---RDU12:00)
920-d90(7/8RDU13:06---SEA19:00)
313001-d270(7/8SEA20:00---DTW00:20)
313-d270(7/9DTW01:16---SEA06:15)
315-d150(7/9SEA07:15---CMH11:43)
2025-Jul-09 15:55:00
--------------------------------------------------------
N288AK[55]
2025-Jul-07 15:00:00
479-d210(7/7LAS18:30---SEA21:10)
1198-d60(7/7SEA22:05---SAN00:55)
735-d60(7/8SAN01:51---SEA04:50)
380-d60(7/8SEA05:45---DTW10:05)
381-d0(7/8DTW11:00---SEA15:57)
535001-d0(7/8SEA17:20---DEN20:07)
535-d0(7/8DEN21:03---SEA00:00)
1092-d120(7/9SEA01:18---LAX04:05)
1397-d240(7/9LAX05:07---PDX07:30)
2025-Jul-09 15:55:00
--------------------------------------------------------
N290AK[30]
358(7/7PDX14:00---BOS19:25)
2025-Jul-07 19:55:00
304-d0(7/7BOS20:25---SEA02:48)
460-d300(7/8SEA03:43---BOS08:59)
336-d0(7/8BOS10:00---PDX16:17)
757-d0(7/8PDX17:50---LAS20:09)
676-d0(7/8LAS21:04---SEA23:50)
932-d360(7/9SEA00:36---ABQ03:37)
933-d360(7/9ABQ04:31---SEA07:41)
780-d330(7/9SEA08:29---ABQ11:29)
2025-Jul-09 15:30:00
--------------------------------------------------------
N291BT[30]
627(7/7TPA11:00---SEA17:06)
2025-Jul-07 17:36:00
2025-Jul-09 15:30:00
--------------------------------------------------------
N292AK[45]
473(7/7STL11:41---SEA16:10)
2025-Jul-07 16:55:00
2025-Jul-09 15:45:00
--------------------------------------------------------
N293AK[60]
2025-Jul-07 15:00:00
23-d0(7/7JFK17:00---SEA23:08)
620001-d210(7/8SEA00:33---DEN03:14)
620-d270(7/8DEN04:20---SEA07:20)
1004-d330(7/8SEA08:29---GEG09:39)
215-d0(7/8GEG16:45---SEA18:00)
414-d240(7/8SEA19:17---DFW23:19)
415-d240(7/9DFW00:19---SEA04:34)
22-d0(7/9SEA05:41---JFK11:02)
2025-Jul-09 16:00:00
--------------------------------------------------------
N294AK[50]
281(7/7BNA14:00---SEA19:03)
2025-Jul-07 19:53:00
2025-Jul-09 15:50:00
--------------------------------------------------------
N296AK[50]
2025-Jul-07 15:00:00
2025-Jul-09 15:50:00
--------------------------------------------------------
N297AK[35]
2025-Jul-07 15:00:00
57-d0(7/7ANC16:00---FAI17:05)
234-d0(7/7FAI18:05---SEA21:43)
175-d150(7/7SEA22:25---ANC01:57)
56-d240(7/8ANC02:50---SEA06:20)
1039-d150(7/8SEA07:15---GEG08:28)
963-d0(7/8GEG14:00---SEA15:14)
79-d60(7/8SEA16:00---ANC19:36)
100-d30(7/8ANC20:11---SEA23:40)
63-d360(7/9SEA00:20---SIT02:44)
58-d360(7/9SIT03:40---SEA06:00)
960-d360(7/9SEA06:43---GEG07:50)
965-d360(7/9GEG08:44---SEA10:00)
2025-Jul-09 15:35:00
--------------------------------------------------------
N298AK[55]
533(7/7ATL13:30---SEA18:51)
2025-Jul-07 19:46:00
2025-Jul-09 15:55:00
--------------------------------------------------------
N307AS[60]
168(7/7FAI08:14---SEA12:00)
2025-Jul-07 15:00:00
722-d120(7/7SEA21:27---PHX00:30)
975-d180(7/8PHX01:47---SEA04:52)
2025-Jul-09 16:00:00
--------------------------------------------------------
N309AS[30]
2025-Jul-07 15:00:00
612-d0(7/7SEA15:46---LAS18:25)
785-d0(7/7LAS19:40---SEA22:24)
1284-d30(7/7SEA23:14---SFO01:27)
1065-d30(7/8SFO02:23---SEA04:41)
185-d0(7/8SEA05:55---JNU08:25)
42-d0(7/8JNU09:55---SEA12:23)
1306-d0(7/8SEA15:00---LAX17:49)
1305-d0(7/8LAX18:55---SEA21:39)
962-d0(7/8SEA23:03---GEG00:13)
964-d0(7/9GEG01:07---SEA02:21)
205-d30(7/9SEA03:06---JNU05:35)
2025-Jul-09 15:30:00
--------------------------------------------------------
N318AS[40]
2025-Jul-07 15:00:00
215-d180(7/7GEG20:03---SEA21:18)
1194-d0(7/8SEA02:54---SMF04:52)
1217-d0(7/8SMF13:15---SEA15:15)
2025-Jul-09 15:40:00
--------------------------------------------------------
N402AS[60]
1041(7/7BUR14:00---SEA16:37)
2025-Jul-07 17:37:00
2025-Jul-09 16:00:00
--------------------------------------------------------
N403AS[50]
188(7/7ANC13:00---SEA16:30)
2025-Jul-07 17:20:00
2025-Jul-09 15:50:00
--------------------------------------------------------
N408AS[55]
2025-Jul-07 15:00:00
1268-d0(7/7PDX16:00---BNA20:19)
1269-d0(7/7BNA21:19---PDX02:15)
946-d360(7/8PDX03:30---BOI04:48)
1019-d360(7/8BOI05:43---SEA07:20)
980-d240(7/8SEA08:40---SFO10:59)
1410-d0(7/8SFO15:00---PDX16:45)
499-d300(7/8PDX18:05---SEA19:09)
1096-d90(7/8SEA20:11---SAN23:08)
1097-d210(7/9SAN00:15---SEA03:15)
744-d330(7/9SEA04:29---PHX07:27)
141-d330(7/9PHX08:27---ANC14:18)
2025-Jul-09 15:55:00
--------------------------------------------------------
N409AS[55]
150(7/7ANC08:34---LAX13:55)
2025-Jul-07 15:00:00
798-d90(7/7LAX18:20---SEA21:05)
733-d180(7/7SEA22:10---SLC00:16)
734-d240(7/8SLC01:39---SEA03:54)
99-d360(7/8SEA04:58---ANC08:42)
70-d360(7/8ANC09:45---JNU11:27)
73-d0(7/8JNU15:34---ANC17:24)
108-d0(7/8ANC18:22---FAI19:27)
140-d30(7/8FAI20:47---SEA00:30)
1132-d300(7/9SEA01:35---SFO03:48)
571-d360(7/9SFO04:48---LAS06:31)
403-d300(7/9LAS07:45---SEA10:37)
185-d360(7/9SEA11:55---JNU14:25)
2025-Jul-09 15:55:00
--------------------------------------------------------
N413AS[40]
324(7/7PDX14:02---ORD18:07)
2025-Jul-07 18:47:00
2025-Jul-09 15:40:00
--------------------------------------------------------
N419AS[60]
2025-Jul-07 15:00:00
2025-Jul-09 16:00:00
--------------------------------------------------------
N423AS[30]
446(7/7PHL10:45---SEA16:42)
2025-Jul-07 17:12:00
2025-Jul-09 15:30:00
--------------------------------------------------------
N431AS[55]
292(7/7SFO14:54---EWR20:29)
2025-Jul-07 21:24:00
462-d0(7/7EWR21:30---SEA03:44)
590-d300(7/8SEA04:42---SFO06:53)
922-d240(7/8SFO07:49---SEA10:02)
115-d360(7/8SEA10:59---FAI14:49)
210-d120(7/8FAI15:52---SEA19:40)
1017-d150(7/8SEA20:50---PDX21:53)
1161-d330(7/8PDX23:00---PHX01:46)
1238-d330(7/9PHX02:46---PDX05:29)
1122-d360(7/9PDX06:30---SAN09:03)
1067-d360(7/9SAN09:59---GEG12:44)
2025-Jul-09 15:55:00
--------------------------------------------------------
N433AS[45]
2025-Jul-07 15:00:00
1410-d0(7/7SFO15:00---PDX16:45)
1420-d0(7/7PDX17:47---IAH22:07)
1421-d30(7/7IAH23:20---PDX03:45)
436-d0(7/8PDX04:37---BOS10:00)
459-d0(7/8BOS11:20---SEA17:38)
1112-d0(7/8SEA18:31---SFO20:47)
1113-d330(7/8SFO21:45---SEA00:00)
291-d300(7/9SEA00:46---STL04:35)
291001-d300(7/9STL05:32---SEA10:00)
119-d300(7/9SEA10:59---ANC14:39)
2025-Jul-09 15:45:00
--------------------------------------------------------
N434AS[40]
408(7/7SEA13:00---ORD17:07)
2025-Jul-07 17:47:00
891-d0(7/7ORD18:20---SEA22:59)
1132-d210(7/8SEA00:05---SFO02:18)
591-d210(7/8SFO03:14---SEA05:24)
205-d210(7/8SEA06:06---JNU08:35)
70001-d180(7/8JNU09:15---SIT09:59)
73001-d0(7/8SIT14:00---JNU14:44)
142-d30(7/8JNU15:38---SEA18:06)
1010-d30(7/8SEA18:50---GEG19:59)
1011-d30(7/8GEG20:53---SEA22:07)
697001-d180(7/8SEA22:52---MSO00:17)
697-d180(7/9MSO01:13---SEA02:51)
228-d30(7/9SEA03:55---ANC07:34)
827-d330(7/9ANC08:25---HNL14:29)
2025-Jul-09 15:40:00
--------------------------------------------------------
N435AS[55]
920(7/7RDU11:36---SEA17:30)
2025-Jul-07 18:25:00
2025-Jul-09 15:55:00
--------------------------------------------------------
N440AS[30]
459(7/7BOS11:20---SEA17:38)
2025-Jul-07 18:08:00
2025-Jul-09 15:30:00
--------------------------------------------------------
N442AS[55]
542(7/7SEA07:25---DFW11:20)
365(7/7DFW14:00---SEA18:27)
2025-Jul-07 19:22:00
2025-Jul-09 15:55:00
--------------------------------------------------------
N448AS[45]
242(7/7MKE11:30---SEA15:53)
2025-Jul-07 16:38:00
442-d0(7/7SEA16:42---PHL21:47)
443-d0(7/7PHL22:52---SEA04:57)
315-d60(7/8SEA05:45---CMH10:13)
316-d0(7/8CMH11:00---SEA16:05)
306-d90(7/8SEA16:51---BOS22:15)
389-d90(7/8BOS23:15---SAN05:30)
1005-d210(7/9SAN06:27---SFO08:07)
307-d270(7/9SFO08:58---BOS14:40)
2025-Jul-09 15:45:00
--------------------------------------------------------
N453AS[50]
42(7/7JNU09:55---SEA12:23)
2025-Jul-07 15:00:00
2025-Jul-09 15:50:00
--------------------------------------------------------
N457AS[45]
606(7/7SEA14:55---PHX17:52)
2025-Jul-07 18:37:00
603-d0(7/7PHX18:52---SEA21:58)
744-d0(7/7SEA22:59---PHX01:57)
662-d120(7/8PHX03:05---PDX05:48)
376-d360(7/8PDX06:35---ORD10:39)
942-d30(7/8ORD11:30---SEA16:07)
1133-d0(7/8SEA17:03---SMF19:03)
1281-d0(7/8SMF19:57---SEA21:54)
904-d270(7/8SEA22:53---BZN00:36)
905-d270(7/9BZN01:30---SEA03:29)
509-d360(7/9SEA04:15---SLC06:18)
510-d360(7/9SLC07:12---SEA09:30)
400-d240(7/9SEA10:18---BNA14:40)
2025-Jul-09 15:45:00
--------------------------------------------------------
N459AS[50]
1063(7/7BUR14:20---PDX16:37)
2025-Jul-07 17:27:00
2025-Jul-09 15:50:00
--------------------------------------------------------
N462AS[30]
2025-Jul-07 15:00:00
142-d180(7/7JNU18:38---SEA21:06)
429-d120(7/7SEA21:38---ORD01:45)
337-d210(7/8ORD02:24---SEA07:04)
427-d60(7/8SEA07:49---CVG12:07)
428-d0(7/8CVG12:40---SEA17:39)
85-d270(7/8SEA18:30---ANC22:05)
56-d0(7/8ANC22:50---SEA02:20)
688-d180(7/9SEA02:59---LAS05:34)
779-d300(7/9LAS06:31---PDX08:50)
2025-Jul-09 15:30:00
--------------------------------------------------------
N464AS[55]
453(7/7IAH11:00---SEA15:40)
2025-Jul-07 16:35:00
N464AS_SEA-15:40/20:40-d0(7/7SEA15:40---7/7 20:40)
1010-d150(7/7SEA21:09---GEG22:18)
1011-d180(7/7GEG23:23---SEA00:37)
549-d270(7/8SEA01:37---DFW05:33)
550-d300(7/8DFW06:36---SEA10:59)
452-d300(7/8SEA11:59---IAH16:20)
399-d210(7/8IAH17:30---SEA22:15)
445-d30(7/8SEA23:38---RNO01:29)
523-d60(7/9RNO02:47---SEA04:42)
590-d360(7/9SEA05:42---SFO07:53)
455-d210(7/9SFO09:13---IAD14:20)
2025-Jul-09 15:55:00
--------------------------------------------------------
N467AS[40]
132(7/7EUG13:00---SEA14:15)
2025-Jul-07 15:00:00
648-d0(7/7SEA15:00---TUS18:10)
641-d0(7/7TUS19:06---SEA22:20)
1256-d300(7/7SEA23:05---PSP01:59)
582-d330(7/8PSP02:40---SEA05:30)
241-d300(7/8SEA06:10---MKE09:59)
242-d0(7/8MKE11:30---SEA15:53)
682001-d90(7/8SEA16:36---DEN19:23)
682-d90(7/8DEN20:19---SEA23:18)
1216-d300(7/9SEA00:01---SMF02:01)
1358-d300(7/9SMF02:56---SEA04:54)
1004-d180(7/9SEA05:59---GEG07:09)
1280-d360(7/9GEG07:49---LAX10:35)
2025-Jul-09 15:40:00
--------------------------------------------------------
N469AS[30]
1130(7/7GEG14:00---SAN16:47)
2025-Jul-07 17:17:00
2025-Jul-09 15:30:00
--------------------------------------------------------
N471AS[60]
643(7/7DEN12:00---SEA15:01)
2025-Jul-07 16:01:00
502-d0(7/7SEA16:03---AUS20:11)
518-d0(7/7AUS21:11---SFO00:57)
1327-d0(7/8SFO02:49---SEA05:05)
167-d210(7/8SEA06:20---FAI10:06)
156-d60(7/8FAI11:09---SEA14:44)
83-d0(7/8SEA16:00---ANC19:35)
162-d0(7/8ANC20:40---SEA00:13)
78-d30(7/9SEA01:25---ANC05:07)
134-d360(7/9ANC06:30---SEA10:00)
161-d330(7/9SEA11:17---EUG12:31)
2025-Jul-09 16:00:00
--------------------------------------------------------
N472AS[50]
35(7/7JFK14:00---SAN19:52)
2025-Jul-07 20:42:00
2025-Jul-09 15:50:00
--------------------------------------------------------
N474AS[40]
942(7/7ORD11:00---SEA15:37)
2025-Jul-07 16:17:00
83-d30(7/7SEA16:30---ANC20:05)
162-d30(7/7ANC21:10---SEA00:43)
357001-d300(7/8SEA01:35---MCI05:01)
357-d300(7/8MCI05:56---SEA09:56)
924-d300(7/8SEA10:48---RDM11:59)
943-d0(7/8RDM13:00---SEA14:14)
1290001-d0(7/8SEA15:00---BUR17:36)
1063-d240(7/8BUR18:20---PDX20:37)
836-d0(7/8PDX21:30---SFO23:22)
591-d30(7/9SFO00:14---SEA02:24)
1086-d300(7/9SEA03:25---ONT06:04)
1087-d300(7/9ONT06:58---SEA09:37)
545-d360(7/9SEA10:45---IND15:00)
2025-Jul-09 15:40:00
--------------------------------------------------------
N477AS[60]
963(7/7GEG14:00---SEA15:14)
2025-Jul-07 16:14:00
2025-Jul-09 16:00:00
--------------------------------------------------------
N478AS[40]
2025-Jul-07 15:00:00
2025-Jul-09 15:40:00
--------------------------------------------------------
N481AS[60]
18(7/7PDX14:20---JFK19:45)
2025-Jul-07 20:45:00
2025-Jul-09 16:00:00
--------------------------------------------------------
N483AS[60]
54(7/7ANC09:29---SEA13:00)
N483AS_SEA-13:00/18:00(7/7SEA13:00---7/7 18:00)
2025-Jul-07 18:00:00
2025-Jul-09 16:00:00
--------------------------------------------------------
N486AS[50]
2025-Jul-07 15:00:00
1255-d240(7/7SMF19:13---SEA21:15)
101-d300(7/7SEA22:12---KTN00:17)
102-d300(7/8KTN01:13---SEA03:15)
444-d0(7/8SEA04:15---PHL09:25)
446-d0(7/8PHL10:45---SEA16:42)
658-d0(7/8SEA19:00---LAS21:44)
634-d0(7/8LAS22:39---SFO00:20)
1225-d210(7/9SFO01:15---SEA03:24)
1098-d210(7/9SEA04:29---SAN07:24)
1020-d210(7/9SAN08:20---MCO13:30)
2025-Jul-09 15:50:00
--------------------------------------------------------
N487AS[55]
546(7/7IND10:30---SEA15:19)
2025-Jul-07 16:14:00
2025-Jul-09 15:55:00
--------------------------------------------------------
N491AS[45]
316(7/7CMH11:00---SEA16:05)
2025-Jul-07 16:50:00
2025-Jul-09 15:45:00
--------------------------------------------------------
N492AS[60]
974(7/7SAN14:00---PDX16:35)
2025-Jul-07 17:35:00
2025-Jul-09 16:00:00
--------------------------------------------------------
N493AS[55]
430(7/7SEA14:14---SLC16:16)
2025-Jul-07 17:11:00
796-d120(7/7SLC19:12---SEA21:28)
410-d90(7/7SEA22:42---ORD02:39)
409-d120(7/8ORD03:42---SEA08:24)
1227-d150(7/8SEA09:29---AUS13:37)
1228-d0(7/8AUS14:45---SEA19:12)
934001-d120(7/8SEA20:20---EUG21:36)
934-d150(7/8EUG23:00---SEA00:18)
1054-d0(7/9SEA01:55---LAX04:42)
1301-d330(7/9LAX05:45---SEA08:30)
444-d330(7/9SEA09:45---PHL14:55)
2025-Jul-09 15:55:00
--------------------------------------------------------
N494AS[45]
2025-Jul-07 15:00:00
2025-Jul-09 15:45:00
--------------------------------------------------------
N495AS[60]
2025-Jul-07 15:00:00
1073-d0(7/7SAN17:50---PDX20:28)
1161-d240(7/7PDX21:30---PHX00:16)
1238-d240(7/8PHX01:16---PDX03:59)
1062-d240(7/8PDX05:04---BUR07:23)
1041-d0(7/8BUR14:00---SEA16:37)
1278-d0(7/8SEA17:47---ONT20:26)
1242001-d30(7/8ONT21:52---SEA00:29)
1048001-d30(7/9SEA01:29---LAX04:20)
1215-d180(7/9LAX05:25---SEA08:17)
547-d300(7/9SEA09:40---CLE14:11)
2025-Jul-09 16:00:00
--------------------------------------------------------
N506AS[45]
799(7/7PHX13:00---SEA16:04)
2025-Jul-07 16:49:00
2025-Jul-09 15:45:00
--------------------------------------------------------
N508AS[50]
2025-Jul-07 15:00:00
2025-Jul-09 15:50:00
--------------------------------------------------------
N512AS[55]
2025-Jul-07 15:00:00
2025-Jul-09 15:55:00
--------------------------------------------------------
N513AS[55]
2025-Jul-07 15:00:00
2025-Jul-09 15:55:00
--------------------------------------------------------
N514AS[50]
1293(7/7LAX13:00---SEA15:50)
2025-Jul-07 16:40:00
418001-d30(7/7SEA16:43---MCI20:09)
418-d30(7/7MCI21:04---SEA01:02)
92-d270(7/8SEA02:03---KTN04:11)
94-d270(7/8KTN05:05---SEA07:05)
N514AS_SEA-07:45/13:45-d0(7/8SEA07:45---7/8 13:45)
1109-d60(7/8SEA14:00---SAN16:53)
1071-d150(7/8SAN17:45---SEA20:48)
620001-d90(7/8SEA21:43---DEN00:24)
620-d90(7/9DEN01:20---SEA04:20)
939-d210(7/9SEA05:25---SAN08:17)
259-d210(7/9SAN09:15---BOS15:00)
2025-Jul-09 15:50:00
--------------------------------------------------------
N516AS[55]
1148(7/7SEA14:20---SNA17:15)
2025-Jul-07 18:10:00
2025-Jul-09 15:55:00
--------------------------------------------------------
N517AS[55]
2025-Jul-07 15:00:00
2025-Jul-09 15:55:00
--------------------------------------------------------
N518AS[60]
302(7/7ANC09:44---PDX13:20)
867(7/7PDX14:56---KOA20:50)
2025-Jul-07 21:50:00
2025-Jul-09 16:00:00
--------------------------------------------------------
N519AS[40]
349(7/7BWI11:51---SEA17:40)
2025-Jul-07 18:20:00
2025-Jul-09 15:40:00
--------------------------------------------------------
N520AS[50]
645(7/7PHX14:05---SEA17:09)
2025-Jul-07 17:59:00
908-d150(7/7SEA21:00---PSC22:09)
909-d150(7/7PSC23:00---SEA00:08)
1321-d60(7/8SEA01:08---STS03:09)
1321001-d60(7/8STS04:01---SEA06:07)
498-d60(7/8SEA07:03---PDX07:59)
728-d270(7/8PDX09:10---LAS11:29)
701-d0(7/8LAS13:00---SEA15:45)
174-d0(7/8SEA16:57---FAI20:40)
103-d0(7/8FAI21:35---ANC22:40)
181-d30(7/8ANC23:36---DLG00:51)
182001-d30(7/9DLG01:45---ANC02:52)
45-d120(7/9ANC03:49---BET05:09)
46-d120(7/9BET05:59---ANC07:18)
109-d60(7/9ANC08:26---ORD14:40)
2025-Jul-09 15:50:00
--------------------------------------------------------
N523AS[50]
15(7/7DCA12:59---SAN18:20)
2025-Jul-07 19:10:00
2025-Jul-09 15:50:00
--------------------------------------------------------
N525AS[40]
21(7/7JFK11:00---SEA17:13)
2025-Jul-07 17:53:00
1216-d120(7/7SEA21:01---SMF23:01)
1358-d120(7/7SMF23:56---SEA01:54)
1138-d210(7/8SEA02:34---SBA05:10)
1139-d210(7/8SBA06:00---SEA08:37)
1050-d360(7/8SEA09:26---SFO11:40)
1043-d0(7/8SFO14:00---SEA16:05)
418001-d60(7/8SEA17:13---MCI20:39)
418-d60(7/8MCI21:34---SEA01:32)
1104-d30(7/9SEA02:20---SNA05:09)
1229-d300(7/9SNA05:49---SEA08:35)
133-d330(7/9SEA09:25---ANC13:04)
2025-Jul-09 15:40:00
--------------------------------------------------------
N526AS[50]
210(7/7FAI13:52---SEA17:40)
2025-Jul-07 18:30:00
2025-Jul-09 15:50:00
--------------------------------------------------------
N527AS[50]
2025-Jul-07 15:00:00
2025-Jul-09 15:50:00
--------------------------------------------------------
N529AS[60]
869(7/7SJC14:00---KOA19:30)
2025-Jul-07 20:30:00
822-d150(7/7KOA20:30---SEA02:24)
1288-d60(7/8SEA03:41---SNA06:30)
1203-d330(7/8SNA07:44---SEA10:37)
1226-d0(7/8SEA14:00---SJC16:08)
1311001-d30(7/8SJC17:30---SEA19:43)
1174-d150(7/8SEA20:52---SNA23:44)
1159-d240(7/9SNA00:51---PDX03:15)
197001-d0(7/9PDX04:40---ANC08:24)
59-d180(7/9ANC09:35---MSP15:00)
2025-Jul-09 16:00:00
--------------------------------------------------------
N530AS[60]
2025-Jul-07 15:00:00
1169-d210(7/7SFO19:18---SEA21:28)
1257-d0(7/7SEA22:38---SNA01:26)
1191-d270(7/8SNA02:32---SEA05:18)
1104-d270(7/8SEA06:20---SNA09:09)
774-d360(7/8SNA10:15---SEA13:05)
N530AS_SEA-13:19/16:19-d0(7/8SEA13:19---7/8 16:19)
1254-d60(7/8SEA16:27---ONT19:05)
1111-d90(7/8ONT20:30---SEA23:08)
839-d0(7/9SEA01:45---LIH07:54)
826-d0(7/9LIH08:54---SAN14:33)
2025-Jul-09 16:00:00
--------------------------------------------------------
N531AS[45]
2025-Jul-07 15:00:00
2025-Jul-09 15:45:00
--------------------------------------------------------
N532AS[60]
1109(7/7SEA13:00---SAN15:53)
2025-Jul-07 16:53:00
2025-Jul-09 16:00:00
--------------------------------------------------------
N535AS[50]
1151(7/7OAK14:00---SEA16:07)
2025-Jul-07 16:57:00
2025-Jul-09 15:50:00
--------------------------------------------------------
N536AS[45]
1(7/7DCA12:00---SEA17:56)
2025-Jul-07 18:41:00
2025-Jul-09 15:45:00
--------------------------------------------------------
N537AS[50]
1124(7/7LAX14:00---PDX16:23)
2025-Jul-07 17:13:00
2025-Jul-09 15:50:00
--------------------------------------------------------
N538AS[55]
2025-Jul-07 15:00:00
2025-Jul-09 15:55:00
--------------------------------------------------------
N546AS[45]
2025-Jul-07 15:00:00
137-d0(7/7ANC16:55---OTZ18:32)
137001-d0(7/7OTZ19:24---ANC20:54)
48-d210(7/7ANC21:54---SEA01:27)
N546AS_SEA-02:35/05:35-d0(7/8SEA02:35---7/8 05:35)
632-d300(7/8SEA05:59---PHX09:00)
511-d0(7/8PHX14:00---PDX16:43)
1084-d0(7/8PDX17:30---SNA20:03)
1149-d360(7/8SNA21:02---SEA23:56)
1118-d360(7/9SEA01:00---ONT03:46)
1119-d360(7/9ONT05:00---SEA07:40)
1264-d270(7/9SEA08:33---SAN11:29)
2025-Jul-09 15:45:00
--------------------------------------------------------
N548AS[35]
2025-Jul-07 15:00:00
2025-Jul-09 15:35:00
--------------------------------------------------------
N549AS[50]
2025-Jul-07 15:00:00
231-d0(7/7ANC15:10---ADQ16:11)
232-d0(7/7ADQ17:03---ANC18:01)
43-d0(7/7ANC19:28---BET20:50)
44-d30(7/7BET21:41---ANC23:04)
155-d30(7/8ANC00:02---OME01:39)
155001-d30(7/8OME02:29---ANC04:03)
47-d0(7/8ANC15:15---SEA18:52)
175-d0(7/8SEA19:55---ANC23:27)
177-d0(7/9ANC02:30---ADQ03:30)
2025-Jul-09 15:50:00
--------------------------------------------------------
N551AS[55]
2025-Jul-07 15:00:00
2025-Jul-09 15:55:00
--------------------------------------------------------
N552AS[30]
981(7/7SFO13:00---SEA15:04)
2025-Jul-07 15:34:00
2025-Jul-09 15:30:00
--------------------------------------------------------
N553AS[45]
1298(7/7PDX14:00---SNA16:31)
2025-Jul-07 17:16:00
2025-Jul-09 15:45:00
--------------------------------------------------------
N556AS[45]
1181(7/7SNA14:00---PDX16:30)
2025-Jul-07 17:15:00
1084-d0(7/7PDX17:30---SNA20:03)
1149-d360(7/7SNA21:02---SEA23:56)
1042001-d90(7/8SEA00:47---SBP03:13)
1042-d90(7/8SBP04:05---SEA06:37)
N556AS_SEA-07:06/11:06-d0(7/8SEA07:06---7/8 11:06)
1148-d0(7/8SEA14:20---SNA17:15)
1325-d270(7/8SNA18:15---SEA21:12)
149-d330(7/8SEA22:20---ANC01:56)
268-d0(7/9ANC03:25---SEA07:06)
1288-d330(7/9SEA08:11---SNA11:00)
2025-Jul-09 15:45:00
--------------------------------------------------------
N557AS[60]
701(7/7LAS13:00---SEA15:45)
2025-Jul-07 16:45:00
149-d0(7/7SEA16:50---ANC20:26)
89-d0(7/7ANC21:54---ADQ22:57)
88-d30(7/8ADQ00:19---ANC01:19)
66-d300(7/8ANC02:26---CDV03:21)
66001-d330(7/8CDV04:43---YAK05:43)
66003-d360(7/8YAK07:05---JNU08:03)
67-d270(7/8JNU09:10---ANC10:58)
110-d210(7/8ANC12:25---SEA15:56)
1190-d60(7/8SEA17:00---SNA19:49)
740-d90(7/8SNA21:12---SFO22:40)
929-d120(7/9SFO00:05---PDX01:50)
1100-d300(7/9PDX02:55---SNA05:27)
1203-d270(7/9SNA06:44---SEA09:37)
144-d240(7/9SEA10:59---ANC14:39)
2025-Jul-09 16:00:00
--------------------------------------------------------
N560AS[60]
2025-Jul-07 15:00:00
2025-Jul-09 16:00:00
--------------------------------------------------------
N562AS[50]
2025-Jul-07 15:00:00
2025-Jul-09 15:50:00
--------------------------------------------------------
N564AS[45]
1325(7/7SNA13:45---SEA16:42)
2025-Jul-07 17:27:00
2025-Jul-09 15:45:00
--------------------------------------------------------
N565AS[45]
173(7/7SEA13:00---ANC16:40)
2025-Jul-07 17:25:00
2025-Jul-09 15:45:00
--------------------------------------------------------
N568AS[60]
2025-Jul-07 15:00:00
2025-Jul-09 16:00:00
--------------------------------------------------------
N569AS[40]
790(7/7SFO14:00---LIH19:47)
2025-Jul-07 20:27:00
2025-Jul-09 15:40:00
--------------------------------------------------------
N570AS[60]
2025-Jul-07 15:00:00
174-d0(7/7SEA16:57---FAI20:40)
103-d30(7/7FAI22:05---ANC23:10)
151001-d30(7/8ANC00:10---AKN01:19)
151-d30(7/8AKN02:29---ANC03:40)
45-d180(7/8ANC04:49---BET06:09)
46-d210(7/8BET07:29---ANC08:48)
164-d150(7/8ANC09:48---DEN15:05)
745-d150(7/8DEN16:30---SEA19:30)
357001-d0(7/8SEA20:35---MCI00:01)
357-d30(7/9MCI01:26---SEA05:26)
498-d30(7/9SEA06:33---PDX07:29)
1158-d360(7/9PDX08:48---SNA11:18)
2025-Jul-09 16:00:00
--------------------------------------------------------
N577AS[50]
260(7/7BOS12:40---SAN18:50)
2025-Jul-07 19:40:00
1137-d30(7/7SAN19:42---SEA22:40)
67002-d60(7/7SEA23:33---KTN01:40)
67001-d90(7/8KTN02:55---SIT03:50)
67003-d120(7/8SIT05:08---JNU05:52)
66002-d240(7/8JNU06:55---SEA09:23)
119-d270(7/8SEA10:29---ANC14:09)
62-d30(7/8ANC15:15---JNU16:58)
62001-d30(7/8JNU17:50---SIT18:35)
62003-d30(7/8SIT19:27---KTN20:28)
62002-d30(7/8KTN21:18---SEA23:17)
67002-d120(7/9SEA00:33---KTN02:40)
67001-d150(7/9KTN03:55---SIT04:50)
67003-d180(7/9SIT06:08---JNU06:52)
66002-d300(7/9JNU07:55---SEA10:23)
959-d330(7/9SEA11:22---GEG12:29)
2025-Jul-09 15:50:00
--------------------------------------------------------
N579AS[50]
1316(7/7SEA13:00---LAX15:50)
2025-Jul-07 16:40:00
560-d60(7/7LAX16:54---KOA22:34)
561-d30(7/7KOA23:50---LAX05:21)
193-d210(7/8LAX06:15---ANC11:38)
302-d180(7/8ANC12:44---PDX16:20)
1298-d210(7/8PDX17:30---SNA20:01)
1299-d180(7/8SNA21:10---PDX23:34)
392-d360(7/9PDX00:28---DFW04:16)
317-d360(7/9DFW05:16---SEA09:35)
1152-d360(7/9SEA10:44---OAK13:01)
2025-Jul-09 15:50:00
--------------------------------------------------------
N581AS[50]
526(7/7PDX14:04---SFO15:53)
2025-Jul-07 16:43:00
2025-Jul-09 15:50:00
--------------------------------------------------------
N586AS[50]
62(7/7ANC14:45---JNU16:28)
2025-Jul-07 17:18:00
62001-d0(7/7JNU17:37---SIT18:22)
62003-d0(7/7SIT19:19---KTN20:20)
62002-d30(7/7KTN21:18---SEA23:17)
1140-d0(7/8SEA00:59---SFO03:15)
929-d360(7/8SFO04:05---PDX05:50)
278-d360(7/8PDX06:40---LAX09:15)
1055-d360(7/8LAX10:15---SEA13:06)
1082-d0(7/8SEA14:00---SFO16:11)
981-d270(7/8SFO17:30---SEA19:34)
773-d0(7/8SEA21:10---SNA00:01)
1191-d180(7/9SNA01:02---SEA03:48)
1321-d270(7/9SEA04:38---STS06:39)
1321001-d270(7/9STS07:31---SEA09:37)
1230-d360(7/9SEA10:45---SMF12:45)
2025-Jul-09 15:50:00
--------------------------------------------------------
N587AS[45]
2025-Jul-07 15:00:00
1299-d0(7/7SNA18:10---PDX20:34)
863-d240(7/7PDX21:30---GEG22:41)
864-d240(7/7GEG23:36---PDX00:48)
1235-d240(7/8PDX01:34---DEN04:10)
1131-d240(7/8DEN05:06---PDX07:50)
1158-d360(7/8PDX08:48---SNA11:18)
1181-d0(7/8SNA14:00---PDX16:30)
128-d0(7/8PDX17:30---SFO19:24)
739-d150(7/8SFO20:30---SNA22:10)
1277-d360(7/8SNA23:21---SEA02:06)
1125-d210(7/9SEA03:17---SLC05:20)
719-d210(7/9SLC06:14---SEA08:37)
344-d270(7/9SEA09:50---BWI14:51)
2025-Jul-09 15:45:00
--------------------------------------------------------
N589AS[60]
2025-Jul-07 15:00:00
2025-Jul-09 16:00:00
--------------------------------------------------------
N590AS[55]
5(7/7DCA13:59---LAX19:33)
2025-Jul-07 20:28:00
6-d0(7/7LAX20:31---DCA01:42)
3-d360(7/8DCA03:02---SEA09:00)
542-d150(7/8SEA09:55---DFW13:50)
303-d150(7/8DFW14:55---PDX18:58)
1076-d360(7/8PDX20:00---LAX22:39)
1147-d90(7/8LAX23:40---SEA02:24)
1030-d300(7/9SEA03:48---BZN05:31)
1031-d330(7/9BZN06:55---SEA09:05)
91-d360(7/9SEA10:15---SIT12:44)
2025-Jul-09 15:55:00
--------------------------------------------------------
N592AS[45]
2025-Jul-07 15:00:00
2025-Jul-09 15:45:00
--------------------------------------------------------
N593AS[50]
393(7/7LAS14:00---PAE16:40)
2025-Jul-07 17:30:00
385-d0(7/7PAE17:40---PHX20:43)
396-d0(7/7PHX21:43---PAE00:44)
391-d0(7/8PAE01:44---LAS04:17)
599-d270(7/8LAS05:15---SEA08:00)
228-d330(7/8SEA08:55---ANC12:34)
593-d30(7/8ANC13:35---PDX17:12)
863-d60(7/8PDX18:30---GEG19:41)
864-d60(7/8GEG20:36---PDX21:48)
775-d300(7/8PDX22:42---ANC02:26)
66-d360(7/9ANC03:26---CDV04:21)
66001-d360(7/9CDV05:13---YAK06:13)
66003-d360(7/9YAK07:05---JNU08:03)
67-d270(7/9JNU09:10---ANC10:58)
2025-Jul-09 15:50:00
--------------------------------------------------------
N594AS[55]
1136001(7/7PDX14:00---DEN16:37)
2025-Jul-07 17:32:00
2025-Jul-09 15:55:00
--------------------------------------------------------
N596AS[45]
966(7/7GEG13:00---SEA14:15)
2025-Jul-07 15:00:00
2025-Jul-09 15:45:00
--------------------------------------------------------
N597AS[55]
2025-Jul-07 15:00:00
2025-Jul-09 15:55:00
--------------------------------------------------------
N607AS[40]
186(7/7JNU13:00---SEA15:28)
2025-Jul-07 16:08:00
1051-d0(7/7SEA16:50---BUR19:26)
1038-d0(7/7BUR20:20---SEA22:59)
1146-d0(7/7SEA23:59---SAN02:49)
1110-d0(7/8SAN03:45---SEA06:51)
69001-d360(7/8SEA07:35---KTN09:44)
69-d360(7/8KTN10:29---JNU11:30)
186-d0(7/8JNU13:00---SEA15:28)
61002-d150(7/8SEA16:30---JNU18:59)
61001-d150(7/8JNU19:49---YAK20:48)
61003-d150(7/8YAK21:38---CDV22:39)
61-d150(7/8CDV23:29---ANC00:30)
89-d210(7/9ANC01:24---ADQ02:27)
88-d210(7/9ADQ03:19---ANC04:19)
86-d330(7/9ANC05:15---SCC07:01)
87-d330(7/9SCC07:45---ANC09:30)
2025-Jul-09 15:40:00
--------------------------------------------------------
N609AS[40]
931(7/7RNO14:00---SEA15:56)
2025-Jul-07 16:36:00
2025-Jul-09 15:40:00
--------------------------------------------------------
N611AS[40]
55(7/7ANC13:45---SCC15:30)
2025-Jul-07 16:10:00
2025-Jul-09 15:40:00
--------------------------------------------------------
N612AS[50]
2025-Jul-07 15:00:00
64-d0(7/7ANC18:50---JNU20:33)
73-d360(7/7JNU21:34---ANC23:24)
108-d360(7/8ANC00:22---FAI01:27)
140-d360(7/8FAI02:17---SEA06:00)
606-d0(7/8SEA14:55---PHX17:52)
603-d0(7/8PHX18:52---SEA21:58)
720-d0(7/8SEA23:46---FAT01:58)
721-d30(7/9FAT03:10---SEA05:37)
97-d360(7/9SEA06:40---FAI10:25)
192-d360(7/9FAI11:25---ANC12:32)
2025-Jul-09 15:50:00
--------------------------------------------------------
N613AS[40]
148(7/7ANC08:29---SEA12:00)
65003(7/7SEA14:00---KTN16:04)
2025-Jul-07 16:44:00
2025-Jul-09 15:40:00
--------------------------------------------------------
N615AS[45]
2025-Jul-07 15:00:00
61001-d0(7/7JNU17:19---YAK18:18)
61003-d0(7/7YAK19:08---CDV20:09)
61-d0(7/7CDV20:59---ANC22:00)
198-d360(7/7ANC23:05---PDX02:44)
1204-d360(7/8PDX03:49---SAN06:22)
1294-d360(7/8SAN07:18---PDX09:50)
197-d360(7/8PDX10:50---ANC14:34)
231-d30(7/8ANC15:40---ADQ16:41)
232-d30(7/8ADQ17:33---ANC18:31)
43-d30(7/8ANC19:29---BET20:51)
44-d30(7/8BET21:41---ANC23:04)
64-d300(7/8ANC23:50---JNU01:33)
64001-d300(7/9JNU02:21---PSG03:07)
64003-d300(7/9PSG03:52---WRG04:25)
64004-d300(7/9WRG05:10---KTN05:55)
64002-d300(7/9KTN06:40---SEA08:35)
736-d300(7/9SEA09:40---RNO11:35)
2025-Jul-09 15:45:00
--------------------------------------------------------
N618AS[50]
593(7/7ANC13:05---PDX16:42)
2025-Jul-07 17:32:00
775-d0(7/7PDX17:42---ANC21:26)
201-d0(7/7ANC23:15---JNU00:58)
84-d0(7/8JNU01:55---ANC03:43)
86-d300(7/8ANC04:45---SCC06:31)
87-d330(7/8SCC07:45---ANC09:30)
55-d0(7/8ANC13:45---SCC15:30)
55001-d30(7/8SCC16:44---ANC18:28)
82-d330(7/8ANC19:30---SEA23:01)
1328-d330(7/9SEA00:01---OAK02:14)
1247-d330(7/9OAK03:08---SEA05:08)
1146-d360(7/9SEA05:59---SAN08:49)
1110-d360(7/9SAN09:45---SEA12:51)
2025-Jul-09 15:50:00
--------------------------------------------------------
N619AS[40]
61002(7/7SEA14:00---JNU16:29)
2025-Jul-07 17:09:00
60-d120(7/7JNU17:14---KTN18:15)
65001-d150(7/7KTN19:19---WRG19:58)
65004-d150(7/7WRG20:43---PSG21:14)
65002-d150(7/7PSG21:59---JNU22:49)
157-d0(7/8JNU00:02---GST00:41)
77-d0(7/8GST01:35---JNU02:14)
64001-d360(7/8JNU03:21---PSG04:07)
64003-d360(7/8PSG04:52---WRG05:25)
64004-d360(7/8WRG06:10---KTN06:55)
64002-d360(7/8KTN07:40---SEA09:35)
736-d360(7/8SEA10:40---RNO12:35)
931-d0(7/8RNO14:00---SEA15:56)
65003-d180(7/8SEA17:00---KTN19:04)
65001-d180(7/8KTN19:49---WRG20:28)
65004-d180(7/8WRG21:13---PSG21:44)
65002-d180(7/8PSG22:29---JNU23:19)
157-d0(7/9JNU00:02---GST00:41)
77-d0(7/9GST01:35---JNU02:14)
65-d360(7/9JNU03:07---ANC04:53)
151001-d360(7/9ANC05:40---AKN06:49)
151-d330(7/9AKN07:29---ANC08:40)
70-d360(7/9ANC09:45---JNU11:27)
70001-d360(7/9JNU12:15---SIT12:59)
2025-Jul-09 15:40:00
--------------------------------------------------------
N622AS[45]
73001(7/7SIT14:00---JNU14:44)
2025-Jul-07 15:29:00
2025-Jul-09 15:45:00
--------------------------------------------------------
N703AL[40]
2025-Jul-07 15:00:00
862-d0(7/7OGG18:00---SEA23:38)
63-d300(7/8SEA00:23---SIT02:47)
58-d360(7/8SIT03:40---SEA06:00)
338-d300(7/8SEA06:48---OMA09:59)
361-d0(7/8OMA11:05---SEA14:47)
173-d150(7/8SEA15:30---ANC19:10)
48001-d210(7/8ANC19:55---SEA23:31)
410-d210(7/9SEA00:15---ORD04:12)
409-d210(7/9ORD05:12---SEA09:54)
423-d240(7/9SEA10:36---SAT14:40)
2025-Jul-09 15:40:00
--------------------------------------------------------
N705AL[50]
618(7/7ABQ14:00---SEA17:15)
2025-Jul-07 18:05:00
2025-Jul-09 15:50:00
--------------------------------------------------------
N706AL[55]
2025-Jul-07 15:00:00
2025-Jul-09 15:55:00
--------------------------------------------------------
N707AL[55]
2025-Jul-07 15:00:00
1306-d0(7/7SEA15:00---LAX17:49)
1305-d0(7/7LAX18:55---SEA21:39)
697001-d150(7/7SEA22:38---MSO00:03)
697-d180(7/8MSO01:13---SEA02:51)
1318-d120(7/8SEA04:13---SFO06:22)
374-d120(7/8SFO07:19---EWR12:54)
289-d120(7/8EWR13:52---LAX19:46)
798-d240(7/8LAX20:50---SEA23:35)
N707AL_SEA-00:34/04:34-d0(7/9SEA00:34---7/9 04:34)
1156-d120(7/9SEA04:59---SAN08:00)
36-d240(7/9SAN08:56---JFK14:29)
2025-Jul-09 15:55:00
--------------------------------------------------------
N708AL[60]
373(7/7EWR13:00---SFO19:13)
2025-Jul-07 20:13:00
2025-Jul-09 16:00:00
--------------------------------------------------------
N709AL[55]
2025-Jul-07 15:00:00
2025-Jul-09 15:55:00
--------------------------------------------------------
N710AL[50]
341(7/7PIT12:03---SEA17:28)
2025-Jul-07 18:18:00
2025-Jul-09 15:50:00
--------------------------------------------------------
N712AL[50]
563(7/7MCI11:45---SEA15:47)
2025-Jul-07 16:37:00
2025-Jul-09 15:50:00
--------------------------------------------------------
N713AL[60]
249(7/7SFO14:20---BOS20:01)
2025-Jul-07 21:01:00
1319-d0(7/7BOS21:06---PDX03:24)
1122-d240(7/8PDX04:30---SAN07:03)
1067-d270(7/8SAN08:29---GEG11:14)
1130-d0(7/8GEG14:00---SAN16:47)
1073-d0(7/8SAN17:50---PDX20:28)
946-d0(7/8PDX21:30---BOI22:48)
1019-d30(7/9BOI00:13---SEA01:50)
478-d60(7/9SEA02:50---LAS05:26)
599-d360(7/9LAS06:45---SEA09:30)
112-d240(7/9SEA10:50---FAI14:36)
2025-Jul-09 16:00:00
--------------------------------------------------------
N716AL[55]
368(7/7SFO14:00---MCO19:34)
2025-Jul-07 20:29:00
2025-Jul-09 15:55:00
--------------------------------------------------------
N719AL[60]
458(7/7IAD12:10---SFO17:55)
2025-Jul-07 18:55:00
2025-Jul-09 16:00:00
--------------------------------------------------------
N720AL[60]
917(7/7MCO14:00---SEA20:10)
2025-Jul-07 21:10:00
2025-Jul-09 16:00:00
--------------------------------------------------------
N722AL[30]
2025-Jul-07 15:00:00
2025-Jul-09 15:30:00
--------------------------------------------------------
N723AL[60]
1021(7/7MCO11:00---SAN16:04)
2025-Jul-07 17:04:00
829-d0(7/7SAN17:29---OGG23:34)
806-d0(7/8OGG00:34---SAN05:55)
729-d210(7/8SAN07:07---PDX09:44)
526-d0(7/8PDX14:04---SFO15:53)
1169-d120(7/8SFO17:20---SEA19:30)
700-d0(7/8SEA20:35---PHX23:29)
975-d120(7/9PHX00:47---SEA03:52)
980-d30(7/9SEA05:10---SFO07:29)
374-d210(7/9SFO08:49---EWR14:24)
2025-Jul-09 16:00:00
--------------------------------------------------------
N724AL[30]
377(7/7ATL10:30---SEA15:57)
2025-Jul-07 16:27:00
2025-Jul-09 15:30:00
--------------------------------------------------------
N725AL[55]
2025-Jul-07 15:00:00
2025-Jul-09 15:55:00
--------------------------------------------------------
N729AL[55]
428(7/7CVG12:40---SEA17:39)
2025-Jul-07 18:34:00
2025-Jul-09 15:55:00
--------------------------------------------------------
N731AL[45]
111(7/7ORD05:59---ANC12:37)
82(7/7ANC14:00---SEA17:31)
2025-Jul-07 18:16:00
2025-Jul-09 15:45:00
--------------------------------------------------------
N732AL[60]
2025-Jul-07 15:00:00
2025-Jul-09 16:00:00
--------------------------------------------------------
N733AL[30]
308(7/7BOS11:30---SFO18:07)
2025-Jul-07 18:37:00
2025-Jul-09 15:30:00
--------------------------------------------------------
N734AL[60]
548(7/7CLE11:00---SEA16:09)
2025-Jul-07 17:09:00
2025-Jul-09 16:00:00
--------------------------------------------------------
N738AL[45]
1043(7/7SFO14:00---SEA16:05)
2025-Jul-07 16:50:00
1080-d0(7/7SEA16:55---SJC19:10)
1081-d0(7/7SJC20:04---SEA22:12)
1092-d0(7/7SEA23:18---LAX02:05)
1083-d360(7/8LAX03:10---SEA05:54)
1224-d240(7/8SEA06:55---LAX09:46)
803-d360(7/8LAX10:36---PDX12:59)
324-d0(7/8PDX14:02---ORD18:07)
891-d60(7/8ORD19:03---SEA23:42)
106001-d330(7/9SEA00:30---FAI04:23)
106-d330(7/9FAI05:23---SEA09:05)
464-d180(7/9SEA09:59---ATL14:49)
2025-Jul-09 15:45:00
--------------------------------------------------------
N801AK[50]
2025-Jul-07 15:00:00
622-d0(7/8ANC04:20---JFK11:33)
623-d0(7/8JFK13:45---ANC21:26)
226-d0(7/8ANC22:20---SEA01:50)
136-d0(7/9SEA02:55---ANC06:38)
2025-Jul-09 15:50:00
--------------------------------------------------------
N803AK[50]
623(7/7JFK13:45---ANC21:26)
2025-Jul-07 22:16:00
51-d0(7/7ANC22:26---BRW00:25)
50-d0(7/8BRW01:15---ANC03:05)
137-d0(7/8ANC16:55---OTZ18:32)
137001-d0(7/8OTZ19:24---ANC20:54)
51-d0(7/8ANC22:26---BRW00:25)
50-d0(7/9BRW01:15---ANC03:05)
622-d0(7/9ANC04:20---JFK11:33)
2025-Jul-09 15:50:00
--------------------------------------------------------
N804AK[50]
2025-Jul-07 15:00:00
4-d0(7/7SEA16:00---DCA21:09)
9-d30(7/7DCA22:13---PDX04:01)
1162-d30(7/8PDX05:00---SAN07:35)
1154-d0(7/8SAN14:15---SEA17:22)
1144-d0(7/8SEA19:00---LAX21:54)
1167-d0(7/8LAX23:05---PDX01:26)
579-d0(7/9PDX02:35---LAX05:05)
2025-Jul-09 15:50:00
--------------------------------------------------------
N805AK[60]
2025-Jul-07 15:00:00
1179-d210(7/7LAX18:30---SEA21:23)
1144-d180(7/7SEA22:33---LAX01:27)
578-d0(7/8LAX16:05---PDX18:31)
330-d0(7/8PDX19:31---LAX21:59)
2025-Jul-09 16:00:00
--------------------------------------------------------
N806AK[55]
511(7/7PHX14:00---PDX16:43)
2025-Jul-07 17:38:00
757-d0(7/7PDX17:50---LAS20:09)
676-d0(7/7LAS21:04---SEA23:50)
1048-d0(7/8SEA01:09---LAX04:00)
1179-d0(7/8LAX15:00---SEA17:53)
843-d0(7/8SEA19:05---KOA01:19)
880-d0(7/9KOA07:30---SEA13:19)
2025-Jul-09 15:55:00
--------------------------------------------------------
N809AK[60]
491(7/7SEA13:00---DFW17:00)
2025-Jul-07 18:00:00
543-d0(7/7DFW18:00---SEA22:17)
N809AK_SEA-22:17/02:17-d0(7/7SEA22:17---7/8 02:17)
91-d0(7/8SEA04:15---SIT06:44)
90-d0(7/8SIT15:15---SEA17:39)
154001-d30(7/8SEA19:02---RDM20:14)
154-d60(7/8RDM21:38---SEA22:58)
1138-d60(7/9SEA00:04---SBA02:40)
1139-d90(7/9SBA04:00---SEA06:37)
2025-Jul-09 16:00:00
--------------------------------------------------------
N812AK[30]
110(7/7ANC08:55---SEA12:26)
1082(7/7SEA14:00---SFO16:11)
2025-Jul-07 16:41:00
739-d0(7/7SFO18:00---SNA19:40)
1061-d0(7/7SNA20:30---SEA23:15)
1125-d0(7/7SEA23:47---SLC01:50)
719-d0(7/8SLC02:44---SEA05:07)
807-d0(7/8SEA17:31---KOA23:40)
788-d0(7/9KOA00:40---SFO06:00)
2025-Jul-09 15:30:00
--------------------------------------------------------
N813AK[40]
912(7/7SFO14:20---SAN16:02)
2025-Jul-07 16:42:00
1259-d60(7/7SAN18:00---SEA21:00)
2-d30(7/7SEA21:43---DCA02:44)
1-d0(7/8DCA12:00---SEA17:56)
900-d0(7/8SEA18:40---RNO20:38)
601-d0(7/8RNO21:32---SEA23:29)
1202-d0(7/9SEA00:35---SNA03:25)
774-d0(7/9SNA04:15---SEA07:05)
2025-Jul-09 15:40:00
--------------------------------------------------------
N903AK[60]
2025-Jul-07 15:00:00
1143-d0(7/7PDX17:30---LAX20:00)
1315-d0(7/7LAX21:05---PDX23:25)
836-d180(7/8PDX00:30---SFO02:22)
571-d300(7/8SFO03:48---LAS05:31)
403-d240(7/8LAS06:45---SEA09:37)
1230-d360(7/8SEA10:45---SMF12:45)
1255-d0(7/8SMF15:13---SEA17:15)
101-d90(7/8SEA18:23---KTN20:28)
102-d120(7/8KTN21:52---SEA23:54)
229001-d270(7/9SEA01:05---MSP04:23)
229-d300(7/9MSP05:49---SEA09:45)
1039-d360(7/9SEA10:45---GEG11:58)
2025-Jul-09 16:00:00
--------------------------------------------------------
N912AK[60]
284(7/7LAX14:00---EWR19:34)
2025-Jul-07 20:34:00
297-d0(7/7EWR21:48---SAN03:40)
1005-d120(7/8SAN04:57---SFO06:37)
525-d360(7/8SFO08:05---PDX09:50)
1057-d300(7/8PDX10:52---DFW14:40)
573-d300(7/8DFW16:00---SEA20:17)
352-d120(7/8SEA21:18---AUS01:30)
513-d60(7/9AUS02:45---SFO06:29)
525-d330(7/9SFO07:35---PDX09:20)
1057-d270(7/9PDX10:22---DFW14:10)
2025-Jul-09 16:00:00
--------------------------------------------------------
N913AK[50]
1101(7/7PDX14:00---LAS16:19)
2025-Jul-07 17:09:00
613-d120(7/7LAS17:30---SFO19:10)
1113-d240(7/7SFO20:15---SEA22:30)
1052001-d60(7/7SEA23:48---BUR02:24)
1052-d60(7/8BUR03:18---SEA06:07)
478-d330(7/8SEA07:20---LAS09:56)
570-d330(7/8LAS10:51---SFO12:29)
718-d0(7/8SFO15:50---LAS17:32)
1467-d0(7/8LAS18:27---PDX20:48)
1160-d0(7/8PDX21:50---LAX00:15)
1315-d240(7/9LAX01:05---PDX03:25)
1455-d210(7/9PDX04:19---ANC08:10)
164-d120(7/9ANC09:18---DEN14:35)
2025-Jul-09 15:50:00
--------------------------------------------------------
N915AK[60]
1239(7/7PDX14:00---PHX16:46)
2025-Jul-07 17:46:00
2025-Jul-09 16:00:00
--------------------------------------------------------
N917AK[30]
2025-Jul-07 15:00:00
824-d0(7/7HNL18:16---SEA00:06)
445-d90(7/8SEA00:38---RNO02:29)
523-d90(7/8RNO03:17---SEA05:12)
97-d330(7/8SEA06:10---FAI09:55)
192-d300(7/8FAI10:25---ANC11:32)
248-d0(7/8ANC14:30---SEA18:08)
480001-d90(7/8SEA18:55---MSP22:16)
480-d60(7/8MSP22:50---SEA02:49)
1318001-d90(7/9SEA03:29---SFO05:42)
1327-d210(7/9SFO06:19---SEA08:35)
340-d180(7/9SEA09:10---PIT13:43)
2025-Jul-09 15:30:00
--------------------------------------------------------
N918AK[60]
2025-Jul-07 15:00:00
2025-Jul-09 16:00:00
--------------------------------------------------------
N919AK[30]
248(7/7ANC14:30---SEA18:08)
2025-Jul-07 18:38:00
2025-Jul-09 15:30:00
--------------------------------------------------------
N920AK[45]
1091(7/7ONT13:00---SEA15:42)
2025-Jul-07 16:27:00
2025-Jul-09 15:45:00
--------------------------------------------------------
N921AK[30]
745(7/7DEN14:00---SEA17:00)
2025-Jul-07 17:30:00
2025-Jul-09 15:30:00
--------------------------------------------------------
N924AK[45]
85(7/7SEA14:00---ANC17:35)
2025-Jul-07 18:20:00
104-d0(7/7ANC18:35---SEA22:04)
1017-d270(7/7SEA22:50---PDX23:53)
1016-d270(7/8PDX00:55---SEA01:55)
1310-d90(7/8SEA03:06---SJC05:21)
1201-d90(7/8SJC06:16---SEA08:29)
133-d330(7/8SEA09:25---ANC13:04)
188-d60(7/8ANC14:00---SEA17:30)
406001-d120(7/8SEA18:15---IAD23:13)
507-d180(7/9IAD00:25---SAN05:52)
735-d360(7/9SAN06:51---SEA09:50)
328-d240(7/9SEA10:40---ORD14:40)
2025-Jul-09 15:45:00
--------------------------------------------------------
N926AK[60]
351(7/7IAD10:30---SEA16:17)
2025-Jul-07 17:17:00
1328-d150(7/7SEA21:18---OAK23:31)
1247-d180(7/8OAK00:38---SEA02:38)
509-d330(7/8SEA03:45---SLC05:48)
510-d360(7/8SLC07:12---SEA09:30)
1040-d360(7/8SEA10:30---ONT13:15)
1091-d90(7/8ONT14:30---SEA17:12)
505-d60(7/8SEA18:17---LAX21:10)
1083-d60(7/8LAX22:10---SEA00:54)
1198-d300(7/9SEA02:05---SAN04:55)
1199-d240(7/9SAN06:05---SEA09:07)
490-d240(7/9SEA10:16---MSY14:50)
2025-Jul-09 16:00:00
--------------------------------------------------------
N928AK[40]
499(7/7PDX13:05---SEA14:09)
2025-Jul-07 15:00:00
1166-d0(7/7SEA15:10---SFO17:29)
1075-d30(7/7SFO18:55---SEA21:07)
1133-d300(7/7SEA22:03---SMF00:03)
1281-d300(7/8SMF00:57---SEA02:54)
1030-d300(7/8SEA03:48---BZN05:31)
1031-d300(7/8BZN06:25---SEA08:35)
644-d330(7/8SEA09:25---PHX12:24)
799-d30(7/8PHX13:30---SEA16:34)
738-d0(7/8SEA17:40---LAS20:19)
756-d0(7/8LAS21:13---PDX23:35)
1370-d0(7/9PDX00:35---AUS04:42)
339-d300(7/9AUS05:30---SEA10:07)
115-d360(7/9SEA10:59---FAI14:49)
2025-Jul-09 15:40:00
--------------------------------------------------------
N929AK[60]
504(7/7LAX14:00---SEA16:47)
2025-Jul-07 17:47:00
2025-Jul-09 16:00:00
--------------------------------------------------------
N931AK[30]
2025-Jul-07 15:00:00
2025-Jul-09 15:30:00
--------------------------------------------------------
N932AK[60]
2025-Jul-07 15:00:00
390-d0(7/7SAN15:40---BOS21:27)
819-d0(7/7BOS22:32---SEA05:02)
400-d0(7/8SEA06:18---BNA10:40)
383-d0(7/8BNA12:00---SEA17:06)
71-d0(7/8SEA18:43---JNU21:19)
176-d30(7/8JNU22:45---SEA01:12)
805-d60(7/9SEA02:25---OGG08:34)
558-d120(7/9OGG09:39---PDX15:00)
2025-Jul-09 16:00:00
--------------------------------------------------------
N933AK[55]
2025-Jul-07 15:00:00
227-d0(7/7JFK15:30---SFO21:48)
835-d240(7/7SFO23:03---PDX00:50)
1160-d240(7/8PDX01:50---LAX04:15)
1397-d270(7/8LAX05:37---PDX08:00)
1291-d270(7/8PDX09:00---LAX11:29)
1124-d0(7/8LAX14:00---PDX16:23)
1074-d180(7/8PDX17:25---SAN20:00)
1297-d0(7/8SAN21:15---PDX23:49)
1062-d0(7/9PDX01:04---BUR03:23)
1052-d120(7/9BUR04:18---SEA07:07)
394-d120(7/9SEA08:05---MCO13:40)
2025-Jul-09 15:55:00
--------------------------------------------------------
N934AK[60]
1076(7/7PDX14:00---LAX16:39)
2025-Jul-07 17:39:00
2025-Jul-09 16:00:00
--------------------------------------------------------
N935AK[55]
156(7/7FAI10:09---SEA13:44)
2025-Jul-07 15:00:00
2025-Jul-09 15:55:00
--------------------------------------------------------
N936AK[60]
1193(7/7SJC14:03---SEA16:15)
2025-Jul-07 17:15:00
2025-Jul-09 16:00:00
--------------------------------------------------------
N938AK[45]
573(7/7DFW11:00---SEA15:17)
2025-Jul-07 16:02:00
2025-Jul-09 15:45:00
--------------------------------------------------------
N941AK[60]
1154(7/7SAN14:15---SEA17:22)
2025-Jul-07 18:22:00
2025-Jul-09 16:00:00
--------------------------------------------------------
N942AK[60]
2025-Jul-07 15:00:00
2025-Jul-09 16:00:00
--------------------------------------------------------
N947AK[30]
1217(7/7SMF13:15---SEA15:15)
2025-Jul-07 15:45:00
2025-Jul-09 15:30:00
--------------------------------------------------------
N948AK[60]
2025-Jul-07 15:00:00
2025-Jul-09 16:00:00
--------------------------------------------------------
N949AK[60]
2025-Jul-07 15:00:00
2025-Jul-09 16:00:00
--------------------------------------------------------
N952AK[50]
381(7/7DTW11:00---SEA15:57)
2025-Jul-07 16:47:00
2025-Jul-09 15:50:00
--------------------------------------------------------
N953AK[60]
68(7/7MSP13:20---ANC19:20)
2025-Jul-07 20:20:00
2025-Jul-09 16:00:00
--------------------------------------------------------
N954AK[50]
1226(7/7SEA14:00---SJC16:08)
2025-Jul-07 16:58:00
1311-d120(7/7SJC19:03---SEA21:14)
904-d240(7/7SEA22:23---BZN00:06)
905-d240(7/8BZN01:00---SEA02:59)
960-d210(7/8SEA04:13---GEG05:20)
965-d210(7/8GEG06:14---SEA07:30)
1034-d330(7/8SEA08:44---BOI10:16)
737-d0(7/8BOI12:25---SEA14:05)
491-d120(7/8SEA15:00---DFW19:00)
543-d120(7/8DFW20:00---SEA00:17)
1114-d360(7/9SEA01:09---SJC03:29)
1175-d360(7/9SJC04:24---SEA06:34)
452-d30(7/9SEA07:29---IAH11:50)
2025-Jul-09 15:50:00
--------------------------------------------------------
N955AK[55]
2025-Jul-07 15:00:00
2025-Jul-09 15:55:00
--------------------------------------------------------
N956AK[60]
1265(7/7SAN13:15---SEA16:16)
2025-Jul-07 17:16:00
2025-Jul-09 16:00:00
--------------------------------------------------------
N958AK[30]
361(7/7OMA11:05---SEA14:47)
2025-Jul-07 15:17:00
2025-Jul-09 15:30:00
--------------------------------------------------------
N960AK[30]
387(7/7MSP11:40---SEA15:44)
2025-Jul-07 16:14:00
2025-Jul-09 15:30:00
--------------------------------------------------------
N961AK[30]
336(7/7BOS10:00---PDX16:17)
2025-Jul-07 16:47:00
2025-Jul-09 15:30:00
--------------------------------------------------------
N962AK[60]
2025-Jul-07 15:00:00
2025-Jul-09 16:00:00
--------------------------------------------------------
N963AK[60]
831(7/7PDX14:00---OGG19:55)
2025-Jul-07 20:55:00
2025-Jul-09 16:00:00
--------------------------------------------------------
N964AK[60]
797(7/7SEA14:00---LAX16:50)
2025-Jul-07 17:50:00
2025-Jul-09 16:00:00
--------------------------------------------------------
N966AK[60]
30(7/7SFO13:18---JFK19:00)
2025-Jul-07 20:00:00
25-d0(7/7JFK20:44---SAN02:41)
1199-d120(7/8SAN04:05---SEA07:07)
642-d300(7/8SEA08:17---DEN10:59)
643-d0(7/8DEN12:00---SEA15:01)
555001-d60(7/8SEA16:05---MSP19:29)
555-d90(7/8MSP20:55---SEA00:45)
1168-d0(7/9SEA02:25---BUR04:59)
1107-d300(7/9BUR06:04---PDX08:21)
436-d300(7/9PDX09:37---BOS15:00)
2025-Jul-09 16:00:00
--------------------------------------------------------
N967AK[60]
303(7/7DFW12:25---PDX16:28)
2025-Jul-07 17:28:00
2025-Jul-09 16:00:00
--------------------------------------------------------
N968AK[50]
737(7/7BOI12:25---SEA14:05)
2025-Jul-07 15:00:00
2025-Jul-09 15:50:00
--------------------------------------------------------
N969AK[55]
24(7/7SAN14:00---JFK19:39)
2025-Jul-07 20:34:00
2025-Jul-09 15:55:00
--------------------------------------------------------
N972AK[30]
399(7/7IAH14:00---SEA18:45)
2025-Jul-07 19:15:00
2025-Jul-09 15:30:00
--------------------------------------------------------
N973AK[30]
595(7/7AUS12:15---SEA16:40)
2025-Jul-07 17:10:00
2025-Jul-09 15:30:00
--------------------------------------------------------
N974AK[30]
298(7/7SEA13:41---EWR19:00)
2025-Jul-07 19:30:00
2025-Jul-09 15:30:00
--------------------------------------------------------
N975AK[60]
299(7/7EWR11:19---SEA17:31)
2025-Jul-07 18:31:00
2025-Jul-09 16:00:00
--------------------------------------------------------
N976AK[40]
1228(7/7AUS14:45---SEA19:12)
2025-Jul-07 19:52:00
2025-Jul-09 15:40:00
--------------------------------------------------------
N977AK[55]
451(7/7MSY12:10---SEA17:16)
2025-Jul-07 18:11:00
2025-Jul-09 15:55:00
--------------------------------------------------------
N978AK[60]
784(7/7PDX14:00---ATL18:46)
2025-Jul-07 19:46:00
2025-Jul-09 16:00:00
--------------------------------------------------------
N982AK[55]
433(7/7TPA13:00---SAN17:50)
2025-Jul-07 18:45:00
1135-d0(7/7SAN22:35---SEA01:31)
131-d270(7/8SEA02:28---ANC06:00)
143-d330(7/8ANC07:00---SEA10:37)
144-d300(7/8SEA11:59---ANC15:39)
57-d60(7/8ANC17:00---FAI18:05)
234-d60(7/8FAI19:05---SEA22:43)
549-d180(7/8SEA23:40---DFW03:36)
550-d180(7/9DFW04:36---SEA08:59)
367-d210(7/9SEA10:00---IAD14:57)
2025-Jul-09 15:55:00
--------------------------------------------------------
N983AK[50]
495(7/7SAT12:00---SEA16:24)
2025-Jul-07 17:14:00
1114-d90(7/7SEA21:07---SJC23:27)
1175-d120(7/8SJC00:24---SEA02:34)
962-d270(7/8SEA03:33---GEG04:43)
964-d270(7/8GEG05:37---SEA06:51)
N983AK_SEA-07:06/12:06-d0(7/8SEA07:06---7/8 12:06)
328-d330(7/8SEA12:10---ORD16:10)
329-d120(7/8ORD17:00---SEA21:34)
49-d270(7/8SEA22:25---ANC02:05)
201-d240(7/9ANC03:15---JNU04:58)
84-d240(7/9JNU05:55---ANC07:43)
138-d210(7/9ANC08:38---ORD14:54)
2025-Jul-09 15:50:00
--------------------------------------------------------
N984AK[35]
395(7/7MCO11:20---SEA17:30)
2025-Jul-07 18:05:00
2025-Jul-09 15:35:00
--------------------------------------------------------
N985AK[60]
2025-Jul-07 15:00:00
2025-Jul-09 16:00:00
--------------------------------------------------------
N990AK[60]
2025-Jul-07 15:00:00
578-d0(7/7LAX16:05---PDX18:31)
330-d0(7/7PDX19:31---LAX21:59)
1167-d0(7/7LAX23:05---PDX01:26)
579-d0(7/8PDX02:35---LAX05:05)
1093-d300(7/8LAX06:15---SEA09:00)
1152-d330(7/8SEA10:14---OAK12:31)
1151-d0(7/8OAK14:00---SEA16:07)
1007-d30(7/8SEA17:24---PHX20:25)
1006-d30(7/8PHX21:25---SEA00:30)
92-d240(7/9SEA01:33---KTN03:41)
94-d270(7/9KTN05:05---SEA07:05)
427-d90(7/9SEA08:19---CVG12:37)
2025-Jul-09 16:00:00
--------------------------------------------------------
N407AS[60]
2025-Jul-07 15:00:00
2025-Jul-09 16:00:00
--------------------------------------------------------
N428AS[60]
2025-Jul-07 15:00:00
2025-Jul-09 16:00:00
--------------------------------------------------------
N468AS[45]
2025-Jul-07 15:00:00
2025-Jul-09 15:45:00
--------------------------------------------------------
N479AS[60]
2025-Jul-07 15:00:00
2025-Jul-09 16:00:00
--------------------------------------------------------
N563AS[45]
2025-Jul-07 15:00:00
2025-Jul-09 15:45:00
--------------------------------------------------------
N566AS[60]
2025-Jul-07 15:00:00
2025-Jul-09 16:00:00
--------------------------------------------------------
N588AS[60]
2025-Jul-07 15:00:00
2025-Jul-09 16:00:00
--------------------------------------------------------
N614AS[50]
2025-Jul-07 15:00:00
2025-Jul-09 15:50:00
--------------------------------------------------------
N946AK[55]
2025-Jul-07 15:00:00
2025-Jul-09 15:55:00
--------------------------------------------------------
N971AK[55]
2025-Jul-07 15:00:00
2025-Jul-09 15:55:00
--------------------------------------------------------
N979AK[55]
2025-Jul-07 15:00:00
2025-Jul-09 15:55:00
--------------------------------------------------------
================== Unassigned Flights ==================
196(7/7ADQ15:00---ANC15:57)
79(7/7SEA15:00---ANC18:36)
366001(7/7SEA15:02---MKE18:54)
682001(7/7SEA15:06---DEN17:53)
916(7/7SEA15:08---MCO20:50)
233(7/7SAN15:10---EWR20:43)
405001(7/7SEA15:11---OKC18:48)
47(7/7ANC15:15---SEA18:52)
414(7/7SEA15:17---DFW19:19)
214(7/7LAX15:20---IAD20:25)
306(7/7SEA15:21---BOS20:45)
26(7/7SEA15:05+17---JFK20:29+17)
305001(7/7SEA15:25---MIA21:20)
313001(7/7SEA15:30---DTW19:50)
890(7/7SEA15:03+29---ORD19:13+29)
555001(7/7SEA15:05+28---MSP18:29+28)
165(7/7DEN15:20+23---ANC20:54+23)
402(7/7SEA15:47---CHS21:00)
718(7/7SFO15:50---LAS17:32)
572001(7/7SEA15:55---RDU21:01)
388(7/7SEA15:32+26---STL19:26+26)
1071(7/7SAN15:15+44---SEA18:18+44)
320(7/7SAN16:00---MCO21:13)
1190(7/7SEA16:00---SNA18:49)
270(7/7ONT16:00---HNL21:55)
825(7/7SEA15:09+54---OGG21:20+54)
55001(7/7SCC16:14---ANC17:58)
10(7/7PDX15:00+75---DCA20:02+75)
294(7/7PDX16:00+17---EWR21:21+17)
326(7/7SEA16:24---TPA21:50)
568(7/7SEA16:19+23---MSY20:53+23)
899(7/7SAN16:19+23---KOA22:20+23)
113(7/7SFO16:05+38---JFK21:47+38)
406001(7/7SEA16:15+28---IAD21:13+28)
8(7/7SFO16:45---DCA21:58)
426(7/7SEA16:50---DFW20:48)
312001(7/7SEA16:06+49---OMA19:17+49)
875(7/7SEA17:00---LIH23:15)
731(7/7PHX17:00---PAE20:03)
727(7/7SEA16:22+49---ATL21:11+49)
1007(7/7SEA16:54+18---PHX19:55+18)
508001(7/7SEA17:12---CVG21:37)
505(7/7SEA17:17---LAX20:10)
72(7/7SEA16:55+25---JNU19:26+25)
522001(7/7SEA17:20---BNA21:44)
450001(7/7SEA17:10+17---CMH21:32+17)
807(7/7SEA17:31---KOA23:40)
60001(7/7KTN17:00+32---SEA19:03+32)
1136(7/7DEN17:33---PDX20:20)
378(7/7SEA17:03+32---BWI22:10+32)
160(7/7ANC17:35---SEA21:09)
216001(7/7SEA17:37---CLE22:01)
887(7/7SEA17:22+16---HNL23:33+16)
477(7/7SEA17:10+31---EWR22:29+31)
629(7/7LAS17:14+30---SEA19:58+30)
128(7/7PDX17:30+15---SFO19:24+15)
637(7/7PHX17:46---SEA20:53)
322(7/7SAN17:48---IAD22:59)
121(7/7PDX17:53---BUR20:12)
725(7/7PDX17:55---AUS21:56)
49(7/7SEA17:55---ANC21:35)
1277(7/7SNA17:21+37---SEA20:06+37)
818(7/7SEA17:58---BOS23:19)
1240(7/7LAX18:02---PDX20:25)
500001(7/7SEA17:42+22---IND21:48+22)
535001(7/7SEA17:20+47---DEN20:07+47)
434(7/7SFO18:10---IAD23:19)
300(7/7PDX17:35+39---MCO23:12+39)
1278(7/7SEA17:47+27---ONT20:26+27)
1467(7/7LAS18:27---PDX20:48)
1112(7/7SEA18:31---SFO20:47)
503(7/7AUS18:36---SEA22:59)
1174(7/7SEA18:22+25---SNA21:14+25)
682(7/7DEN18:49---SEA21:48)
154001(7/7SEA18:32+21---RDM19:44+21)
817(7/7SEA18:55---OGG01:10)
480001(7/7SEA17:25+92---MSP20:46+92)
474(7/7SAN18:04+54---ATL22:31+54)
1118(7/7SEA19:00---ONT21:46)
1096(7/7SEA18:41+20---SAN21:38+20)
325(7/7ORD19:03---PDX23:35)
843(7/7SEA19:05---KOA01:19)
934001(7/7SEA18:20+48---EUG19:36+48)
392(7/7PDX18:28+48---DFW22:16+48)
412001(7/7SEA18:06+70---PIT22:42+70)
932(7/7SEA18:36+43---ABQ21:37+43)
106001(7/7SEA19:00+22---FAI22:53+22)
494001(7/7SEA19:33---SAT23:37)
900(7/7SEA18:40+55---RNO20:38+55)
100(7/7ANC19:41---SEA23:10)
14(7/7SAN19:42---DCA00:59)
740(7/7SNA19:42---SFO21:10)
352(7/7SEA19:18+25---AUS23:30+25)
291(7/7SEA19:46---STL23:35)
475(7/7ATL19:47---SAN00:31)
1018(7/7SEA19:31+17---BOI21:04+17)
366(7/7MKE19:50---SEA00:16)
598(7/7SFO18:55+59---ORD23:18+59)
438(7/7SEA18:45+69---IAH23:10+69)
405(7/7OKC19:44+16---SEA23:38+16)
1150001(7/7SEA19:48+16---BUR22:19+16)
415(7/7DFW20:19---SEA00:34)
74(7/7JNU20:22---SEA22:45)
34(7/7SEA18:06+137---JFK23:29+137)
388001(7/7STL20:24---SEA00:50)
266(7/7ANC20:25---SFO01:05)
555(7/7MSP19:25+63---SEA23:15+63)
808(7/7KOA20:30---SEA02:22)
407(7/7ORD20:09+23---SEA00:49+23)
419(7/7MCO20:39---SEA02:50)
95(7/7SEA20:40---JNU23:12)
31(7/7JFK20:45---SEA03:10)
313(7/7DTW20:46---SEA01:45)
840(7/7LIH20:47---SEA02:32)
1159(7/7SNA20:51---PDX23:15)
432(7/7SAN20:52---TPA01:50)
1006(7/7PHX20:55---SEA00:00)
534(7/7SFO20:59---AUS00:45)
154(7/7RDM20:38+22---SEA21:58+22)
732(7/7PAE21:00---PHX00:03)
229001(7/7SEA20:35+27---MSP23:53+27)
535(7/7DEN21:03---SEA00:00)
312(7/7OMA20:14+51---SEA23:54+51)
65(7/7JNU21:07---ANC22:53)
122(7/7BUR21:07---PDX23:25)
189(7/7SEA20:49+21---ANC00:25+21)
773(7/7SEA21:10---SNA00:01)
1300(7/7SEA21:10---LAX23:58)
934(7/7EUG20:30+41---SEA21:48+41)
1242(7/7ONT21:21---SEA23:58)
280(7/7EWR20:00+84---SEA02:12+84)
898(7/7OGG20:55+30---PDX02:19+30)
507(7/7IAD21:25---SAN02:52)
19(7/7JFK21:29---PDX03:46)
778(7/7PDX21:30---LAS23:49)
601(7/7RNO21:32---SEA23:29)
16(7/7SEA21:37---JFK02:59)
107(7/7ANC21:40---SEA01:08)
290(7/7EWR21:43---PDX03:50)
389(7/7BOS21:45---SAN04:00)
1225(7/7SFO21:45---SEA23:54)
114(7/7JFK20:39+67---SFO03:02+67)
646(7/7DFW21:46---PDX01:47)
480(7/7MSP21:50---SEA01:49)
301(7/7MCO21:50---PDX03:50)
1287(7/7PDX21:50---BUR00:09)
894(7/7KOA21:50---SAN03:16)
569(7/7MSY21:53---SEA03:00)
1100(7/7PDX21:55---SNA00:27)
20(7/7SFO20:24+95---JFK02:08+95)
947(7/7BOI22:00---PDX23:21)
572(7/7RDU22:01---SEA03:56)
485(7/7CHS22:03---SEA04:00)
868(7/7KOA22:10---PDX03:40)
183(7/7ANC22:10---DLG23:25)
783(7/7ATL22:11---PDX03:35)
397(7/7MCO22:13---SAN03:18)
406(7/7IAD22:13---SEA04:00)
1279(7/7LAX22:16---GEG00:47)
860(7/7OGG22:20---SEA04:00)
305(7/7MIA22:20---SEA05:07)
293(7/7EWR22:24---SFO04:49)
450(7/7CMH22:28---SEA03:35)
933(7/7ABQ22:31---SEA01:41)
508(7/7CVG22:37---SEA03:35)
600(7/7SEA22:42---LAS01:16)
522(7/7BNA22:44---SEA03:48)
500(7/7IND22:48---SEA03:35)
17(7/7JFK22:53---SEA05:22)
420(7/7SEA22:53---MCO04:33)
216(7/7CLE22:55---SEA04:00)
271(7/7HNL22:55---ONT04:27)
326001(7/7TPA22:55---SEA05:07)
7(7/7DCA22:58---SFO04:53)
348(7/7SEA22:59---IAD03:59)
1396(7/7AUS23:00---PDX03:14)
1119(7/7ONT23:00---SEA01:40)
492(7/7SEA23:09---ATL03:59)
379(7/7BWI23:10---SEA05:07)
1150(7/7BUR23:14---SEA01:54)
317(7/7DFW23:16---SEA03:35)
941(7/7SEA23:25---ORD03:30)
287(7/7EWR23:29---LAX05:35)
334(7/7ATL23:31---SEA05:07)
412(7/7PIT23:42---SEA05:07)
720(7/7SEA23:46---FAT01:58)
106(7/7FAI23:53---SEA03:35)
435(7/7IAD23:59---SFO05:46)
688(7/7SEA23:59---LAS02:34)
1214(7/8SEA00:04---SJC02:15)
439(7/8IAH00:10---SEA04:53)
369(7/8MCO00:12---SFO05:59)
1301(7/8LAX00:15---SEA03:00)
1468(7/8SEA00:15---LAX03:00)
225(7/8SEA00:15---ANC03:54)
791(7/8LIH00:15---SFO05:29)
821(7/8SAN00:16---LIH06:32)
597(7/8ORD00:18---SFO05:06)
355(7/8BOS00:19---SFO06:59)
213(7/8IAD00:19---LAX05:48)
182(7/8DLG00:20---ANC01:30)
269(7/8SFO00:22---ANC05:15)
41(7/8JFK00:29---SFO06:59)
339(7/8AUS00:30---SEA05:07)
1176(7/8PDX00:30---PHX03:20)
134(7/8ANC00:30---SEA04:00)
291001(7/8STL00:32---SEA05:00)
896(7/8HNL00:33---SEA06:31)
1202(7/8SEA00:35---SNA03:25)
494(7/8SAT00:37---SEA04:53)
856(7/8KOA00:40---SJC05:45)
398(7/8SEA00:40---IAH04:59)
382(7/8SEA00:43---BNA04:59)
353(7/8PDX00:46---OGG06:39)
229(7/8MSP00:49---SEA04:45)
1229(7/8SNA00:49---SEA03:35)
538(7/8SEA00:54---ORD04:59)
78(7/8SEA00:55---ANC04:37)
1295(7/8PDX00:55---SFO02:48)
372(7/8SEA00:56---AUS05:05)
1163(7/8SEA00:59---DEN03:47)
424(7/8SEA00:59---DFW04:59)
730(7/8SEA00:59---LAS03:38)
1107(7/8BUR01:04---PDX03:21)
564(7/8SEA01:05---MCI04:35)
472(7/8SEA01:06---STL04:59)
1047(7/8SJC01:11---SEA03:18)
1085(7/8SNA01:17---PDX03:39)
805(7/8SEA01:25---OGG07:34)
823(7/8SEA01:25---HNL07:33)
779(7/8LAS01:31---PDX03:50)
386(7/8SEA01:37---MSP04:59)
513(7/8AUS01:45---SFO05:29)
839(7/8SEA01:45---LIH07:54)
1280(7/8GEG01:49---LAX04:35)
939(7/8SEA01:55---SAN04:47)
1028(7/8SAN01:58---OGG07:59)
801(7/8SEA01:59---KOA08:04)
105(7/8SEA01:59---ANC05:38)
1168(7/8SEA02:25---BUR04:59)
1215(7/8LAX02:25---SEA05:17)
177(7/8ANC02:30---ADQ03:30)
721(7/8FAT02:40---SEA05:07)
827(7/8ANC02:55---HNL08:59)
136(7/8SEA02:55---ANC06:38)
141(7/8PHX02:57---ANC08:48)
1156(7/8SEA02:59---SAN06:00)
1289(7/8LAX03:10---SEA06:06)
1192(7/8SEA03:37---SJC05:49)
1264(7/8SEA04:03---SAN06:59)
1292(7/8SEA04:07---LAX06:59)
272(7/8ANC04:10---SEA07:45)
636(7/8SEA04:18---LAS07:01)
749(7/8LAS04:19---SEA07:06)
282(7/8LAX04:26---EWR09:59)
307(7/8SFO04:28---BOS10:10)
314(7/8SEA04:40---EWR09:59)
545(7/8SEA04:45---IND09:00)
36(7/8SAN04:56---JFK10:29)
138(7/8ANC05:08---ORD11:24)
344(7/8SEA05:20---BWI10:21)
22(7/8SEA05:41---JFK11:02)
455(7/8SFO05:43---IAD10:50)
259(7/8SAN05:45---BOS11:30)
360(7/8SEA05:58---TPA11:25)
111(7/8ORD05:59---ANC12:37)
394(7/8SEA06:05---MCO11:40)
340(7/8SEA06:10---PIT10:43)
490(7/8SEA06:16---MSY10:50)
367(7/8SEA06:30---IAD11:27)
59(7/8ANC06:35---MSP12:00)
423(7/8SEA06:36---SAT10:40)
536(7/8SEA06:40---BOS12:00)
112(7/8SEA06:50---FAI10:36)
464(7/8SEA06:59---ATL11:49)
172(7/8ANC07:13---PHX12:45)
109(7/8ANC07:26---ORD13:40)
880(7/8KOA07:30---SEA13:19)
810(7/8LIH07:32---SEA13:16)
558(7/8OGG07:39---PDX13:00)
168(7/8FAI08:14---SEA12:00)
148(7/8ANC08:29---SEA12:00)
828(7/8HNL08:33---ANC14:40)
150(7/8ANC08:34---LAX13:55)
814(7/8OGG08:34---SEA14:11)
826(7/8LIH08:54---SAN14:33)
1029(7/8OGG08:59---SAN14:18)
546(7/8IND10:30---SEA15:19)
351(7/8IAD10:30---SEA16:17)
377(7/8ATL10:30---SEA15:57)
453(7/8IAH11:00---SEA15:40)
627(7/8TPA11:00---SEA17:06)
1021(7/8MCO11:00---SAN16:04)
21(7/8JFK11:00---SEA17:13)
299(7/8EWR11:19---SEA17:31)
308(7/8BOS11:30---SFO18:07)
387(7/8MSP11:40---SEA15:44)
473(7/8STL11:41---SEA16:10)
563(7/8MCI11:45---SEA15:47)
349(7/8BWI11:51---SEA17:40)
495(7/8SAT12:00---SEA16:24)
413(7/8ORD12:00---PDX16:25)
341(7/8PIT12:03---SEA17:28)
458(7/8IAD12:10---SFO17:55)
451(7/8MSY12:10---SEA17:16)
595(7/8AUS12:15---SEA16:40)
260(7/8BOS12:40---SAN18:50)
15(7/8DCA12:59---SAN18:20)
1316(7/8SEA13:00---LAX15:50)
408(7/8SEA13:00---ORD17:07)
683(7/8ORD13:00---SEA17:39)
375(7/8IAD13:00---SEA18:47)
433(7/8TPA13:00---SAN17:50)
373(7/8EWR13:00---SFO19:13)
1265(7/8SAN13:15---SEA16:16)
30(7/8SFO13:18---JFK19:00)
537(7/8BOS13:20---SEA19:35)
68(7/8MSP13:20---ANC19:20)
533(7/8ATL13:30---SEA18:51)
298(7/8SEA13:41---EWR19:00)
5(7/8DCA13:59---LAX19:33)
368(7/8SFO14:00---MCO19:34)
512(7/8SFO14:00---AUS17:36)
974(7/8SAN14:00---PDX16:35)
35(7/8JFK14:00---SAN19:52)
1136001(7/8PDX14:00---DEN16:37)
24(7/8SAN14:00---JFK19:39)
504(7/8LAX14:00---SEA16:47)
358(7/8PDX14:00---BOS19:25)
859(7/8SJC14:00---LIH19:44)
365(7/8DFW14:00---SEA18:27)
1239(7/8PDX14:00---PHX16:46)
281(7/8BNA14:00---SEA19:03)
784(7/8PDX14:00---ATL18:46)
789(7/8SFO14:00---KOA19:30)
917(7/8MCO14:00---SEA20:10)
831(7/8PDX14:00---OGG19:55)
1101(7/8PDX14:00---LAS16:19)
284(7/8LAX14:00---EWR19:34)
1193(7/8SJC14:03---SEA16:15)
1089(7/8LAS14:05---PDX16:24)
645(7/8PHX14:05---SEA17:09)
249(7/8SFO14:20---BOS20:01)
18(7/8PDX14:20---JFK19:45)
139(7/8ORD14:30---ANC21:15)
292(7/8SFO14:54---EWR20:29)
516(7/8SEA14:55---FLL20:52)
867(7/8PDX14:56---KOA20:50)
10(7/8PDX15:00---DCA20:02)
196(7/8ADQ15:00---ANC15:57)
479(7/8LAS15:00---SEA17:40)
366001(7/8SEA15:02---MKE18:54)
890(7/8SEA15:03---ORD19:13)
26(7/8SEA15:05---JFK20:29)
916(7/8SEA15:08---MCO20:50)
825(7/8SEA15:09---OGG21:20)
233(7/8SAN15:10---EWR20:43)
60(7/8JNU15:14---KTN16:15)
214(7/8LAX15:20---IAD20:25)
165(7/8DEN15:20---ANC20:54)
305001(7/8SEA15:25---MIA21:20)
560(7/8LAX15:30---KOA21:10)
613(7/8LAS15:30---SFO17:10)
227(7/8JFK15:30---SFO21:48)
388(7/8SEA15:32---STL19:26)
4(7/8SEA15:34---DCA20:43)
390(7/8SAN15:40---BOS21:27)
402(7/8SEA15:47---CHS21:00)
572001(7/8SEA15:55---RDU21:01)
1268(7/8PDX16:00---BNA20:19)
294(7/8PDX16:00---EWR21:21)
270(7/8ONT16:00---HNL21:55)
320(7/8SAN16:00---MCO21:13)
502(7/8SEA16:03---AUS20:11)
113(7/8SFO16:05---JFK21:47)
899(7/8SAN16:19---KOA22:20)
568(7/8SEA16:19---MSY20:53)
727(7/8SEA16:22---ATL21:11)
326(7/8SEA16:24---TPA21:50)
8(7/8SFO16:45---DCA21:58)
1051(7/8SEA16:50---BUR19:26)
426(7/8SEA16:50---DFW20:48)
72(7/8SEA16:55---JNU19:26)
1108(7/8SEA16:58---SAN19:49)
875(7/8SEA17:00---LIH23:15)
731(7/8PHX17:00---PAE20:03)
23(7/8JFK17:00---SEA23:08)
60001(7/8KTN17:00---SEA19:03)
378(7/8SEA17:03---BWI22:10)
198(7/8ANC17:05---PDX20:44)
477(7/8SEA17:10---EWR22:29)
450001(7/8SEA17:10---CMH21:32)
508001(7/8SEA17:12---CVG21:37)
629(7/8LAS17:14---SEA19:58)
522001(7/8SEA17:20---BNA21:44)
1256(7/8SEA17:21---PSP20:15)
887(7/8SEA17:22---HNL23:33)
829(7/8SAN17:29---OGG23:34)
1143(7/8PDX17:30---LAX20:00)
1136(7/8DEN17:33---PDX20:20)
300(7/8PDX17:35---MCO23:12)
160(7/8ANC17:35---SEA21:09)
216001(7/8SEA17:37---CLE22:01)
1296(7/8PDX17:40---SAN20:15)
500001(7/8SEA17:42---IND21:48)
637(7/8PHX17:46---SEA20:53)
429001(7/8SEA17:52---ORD21:59)
121(7/8PDX17:53---BUR20:12)
725(7/8PDX17:55---AUS21:56)
818(7/8SEA17:58---BOS23:19)
824(7/8HNL18:00---SEA23:50)
862(7/8OGG18:00---SEA23:38)
822(7/8KOA18:00---SEA23:54)
1240(7/8LAX18:02---PDX20:25)
474(7/8SAN18:04---ATL22:31)
412001(7/8SEA18:06---PIT22:42)
34(7/8SEA18:06---JFK23:29)
434(7/8SFO18:10---IAD23:19)
104001(7/8ANC18:15---SEA21:49)
1075(7/8SFO18:25---SEA20:37)
908(7/8SEA18:30---PSC19:39)
1290(7/8BUR18:30---SEA21:08)
503(7/8AUS18:36---SEA22:59)
722(7/8SEA18:44---PHX21:47)
438(7/8SEA18:45---IAH23:10)
817(7/8SEA18:55---OGG01:10)
598(7/8SFO18:55---ORD23:18)
1314(7/8SJC19:02---SEA21:10)
325(7/8ORD19:03---PDX23:35)
835(7/8SFO19:03---PDX20:50)
1137(7/8SAN19:12---SEA22:10)
1018(7/8SEA19:31---BOI21:04)
494001(7/8SEA19:33---SAT23:37)
14(7/8SAN19:42---DCA00:59)
475(7/8ATL19:47---SAN00:31)
366(7/8MKE19:50---SEA00:16)
25(7/8JFK20:00---SAN01:57)
280(7/8EWR20:00---SEA02:12)
407(7/8ORD20:09---SEA00:49)
1038(7/8BUR20:20---SEA22:59)
74(7/8JNU20:22---SEA22:45)
388001(7/8STL20:24---SEA00:50)
20(7/8SFO20:24---JFK02:08)
266(7/8ANC20:25---SFO01:05)
1016(7/8PDX20:25---SEA21:25)
304(7/8BOS20:25---SEA02:48)
909(7/8PSC20:30---SEA21:38)
808(7/8KOA20:30---SEA02:22)
1061(7/8SNA20:30---SEA23:15)
6(7/8LAX20:31---DCA01:42)
297(7/8EWR20:34---SAN02:26)
114(7/8JFK20:39---SFO03:02)
419(7/8MCO20:39---SEA02:50)
95(7/8SEA20:40---JNU23:12)
31(7/8JFK20:45---SEA03:10)
840(7/8LIH20:47---SEA02:32)
432(7/8SAN20:52---TPA01:50)
898(7/8OGG20:55---PDX02:19)
2(7/8SEA20:58---DCA01:59)
534(7/8SFO20:59---AUS00:45)
732(7/8PAE21:00---PHX00:03)
3(7/8DCA21:02---SEA03:00)
1319(7/8BOS21:06---PDX03:24)
122(7/8BUR21:07---PDX23:25)
582(7/8PSP21:10---SEA00:00)
518(7/8AUS21:11---SFO00:57)
1269(7/8BNA21:19---PDX02:15)
19(7/8JFK21:29---PDX03:46)
778(7/8PDX21:30---LAS23:49)
462(7/8EWR21:30---SEA03:44)
1235(7/8PDX21:34---DEN00:10)
16(7/8SEA21:37---JFK02:59)
290(7/8EWR21:43---PDX03:50)
9(7/8DCA21:43---PDX03:31)
646(7/8DFW21:46---PDX01:47)
301(7/8MCO21:50---PDX03:50)
894(7/8KOA21:50---SAN03:16)
1287(7/8PDX21:50---BUR00:09)
517(7/8FLL21:52---SEA04:20)
569(7/8MSY21:53---SEA03:00)
131(7/8SEA21:58---ANC01:30)
947(7/8BOI22:00---PDX23:21)
572(7/8RDU22:01---SEA03:56)
485(7/8CHS22:03---SEA04:00)
1046(7/8SEA22:08---SJC00:17)
868(7/8KOA22:10---PDX03:40)
783(7/8ATL22:11---PDX03:35)
397(7/8MCO22:13---SAN03:18)
406(7/8IAD22:13---SEA04:00)
1279(7/8LAX22:16---GEG00:47)
860(7/8OGG22:20---SEA04:00)
305(7/8MIA22:20---SEA05:07)
293(7/8EWR22:24---SFO04:49)
450(7/8CMH22:28---SEA03:35)
819(7/8BOS22:32---SEA05:02)
1135(7/8SAN22:35---SEA01:31)
508(7/8CVG22:37---SEA03:35)
1257(7/8SEA22:38---SNA01:26)
600(7/8SEA22:42---LAS01:16)
460(7/8SEA22:43---BOS03:59)
522(7/8BNA22:44---SEA03:48)
500(7/8IND22:48---SEA03:35)
1052001(7/8SEA22:48---BUR01:24)
420(7/8SEA22:53---MCO04:33)
17(7/8JFK22:53---SEA05:22)
337001(7/8ORD22:55---SEA03:35)
326001(7/8TPA22:55---SEA05:07)
271(7/8HNL22:55---ONT04:27)
216(7/8CLE22:55---SEA04:00)
99(7/8SEA22:58---ANC02:42)
7(7/8DCA22:58---SFO04:53)
348(7/8SEA22:59---IAD03:59)
1396(7/8AUS23:00---PDX03:14)
492(7/8SEA23:09---ATL03:59)
379(7/8BWI23:10---SEA05:07)
1042001(7/8SEA23:17---SBP01:43)
561(7/8KOA23:20---LAX04:51)
941(7/8SEA23:25---ORD03:30)
287(7/8EWR23:29---LAX05:35)
334(7/8ATL23:31---SEA05:07)
155(7/8ANC23:32---OME01:09)
412(7/8PIT23:42---SEA05:07)
1214(7/9SEA00:04---SJC02:15)
439(7/9IAH00:10---SEA04:53)
369(7/9MCO00:12---SFO05:59)
844(7/9LIH00:15---SJC05:24)
1468(7/9SEA00:15---LAX03:00)
225(7/9SEA00:15---ANC03:54)
821(7/9SAN00:16---LIH06:32)
597(7/9ORD00:18---SFO05:06)
355(7/9BOS00:19---SFO06:59)
213(7/9IAD00:19---LAX05:48)
269(7/9SFO00:22---ANC05:15)
41(7/9JFK00:29---SFO06:59)
611(7/9PHX00:29---SEA03:35)
1176(7/9PDX00:30---PHX03:20)
896(7/9HNL00:33---SEA06:31)
806(7/9OGG00:34---SAN05:55)
376(7/9PDX00:35---ORD04:39)
494(7/9SAT00:37---SEA04:53)
398(7/9SEA00:40---IAH04:59)
278(7/9PDX00:40---LAX03:15)
382(7/9SEA00:43---BNA04:59)
353(7/9PDX00:46---OGG06:39)
538(7/9SEA00:54---ORD04:59)
1295(7/9PDX00:55---SFO02:48)
372(7/9SEA00:56---AUS05:05)
1163(7/9SEA00:59---DEN03:47)
424(7/9SEA00:59---DFW04:59)
632(7/9SEA00:59---PHX04:00)
730(7/9SEA00:59---LAS03:38)
1140(7/9SEA00:59---SFO03:15)
564(7/9SEA01:05---MCI04:35)
662(7/9PHX01:05---PDX03:48)
472(7/9SEA01:06---STL04:59)
1131(7/9DEN01:06---PDX03:50)
241(7/9SEA01:10---MKE04:59)
1047(7/9SJC01:11---SEA03:18)
1093(7/9LAX01:15---SEA04:00)
1085(7/9SNA01:17---PDX03:39)
823(7/9SEA01:25---HNL07:33)
1310(7/9SEA01:36---SJC03:51)
386(7/9SEA01:37---MSP04:59)
338(7/9SEA01:48---OMA04:59)
1028(7/9SAN01:58---OGG07:59)
801(7/9SEA01:59---KOA08:04)
155001(7/9OME01:59---ANC03:33)
1042(7/9SBP02:35---SEA05:07)
167(7/9SEA02:50---FAI06:36)
1034(7/9SEA03:14---BOI04:46)
642(7/9SEA03:17---DEN05:59)
729(7/9SAN03:37---PDX06:14)
922(7/9SFO03:49---SEA06:02)
644(7/9SEA03:55---PHX06:54)
282(7/9LAX04:26---EWR09:59)
1162(7/9PDX04:30---SAN07:05)
1040(7/9SEA04:30---ONT07:15)
728(7/9PDX04:40---LAS06:59)
314(7/9SEA04:40---EWR09:59)
380(7/9SEA04:45---DTW09:05)
919(7/9SEA04:55---RDU10:00)
360(7/9SEA05:58---TPA11:25)
536(7/9SEA06:40---BOS12:00)
1227(7/9SEA06:59---AUS11:07)
810(7/9LIH07:32---SEA13:16)
828(7/9HNL08:33---ANC14:40)
814(7/9OGG08:34---SEA14:11)
1029(7/9OGG08:59---SAN14:18)
