Run time(sec):            601
IP gap:61.83
======================= COST =======================
======================= COST =======================
Total:              1.194e+10
Cancel:              2.03e+09
Delay:               2.99e+04
Swaps:              2.088e+06
PosViol:              4.4e+06
CSC:                9.904e+09

===================== DISRUPTION ===================
# Cancelled:             1040
# Delayed:                 10
# Swaps:                  174
# CSCs:                   170
Ttl delay(min):	          299
Avg delay(min):	           29
Min delay(min):	            8
Max delay(min):	          107

================= AIRPORT CAPACITY =================

================= AIRCRAFT LOCATION ================
Aircraft     PlannedEnd      ActualEnd
N214AK            AUS            SAN
N224AK            ANC            PHX
N236AK            IAD            JFK
N237AK            SEA            LAS
N238AK            IAD            GEG
N247AK            SEA            SEA
N248AK            SEA            DEN
N251AK            EUG            SEA
N253AK            IND            SJC
N260AK            PDX            BOI
N264AK            OMA            ORD
N265AK            SFO            PDX
N267AK            PDX            SEA
N268AK            PDX            LAS
N270AK            SEA            ANC
N272AK            ORD            ANC
N273AK            JNU            PDX
N274AK            MKE            SEA
N275AK            LAS            LAX
N277AK            CMH            DEN
N280AK            PDX            SAN
N281AK            ABQ            ORD
N282AK            JFK            SEA
N283AK            PDX            SEA
N284AK            SJC            SEA
N285AK            SMF            RDM
N287AK            RDM            SEA
N288AK            ORD            SFO
N290AK            BNA            SEA
N291BT            SEA            MCO
N292AK            LAS            ONT
N293AK            ANC            SFO
N294AK            LAX            DEN
N296AK            PHX            AUS
N297AK            SFO            PDX
N298AK            LAX            SLC
N307AS            SEA            SEA
N309AS            JNU            JNU
N318AS            SEA            SEA
N402AS            LAS            PHL
N403AS            SAN            ANC
N408AS            ANC            JFK
N409AS            SFO            SEA
N413AS            SEA            ANC
N419AS            BOS            DTW
N423AS            LAX            JNU
N431AS            MCO            EWR
N433AS            CLE            SEA
N434AS            ANC            ORD
N435AS            GEG            LAS
N440AS            LAX            STL
N442AS            SEA            CLE
N448AS            SEA            SAN
N453AS            JNU            ANC
N457AS            DFW            SEA
N459AS            SFO            PHX
N462AS            SFO            SEA
N464AS            ANC            PSP
N467AS            MCI            EWR
N469AS            GEG            SAN
N471AS            SEA            RNO
N472AS            SJC            SEA
N474AS            SEA            CHS
N477AS            TPA            ORD
N478AS            ANC            SEA
N481AS            PDX            PDX
N483AS            PDX            CLE
N486AS            SEA            SEA
N487AS            BNA            PIT
N491AS            PDX            DFW
N492AS            PDX            SAN
N493AS            PHL            SEA
N494AS            ANC            JFK
N495AS            HNL            TPA
N506AS            BOS            KTN
N508AS            DCA            ANC
N512AS            SNA            KOA
N513AS            SEA            DCA
N514AS            SFO            ANC
N516AS            LAX            PDX
N517AS            SAN            SNA
N518AS            LAX            KOA
N519AS            SNA            SIT
N520AS            ANC            KOA
N523AS            SEA            SEA
N525AS            ANC            STS
N526AS            SEA            SBA
N527AS            BWI            SNA
N529AS            SIT            KOA
N530AS            SJC            SNA
N531AS            SEA            PDX
N532AS            PDX            SAN
N535AS            SAN            ANC
N536AS            SEA            SNA
N537AS            DCA            SNA
N538AS            SEA            KOA
N546AS            SEA            ORD
N548AS            DEN            SFO
N549AS            ADQ            ADQ
N551AS            SEA            MCI
N552AS            SNA            LIH
N553AS            SEA            PDX
N556AS            SMF            DFW
N557AS            SAN            PDX
N560AS            SEA            PDX
N562AS            MSP            SEA
N564AS            ANC            LAX
N565AS            SEA            SEA
N568AS            LAX            SEA
N569AS            SAN            SAN
N570AS            SAN            SNA
N577AS            SEA            LIH
N579AS            KOA            DCA
N581AS            BOS            KOA
N586AS            PDX            SIT
N587AS            PHX            SEA
N589AS            JFK            SEA
N590AS            DCA            ANC
N592AS            ORD            ANC
N593AS            LAS            PHX
N594AS            OAK            DEN
N596AS            SEA            SMF
N597AS            OGG            BOS
N607AS            ANC            ANC
N609AS            SIT            SIT
N611AS            SEA            SEA
N612AS            ANC            ANC
N613AS            RNO            RNO
N615AS            JNU            JNU
N618AS            ANC            ANC
N619AS            ANC            ANC
N622AS            SEA            SEA
N703AL            SEA            SAN
N705AL            LAX            IAH
N706AL            EWR            RNO
N707AL            EWR            BUR
N708AL            ORD            LAS
N709AL            TPA            ANC
N710AL            MSP            SFO
N712AL            LAX            EWR
N713AL            PDX            SAN
N716AL            MCO            MCO
N719AL            SEA            SEA
N720AL            BOS            MCO
N722AL            SEA            MCI
N723AL            DFW            SEA
N724AL            AUS            SJC
N725AL            SFO            LAS
N729AL            LAX            DEN
N731AL            MCO            LAS
N732AL            SEA            HNL
N733AL            PDX            SFO
N734AL            JFK            MSP
N738AL            SEA            SMF
N801AK            ANC            ANC
N803AK            JFK            JFK
N804AK            SEA            SEA
N805AK            LAX            LAX
N806AK            LAX            LAX
N809AK            SEA            SEA
N812AK            SFO            SFO
N813AK            SEA            SEA
N903AK            PDX            BNA
N912AK            SAN            SAN
N913AK            GEG            SFO
N915AK            SEA            SEA
N917AK            ONT            ONT
N918AK            RDU            PDX
N919AK            PHX            ORD
N920AK            ATL            PIT
N921AK            AUS            LAS
N924AK            EWR            SEA
N926AK            MSY            ABQ
N928AK            DEN            OGG
N929AK            SEA            SLC
N931AK            PDX            ORD
N932AK            SFO            BOS
N933AK            ORD            SEA
N934AK            ANC            SEA
N935AK            SAN            PHX
N936AK            SEA            ANC
N938AK            LAX            ORD
N941AK            IAH            BZN
N942AK            ORD            EWR
N947AK            FAI            CVG
N948AK            LAX            SEA
N949AK            FAI            STL
N952AK            SEA            LAS
N953AK            CVG            SEA
N954AK            PDX            SEA
N955AK            SFO            ORD
N956AK            PIT            PDX
N958AK            SAT            OAK
N960AK            BOS            FAI
N961AK            PHX            ORD
N962AK            SFO            PDX
N963AK            LAX            SAN
N964AK            IAH            SEA
N966AK            SFO            SEA
N967AK            LAX            BUR
N968AK            JFK            ONT
N969AK            PDX            JFK
N972AK            SFO            MCO
N973AK            ONT            AUS
N974AK            BOI            SFO
N975AK            LAS            PIT
N976AK            STL            SAN
N977AK            SEA            FAI
N978AK            IAD            ATL
N982AK            SEA            SEA
N983AK            ATL            ANC
N984AK            FAI            ORD
N985AK            DEN            PDX
N990AK            LAX            SEA
N407AS            SEA            SAT
N428AS            LAX            SEA
N468AS            DTW            PHL
N479AS            SEA            SEA
N563AS            GEG            SNA
N566AS            SFO            JFK
N588AS            ANC            SEA
N614AS            ANC            ANC
N946AK            BUR            IAD
N971AK            BUR            SEA
N979AK            SAN            SJC
