===== Copy Generation Summary =====
#Iter       TotalGen  ind(reg)  mul(reg)  ind(csc)  mul(csc) TotalUsed  ind(reg)  mul(reg)  ind(csc)  mul(csc)            obj
    1            442       347         0        95         0       177       165         0        12         0      3.372e+08
    2            444       381         0        63         0       212       202         0        10         0      3.363e+08
    3            444       344         0       100         0       221       186         0        35         0      1.413e+08
    4            446       381         0        65         0       228       201         0        27         0      3.936e+07
    5            447       388         0        59         0       286       263         0        23         0      3.746e+07
    6            444       400         0        44         0       238       213         0        25         0      3.223e+07
    7            446       382         0        64         0       245       224         0        21         0      3.097e+07
    8            440       382         0        58         0       270       254         0        16         0      2.637e+07
    9            436       342         0        94         0       234       197         0        37         0      2.514e+07
   10            436       360         0        76         0       238       211         0        27         0      2.256e+07
   11            429       335         0        94         0       232       181         0        51         0      2.051e+07
   12            427       379         0        48         0       231       216         0        15         0      1.932e+07
   13            428       358         0        70         0       243       224         0        19         0      1.855e+07
   14            424       382         0        42         0       257       233         0        24         0      1.759e+07
   15            424       383         0        41         0       237       221         0        16         0      1.693e+07
   16            424       339         0        85         0       202       193         0         9         0      1.591e+07
   17            424       381         0        43         0       250       237         0        13         0      1.454e+07
   18            424       355         0        69         0       219       207         0        12         0      1.289e+07
   19            424       399         0        25         0       223       219         0         4         0      1.163e+07
   20            430       392         0        38         0       257       245         0        12         0      1.101e+07
   21            424       414         0        10         0       252       248         0         4         0      1.075e+07
   22            424       393         0        31         0       230       224         0         6         0      9.996e+06
   23            424       397         0        27         0       255       246         0         9         0      9.243e+06
   24            424       380         0        44         0       217       196         0        21         0      8.932e+06
   25            424       384         0        40         0       243       230         0        13         0      8.288e+06
   26            424       389         0        35         0       233       222         0        11         0      7.751e+06
   27            424       386         0        38         0       209       205         0         4         0      7.148e+06
   28            424       396         0        28         0       248       245         0         3         0      6.934e+06
   29            424       375         0        49         0       211       200         0        11         0       6.67e+06
   30            424       374         0        50         0       219       216         0         3         0      6.592e+06
   31            422       365         0        57         0       239       232         0         7         0      6.472e+06
   32            422       364         0        58         0       201       196         0         5         0      6.378e+06
   33            418       370         0        48         0       228       218         0        10         0      6.307e+06
   34            415       340         0        75         0       216       206         0        10         0      6.199e+06
   35            412       318         0        94         0       206       170         0        36         0       5.99e+06
   36            404       369         0        35         0       281       268         0        13         0      5.897e+06
   37            392       336         0        56         0       175       167         0         8         0      5.797e+06
   38            404       372         0        32         0       209       195         0        14         0      5.481e+06
   39            386       322         0        64         0       209       193         0        16         0      5.392e+06
   40            385       348         0        37         0       224       207         0        17         0      5.215e+06
   41            394       329         0        65         0       234       221         0        13         0      5.185e+06
   42            394       343         0        51         0       205       191         0        14         0      5.148e+06
   43            382       317         0        65         0       175       158         0        17         0      4.935e+06
   44            377       329         0        48         0       197       191         0         6         0      4.882e+06
   45            372       306         0        66         0       179       174         0         5         0      4.842e+06
   46            370       311         0        59         0       182       170         0        12         0      4.779e+06
   47            362       269         0        93         0       190       185         0         5         0      4.766e+06
   48            371       335         0        36         0       178       176         0         2         0      4.745e+06
   49            360       271         0        89         0       138       132         0         6         0       4.72e+06
   50            357       229         0       128         0       148       127         0        21         0       4.53e+06
   51            357       309         0        48         0       200       195         0         5         0      4.382e+06
   52            354       295         0        59         0       204       201         0         3         0      4.287e+06
   53            348       248         0       100         0       160       131         0        29         0      4.248e+06
   54            345       282         0        63         0       146       145         0         1         0      4.185e+06
   55            337       243         0        94         0       129       115         0        14         0       4.16e+06
   56            324       229         0        95         0       133       121         0        12         0      4.138e+06
   57            326       228         0        98         0       182       149         0        33         0      4.112e+06
   58            331       205         0       126         0       137       109         0        28         0      4.102e+06
   59            302       262         0        40         0       138       135         0         3         0      4.098e+06
   60            305       237         0        68         0       152       146         0         6         0      4.095e+06
   61            297       256         0        41         0       133       130         0         3         0      4.089e+06
   62            279       165         0       114         0        77        59         0        18         0      4.048e+06
   63            263       227         0        36         0       150       137         0        13         0      4.006e+06
   64            264       173         0        91         0       132       122         0        10         0      3.995e+06
   65            262       214         0        48         0       137       117         0        20         0      3.982e+06
   66            257       213         0        44         0       148       133         0        15         0      3.946e+06
   67            257       201         0        56         0       117       113         0         4         0      3.932e+06
   68            264       217         0        47         0       162       158         0         4         0      3.924e+06
   69            257       222         0        35         0       140       139         0         1         0      3.915e+06
   70            260       191         0        69         0       124       120         0         4         0      3.862e+06
   71            269       191         0        78         0        96        85         0        11         0       3.86e+06
   72            252       217         0        35         0       114       110         0         4         0       3.85e+06
   73            243       171         0        72         0       106       105         0         1         0      3.845e+06
   74            254       180         0        74         0        83        80         0         3         0      3.844e+06
   75            259       189         0        70         0       107       106         0         1         0      3.844e+06
   76            247       151         0        96         0        71        69         0         2         0      3.832e+06
   77            248       187         0        61         0        81        73         0         8         0      3.826e+06
   78            225       154         0        71         0        92        78         0        14         0      3.803e+06
   79            225       171         0        54         0        84        79         0         5         0      3.782e+06
   80            211       179         0        32         0        88        86         0         2         0      3.748e+06
   81            204       140         0        64         0        80        75         0         5         0       3.74e+06
   82            446       374         0        72         0       225       208         0        17         0      3.738e+06
   83            427       320         0       107         0       162       161         0         1         0      3.738e+06
   84            356       239         0       117         0       163       159         0         4         0      3.737e+06
   85            274       185         0        89         0       104        89         0        15         0      3.737e+06
   86            222       173         0        49         0        96        91         0         5         0      3.737e+06
   87            280       196         0        84         0       118       110         0         8         0      3.733e+06
   88            171       126         0        45         0        63        54         0         9         0      3.732e+06
   89            261       203         0        58         0       106       105         0         1         0      3.718e+06
   90            195       138         0        57         0        84        76         0         8         0      3.714e+06
   91            182       162         0        20         0       109       107         0         2         0      3.714e+06
   92            172       100         0        72         0        66        52         0        14         0      3.713e+06
   93            171       146         0        25         0        79        77         0         2         0       3.71e+06
   94            188       133         0        55         0        77        67         0        10         0      3.709e+06
   95            164       112         0        52         0        65        63         0         2         0      3.707e+06
   96            163       131         0        32         0        94        93         0         1         0      3.701e+06
   97            160       129         0        31         0        87        74         0        13         0        3.7e+06
   98            188       142         0        46         0        79        77         0         2         0      3.698e+06
   99            163       111         0        52         0        72        63         0         9         0      3.696e+06
  100            165       114         0        51         0        80        49         0        31         0      3.693e+06
  101            159       152         0         7         0        82        82         0         0         0      3.692e+06
  102            157        75         0        82         0        52        47         0         5         0      3.692e+06
  103            157        91         0        66         0        37        36         0         1         0      3.691e+06
  104            157       133         0        24         0        78        74         0         4         0      3.689e+06
  105            157        97         0        60         0        54        46         0         8         0      3.689e+06
  106            157       108         0        49         0        87        69         0        18         0      3.688e+06
  107            154       121         0        33         0        63        61         0         2         0      3.687e+06
  108            154       124         0        30         0        85        81         0         4         0      3.685e+06
  109            157       128         0        29         0        63        61         0         2         0       3.68e+06
  110            157       123         0        34         0        84        84         0         0         0      3.679e+06
  111            190       164         0        26         0        98        98         0         0         0      3.677e+06
  112            158       110         0        48         0        56        56         0         0         0      3.677e+06
  113            158        81         0        77         0        61        59         0         2         0      3.673e+06
  114            159       106         0        53         0        63        61         0         2         0      3.668e+06
  115            157        97         0        60         0        73        61         0        12         0      3.664e+06
  116            238       171         0        67         0        88        73         0        15         0      3.661e+06
  117            157       136         0        21         0        73        73         0         0         0      3.661e+06
  118            157        93         0        64         0        35        32         0         3         0       3.66e+06
  119            155       100         0        55         0        42        39         0         3         0      3.659e+06
  120            157        95         0        62         0        54        49         0         5         0      3.659e+06
  121            157       117         0        40         0        47        47         0         0         0      3.657e+06
  122            157        87         0        70         0        46        45         0         1         0      3.645e+06
  123            157       100         0        57         0        74        61         0        13         0      3.641e+06
  124            157       127         0        30         0        56        50         0         6         0      3.608e+06
  125            157       133         0        24         0        72        72         0         0         0      3.607e+06
  126            156       109         0        47         0        84        84         0         0         0      3.606e+06
  127            157        88         0        69         0        42        40         0         2         0      3.606e+06
  128            157        88         0        69         0        45        27         0        18         0      3.588e+06
  129            157       107         0        50         0        40        34         0         6         0      3.575e+06
  130            153       109         0        44         0        47        46         0         1         0      3.575e+06
  131            153        82         0        71         0        41        40         0         1         0      3.575e+06
  132            155       115         0        40         0        85        82         0         3         0      3.572e+06
  133            158       146         0        12         0        82        81         0         1         0      3.567e+06
  134            157       146         0        11         0        79        79         0         0         0      3.563e+06
  135            153        81         0        72         0        38        35         0         3         0      3.562e+06
  136            157       126         0        31         0        67        65         0         2         0      3.542e+06
  137            138        54         0        84         0        22        18         0         4         0      3.542e+06
  138            126        95         0        31         0        42        42         0         0         0      3.533e+06
  139            106        60         0        46         0        18        16         0         2         0      3.533e+06
  140             87        43         0        44         0        10         9         0         1         0      3.533e+06
  141             81        43         0        38         0        19        15         0         4         0      3.522e+06
  142             55        29         0        26         0        12        11         0         1         0       3.52e+06
  143            108        54         0        54         0        16        15         0         1         0      3.513e+06
  144             70        42         0        28         0        13        12         0         1         0      3.499e+06
  145             64        36         0        28         0        16        15         0         1         0      3.487e+06
  146             47        31         0        16         0        13        13         0         0         0      3.487e+06
  147             47        26         0        21         0         8         8         0         0         0      3.487e+06
  148             32        15         0        17         0         5         5         0         0         0      3.482e+06
  149             27        19         0         8         0         2         2         0         0         0      3.482e+06
  150             47        27         0        20         0         6         5         0         1         0      3.482e+06
  151             24        15         0         9         0         3         2         0         1         0      3.482e+06
  152             23        11         0        12         0         2         2         0         0         0      3.482e+06
  153             30        14         0        16         0         1         1         0         0         0      3.482e+06
  154             19         8         0        11         0         2         2         0         0         0      3.482e+06
  155             11         8         0         3         0         2         2         0         0         0      3.482e+06
  156             18        12         0         6         0         2         2         0         0         0      3.482e+06
  157             15         7         0         8         0         1         1         0         0         0      3.482e+06
  158             10         4         0         6         0         1         1         0         0         0      3.482e+06
