Run time(sec):            601
IP gap:664
======================= COST =======================
======================= COST =======================
Total:              1.851e+09
Cancel:             1.841e+09
Delay:               1.59e+05
Swaps:              1.944e+06
PosViol:             4.45e+06
CSC:                3.714e+06

===================== DISRUPTION ===================
# Cancelled:             1049
# Delayed:                 16
# Swaps:                  162
# CSCs:                   152
Ttl delay(min):	         1590
Avg delay(min):	           99
Min delay(min):	           15
Max delay(min):	          187

================= AIRPORT CAPACITY =================
SEA 2025-Jul-07 17:00:00 2025-Jul-07 21:00:00 1 0(1)
SEA 2025-Jul-07 17:00:00 2025-Jul-07 21:00:00 2 0(2)

================= AIRCRAFT LOCATION ================
Aircraft     PlannedEnd      ActualEnd
N214AK            AUS            SAN
N224AK            ANC            PHX
N236AK            IAD            JFK
N237AK            SEA            LAS
N238AK            IAD            GEG
N247AK            SEA            SEA
N248AK            SEA            DEN
N251AK            EUG            SEA
N253AK            IND            SJC
N260AK            PDX            BOI
N264AK            OMA            SEA
N265AK            SFO            PDX
N267AK            PDX            SEA
N268AK            PDX            LAS
N270AK            SEA            ANC
N272AK            ORD            ANC
N273AK            JNU            PDX
N274AK            MKE            ORD
N275AK            LAS            LAX
N277AK            CMH            DEN
N280AK            PDX            SFO
N281AK            ABQ            ORD
N282AK            JFK            SEA
N283AK            PDX            SEA
N284AK            SJC            SEA
N285AK            SMF            RDM
N287AK            RDM            SEA
N288AK            ORD            SEA
N290AK            BNA            SEA
N291BT            SEA            DFW
N292AK            LAS            FLL
N293AK            ANC            SFO
N294AK            LAX            RDU
N296AK            PHX            ABQ
N297AK            SFO            PHX
N298AK            LAX            OMA
N307AS            SEA            SEA
N309AS            JNU            JNU
N318AS            SEA            SEA
N402AS            LAS            SAT
N403AS            SAN            GEG
N408AS            ANC            PHX
N409AS            SFO            LAX
N413AS            SEA            SEA
N419AS            BOS            SJC
N423AS            LAX            PHL
N431AS            MCO            SEA
N433AS            CLE            AUS
N434AS            ANC            ANC
N435AS            GEG            DTW
N440AS            LAX            SEA
N442AS            SEA            SFO
N448AS            SEA            IAH
N453AS            JNU            LAS
N457AS            DFW            ANC
N459AS            SFO            BOS
N462AS            SFO            SIT
N464AS            ANC            HNL
N467AS            MCI            SAT
N469AS            GEG            MCO
N471AS            SEA            CVG
N472AS            SJC            SAN
N474AS            SEA            LAX
N477AS            TPA            CMH
N478AS            ANC            ANC
N481AS            PDX            PDX
N483AS            PDX            AUS
N486AS            SEA            SMF
N487AS            BNA            JNU
N491AS            PDX            BUR
N492AS            PDX            SEA
N493AS            PHL            SEA
N494AS            ANC            ANC
N495AS            HNL            SFO
N506AS            BOS            SEA
N508AS            DCA            SNA
N512AS            SNA            DCA
N513AS            SEA            SBP
N514AS            SFO            SAN
N516AS            LAX            SEA
N517AS            SAN            SFO
N518AS            LAX            SEA
N519AS            SNA            DEN
N520AS            ANC            SMF
N523AS            SEA            DCA
N525AS            ANC            LIH
N526AS            SEA            DFW
N527AS            BWI            FAI
N529AS            SIT            LAX
N530AS            SJC            SFO
N531AS            SEA            ANC
N532AS            PDX            SEA
N535AS            SAN            SEA
N536AS            SEA            MKE
N537AS            DCA            DEN
N538AS            SEA            SEA
N546AS            SEA            SEA
N548AS            DEN            ORD
N549AS            ADQ            ADQ
N551AS            SEA            BNA
N552AS            SNA            SEA
N553AS            SEA            SFO
N556AS            SMF            SNA
N557AS            SAN            DFW
N560AS            SEA            KOA
N562AS            MSP            SEA
N564AS            ANC            MCI
N565AS            SEA            ADQ
N568AS            LAX            MCO
N569AS            SAN            SAN
N570AS            SAN            SEA
N577AS            SEA            SAN
N579AS            KOA            KOA
N581AS            BOS            KOA
N586AS            PDX            KTN
N587AS            PHX            SEA
N589AS            JFK            KOA
N590AS            DCA            LAX
N592AS            ORD            ANC
N593AS            LAS            LAS
N594AS            OAK            SEA
N596AS            SEA            ORD
N597AS            OGG            MCO
N607AS            ANC            ANC
N609AS            SIT            SIT
N611AS            SEA            SEA
N612AS            ANC            ANC
N613AS            RNO            RNO
N615AS            JNU            JNU
N618AS            ANC            ANC
N619AS            ANC            ANC
N622AS            SEA            SEA
N703AL            SEA            SEA
N705AL            LAX            PHX
N706AL            EWR            PHX
N707AL            EWR            SEA
N708AL            ORD            PDX
N709AL            TPA            SEA
N710AL            MSP            SEA
N712AL            LAX            OAK
N713AL            PDX            SFO
N716AL            MCO            SEA
N719AL            SEA            PDX
N720AL            BOS            PHX
N722AL            SEA            SEA
N723AL            DFW            PDX
N724AL            AUS            CMH
N725AL            SFO            SEA
N729AL            LAX            ORD
N731AL            MCO            OGG
N732AL            SEA            HNL
N733AL            PDX            SEA
N734AL            JFK            SFO
N738AL            SEA            IND
N801AK            ANC            ANC
N803AK            JFK            JFK
N804AK            SEA            SEA
N805AK            LAX            LAX
N806AK            LAX            LAX
N809AK            SEA            SEA
N812AK            SFO            SFO
N813AK            SEA            SEA
N903AK            PDX            MCO
N912AK            SAN            EWR
N913AK            GEG            LAS
N915AK            SEA            PHX
N917AK            ONT            SEA
N918AK            RDU            SEA
N919AK            PHX            EWR
N920AK            ATL            SEA
N921AK            AUS            IAD
N924AK            EWR            SEA
N926AK            MSY            ANC
N928AK            DEN            DEN
N929AK            SEA            ANC
N931AK            PDX            LAS
N932AK            SFO            OGG
N933AK            ORD            SAN
N934AK            ANC            EWR
N935AK            SAN            PHX
N936AK            SEA            CVG
N938AK            LAX            SEA
N941AK            IAH            GEG
N942AK            ORD            FAI
N947AK            FAI            LAS
N948AK            LAX            EWR
N949AK            FAI            SEA
N952AK            SEA            ANC
N953AK            CVG            JNU
N954AK            PDX            SEA
N955AK            SFO            SEA
N956AK            PIT            LAS
N958AK            SAT            SJC
N960AK            BOS            ANC
N961AK            PHX            DFW
N962AK            SFO            EWR
N963AK            LAX            SEA
N964AK            IAH            PDX
N966AK            SFO            SEA
N967AK            LAX            DFW
N968AK            JFK            PHX
N969AK            PDX            SFO
N972AK            SFO            BNA
N973AK            ONT            OMA
N974AK            BOI            EWR
N975AK            LAS            DFW
N976AK            STL            HNL
N977AK            SEA            BOS
N978AK            IAD            SEA
N982AK            SEA            ATL
N983AK            ATL            ANC
N984AK            FAI            PHX
N985AK            DEN            PDX
N990AK            LAX            PDX
N407AS            SEA            BWI
N428AS            LAX            SEA
N468AS            DTW            SAN
N479AS            SEA            SEA
N563AS            GEG            SNA
N566AS            SFO            DCA
N588AS            ANC            SEA
N614AS            ANC            ANC
N946AK            BUR            SEA
N971AK            BUR            SEA
N979AK            SAN            SEA
