===== Copy Generation Summary =====
#Iter       TotalGen  ind(reg)  mul(reg)  ind(csc)  mul(csc) TotalUsed  ind(reg)  mul(reg)  ind(csc)  mul(csc)            obj
    1            460       350        18        92         0       193       170         7        16         0      2.395e+08
    2            450       381         5        64         0       233       207         0        26         0      1.456e+08
    3            447       361         0        86         0       241       214         0        27         0      4.279e+07
    4            446       328         0       118         0       217       167         0        50         0      4.034e+07
    5            444       418         3        23         0       276       264         3         9         0      3.375e+07
    6            446       373         0        73         0       267       229         0        38         0      3.346e+07
    7            445       340         0       105         0       254       201         0        53         0      3.217e+07
    8            444       360         0        84         0       238       207         0        31         0      3.186e+07
    9            441       383         2        56         0       264       230         0        34         0      3.042e+07
   10            436       408         0        28         0       281       269         0        12         0      2.887e+07
   11            431       367         0        64         0       225       203         0        22         0      2.665e+07
   12            426       375         0        51         0       230       212         0        18         0       2.51e+07
   13            429       375         7        47         0       266       238         5        23         0      2.397e+07
   14            424       395         0        29         0       227       219         0         8         0      2.315e+07
   15            424       371         0        53         0       255       231         0        24         0      2.193e+07
   16            424       392         0        32         0       228       216         0        12         0       2.09e+07
   17            424       366         0        58         0       260       244         0        16         0      1.979e+07
   18            424       379         0        45         0       235       217         0        18         0      1.879e+07
   19            427       395         0        32         0       230       213         0        17         0      1.687e+07
   20            423       335         0        88         0       249       199         0        50         0      1.601e+07
   21            424       368         0        56         0       289       246         0        43         0      1.511e+07
   22            428       360         6        62         0       223       206         5        12         0      1.401e+07
   23            424       390         0        34         0       230       222         0         8         0      1.247e+07
   24            424       387         0        37         0       227       218         0         9         0      1.105e+07
   25            424       385         0        39         0       258       242         0        16         0      1.039e+07
   26            425       397         3        25         0       232       227         2         3         0      9.937e+06
   27            426       399         4        23         0       230       225         2         3         0      9.239e+06
   28            424       398         0        26         0       210       196         0        14         0      8.922e+06
   29            425       369         3        53         0       192       188         2         2         0      8.735e+06
   30            435       379        16        40         0       212       200         9         3         0      8.494e+06
   31            423       367         0        56         0       220       212         0         8         0      8.221e+06
   32            470       357        63        50         0       272       242        26         4         0      8.049e+06
   33            432       371        17        44         0       267       247        12         8         0      7.888e+06
   34            430       345        25        60         0       223       206        11         6         0      7.777e+06
   35            427       376        20        31         0       209       188        16         5         0      7.653e+06
   36            411       356         9        46         0       191       181         6         4         0      7.553e+06
   37            412       318        32        62         0       212       164        22        26         0      7.276e+06
   38            388       357         5        26         0       243       240         0         3         0      7.201e+06
   39            391       336         7        48         0       195       179         3        13         0       7.03e+06
   40            399       324        19        56         0       247       225         6        16         0      6.875e+06
   41            389       332        10        47         0       172       155         7        10         0      6.798e+06
   42            384       303         4        77         0       157       151         0         6         0      6.533e+06
   43            380       351         4        25         0       218       213         0         5         0      6.348e+06
   44            390       318         0        72         0       216       179         0        37         0      6.158e+06
   45            379       321         3        55         0       206       200         0         6         0      6.088e+06
   46            379       317         3        59         0       204       182         0        22         0      5.999e+06
   47            385       274        12        99         0       200       174         8        18         0      5.913e+06
   48            382       299         7        76         0       226       203         3        20         0       5.83e+06
   49            378       317         7        54         0       212       201         4         7         0      5.797e+06
   50            387       297        13        77         0       162       144         7        11         0      5.731e+06
   51            378       304        12        62         0       178       150         6        22         0      5.696e+06
   52            375       282         9        84         0       179       165         5         9         0      5.627e+06
   53            365       275         4        86         0       196       194         0         2         0      5.611e+06
   54            367       313         8        46         0       210       186         5        19         0      5.563e+06
   55            364       269         3        92         0       187       181         0         6         0      5.549e+06
   56            369       278         8        83         0       184       176         3         5         0      5.519e+06
   57            365       270        10        85         0       201       182         4        15         0       5.49e+06
   58            361       288         3        70         0       180       174         0         6         0      5.438e+06
   59            361       230         3       128         0       149       139         0        10         0      5.392e+06
   60            360       302         3        55         0       196       184         0        12         0      5.379e+06
   61            360       303         3        54         0       187       181         0         6         0      5.367e+06
   62            360       281         3        76         0       168       143         0        25         0      5.346e+06
   63            361       274         4        83         0       198       184         0        14         0      5.329e+06
   64            360       307         3        50         0       176       172         0         4         0       5.31e+06
   65            360       321         3        36         0       218       204         0        14         0      5.302e+06
   66            360       235         3       122         0       127       118         0         9         0      5.284e+06
   67            360       295         3        62         0       211       200         0        11         0      5.251e+06
   68            358       284         3        71         0       174       169         0         5         0      5.221e+06
   69            360       283         3        74         0       166       161         0         5         0      5.204e+06
   70            356       290         3        63         0       176       155         0        21         0      5.197e+06
   71            360       287         3        70         0       176       162         0        14         0       5.19e+06
   72            360       231         3       126         0       125       117         0         8         0      5.166e+06
   73            361       238         4       119         0       150       133         0        17         0      5.151e+06
   74            361       305         4        52         0       191       189         0         2         0      5.131e+06
   75            359       204         5       150         0       124       112         0        12         0      5.121e+06
   76            360       256         3       101         0       178       162         0        16         0      5.113e+06
   77            360       269        11        80         0       176       161         3        12         0      5.104e+06
   78            360       227         3       130         0       117       100         0        17         0      5.101e+06
   79            358       252         4       102         0       136       130         0         6         0      5.094e+06
   80            360       260         7        93         0       151       141         3         7         0      5.085e+06
   81            356       270         4        82         0       173       162         0        11         0      5.067e+06
   82            356       239         8       109         0       145       139         0         6         0      5.041e+06
   83            353       253         8        92         0       134       119         3        12         0      5.027e+06
   84            350       231        11       108         0       150       130         5        15         0       5.02e+06
   85            361       259        14        88         0       172       152         5        15         0      4.986e+06
   86            357       201        30       126         0       143       103        19        21         0      4.967e+06
   87            346       192        25       129         0       112        89        16         7         0      4.957e+06
   88            340       216        22       102         0       159       129        14        16         0      4.869e+06
   89            301       179        21       101         0       102        82         8        12         0      4.868e+06
   90            317       216         7        94         0        67        66         0         1         0      4.837e+06
   91            298       182        36        80         0       105        87        16         2         0      4.837e+06
   92            245       127        16       102         0        66        56         8         2         0      4.826e+06
   93            267       148        12       107         0        94        92         0         2         0        4.8e+06
   94            300       154        17       129         0        84        78         3         3         0      4.769e+06
   95            218       155        20        43         0       123       111        11         1         0      4.769e+06
   96            214       111        17        86         0        57        48         7         2         0      4.769e+06
   97            200       110        10        80         0        53        38         0        15         0      4.767e+06
   98            234       138         6        90         0        59        57         0         2         0      4.754e+06
   99            222       164         8        50         0        98        93         3         2         0      4.754e+06
  100            289       151        15       123         0        82        63        11         8         0      4.746e+06
  101            197       120         6        71         0        71        68         0         3         0      4.734e+06
  102            183       117        15        51         0        61        55         6         0         0      4.734e+06
  103            169        79        30        60         0        54        33        18         3         0      4.696e+06
  104            168        88        15        65         0        51        44         6         1         0      4.696e+06
  105            154        71        11        72         0        40        31         6         3         0      4.693e+06
  106            144        65         3        76         0        22        20         0         2         0      4.693e+06
  107            139        55        19        65         0        25        15         3         7         0      4.678e+06
  108            119        55        20        44         0        29        19         6         4         0      4.653e+06
  109            119        53        10        56         0        15        11         3         1         0      4.631e+06
  110            113        46        26        41         0        32        17        14         1         0      4.622e+06
  111             98        37        13        48         0        15         7         1         7         0      4.602e+06
  112            103        53        22        28         0        31        18        11         2         0      4.598e+06
  113             69        30        15        24         0        13         5         6         2         0      4.598e+06
  114             67        24        21        22         0        15         6         9         0         0      4.581e+06
  115             54        18        17        19         0        15         9         6         0         0      4.581e+06
  116             33         9        16         8         0        11         3         8         0         0      4.581e+06
  117             22         3        10         9         0         1         0         0         1         0      4.581e+06
  118             36        11        11        14         0         5         5         0         0         0      4.581e+06
  119             16         5         7         4         0         3         3         0         0         0      4.578e+06
  120             14         3         7         4         0         2         2         0         0         0      4.576e+06
  121             24         7         7        10         0         1         1         0         0         0      4.573e+06
  122             10         2         7         1         0         2         2         0         0         0      4.573e+06
