===== Copy Generation Summary =====
#Iter       TotalGen  ind(reg)  mul(reg)  ind(csc)  mul(csc) TotalUsed  ind(reg)  mul(reg)  ind(csc)  mul(csc)            obj
    1            446       331        61        54         0       168       113        35        20         0      2.614e+08
    2            439       311        41        87         0       202       138        30        34         0      2.265e+08
    3            419       361         9        49         0       196       181         7         8         0      9.144e+07
    4            420       352        14        54         0       191       160        10        21         0      7.348e+07
    5            418       365         9        44         0       214       184         8        22         0      4.834e+07
    6            412       397         3        12         0       206       200         2         4         0      3.186e+07
    7            409       342         6        61         0       210       178         4        28         0      1.571e+07
    8            416       390         8        18         0       213       202         5         6         0      1.044e+07
    9            414       359        10        45         0       207       174         9        24         0      6.222e+06
   10            406       372        13        21         0       197       184        10         3         0      5.413e+06
   11            405       347        30        28         0       202       173        20         9         0      5.064e+06
   12            410       342        56        12         0       210       170        37         3         0      4.912e+06
   13            391       313        51        27         0       195       147        38        10         0      4.847e+06
   14            393       296        76        21         0       204       143        57         4         0      4.601e+06
   15            371       251        71        49         0       188       130        49         9         0      4.329e+06
   16            356       211       105        40         0       202       123        71         8         0      4.238e+06
   17            325       251        43        31         0       172       131        27        14         0      3.982e+06
   18            307       173        98        36         0       172        96        73         3         0      3.885e+06
   19            285       210        57        18         0       139       101        35         3         0      3.725e+06
   20            221       167        40        14         0       113        89        21         3         0      3.639e+06
   21            178       120        23        35         0        67        49         8        10         0      3.511e+06
   22            168       134        19        15         0        83        64        11         8         0      3.483e+06
   23            174       115        40        19         0        83        57        26         0         0      3.463e+06
   24            176       101        59        16         0        91        52        36         3         0      3.453e+06
   25            141       114        23         4         0        64        53        11         0         0      3.397e+06
   26            155       101        26        28         0        58        28        13        17         0      3.355e+06
   27            145       110        31         4         0        68        53        15         0         0      3.307e+06
   28            184        64       110        10         0        99        22        69         8         0      3.296e+06
   29            139        66        64         9         0        71        28        42         1         0      3.231e+06
   30            135        89        35        11         0        64        48        14         2         0      3.141e+06
   31            120        39        68        13         0        62        17        44         1         0      3.125e+06
   32            108        51        48         9         0        50        20        27         3         0        3.1e+06
   33            114        33        75         6         0        60        14        45         1         0      3.098e+06
   34             78        34        26        18         0        21         9        11         1         0      3.074e+06
   35             51        24        18         9         0        17         6        11         0         0      3.062e+06
   36             43        16        23         4         0        16         5        11         0         0      3.058e+06
   37             28        13         8         7         0         1         1         0         0         0      3.056e+06
