===== Copy Generation Summary =====
#Iter       TotalGen  ind(reg)  mul(reg)  ind(csc)  mul(csc) TotalUsed  ind(reg)  mul(reg)  ind(csc)  mul(csc)            obj
    1            386       325         0        61         0       148       133         0        15         0      1.318e+08
    2            402       331         0        71         0       154       137         0        17         0      1.111e+08
    3            412       371         0        41         0       188       174         0        14         0      8.911e+07
    4            410       388         0        22         0       199       194         0         5         0      6.138e+07
    5            408       386         0        22         0       210       203         0         7         0      3.832e+07
    6            409       379         0        30         0       203       190         0        13         0      2.213e+07
    7            401       348         0        53         0       195       177         0        18         0      1.244e+07
    8            403       372         0        31         0       206       191         0        15         0      5.608e+06
    9            391       361         0        30         0       184       179         0         5         0      3.784e+06
   10            387       353         0        34         0       177       165         0        12         0      3.652e+06
   11            376       347         0        29         0       180       168         0        12         0      3.347e+06
   12            367       339         0        28         0       184       183         0         1         0      3.343e+06
   13            342       315         0        27         0       157       149         0         8         0      3.243e+06
   14            328       279         0        49         0       126       122         0         4         0      3.094e+06
   15            306       261         0        45         0       142       131         0        11         0      2.933e+06
   16            274       233         0        41         0       118       110         0         8         0      2.823e+06
   17            253       213         0        40         0        88        76         0        12         0      2.702e+06
   18            215       187         0        28         0        91        80         0        11         0      2.656e+06
   19            218       186         0        32         0        93        91         0         2         0      2.462e+06
   20            179       158         0        21         0        81        78         0         3         0      2.386e+06
   21            169       154         0        15         0        68        66         0         2         0      2.265e+06
   22            155       140         0        15         0        71        68         0         3         0      2.265e+06
   23            127       111         0        16         0        58        55         0         3         0      2.208e+06
   24            129       112         0        17         0        66        66         0         0         0      2.181e+06
   25            115       104         0        11         0        63        63         0         0         0      2.176e+06
   26            107        92         0        15         0        33        33         0         0         0      2.176e+06
   27             79        55         0        24         0        18        16         0         2         0      2.176e+06
   28             97        77         0        20         0        38        37         0         1         0      2.042e+06
   29             51        43         0         8         0        15        14         0         1         0      2.035e+06
   30             38        30         0         8         0         6         5         0         1         0       2.01e+06
   31             24        22         0         2         0         5         5         0         0         0      2.007e+06
   32             17        16         0         1         0         1         1         0         0         0      2.007e+06
   33             18        16         0         2         0         2         2         0         0         0      2.007e+06
   34             16        15         0         1         0         0         0         0         0         0      2.007e+06
   35             16        15         0         1         0         1         1         0         0         0      2.007e+06
