===== Copy Generation Summary =====
#Iter       TotalGen  ind(reg)  mul(reg)  ind(csc)  mul(csc) TotalUsed  ind(reg)  mul(reg)  ind(csc)  mul(csc)            obj
    1            460       347        18        95         0       184       165         7        12         0      3.372e+08
    2            449       386         8        55         0       213       206         0         7         0      3.363e+08
    3            444       343         0       101         0       209       182         0        27         0      1.413e+08
    4            445       378         0        67         0       226       196         0        30         0      4.326e+07
    5            446       372         0        74         0       254       235         0        19         0      3.752e+07
    6            447       375         0        72         0       241       213         0        28         0      3.561e+07
    7            446       390         0        56         0       247       236         0        11         0      3.267e+07
    8            442       362         0        80         0       238       223         0        15         0      2.941e+07
    9            442       352         2        88         0       260       210         2        48         0       2.58e+07
   10            435       383         0        52         0       258       236         0        22         0      2.274e+07
   11            436       366         0        70         0       237       202         0        35         0      2.096e+07
   12            436       357         0        79         0       227       189         0        38         0      1.937e+07
   13            436       373         0        63         0       238       201         0        37         0      1.817e+07
   14            430       384         0        46         0       240       234         0         6         0      1.747e+07
   15            428       379         0        49         0       227       219         0         8         0      1.641e+07
   16            426       390         0        36         0       236       220         0        16         0      1.614e+07
   17            424       393         0        31         0       254       247         0         7         0      1.566e+07
   18            424       392         0        32         0       275       260         0        15         0      1.508e+07
   19            424       398         0        26         0       288       282         0         6         0      1.435e+07
   20            424       393         0        31         0       239       231         0         8         0      1.337e+07
   21            424       365         0        59         0       232       206         0        26         0      1.251e+07
   22            424       388         0        36         0       225       210         0        15         0      1.171e+07
   23            424       386         0        38         0       222       214         0         8         0      1.135e+07
   24            424       395         0        29         0       244       228         0        16         0      1.078e+07
   25            424       403         0        21         0       281       273         0         8         0      1.047e+07
   26            431       371         9        51         0       234       216         5        13         0      9.931e+06
   27            424       349         0        75         0       261       234         0        27         0      9.028e+06
   28            429       373         8        48         0       224       215         3         6         0      8.289e+06
   29            446       375        32        39         0       223       200        17         6         0      7.692e+06
   30            438       363        25        50         0       229       210        12         7         0      7.255e+06
   31            431       358        18        55         0       211       179        15        17         0      6.832e+06
   32            434       381        16        37         0       222       199        14         9         0      6.651e+06
   33            428       367        12        49         0       259       226         9        24         0      6.404e+06
   34            430       347        19        64         0       194       185         7         2         0      6.243e+06
   35            432       355        15        62         0       226       193        14        19         0      6.115e+06
   36            430       363        16        51         0       253       233        14         6         0       5.98e+06
   37            428       345        34        49         0       252       209        26        17         0      5.848e+06
   38            418       354        23        41         0       213       194         8        11         0      5.688e+06
   39            422       327        29        66         0       192       170        16         6         0      5.563e+06
   40            416       313        31        72         0       232       204        21         7         0      5.513e+06
   41            389       311         5        73         0       191       160         3        28         0      5.461e+06
   42            416       355        39        22         0       208       183        23         2         0      5.158e+06
   43            406       332        38        36         0       286       253        16        17         0      5.045e+06
   44            386       316        21        49         0       195       184         5         6         0      5.024e+06
   45            402       304        22        76         0       185       149        10        26         0      4.901e+06
   46            367       273         5        89         0       140       133         0         7         0      4.838e+06
   47            390       283        29        78         0       215       180        23        12         0        4.8e+06
   48            364       276        10        78         0       182       168         6         8         0      4.782e+06
   49            360       297         4        59         0       169       165         0         4         0      4.749e+06
   50            360       298         8        54         0       174       171         0         3         0      4.695e+06
   51            362       269        10        83         0       208       184         2        22         0       4.62e+06
   52            358       281         9        68         0       147       139         0         8         0      4.586e+06
   53            353       265        13        75         0       150       138         4         8         0      4.554e+06
   54            363       252         8       103         0       160       140         0        20         0      4.516e+06
   55            354       270        18        66         0       148       140         2         6         0      4.485e+06
   56            348       261        18        69         0       187       159         7        21         0      4.482e+06
   57            355       220        23       112         0       184       124        17        43         0      4.383e+06
   58            343       245        11        87         0       125       119         3         3         0      4.356e+06
   59            325       224        10        91         0       142       131         6         5         0      4.332e+06
   60            334       265        25        44         0       158       143         9         6         0      4.311e+06
   61            322       219         9        94         0       128       115         0        13         0      4.291e+06
   62            295       220         6        69         0       120       117         0         3         0      4.243e+06
   63            298       178        12       108         0       161       123         4        34         0      4.191e+06
   64            280       187         8        85         0       104        94         0        10         0      4.181e+06
   65            271       214         3        54         0       135       130         0         5         0      4.179e+06
   66            298       236        18        44         0       144       134         8         2         0      4.128e+06
   67            270       203         9        58         0       136       115         0        21         0      4.119e+06
   68            276       195        12        69         0       132       112         0        20         0      4.073e+06
   69            263       199         8        56         0       121       114         0         7         0      4.023e+06
   70            277       199        28        50         0       136       119         8         9         0      4.016e+06
   71            263       199         8        56         0       147       132         0        15         0       3.99e+06
   72            279       209        10        60         0       140       139         0         1         0      3.969e+06
   73            267       171        10        86         0        82        71         0        11         0      3.957e+06
   74            262       212        10        40         0       108       107         0         1         0      3.942e+06
   75            256       182        14        60         0        92        90         2         0         0      3.928e+06
   76            258       192        12        54         0       112       103         3         6         0      3.877e+06
   77            234       177        10        47         0       107       104         0         3         0      3.847e+06
   78            266       207        11        48         0       122       112         5         5         0      3.814e+06
   79            255       198         8        49         0        97        88         0         9         0      3.809e+06
   80            226       138         8        80         0        87        73         4        10         0      3.807e+06
   81            220       163        14        43         0        88        82         5         1         0      3.805e+06
   82            204       132        12        60         0        85        69         3        13         0      3.801e+06
   83            206       158        11        37         0        99        97         0         2         0      3.789e+06
   84            201       154        11        36         0        86        85         0         1         0      3.773e+06
   85            203       141        15        47         0        92        81         5         6         0      3.769e+06
   86            178       133        12        33         0        99        93         0         6         0       3.74e+06
   87            178       153         8        17         0        85        82         0         3         0      3.734e+06
   88            211       148         8        55         0       100        87         0        13         0      3.731e+06
   89            262       150         8       104         0        82        81         0         1         0       3.73e+06
   90            311       221         7        83         0       104        93         0        11         0      3.726e+06
   91            171       121        10        40         0        85        71         0        14         0      3.722e+06
   92            169       147        10        12         0        77        74         0         3         0      3.721e+06
   93            167        95         8        64         0        51        49         0         2         0      3.717e+06
   94            173       139        10        24         0       111       105         0         6         0      3.712e+06
   95            166       111        10        45         0        62        58         0         4         0       3.71e+06
   96            166       128        10        28         0        65        63         0         2         0      3.706e+06
   97            167       117        10        40         0        68        65         0         3         0      3.703e+06
   98            168       125        12        31         0        71        66         0         5         0      3.703e+06
   99            166       135        10        21         0       101        97         0         4         0      3.695e+06
  100            166       110        10        46         0        69        65         0         4         0      3.695e+06
  101            168        91        12        65         0       106        62         0        44         0      3.679e+06
  102            171       117        10        44         0        63        57         0         6         0      3.672e+06
  103            164       104         8        52         0        61        61         0         0         0      3.672e+06
  104            214       118         9        87         0        61        58         0         3         0      3.671e+06
  105            167       126         8        33         0        92        83         0         9         0      3.671e+06
  106            166       144         8        14         0        79        78         0         1         0       3.67e+06
  107            168       121         9        38         0        68        62         0         6         0      3.669e+06
  108            183        91        16        76         0        68        54         7         7         0      3.667e+06
  109            225       183        17        25         0       150       141         7         2         0      3.664e+06
  110            170       101         8        61         0        59        51         0         8         0      3.663e+06
  111            263       182         8        73         0       105       100         0         5         0      3.661e+06
  112            258       154        18        86         0       101        88         8         5         0      3.661e+06
  113            169       145        10        14         0        75        73         2         0         0       3.66e+06
  114            166        99         9        58         0        49        43         0         6         0      3.659e+06
  115            164        89         8        67         0        74        67         0         7         0      3.657e+06
  116            164       113         8        43         0        69        67         0         2         0      3.657e+06
  117            184       125        12        47         0        65        59         4         2         0      3.657e+06
  118            194       131         8        55         0        68        66         0         2         0      3.656e+06
  119            159       126         3        30         0        80        71         0         9         0      3.655e+06
  120            164       113         8        43         0        64        60         0         4         0      3.655e+06
  121            164       113         8        43         0        82        77         0         5         0      3.654e+06
  122            165       115         8        42         0        69        63         0         6         0      3.653e+06
  123            164       100        11        53         0        63        50         0        13         0      3.652e+06
  124            164       102         8        54         0        50        45         0         5         0      3.652e+06
  125            166       129        10        27         0        81        80         0         1         0      3.651e+06
  126            166        86        16        64         0        69        54         5        10         0      3.651e+06
  127            155        97         4        54         0        52        48         0         4         0      3.649e+06
  128            167        97        14        56         0        67        64         3         0         0      3.647e+06
  129            164       121         8        35         0        63        61         0         2         0      3.646e+06
  130            166        95        20        51         0        73        50        10        13         0      3.645e+06
  131            164       143         8        13         0        84        81         0         3         0      3.636e+06
  132            446       424         0        22         0       219       217         0         2         0      3.633e+06
  133            409       245         7       157         0        87        86         0         1         0      3.633e+06
  134            294       241         6        47         0       136       132         2         2         0      3.633e+06
  135            331       181         4       146         0        76        75         0         1         0      3.628e+06
  136            232       183         9        40         0        93        91         0         2         0      3.624e+06
  137            261       161        10        90         0        82        76         0         6         0      3.623e+06
  138            172       131         9        32         0       105       102         0         3         0       3.62e+06
  139            210       134         8        68         0        75        67         0         8         0      3.619e+06
  140            156        75         5        76         0        41        36         2         3         0      3.605e+06
  141            163        89         8        66         0        34        33         0         1         0      3.585e+06
  142            155        87        11        57         0        53        43         6         4         0      3.547e+06
  143            141        67        15        59         0        33        30         2         1         0      3.535e+06
  144            109        64        11        34         0        25        22         2         1         0      3.523e+06
  145            111        56         4        51         0        23        21         0         2         0      3.504e+06
  146            125        65        25        35         0        42        24        18         0         0      3.504e+06
  147             94        58        14        22         0        41        36         2         3         0      3.504e+06
  148             99        38        23        38         0        29        16         9         4         0      3.504e+06
  149             71        25        14        32         0        12         8         2         2         0      3.504e+06
  150             62        26        16        20         0        18        10         8         0         0      3.503e+06
  151             61        28         4        29         0         9         8         0         1         0      3.503e+06
  152             47        17        14        16         0        15         6         8         1         0      3.503e+06
  153             44        19         9        16         0        15        12         3         0         0      3.485e+06
  154             30         9         7        14         0         3         3         0         0         0      3.485e+06
  155            129        85        13        31         0        16        13         3         0         0      3.469e+06
  156             23         9         7         7         0         6         2         3         1         0      3.469e+06
  157             25        12         8         5         0         5         5         0         0         0      3.469e+06
  158             21         5         6        10         0         1         1         0         0         0      3.453e+06
  159             43        14        11        18         0         7         5         2         0         0      3.453e+06
  160             46        13        13        20         0         2         0         2         0         0      3.453e+06
  161             16         4         5         7         0         1         1         0         0         0      3.453e+06
  162             11         5         5         1         0         2         2         0         0         0      3.453e+06
  163             18         3         9         6         0         2         0         2         0         0      3.453e+06
  164             17         5         8         4         0         4         1         3         0         0      3.453e+06
  165             12         4         5         3         0         1         1         0         0         0      3.453e+06
  166             29        12         4        13         0         1         1         0         0         0      3.453e+06
