===== Copy Generation Summary =====
#Iter     Gen    Indv     Seq     CSC    Used            Obj
    1     301     301       0       0     123      1.114e+10
    2     251     251       0       0     171      5.414e+08
    3     254     253       1       0     170      3.017e+08
    4     229     229       0       0     184       2.14e+08
    5     209     209       0       0     201       1.63e+08
    6     205     205       0       0     198      1.305e+08
    7     195     195       0       0     199      9.623e+07
    8     203     203       0       0     195      7.494e+07
    9     209     209       0       0     192      6.105e+07
   10     218     218       0       0     178      5.109e+07
   11     223     223       0       0     173      3.979e+07
   12     230     228       2       0     160      3.282e+07
   13     220     220       0       0     156      2.752e+07
   14     228     228       0       0     152      2.201e+07
   15     217     217       0       0     148      1.649e+07
   16     232     231       1       0     136       1.18e+07
   17     226     225       1       0     126      6.392e+06
   18     221     221       0       0      99      5.894e+06
   19     210     210       0       0      76      5.492e+06
   20     205     203       2       0      71      4.982e+06
   21     179     179       0       0      59      4.666e+06
   22     145     143       2       0      66      4.414e+06
   23     143     138       5       0      48      3.964e+06
   24     130     128       2       0      41      3.715e+06
   25     113     113       0       0      37      3.591e+06
   26      92      90       2       0      58      3.457e+06
   27      97      97       0       0      34      3.437e+06
   28     100      98       2       0      23      3.275e+06
   29      99      97       2       0      51      3.062e+06
   30      78      78       0       0      45      3.016e+06
   31      86      86       0       0      15      2.876e+06
   32      63      61       2       0      26      2.757e+06
   33      65      65       0       0      11      2.628e+06
   34      41      41       0       0      22      2.549e+06
   35      18      18       0       0       1      2.484e+06
   36      25      25       0       0      14      2.461e+06
   37      23      17       6       0      12      2.461e+06
   38      16      15       1       0       3      2.461e+06
   39      13      13       0       0       2      2.455e+06
   40       9       9       0       0       2      2.455e+06
