Run time(sec):            601
IP gap:254.9
======================= COST =======================
======================= COST =======================
Total:               2.01e+09
Cancel:             1.999e+09
Delay:                   6900
Swaps:              2.004e+06
PosViol:            4.825e+06
CSC:                3.917e+06

===================== DISRUPTION ===================
# Cancelled:             1207
# Delayed:                  5
# Swaps:                  167
# CSCs:                   155
Ttl delay(min):	           69
Avg delay(min):	           13
Min delay(min):	            1
Max delay(min):	           25

================= AIRPORT CAPACITY =================
SEA 2025-Jul-07 17:00:00 2025-Jul-07 21:00:00 1 0(0)
SEA 2025-Jul-07 17:00:00 2025-Jul-07 21:00:00 2 0(0)
SEA 2025-Jul-07 21:00:00 2025-Jul-07 22:00:00 1 8(2)
SEA 2025-Jul-07 22:00:00 2025-Jul-07 23:00:00 1 8(2)
SEA 2025-Jul-07 23:00:00 2025-Jul-08 00:00:00 1 8(1)
SEA 2025-Jul-07 21:00:00 2025-Jul-07 22:00:00 2 3(0)
SEA 2025-Jul-07 22:00:00 2025-Jul-07 23:00:00 2 3(0)
SEA 2025-Jul-07 23:00:00 2025-Jul-08 00:00:00 2 3(0)
SEA 2025-Jul-08 00:00:00 2025-Jul-08 01:00:00 1 1(1)
SEA 2025-Jul-08 01:00:00 2025-Jul-08 02:00:00 1 1(1)
SEA 2025-Jul-08 02:00:00 2025-Jul-08 03:00:00 1 1(1)
SEA 2025-Jul-08 00:00:00 2025-Jul-08 01:00:00 2 6(0)
SEA 2025-Jul-08 01:00:00 2025-Jul-08 02:00:00 2 6(0)
SEA 2025-Jul-08 02:00:00 2025-Jul-08 03:00:00 2 6(0)
PDX 2025-Jul-07 21:00:00 2025-Jul-07 22:00:00 1 7(2)
PDX 2025-Jul-07 22:00:00 2025-Jul-07 23:00:00 1 7(0)
PDX 2025-Jul-07 23:00:00 2025-Jul-08 00:00:00 1 7(0)
PDX 2025-Jul-08 00:00:00 2025-Jul-08 01:00:00 1 7(0)
PDX 2025-Jul-07 21:00:00 2025-Jul-07 22:00:00 2 2(0)
PDX 2025-Jul-07 22:00:00 2025-Jul-07 23:00:00 2 2(0)
PDX 2025-Jul-07 23:00:00 2025-Jul-08 00:00:00 2 2(2)
PDX 2025-Jul-08 00:00:00 2025-Jul-08 01:00:00 2 2(0)
PDX 2025-Jul-08 01:00:00 2025-Jul-08 02:00:00 1 10(0)
PDX 2025-Jul-08 02:00:00 2025-Jul-08 03:00:00 1 10(0)
PDX 2025-Jul-08 03:00:00 2025-Jul-08 04:00:00 1 10(0)
PDX 2025-Jul-08 04:00:00 2025-Jul-08 05:00:00 1 10(2)
PDX 2025-Jul-08 01:00:00 2025-Jul-08 02:00:00 2 9(0)
PDX 2025-Jul-08 02:00:00 2025-Jul-08 03:00:00 2 9(0)
PDX 2025-Jul-08 03:00:00 2025-Jul-08 04:00:00 2 9(1)
PDX 2025-Jul-08 04:00:00 2025-Jul-08 05:00:00 2 9(0)
OKC 2025-Jul-07 21:00:00 2025-Jul-07 22:00:00 1 1(0)
OKC 2025-Jul-07 21:00:00 2025-Jul-07 22:00:00 2 2(0)
OKC 2025-Jul-07 22:00:00 2025-Jul-07 23:00:00 1 1(0)
OKC 2025-Jul-07 23:00:00 2025-Jul-08 00:00:00 1 1(0)
OKC 2025-Jul-08 00:00:00 2025-Jul-08 01:00:00 1 1(0)
OKC 2025-Jul-08 01:00:00 2025-Jul-08 02:00:00 1 1(0)
OKC 2025-Jul-07 22:00:00 2025-Jul-07 23:00:00 2 2(0)
OKC 2025-Jul-07 23:00:00 2025-Jul-08 00:00:00 2 2(0)
OKC 2025-Jul-08 00:00:00 2025-Jul-08 01:00:00 2 2(0)
OKC 2025-Jul-08 01:00:00 2025-Jul-08 02:00:00 2 2(0)
TUS 2025-Jul-07 21:00:00 2025-Jul-07 22:00:00 1 2(0)
TUS 2025-Jul-07 22:00:00 2025-Jul-07 23:00:00 1 2(0)
TUS 2025-Jul-07 23:00:00 2025-Jul-08 00:00:00 1 2(0)
TUS 2025-Jul-08 00:00:00 2025-Jul-08 01:00:00 1 2(0)
TUS 2025-Jul-07 21:00:00 2025-Jul-07 22:00:00 2 1(0)
TUS 2025-Jul-07 22:00:00 2025-Jul-07 23:00:00 2 1(0)
TUS 2025-Jul-07 23:00:00 2025-Jul-08 00:00:00 2 1(0)
TUS 2025-Jul-08 00:00:00 2025-Jul-08 01:00:00 2 1(0)
TUS 2025-Jul-08 01:00:00 2025-Jul-08 02:00:00 1 2(0)
TUS 2025-Jul-08 01:00:00 2025-Jul-08 02:00:00 2 0(0)

================= AIRCRAFT LOCATION ================
Aircraft     PlannedEnd      ActualEnd
N214AK            AUS            SAN
N224AK            ANC            PHX
N236AK            IAD            JFK
N237AK            SEA            LAS
N238AK            IAD            GEG
N247AK            SEA            SEA
N248AK            SEA            DEN
N251AK            EUG            SEA
N253AK            IND            SJC
N260AK            PDX            BOI
N264AK            OMA            SEA
N265AK            SFO            PDX
N267AK            PDX            SEA
N268AK            PDX            LAS
N270AK            SEA            ANC
N272AK            ORD            TUS
N273AK            JNU            PDX
N274AK            MKE            ORD
N275AK            LAS            LAX
N277AK            CMH            SEA
N280AK            PDX            SAN
N281AK            ABQ            SEA
N282AK            JFK            SEA
N283AK            PDX            SEA
N284AK            SJC            SEA
N285AK            SMF            ABQ
N287AK            RDM            PDX
N288AK            ORD            PDX
N290AK            BNA            BOS
N291BT            SEA            STL
N292AK            LAS            EUG
N293AK            ANC            JFK
N294AK            LAX            LAX
N296AK            PHX            JFK
N297AK            SFO            ANC
N298AK            LAX            DTW
N307AS            SEA            JNU
N309AS            JNU            SFO
N318AS            SEA            GEG
N402AS            LAS            HNL
N403AS            SAN            LAX
N408AS            ANC            SEA
N409AS            SFO            GEG
N413AS            SEA            ANC
N419AS            BOS            FAI
N423AS            LAX            RDM
N431AS            MCO            EWR
N433AS            CLE            PDX
N434AS            ANC            SEA
N435AS            GEG            PDX
N440AS            LAX            EWR
N442AS            SEA            SMF
N448AS            SEA            LAS
N453AS            JNU            RNO
N457AS            DFW            SEA
N459AS            SFO            BOS
N462AS            SFO            JNU
N464AS            ANC            IAD
N467AS            MCI            SFO
N469AS            GEG            IAD
N471AS            SEA            TPA
N472AS            SJC            SEA
N474AS            SEA            CLE
N477AS            TPA            SEA
N478AS            ANC            ANC
N481AS            PDX            SEA
N483AS            PDX            MSY
N486AS            SEA            SEA
N487AS            BNA            SEA
N491AS            PDX            OMA
N492AS            PDX            AUS
N493AS            PHL            SEA
N494AS            ANC            SEA
N495AS            HNL            MCO
N506AS            BOS            SEA
N508AS            DCA            SNA
N512AS            SNA            SEA
N513AS            SEA            DFW
N514AS            SFO            DEN
N516AS            LAX            SNA
N517AS            SAN            STS
N518AS            LAX            SAN
N519AS            SNA            SNA
N520AS            ANC            SJC
N523AS            SEA            DCA
N525AS            ANC            SNA
N526AS            SEA            SAN
N527AS            BWI            BNA
N529AS            SIT            KOA
N530AS            SJC            JFK
N531AS            SEA            DEN
N532AS            PDX            SEA
N535AS            SAN            DFW
N536AS            SEA            MSP
N537AS            DCA            PDX
N538AS            SEA            KOA
N546AS            SEA            PDX
N548AS            DEN            ONT
N549AS            ADQ            ADQ
N551AS            SEA            SEA
N552AS            SNA            SAN
N553AS            SEA            SFO
N556AS            SMF            PDX
N557AS            SAN            SEA
N560AS            SEA            LAS
N562AS            MSP            SAN
N564AS            ANC            LIH
N565AS            SEA            CDV
N568AS            LAX            SAN
N569AS            SAN            SFO
N570AS            SAN            ONT
N577AS            SEA            BOS
N579AS            KOA            DCA
N581AS            BOS            SNA
N586AS            PDX            ANC
N587AS            PHX            SEA
N589AS            JFK            SEA
N590AS            DCA            SEA
N592AS            ORD            ANC
N593AS            LAS            PHX
N594AS            OAK            SEA
N596AS            SEA            KTN
N597AS            OGG            MCO
N607AS            ANC            KTN
N609AS            SIT            JNU
N611AS            SEA            ANC
N612AS            ANC            SEA
N613AS            RNO            WRG
N615AS            JNU            YAK
N618AS            ANC            SAN
N619AS            ANC            SEA
N622AS            SEA            PSG
N703AL            SEA            SEA
N705AL            LAX            ATL
N706AL            EWR            IAH
N707AL            EWR            STL
N708AL            ORD            JFK
N709AL            TPA            ONT
N710AL            MSP            OAK
N712AL            LAX            SEA
N713AL            PDX            SAN
N716AL            MCO            MCO
N719AL            SEA            SEA
N720AL            BOS            ORD
N722AL            SEA            ANC
N723AL            DFW            SEA
N724AL            AUS            MCO
N725AL            SFO            PDX
N729AL            LAX            EWR
N731AL            MCO            FAI
N732AL            SEA            HNL
N733AL            PDX            EWR
N734AL            JFK            SAN
N738AL            SEA            LAS
N801AK            ANC            SEA
N803AK            JFK            BRW
N804AK            SEA            SIT
N805AK            LAX            LAX
N806AK            LAX            LAX
N809AK            SEA            DFW
N812AK            SFO            SFO
N813AK            SEA            SAN
N903AK            PDX            BOS
N912AK            SAN            SFO
N913AK            GEG            SEA
N915AK            SEA            PHX
N917AK            ONT            SEA
N918AK            RDU            SEA
N919AK            PHX            BOS
N920AK            ATL            BOS
N921AK            AUS            SEA
N924AK            EWR            MSP
N926AK            MSY            FAI
N928AK            DEN            MSP
N929AK            SEA            SEA
N931AK            PDX            IAD
N932AK            SFO            PDX
N933AK            ORD            SAN
N934AK            ANC            PDX
N935AK            SAN            SJC
N936AK            SEA            SEA
N938AK            LAX            SFO
N941AK            IAH            SEA
N942AK            ORD            SJC
N947AK            FAI            SEA
N948AK            LAX            SEA
N949AK            FAI            SEA
N952AK            SEA            ANC
N953AK            CVG            SEA
N954AK            PDX            SJC
N955AK            SFO            DEN
N956AK            PIT            OGG
N958AK            SAT            MSP
N960AK            BOS            SAN
N961AK            PHX            BUR
N962AK            SFO            SEA
N963AK            LAX            SAN
N964AK            IAH            LAX
N966AK            SFO            JFK
N967AK            LAX            PDX
N968AK            JFK            STL
N969AK            PDX            SEA
N972AK            SFO            FAI
N973AK            ONT            BNA
N974AK            BOI            PDX
N975AK            LAS            SEA
N976AK            STL            ORD
N977AK            SEA            SFO
N978AK            IAD            SEA
N982AK            SEA            SEA
N983AK            ATL            PIT
N984AK            FAI            AUS
N985AK            DEN            GEG
N990AK            LAX            IAD
N407AS            SEA            PHL
N428AS            LAX            SEA
N468AS            DTW            SEA
N479AS            SEA            SEA
N563AS            GEG            SNA
N566AS            SFO            DCA
N588AS            ANC            ANC
N614AS            ANC            PHX
N946AK            BUR            EWR
N971AK            BUR            EWR
N979AK            SAN            SEA
