111-7/7	N731AL	N731AL	-NA-
542-7/7	N442AS	N442AS	-NA-
168-7/7	N307AS	N307AS	-NA-
148-7/7	N613AS	N613AS	-NA-
150-7/7	N409AS	N409AS	-NA-
110-7/7	N812AK	N812AK	-NA-
54-7/7	N483AS	N483AS	-NA-
302-7/7	N518AS	N518AS	-NA-
42-7/7	N453AS	N453AS	-NA-
336-7/7	N961AK	N961AK	-NA-
156-7/7	N935AK	N935AK	-NA-
546-7/7	N487AS	N487AS	-NA-
377-7/7	N724AL	N724AL	-NA-
351-7/7	N926AK	N926AK	-NA-
446-7/7	N423AS	N423AS	-NA-
21-7/7	N525AS	N525AS	-NA-
381-7/7	N952AK	N952AK	-NA-
573-7/7	N938AK	N938AK	-NA-
316-7/7	N491AS	N491AS	-NA-
548-7/7	N734AL	N734AL	-NA-
453-7/7	N464AS	N464AS	-NA-
1021-7/7	N723AL	N723AL	-NA-
942-7/7	N474AS	N474AS	-NA-
627-7/7	N291BT	N291BT	-NA-
361-7/7	N958AK	N958AK	-NA-
299-7/7	N975AK	N975AK	-NA-
395-7/7	N984AK	N984AK	-NA-
459-7/7	N440AS	N440AS	-NA-
308-7/7	N733AL	N733AL	-NA-
242-7/7	N448AS	N448AS	-NA-
920-7/7	N435AS	N435AS	-NA-
387-7/7	N960AK	N960AK	-NA-
473-7/7	N292AK	N292AK	-NA-
563-7/7	N712AL	N712AL	-NA-
349-7/7	N519AS	N519AS	-NA-
289-7/7	N273AK	N273AK	-NA-
495-7/7	N983AK	N983AK	-NA-
1-7/7	N536AS	N536AS	-NA-
383-7/7	N285AK	N285AK	-NA-
643-7/7	N471AS	N471AS	-NA-
413-7/7	N268AK	N268AK	-NA-
341-7/7	N710AL	N710AL	-NA-
451-7/7	N977AK	N977AK	-NA-
458-7/7	N719AL	N719AL	-NA-
595-7/7	N973AK	N973AK	-NA-
737-7/7	N968AK	N968AK	-NA-
303-7/7	N967AK	N967AK	-NA-
541-7/7	N265AK	N265AK	-NA-
260-7/7	N577AS	N577AS	-NA-
428-7/7	N729AL	N729AL	-NA-
15-7/7	N523AS	N523AS	-NA-
1109-7/7	N532AS	N532AS	-NA-
491-7/7	N809AK	N809AK	-NA-
132-7/7	N467AS	N467AS	-NA-
966-7/7	N596AS	N596AS	-NA-
683-7/7	N275AK	N275AK	-NA-
375-7/7	N214AK	N214AK	-NA-
943-7/7	N284AK	N284AK	-NA-
701-7/7	N557AS	N557AS	-NA-
173-7/7	N565AS	N565AS	-NA-
1091-7/7	N920AK	N920AK	-NA-
373-7/7	N708AL	N708AL	-NA-
981-7/7	N552AS	N552AS	-NA-
1316-7/7	N579AS	N579AS	-NA-
1293-7/7	N514AS	N514AS	-NA-
433-7/7	N982AK	N982AK	-NA-
188-7/7	N403AS	N403AS	-NA-
186-7/7	N607AS	N607AS	-NA-
799-7/7	N506AS	N506AS	-NA-
408-7/7	N434AS	N434AS	-NA-
499-7/7	N928AK	N928AK	-NA-
593-7/7	N618AS	N618AS	-NA-
1265-7/7	N956AK	N956AK	-NA-
1217-7/7	N947AK	N947AK	-NA-
30-7/7	N966AK	N966AK	-NA-
537-7/7	N248AK	N248AK	-NA-
68-7/7	N953AK	N953AK	-NA-
533-7/7	N298AK	N298AK	-NA-
298-7/7	N974AK	N974AK	-NA-
623-7/7	N803AK	N803AK	-NA-
1325-7/7	N564AS	N564AS	-NA-
55-7/7	N611AS	N611AS	-NA-
210-7/7	N526AS	N526AS	-NA-
5-7/7	N590AS	N590AS	-NA-
917-7/7	N720AL	N720AL	-NA-
1043-7/7	N738AL	N738AL	-NA-
1181-7/7	N556AS	N556AS	-NA-
831-7/7	N963AK	N963AK	-NA-
1298-7/7	N553AS	N553AS	-NA-
1239-7/7	N915AK	N915AK	-NA-
368-7/7	N716AL	N716AL	-NA-
1124-7/7	N537AS	N537AS	-NA-
1101-7/7	N913AK	N913AK	-NA-
869-7/7	N529AS	N529AS	-NA-
1258-7/7	N236AK	N236AK	-NA-
1151-7/7	N535AS	N535AS	-NA-
284-7/7	N912AK	N912AK	-NA-
24-7/7	N969AK	N969AK	-NA-
399-7/7	N972AK	N972AK	-NA-
281-7/7	N294AK	N294AK	-NA-
745-7/7	N921AK	N921AK	-NA-
85-7/7	N924AK	N924AK	-NA-
504-7/7	N929AK	N929AK	-NA-
82-7/7	N731AL	N731AL	-NA-
1041-7/7	N402AS	N402AS	-NA-
618-7/7	N705AL	N705AL	-NA-
512-7/7	N247AK	N247AK	-NA-
1082-7/7	N812AK	N812AK	-NA-
73001-7/7	N622AS	N622AS	-NA-
61002-7/7	N619AS	N619AS	-NA-
65003-7/7	N613AS	N613AS	-NA-
1076-7/7	N934AK	N934AK	-NA-
365-7/7	N442AS	N442AS	-NA-
1226-7/7	N954AK	N954AK	-NA-
931-7/7	N609AS	N609AS	-NA-
511-7/7	N806AK	N806AK	-NA-
1136001-7/7	N594AS	N594AS	-NA-
1130-7/7	N469AS	N469AS	-NA-
393-7/7	N593AS	N593AS	-NA-
35-7/7	N472AS	N472AS	-NA-
963-7/7	N477AS	N477AS	-NA-
797-7/7	N964AK	N964AK	-NA-
974-7/7	N492AS	N492AS	-NA-
784-7/7	N978AK	N978AK	-NA-
790-7/7	N569AS	N569AS	-NA-
358-7/7	N290AK	N290AK	-NA-
324-7/7	N413AS	N413AS	-NA-
1193-7/7	N936AK	N936AK	-NA-
526-7/7	N581AS	N581AS	-NA-
645-7/7	N520AS	N520AS	-NA-
1089-7/7	N280AK	N280AK	-NA-
430-7/7	N493AS	N493AS	-NA-
1154-7/7	N941AK	N941AK	-NA-
1148-7/7	N516AS	N516AS	-NA-
1063-7/7	N459AS	N459AS	-NA-
912-7/7	N813AK	N813AK	-NA-
249-7/7	N713AL	N713AL	-NA-
18-7/7	N481AS	N481AS	-NA-
1074-7/7	N238AK	N238AK	-NA-
139-7/7	N287AK	N287AK	-NA-
248-7/7	N919AK	N919AK	-NA-
1228-7/7	N976AK	N976AK	-NA-
62-7/7	N586AS	N586AS	-NA-
292-7/7	N431AS	N431AS	-NA-
606-7/7	N457AS	N457AS	-NA-
516-7/7	N284AK	N284AK	-NA-
867-7/7	N518AS	N518AS	-NA-
648-7/7	N453AS	---	Unassigned
479-7/7	N288AK	---	Unassigned
79-7/7	N596AS	---	Unassigned
N277AK_SEA-15:00/03:00	N277AK	N277AK	0
1410-7/7	N433AS	N433AS	0
196-7/7	N592AS	---	Unassigned
1290001-7/7	N272AK	---	Unassigned
1179-7/7	N805AK	---	Unassigned
1306-7/7	N968AK	---	Unassigned
329-7/7	N274AK	---	Unassigned
1149-7/7	N587AS	---	Unassigned
366001-7/7	N517AS	---	Unassigned
682001-7/7	N935AK	---	Unassigned
916-7/7	N942AK	---	Unassigned
233-7/7	N495AS	---	Unassigned
231-7/7	N549AS	N549AS	0
1166-7/7	N928AK	---	Unassigned
405001-7/7	N513AS	---	Unassigned
1255-7/7	N486AS	---	Unassigned
60-7/7	N615AS	---	Unassigned
90-7/7	N282AK	---	Unassigned
47-7/7	N478AS	---	Unassigned
414-7/7	N958AK	---	Unassigned
214-7/7	N962AK	N990AK	0
306-7/7	N709AL	---	Unassigned
26-7/7	N419AS	---	Unassigned
305001-7/7	N467AS	---	Unassigned
1254-7/7	N277AK	---	Unassigned
613-7/7	N918AK	---	Unassigned
313001-7/7	N253AK	---	Unassigned
227-7/7	N933AK	---	Unassigned
890-7/7	N508AS	---	Unassigned
555001-7/7	N707AL	N958AK	0
73-7/7	N622AS	---	Unassigned
142-7/7	N462AS	---	Unassigned
390-7/7	N932AK	---	Unassigned
165-7/7	N531AS	---	Unassigned
612-7/7	N309AS	---	Unassigned
402-7/7	N494AS	---	Unassigned
1169-7/7	N530AS	---	Unassigned
718-7/7	N725AL	---	Unassigned
560-7/7	N512AS	---	Unassigned
572001-7/7	N270AK	---	Unassigned
388-7/7	N947AK	N968AK	0
1071-7/7	N538AS	---	Unassigned
83-7/7	N237AK	---	Unassigned
1268-7/7	N408AS	---	Unassigned
270-7/7	N732AL	---	Unassigned
57-7/7	N267AK	---	Unassigned
320-7/7	N597AS	---	Unassigned
1190-7/7	N527AS	N563AS	0
4-7/7	N804AK	---	Unassigned
502-7/7	N471AS	---	Unassigned
825-7/7	N706AL	---	Unassigned
578-7/7	N990AK	---	Unassigned
418001-7/7	N552AS	---	Unassigned
55001-7/7	N611AS	---	Unassigned
10-7/7	N560AS	---	Unassigned
1113-7/7	N931AK	---	Unassigned
294-7/7	N260AK	---	Unassigned
326-7/7	N487AS	---	Unassigned
899-7/7	N568AS	---	Unassigned
568-7/7	N474AS	N483AS	0
442-7/7	N448AS	---	Unassigned
113-7/7	N251AK	---	Unassigned
406001-7/7	N724AL	---	Unassigned
8-7/7	N581AS	N566AS	0
65001-7/7	N613AS	---	Unassigned
426-7/7	N548AS	N513AS	0
1051-7/7	N607AS	---	Unassigned
798-7/7	N409AS	---	Unassigned
149-7/7	N506AS	---	Unassigned
312001-7/7	N938AK	---	Unassigned
1080-7/7	N712AL	N942AK	0
137-7/7	N592AS	---	Unassigned
174-7/7	N514AS	---	Unassigned
1108-7/7	N292AK	---	Unassigned
875-7/7	N535AS	---	Unassigned
1259-7/7	N813AK	---	Unassigned
731-7/7	N224AK	---	Unassigned
23-7/7	N293AK	---	Unassigned
215-7/7	N318AS	---	Unassigned
1133-7/7	N920AK	---	Unassigned
1311-7/7	N954AK	---	Unassigned
232-7/7	N549AS	N549AS	0
198-7/7	N612AS	---	Unassigned
727-7/7	N477AS	---	Unassigned
1007-7/7	N738AL	---	Unassigned
101-7/7	N491AS	---	Unassigned
796-7/7	N493AS	---	Unassigned
508001-7/7	N722AL	---	Unassigned
505-7/7	N956AK	---	Unassigned
61001-7/7	N619AS	---	Unassigned
72-7/7	N609AS	---	Unassigned
522001-7/7	N423AS	---	Unassigned
450001-7/7	N960AK	---	Unassigned
829-7/7	N723AL	---	Unassigned
1161-7/7	N459AS	---	Unassigned
1143-7/7	N961AK	---	Unassigned
1084-7/7	N556AS	---	Unassigned
863-7/7	N537AS	---	Unassigned
807-7/7	N570AS	---	Unassigned
60001-7/7	N615AS	---	Unassigned
1136-7/7	N594AS	---	Unassigned
378-7/7	N952AK	---	Unassigned
160-7/7	N565AS	---	Unassigned
62001-7/7	N586AS	---	Unassigned
216001-7/7	N403AS	---	Unassigned
887-7/7	N926AK	---	Unassigned
1296-7/7	N268AK	---	Unassigned
385-7/7	N593AS	N593AS	0
738-7/7	N296AK	---	Unassigned
477-7/7	N734AL	---	Unassigned
775-7/7	N618AS	---	Unassigned
629-7/7	N913AK	---	Unassigned
128-7/7	N280AK	---	Unassigned
637-7/7	N915AK	---	Unassigned
1420-7/7	N433AS	---	Unassigned
322-7/7	N236AK	N469AS	0
757-7/7	N806AK	---	Unassigned
1073-7/7	N469AS	---	Unassigned
121-7/7	N265AK	---	Unassigned
725-7/7	N903AK	---	Unassigned
49-7/7	N557AS	---	Unassigned
1277-7/7	N553AS	---	Unassigned
818-7/7	N936AK	---	Unassigned
822-7/7	N562AS	---	Unassigned
543-7/7	N809AK	---	Unassigned
739-7/7	N812AK	---	Unassigned
862-7/7	N703AL	---	Unassigned
1240-7/7	N964AK	---	Unassigned
500001-7/7	N402AS	---	Unassigned
1256-7/7	N435AS	---	Unassigned
234-7/7	N267AK	---	Unassigned
535001-7/7	N291BT	---	Unassigned
434-7/7	N918AK	---	Unassigned
1299-7/7	N516AS	---	Unassigned
65004-7/7	N613AS	---	Unassigned
300-7/7	N492AS	---	Unassigned
1278-7/7	N973AK	---	Unassigned
824-7/7	N917AK	---	Unassigned
891-7/7	N434AS	---	Unassigned
1017-7/7	N710AL	---	Unassigned
108-7/7	N622AS	---	Unassigned
904-7/7	N983AK	---	Unassigned
48-7/7	N546AS	---	Unassigned
1075-7/7	N928AK	---	Unassigned
1467-7/7	N725AL	---	Unassigned
908-7/7	N564AS	---	Unassigned
1290-7/7	N272AK	---	Unassigned
1112-7/7	N525AS	---	Unassigned
104-7/7	N924AK	---	Unassigned
503-7/7	N247AK	---	Unassigned
1010-7/7	N486AS	---	Unassigned
71-7/7	N288AK	---	Unassigned
1174-7/7	N519AS	---	Unassigned
1328-7/7	N705AL	---	Unassigned
682-7/7	N935AK	---	Unassigned
64-7/7	N611AS	---	Unassigned
603-7/7	N457AS	---	Unassigned
154001-7/7	N526AS	---	Unassigned
817-7/7	N941AK	---	Unassigned
1305-7/7	N968AK	---	Unassigned
480001-7/7	N921AK	---	Unassigned
474-7/7	N238AK	---	Unassigned
1118-7/7	N587AS	---	Unassigned
1111-7/7	N277AK	---	Unassigned
1096-7/7	N729AL	---	Unassigned
1216-7/7	N536AS	---	Unassigned
1314-7/7	N283AK	---	Unassigned
835-7/7	N733AL	---	Unassigned
325-7/7	N413AS	---	Unassigned
843-7/7	N530AS	---	Unassigned
641-7/7	N453AS	---	Unassigned
61003-7/7	N619AS	---	Unassigned
934001-7/7	N731AL	---	Unassigned
733-7/7	N440AS	---	Unassigned
1137-7/7	N523AS	---	Unassigned
412001-7/7	N984AK	---	Unassigned
392-7/7	N967AK	---	Unassigned
658-7/7	N275AK	---	Unassigned
932-7/7	N919AK	---	Unassigned
62003-7/7	N586AS	---	Unassigned
106001-7/7	N929AK	---	Unassigned
63-7/7	N977AK	---	Unassigned
137001-7/7	N592AS	---	Unassigned
722-7/7	N318AS	---	Unassigned
43-7/7	N549AS	N549AS	0
65002-7/7	N613AS	---	Unassigned
330-7/7	N990AK	---	Unassigned
1144-7/7	N805AK	---	Unassigned
494001-7/7	N478AS	---	Unassigned
900-7/7	N520AS	---	Unassigned
864-7/7	N537AS	---	Unassigned
1114-7/7	N931AK	---	Unassigned
429-7/7	N462AS	---	Unassigned
785-7/7	N309AS	---	Unassigned
100-7/7	N596AS	---	Unassigned
740-7/7	N527AS	---	Unassigned
14-7/7	N577AS	---	Unassigned
352-7/7	N214AK	---	Unassigned
291-7/7	N972AK	---	Unassigned
475-7/7	N978AK	---	Unassigned
1018-7/7	N538AS	---	Unassigned
366-7/7	N517AS	---	Unassigned
598-7/7	N719AL	---	Unassigned
438-7/7	N282AK	---	Unassigned
175-7/7	N294AK	---	Unassigned
1281-7/7	N920AK	---	Unassigned
405-7/7	N513AS	---	Unassigned
1150001-7/7	N442AS	---	Unassigned
1081-7/7	N712AL	---	Unassigned
697001-7/7	N976AK	---	Unassigned
102-7/7	N491AS	---	Unassigned
140-7/7	N622AS	---	Unassigned
415-7/7	N958AK	---	Unassigned
1038-7/7	N607AS	---	Unassigned
74-7/7	N609AS	---	Unassigned
34-7/7	N285AK	---	Unassigned
1011-7/7	N486AS	---	Unassigned
388001-7/7	N947AK	---	Unassigned
266-7/7	N953AK	---	Unassigned
304-7/7	N290AK	---	Unassigned
1016-7/7	N710AL	---	Unassigned
555-7/7	N707AL	---	Unassigned
909-7/7	N564AS	---	Unassigned
808-7/7	N529AS	---	Unassigned
1061-7/7	N812AK	---	Unassigned
6-7/7	N590AS	N579AS	0
407-7/7	N508AS	---	Unassigned
418-7/7	N552AS	---	Unassigned
357001-7/7	N248AK	---	Unassigned
700-7/7	N298AK	---	Unassigned
1132-7/7	N409AS	---	Unassigned
419-7/7	N716AL	---	Unassigned
162-7/7	N237AK	---	Unassigned
95-7/7	N615AS	---	Unassigned
25-7/7	N966AK	N933AK	0
1097-7/7	N292AK	---	Unassigned
31-7/7	N481AS	---	Unassigned
313-7/7	N253AK	---	Unassigned
840-7/7	N569AS	---	Unassigned
62002-7/7	N586AS	---	Unassigned
1159-7/7	N556AS	---	Unassigned
432-7/7	N472AS	---	Unassigned
1006-7/7	N738AL	---	Unassigned
61-7/7	N619AS	---	Unassigned
534-7/7	N280AK	---	Unassigned
732-7/7	N224AK	---	Unassigned
154-7/7	N526AS	---	Unassigned
905-7/7	N983AK	---	Unassigned
229001-7/7	N551AS	N536AS	0
3-7/7	N560AS	---	Unassigned
620001-7/7	N281AK	---	Unassigned
535-7/7	N291BT	---	Unassigned
676-7/7	N806AK	---	Unassigned
312-7/7	N938AK	---	Unassigned
1315-7/7	N961AK	N934AK	0
1198-7/7	N274AK	N214AK	0
1319-7/7	N713AL	---	Unassigned
549-7/7	N464AS	---	Unassigned
65-7/7	N613AS	---	Unassigned
122-7/7	N265AK	---	Unassigned
189-7/7	N913AK	---	Unassigned
1300-7/7	N720AL	---	Unassigned
582-7/7	N435AS	---	Unassigned
773-7/7	N553AS	---	Unassigned
1083-7/7	N956AK	---	Unassigned
934-7/7	N731AL	---	Unassigned
518-7/7	N471AS	---	Unassigned
44-7/7	N549AS	N549AS	25
410-7/7	N493AS	---	Unassigned
2-7/7	N813AK	---	Unassigned
756-7/7	N296AK	N288AK	0
1297-7/7	N268AK	---	Unassigned
1238-7/7	N459AS	---	Unassigned
1269-7/7	N408AS	---	Unassigned
1242-7/7	N973AK	---	Unassigned
64001-7/7	N611AS	---	Unassigned
280-7/7	N974AK	---	Unassigned
898-7/7	N963AK	---	Unassigned
507-7/7	N962AK	---	Unassigned
66-7/7	N506AS	---	Unassigned
19-7/7	N419AS	---	Unassigned
836-7/7	N964AK	---	Unassigned
778-7/7	N594AS	---	Unassigned
462-7/7	N431AS	---	Unassigned
946-7/7	N469AS	N260AK	0
601-7/7	N520AS	---	Unassigned
92-7/7	N546AS	---	Unassigned
1235-7/7	N516AS	---	Unassigned
103-7/7	N514AS	---	Unassigned
16-7/7	N928AK	---	Unassigned
1247-7/7	N705AL	---	Unassigned
734-7/7	N440AS	---	Unassigned
58-7/7	N977AK	---	Unassigned
107-7/7	N955AK	---	Unassigned
9-7/7	N804AK	---	Unassigned
396-7/7	N593AS	---	Unassigned
290-7/7	N495AS	---	Unassigned
1225-7/7	N525AS	---	Unassigned
389-7/7	N709AL	N713AL	0
114-7/7	N969AK	---	Unassigned
646-7/7	N548AS	---	Unassigned
297-7/7	N912AK	---	Unassigned
1204-7/7	N612AS	N618AS	0
894-7/7	N518AS	N562AS	0
1287-7/7	N725AL	---	Unassigned
301-7/7	N942AK	---	Unassigned
480-7/7	N921AK	---	Unassigned
1160-7/7	N733AL	---	Unassigned
517-7/7	N284AK	N284AK	0
569-7/7	N474AS	---	Unassigned
89-7/7	N592AS	---	Unassigned
1100-7/7	N537AS	---	Unassigned
1358-7/7	N536AS	---	Unassigned
131-7/7	N915AK	---	Unassigned
20-7/7	N708AL	---	Unassigned
947-7/7	N538AS	---	Unassigned
572-7/7	N270AK	---	Unassigned
1191-7/7	N519AS	---	Unassigned
485-7/7	N494AS	---	Unassigned
929-7/7	N527AS	---	Unassigned
1046-7/7	N272AK	---	Unassigned
183-7/7	N531AS	---	Unassigned
868-7/7	N512AS	---	Unassigned
783-7/7	N477AS	---	Unassigned
397-7/7	N597AS	---	Unassigned
697-7/7	N976AK	---	Unassigned
406-7/7	N724AL	---	Unassigned
509-7/7	N710AL	---	Unassigned
176-7/7	N288AK	---	Unassigned
1279-7/7	N948AK	N985AK	0
860-7/7	N706AL	---	Unassigned
305-7/7	N467AS	---	Unassigned
226-7/7	N287AK	---	Unassigned
1175-7/7	N931AK	---	Unassigned
293-7/7	N260AK	---	Unassigned
1086-7/7	N283AK	---	Unassigned
51-7/7	N803AK	N803AK	0
450-7/7	N960AK	---	Unassigned
933-7/7	N919AK	---	Unassigned
819-7/7	N932AK	---	Unassigned
67002-7/7	N564AS	N596AS	0
1135-7/7	N729AL	---	Unassigned
508-7/7	N722AL	---	Unassigned
1257-7/7	N565AS	---	Unassigned
634-7/7	N275AK	---	Unassigned
600-7/7	N920AK	---	Unassigned
460-7/7	N267AK	---	Unassigned
522-7/7	N423AS	---	Unassigned
1284-7/7	N309AS	N309AS	0
975-7/7	N318AS	---	Unassigned
1030-7/7	N968AK	---	Unassigned
500-7/7	N402AS	---	Unassigned
1052001-7/7	N731AL	---	Unassigned
571-7/7	N933AK	---	Unassigned
602-7/7	N277AK	---	Unassigned
1421-7/7	N433AS	---	Unassigned
56-7/7	N297AK	---	Unassigned
64003-7/7	N611AS	---	Unassigned
443-7/7	N448AS	---	Unassigned
420-7/7	N935AK	---	Unassigned
17-7/7	N251AK	N481AS	0
337-7/7	N462AS	N434AS	0
326001-7/7	N487AS	---	Unassigned
216-7/7	N403AS	---	Unassigned
271-7/7	N732AL	---	Unassigned
7-7/7	N581AS	---	Unassigned
99-7/7	N457AS	---	Unassigned
744-7/7	N491AS	---	Unassigned
348-7/7	N486AS	---	Unassigned
1396-7/7	N903AK	---	Unassigned
1119-7/7	N587AS	---	Unassigned
962-7/7	N954AK	---	Unassigned
1138-7/7	N526AS	---	Unassigned
1167-7/7	N990AK	---	Unassigned
445-7/7	N924AK	---	Unassigned
492-7/7	N975AK	N705AL	0
379-7/7	N952AK	---	Unassigned
66001-7/7	N506AS	---	Unassigned
1150-7/7	N442AS	---	Unassigned
201-7/7	N618AS	---	Unassigned
317-7/7	N967AK	---	Unassigned
1042001-7/7	N523AS	---	Unassigned
1092-7/7	N712AL	---	Unassigned
561-7/7	N568AS	---	Unassigned
941-7/7	N434AS	---	Unassigned
287-7/7	N734AL	---	Unassigned
334-7/7	N238AK	---	Unassigned
155-7/7	N549AS	N549AS	13
151001-7/7	N514AS	---	Unassigned
412-7/7	N984AK	---	Unassigned
590-7/7	N453AS	---	Unassigned
1019-7/7	N469AS	---	Unassigned
591-7/7	N409AS	---	Unassigned
86-7/7	N613AS	---	Unassigned
720-7/7	N609AS	---	Unassigned
1125-7/7	N812AK	---	Unassigned
88-7/7	N592AS	---	Unassigned
620-7/7	N281AK	---	Unassigned
106-7/7	N929AK	---	Unassigned
688-7/7	N983AK	---	Unassigned
435-7/7	N236AK	---	Unassigned
1146-7/7	N607AS	---	Unassigned
157-7/8	N615AS	---	Unassigned
1214-7/8	N247AK	---	Unassigned
1321-7/8	N596AS	---	Unassigned
64004-7/8	N611AS	---	Unassigned
439-7/8	N282AK	---	Unassigned
369-7/8	N492AS	---	Unassigned
225-7/8	N707AL	---	Unassigned
1468-7/8	N293AK	---	Unassigned
791-7/8	N535AS	N569AS	0
1301-7/8	N483AS	---	Unassigned
821-7/8	N532AS	---	Unassigned
597-7/8	N719AL	---	Unassigned
213-7/8	N918AK	---	Unassigned
355-7/8	N936AK	---	Unassigned
182-7/8	N531AS	---	Unassigned
269-7/8	N964AK	---	Unassigned
41-7/8	N285AK	---	Unassigned
611-7/8	N298AK	---	Unassigned
1176-7/8	N296AK	---	Unassigned
134-7/8	N294AK	---	Unassigned
339-7/8	N214AK	---	Unassigned
1122-7/8	N961AK	---	Unassigned
291001-7/8	N972AK	---	Unassigned
896-7/8	N926AK	---	Unassigned
806-7/8	N723AL	---	Unassigned
376-7/8	N413AS	---	Unassigned
1202-7/8	N525AS	---	Unassigned
1370-7/8	N265AK	---	Unassigned
94-7/8	N546AS	---	Unassigned
494-7/8	N478AS	---	Unassigned
856-7/8	N570AS	---	Unassigned
97-7/8	N705AL	---	Unassigned
398-7/8	N703AL	---	Unassigned
278-7/8	N556AS	---	Unassigned
382-7/8	N586AS	N527AS	17
960-7/8	N917AK	---	Unassigned
599-7/8	N594AS	---	Unassigned
353-7/8	N538AS	---	Unassigned
229-7/8	N551AS	---	Unassigned
1455-7/8	N268AK	---	Unassigned
1229-7/8	N553AS	N587AS	0
735-7/8	N274AK	---	Unassigned
538-7/8	N956AK	N720AL	0
1295-7/8	N527AS	---	Unassigned
78-7/8	N931AK	---	Unassigned
357-7/8	N248AK	---	Unassigned
372-7/8	N435AS	---	Unassigned
632-7/8	N513AS	---	Unassigned
730-7/8	N973AK	---	Unassigned
1140-7/8	N536AS	---	Unassigned
424-7/8	N440AS	---	Unassigned
1098-7/8	N292AK	---	Unassigned
1163-7/8	N520AS	---	Unassigned
1107-7/8	N725AL	---	Unassigned
1062-7/8	N459AS	---	Unassigned
66003-7/8	N506AS	---	Unassigned
564-7/8	N291BT	---	Unassigned
662-7/8	N224AK	---	Unassigned
1131-7/8	N516AS	---	Unassigned
472-7/8	N976AK	---	Unassigned
1397-7/8	N720AL	---	Unassigned
964-7/8	N954AK	---	Unassigned
1048-7/8	N806AK	---	Unassigned
241-7/8	N237AK	---	Unassigned
1047-7/8	N272AK	N283AK	0
510-7/8	N710AL	---	Unassigned
1093-7/8	N733AL	---	Unassigned
50-7/8	N803AK	---	Unassigned
1085-7/8	N537AS	---	Unassigned
1294-7/8	N612AS	---	Unassigned
823-7/8	N947AK	---	Unassigned
67001-7/8	N564AS	---	Unassigned
1031-7/8	N968AK	---	Unassigned
805-7/8	N738AL	---	Unassigned
143-7/8	N913AK	---	Unassigned
779-7/8	N933AK	---	Unassigned
69001-7/8	N622AS	---	Unassigned
77-7/8	N615AS	---	Unassigned
550-7/8	N464AS	---	Unassigned
1310-7/8	N958AK	---	Unassigned
386-7/8	N562AS	---	Unassigned
64002-7/8	N611AS	---	Unassigned
776-7/8	N275AK	---	Unassigned
409-7/8	N493AS	---	Unassigned
391-7/8	N593AS	---	Unassigned
513-7/8	N280AK	---	Unassigned
839-7/8	N517AS	---	Unassigned
523-7/8	N924AK	---	Unassigned
338-7/8	N977AK	---	Unassigned
1280-7/8	N948AK	---	Unassigned
45-7/8	N592AS	---	Unassigned
478-7/8	N938AK	---	Unassigned
1104-7/8	N552AS	---	Unassigned
1065-7/8	N309AS	---	Unassigned
939-7/8	N508AS	---	Unassigned
84-7/8	N618AS	---	Unassigned
1028-7/8	N978AK	---	Unassigned
1087-7/8	N283AK	---	Unassigned
105-7/8	N288AK	N270AK	1
151-7/8	N514AS	---	Unassigned
155001-7/8	N549AS	N549AS	13
801-7/8	N519AS	---	Unassigned
1199-7/8	N982AK	N723AL	0
525-7/8	N953AK	N725AL	0
1318-7/8	N955AK	---	Unassigned
1203-7/8	N565AS	---	Unassigned
87-7/8	N613AS	---	Unassigned
1052-7/8	N731AL	---	Unassigned
1168-7/8	N469AS	---	Unassigned
1215-7/8	N934AK	N962AK	0
177-7/8	N531AS	---	Unassigned
1139-7/8	N526AS	---	Unassigned
615-7/8	N277AK	---	Unassigned
N546AS_SEA-02:35/05:35	N546AS	---	Unassigned
1042-7/8	N523AS	---	Unassigned
579-7/8	N990AK	---	Unassigned
205-7/8	N253AK	---	Unassigned
721-7/8	N609AS	---	Unassigned
1288-7/8	N587AS	---	Unassigned
965-7/8	N917AK	---	Unassigned
719-7/8	N812AK	---	Unassigned
193-7/8	N579AS	N588AS	0
403-7/8	N920AK	---	Unassigned
1158-7/8	N548AS	---	Unassigned
1327-7/8	N471AS	---	Unassigned
167-7/8	N442AS	---	Unassigned
1194-7/8	N318AS	---	Unassigned
66002-7/8	N506AS	---	Unassigned
827-7/8	N915AK	---	Unassigned
136-7/8	N297AK	---	Unassigned
1224-7/8	N729AL	---	Unassigned
1005-7/8	N966AK	---	Unassigned
141-7/8	N296AK	---	Unassigned
1004-7/8	N281AK	---	Unassigned
780-7/8	N290AK	---	Unassigned
1156-7/8	N409AS	---	Unassigned
1321001-7/8	N596AS	---	Unassigned
67003-7/8	N564AS	---	Unassigned
1289-7/8	N589AS	---	Unassigned
1034-7/8	N954AK	---	Unassigned
642-7/8	N949AK	---	Unassigned
228-7/8	N569AS	---	Unassigned
1050-7/8	N529AS	---	Unassigned
N462AS_SEA-03:34/06:34	N462AS	---	Unassigned
1192-7/8	N974AK	---	Unassigned
729-7/8	N912AK	---	Unassigned
70-7/8	N457AS	---	Unassigned
1110-7/8	N607AS	---	Unassigned
922-7/8	N453AS	---	Unassigned
N953AK_PDX-03:50/09:50	N953AK	---	Unassigned
133-7/8	N722AL	---	Unassigned
644-7/8	N716AL	---	Unassigned
1067-7/8	N961AK	---	Unassigned
46-7/8	N592AS	---	Unassigned
1264-7/8	N960AK	N960AK	0
1292-7/8	N551AS	---	Unassigned
272-7/8	N514AS	---	Unassigned
774-7/8	N525AS	---	Unassigned
1055-7/8	N556AS	N512AS	0
91-7/8	N809AK	N804AK	0
444-7/8	N474AS	N407AS	0
636-7/8	N733AL	---	Unassigned
749-7/8	N983AK	---	Unassigned
622-7/8	N801AK	---	Unassigned
282-7/8	N985AK	N946AK	0
307-7/8	N969AK	---	Unassigned
69-7/8	N622AS	---	Unassigned
1162-7/8	N804AK	---	Unassigned
1291-7/8	N713AL	---	Unassigned
1040-7/8	N917AK	---	Unassigned
803-7/8	N712AL	---	Unassigned
436-7/8	N224AK	N459AS	0
736-7/8	N611AS	---	Unassigned
728-7/8	N512AS	N560AS	0
67-7/8	N564AS	N586AS	0
314-7/8	N967AK	---	Unassigned
980-7/8	N402AS	---	Unassigned
547-7/8	N274AK	---	Unassigned
1152-7/8	N929AK	N710AL	0
315-7/8	N494AS	---	Unassigned
1230-7/8	N710AL	---	Unassigned
380-7/8	N270AK	---	Unassigned
545-7/8	N483AS	---	Unassigned
1039-7/8	N273AK	---	Unassigned
1201-7/8	N958AK	---	Unassigned
1020-7/8	N292AK	---	Unassigned
197-7/8	N612AS	---	Unassigned
919-7/8	N294AK	---	Unassigned
36-7/8	N709AL	---	Unassigned
115-7/8	N403AS	N419AS	0
138-7/8	N707AL	---	Unassigned
374-7/8	N955AK	---	Unassigned
344-7/8	N423AS	---	Unassigned
570-7/8	N973AK	---	Unassigned
192-7/8	N705AL	---	Unassigned
22-7/8	N481AS	---	Unassigned
455-7/8	N966AK	---	Unassigned
259-7/8	N508AS	---	Unassigned
161-7/8	N283AK	N292AK	0
924-7/8	N467AS	N423AS	0
1057-7/8	N963AK	---	Unassigned
959-7/8	N284AK	---	Unassigned
185-7/8	N309AS	N307AS	0
360-7/8	N952AK	---	Unassigned
111-7/8	N956AK	---	Unassigned
119-7/8	N553AS	---	Unassigned
498-7/8	N546AS	---	Unassigned
394-7/8	N724AL	N724AL	0
340-7/8	N471AS	---	Unassigned
70001-7/8	N457AS	---	Unassigned
490-7/8	N478AS	---	Unassigned
400-7/8	N932AK	---	Unassigned
367-7/8	N972AK	---	Unassigned
59-7/8	N931AK	N924AK	0
423-7/8	N264AK	---	Unassigned
536-7/8	N982AK	N919AK	0
328-7/8	N934AK	---	Unassigned
427-7/8	N462AS	---	Unassigned
112-7/8	N238AK	---	Unassigned
464-7/8	N464AS	---	Unassigned
144-7/8	N913AK	---	Unassigned
1227-7/8	N248AK	---	Unassigned
452-7/8	N487AS	---	Unassigned
N556AS_SEA-07:06/11:06	N556AS	---	Unassigned
N983AK_SEA-07:06/11:06	N983AK	---	Unassigned
172-7/8	N288AK	---	Unassigned
164-7/8	N592AS	---	Unassigned
542-7/8	N589AS	---	Unassigned
109-7/8	N964AK	---	Unassigned
880-7/8	N530AS	---	Unassigned
810-7/8	N532AS	---	Unassigned
558-7/8	N538AS	---	Unassigned
N514AS_SEA-07:45/10:45	N514AS	---	Unassigned
168-7/8	N442AS	---	Unassigned
148-7/8	N569AS	---	Unassigned
828-7/8	N947AK	---	Unassigned
814-7/8	N738AL	N703AL	0
150-7/8	N705AL	---	Unassigned
826-7/8	N517AS	---	Unassigned
110-7/8	N564AS	---	Unassigned
1029-7/8	N978AK	---	Unassigned
54-7/8	N297AK	N267AK	0
302-7/8	N557AS	N546AS	0
42-7/8	N309AS	---	Unassigned
336-7/8	N267AK	---	Unassigned
156-7/8	N403AS	---	Unassigned
377-7/8	N975AK	---	Unassigned
546-7/8	N483AS	---	Unassigned
351-7/8	N486AS	---	Unassigned
446-7/8	N474AS	---	Unassigned
453-7/8	N703AL	---	Unassigned
627-7/8	N472AS	---	Unassigned
316-7/8	N494AS	---	Unassigned
548-7/8	N274AK	---	Unassigned
942-7/8	N413AS	---	Unassigned
21-7/8	N928AK	N969AK	0
1021-7/8	N935AK	---	Unassigned
381-7/8	N270AK	---	Unassigned
573-7/8	N963AK	---	Unassigned
361-7/8	N977AK	---	Unassigned
299-7/8	N431AS	---	Unassigned
395-7/8	N292AK	---	Unassigned
459-7/8	N224AK	---	Unassigned
308-7/8	N969AK	---	Unassigned
242-7/8	N237AK	---	Unassigned
920-7/8	N294AK	---	Unassigned
387-7/8	N562AS	---	Unassigned
473-7/8	N976AK	---	Unassigned
563-7/8	N291BT	---	Unassigned
349-7/8	N423AS	---	Unassigned
289-7/8	N967AK	---	Unassigned
643-7/8	N949AK	---	Unassigned
383-7/8	N932AK	---	Unassigned
413-7/8	N934AK	---	Unassigned
1-7/8	N813AK	---	Unassigned
495-7/8	N264AK	---	Unassigned
341-7/8	N471AS	---	Unassigned
458-7/8	N966AK	---	Unassigned
451-7/8	N478AS	---	Unassigned
595-7/8	N248AK	---	Unassigned
737-7/8	N954AK	---	Unassigned
303-7/8	N589AS	---	Unassigned
541-7/8	N265AK	---	Unassigned
260-7/8	N508AS	---	Unassigned
428-7/8	N462AS	---	Unassigned
15-7/8	N577AS	---	Unassigned
173-7/8	N731AL	---	Unassigned
491-7/8	N983AK	---	Unassigned
433-7/8	N952AK	---	Unassigned
799-7/8	N716AL	---	Unassigned
373-7/8	N955AK	N912AK	0
408-7/8	N958AK	N976AK	0
966-7/8	N273AK	---	Unassigned
981-7/8	N535AS	---	Unassigned
132-7/8	N283AK	---	Unassigned
186-7/8	N622AS	---	Unassigned
701-7/8	N512AS	---	Unassigned
943-7/8	N467AS	---	Unassigned
1091-7/8	N732AL	---	Unassigned
1316-7/8	N448AS	---	Unassigned
683-7/8	N707AL	---	Unassigned
375-7/8	N972AK	---	Unassigned
1109-7/8	N560AS	N552AS	0
188-7/8	N913AK	---	Unassigned
499-7/8	N433AS	N408AS	0
593-7/8	N553AS	---	Unassigned
1217-7/8	N318AS	---	Unassigned
1265-7/8	N960AK	N982AK	0
30-7/8	N236AK	---	Unassigned
N530AS_SEA-13:19/16:19	N530AS	---	Unassigned
68-7/8	N931AK	---	Unassigned
537-7/8	N982AK	---	Unassigned
533-7/8	N464AS	---	Unassigned
298-7/8	N431AS	N440AS	0
55-7/8	N613AS	---	Unassigned
1325-7/8	N548AS	---	Unassigned
623-7/8	N801AK	---	Unassigned
210-7/8	N238AK	---	Unassigned
5-7/8	N590AS	---	Unassigned
1258-7/8	N297AK	---	Unassigned
1124-7/8	N946AK	---	Unassigned
512-7/8	N402AS	---	Unassigned
1136001-7/8	N408AS	---	Unassigned
24-7/8	N409AS	N236AK	0
1151-7/8	N929AK	---	Unassigned
784-7/8	N912AK	---	Unassigned
365-7/8	N440AS	---	Unassigned
85-7/8	N442AS	---	Unassigned
917-7/8	N724AL	---	Unassigned
831-7/8	N720AL	---	Unassigned
73001-7/8	N457AS	---	Unassigned
1041-7/8	N459AS	---	Unassigned
284-7/8	N713AL	---	Unassigned
35-7/8	N709AL	---	Unassigned
511-7/8	N513AS	---	Unassigned
1082-7/8	N564AS	---	Unassigned
1076-7/8	N516AS	---	Unassigned
1043-7/8	N536AS	---	Unassigned
1226-7/8	N525AS	N520AS	0
504-7/8	N551AS	N589AS	0
61002-7/8	N614AS	N609AS	0
789-7/8	N529AS	---	Unassigned
1298-7/8	N546AS	---	Unassigned
931-7/8	N611AS	---	Unassigned
1101-7/8	N537AS	---	Unassigned
65003-7/8	N607AS	N607AS	0
393-7/8	N275AK	---	Unassigned
399-7/8	N487AS	---	Unassigned
745-7/8	N592AS	N594AS	0
82-7/8	N618AS	N612AS	0
963-7/8	N284AK	---	Unassigned
368-7/8	N285AK	---	Unassigned
1181-7/8	N587AS	---	Unassigned
974-7/8	N962AK	---	Unassigned
1239-7/8	N495AS	---	Unassigned
281-7/8	N586AS	---	Unassigned
1130-7/8	N961AK	---	Unassigned
618-7/8	N290AK	---	Unassigned
859-7/8	N570AS	---	Unassigned
358-7/8	N953AK	N903AK	0
324-7/8	N933AK	---	Unassigned
1193-7/8	N247AK	---	Unassigned
526-7/8	N725AL	---	Unassigned
1089-7/8	N593AS	---	Unassigned
645-7/8	N288AK	---	Unassigned
1154-7/8	N804AK	---	Unassigned
18-7/8	N477AS	---	Unassigned
1148-7/8	N569AS	---	Unassigned
1063-7/8	N469AS	---	Unassigned
912-7/8	N280AK	---	Unassigned
249-7/8	N492AS	---	Unassigned
1074-7/8	N942AK	---	Unassigned
139-7/8	N434AS	N413AS	0
248-7/8	N956AK	N953AK	0
62-7/8	N579AS	---	Unassigned
1228-7/8	N435AS	N247AK	0
292-7/8	N527AS	---	Unassigned
606-7/8	N609AS	N614AS	0
516-7/8	N282AK	---	Unassigned
867-7/8	N557AS	---	Unassigned
1290001-7/8	N453AS	---	Unassigned
196-7/8	N531AS	N592AS	0
1306-7/8	N309AS	---	Unassigned
79-7/8	N277AK	---	Unassigned
1179-7/8	N805AK	---	Unassigned
10-7/8	N538AS	---	Unassigned
479-7/8	N733AL	N913AK	0
648-7/8	N298AK	N272AK	0
329-7/8	N964AK	---	Unassigned
1410-7/8	N260AK	---	Unassigned
1149-7/8	N552AS	---	Unassigned
366001-7/8	N596AS	---	Unassigned
890-7/8	N979AK	---	Unassigned
26-7/8	N283AK	---	Unassigned
555001-7/8	N924AK	---	Unassigned
682001-7/8	N433AS	N248AK	0
142-7/8	N253AK	---	Unassigned
916-7/8	N954AK	---	Unassigned
825-7/8	N926AK	---	Unassigned
233-7/8	N723AL	---	Unassigned
1166-7/8	N214AK	---	Unassigned
231-7/8	N612AS	---	Unassigned
405001-7/8	N272AK	---	Unassigned
1255-7/8	N710AL	---	Unassigned
60-7/8	N615AS	---	Unassigned
47-7/8	N549AS	N549AS	0
90-7/8	N809AK	---	Unassigned
1071-7/8	N597AS	N532AS	0
414-7/8	N273AK	---	Unassigned
165-7/8	N520AS	---	Unassigned
214-7/8	N734AL	---	Unassigned
1169-7/8	N719AL	N719AL	0
306-7/8	N403AS	---	Unassigned
305001-7/8	N738AL	---	Unassigned
1254-7/8	N556AS	N548AS	0
560-7/8	N588AS	---	Unassigned
227-7/8	N481AS	---	Unassigned
313001-7/8	N287AK	N298AK	0
613-7/8	N938AK	---	Unassigned
388-7/8	N706AL	N291BT	0
73-7/8	N457AS	---	Unassigned
4-7/8	N532AS	---	Unassigned
390-7/8	N978AK	---	Unassigned
402-7/8	N468AS	---	Unassigned
718-7/8	N973AK	---	Unassigned
572001-7/8	N565AS	---	Unassigned
1268-7/8	N903AK	---	Unassigned
270-7/8	N917AK	N732AL	0
320-7/8	N517AS	N597AS	0
57-7/8	N722AL	---	Unassigned
1190-7/8	N514AS	N508AS	0
83-7/8	N467AS	---	Unassigned
294-7/8	N419AS	---	Unassigned
502-7/8	N949AK	---	Unassigned
113-7/8	N936AK	N708AL	0
578-7/8	N806AK	---	Unassigned
312001-7/8	N284AK	---	Unassigned
418001-7/8	N535AS	---	Unassigned
55001-7/8	N613AS	N611AS	0
406001-7/8	N291BT	---	Unassigned
1113-7/8	N479AS	N251AK	0
899-7/8	N518AS	N538AS	0
568-7/8	N413AS	---	Unassigned
727-7/8	N483AS	---	Unassigned
326-7/8	N703AL	---	Unassigned
48001-7/8	N947AK	---	Unassigned
442-7/8	N270AK	---	Unassigned
8-7/8	N566AS	---	Unassigned
215-7/8	N281AK	---	Unassigned
65001-7/8	N607AS	N613AS	0
149-7/8	N536AS	---	Unassigned
1051-7/8	N622AS	---	Unassigned
426-7/8	N512AS	N535AS	0
798-7/8	N918AK	---	Unassigned
101-7/8	N960AK	---	Unassigned
1007-7/8	N976AK	---	Unassigned
137-7/8	N803AK	---	Unassigned
72-7/8	N611AS	---	Unassigned
174-7/8	N562AS	---	Unassigned
1108-7/8	N264AK	---	Unassigned
1259-7/8	N280AK	---	Unassigned
60001-7/8	N615AS	---	Unassigned
875-7/8	N530AS	---	Unassigned
731-7/8	N491AS	---	Unassigned
1311001-7/8	N525AS	---	Unassigned
23-7/8	N708AL	---	Unassigned
1133-7/8	N494AS	N442AS	0
378-7/8	N237AK	---	Unassigned
232-7/8	N612AS	---	Unassigned
198-7/8	N268AK	N287AK	0
450001-7/8	N716AL	---	Unassigned
477-7/8	N963AK	N729AL	0
508001-7/8	N248AK	---	Unassigned
629-7/8	N537AS	---	Unassigned
505-7/8	N975AK	---	Unassigned
61001-7/8	N614AS	N615AS	0
535001-7/8	N274AK	---	Unassigned
62001-7/8	N579AS	---	Unassigned
522001-7/8	N929AK	N973AK	0
1277-7/8	N546AS	---	Unassigned
1256-7/8	N548AS	---	Unassigned
887-7/8	N732AL	---	Unassigned
480001-7/8	N977AK	---	Unassigned
829-7/8	N935AK	---	Unassigned
128-7/8	N589AS	---	Unassigned
1420-7/8	N267AK	---	Unassigned
1161-7/8	N469AS	---	Unassigned
863-7/8	N593AS	---	Unassigned
1143-7/8	N712AL	---	Unassigned
1084-7/8	N587AS	---	Unassigned
807-7/8	N812AK	---	Unassigned
1136-7/8	N408AS	---	Unassigned
300-7/8	N962AK	---	Unassigned
160-7/8	N531AS	---	Unassigned
216001-7/8	N474AS	N474AS	0
738-7/8	N921AK	---	Unassigned
385-7/8	N275AK	---	Unassigned
1296-7/8	N934AK	---	Unassigned
775-7/8	N553AS	---	Unassigned
500001-7/8	N913AK	---	Unassigned
637-7/8	N495AS	N457AS	0
1278-7/8	N431AS	---	Unassigned
322-7/8	N297AK	---	Unassigned
757-7/8	N265AK	N268AK	0
1073-7/8	N961AK	N932AK	0
429001-7/8	N551AS	---	Unassigned
121-7/8	N946AK	N961AK	0
49-7/8	N928AK	N952AK	0
725-7/8	N260AK	N492AS	0
818-7/8	N459AS	---	Unassigned
824-7/8	N915AK	N917AK	0
822-7/8	N519AS	---	Unassigned
862-7/8	N941AK	---	Unassigned
739-7/8	N564AS	N581AS	0
543-7/8	N983AK	---	Unassigned
1240-7/8	N971AK	---	Unassigned
891-7/8	N958AK	---	Unassigned
474-7/8	N942AK	---	Unassigned
234-7/8	N722AL	---	Unassigned
34-7/8	N932AK	---	Unassigned
412001-7/8	N486AS	---	Unassigned
434-7/8	N938AK	N931AK	0
1299-7/8	N569AS	---	Unassigned
65004-7/8	N607AS	---	Unassigned
104001-7/8	N731AL	---	Unassigned
63-7/8	N290AK	---	Unassigned
1017-7/8	N238AK	N435AS	0
934001-7/8	N247AK	---	Unassigned
1010-7/8	N253AK	---	Unassigned
108-7/8	N457AS	---	Unassigned
1174-7/8	N552AS	---	Unassigned
904-7/8	N472AS	---	Unassigned
1075-7/8	N214AK	---	Unassigned
1467-7/8	N973AK	---	Unassigned
392-7/8	N513AS	---	Unassigned
1290-7/8	N453AS	---	Unassigned
908-7/8	N592AS	---	Unassigned
1328-7/8	N618AS	---	Unassigned
1112-7/8	N478AS	---	Unassigned
154001-7/8	N804AK	---	Unassigned
932-7/8	N281AK	N285AK	0
503-7/8	N402AS	---	Unassigned
733-7/8	N292AK	---	Unassigned
900-7/8	N813AK	---	Unassigned
1096-7/8	N423AS	---	Unassigned
71-7/8	N710AL	---	Unassigned
722-7/8	N719AL	---	Unassigned
438-7/8	N224AK	---	Unassigned
682-7/8	N433AS	---	Unassigned
64-7/8	N613AS	---	Unassigned
603-7/8	N609AS	---	Unassigned
1305-7/8	N309AS	---	Unassigned
817-7/8	N733AL	---	Unassigned
598-7/8	N966AK	---	Unassigned
62003-7/8	N579AS	---	Unassigned
43-7/8	N612AS	---	Unassigned
1144-7/8	N805AK	---	Unassigned
1118-7/8	N526AS	N570AS	0
658-7/8	N462AS	---	Unassigned
1111-7/8	N556AS	---	Unassigned
106001-7/8	N972AK	N926AK	0
1216-7/8	N440AS	---	Unassigned
1314-7/8	N974AK	---	Unassigned
835-7/8	N969AK	---	Unassigned
325-7/8	N933AK	---	Unassigned
843-7/8	N809AK	---	Unassigned
641-7/8	N298AK	---	Unassigned
61003-7/8	N614AS	---	Unassigned
1114-7/8	N707AL	N935AK	0
1137-7/8	N577AS	---	Unassigned
352-7/8	N956AK	---	Unassigned
137001-7/8	N803AK	---	Unassigned
555-7/8	N924AK	---	Unassigned
65002-7/8	N607AS	---	Unassigned
1018-7/8	N597AS	---	Unassigned
330-7/8	N806AK	N806AK	0
494001-7/8	N479AS	---	Unassigned
864-7/8	N593AS	---	Unassigned
100-7/8	N277AK	---	Unassigned
740-7/8	N514AS	N553AS	0
14-7/8	N508AS	N523AS	0
405-7/8	N272AK	---	Unassigned
291-7/8	N487AS	---	Unassigned
475-7/8	N912AK	---	Unassigned
1150001-7/8	N294AK	---	Unassigned
366-7/8	N596AS	---	Unassigned
697001-7/8	N464AS	---	Unassigned
102-7/8	N960AK	---	Unassigned
175-7/8	N549AS	N549AS	0
1281-7/8	N494AS	N486AS	0
280-7/8	N985AK	---	Unassigned
25-7/8	N236AK	---	Unassigned
407-7/8	N979AK	---	Unassigned
620001-7/8	N525AS	N514AS	0
312-7/8	N284AK	---	Unassigned
140-7/8	N457AS	---	Unassigned
415-7/8	N273AK	---	Unassigned
1038-7/8	N622AS	---	Unassigned
74-7/8	N611AS	N619AS	0
1011-7/8	N253AK	---	Unassigned
388001-7/8	N706AL	---	Unassigned
20-7/8	N589AS	N530AS	0
1016-7/8	N238AK	---	Unassigned
266-7/8	N931AK	---	Unassigned
304-7/8	N953AK	---	Unassigned
808-7/8	N529AS	---	Unassigned
909-7/8	N592AS	---	Unassigned
1061-7/8	N564AS	---	Unassigned
934-7/8	N247AK	---	Unassigned
6-7/8	N590AS	---	Unassigned
297-7/8	N713AL	---	Unassigned
418-7/8	N535AS	---	Unassigned
357001-7/8	N586AS	---	Unassigned
700-7/8	N918AK	---	Unassigned
1132-7/8	N435AS	N467AS	0
229001-7/8	N982AK	---	Unassigned
154-7/8	N804AK	---	Unassigned
419-7/8	N285AK	---	Unassigned
114-7/8	N409AS	---	Unassigned
162-7/8	N467AS	---	Unassigned
549-7/8	N964AK	---	Unassigned
95-7/8	N615AS	---	Unassigned
31-7/8	N477AS	---	Unassigned
1097-7/8	N264AK	---	Unassigned
410-7/8	N724AL	---	Unassigned
313-7/8	N287AK	---	Unassigned
840-7/8	N570AS	---	Unassigned
62002-7/8	N579AS	---	Unassigned
1159-7/8	N587AS	---	Unassigned
432-7/8	N709AL	---	Unassigned
1006-7/8	N976AK	---	Unassigned
898-7/8	N720AL	---	Unassigned
2-7/8	N537AS	---	Unassigned
61-7/8	N614AS	---	Unassigned
534-7/8	N955AK	---	Unassigned
732-7/8	N491AS	---	Unassigned
905-7/8	N472AS	---	Unassigned
3-7/8	N538AS	---	Unassigned
535-7/8	N274AK	---	Unassigned
676-7/8	N265AK	---	Unassigned
1315-7/8	N712AL	---	Unassigned
1198-7/8	N947AK	---	Unassigned
1319-7/8	N492AS	---	Unassigned
65-7/8	N607AS	---	Unassigned
122-7/8	N946AK	---	Unassigned
582-7/8	N548AS	---	Unassigned
1083-7/8	N975AK	N948AK	0
1300-7/8	N280AK	N275AK	0
773-7/8	N546AS	---	Unassigned
518-7/8	N949AK	---	Unassigned
44-7/8	N612AS	---	Unassigned
756-7/8	N921AK	---	Unassigned
1297-7/8	N934AK	---	Unassigned
1238-7/8	N469AS	---	Unassigned
1269-7/8	N903AK	---	Unassigned
64001-7/8	N613AS	N622AS	0
1242001-7/8	N431AS	---	Unassigned
507-7/8	N734AL	---	Unassigned
66-7/8	N536AS	N565AS	0
19-7/8	N283AK	---	Unassigned
836-7/8	N408AS	---	Unassigned
778-7/8	N961AK	---	Unassigned
462-7/8	N527AS	---	Unassigned
946-7/8	N971AK	---	Unassigned
601-7/8	N813AK	---	Unassigned
92-7/8	N974AK	---	Unassigned
1235-7/8	N569AS	---	Unassigned
103-7/8	N562AS	---	Unassigned
16-7/8	N968AK	---	Unassigned
1247-7/8	N618AS	---	Unassigned
734-7/8	N292AK	---	Unassigned
58-7/8	N290AK	N282AK	0
9-7/8	N532AS	---	Unassigned
290-7/8	N723AL	N974AK	0
396-7/8	N275AK	---	Unassigned
1225-7/8	N478AS	N479AS	0
389-7/8	N403AS	---	Unassigned
646-7/8	N512AS	---	Unassigned
1204-7/8	N268AK	N280AK	0
1287-7/8	N969AK	---	Unassigned
480-7/8	N977AK	---	Unassigned
1160-7/8	N973AK	---	Unassigned
894-7/8	N557AS	N518AS	0
301-7/8	N954AK	---	Unassigned
517-7/8	N282AK	---	Unassigned
569-7/8	N413AS	---	Unassigned
89-7/8	N619AS	---	Unassigned
1100-7/8	N593AS	---	Unassigned
1358-7/8	N440AS	---	Unassigned
131-7/8	N495AS	---	Unassigned
947-7/8	N597AS	---	Unassigned
572-7/8	N565AS	---	Unassigned
1191-7/8	N552AS	---	Unassigned
485-7/8	N468AS	---	Unassigned
929-7/8	N514AS	---	Unassigned
1046-7/8	N251AK	N253AK	0
868-7/8	N588AS	---	Unassigned
1147-7/8	N581AS	N590AS	0
783-7/8	N483AS	---	Unassigned
697-7/8	N464AS	---	Unassigned
406-7/8	N291BT	---	Unassigned
397-7/8	N517AS	---	Unassigned
176-7/8	N710AL	---	Unassigned
509-7/8	N253AK	---	Unassigned
1279-7/8	N428AS	N409AS	0
226-7/8	N801AK	N801AK	0
305-7/8	N738AL	---	Unassigned
860-7/8	N926AK	---	Unassigned
293-7/8	N419AS	---	Unassigned
1175-7/8	N707AL	---	Unassigned
1086-7/8	N453AS	---	Unassigned
51-7/8	N803AK	---	Unassigned
450-7/8	N716AL	---	Unassigned
933-7/8	N281AK	---	Unassigned
819-7/8	N978AK	---	Unassigned
67002-7/8	N592AS	---	Unassigned
1135-7/8	N423AS	N472AS	0
508-7/8	N248AK	---	Unassigned
1257-7/8	N531AS	N525AS	0
634-7/8	N462AS	---	Unassigned
600-7/8	N407AS	N237AK	0
460-7/8	N960AK	N920AK	0
522-7/8	N929AK	---	Unassigned
975-7/8	N719AL	---	Unassigned
500-7/8	N913AK	---	Unassigned
571-7/8	N481AS	---	Unassigned
1052001-7/8	N958AK	---	Unassigned
1030-7/8	N556AS	---	Unassigned
1421-7/8	N267AK	---	Unassigned
56-7/8	N434AS	---	Unassigned
443-7/8	N270AK	---	Unassigned
64003-7/8	N613AS	---	Unassigned
420-7/8	N731AL	---	Unassigned
17-7/8	N936AK	---	Unassigned
271-7/8	N917AK	---	Unassigned
337001-7/8	N551AS	---	Unassigned
216-7/8	N474AS	---	Unassigned
326001-7/8	N703AL	---	Unassigned
7-7/8	N566AS	---	Unassigned
99-7/8	N609AS	---	Unassigned
744-7/8	N494AS	---	Unassigned
348-7/8	N238AK	N464AS	0
1119-7/8	N526AS	---	Unassigned
1396-7/8	N260AK	---	Unassigned
962-7/8	N309AS	---	Unassigned
1138-7/8	N804AK	---	Unassigned
1167-7/8	N805AK	---	Unassigned
181-7/8	N553AS	---	Unassigned
445-7/8	N433AS	N453AS	0
492-7/8	N983AK	---	Unassigned
379-7/8	N237AK	---	Unassigned
66001-7/8	N536AS	---	Unassigned
1150-7/8	N294AK	---	Unassigned
201-7/8	N928AK	---	Unassigned
317-7/8	N513AS	---	Unassigned
1042001-7/8	N577AS	---	Unassigned
1092-7/8	N298AK	N294AK	0
561-7/8	N518AS	---	Unassigned
941-7/8	N288AK	---	Unassigned
287-7/8	N963AK	---	Unassigned
334-7/8	N942AK	N978AK	0
155-7/8	N612AS	---	Unassigned
151001-7/8	N619AS	---	Unassigned
590-7/8	N247AK	---	Unassigned
412-7/8	N486AS	---	Unassigned
1019-7/8	N971AK	---	Unassigned
591-7/8	N435AS	---	Unassigned
86-7/8	N607AS	---	Unassigned
720-7/8	N611AS	---	Unassigned
1125-7/8	N563AS	---	Unassigned
88-7/8	N619AS	---	Unassigned
620-7/8	N525AS	---	Unassigned
106-7/8	N972AK	---	Unassigned
1146-7/8	N622AS	---	Unassigned
688-7/8	N402AS	N448AS	0
435-7/8	N297AK	---	Unassigned
157-7/9	N615AS	---	Unassigned
1214-7/9	N472AS	---	Unassigned
1321-7/9	N564AS	N517AS	0
439-7/9	N224AK	---	Unassigned
64004-7/9	N613AS	---	Unassigned
369-7/9	N962AK	---	Unassigned
1301-7/9	N493AS	N428AS	0
225-7/9	N708AL	N722AL	0
844-7/9	N530AS	---	Unassigned
1468-7/9	N924AK	---	Unassigned
821-7/9	N560AS	---	Unassigned
597-7/9	N966AK	---	Unassigned
213-7/9	N938AK	---	Unassigned
355-7/9	N459AS	---	Unassigned
269-7/9	N408AS	---	Unassigned
611-7/9	N918AK	---	Unassigned
41-7/9	N932AK	---	Unassigned
1122-7/9	N469AS	---	Unassigned
1176-7/9	N587AS	---	Unassigned
339-7/9	N956AK	---	Unassigned
134-7/9	N442AS	---	Unassigned
291001-7/9	N487AS	---	Unassigned
896-7/9	N732AL	---	Unassigned
806-7/9	N935AK	---	Unassigned
N707AL_SEA-00:34/04:34	N707AL	---	Unassigned
94-7/9	N974AK	---	Unassigned
1370-7/9	N921AK	---	Unassigned
376-7/9	N933AK	---	Unassigned
1202-7/9	N813AK	---	Unassigned
494-7/9	N479AS	---	Unassigned
97-7/9	N618AS	---	Unassigned
278-7/9	N712AL	---	Unassigned
788-7/9	N812AK	---	Unassigned
398-7/9	N941AK	N706AL	0
960-7/9	N277AK	---	Unassigned
382-7/9	N290AK	---	Unassigned
599-7/9	N961AK	N918AK	0
353-7/9	N597AS	---	Unassigned
229-7/9	N982AK	---	Unassigned
1455-7/9	N934AK	---	Unassigned
1229-7/9	N546AS	---	Unassigned
735-7/9	N947AK	---	Unassigned
538-7/9	N272AK	---	Unassigned
78-7/9	N478AS	---	Unassigned
1295-7/9	N514AS	---	Unassigned
372-7/9	N214AK	---	Unassigned
357-7/9	N586AS	---	Unassigned
1048001-7/9	N440AS	N403AS	0
424-7/9	N457AS	---	Unassigned
1140-7/9	N265AK	---	Unassigned
1098-7/9	N431AS	---	Unassigned
730-7/9	N292AK	---	Unassigned
1163-7/9	N548AS	---	Unassigned
632-7/9	N919AK	---	Unassigned
1107-7/9	N969AK	---	Unassigned
1062-7/9	N946AK	---	Unassigned
564-7/9	N467AS	---	Unassigned
66003-7/9	N536AS	---	Unassigned
662-7/9	N491AS	---	Unassigned
472-7/9	N976AK	N707AL	0
1131-7/9	N569AS	---	Unassigned
1397-7/9	N280AK	N273AK	0
964-7/9	N309AS	---	Unassigned
241-7/9	N274AK	---	Unassigned
1047-7/9	N251AK	---	Unassigned
510-7/9	N253AK	N493AS	0
182001-7/9	N553AS	---	Unassigned
1093-7/9	N973AK	---	Unassigned
50-7/9	N803AK	---	Unassigned
1085-7/9	N593AS	---	Unassigned
1294-7/9	N268AK	---	Unassigned
67001-7/9	N592AS	---	Unassigned
823-7/9	N464AS	N402AS	0
1031-7/9	N556AS	---	Unassigned
805-7/9	N719AL	N956AK	0
779-7/9	N481AS	---	Unassigned
77-7/9	N615AS	---	Unassigned
69001-7/9	N273AK	---	Unassigned
550-7/9	N964AK	---	Unassigned
1310-7/9	N284AK	---	Unassigned
386-7/9	N710AL	N928AK	0
64002-7/9	N613AS	---	Unassigned
409-7/9	N724AL	---	Unassigned
391-7/9	N275AK	---	Unassigned
839-7/9	N535AS	N564AS	0
513-7/9	N955AK	---	Unassigned
523-7/9	N433AS	---	Unassigned
338-7/9	N264AK	N491AS	0
1280-7/9	N428AS	---	Unassigned
45-7/9	N562AS	---	Unassigned
478-7/9	N975AK	N738AL	0
1104-7/9	N552AS	N519AS	0
84-7/9	N928AK	---	Unassigned
939-7/9	N581AS	N526AS	0
1054-7/9	N423AS	---	Unassigned
1028-7/9	N912AK	---	Unassigned
1087-7/9	N453AS	---	Unassigned
155001-7/9	N612AS	---	Unassigned
801-7/9	N579AS	---	Unassigned
151-7/9	N619AS	---	Unassigned
1318001-7/9	N706AL	N938AK	0
1199-7/9	N952AK	---	Unassigned
525-7/9	N931AK	---	Unassigned
1203-7/9	N531AS	---	Unassigned
87-7/9	N607AS	---	Unassigned
1052-7/9	N958AK	---	Unassigned
1168-7/9	N971AK	---	Unassigned
1215-7/9	N448AS	---	Unassigned
1139-7/9	N804AK	---	Unassigned
177-7/9	N549AS	N549AS	0
1042-7/9	N577AS	---	Unassigned
579-7/9	N805AK	---	Unassigned
205-7/9	N309AS	---	Unassigned
721-7/9	N611AS	---	Unassigned
1288-7/9	N519AS	---	Unassigned
719-7/9	N563AS	---	Unassigned
965-7/9	N277AK	---	Unassigned
403-7/9	N407AS	---	Unassigned
193-7/9	N293AK	---	Unassigned
1158-7/9	N512AS	---	Unassigned
1327-7/9	N949AK	---	Unassigned
167-7/9	N984AK	N972AK	0
1194-7/9	N285AK	---	Unassigned
66002-7/9	N536AS	---	Unassigned
827-7/9	N495AS	---	Unassigned
136-7/9	N801AK	---	Unassigned
1224-7/9	N294AK	---	Unassigned
1005-7/9	N236AK	---	Unassigned
141-7/9	N494AS	---	Unassigned
1156-7/9	N979AK	N734AL	0
1004-7/9	N435AS	---	Unassigned
780-7/9	N281AK	---	Unassigned
1321001-7/9	N564AS	---	Unassigned
67003-7/9	N592AS	---	Unassigned
1034-7/9	N974AK	---	Unassigned
642-7/9	N985AK	---	Unassigned
268-7/9	N553AS	---	Unassigned
228-7/9	N434AS	---	Unassigned
729-7/9	N713AL	---	Unassigned
1110-7/9	N622AS	---	Unassigned
70-7/9	N609AS	---	Unassigned
922-7/9	N247AK	---	Unassigned
133-7/9	N525AS	---	Unassigned
644-7/9	N961AK	---	Unassigned
1067-7/9	N469AS	N238AK	0
46-7/9	N562AS	---	Unassigned
1264-7/9	N570AS	---	Unassigned
774-7/9	N813AK	---	Unassigned
444-7/9	N493AS	---	Unassigned
91-7/9	N529AS	---	Unassigned
622-7/9	N803AK	---	Unassigned
282-7/9	N924AK	N971AK	0
307-7/9	N419AS	---	Unassigned
69-7/9	N273AK	---	Unassigned
1162-7/9	N569AS	---	Unassigned
1040-7/9	N973AK	N709AL	0
436-7/9	N720AL	---	Unassigned
728-7/9	N593AS	---	Unassigned
736-7/9	N613AS	---	Unassigned
197001-7/9	N588AS	---	Unassigned
314-7/9	N707AL	---	Unassigned
547-7/9	N433AS	---	Unassigned
67-7/9	N592AS	---	Unassigned
980-7/9	N972AK	N977AK	0
1152-7/9	N594AS	---	Unassigned
545-7/9	N253AK	---	Unassigned
1230-7/9	N556AS	---	Unassigned
1039-7/9	N913AK	---	Unassigned
380-7/9	N468AS	---	Unassigned
315-7/9	N277AK	---	Unassigned
1020-7/9	N431AS	N495AS	0
919-7/9	N918AK	---	Unassigned
36-7/9	N734AL	---	Unassigned
115-7/9	N947AK	---	Unassigned
138-7/9	N708AL	---	Unassigned
374-7/9	N706AL	N733AL	0
344-7/9	N527AS	---	Unassigned
192-7/9	N618AS	---	Unassigned
22-7/9	N282AK	N296AK	0
455-7/9	N236AK	---	Unassigned
259-7/9	N581AS	N577AS	0
161-7/9	N251AK	---	Unassigned
924-7/9	N287AK	---	Unassigned
959-7/9	N563AS	---	Unassigned
1057-7/9	N723AL	---	Unassigned
185-7/9	N453AS	---	Unassigned
360-7/9	N477AS	N471AS	0
119-7/9	N224AK	---	Unassigned
498-7/9	N586AS	---	Unassigned
394-7/9	N716AL	---	Unassigned
340-7/9	N956AK	N983AK	0
70001-7/9	N609AS	---	Unassigned
490-7/9	N926AK	---	Unassigned
400-7/9	N487AS	---	Unassigned
367-7/9	N978AK	---	Unassigned
59-7/9	N562AS	---	Unassigned
423-7/9	N958AK	---	Unassigned
536-7/9	N506AS	---	Unassigned
328-7/9	N942AK	---	Unassigned
427-7/9	N953AK	---	Unassigned
112-7/9	N949AK	N731AL	0
144-7/9	N564AS	---	Unassigned
464-7/9	N920AK	---	Unassigned
452-7/9	N964AK	---	Unassigned
1227-7/9	N724AL	N984AK	0
172-7/9	N296AK	---	Unassigned
164-7/9	N928AK	N955AK	0
109-7/9	N592AS	---	Unassigned
880-7/9	N809AK	---	Unassigned
810-7/9	N560AS	---	Unassigned
558-7/9	N733AL	---	Unassigned
828-7/9	N464AS	---	Unassigned
814-7/9	N719AL	---	Unassigned
826-7/9	N535AS	---	Unassigned
1029-7/9	N912AK	N963AK	0
