===== Copy Generation Summary =====
#Iter       TotalGen  ind(reg)  mul(reg)  ind(csc)  mul(csc) TotalUsed  ind(reg)  mul(reg)  ind(csc)  mul(csc)            obj
    1            370       327         0        43         0       146       138         0         8         0      1.011e+10
    2            384       295         0        89         0       137       119         0        18         0      1.185e+08
    3            411       302         0       109         0       159       148         0        11         0      1.449e+07
    4            405       335         0        70         0       179       165         0        14         0      9.575e+06
    5            395       366         0        29         0       198       186         0        12         0      6.643e+06
    6            397       365         0        32         0       200       195         0         5         0      3.691e+06
    7            397       370         0        27         0       206       198         0         8         0      2.334e+06
    8            390       347         0        43         0       186       173         0        13         0      1.807e+06
    9            392       347         0        45         0       178       162         0        16         0      1.807e+06
   10            382       358         0        24         0       164       157         0         7         0      1.788e+06
   11            383       326         0        57         0       163       148         0        15         0      1.741e+06
   12            379       329         0        50         0       158       156         0         2         0      1.641e+06
   13            336       302         0        34         0       148       146         0         2         0      1.624e+06
   14            308       268         0        40         0       120       113         0         7         0       1.61e+06
   15            303       267         0        36         0       134       126         0         8         0      1.607e+06
   16            269       226         0        43         0       106       104         0         2         0      1.586e+06
   17            266       211         0        55         0       108       104         0         4         0      1.567e+06
   18            208       161         0        47         0        86        73         0        13         0      1.542e+06
   19            171       140         0        31         0        68        68         0         0         0      1.529e+06
   20            187       149         0        38         0        60        58         0         2         0      1.529e+06
   21            145       132         0        13         0        74        73         0         1         0      1.496e+06
   22            139       106         0        33         0        66        61         0         5         0      1.484e+06
   23            125        87         0        38         0        55        41         0        14         0      1.484e+06
   24            106        69         0        37         0        25        24         0         1         0      1.484e+06
   25            103        75         0        28         0        18        18         0         0         0      1.448e+06
   26             86        53         0        33         0        11        10         0         1         0      1.448e+06
   27             67        35         0        32         0        12        12         0         0         0      1.448e+06
   28             86        56         0        30         0        24        23         0         1         0      1.433e+06
   29             45        28         0        17         0         9         9         0         0         0      1.433e+06
   30             31        22         0         9         0         3         2         0         1         0      1.433e+06
   31             21        14         0         7         0         4         4         0         0         0      1.433e+06
   32             24        19         0         5         0         5         5         0         0         0      1.433e+06
   33             21        13         0         8         0         2         1         0         1         0      1.433e+06
   34             15        10         0         5         0         1         1         0         0         0      1.421e+06
   35             17        11         0         6         0         2         2         0         0         0      1.421e+06
   36             15        12         0         3         0         2         2         0         0         0      1.421e+06
   37            106       104         0         2         0        62        62         0         0         0      1.421e+06
   38             17        15         0         2         0         0         0         0         0         0      1.421e+06
   39             16        12         0         4         0         3         3         0         0         0      1.421e+06
   40              9         5         0         4         0         0         0         0         0         0      1.421e+06
   41              9         6         0         3         0         1         1         0         0         0      1.421e+06
   42              8         8         0         0         0         0         0         0         0         0      1.421e+06
   43              9         8         0         1         0         1         1         0         0         0      1.421e+06
