===== Copy Generation Summary =====
#Iter       TotalGen  ind(reg)  mul(reg)  ind(csc)  mul(csc) TotalUsed  ind(reg)  mul(reg)  ind(csc)  mul(csc)            obj
    1            442       345         0        97         0       177       164         0        13         0      2.463e+08
    2            442       379         0        63         0       201       187         0        14         0      2.453e+08
    3            444       331         0       113         0       239       189         0        50         0      8.161e+07
    4            446       357         0        89         0       243       209         0        34         0      5.648e+07
    5            446       364         0        82         0       233       201         0        32         0       4.92e+07
    6            446       372         0        74         0       241       209         0        32         0      3.857e+07
    7            446       399         0        47         0       257       237         0        20         0      3.497e+07
    8            446       347         0        99         0       253       218         0        35         0      3.242e+07
    9            440       357         0        83         0       247       218         0        29         0      3.113e+07
   10            440       333         0       107         0       224       167         0        57         0      2.822e+07
   11            438       391         0        47         0       238       226         0        12         0      2.699e+07
   12            434       357         0        77         0       238       210         0        28         0      2.524e+07
   13            427       366         0        61         0       201       178         0        23         0       2.35e+07
   14            426       358         0        68         0       236       201         0        35         0      2.169e+07
   15            424       365         0        59         0       232       211         0        21         0      2.009e+07
   16            424       390         0        34         0       230       216         0        14         0      1.784e+07
   17            424       392         0        32         0       251       238         0        13         0      1.667e+07
   18            426       353         0        73         0       208       174         0        34         0      1.514e+07
   19            424       368         0        56         0       252       231         0        21         0      1.463e+07
   20            424       411         0        13         0       224       222         0         2         0      1.351e+07
   21            424       372         0        52         0       213       191         0        22         0      1.293e+07
   22            424       354         0        70         0       252       232         0        20         0      1.192e+07
   23            424       385         0        39         0       230       227         0         3         0      1.132e+07
   24            446       410         0        36         0       218       214         0         4         0      1.061e+07
   25            436       414         0        22         0       282       278         0         4         0      1.061e+07
   26            426       394         0        32         0       240       226         0        14         0      1.028e+07
   27            424       352         0        72         0       248       217         0        31         0      9.697e+06
   28            424       398         0        26         0       217       211         0         6         0      8.743e+06
   29            424       405         0        19         0       206       205         0         1         0      8.525e+06
   30            424       387         0        37         0       237       231         0         6         0      8.236e+06
   31            424       385         0        39         0       239       231         0         8         0      8.152e+06
   32            424       369         0        55         0       218       210         0         8         0      7.837e+06
   33            424       370         0        54         0       194       192         0         2         0      7.737e+06
   34            424       391         0        33         0       233       221         0        12         0      7.678e+06
   35            424       350         0        74         0       193       185         0         8         0      7.567e+06
   36            423       361         0        62         0       221       214         0         7         0      7.467e+06
   37            417       349         0        68         0       210       189         0        21         0      7.343e+06
   38            416       389         0        27         0       213       205         0         8         0       7.12e+06
   39            412       354         0        58         0       212       198         0        14         0      7.027e+06
   40            408       361         0        47         0       222       207         0        15         0      6.823e+06
   41            409       346         0        63         0       190       175         0        15         0      6.705e+06
   42            410       353         0        57         0       245       228         0        17         0       6.56e+06
   43            400       352         0        48         0       200       197         0         3         0      6.462e+06
   44            401       333         0        68         0       213       212         0         1         0      6.405e+06
   45            384       327         0        57         0       224       217         0         7         0      6.308e+06
   46            380       329         0        51         0       217       213         0         4         0      6.278e+06
   47            383       338         0        45         0       190       188         0         2         0      6.123e+06
   48            380       329         0        51         0       195       181         0        14         0      6.079e+06
   49            375       325         0        50         0       220       201         0        19         0      5.968e+06
   50            373       346         0        27         0       195       191         0         4         0      5.883e+06
   51            375       331         0        44         0       219       214         0         5         0      5.788e+06
   52            366       341         0        25         0       223       218         0         5         0      5.723e+06
   53            365       251         0       114         0       163       120         0        43         0       5.63e+06
   54            361       305         0        56         0       188       187         0         1         0      5.593e+06
   55            360       254         0       106         0        91        89         0         2         0      5.584e+06
   56            357       280         0        77         0       162       150         0        12         0       5.57e+06
   57            356       258         0        98         0       152       132         0        20         0      5.539e+06
   58            358       281         0        77         0       170       154         0        16         0      5.381e+06
   59            356       222         0       134         0       167       150         0        17         0      5.342e+06
   60            357       251         0       106         0       183       142         0        41         0      5.298e+06
   61            357       310         0        47         0       200       181         0        19         0      5.251e+06
   62            353       250         0       103         0       170       145         0        25         0      5.229e+06
   63            353       271         0        82         0       223       218         0         5         0      5.187e+06
   64            357       321         0        36         0       188       187         0         1         0      5.159e+06
   65            344       268         0        76         0       117       116         0         1         0      5.152e+06
   66            341       254         0        87         0       186       169         0        17         0      5.141e+06
   67            337       268         0        69         0       192       184         0         8         0       5.13e+06
   68            325       198         0       127         0       118       108         0        10         0      5.121e+06
   69            330       234         0        96         0       118       109         0         9         0      5.111e+06
   70            308       216         0        92         0       116       109         0         7         0      5.108e+06
   71            320       262         0        58         0       123       116         0         7         0      5.094e+06
   72            290       169         0       121         0        96        84         0        12         0      5.091e+06
   73            279       203         0        76         0       130       122         0         8         0       5.08e+06
   74            307       249         0        58         0       152       150         0         2         0      5.069e+06
   75            273       197         0        76         0       106        93         0        13         0      5.065e+06
   76            273       156         0       117         0       123        88         0        35         0      5.062e+06
   77            275       186         0        89         0       115       111         0         4         0      5.048e+06
   78            262       151         0       111         0        70        47         0        23         0      5.037e+06
   79            348       304         0        44         0       209       208         0         1         0      4.979e+06
   80            355       235         0       120         0       125       116         0         9         0      4.968e+06
   81            269       172         0        97         0       110        97         0        13         0      4.943e+06
   82            269       202         0        67         0       108        98         0        10         0      4.919e+06
   83            355       250         0       105         0       164       127         0        37         0      4.914e+06
   84            310       190         0       120         0       134       103         0        31         0       4.91e+06
   85            290       190         0       100         0        91        84         0         7         0      4.897e+06
   86            257       150         0       107         0        84        64         0        20         0      4.876e+06
   87            446       375         0        71         0       217       215         0         2         0      4.848e+06
   88            417       311         0       106         0       168       164         0         4         0      4.848e+06
   89            372       295         0        77         0       163       161         0         2         0      4.846e+06
   90            274       221         0        53         0       124       119         0         5         0      4.844e+06
   91            289       211         0        78         0       137       137         0         0         0      4.811e+06
   92            259       147         0       112         0        82        74         0         8         0      4.803e+06
   93            256       143         0       113         0        63        53         0        10         0      4.797e+06
   94            249       193         0        56         0        97        90         0         7         0      4.769e+06
   95            265       189         0        76         0       101        90         0        11         0      4.745e+06
   96            243       150         0        93         0       101        98         0         3         0      4.734e+06
   97            226       178         0        48         0        80        79         0         1         0      4.732e+06
   98            242       165         0        77         0       107       105         0         2         0      4.717e+06
   99            218       153         0        65         0        63        61         0         2         0      4.716e+06
  100            216       140         0        76         0       106       103         0         3         0      4.685e+06
  101            219       172         0        47         0        92        91         0         1         0      4.684e+06
  102            192       157         0        35         0        78        74         0         4         0      4.681e+06
  103            207       176         0        31         0        82        81         0         1         0      4.663e+06
  104            178       160         0        18         0        88        88         0         0         0      4.661e+06
  105            178       122         0        56         0        69        69         0         0         0      4.647e+06
  106            187       174         0        13         0        92        92         0         0         0      4.643e+06
  107            184       116         0        68         0        70        68         0         2         0      4.642e+06
  108            162       125         0        37         0        72        64         0         8         0      4.639e+06
  109            179       116         0        63         0        55        49         0         6         0      4.636e+06
  110            160       107         0        53         0        76        71         0         5         0      4.626e+06
  111            159       106         0        53         0        36        36         0         0         0      4.618e+06
  112            159       141         0        18         0        70        70         0         0         0      4.617e+06
  113            159       141         0        18         0        64        63         0         1         0      4.611e+06
  114            160       139         0        21         0        89        87         0         2         0      4.596e+06
  115            174        94         0        80         0        44        42         0         2         0      4.594e+06
  116            160       113         0        47         0        76        71         0         5         0      4.589e+06
  117            156       145         0        11         0        94        92         0         2         0      4.586e+06
  118            156       141         0        15         0        57        53         0         4         0      4.584e+06
  119            156       131         0        25         0        79        74         0         5         0      4.583e+06
  120            156       105         0        51         0        70        69         0         1         0      4.576e+06
  121            156       101         0        55         0        56        54         0         2         0      4.571e+06
  122            162       118         0        44         0        51        50         0         1         0      4.567e+06
  123            154       119         0        35         0        58        55         0         3         0       4.53e+06
  124            151       105         0        46         0        53        50         0         3         0      4.527e+06
  125            154       115         0        39         0        55        54         0         1         0      4.518e+06
  126            155       120         0        35         0        30        29         0         1         0      4.516e+06
  127            173        76         0        97         0        25        25         0         0         0      4.515e+06
  128            154       119         0        35         0        84        82         0         2         0      4.515e+06
  129            155        95         0        60         0        45        34         0        11         0      4.515e+06
  130            137        68         0        69         0        20        18         0         2         0      4.514e+06
  131            147       111         0        36         0        46        43         0         3         0      4.498e+06
  132            139       105         0        34         0        36        34         0         2         0       4.49e+06
  133            143        90         0        53         0        25        23         0         2         0      4.481e+06
  134            141        90         0        51         0        36        34         0         2         0      4.467e+06
  135            117        74         0        43         0        16        15         0         1         0      4.467e+06
  136            105        44         0        61         0         9         7         0         2         0      4.467e+06
  137            108        47         0        61         0        17        16         0         1         0      4.461e+06
  138            116        50         0        66         0        23        18         0         5         0      4.437e+06
  139             70        42         0        28         0        17        17         0         0         0      4.437e+06
  140             65        46         0        19         0        12        12         0         0         0      4.437e+06
  141             60        40         0        20         0        10        10         0         0         0      4.437e+06
  142             35        18         0        17         0         9         9         0         0         0      4.436e+06
  143             46        33         0        13         0        12        11         0         1         0      4.427e+06
  144             45        22         0        23         0         8         8         0         0         0      4.427e+06
  145             76        51         0        25         0         2         2         0         0         0      4.427e+06
  146             50        43         0         7         0         4         4         0         0         0      4.407e+06
  147             64        44         0        20         0         3         3         0         0         0      4.407e+06
  148             29        19         0        10         0         1         1         0         0         0      4.407e+06
  149             38        31         0         7         0         2         2         0         0         0      4.401e+06
  150             48        38         0        10         0         6         6         0         0         0      4.401e+06
  151             23        10         0        13         0         2         1         0         1         0      4.401e+06
  152             16        12         0         4         0         0         0         0         0         0      4.401e+06
