===== Copy Generation Summary =====
#Iter       TotalGen  ind(reg)  mul(reg)  ind(csc)  mul(csc) TotalUsed  ind(reg)  mul(reg)  ind(csc)  mul(csc)            obj
    1            454       300        77        77         0       187       137        40        10         0      1.058e+08
    2            433       263        58       110         2       184       115        45        22         2      1.048e+08
    3            421       248        15       156         2       162       107        11        42         2      1.105e+07
    4            423       323        15        81         4       210       164        12        30         4      7.134e+06
    5            403       329         2        72         0       192       159         2        31         0      3.061e+06
    6            414       344        10        57         3       210       176         8        23         3      2.059e+06
    7            405       364         0        41         0       199       185         0        14         0      2.038e+06
    8            412       350        15        45         2       195       175         9         9         2      1.917e+06
    9            398       336        19        39         4       186       160        12        12         2      1.917e+06
   10            389       313        14        49        13       185       156        10        11         8      1.896e+06
   11            366       304        17        37         8       168       147        11         4         6      1.896e+06
   12            354       294        10        41         9       160       149         5         0         6      1.896e+06
   13            361       252        16        61        32       161       118        10        10        23      1.836e+06
   14            330       245        26        42        17       145       112        16         6        11      1.833e+06
   15            344       187        69        50        38       146        73        52         2        19      1.831e+06
   16            304       166        40        31        67       164        77        31         6        50      1.818e+06
   17            256       140        40        26        50       128        62        27         1        38      1.816e+06
   18            214       144        16        25        29        87        60        12         0        15      1.809e+06
   19            213       116        18        54        25        81        64         6         2         9      1.806e+06
   20            170       116         7        25        22        78        60         2         3        13      1.806e+06
   21            172       139         4        13        16        89        77         0         1        11      1.806e+06
   22            161       120         0        30        11        59        54         0         3         2      1.793e+06
   23            165       146         4         9         6        84        80         2         1         1      1.793e+06
   24            158       105        22        12        19        83        52        18         3        10      1.793e+06
   25            121        74        11        27         9        41        29         9         0         3      1.793e+06
   26            105        43         8        27        27        29         7         5         2        15      1.793e+06
   27            106        43        17        28        18        33        14        12         0         7      1.792e+06
   28            100        24        31        21        24        44         5        26         0        13      1.792e+06
   29            102        68        22         4         8        64        48        16         0         0      1.788e+06
   30             70        21        25         4        20        33         4        17         0        12      1.788e+06
   31             58        20         2         5        31        26         7         0         0        19      1.787e+06
   32             39        16         2         6        15         7         1         0         0         6      1.787e+06
   33             30         7         2         7        14         8         1         2         0         5      1.786e+06
   34             25         7         1         6        11         3         0         0         0         3      1.786e+06
   35             22         9         0         5         8         0         0         0         0         0      1.786e+06
   36             15         5         0         0        10         0         0         0         0         0      1.786e+06
   37             14         4         0         1         9         0         0         0         0         0      1.786e+06
   38             15         4         0         1        10         2         0         0         0         2      1.786e+06
   39             14         5         0         1         8         0         0         0         0         0      1.786e+06
   40             15         5         0         0        10         0         0         0         0         0      1.786e+06
