Run time(sec):            601
IP gap:7.642
======================= COST =======================
======================= COST =======================
Total:              1.751e+09
Cancel:             1.741e+09
Delay:               2.05e+05
Swaps:              1.968e+06
PosViol:            4.325e+06
CSC:                 3.71e+06

===================== DISRUPTION ===================
# Cancelled:             1048
# Delayed:                 24
# Swaps:                  164
# CSCs:                   164
Ttl delay(min):	         2050
Avg delay(min):	           85
Min delay(min):	            8
Max delay(min):	          229

================= AIRPORT CAPACITY =================
SEA 2025-Jul-07 17:00:00 2025-Jul-07 21:00:00 1 0(0)
SEA 2025-Jul-07 17:00:00 2025-Jul-07 21:00:00 2 0(1)

================= AIRCRAFT LOCATION ================
Aircraft     PlannedEnd      ActualEnd
N214AK            AUS            SAN
N224AK            ANC            PHX
N236AK            IAD            JFK
N237AK            SEA            LAS
N238AK            IAD            GEG
N247AK            SEA            SEA
N248AK            SEA            DEN
N251AK            EUG            SEA
N253AK            IND            SJC
N260AK            PDX            BOI
N264AK            OMA            SEA
N265AK            SFO            PDX
N267AK            PDX            SEA
N268AK            PDX            LAS
N270AK            SEA            ANC
N272AK            ORD            ANC
N273AK            JNU            PDX
N274AK            MKE            ORD
N275AK            LAS            LAX
N277AK            CMH            DEN
N280AK            PDX            SAN
N281AK            ABQ            ORD
N282AK            JFK            SEA
N283AK            PDX            SEA
N284AK            SJC            SEA
N285AK            SMF            RDM
N287AK            RDM            SEA
N288AK            ORD            SFO
N290AK            BNA            SEA
N291BT            SEA            SEA
N292AK            LAS            SEA
N293AK            ANC            PDX
N294AK            LAX            SAN
N296AK            PHX            SMF
N297AK            SFO            SEA
N298AK            LAX            BUR
N307AS            SEA            SEA
N309AS            JNU            JNU
N318AS            SEA            SEA
N402AS            LAS            BWI
N403AS            SAN            LAX
N408AS            ANC            PDX
N409AS            SFO            GEG
N413AS            SEA            SEA
N419AS            BOS            EUG
N423AS            LAX            LAX
N431AS            MCO            EWR
N433AS            CLE            PDX
N434AS            ANC            PDX
N435AS            GEG            PIT
N440AS            LAX            LAS
N442AS            SEA            SAT
N448AS            SEA            PDX
N453AS            JNU            ANC
N457AS            DFW            PAE
N459AS            SFO            SAN
N462AS            SFO            JNU
N464AS            ANC            HNL
N467AS            MCI            SEA
N469AS            GEG            SFO
N471AS            SEA            IAH
N472AS            SJC            SEA
N474AS            SEA            DFW
N477AS            TPA            PHL
N478AS            ANC            SEA
N481AS            PDX            SEA
N483AS            PDX            PHL
N486AS            SEA            SEA
N487AS            BNA            SEA
N491AS            PDX            ANC
N492AS            PDX            MCO
N493AS            PHL            SLC
N494AS            ANC            GEG
N495AS            HNL            SAN
N506AS            BOS            PHX
N508AS            DCA            BZN
N512AS            SNA            SEA
N513AS            SEA            KTN
N514AS            SFO            SEA
N516AS            LAX            PDX
N517AS            SAN            SNA
N518AS            LAX            SAN
N519AS            SNA            SFO
N520AS            ANC            SAN
N523AS            SEA            SEA
N525AS            ANC            DCA
N526AS            SEA            SEA
N527AS            BWI            SEA
N529AS            SIT            SAN
N530AS            SJC            SEA
N531AS            SEA            PDX
N532AS            PDX            MCO
N535AS            SAN            SEA
N536AS            SEA            MSP
N537AS            DCA            ANC
N538AS            SEA            LIH
N546AS            SEA            ADQ
N548AS            DEN            STS
N549AS            ADQ            ADQ
N551AS            SEA            DEN
N552AS            SNA            SNA
N553AS            SEA            PDX
N556AS            SMF            GEG
N557AS            SAN            STS
N560AS            SEA            SNA
N562AS            MSP            LAX
N564AS            ANC            RDU
N565AS            SEA            SEA
N568AS            LAX            DCA
N569AS            SAN            SJC
N570AS            SAN            MKE
N577AS            SEA            SAN
N579AS            KOA            DCA
N581AS            BOS            SEA
N586AS            PDX            ANC
N587AS            PHX            SNA
N589AS            JFK            DCA
N590AS            DCA            SEA
N592AS            ORD            ANC
N593AS            LAS            LAS
N594AS            OAK            PDX
N596AS            SEA            SAN
N597AS            OGG            LIH
N607AS            ANC            ANC
N609AS            SIT            SIT
N611AS            SEA            SEA
N612AS            ANC            ANC
N613AS            RNO            RNO
N615AS            JNU            JNU
N618AS            ANC            ANC
N619AS            ANC            ANC
N622AS            SEA            SEA
N703AL            SEA            PDX
N705AL            LAX            SEA
N706AL            EWR            PHX
N707AL            EWR            EWR
N708AL            ORD            ORD
N709AL            TPA            SEA
N710AL            MSP            OGG
N712AL            LAX            SMF
N713AL            PDX            SEA
N716AL            MCO            SEA
N719AL            SEA            PDX
N720AL            BOS            STL
N722AL            SEA            SAN
N723AL            DFW            SAN
N724AL            AUS            MCO
N725AL            SFO            SFO
N729AL            LAX            SEA
N731AL            MCO            SAN
N732AL            SEA            SEA
N733AL            PDX            JFK
N734AL            JFK            BNA
N738AL            SEA            OMA
N801AK            ANC            ANC
N803AK            JFK            JFK
N804AK            SEA            SEA
N805AK            LAX            LAX
N806AK            LAX            LAX
N809AK            SEA            SEA
N812AK            SFO            SFO
N813AK            SEA            SEA
N903AK            PDX            BNA
N912AK            SAN            SEA
N913AK            GEG            SEA
N915AK            SEA            SEA
N917AK            ONT            SEA
N918AK            RDU            SEA
N919AK            PHX            BOI
N920AK            ATL            ORD
N921AK            AUS            OAK
N924AK            EWR            SEA
N926AK            MSY            FAI
N928AK            DEN            SJC
N929AK            SEA            SFO
N931AK            PDX            JFK
N932AK            SFO            SEA
N933AK            ORD            SEA
N934AK            ANC            PDX
N935AK            SAN            MCO
N936AK            SEA            CMH
N938AK            LAX            ATL
N941AK            IAH            STL
N942AK            ORD            PHX
N947AK            FAI            SIT
N948AK            LAX            PDX
N949AK            FAI            DFW
N952AK            SEA            LAX
N953AK            CVG            MSP
N954AK            PDX            SJC
N955AK            SFO            SFO
N956AK            PIT            ANC
N958AK            SAT            MIA
N960AK            BOS            FAI
N961AK            PHX            DFW
N962AK            SFO            EWR
N963AK            LAX            PDX
N964AK            IAH            EWR
N966AK            SFO            SFO
N967AK            LAX            BUR
N968AK            JFK            SAT
N969AK            PDX            SAN
N972AK            SFO            STL
N973AK            ONT            TPA
N974AK            BOI            LAX
N975AK            LAS            SFO
N976AK            STL            GEG
N977AK            SEA            DEN
N978AK            IAD            ATL
N982AK            SEA            PDX
N983AK            ATL            MCO
N984AK            FAI            MSP
N985AK            DEN            SEA
N990AK            LAX            PDX
N407AS            SEA            BWI
N428AS            LAX            SEA
N468AS            DTW            SEA
N479AS            SEA            SEA
N563AS            GEG            OAK
N566AS            SFO            EWR
N588AS            ANC            KOA
N614AS            ANC            ANC
N946AK            BUR            SEA
N971AK            BUR            IAD
N979AK            SAN            BOS
