Objective:	1.75121e+09
Total CPU time:	00:10:01
================== Aircraft Recovery Schedule ==================
N214AK[30]
375(7/7IAD13:00---SEA18:47)
2025-Jul-07 19:17:00
1198-d0-c12(7/7SEA21:05---SAN23:43)
2025-Jul-09 15:30:00
--------------------------------------------------------
N224AK[45]
2025-Jul-07 15:00:00
2025-Jul-09 15:45:00
--------------------------------------------------------
N236AK[55]
1258(7/7SEA14:00---SAN16:50)
2025-Jul-07 17:45:00
24-d0-c28(7/8SAN14:00---JFK19:11)
2025-Jul-09 15:55:00
--------------------------------------------------------
N237AK[55]
2025-Jul-07 15:00:00
600-d0-c11(7/8SEA22:42---LAS01:05)
2025-Jul-09 15:55:00
--------------------------------------------------------
N238AK[40]
1074(7/7PDX14:25---SAN17:00)
2025-Jul-07 17:40:00
1067-d0-c12(7/9SAN03:59---GEG06:32)
2025-Jul-09 15:40:00
--------------------------------------------------------
N247AK[50]
512(7/7SFO14:00---AUS17:36)
2025-Jul-07 18:26:00
1228-d0-c21(7/8AUS14:45---SEA18:51)
2025-Jul-09 15:50:00
--------------------------------------------------------
N248AK[30]
537(7/7BOS13:20---SEA19:35)
2025-Jul-07 20:05:00
682001-d0-c12(7/8SEA15:06---DEN17:41)
2025-Jul-09 15:30:00
--------------------------------------------------------
N251AK[50]
2025-Jul-07 15:00:00
1113-d0-c9(7/8SFO16:15---SEA18:21)
2025-Jul-09 15:50:00
--------------------------------------------------------
N253AK[35]
2025-Jul-07 15:00:00
1046-d0-c9(7/8SEA22:08---SJC00:08)
2025-Jul-09 15:35:00
--------------------------------------------------------
N260AK[60]
2025-Jul-07 15:00:00
946-d0-c4(7/7PDX21:30---BOI22:44)
2025-Jul-09 16:00:00
--------------------------------------------------------
N264AK[30]
2025-Jul-07 15:00:00
2025-Jul-09 15:30:00
--------------------------------------------------------
N265AK[55]
541(7/7AUS12:37---PDX16:50)
2025-Jul-07 17:45:00
2025-Jul-09 15:55:00
--------------------------------------------------------
N267AK[60]
2025-Jul-07 15:00:00
54-d0-c16(7/8ANC09:29---SEA12:44)
2025-Jul-09 16:00:00
--------------------------------------------------------
N268AK[55]
413(7/7ORD12:00---PDX16:25)
2025-Jul-07 17:20:00
757-d0-c9(7/8PDX17:50---LAS20:00)
2025-Jul-09 15:55:00
--------------------------------------------------------
N270AK[45]
2025-Jul-07 15:00:00
105-d0-c17(7/8SEA01:59---ANC05:21)
2025-Jul-09 15:45:00
--------------------------------------------------------
N272AK[50]
2025-Jul-07 15:00:00
79-d0-c16(7/8SEA15:00---ANC18:20)
2025-Jul-09 15:50:00
--------------------------------------------------------
N273AK[45]
289(7/7EWR11:52---LAX17:46)
2025-Jul-07 18:31:00
1397-d0(7/9LAX01:07---PDX03:30)
2025-Jul-09 15:45:00
--------------------------------------------------------
N274AK[50]
2025-Jul-07 15:00:00
2025-Jul-09 15:50:00
--------------------------------------------------------
N275AK[55]
683(7/7ORD13:00---SEA17:39)
2025-Jul-07 18:34:00
1300-d0-c12(7/8SEA21:10---LAX23:46)
2025-Jul-09 15:55:00
--------------------------------------------------------
N277AK[45]
2025-Jul-07 15:00:00
535001-d0-c12(7/8SEA17:20---DEN19:55)
2025-Jul-09 15:45:00
--------------------------------------------------------
N280AK[55]
1089(7/7LAS14:05---PDX16:24)
2025-Jul-07 17:19:00
1296-d0-c11(7/7PDX17:40---SAN20:04)
2025-Jul-09 15:55:00
--------------------------------------------------------
N281AK[30]
2025-Jul-07 15:00:00
941-d0(7/8SEA23:25---ORD03:30)
2025-Jul-09 15:30:00
--------------------------------------------------------
N282AK[60]
2025-Jul-07 15:00:00
58-d0-c10(7/8SIT21:40---SEA23:50)
2025-Jul-09 16:00:00
--------------------------------------------------------
N283AK[50]
2025-Jul-07 15:00:00
1314-d0-c8(7/7SJC19:02---SEA21:02)
2025-Jul-09 15:50:00
--------------------------------------------------------
N284AK[40]
943(7/7RDM13:00---SEA14:14)
516(7/7SEA14:55---FLL20:52)
2025-Jul-07 21:32:00
517-d0-c32(7/7FLL21:52---SEA03:48)
2025-Jul-09 15:40:00
--------------------------------------------------------
N285AK[30]
383(7/7BNA12:00---SEA17:06)
2025-Jul-07 17:36:00
924-d0(7/9SEA05:48---RDM06:59)
2025-Jul-09 15:30:00
--------------------------------------------------------
N287AK[55]
139(7/7ORD14:30---ANC21:15)
2025-Jul-07 22:10:00
100-d0-c16(7/8ANC19:41---SEA22:54)
2025-Jul-09 15:55:00
--------------------------------------------------------
N288AK[55]
2025-Jul-07 15:00:00
634-d0-c6(7/7LAS22:39---SFO00:14)
2025-Jul-09 15:55:00
--------------------------------------------------------
N290AK[30]
358(7/7PDX14:00---BOS19:25)
2025-Jul-07 19:55:00
304-d0-c32(7/7BOS20:25---SEA02:16)
2025-Jul-09 15:30:00
--------------------------------------------------------
N291BT[30]
627(7/7TPA11:00---SEA17:06)
2025-Jul-07 17:36:00
2025-Jul-09 15:30:00
--------------------------------------------------------
N292AK[45]
473(7/7STL11:41---SEA16:10)
2025-Jul-07 16:55:00
2025-Jul-09 15:45:00
--------------------------------------------------------
N293AK[60]
2025-Jul-07 15:00:00
19-d0-c31(7/8JFK21:29---PDX03:15)
2025-Jul-09 16:00:00
--------------------------------------------------------
N294AK[50]
281(7/7BNA14:00---SEA19:03)
2025-Jul-07 19:53:00
1098-d0-c13(7/8SEA00:59---SAN03:41)
2025-Jul-09 15:50:00
--------------------------------------------------------
N296AK[50]
2025-Jul-07 15:00:00
1194-d0(7/9SEA02:54---SMF04:52)
2025-Jul-09 15:50:00
--------------------------------------------------------
N297AK[35]
2025-Jul-07 15:00:00
226-d0-c16(7/7ANC22:20---SEA01:34)
2025-Jul-09 15:35:00
--------------------------------------------------------
N298AK[55]
533(7/7ATL13:30---SEA18:51)
2025-Jul-07 19:46:00
1150001-d0-c11(7/8SEA19:48---BUR22:08)
2025-Jul-09 15:55:00
--------------------------------------------------------
N307AS[60]
168(7/7FAI08:14---SEA12:00)
2025-Jul-07 15:00:00
2025-Jul-09 16:00:00
--------------------------------------------------------
N309AS[30]
2025-Jul-07 15:00:00
612-d0(7/7SEA15:46---LAS18:25)
785-d0(7/7LAS19:40---SEA22:24)
1284-d10(7/7SEA22:54---SFO01:07)
1065-d0(7/8SFO01:53---SEA04:11)
185-d0(7/8SEA05:55---JNU08:25)
42-d0(7/8JNU09:55---SEA12:23)
1306-d0(7/8SEA15:00---LAX17:49)
1305-d0(7/8LAX18:55---SEA21:39)
962-d0(7/8SEA23:03---GEG00:13)
964-d0(7/9GEG01:07---SEA02:21)
205-d15(7/9SEA02:51---JNU05:20)
2025-Jul-09 15:30:00
--------------------------------------------------------
N318AS[40]
2025-Jul-07 15:00:00
215-d162(7/7GEG19:45---SEA21:00)
722-d133-c10(7/7SEA21:40---PHX00:33)
975-d146(7/8PHX01:13---SEA04:18)
1194-d124(7/8SEA04:58---SMF06:56)
1217-d0(7/8SMF13:15---SEA15:15)
2025-Jul-09 15:40:00
--------------------------------------------------------
N402AS[60]
1041(7/7BUR14:00---SEA16:37)
2025-Jul-07 17:37:00
344-d0-c24(7/8SEA05:20---BWI09:57)
2025-Jul-09 16:00:00
--------------------------------------------------------
N403AS[50]
188(7/7ANC13:00---SEA16:30)
2025-Jul-07 17:20:00
1054-d0-c12(7/9SEA01:55---LAX04:30)
2025-Jul-09 15:50:00
--------------------------------------------------------
N408AS[55]
2025-Jul-07 15:00:00
2025-Jul-09 15:55:00
--------------------------------------------------------
N409AS[55]
150(7/7ANC08:34---LAX13:55)
2025-Jul-07 15:00:00
1279-d0-c11(7/8LAX22:16---GEG00:36)
2025-Jul-09 15:55:00
--------------------------------------------------------
N413AS[40]
324(7/7PDX14:02---ORD18:07)
2025-Jul-07 18:47:00
942-d0-c22(7/8ORD11:00---SEA15:15)
2025-Jul-09 15:40:00
--------------------------------------------------------
N419AS[60]
2025-Jul-07 15:00:00
161-d0(7/9SEA05:47---EUG07:01)
2025-Jul-09 16:00:00
--------------------------------------------------------
N423AS[30]
446(7/7PHL10:45---SEA16:42)
2025-Jul-07 17:12:00
1316-d0-c12(7/8SEA13:00---LAX15:38)
2025-Jul-09 15:30:00
--------------------------------------------------------
N431AS[55]
292(7/7SFO14:54---EWR20:29)
2025-Jul-07 21:24:00
2025-Jul-09 15:55:00
--------------------------------------------------------
N433AS[45]
2025-Jul-07 15:00:00
1410-d0-c6(7/8SFO15:00---PDX16:39)
2025-Jul-09 15:45:00
--------------------------------------------------------
N434AS[40]
408(7/7SEA13:00---ORD17:07)
2025-Jul-07 17:47:00
325-d0-c22(7/7ORD19:03---PDX23:13)
2025-Jul-09 15:40:00
--------------------------------------------------------
N435AS[55]
920(7/7RDU11:36---SEA17:30)
2025-Jul-07 18:25:00
412001-d0-c22(7/8SEA18:06---PIT22:20)
2025-Jul-09 15:55:00
--------------------------------------------------------
N440AS[30]
459(7/7BOS11:20---SEA17:38)
2025-Jul-07 18:08:00
688-d0-c11(7/8SEA23:59---LAS02:23)
2025-Jul-09 15:30:00
--------------------------------------------------------
N442AS[55]
542(7/7SEA07:25---DFW11:20)
365(7/7DFW14:00---SEA18:27)
2025-Jul-07 19:22:00
494001-d0-c19(7/8SEA19:33---SAT23:18)
2025-Jul-09 15:55:00
--------------------------------------------------------
N448AS[45]
242(7/7MKE11:30---SEA15:53)
2025-Jul-07 16:38:00
1017-d0-c3(7/8SEA18:20---PDX19:20)
2025-Jul-09 15:45:00
--------------------------------------------------------
N453AS[50]
42(7/7JNU09:55---SEA12:23)
2025-Jul-07 15:00:00
228-d0-c17(7/9SEA03:25---ANC06:47)
2025-Jul-09 15:50:00
--------------------------------------------------------
N457AS[45]
606(7/7SEA14:55---PHX17:52)
2025-Jul-07 18:37:00
731-d0-c13(7/8PHX17:00---PAE19:50)
2025-Jul-09 15:45:00
--------------------------------------------------------
N459AS[50]
1063(7/7BUR14:20---PDX16:37)
2025-Jul-07 17:27:00
1122-d0-c11(7/9PDX00:30---SAN02:52)
2025-Jul-09 15:50:00
--------------------------------------------------------
N462AS[30]
2025-Jul-07 15:00:00
2025-Jul-09 15:30:00
--------------------------------------------------------
N464AS[55]
453(7/7IAH11:00---SEA15:40)
2025-Jul-07 16:35:00
N464AS_SEA-15:40/20:40-d0(7/7SEA15:40---7/7 20:40)
823-d0-c30(7/9SEA01:25---HNL07:03)
2025-Jul-09 15:55:00
--------------------------------------------------------
N467AS[40]
132(7/7EUG13:00---SEA14:15)
2025-Jul-07 15:00:00
2025-Jul-09 15:40:00
--------------------------------------------------------
N469AS[30]
1130(7/7GEG14:00---SAN16:47)
2025-Jul-07 17:17:00
1005-d0-c6(7/9SAN02:57---SFO04:31)
2025-Jul-09 15:30:00
--------------------------------------------------------
N471AS[60]
643(7/7DEN12:00---SEA15:01)
2025-Jul-07 16:01:00
438-d0-c21(7/8SEA18:45---IAH22:49)
2025-Jul-09 16:00:00
--------------------------------------------------------
N472AS[50]
35(7/7JFK14:00---SAN19:52)
2025-Jul-07 20:42:00
1135-d0-c13(7/8SAN22:35---SEA01:18)
2025-Jul-09 15:50:00
--------------------------------------------------------
N474AS[40]
942(7/7ORD11:00---SEA15:37)
2025-Jul-07 16:17:00
549-d0-c18(7/7SEA21:07---DFW00:45)
2025-Jul-09 15:40:00
--------------------------------------------------------
N477AS[60]
963(7/7GEG14:00---SEA15:14)
2025-Jul-07 16:14:00
442-d0-c25(7/7SEA16:42---PHL21:22)
2025-Jul-09 16:00:00
--------------------------------------------------------
N478AS[40]
2025-Jul-07 15:00:00
134-d0-c16(7/9ANC00:30---SEA03:44)
2025-Jul-09 15:40:00
--------------------------------------------------------
N481AS[60]
18(7/7PDX14:20---JFK19:45)
2025-Jul-07 20:45:00
31-d0-c32(7/7JFK20:45---SEA02:38)
2025-Jul-09 16:00:00
--------------------------------------------------------
N483AS[60]
54(7/7ANC09:29---SEA13:00)
N483AS_SEA-13:00/18:00(7/7SEA13:00---7/7 18:00)
2025-Jul-07 18:00:00
444-d0-c25(7/8SEA04:15---PHL09:00)
2025-Jul-09 16:00:00
--------------------------------------------------------
N486AS[50]
2025-Jul-07 15:00:00
1358-d0-c8(7/8SMF21:56---SEA23:46)
2025-Jul-09 15:50:00
--------------------------------------------------------
N487AS[55]
546(7/7IND10:30---SEA15:19)
2025-Jul-07 16:14:00
2025-Jul-09 15:55:00
--------------------------------------------------------
N491AS[45]
316(7/7CMH11:00---SEA16:05)
2025-Jul-07 16:50:00
131-d0-c16(7/8SEA21:58---ANC01:14)
2025-Jul-09 15:45:00
--------------------------------------------------------
N492AS[60]
974(7/7SAN14:00---PDX16:35)
2025-Jul-07 17:35:00
300-d0-c27(7/7PDX18:14---MCO23:24)
2025-Jul-09 16:00:00
--------------------------------------------------------
N493AS[55]
430(7/7SEA14:14---SLC16:16)
2025-Jul-07 17:11:00
2025-Jul-09 15:55:00
--------------------------------------------------------
N494AS[45]
2025-Jul-07 15:00:00
1004-d0-c3(7/9SEA02:59---GEG04:06)
2025-Jul-09 15:45:00
--------------------------------------------------------
N495AS[60]
2025-Jul-07 15:00:00
2025-Jul-09 16:00:00
--------------------------------------------------------
N506AS[45]
799(7/7PHX13:00---SEA16:04)
2025-Jul-07 16:49:00
632-d0(7/8SEA00:59---PHX04:00)
2025-Jul-09 15:45:00
--------------------------------------------------------
N508AS[50]
2025-Jul-07 15:00:00
1030-d0-c6(7/8SEA22:48---BZN00:25)
2025-Jul-09 15:50:00
--------------------------------------------------------
N512AS[55]
2025-Jul-07 15:00:00
504-d0-c12(7/8LAX14:00---SEA16:35)
2025-Jul-09 15:55:00
--------------------------------------------------------
N513AS[55]
2025-Jul-07 15:00:00
67002-d0-c8(7/7SEA22:33---KTN00:32)
2025-Jul-09 15:55:00
--------------------------------------------------------
N514AS[50]
1293(7/7LAX13:00---SEA15:50)
2025-Jul-07 16:40:00
2025-Jul-09 15:50:00
--------------------------------------------------------
N516AS[55]
1148(7/7SEA14:20---SNA17:15)
2025-Jul-07 18:10:00
1299-d0-c10(7/8SNA18:10---PDX20:24)
2025-Jul-09 15:55:00
--------------------------------------------------------
N517AS[55]
2025-Jul-07 15:00:00
1104-d0-c12(7/9SEA01:50---SNA04:27)
2025-Jul-09 15:55:00
--------------------------------------------------------
N518AS[60]
302(7/7ANC09:44---PDX13:20)
867(7/7PDX14:56---KOA20:50)
2025-Jul-07 21:50:00
894-d0-c26(7/8KOA21:50---SAN02:50)
2025-Jul-09 16:00:00
--------------------------------------------------------
N519AS[40]
349(7/7BWI11:51---SEA17:40)
2025-Jul-07 18:20:00
1082-d0-c9(7/8SEA14:00---SFO16:02)
2025-Jul-09 15:40:00
--------------------------------------------------------
N520AS[50]
645(7/7PHX14:05---SEA17:09)
2025-Jul-07 17:59:00
1264-d0-c13(7/9SEA04:03---SAN06:46)
2025-Jul-09 15:50:00
--------------------------------------------------------
N523AS[50]
15(7/7DCA12:59---SAN18:20)
2025-Jul-07 19:10:00
1137-d0-c13(7/7SAN19:12---SEA21:57)
2025-Jul-09 15:50:00
--------------------------------------------------------
N525AS[40]
21(7/7JFK11:00---SEA17:13)
2025-Jul-07 17:53:00
2-d0-c24(7/8SEA20:58---DCA01:35)
2025-Jul-09 15:40:00
--------------------------------------------------------
N526AS[50]
210(7/7FAI13:52---SEA17:40)
2025-Jul-07 18:30:00
2025-Jul-09 15:50:00
--------------------------------------------------------
N527AS[50]
2025-Jul-07 15:00:00
2025-Jul-09 15:50:00
--------------------------------------------------------
N529AS[60]
869(7/7SJC14:00---KOA19:30)
2025-Jul-07 20:30:00
894-d0-c26(7/7KOA21:50---SAN02:50)
2025-Jul-09 16:00:00
--------------------------------------------------------
N530AS[60]
2025-Jul-07 15:00:00
1225-d0-c9(7/7SFO21:45---SEA23:45)
2025-Jul-09 16:00:00
--------------------------------------------------------
N531AS[45]
2025-Jul-07 15:00:00
1136-d0-c12(7/7DEN17:33---PDX20:08)
2025-Jul-09 15:45:00
--------------------------------------------------------
N532AS[60]
1109(7/7SEA13:00---SAN15:53)
2025-Jul-07 16:53:00
320-d0-c25(7/8SAN16:00---MCO20:48)
2025-Jul-09 16:00:00
--------------------------------------------------------
N535AS[50]
1151(7/7OAK14:00---SEA16:07)
2025-Jul-07 16:57:00
2025-Jul-09 15:50:00
--------------------------------------------------------
N536AS[45]
1(7/7DCA12:00---SEA17:56)
2025-Jul-07 18:41:00
386-d0-c15(7/8SEA01:37---MSP04:44)
2025-Jul-09 15:45:00
--------------------------------------------------------
N537AS[50]
1124(7/7LAX14:00---PDX16:23)
2025-Jul-07 17:13:00
775-d0-c17(7/8PDX17:42---ANC21:09)
2025-Jul-09 15:50:00
--------------------------------------------------------
N538AS[55]
2025-Jul-07 15:00:00
821-d0-c31(7/8SAN00:16---LIH06:01)
2025-Jul-09 15:55:00
--------------------------------------------------------
N546AS[45]
2025-Jul-07 15:00:00
177-d0-c2(7/8ANC02:30---ADQ03:28)
2025-Jul-09 15:45:00
--------------------------------------------------------
N548AS[35]
2025-Jul-07 15:00:00
1321-d0-c8(7/9SEA00:08---STS02:01)
2025-Jul-09 15:35:00
--------------------------------------------------------
N549AS[50]
2025-Jul-07 15:00:00
231-d0(7/7ANC15:10---ADQ16:11)
232-d0(7/7ADQ17:03---ANC18:01)
43-d0-c4(7/7ANC19:28---BET20:46)
44-d25-c4(7/7BET21:36---ANC22:55)
155-d13(7/7ANC23:45---OME01:22)
155001-d13(7/8OME02:12---ANC03:46)
47-d0(7/8ANC15:15---SEA18:52)
175-d0(7/8SEA19:55---ANC23:27)
177-d0(7/9ANC02:30---ADQ03:30)
2025-Jul-09 15:50:00
--------------------------------------------------------
N551AS[55]
2025-Jul-07 15:00:00
620001-d0-c11(7/8SEA20:13---DEN22:43)
2025-Jul-09 15:55:00
--------------------------------------------------------
N552AS[30]
981(7/7SFO13:00---SEA15:04)
2025-Jul-07 15:34:00
773-d0-c12(7/7SEA21:10---SNA23:49)
2025-Jul-09 15:30:00
--------------------------------------------------------
N553AS[45]
1298(7/7PDX14:00---SNA16:31)
2025-Jul-07 17:16:00
1159-d0-c10(7/8SNA20:51---PDX23:05)
2025-Jul-09 15:45:00
--------------------------------------------------------
N556AS[45]
1181(7/7SNA14:00---PDX16:30)
2025-Jul-07 17:15:00
863-d0-c3(7/8PDX17:30---GEG18:38)
2025-Jul-09 15:45:00
--------------------------------------------------------
N557AS[60]
701(7/7LAS13:00---SEA15:45)
2025-Jul-07 16:45:00
1321-d0-c8(7/8SEA00:08---STS02:01)
2025-Jul-09 16:00:00
--------------------------------------------------------
N560AS[60]
2025-Jul-07 15:00:00
1158-d0-c10(7/9PDX02:48---SNA05:08)
2025-Jul-09 16:00:00
--------------------------------------------------------
N562AS[50]
2025-Jul-07 15:00:00
561-d0(7/8KOA23:20---LAX04:51)
2025-Jul-09 15:50:00
--------------------------------------------------------
N564AS[45]
1325(7/7SNA13:45---SEA16:42)
2025-Jul-07 17:27:00
572001-d0-c25(7/8SEA15:55---RDU20:36)
2025-Jul-09 15:45:00
--------------------------------------------------------
N565AS[45]
173(7/7SEA13:00---ANC16:40)
2025-Jul-07 17:25:00
110-d0-c16(7/8ANC08:55---SEA12:10)
2025-Jul-09 15:45:00
--------------------------------------------------------
N568AS[60]
2025-Jul-07 15:00:00
14-d0-c26(7/8SAN19:42---DCA00:33)
2025-Jul-09 16:00:00
--------------------------------------------------------
N569AS[40]
790(7/7SFO14:00---LIH19:47)
2025-Jul-07 20:27:00
844-d0(7/9LIH00:15---SJC05:24)
2025-Jul-09 15:40:00
--------------------------------------------------------
N570AS[60]
2025-Jul-07 15:00:00
366001-d0-c18(7/7SEA15:02---MKE18:36)
2025-Jul-09 16:00:00
--------------------------------------------------------
N577AS[50]
260(7/7BOS12:40---SAN18:50)
2025-Jul-07 19:40:00
2025-Jul-09 15:50:00
--------------------------------------------------------
N579AS[50]
1316(7/7SEA13:00---LAX15:50)
2025-Jul-07 16:40:00
6-d0-c25(7/7LAX20:31---DCA01:17)
2025-Jul-09 15:50:00
--------------------------------------------------------
N581AS[50]
526(7/7PDX14:04---SFO15:53)
2025-Jul-07 16:43:00
981-d0-c8(7/8SFO13:00---SEA14:56)
2025-Jul-09 15:50:00
--------------------------------------------------------
N586AS[50]
62(7/7ANC14:45---JNU16:28)
2025-Jul-07 17:18:00
67-d0-c7(7/8JNU04:40---ANC06:21)
2025-Jul-09 15:50:00
--------------------------------------------------------
N587AS[45]
2025-Jul-07 15:00:00
2025-Jul-09 15:45:00
--------------------------------------------------------
N589AS[60]
2025-Jul-07 15:00:00
6-d0-c25(7/8LAX20:31---DCA01:17)
2025-Jul-09 16:00:00
--------------------------------------------------------
N590AS[55]
5(7/7DCA13:59---LAX19:33)
2025-Jul-07 20:28:00
1289-d0-c13(7/8LAX03:10---SEA05:53)
2025-Jul-09 15:55:00
--------------------------------------------------------
N592AS[45]
2025-Jul-07 15:00:00
88-d0-c2(7/7ADQ23:49---ANC00:47)
2025-Jul-09 15:45:00
--------------------------------------------------------
N593AS[50]
393(7/7LAS14:00---PAE16:40)
2025-Jul-07 17:30:00
385-d0(7/7PAE17:40---PHX20:43)
396-d0(7/7PHX21:43---PAE00:44)
391-d0-c11(7/8PAE01:44---LAS04:06)
2025-Jul-09 15:50:00
--------------------------------------------------------
N594AS[55]
1136001(7/7PDX14:00---DEN16:37)
2025-Jul-07 17:32:00
1131-d0-c12(7/9DEN01:06---PDX03:38)
2025-Jul-09 15:55:00
--------------------------------------------------------
N596AS[45]
966(7/7GEG13:00---SEA14:15)
2025-Jul-07 15:00:00
939-d0-c12(7/9SEA01:55---SAN04:35)
2025-Jul-09 15:45:00
--------------------------------------------------------
N597AS[55]
2025-Jul-07 15:00:00
821-d0-c31(7/9SAN00:16---LIH06:01)
2025-Jul-09 15:55:00
--------------------------------------------------------
N607AS[40]
186(7/7JNU13:00---SEA15:28)
2025-Jul-07 16:08:00
1051-d0(7/7SEA16:50---BUR19:26)
1038-d0(7/7BUR20:20---SEA22:59)
1146-d0(7/7SEA23:59---SAN02:49)
1110-d0(7/8SAN03:45---SEA06:51)
65003-d0(7/8SEA14:00---KTN16:04)
65001-d0(7/8KTN16:49---WRG17:28)
65004-d0(7/8WRG18:13---PSG18:44)
65002-d0(7/8PSG19:29---JNU20:19)
65-d0(7/8JNU21:07---ANC22:53)
86-d0(7/8ANC23:45---SCC01:31)
87-d0(7/9SCC02:15---ANC04:00)
2025-Jul-09 15:40:00
--------------------------------------------------------
N609AS[40]
931(7/7RNO14:00---SEA15:56)
2025-Jul-07 16:36:00
72-d220(7/7SEA21:00---JNU23:31)
74-d229(7/8JNU00:11---SEA02:34)
606-d0(7/8SEA14:55---PHX17:52)
603-d0(7/8PHX18:52---SEA21:58)
99-d0(7/8SEA22:58---ANC02:42)
70-d0(7/9ANC03:45---JNU05:27)
70001-d0(7/9JNU06:15---SIT06:59)
2025-Jul-09 15:40:00
--------------------------------------------------------
N611AS[40]
55(7/7ANC13:45---SCC15:30)
2025-Jul-07 16:10:00
55001-d0(7/7SCC16:14---ANC17:58)
64-d0(7/7ANC18:50---JNU20:33)
64001-d0(7/7JNU21:21---PSG22:07)
64003-d0(7/7PSG22:52---WRG23:25)
64004-d0(7/8WRG00:10---KTN00:55)
64002-d0(7/8KTN01:40---SEA03:35)
736-d0(7/8SEA04:40---RNO06:35)
931-d0(7/8RNO14:00---SEA15:56)
72-d0(7/8SEA16:55---JNU19:26)
74-d0(7/8JNU20:22---SEA22:45)
720-d0(7/8SEA23:46---FAT01:58)
721-d0(7/9FAT02:40---SEA05:07)
2025-Jul-09 15:40:00
--------------------------------------------------------
N612AS[50]
2025-Jul-07 15:00:00
198-d0(7/7ANC17:05---PDX20:44)
1204-d0(7/7PDX21:49---SAN00:22)
1294-d0(7/8SAN01:18---PDX03:50)
197-d0(7/8PDX04:50---ANC08:34)
231-d0(7/8ANC15:10---ADQ16:11)
232-d0(7/8ADQ17:03---ANC18:01)
43-d0(7/8ANC18:59---BET20:21)
44-d0(7/8BET21:11---ANC22:34)
155-d0(7/8ANC23:32---OME01:09)
155001-d0(7/9OME01:59---ANC03:33)
2025-Jul-09 15:50:00
--------------------------------------------------------
N613AS[40]
148(7/7ANC08:29---SEA12:00)
65003(7/7SEA14:00---KTN16:04)
2025-Jul-07 16:44:00
65001-d0(7/7KTN16:49---WRG17:28)
65004-d0(7/7WRG18:13---PSG18:44)
65002-d0(7/7PSG19:29---JNU20:19)
65-d0(7/7JNU21:07---ANC22:53)
86-d0(7/7ANC23:45---SCC01:31)
87-d0(7/8SCC02:15---ANC04:00)
55-d0(7/8ANC13:45---SCC15:30)
55001-d0(7/8SCC16:14---ANC17:58)
64-d0(7/8ANC18:50---JNU20:33)
64001-d0(7/8JNU21:21---PSG22:07)
64003-d0(7/8PSG22:52---WRG23:25)
64004-d0(7/9WRG00:10---KTN00:55)
64002-d0(7/9KTN01:40---SEA03:35)
736-d0(7/9SEA04:40---RNO06:35)
2025-Jul-09 15:40:00
--------------------------------------------------------
N615AS[45]
2025-Jul-07 15:00:00
60-d0(7/7JNU15:14---KTN16:15)
60001-d85(7/7KTN18:57---SEA21:00)
95-d65-c10(7/7SEA21:45---JNU00:07)
157-d50(7/8JNU00:52---GST01:31)
77-d41(7/8GST02:16---JNU02:55)
60-d0(7/8JNU15:14---KTN16:15)
60001-d0(7/8KTN17:00---SEA19:03)
95-d0(7/8SEA20:40---JNU23:12)
157-d0(7/9JNU00:02---GST00:41)
77-d0(7/9GST01:35---JNU02:14)
2025-Jul-09 15:45:00
--------------------------------------------------------
N618AS[50]
593(7/7ANC13:05---PDX16:42)
2025-Jul-07 17:32:00
775-d0(7/7PDX17:42---ANC21:26)
201-d0(7/7ANC23:15---JNU00:58)
84-d0(7/8JNU01:55---ANC03:43)
82-d0(7/8ANC14:00---SEA17:31)
1328-d0(7/8SEA18:31---OAK20:44)
1247-d0(7/8OAK21:38---SEA23:38)
97-d0(7/9SEA00:40---FAI04:25)
192-d0(7/9FAI05:25---ANC06:32)
2025-Jul-09 15:50:00
--------------------------------------------------------
N619AS[40]
61002(7/7SEA14:00---JNU16:29)
2025-Jul-07 17:09:00
61001-d0(7/7JNU17:19---YAK18:18)
61003-d0(7/7YAK19:08---CDV20:09)
61-d0(7/7CDV20:59---ANC22:00)
89-d0(7/8ANC21:54---ADQ22:57)
88-d0-c2(7/8ADQ23:49---ANC00:47)
151001-d107(7/9ANC01:27---AKN02:36)
151-d77(7/9AKN03:16---ANC04:27)
2025-Jul-09 15:40:00
--------------------------------------------------------
N622AS[45]
73001(7/7SIT14:00---JNU14:44)
2025-Jul-07 15:29:00
73-d0(7/7JNU15:34---ANC17:24)
108-d0(7/7ANC18:22---FAI19:27)
140-d0(7/7FAI20:17---SEA00:00)
69001-d0(7/8SEA01:35---KTN03:44)
69-d0(7/8KTN04:29---JNU05:30)
186-d0(7/8JNU13:00---SEA15:28)
1051-d0(7/8SEA16:50---BUR19:26)
1038-d0(7/8BUR20:20---SEA22:59)
1146-d0(7/8SEA23:59---SAN02:49)
1110-d0(7/9SAN03:45---SEA06:51)
2025-Jul-09 15:45:00
--------------------------------------------------------
N703AL[40]
2025-Jul-07 15:00:00
898-d0-c26(7/7OGG21:25---PDX02:23)
2025-Jul-09 15:40:00
--------------------------------------------------------
N705AL[50]
618(7/7ABQ14:00---SEA17:15)
2025-Jul-07 18:05:00
2025-Jul-09 15:50:00
--------------------------------------------------------
N706AL[55]
2025-Jul-07 15:00:00
700-d0-c13(7/8SEA20:35---PHX23:16)
2025-Jul-09 15:55:00
--------------------------------------------------------
N707AL[55]
2025-Jul-07 15:00:00
314-d0-c26(7/8SEA04:40---EWR09:33)
2025-Jul-09 15:55:00
--------------------------------------------------------
N708AL[60]
373(7/7EWR13:00---SFO19:13)
2025-Jul-07 20:13:00
598-d0-c21(7/8SFO18:55---ORD22:57)
2025-Jul-09 16:00:00
--------------------------------------------------------
N709AL[55]
2025-Jul-07 15:00:00
2025-Jul-09 15:55:00
--------------------------------------------------------
N710AL[50]
341(7/7PIT12:03---SEA17:28)
2025-Jul-07 18:18:00
825-d0-c31(7/8SEA15:09---OGG20:49)
2025-Jul-09 15:50:00
--------------------------------------------------------
N712AL[50]
563(7/7MCI11:45---SEA15:47)
2025-Jul-07 16:37:00
1230-d0(7/8SEA04:45---SMF06:45)
2025-Jul-09 15:50:00
--------------------------------------------------------
N713AL[60]
249(7/7SFO14:20---BOS20:01)
2025-Jul-07 21:01:00
819-d0-c32(7/8BOS22:32---SEA04:30)
2025-Jul-09 16:00:00
--------------------------------------------------------
N716AL[55]
368(7/7SFO14:00---MCO19:34)
2025-Jul-07 20:29:00
419-d0-c31(7/7MCO20:39---SEA02:19)
2025-Jul-09 15:55:00
--------------------------------------------------------
N719AL[60]
458(7/7IAD12:10---SFO17:55)
2025-Jul-07 18:55:00
835-d0-c7(7/7SFO19:03---PDX20:43)
2025-Jul-09 16:00:00
--------------------------------------------------------
N720AL[60]
917(7/7MCO14:00---SEA20:10)
2025-Jul-07 21:10:00
472-d0-c18(7/8SEA01:06---STL04:41)
2025-Jul-09 16:00:00
--------------------------------------------------------
N722AL[30]
2025-Jul-07 15:00:00
1264-d0-c13(7/8SEA04:03---SAN06:46)
2025-Jul-09 15:30:00
--------------------------------------------------------
N723AL[60]
1021(7/7MCO11:00---SAN16:04)
2025-Jul-07 17:04:00
2025-Jul-09 16:00:00
--------------------------------------------------------
N724AL[30]
377(7/7ATL10:30---SEA15:57)
2025-Jul-07 16:27:00
916-d0-c28(7/8SEA15:08---MCO20:22)
2025-Jul-09 15:30:00
--------------------------------------------------------
N725AL[55]
2025-Jul-07 15:00:00
2025-Jul-09 15:55:00
--------------------------------------------------------
N729AL[55]
428(7/7CVG12:40---SEA17:39)
2025-Jul-07 18:34:00
2025-Jul-09 15:55:00
--------------------------------------------------------
N731AL[45]
111(7/7ORD05:59---ANC12:37)
82(7/7ANC14:00---SEA17:31)
2025-Jul-07 18:16:00
1198-d0-c12(7/8SEA21:05---SAN23:43)
2025-Jul-09 15:45:00
--------------------------------------------------------
N732AL[60]
2025-Jul-07 15:00:00
1242-d0-c11(7/7ONT21:21---SEA23:47)
2025-Jul-09 16:00:00
--------------------------------------------------------
N733AL[30]
308(7/7BOS11:30---SFO18:07)
2025-Jul-07 18:37:00
113-d0-c28(7/8SFO16:05---JFK21:19)
2025-Jul-09 15:30:00
--------------------------------------------------------
N734AL[60]
548(7/7CLE11:00---SEA16:09)
2025-Jul-07 17:09:00
522001-d0-c21(7/8SEA17:20---BNA21:23)
2025-Jul-09 16:00:00
--------------------------------------------------------
N738AL[45]
1043(7/7SFO14:00---SEA16:05)
2025-Jul-07 16:50:00
338-d0-c14(7/8SEA01:48---OMA04:45)
2025-Jul-09 15:45:00
--------------------------------------------------------
N801AK[50]
2025-Jul-07 15:00:00
622-d0(7/8ANC04:20---JFK11:33)
623-d0(7/8JFK13:45---ANC21:26)
226-d0(7/8ANC22:20---SEA01:50)
136-d0(7/9SEA02:55---ANC06:38)
2025-Jul-09 15:50:00
--------------------------------------------------------
N803AK[50]
623(7/7JFK13:45---ANC21:26)
2025-Jul-07 22:16:00
51-d0(7/7ANC22:26---BRW00:25)
50-d0(7/8BRW01:15---ANC03:05)
137-d0(7/8ANC16:55---OTZ18:32)
137001-d0(7/8OTZ19:24---ANC20:54)
51-d0(7/8ANC22:26---BRW00:25)
50-d0(7/9BRW01:15---ANC03:05)
622-d0(7/9ANC04:20---JFK11:33)
2025-Jul-09 15:50:00
--------------------------------------------------------
N804AK[50]
2025-Jul-07 15:00:00
4-d0-c7(7/7SEA16:00---DCA21:02)
9-d9(7/7DCA21:52---PDX03:40)
1162-d0(7/8PDX04:30---SAN07:05)
1154-d0(7/8SAN14:15---SEA17:22)
154001-d0(7/8SEA18:32---RDM19:44)
154-d0(7/8RDM20:38---SEA21:58)
1138-d0(7/8SEA23:04---SBA01:40)
1139-d0(7/9SBA02:30---SEA05:07)
2025-Jul-09 15:50:00
--------------------------------------------------------
N805AK[60]
2025-Jul-07 15:00:00
1179-d187(7/7LAX18:07---SEA21:00)
1144-d147(7/7SEA22:00---LAX00:54)
1179-d0(7/8LAX15:00---SEA17:53)
1144-d0(7/8SEA19:00---LAX21:54)
1167-d0(7/8LAX23:05---PDX01:26)
579-d0(7/9PDX02:35---LAX05:05)
2025-Jul-09 16:00:00
--------------------------------------------------------
N806AK[55]
511(7/7PHX14:00---PDX16:43)
2025-Jul-07 17:38:00
757-d0(7/7PDX17:50---LAS20:09)
676-d0(7/7LAS21:04---SEA23:50)
1048-d0(7/8SEA01:09---LAX04:00)
578-d0(7/8LAX16:05---PDX18:31)
330-d0(7/8PDX19:31---LAX21:59)
2025-Jul-09 15:55:00
--------------------------------------------------------
N809AK[60]
491(7/7SEA13:00---DFW17:00)
2025-Jul-07 18:00:00
543-d0(7/7DFW18:00---SEA22:17)
N809AK_SEA-22:17/02:17-d0(7/7SEA22:17---7/8 02:17)
91-d0(7/8SEA04:15---SIT06:44)
90-d0(7/8SIT15:15---SEA17:39)
843-d0(7/8SEA19:05---KOA01:19)
880-d0(7/9KOA07:30---SEA13:19)
2025-Jul-09 16:00:00
--------------------------------------------------------
N812AK[30]
110(7/7ANC08:55---SEA12:26)
1082(7/7SEA14:00---SFO16:11)
2025-Jul-07 16:41:00
739-d0(7/7SFO18:00---SNA19:40)
1061-d0(7/7SNA20:30---SEA23:15)
1125-d0(7/7SEA23:47---SLC01:50)
719-d0(7/8SLC02:44---SEA05:07)
807-d0(7/8SEA17:31---KOA23:40)
788-d0(7/9KOA00:40---SFO06:00)
2025-Jul-09 15:30:00
--------------------------------------------------------
N813AK[40]
912(7/7SFO14:20---SAN16:02)
2025-Jul-07 16:42:00
1259-d60(7/7SAN18:00---SEA21:00)
2-d27(7/7SEA21:40---DCA02:41)
1-d0(7/8DCA12:00---SEA17:56)
900-d0(7/8SEA18:40---RNO20:38)
601-d0(7/8RNO21:32---SEA23:29)
1202-d0(7/9SEA00:35---SNA03:25)
774-d0(7/9SNA04:15---SEA07:05)
2025-Jul-09 15:40:00
--------------------------------------------------------
N903AK[60]
2025-Jul-07 15:00:00
1268-d0-c20(7/8PDX16:00---BNA19:59)
2025-Jul-09 16:00:00
--------------------------------------------------------
N912AK[60]
284(7/7LAX14:00---EWR19:34)
2025-Jul-07 20:34:00
280-d0-c31(7/7EWR21:24---SEA03:05)
2025-Jul-09 16:00:00
--------------------------------------------------------
N913AK[50]
1101(7/7PDX14:00---LAS16:19)
2025-Jul-07 17:09:00
403-d0-c12(7/8LAS02:45---SEA05:25)
2025-Jul-09 15:50:00
--------------------------------------------------------
N915AK[60]
1239(7/7PDX14:00---PHX16:46)
2025-Jul-07 17:46:00
1006-d0-c14(7/8PHX20:55---SEA23:46)
2025-Jul-09 16:00:00
--------------------------------------------------------
N917AK[30]
2025-Jul-07 15:00:00
896-d0-c29(7/9HNL00:33---SEA06:02)
2025-Jul-09 15:30:00
--------------------------------------------------------
N918AK[60]
2025-Jul-07 15:00:00
749-d0-c12(7/8LAS04:19---SEA06:54)
2025-Jul-09 16:00:00
--------------------------------------------------------
N919AK[30]
248(7/7ANC14:30---SEA18:08)
2025-Jul-07 18:38:00
1034-d0-c5(7/9SEA03:14---BOI04:41)
2025-Jul-09 15:30:00
--------------------------------------------------------
N920AK[45]
1091(7/7ONT13:00---SEA15:42)
2025-Jul-07 16:27:00
538-d0-c19(7/8SEA00:54---ORD04:40)
2025-Jul-09 15:45:00
--------------------------------------------------------
N921AK[30]
745(7/7DEN14:00---SEA17:00)
2025-Jul-07 17:30:00
1152-d0-c9(7/8SEA04:44---OAK06:52)
2025-Jul-09 15:30:00
--------------------------------------------------------
N924AK[45]
85(7/7SEA14:00---ANC17:35)
2025-Jul-07 18:20:00
104-d0-c16(7/7ANC18:35---SEA21:48)
2025-Jul-09 15:45:00
--------------------------------------------------------
N926AK[60]
351(7/7IAD10:30---SEA16:17)
2025-Jul-07 17:17:00
106001-d0-c18(7/8SEA19:00---FAI22:35)
2025-Jul-09 16:00:00
--------------------------------------------------------
N928AK[40]
499(7/7PDX13:05---SEA14:09)
2025-Jul-07 15:00:00
1114-d0-c10(7/8SEA19:09---SJC21:19)
2025-Jul-09 15:40:00
--------------------------------------------------------
N929AK[60]
504(7/7LAX14:00---SEA16:47)
2025-Jul-07 17:47:00
1318001-d0-c9(7/9SEA01:59---SFO04:03)
2025-Jul-09 16:00:00
--------------------------------------------------------
N931AK[30]
2025-Jul-07 15:00:00
20-d0(7/7SFO21:59---JFK03:43)
2025-Jul-09 15:30:00
--------------------------------------------------------
N932AK[60]
2025-Jul-07 15:00:00
1265-d0-c13(7/8SAN13:15---SEA16:03)
2025-Jul-09 16:00:00
--------------------------------------------------------
N933AK[55]
2025-Jul-07 15:00:00
17-d0-c32(7/8JFK22:53---SEA04:50)
2025-Jul-09 15:55:00
--------------------------------------------------------
N934AK[60]
1076(7/7PDX14:00---LAX16:39)
2025-Jul-07 17:39:00
1124-d0-c10(7/8LAX14:00---PDX16:13)
2025-Jul-09 16:00:00
--------------------------------------------------------
N935AK[55]
156(7/7FAI10:09---SEA13:44)
2025-Jul-07 15:00:00
394-d0(7/9SEA06:05---MCO11:40)
2025-Jul-09 15:55:00
--------------------------------------------------------
N936AK[60]
1193(7/7SJC14:03---SEA16:15)
2025-Jul-07 17:15:00
450001-d0-c21(7/8SEA17:10---CMH21:11)
2025-Jul-09 16:00:00
--------------------------------------------------------
N938AK[45]
573(7/7DFW11:00---SEA15:17)
2025-Jul-07 16:02:00
492-d0-c23(7/7SEA23:09---ATL03:36)
2025-Jul-09 15:45:00
--------------------------------------------------------
N941AK[60]
1154(7/7SAN14:15---SEA17:22)
2025-Jul-07 18:22:00
472-d0(7/9SEA01:06---STL04:59)
2025-Jul-09 16:00:00
--------------------------------------------------------
N942AK[60]
2025-Jul-07 15:00:00
722-d0-c13(7/8SEA18:44---PHX21:34)
2025-Jul-09 16:00:00
--------------------------------------------------------
N947AK[30]
1217(7/7SMF13:15---SEA15:15)
2025-Jul-07 15:45:00
63-d97-c10(7/7SEA21:00---SIT23:14)
2025-Jul-09 15:30:00
--------------------------------------------------------
N948AK[60]
2025-Jul-07 15:00:00
803-d0-c10(7/8LAX04:36---PDX06:49)
2025-Jul-09 16:00:00
--------------------------------------------------------
N949AK[60]
2025-Jul-07 15:00:00
549-d0-c18(7/8SEA20:40---DFW00:18)
2025-Jul-09 16:00:00
--------------------------------------------------------
N952AK[50]
381(7/7DTW11:00---SEA15:57)
2025-Jul-07 16:47:00
1224-d0-c12(7/8SEA02:55---LAX05:34)
2025-Jul-09 15:50:00
--------------------------------------------------------
N953AK[60]
68(7/7MSP13:20---ANC19:20)
2025-Jul-07 20:20:00
59-d0-c26(7/8ANC06:35---MSP11:34)
2025-Jul-09 16:00:00
--------------------------------------------------------
N954AK[50]
1226(7/7SEA14:00---SJC16:08)
2025-Jul-07 16:58:00
2025-Jul-09 15:50:00
--------------------------------------------------------
N955AK[55]
2025-Jul-07 15:00:00
266-d0-c22(7/7ANC20:25---SFO00:43)
2025-Jul-09 15:55:00
--------------------------------------------------------
N956AK[60]
1265(7/7SAN13:15---SEA16:16)
2025-Jul-07 17:16:00
225-d0-c17(7/9SEA00:15---ANC03:37)
2025-Jul-09 16:00:00
--------------------------------------------------------
N958AK[30]
361(7/7OMA11:05---SEA14:47)
2025-Jul-07 15:17:00
305001-d0-c29(7/8SEA15:25---MIA20:51)
2025-Jul-09 15:30:00
--------------------------------------------------------
N960AK[30]
387(7/7MSP11:40---SEA15:44)
2025-Jul-07 16:14:00
112-d0(7/9SEA06:50---FAI10:36)
2025-Jul-09 15:30:00
--------------------------------------------------------
N961AK[30]
336(7/7BOS10:00---PDX16:17)
2025-Jul-07 16:47:00
392-d0-c18(7/7PDX19:16---DFW22:46)
2025-Jul-09 15:30:00
--------------------------------------------------------
N962AK[60]
2025-Jul-07 15:00:00
282-d0(7/9LAX04:26---EWR09:59)
2025-Jul-09 16:00:00
--------------------------------------------------------
N963AK[60]
831(7/7PDX14:00---OGG19:55)
2025-Jul-07 20:55:00
558-d0(7/9OGG07:39---PDX13:00)
2025-Jul-09 16:00:00
--------------------------------------------------------
N964AK[60]
797(7/7SEA14:00---LAX16:50)
2025-Jul-07 17:50:00
282-d0-c27(7/8LAX04:26---EWR09:32)
2025-Jul-09 16:00:00
--------------------------------------------------------
N966AK[60]
30(7/7SFO13:18---JFK19:00)
2025-Jul-07 20:00:00
41-d0-c32(7/9JFK00:29---SFO06:27)
2025-Jul-09 16:00:00
--------------------------------------------------------
N967AK[60]
303(7/7DFW12:25---PDX16:28)
2025-Jul-07 17:28:00
121-d0-c9(7/8PDX17:53---BUR20:03)
2025-Jul-09 16:00:00
--------------------------------------------------------
N968AK[50]
737(7/7BOI12:25---SEA14:05)
2025-Jul-07 15:00:00
423-d0(7/9SEA06:36---SAT10:40)
2025-Jul-09 15:50:00
--------------------------------------------------------
N969AK[55]
24(7/7SAN14:00---JFK19:39)
2025-Jul-07 20:34:00
35-d0-c29(7/8JFK14:00---SAN19:23)
2025-Jul-09 15:55:00
--------------------------------------------------------
N972AK[30]
399(7/7IAH14:00---SEA18:45)
2025-Jul-07 19:15:00
388-d0-c18(7/8SEA15:32---STL19:08)
2025-Jul-09 15:30:00
--------------------------------------------------------
N973AK[30]
595(7/7AUS12:15---SEA16:40)
2025-Jul-07 17:10:00
326-d0-c26(7/8SEA16:24---TPA21:24)
2025-Jul-09 15:30:00
--------------------------------------------------------
N974AK[30]
298(7/7SEA13:41---EWR19:00)
2025-Jul-07 19:30:00
287-d0-c30(7/8EWR23:29---LAX05:05)
2025-Jul-09 15:30:00
--------------------------------------------------------
N975AK[60]
299(7/7EWR11:19---SEA17:31)
2025-Jul-07 18:31:00
980-d0-c9(7/9SEA04:40---SFO06:50)
2025-Jul-09 16:00:00
--------------------------------------------------------
N976AK[40]
1228(7/7AUS14:45---SEA19:12)
2025-Jul-07 19:52:00
960-d0-c3(7/8SEA00:43---GEG01:47)
2025-Jul-09 15:40:00
--------------------------------------------------------
N977AK[55]
451(7/7MSY12:10---SEA17:16)
2025-Jul-07 18:11:00
642-d0(7/9SEA03:17---DEN05:59)
2025-Jul-09 15:55:00
--------------------------------------------------------
N978AK[60]
784(7/7PDX14:00---ATL18:46)
2025-Jul-07 19:46:00
2025-Jul-09 16:00:00
--------------------------------------------------------
N982AK[55]
433(7/7TPA13:00---SAN17:50)
2025-Jul-07 18:45:00
974-d0-c11(7/8SAN14:00---PDX16:24)
2025-Jul-09 15:55:00
--------------------------------------------------------
N983AK[50]
495(7/7SAT12:00---SEA16:24)
2025-Jul-07 17:14:00
420-d0-c28(7/8SEA22:53---MCO04:05)
2025-Jul-09 15:50:00
--------------------------------------------------------
N984AK[35]
395(7/7MCO11:20---SEA17:30)
2025-Jul-07 18:05:00
480001-d0-c15(7/8SEA17:25---MSP20:31)
2025-Jul-09 15:35:00
--------------------------------------------------------
N985AK[60]
2025-Jul-07 15:00:00
1093-d0-c12(7/9LAX01:15---SEA03:48)
2025-Jul-09 16:00:00
--------------------------------------------------------
N990AK[60]
2025-Jul-07 15:00:00
578-d0-c10(7/7LAX16:05---PDX18:21)
2025-Jul-09 16:00:00
--------------------------------------------------------
N407AS[60]
2025-Jul-07 15:00:00
378-d0-c25(7/8SEA17:03---BWI21:45)
2025-Jul-09 16:00:00
--------------------------------------------------------
N428AS[60]
2025-Jul-07 15:00:00
1301-d0-c12(7/9LAX00:15---SEA02:48)
2025-Jul-09 16:00:00
--------------------------------------------------------
N468AS[45]
2025-Jul-07 15:00:00
2025-Jul-09 15:45:00
--------------------------------------------------------
N479AS[60]
2025-Jul-07 15:00:00
591-d0-c9(7/8SFO23:44---SEA01:45)
2025-Jul-09 16:00:00
--------------------------------------------------------
N563AS[45]
2025-Jul-07 15:00:00
1152-d0(7/9SEA04:44---OAK07:01)
2025-Jul-09 15:45:00
--------------------------------------------------------
N566AS[60]
2025-Jul-07 15:00:00
292-d0-c27(7/8SFO14:54---EWR20:02)
2025-Jul-09 16:00:00
--------------------------------------------------------
N588AS[60]
2025-Jul-07 15:00:00
560-d0-c28(7/7LAX15:54---KOA21:06)
2025-Jul-09 16:00:00
--------------------------------------------------------
N614AS[50]
2025-Jul-07 15:00:00
720-d0(7/7SEA23:46---FAT01:58)
721-d8(7/8FAT02:48---SEA05:15)
61002-d0(7/8SEA14:00---JNU16:29)
61001-d0(7/8JNU17:19---YAK18:18)
61003-d0(7/8YAK19:08---CDV20:09)
61-d0(7/8CDV20:59---ANC22:00)
2025-Jul-09 15:50:00
--------------------------------------------------------
N946AK[55]
2025-Jul-07 15:00:00
1083-d0-c12(7/8LAX21:10---SEA23:42)
2025-Jul-09 15:55:00
--------------------------------------------------------
N971AK[55]
2025-Jul-07 15:00:00
214-d0-c25(7/8LAX15:20---IAD20:00)
2025-Jul-09 15:55:00
--------------------------------------------------------
N979AK[55]
2025-Jul-07 15:00:00
306-d0-c26(7/7SEA15:21---BOS20:19)
2025-Jul-09 15:55:00
--------------------------------------------------------
================== Unassigned Flights ==================
1410(7/7SFO15:00---PDX16:45)
329(7/7ORD15:00---SEA19:34)
1290001(7/7SEA15:00---BUR17:36)
1306(7/7SEA15:00---LAX17:49)
479(7/7LAS15:00---SEA17:40)
196(7/7ADQ15:00---ANC15:57)
648(7/7SEA15:00---TUS18:10)
79(7/7SEA15:00---ANC18:36)
1149(7/7SNA15:02---SEA17:56)
682001(7/7SEA15:06---DEN17:53)
916(7/7SEA15:08---MCO20:50)
233(7/7SAN15:10---EWR20:43)
1166(7/7SEA15:10---SFO17:29)
405001(7/7SEA15:11---OKC18:48)
1255(7/7SMF15:13---SEA17:15)
47(7/7ANC15:15---SEA18:52)
90(7/7SIT15:15---SEA17:39)
414(7/7SEA15:17---DFW19:19)
214(7/7LAX15:20---IAD20:25)
26(7/7SEA15:05+17---JFK20:29+17)
305001(7/7SEA15:25---MIA21:20)
1254(7/7SEA15:27---ONT18:05)
227(7/7JFK15:30---SFO21:48)
313001(7/7SEA15:30---DTW19:50)
613(7/7LAS15:30---SFO17:10)
890(7/7SEA15:03+29---ORD19:13+29)
555001(7/7SEA15:05+28---MSP18:29+28)
142(7/7JNU15:08+30---SEA17:36+30)
390(7/7SAN15:40---BOS21:27)
165(7/7DEN15:20+23---ANC20:54+23)
402(7/7SEA15:47---CHS21:00)
1169(7/7SFO15:20+28---SEA17:30+28)
718(7/7SFO15:50---LAS17:32)
572001(7/7SEA15:55---RDU21:01)
388(7/7SEA15:32+26---STL19:26+26)
1071(7/7SAN15:15+44---SEA18:18+44)
1268(7/7PDX16:00---BNA20:19)
320(7/7SAN16:00---MCO21:13)
83(7/7SEA16:00---ANC19:35)
1190(7/7SEA16:00---SNA18:49)
270(7/7ONT16:00---HNL21:55)
57(7/7ANC16:00---FAI17:05)
825(7/7SEA15:09+54---OGG21:20+54)
502(7/7SEA16:03---AUS20:11)
418001(7/7SEA16:13---MCI19:39)
10(7/7PDX15:00+75---DCA20:02+75)
1113(7/7SFO16:15---SEA18:30)
294(7/7PDX16:00+17---EWR21:21+17)
326(7/7SEA16:24---TPA21:50)
568(7/7SEA16:19+23---MSY20:53+23)
899(7/7SAN16:19+23---KOA22:20+23)
113(7/7SFO16:05+38---JFK21:47+38)
406001(7/7SEA16:15+28---IAD21:13+28)
8(7/7SFO16:45---DCA21:58)
798(7/7LAX16:50---SEA19:35)
149(7/7SEA16:50---ANC20:26)
426(7/7SEA16:50---DFW20:48)
312001(7/7SEA16:06+49---OMA19:17+49)
1080(7/7SEA16:55---SJC19:10)
137(7/7ANC16:55---OTZ18:32)
174(7/7SEA16:57---FAI20:40)
1108(7/7SEA16:58---SAN19:49)
875(7/7SEA17:00---LIH23:15)
731(7/7PHX17:00---PAE20:03)
23(7/7JFK17:00---SEA23:08)
1311(7/7SJC17:03---SEA19:14)
1133(7/7SEA17:03---SMF19:03)
727(7/7SEA16:22+49---ATL21:11+49)
1007(7/7SEA16:54+18---PHX19:55+18)
101(7/7SEA16:53+19---KTN18:58+19)
508001(7/7SEA17:12---CVG21:37)
796(7/7SLC17:12---SEA19:28)
505(7/7SEA17:17---LAX20:10)
522001(7/7SEA17:20---BNA21:44)
450001(7/7SEA17:10+17---CMH21:32+17)
829(7/7SAN17:29---OGG23:34)
1161(7/7PDX17:30---PHX20:16)
1084(7/7PDX17:30---SNA20:03)
1143(7/7PDX17:30---LAX20:00)
863(7/7PDX17:30---GEG18:41)
807(7/7SEA17:31---KOA23:40)
378(7/7SEA17:03+32---BWI22:10+32)
160(7/7ANC17:35---SEA21:09)
62001(7/7JNU17:20+17---SIT18:05+17)
216001(7/7SEA17:37---CLE22:01)
887(7/7SEA17:22+16---HNL23:33+16)
738(7/7SEA17:40---LAS20:19)
477(7/7SEA17:10+31---EWR22:29+31)
629(7/7LAS17:14+30---SEA19:58+30)
128(7/7PDX17:30+15---SFO19:24+15)
637(7/7PHX17:46---SEA20:53)
1420(7/7PDX17:30+17---IAH21:50+17)
322(7/7SAN17:48---IAD22:59)
1073(7/7SAN17:50---PDX20:28)
121(7/7PDX17:53---BUR20:12)
725(7/7PDX17:55---AUS21:56)
49(7/7SEA17:55---ANC21:35)
1277(7/7SNA17:21+37---SEA20:06+37)
818(7/7SEA17:58---BOS23:19)
822(7/7KOA18:00---SEA23:54)
862(7/7OGG18:00---SEA23:38)
1240(7/7LAX18:02---PDX20:25)
500001(7/7SEA17:42+22---IND21:48+22)
1256(7/7SEA17:21+44---PSP20:15+44)
234(7/7FAI18:05---SEA21:43)
535001(7/7SEA17:20+47---DEN20:07+47)
1299(7/7SNA18:10---PDX20:34)
434(7/7SFO18:10---IAD23:19)
1278(7/7SEA17:47+27---ONT20:26+27)
824(7/7HNL18:00+16---SEA23:50+16)
891(7/7ORD18:03+17---SEA22:42+17)
1017(7/7SEA18:20---PDX19:23)
904(7/7SEA18:23---BZN20:06)
48(7/7ANC17:00+84---SEA20:33+84)
1075(7/7SFO18:25---SEA20:37)
1467(7/7LAS18:27---PDX20:48)
1290(7/7BUR18:30---SEA21:08)
908(7/7SEA18:30---PSC19:39)
1112(7/7SEA18:31---SFO20:47)
503(7/7AUS18:36---SEA22:59)
1010(7/7SEA18:20+19---GEG19:29+19)
71(7/7SEA18:43---JNU21:19)
1174(7/7SEA18:22+25---SNA21:14+25)
1328(7/7SEA18:31+17---OAK20:44+17)
682(7/7DEN18:49---SEA21:48)
603(7/7PHX18:52---SEA21:58)
154001(7/7SEA18:32+21---RDM19:44+21)
1305(7/7LAX18:55---SEA21:39)
817(7/7SEA18:55---OGG01:10)
480001(7/7SEA17:25+92---MSP20:46+92)
474(7/7SAN18:04+54---ATL22:31+54)
1118(7/7SEA19:00---ONT21:46)
1111(7/7ONT19:00---SEA21:38)
1216(7/7SEA19:01---SMF21:01)
1096(7/7SEA18:41+20---SAN21:38+20)
843(7/7SEA19:05---KOA01:19)
641(7/7TUS19:06---SEA22:20)
934001(7/7SEA18:20+48---EUG19:36+48)
733(7/7SEA18:38+32---SLC20:44+32)
412001(7/7SEA18:06+70---PIT22:42+70)
658(7/7SEA19:00+18---LAS21:44+18)
932(7/7SEA18:36+43---ABQ21:37+43)
62003(7/7SIT18:57+22---KTN19:58+22)
106001(7/7SEA19:00+22---FAI22:53+22)
137001(7/7OTZ19:24---ANC20:54)
330(7/7PDX19:31---LAX21:59)
494001(7/7SEA19:33---SAT23:37)
900(7/7SEA18:40+55---RNO20:38+55)
864(7/7GEG19:36---PDX20:48)
1114(7/7SEA19:09+28---SJC21:29+28)
429(7/7SEA17:50+108---ORD21:57+108)
100(7/7ANC19:41---SEA23:10)
14(7/7SAN19:42---DCA00:59)
740(7/7SNA19:42---SFO21:10)
352(7/7SEA19:18+25---AUS23:30+25)
291(7/7SEA19:46---STL23:35)
475(7/7ATL19:47---SAN00:31)
1018(7/7SEA19:31+17---BOI21:04+17)
366(7/7MKE19:50---SEA00:16)
598(7/7SFO18:55+59---ORD23:18+59)
438(7/7SEA18:45+69---IAH23:10+69)
175(7/7SEA19:55---ANC23:27)
1281(7/7SMF19:57---SEA21:54)
405(7/7OKC19:44+16---SEA23:38+16)
1150001(7/7SEA19:48+16---BUR22:19+16)
1081(7/7SJC20:04---SEA22:12)
697001(7/7SEA19:52+16---MSO21:17+16)
102(7/7KTN19:52+21---SEA21:54+21)
415(7/7DFW20:19---SEA00:34)
34(7/7SEA18:06+137---JFK23:29+137)
1011(7/7GEG20:23---SEA21:37)
388001(7/7STL20:24---SEA00:50)
1016(7/7PDX20:25---SEA21:25)
555(7/7MSP19:25+63---SEA23:15+63)
808(7/7KOA20:30---SEA02:22)
909(7/7PSC20:30---SEA21:38)
407(7/7ORD20:09+23---SEA00:49+23)
418(7/7MCI20:34---SEA00:32)
1132(7/7SEA20:35---SFO22:48)
700(7/7SEA20:35---PHX23:29)
357001(7/7SEA20:35---MCI00:01)
162(7/7ANC20:40---SEA00:13)
25(7/7JFK20:00+44---SAN01:57+44)
1097(7/7SAN20:45---SEA23:45)
313(7/7DTW20:46---SEA01:45)
840(7/7LIH20:47---SEA02:32)
62002(7/7KTN20:48---SEA22:47)
1159(7/7SNA20:51---PDX23:15)
432(7/7SAN20:52---TPA01:50)
1006(7/7PHX20:55---SEA00:00)
534(7/7SFO20:59---AUS00:45)
154(7/7RDM20:38+22---SEA21:58+22)
732(7/7PAE21:00---PHX00:03)
905(7/7BZN21:00---SEA22:59)
229001(7/7SEA20:35+27---MSP23:53+27)
3(7/7DCA21:02---SEA03:00)
620001(7/7SEA20:13+50---DEN22:54+50)
535(7/7DEN21:03---SEA00:00)
312(7/7OMA20:14+51---SEA23:54+51)
1315(7/7LAX21:05---PDX23:25)
1319(7/7BOS21:06---PDX03:24)
122(7/7BUR21:07---PDX23:25)
189(7/7SEA20:49+21---ANC00:25+21)
582(7/7PSP21:10---SEA00:00)
1083(7/7LAX21:10---SEA23:54)
1300(7/7SEA21:10---LAX23:58)
934(7/7EUG20:30+41---SEA21:48+41)
518(7/7AUS21:11---SFO00:57)
410(7/7SEA20:45+27---ORD00:42+27)
756(7/7LAS21:13---PDX23:35)
1297(7/7SAN21:15---PDX23:49)
1238(7/7PHX21:16---PDX23:59)
1269(7/7BNA21:19---PDX02:15)
507(7/7IAD21:25---SAN02:52)
66(7/7ANC21:26---CDV22:21)
19(7/7JFK21:29---PDX03:46)
778(7/7PDX21:30---LAS23:49)
836(7/7PDX21:30---SFO23:22)
462(7/7EWR21:30---SEA03:44)
601(7/7RNO21:32---SEA23:29)
92(7/7SEA21:33---KTN23:41)
1235(7/7PDX21:34---DEN00:10)
103(7/7FAI21:35---ANC22:40)
16(7/7SEA21:37---JFK02:59)
1247(7/7OAK21:38---SEA23:38)
734(7/7SLC21:39---SEA23:54)
58(7/7SIT21:40---SEA00:00)
107(7/7ANC21:40---SEA01:08)
290(7/7EWR21:43---PDX03:50)
389(7/7BOS21:45---SAN04:00)
114(7/7JFK20:39+67---SFO03:02+67)
646(7/7DFW21:46---PDX01:47)
297(7/7EWR20:34+74---SAN02:26+74)
1160(7/7PDX21:50---LAX00:15)
480(7/7MSP21:50---SEA01:49)
301(7/7MCO21:50---PDX03:50)
1287(7/7PDX21:50---BUR00:09)
569(7/7MSY21:53---SEA03:00)
89(7/7ANC21:54---ADQ22:57)
1100(7/7PDX21:55---SNA00:27)
1358(7/7SMF21:56---SEA23:54)
131(7/7SEA21:58---ANC01:30)
947(7/7BOI22:00---PDX23:21)
572(7/7RDU22:01---SEA03:56)
1191(7/7SNA22:02---SEA00:48)
485(7/7CHS22:03---SEA04:00)
929(7/7SFO22:05---PDX23:50)
1046(7/7SEA22:08---SJC00:17)
868(7/7KOA22:10---PDX03:40)
183(7/7ANC22:10---DLG23:25)
783(7/7ATL22:11---PDX03:35)
397(7/7MCO22:13---SAN03:18)
697(7/7MSO22:13---SEA23:51)
406(7/7IAD22:13---SEA04:00)
509(7/7SEA22:15---SLC00:18)
176(7/7JNU22:15---SEA00:42)
1279(7/7LAX22:16---GEG00:47)
860(7/7OGG22:20---SEA04:00)
305(7/7MIA22:20---SEA05:07)
293(7/7EWR22:24---SFO04:49)
1175(7/7SJC22:24---SEA00:34)
1086(7/7SEA22:25---ONT01:04)
450(7/7CMH22:28---SEA03:35)
933(7/7ABQ22:31---SEA01:41)
819(7/7BOS22:32---SEA05:02)
1135(7/7SAN22:35---SEA01:31)
508(7/7CVG22:37---SEA03:35)
1257(7/7SEA22:38---SNA01:26)
600(7/7SEA22:42---LAS01:16)
460(7/7SEA22:43---BOS03:59)
522(7/7BNA22:44---SEA03:48)
1052001(7/7SEA22:48---BUR01:24)
1030(7/7SEA22:48---BZN00:31)
500(7/7IND22:48---SEA03:35)
571(7/7SFO22:48---LAS00:31)
602(7/7SEA22:49---DEN01:32)
1421(7/7IAH22:50---PDX03:15)
56(7/7ANC22:50---SEA02:20)
443(7/7PHL22:52---SEA04:57)
17(7/7JFK22:53---SEA05:22)
420(7/7SEA22:53---MCO04:33)
337(7/7ORD22:54---SEA03:34)
216(7/7CLE22:55---SEA04:00)
271(7/7HNL22:55---ONT04:27)
326001(7/7TPA22:55---SEA05:07)
99(7/7SEA22:58---ANC02:42)
7(7/7DCA22:58---SFO04:53)
744(7/7SEA22:59---PHX01:57)
348(7/7SEA22:59---IAD03:59)
1396(7/7AUS23:00---PDX03:14)
1119(7/7ONT23:00---SEA01:40)
962(7/7SEA23:03---GEG00:13)
1138(7/7SEA23:04---SBA01:40)
1167(7/7LAX23:05---PDX01:26)
445(7/7SEA23:08---RNO00:59)
379(7/7BWI23:10---SEA05:07)
66001(7/7CDV23:13---YAK00:13)
1150(7/7BUR23:14---SEA01:54)
317(7/7DFW23:16---SEA03:35)
1042001(7/7SEA23:17---SBP01:43)
1092(7/7SEA23:18---LAX02:05)
561(7/7KOA23:20---LAX04:51)
941(7/7SEA23:25---ORD03:30)
287(7/7EWR23:29---LAX05:35)
334(7/7ATL23:31---SEA05:07)
151001(7/7ANC23:40---AKN00:49)
590(7/7SEA23:42---SFO01:53)
412(7/7PIT23:42---SEA05:07)
1019(7/7BOI23:43---SEA01:20)
591(7/7SFO23:44---SEA01:54)
620(7/7DEN23:50---SEA02:50)
106(7/7FAI23:53---SEA03:35)
435(7/7IAD23:59---SFO05:46)
688(7/7SEA23:59---LAS02:34)
1214(7/8SEA00:04---SJC02:15)
439(7/8IAH00:10---SEA04:53)
369(7/8MCO00:12---SFO05:59)
1301(7/8LAX00:15---SEA03:00)
1468(7/8SEA00:15---LAX03:00)
225(7/8SEA00:15---ANC03:54)
791(7/8LIH00:15---SFO05:29)
597(7/8ORD00:18---SFO05:06)
355(7/8BOS00:19---SFO06:59)
213(7/8IAD00:19---LAX05:48)
182(7/8DLG00:20---ANC01:30)
269(7/8SFO00:22---ANC05:15)
611(7/8PHX00:29---SEA03:35)
41(7/8JFK00:29---SFO06:59)
339(7/8AUS00:30---SEA05:07)
1122(7/8PDX00:30---SAN03:03)
1176(7/8PDX00:30---PHX03:20)
134(7/8ANC00:30---SEA04:00)
291001(7/8STL00:32---SEA05:00)
896(7/8HNL00:33---SEA06:31)
806(7/8OGG00:34---SAN05:55)
376(7/8PDX00:35---ORD04:39)
1202(7/8SEA00:35---SNA03:25)
94(7/8KTN00:35---SEA02:35)
1370(7/8PDX00:35---AUS04:42)
494(7/8SAT00:37---SEA04:53)
97(7/8SEA00:40---FAI04:25)
856(7/8KOA00:40---SJC05:45)
278(7/8PDX00:40---LAX03:15)
398(7/8SEA00:40---IAH04:59)
382(7/8SEA00:43---BNA04:59)
599(7/8LAS00:45---SEA03:30)
353(7/8PDX00:46---OGG06:39)
1455(7/8PDX00:49---ANC04:40)
229(7/8MSP00:49---SEA04:45)
1229(7/8SNA00:49---SEA03:35)
735(7/8SAN00:51---SEA03:50)
78(7/8SEA00:55---ANC04:37)
1295(7/8PDX00:55---SFO02:48)
372(7/8SEA00:56---AUS05:05)
357(7/8MCI00:56---SEA04:56)
1140(7/8SEA00:59---SFO03:15)
1163(7/8SEA00:59---DEN03:47)
424(7/8SEA00:59---DFW04:59)
730(7/8SEA00:59---LAS03:38)
1062(7/8PDX01:04---BUR03:23)
1107(7/8BUR01:04---PDX03:21)
66003(7/8YAK01:05---JNU02:03)
662(7/8PHX01:05---PDX03:48)
564(7/8SEA01:05---MCI04:35)
1131(7/8DEN01:06---PDX03:50)
1397(7/8LAX01:07---PDX03:30)
964(7/8GEG01:07---SEA02:21)
241(7/8SEA01:10---MKE04:59)
1047(7/8SJC01:11---SEA03:18)
510(7/8SLC01:12---SEA03:30)
1093(7/8LAX01:15---SEA04:00)
1085(7/8SNA01:17---PDX03:39)
805(7/8SEA01:25---OGG07:34)
67001(7/8KTN01:25---SIT02:20)
823(7/8SEA01:25---HNL07:33)
1031(7/8BZN01:25---SEA03:35)
143(7/8ANC01:30---SEA05:07)
779(7/8LAS01:31---PDX03:50)
550(7/8DFW01:36---SEA05:59)
1310(7/8SEA01:36---SJC03:51)
776(7/8SFO01:40---LAS03:25)
409(7/8ORD01:42---SEA06:24)
513(7/8AUS01:45---SFO05:29)
839(7/8SEA01:45---LIH07:54)
523(7/8RNO01:47---SEA03:42)
45(7/8ANC01:49---BET03:09)
1280(7/8GEG01:49---LAX04:35)
478(7/8SEA01:50---LAS04:26)
N287AK_SEA-01:50/06:50(7/8SEA01:50---7/8 06:50)
1104(7/8SEA01:50---SNA04:39)
939(7/8SEA01:55---SAN04:47)
1028(7/8SAN01:58---OGG07:59)
1087(7/8ONT01:58---SEA04:37)
801(7/8SEA01:59---KOA08:04)
151(7/8AKN01:59---ANC03:10)
1199(7/8SAN02:05---SEA05:07)
525(7/8SFO02:05---PDX03:50)
1318(7/8SEA02:13---SFO04:22)
1203(7/8SNA02:14---SEA05:07)
1052(7/8BUR02:18---SEA05:07)
1168(7/8SEA02:25---BUR04:59)
1215(7/8LAX02:25---SEA05:17)
1139(7/8SBA02:30---SEA05:07)
615(7/8DEN02:32---SEA05:42)
1042(7/8SBP02:35---SEA05:07)
579(7/8PDX02:35---LAX05:05)
N546AS_SEA-02:35/05:35(7/8SEA02:35---7/8 05:35)
205(7/8SEA02:36---JNU05:05)
1288(7/8SEA02:41---SNA05:30)
965(7/8GEG02:44---SEA04:00)
193(7/8LAX02:45---ANC08:08)
1158(7/8PDX02:48---SNA05:18)
1327(7/8SFO02:49---SEA05:05)
167(7/8SEA02:50---FAI06:36)
827(7/8ANC02:55---HNL08:59)
66002(7/8JNU02:55---SEA05:23)
136(7/8SEA02:55---ANC06:38)
141(7/8PHX02:57---ANC08:48)
1005(7/8SAN02:57---SFO04:37)
1156(7/8SEA02:59---SAN06:00)
780(7/8SEA02:59---ABQ05:59)
1004(7/8SEA02:59---GEG04:09)
1321001(7/8STS03:01---SEA05:07)
67003(7/8SIT03:08---JNU03:52)
1034(7/8SEA03:14---BOI04:46)
642(7/8SEA03:17---DEN05:59)
228(7/8SEA03:25---ANC07:04)
1050(7/8SEA03:26---SFO05:40)
1192(7/8SEA03:37---SJC05:49)
729(7/8SAN03:37---PDX06:14)
70(7/8ANC03:45---JNU05:27)
922(7/8SFO03:49---SEA06:02)
644(7/8SEA03:55---PHX06:54)
133(7/8SEA03:55---ANC07:34)
46(7/8BET03:59---ANC05:18)
1067(7/8SAN03:59---GEG06:44)
1292(7/8SEA04:07---LAX06:59)
272(7/8ANC04:10---SEA07:45)
1055(7/8LAX04:15---SEA07:06)
774(7/8SNA04:15---SEA07:05)
636(7/8SEA04:18---LAS07:01)
307(7/8SFO04:28---BOS10:10)
1291(7/8PDX04:30---LAX06:59)
1040(7/8SEA04:30---ONT07:15)
436(7/8PDX04:37---BOS10:00)
980(7/8SEA04:40---SFO06:59)
728(7/8PDX04:40---LAS06:59)
547(7/8SEA04:40---CLE09:11)
315(7/8SEA04:45---CMH09:13)
380(7/8SEA04:45---DTW09:05)
545(7/8SEA04:45---IND09:00)
1039(7/8SEA04:45---GEG05:58)
1201(7/8SJC04:46---SEA06:59)
1020(7/8SAN04:50---MCO10:00)
919(7/8SEA04:55---RDU10:00)
36(7/8SAN04:56---JFK10:29)
115(7/8SEA04:59---FAI08:49)
138(7/8ANC05:08---ORD11:24)
374(7/8SFO05:19---EWR10:54)
570(7/8LAS05:21---SFO06:59)
192(7/8FAI05:25---ANC06:32)
22(7/8SEA05:41---JFK11:02)
455(7/8SFO05:43---IAD10:50)
259(7/8SAN05:45---BOS11:30)
161(7/8SEA05:47---EUG07:01)
924(7/8SEA05:48---RDM06:59)
959(7/8SEA05:52---GEG06:59)
1057(7/8PDX05:52---DFW09:40)
360(7/8SEA05:58---TPA11:25)
119(7/8SEA05:59---ANC09:39)
111(7/8ORD05:59---ANC12:37)
498(7/8SEA06:03---PDX06:59)
394(7/8SEA06:05---MCO11:40)
340(7/8SEA06:10---PIT10:43)
70001(7/8JNU06:15---SIT06:59)
490(7/8SEA06:16---MSY10:50)
400(7/8SEA06:18---BNA10:40)
367(7/8SEA06:30---IAD11:27)
423(7/8SEA06:36---SAT10:40)
536(7/8SEA06:40---BOS12:00)
328(7/8SEA06:40---ORD10:40)
427(7/8SEA06:49---CVG11:07)
112(7/8SEA06:50---FAI10:36)
144(7/8SEA06:59---ANC10:39)
452(7/8SEA06:59---IAH11:20)
1227(7/8SEA06:59---AUS11:07)
464(7/8SEA06:59---ATL11:49)
N556AS_SEA-07:06/11:06(7/8SEA07:06---7/8 11:06)
N983AK_SEA-07:06/12:06(7/8SEA07:06---7/8 12:06)
172(7/8ANC07:13---PHX12:45)
164(7/8ANC07:18---DEN12:35)
542(7/8SEA07:25---DFW11:20)
109(7/8ANC07:26---ORD13:40)
880(7/8KOA07:30---SEA13:19)
810(7/8LIH07:32---SEA13:16)
558(7/8OGG07:39---PDX13:00)
N514AS_SEA-07:45/13:45(7/8SEA07:45---7/8 13:45)
168(7/8FAI08:14---SEA12:00)
148(7/8ANC08:29---SEA12:00)
828(7/8HNL08:33---ANC14:40)
150(7/8ANC08:34---LAX13:55)
814(7/8OGG08:34---SEA14:11)
826(7/8LIH08:54---SAN14:33)
1029(7/8OGG08:59---SAN14:18)
302(7/8ANC09:44---PDX13:20)
336(7/8BOS10:00---PDX16:17)
156(7/8FAI10:09---SEA13:44)
546(7/8IND10:30---SEA15:19)
351(7/8IAD10:30---SEA16:17)
377(7/8ATL10:30---SEA15:57)
446(7/8PHL10:45---SEA16:42)
316(7/8CMH11:00---SEA16:05)
548(7/8CLE11:00---SEA16:09)
381(7/8DTW11:00---SEA15:57)
453(7/8IAH11:00---SEA15:40)
627(7/8TPA11:00---SEA17:06)
1021(7/8MCO11:00---SAN16:04)
573(7/8DFW11:00---SEA15:17)
21(7/8JFK11:00---SEA17:13)
361(7/8OMA11:05---SEA14:47)
299(7/8EWR11:19---SEA17:31)
459(7/8BOS11:20---SEA17:38)
395(7/8MCO11:20---SEA17:30)
242(7/8MKE11:30---SEA15:53)
308(7/8BOS11:30---SFO18:07)
920(7/8RDU11:36---SEA17:30)
387(7/8MSP11:40---SEA15:44)
473(7/8STL11:41---SEA16:10)
563(7/8MCI11:45---SEA15:47)
349(7/8BWI11:51---SEA17:40)
289(7/8EWR11:52---LAX17:46)
495(7/8SAT12:00---SEA16:24)
643(7/8DEN12:00---SEA15:01)
413(7/8ORD12:00---PDX16:25)
383(7/8BNA12:00---SEA17:06)
341(7/8PIT12:03---SEA17:28)
458(7/8IAD12:10---SFO17:55)
451(7/8MSY12:10---SEA17:16)
595(7/8AUS12:15---SEA16:40)
303(7/8DFW12:25---PDX16:28)
737(7/8BOI12:25---SEA14:05)
541(7/8AUS12:37---PDX16:50)
260(7/8BOS12:40---SAN18:50)
428(7/8CVG12:40---SEA17:39)
15(7/8DCA12:59---SAN18:20)
1109(7/8SEA13:00---SAN15:53)
408(7/8SEA13:00---ORD17:07)
132(7/8EUG13:00---SEA14:15)
173(7/8SEA13:00---ANC16:40)
1091(7/8ONT13:00---SEA15:42)
683(7/8ORD13:00---SEA17:39)
701(7/8LAS13:00---SEA15:45)
375(7/8IAD13:00---SEA18:47)
433(7/8TPA13:00---SAN17:50)
966(7/8GEG13:00---SEA14:15)
799(7/8PHX13:00---SEA16:04)
188(7/8ANC13:00---SEA16:30)
373(7/8EWR13:00---SFO19:13)
491(7/8SEA13:00---DFW17:00)
943(7/8RDM13:00---SEA14:14)
593(7/8ANC13:05---PDX16:42)
499(7/8PDX13:05---SEA14:09)
30(7/8SFO13:18---JFK19:00)
N530AS_SEA-13:19/16:19(7/8SEA13:19---7/8 16:19)
537(7/8BOS13:20---SEA19:35)
68(7/8MSP13:20---ANC19:20)
533(7/8ATL13:30---SEA18:51)
298(7/8SEA13:41---EWR19:00)
1325(7/8SNA13:45---SEA16:42)
210(7/8FAI13:52---SEA17:40)
5(7/8DCA13:59---LAX19:33)
368(7/8SFO14:00---MCO19:34)
512(7/8SFO14:00---AUS17:36)
1130(7/8GEG14:00---SAN16:47)
1298(7/8PDX14:00---SNA16:31)
1136001(7/8PDX14:00---DEN16:37)
399(7/8IAH14:00---SEA18:45)
358(7/8PDX14:00---BOS19:25)
859(7/8SJC14:00---LIH19:44)
511(7/8PHX14:00---PDX16:43)
365(7/8DFW14:00---SEA18:27)
85(7/8SEA14:00---ANC17:35)
745(7/8DEN14:00---SEA17:00)
73001(7/8SIT14:00---JNU14:44)
1239(7/8PDX14:00---PHX16:46)
1041(7/8BUR14:00---SEA16:37)
1181(7/8SNA14:00---PDX16:30)
281(7/8BNA14:00---SEA19:03)
1151(7/8OAK14:00---SEA16:07)
1076(7/8PDX14:00---LAX16:39)
393(7/8LAS14:00---PAE16:40)
784(7/8PDX14:00---ATL18:46)
1226(7/8SEA14:00---SJC16:08)
963(7/8GEG14:00---SEA15:14)
789(7/8SFO14:00---KOA19:30)
618(7/8ABQ14:00---SEA17:15)
917(7/8MCO14:00---SEA20:10)
1043(7/8SFO14:00---SEA16:05)
1258(7/8SEA14:00---SAN16:50)
831(7/8PDX14:00---OGG19:55)
1101(7/8PDX14:00---LAS16:19)
284(7/8LAX14:00---EWR19:34)
324(7/8PDX14:02---ORD18:07)
1193(7/8SJC14:03---SEA16:15)
526(7/8PDX14:04---SFO15:53)
1089(7/8LAS14:05---PDX16:24)
645(7/8PHX14:05---SEA17:09)
249(7/8SFO14:20---BOS20:01)
912(7/8SFO14:20---SAN16:02)
18(7/8PDX14:20---JFK19:45)
1063(7/8BUR14:20---PDX16:37)
1148(7/8SEA14:20---SNA17:15)
1074(7/8PDX14:25---SAN17:00)
248(7/8ANC14:30---SEA18:08)
139(7/8ORD14:30---ANC21:15)
62(7/8ANC14:45---JNU16:28)
516(7/8SEA14:55---FLL20:52)
867(7/8PDX14:56---KOA20:50)
329(7/8ORD15:00---SEA19:34)
10(7/8PDX15:00---DCA20:02)
648(7/8SEA15:00---TUS18:10)
196(7/8ADQ15:00---ANC15:57)
479(7/8LAS15:00---SEA17:40)
1290001(7/8SEA15:00---BUR17:36)
1149(7/8SNA15:02---SEA17:56)
366001(7/8SEA15:02---MKE18:54)
890(7/8SEA15:03---ORD19:13)
26(7/8SEA15:05---JFK20:29)
555001(7/8SEA15:05---MSP18:29)
142(7/8JNU15:08---SEA17:36)
1166(7/8SEA15:10---SFO17:29)
233(7/8SAN15:10---EWR20:43)
405001(7/8SEA15:11---OKC18:48)
1255(7/8SMF15:13---SEA17:15)
1071(7/8SAN15:15---SEA18:18)
414(7/8SEA15:17---DFW19:19)
1169(7/8SFO15:20---SEA17:30)
165(7/8DEN15:20---ANC20:54)
306(7/8SEA15:21---BOS20:45)
1254(7/8SEA15:27---ONT18:05)
560(7/8LAX15:30---KOA21:10)
613(7/8LAS15:30---SFO17:10)
227(7/8JFK15:30---SFO21:48)
313001(7/8SEA15:30---DTW19:50)
73(7/8JNU15:34---ANC17:24)
4(7/8SEA15:34---DCA20:43)
390(7/8SAN15:40---BOS21:27)
402(7/8SEA15:47---CHS21:00)
718(7/8SFO15:50---LAS17:32)
83(7/8SEA16:00---ANC19:35)
1190(7/8SEA16:00---SNA18:49)
294(7/8PDX16:00---EWR21:21)
57(7/8ANC16:00---FAI17:05)
270(7/8ONT16:00---HNL21:55)
502(7/8SEA16:03---AUS20:11)
312001(7/8SEA16:06---OMA19:17)
418001(7/8SEA16:13---MCI19:39)
406001(7/8SEA16:15---IAD21:13)
899(7/8SAN16:19---KOA22:20)
568(7/8SEA16:19---MSY20:53)
727(7/8SEA16:22---ATL21:11)
48001(7/8ANC16:25---SEA20:01)
442(7/8SEA16:42---PHL21:47)
8(7/8SFO16:45---DCA21:58)
215(7/8GEG16:45---SEA18:00)
798(7/8LAX16:50---SEA19:35)
149(7/8SEA16:50---ANC20:26)
426(7/8SEA16:50---DFW20:48)
101(7/8SEA16:53---KTN18:58)
1007(7/8SEA16:54---PHX19:55)
174(7/8SEA16:57---FAI20:40)
1108(7/8SEA16:58---SAN19:49)
875(7/8SEA17:00---LIH23:15)
23(7/8JFK17:00---SEA23:08)
1259(7/8SAN17:00---SEA20:00)
1311001(7/8SJC17:00---SEA19:13)
1133(7/8SEA17:03---SMF19:03)
198(7/8ANC17:05---PDX20:44)
477(7/8SEA17:10---EWR22:29)
508001(7/8SEA17:12---CVG21:37)
629(7/8LAS17:14---SEA19:58)
505(7/8SEA17:17---LAX20:10)
62001(7/8JNU17:20---SIT18:05)
1256(7/8SEA17:21---PSP20:15)
1277(7/8SNA17:21---SEA20:06)
887(7/8SEA17:22---HNL23:33)
829(7/8SAN17:29---OGG23:34)
1420(7/8PDX17:30---IAH21:50)
1161(7/8PDX17:30---PHX20:16)
1143(7/8PDX17:30---LAX20:00)
1084(7/8PDX17:30---SNA20:03)
128(7/8PDX17:30---SFO19:24)
1136(7/8DEN17:33---PDX20:20)
300(7/8PDX17:35---MCO23:12)
160(7/8ANC17:35---SEA21:09)
216001(7/8SEA17:37---CLE22:01)
738(7/8SEA17:40---LAS20:19)
385(7/8PAE17:40---PHX20:43)
1296(7/8PDX17:40---SAN20:15)
500001(7/8SEA17:42---IND21:48)
637(7/8PHX17:46---SEA20:53)
1278(7/8SEA17:47---ONT20:26)
322(7/8SAN17:48---IAD22:59)
1073(7/8SAN17:50---PDX20:28)
429001(7/8SEA17:52---ORD21:59)
725(7/8PDX17:55---AUS21:56)
49(7/8SEA17:55---ANC21:35)
818(7/8SEA17:58---BOS23:19)
824(7/8HNL18:00---SEA23:50)
739(7/8SFO18:00---SNA19:40)
862(7/8OGG18:00---SEA23:38)
822(7/8KOA18:00---SEA23:54)
543(7/8DFW18:00---SEA22:17)
1240(7/8LAX18:02---PDX20:25)
891(7/8ORD18:03---SEA22:42)
474(7/8SAN18:04---ATL22:31)
234(7/8FAI18:05---SEA21:43)
34(7/8SEA18:06---JFK23:29)
434(7/8SFO18:10---IAD23:19)
104001(7/8ANC18:15---SEA21:49)
934001(7/8SEA18:20---EUG19:36)
1010(7/8SEA18:20---GEG19:29)
63(7/8SEA18:20---SIT20:44)
1174(7/8SEA18:22---SNA21:14)
108(7/8ANC18:22---FAI19:27)
904(7/8SEA18:23---BZN20:06)
1075(7/8SFO18:25---SEA20:37)
1467(7/8LAS18:27---PDX20:48)
392(7/8PDX18:28---DFW22:16)
908(7/8SEA18:30---PSC19:39)
1290(7/8BUR18:30---SEA21:08)
1112(7/8SEA18:31---SFO20:47)
503(7/8AUS18:36---SEA22:59)
932(7/8SEA18:36---ABQ21:37)
733(7/8SEA18:38---SLC20:44)
1096(7/8SEA18:41---SAN21:38)
71(7/8SEA18:43---JNU21:19)
682(7/8DEN18:49---SEA21:48)
817(7/8SEA18:55---OGG01:10)
62003(7/8SIT18:57---KTN19:58)
1111(7/8ONT19:00---SEA21:38)
658(7/8SEA19:00---LAS21:44)
1118(7/8SEA19:00---ONT21:46)
1216(7/8SEA19:01---SMF21:01)
1314(7/8SJC19:02---SEA21:10)
325(7/8ORD19:03---PDX23:35)
835(7/8SFO19:03---PDX20:50)
641(7/8TUS19:06---SEA22:20)
1137(7/8SAN19:12---SEA22:10)
352(7/8SEA19:18---AUS23:30)
555(7/8MSP19:25---SEA23:15)
1018(7/8SEA19:31---BOI21:04)
864(7/8GEG19:36---PDX20:48)
740(7/8SNA19:42---SFO21:10)
405(7/8OKC19:44---SEA23:38)
291(7/8SEA19:46---STL23:35)
475(7/8ATL19:47---SAN00:31)
366(7/8MKE19:50---SEA00:16)
697001(7/8SEA19:52---MSO21:17)
102(7/8KTN19:52---SEA21:54)
1281(7/8SMF19:57---SEA21:54)
25(7/8JFK20:00---SAN01:57)
280(7/8EWR20:00---SEA02:12)
407(7/8ORD20:09---SEA00:49)
312(7/8OMA20:14---SEA23:54)
140(7/8FAI20:17---SEA00:00)
415(7/8DFW20:19---SEA00:34)
1011(7/8GEG20:23---SEA21:37)
388001(7/8STL20:24---SEA00:50)
20(7/8SFO20:24---JFK02:08)
266(7/8ANC20:25---SFO01:05)
1016(7/8PDX20:25---SEA21:25)
304(7/8BOS20:25---SEA02:48)
909(7/8PSC20:30---SEA21:38)
934(7/8EUG20:30---SEA21:48)
808(7/8KOA20:30---SEA02:22)
1061(7/8SNA20:30---SEA23:15)
297(7/8EWR20:34---SAN02:26)
418(7/8MCI20:34---SEA00:32)
357001(7/8SEA20:35---MCI00:01)
1132(7/8SEA20:35---SFO22:48)
229001(7/8SEA20:35---MSP23:53)
114(7/8JFK20:39---SFO03:02)
419(7/8MCO20:39---SEA02:50)
162(7/8ANC20:40---SEA00:13)
1097(7/8SAN20:45---SEA23:45)
31(7/8JFK20:45---SEA03:10)
410(7/8SEA20:45---ORD00:42)
313(7/8DTW20:46---SEA01:45)
840(7/8LIH20:47---SEA02:32)
62002(7/8KTN20:48---SEA22:47)
432(7/8SAN20:52---TPA01:50)
898(7/8OGG20:55---PDX02:19)
534(7/8SFO20:59---AUS00:45)
905(7/8BZN21:00---SEA22:59)
732(7/8PAE21:00---PHX00:03)
3(7/8DCA21:02---SEA03:00)
535(7/8DEN21:03---SEA00:00)
676(7/8LAS21:04---SEA23:50)
1315(7/8LAX21:05---PDX23:25)
1319(7/8BOS21:06---PDX03:24)
122(7/8BUR21:07---PDX23:25)
773(7/8SEA21:10---SNA00:01)
582(7/8PSP21:10---SEA00:00)
518(7/8AUS21:11---SFO00:57)
756(7/8LAS21:13---PDX23:35)
1297(7/8SAN21:15---PDX23:49)
1238(7/8PHX21:16---PDX23:59)
1269(7/8BNA21:19---PDX02:15)
1242001(7/8ONT21:22---SEA23:59)
507(7/8IAD21:25---SAN02:52)
66(7/8ANC21:26---CDV22:21)
778(7/8PDX21:30---LAS23:49)
836(7/8PDX21:30---SFO23:22)
462(7/8EWR21:30---SEA03:44)
946(7/8PDX21:30---BOI22:48)
92(7/8SEA21:33---KTN23:41)
1235(7/8PDX21:34---DEN00:10)
103(7/8FAI21:35---ANC22:40)
16(7/8SEA21:37---JFK02:59)
734(7/8SLC21:39---SEA23:54)
290(7/8EWR21:43---PDX03:50)
9(7/8DCA21:43---PDX03:31)
396(7/8PHX21:43---PAE00:44)
389(7/8BOS21:45---SAN04:00)
1225(7/8SFO21:45---SEA23:54)
646(7/8DFW21:46---PDX01:47)
1204(7/8PDX21:49---SAN00:22)
301(7/8MCO21:50---PDX03:50)
1160(7/8PDX21:50---LAX00:15)
480(7/8MSP21:50---SEA01:49)
1287(7/8PDX21:50---BUR00:09)
517(7/8FLL21:52---SEA04:20)
569(7/8MSY21:53---SEA03:00)
1100(7/8PDX21:55---SNA00:27)
947(7/8BOI22:00---PDX23:21)
572(7/8RDU22:01---SEA03:56)
1191(7/8SNA22:02---SEA00:48)
485(7/8CHS22:03---SEA04:00)
929(7/8SFO22:05---PDX23:50)
1147(7/8LAX22:10---SEA00:54)
868(7/8KOA22:10---PDX03:40)
783(7/8ATL22:11---PDX03:35)
397(7/8MCO22:13---SAN03:18)
406(7/8IAD22:13---SEA04:00)
697(7/8MSO22:13---SEA23:51)
509(7/8SEA22:15---SLC00:18)
176(7/8JNU22:15---SEA00:42)
860(7/8OGG22:20---SEA04:00)
305(7/8MIA22:20---SEA05:07)
293(7/8EWR22:24---SFO04:49)
1175(7/8SJC22:24---SEA00:34)
1086(7/8SEA22:25---ONT01:04)
450(7/8CMH22:28---SEA03:35)
933(7/8ABQ22:31---SEA01:41)
67002(7/8SEA22:33---KTN00:40)
508(7/8CVG22:37---SEA03:35)
1257(7/8SEA22:38---SNA01:26)
634(7/8LAS22:39---SFO00:20)
460(7/8SEA22:43---BOS03:59)
522(7/8BNA22:44---SEA03:48)
975(7/8PHX22:47---SEA01:52)
500(7/8IND22:48---SEA03:35)
571(7/8SFO22:48---LAS00:31)
1052001(7/8SEA22:48---BUR01:24)
56(7/8ANC22:50---SEA02:20)
1421(7/8IAH22:50---PDX03:15)
443(7/8PHL22:52---SEA04:57)
337001(7/8ORD22:55---SEA03:35)
326001(7/8TPA22:55---SEA05:07)
271(7/8HNL22:55---ONT04:27)
216(7/8CLE22:55---SEA04:00)
7(7/8DCA22:58---SFO04:53)
744(7/8SEA22:59---PHX01:57)
348(7/8SEA22:59---IAD03:59)
1119(7/8ONT23:00---SEA01:40)
1396(7/8AUS23:00---PDX03:14)
181(7/8ANC23:06---DLG00:21)
445(7/8SEA23:08---RNO00:59)
492(7/8SEA23:09---ATL03:59)
379(7/8BWI23:10---SEA05:07)
66001(7/8CDV23:13---YAK00:13)
1150(7/8BUR23:14---SEA01:54)
201(7/8ANC23:15---JNU00:58)
317(7/8DFW23:16---SEA03:35)
1042001(7/8SEA23:17---SBP01:43)
1092(7/8SEA23:18---LAX02:05)
334(7/8ATL23:31---SEA05:07)
590(7/8SEA23:42---SFO01:53)
412(7/8PIT23:42---SEA05:07)
1019(7/8BOI23:43---SEA01:20)
1125(7/8SEA23:47---SLC01:50)
620(7/8DEN23:50---SEA02:50)
106(7/8FAI23:53---SEA03:35)
435(7/8IAD23:59---SFO05:46)
1214(7/9SEA00:04---SJC02:15)
439(7/9IAH00:10---SEA04:53)
369(7/9MCO00:12---SFO05:59)
1468(7/9SEA00:15---LAX03:00)
597(7/9ORD00:18---SFO05:06)
355(7/9BOS00:19---SFO06:59)
213(7/9IAD00:19---LAX05:48)
269(7/9SFO00:22---ANC05:15)
611(7/9PHX00:29---SEA03:35)
339(7/9AUS00:30---SEA05:07)
1176(7/9PDX00:30---PHX03:20)
291001(7/9STL00:32---SEA05:00)
N707AL_SEA-00:34/04:34(7/9SEA00:34---7/9 04:34)
806(7/9OGG00:34---SAN05:55)
1370(7/9PDX00:35---AUS04:42)
94(7/9KTN00:35---SEA02:35)
376(7/9PDX00:35---ORD04:39)
494(7/9SAT00:37---SEA04:53)
398(7/9SEA00:40---IAH04:59)
278(7/9PDX00:40---LAX03:15)
382(7/9SEA00:43---BNA04:59)
960(7/9SEA00:43---GEG01:50)
599(7/9LAS00:45---SEA03:30)
353(7/9PDX00:46---OGG06:39)
1229(7/9SNA00:49---SEA03:35)
1455(7/9PDX00:49---ANC04:40)
229(7/9MSP00:49---SEA04:45)
735(7/9SAN00:51---SEA03:50)
538(7/9SEA00:54---ORD04:59)
78(7/9SEA00:55---ANC04:37)
1295(7/9PDX00:55---SFO02:48)
372(7/9SEA00:56---AUS05:05)
357(7/9MCI00:56---SEA04:56)
1098(7/9SEA00:59---SAN03:54)
1163(7/9SEA00:59---DEN03:47)
424(7/9SEA00:59---DFW04:59)
632(7/9SEA00:59---PHX04:00)
1048001(7/9SEA00:59---LAX03:50)
730(7/9SEA00:59---LAS03:38)
1140(7/9SEA00:59---SFO03:15)
1107(7/9BUR01:04---PDX03:21)
1062(7/9PDX01:04---BUR03:23)
564(7/9SEA01:05---MCI04:35)
662(7/9PHX01:05---PDX03:48)
66003(7/9YAK01:05---JNU02:03)
241(7/9SEA01:10---MKE04:59)
1047(7/9SJC01:11---SEA03:18)
510(7/9SLC01:12---SEA03:30)
182001(7/9DLG01:15---ANC02:22)
1085(7/9SNA01:17---PDX03:39)
1294(7/9SAN01:18---PDX03:50)
805(7/9SEA01:25---OGG07:34)
67001(7/9KTN01:25---SIT02:20)
1031(7/9BZN01:25---SEA03:35)
779(7/9LAS01:31---PDX03:50)
69001(7/9SEA01:35---KTN03:44)
550(7/9DFW01:36---SEA05:59)
1310(7/9SEA01:36---SJC03:51)
386(7/9SEA01:37---MSP04:59)
409(7/9ORD01:42---SEA06:24)
391(7/9PAE01:44---LAS04:17)
513(7/9AUS01:45---SFO05:29)
839(7/9SEA01:45---LIH07:54)
523(7/9RNO01:47---SEA03:42)
338(7/9SEA01:48---OMA04:59)
1280(7/9GEG01:49---LAX04:35)
45(7/9ANC01:49---BET03:09)
478(7/9SEA01:50---LAS04:26)
84(7/9JNU01:55---ANC03:43)
1028(7/9SAN01:58---OGG07:59)
1087(7/9ONT01:58---SEA04:37)
801(7/9SEA01:59---KOA08:04)
1199(7/9SAN02:05---SEA05:07)
525(7/9SFO02:05---PDX03:50)
1203(7/9SNA02:14---SEA05:07)
1052(7/9BUR02:18---SEA05:07)
1168(7/9SEA02:25---BUR04:59)
1215(7/9LAX02:25---SEA05:17)
1042(7/9SBP02:35---SEA05:07)
1288(7/9SEA02:41---SNA05:30)
719(7/9SLC02:44---SEA05:07)
965(7/9GEG02:44---SEA04:00)
193(7/9LAX02:45---ANC08:08)
403(7/9LAS02:45---SEA05:37)
1327(7/9SFO02:49---SEA05:05)
167(7/9SEA02:50---FAI06:36)
66002(7/9JNU02:55---SEA05:23)
1224(7/9SEA02:55---LAX05:46)
827(7/9ANC02:55---HNL08:59)
141(7/9PHX02:57---ANC08:48)
780(7/9SEA02:59---ABQ05:59)
1156(7/9SEA02:59---SAN06:00)
1321001(7/9STS03:01---SEA05:07)
67003(7/9SIT03:08---JNU03:52)
268(7/9ANC03:25---SEA07:06)
729(7/9SAN03:37---PDX06:14)
922(7/9SFO03:49---SEA06:02)
133(7/9SEA03:55---ANC07:34)
644(7/9SEA03:55---PHX06:54)
46(7/9BET03:59---ANC05:18)
444(7/9SEA04:15---PHL09:25)
91(7/9SEA04:15---SIT06:44)
307(7/9SFO04:28---BOS10:10)
69(7/9KTN04:29---JNU05:30)
1162(7/9PDX04:30---SAN07:05)
1040(7/9SEA04:30---ONT07:15)
436(7/9PDX04:37---BOS10:00)
547(7/9SEA04:40---CLE09:11)
67(7/9JNU04:40---ANC06:28)
728(7/9PDX04:40---LAS06:59)
314(7/9SEA04:40---EWR09:59)
197001(7/9PDX04:40---ANC08:24)
315(7/9SEA04:45---CMH09:13)
380(7/9SEA04:45---DTW09:05)
1230(7/9SEA04:45---SMF06:45)
545(7/9SEA04:45---IND09:00)
1039(7/9SEA04:45---GEG05:58)
1020(7/9SAN04:50---MCO10:00)
919(7/9SEA04:55---RDU10:00)
36(7/9SAN04:56---JFK10:29)
115(7/9SEA04:59---FAI08:49)
138(7/9ANC05:08---ORD11:24)
374(7/9SFO05:19---EWR10:54)
344(7/9SEA05:20---BWI10:21)
22(7/9SEA05:41---JFK11:02)
455(7/9SFO05:43---IAD10:50)
259(7/9SAN05:45---BOS11:30)
959(7/9SEA05:52---GEG06:59)
1057(7/9PDX05:52---DFW09:40)
185(7/9SEA05:55---JNU08:25)
360(7/9SEA05:58---TPA11:25)
119(7/9SEA05:59---ANC09:39)
498(7/9SEA06:03---PDX06:59)
340(7/9SEA06:10---PIT10:43)
490(7/9SEA06:16---MSY10:50)
400(7/9SEA06:18---BNA10:40)
367(7/9SEA06:30---IAD11:27)
59(7/9ANC06:35---MSP12:00)
536(7/9SEA06:40---BOS12:00)
328(7/9SEA06:40---ORD10:40)
427(7/9SEA06:49---CVG11:07)
144(7/9SEA06:59---ANC10:39)
464(7/9SEA06:59---ATL11:49)
1227(7/9SEA06:59---AUS11:07)
452(7/9SEA06:59---IAH11:20)
172(7/9ANC07:13---PHX12:45)
164(7/9ANC07:18---DEN12:35)
109(7/9ANC07:26---ORD13:40)
810(7/9LIH07:32---SEA13:16)
828(7/9HNL08:33---ANC14:40)
814(7/9OGG08:34---SEA14:11)
826(7/9LIH08:54---SAN14:33)
1029(7/9OGG08:59---SAN14:18)
