===== Copy Generation Summary =====
#Iter       TotalGen  ind(reg)  mul(reg)  ind(csc)  mul(csc) TotalUsed  ind(reg)  mul(reg)  ind(csc)  mul(csc)            obj
    1            391       343         0        48         0       142       121         0        21         0      1.592e+08
    2            398       349         0        49         0       150       142         0         8         0      1.295e+08
    3            414       332         0        82         0       193       164         0        29         0      1.187e+08
    4            417       409         0         8         0       201       198         0         3         0      8.565e+07
    5            410       387         0        23         0       223       211         0        12         0      6.091e+07
    6            397       365         0        32         0       201       183         0        18         0      4.326e+07
    7            401       345         0        56         0       208       190         0        18         0      2.578e+07
    8            398       377         0        21         0       212       207         0         5         0      1.559e+07
    9            397       359         0        38         0       222       212         0        10         0      1.055e+07
   10            386       346         0        40         0       176       163         0        13         0      6.308e+06
   11            394       362         0        32         0       180       176         0         4         0      4.399e+06
   12            377       336         0        41         0       174       161         0        13         0      4.367e+06
   13            361       345         0        16         0       160       158         0         2         0      4.212e+06
   14            327       308         0        19         0       146       145         0         1         0      4.193e+06
   15            301       287         0        14         0       149       146         0         3         0      4.116e+06
   16            292       268         0        24         0       120       117         0         3         0      4.008e+06
   17            261       240         0        21         0       116       115         0         1         0      3.917e+06
   18            209       180         0        29         0       100        91         0         9         0      3.777e+06
   19            184       168         0        16         0        79        79         0         0         0      3.681e+06
   20            163       156         0         7         0        81        80         0         1         0      3.621e+06
   21            141       135         0         6         0        67        66         0         1         0      3.619e+06
   22            157       141         0        16         0        75        71         0         4         0      3.615e+06
   23            142       132         0        10         0        57        56         0         1         0      3.607e+06
   24            133       117         0        16         0        53        50         0         3         0      3.607e+06
   25            134       124         0        10         0        61        59         0         2         0      3.552e+06
   26            121       110         0        11         0        45        43         0         2         0      3.549e+06
   27            117       101         0        16         0        50        44         0         6         0      3.549e+06
   28            160       150         0        10         0        88        87         0         1         0      3.357e+06
   29            107        88         0        19         0        50        50         0         0         0      3.332e+06
   30            155       144         0        11         0        92        92         0         0         0      3.309e+06
   31            109        97         0        12         0        43        42         0         1         0      3.307e+06
   32             97        87         0        10         0        45        44         0         1         0      3.276e+06
   33             76        64         0        12         0        27        24         0         3         0      3.257e+06
   34             63        47         0        16         0        19        16         0         3         0      3.234e+06
   35             60        43         0        17         0        11        10         0         1         0      3.209e+06
   36             41        34         0         7         0        16        15         0         1         0      3.204e+06
   37             44        37         0         7         0        19        18         0         1         0      3.199e+06
   38             39        33         0         6         0         7         6         0         1         0      3.193e+06
   39             40        33         0         7         0         6         6         0         0         0      3.188e+06
   40             32        24         0         8         0         2         2         0         0         0      3.188e+06
   41             28        21         0         7         0         6         6         0         0         0      3.185e+06
   42             19        15         0         4         0         1         1         0         0         0      3.185e+06
   43             16        14         0         2         0         2         2         0         0         0      3.185e+06
