===== Copy Generation Summary =====
#Iter       TotalGen  ind(reg)  mul(reg)  ind(csc)  mul(csc) TotalUsed  ind(reg)  mul(reg)  ind(csc)  mul(csc)            obj
    1            462       341        20       101         0       211       180        11        20         0      6.143e+08
    2            446       406         0        40         0       233       225         0         8         0      4.767e+08
    3            447       413         0        34         0       259       246         0        13         0      4.133e+08
    4            446       370         0        76         0       229       200         0        29         0      3.766e+08
    5            446       379         0        67         0       244       217         0        27         0      3.442e+08
    6            446       394         0        52         0       246       226         0        20         0      3.061e+08
    7            446       382         0        64         0       247       214         0        33         0      2.871e+08
    8            446       409         0        37         0       245       226         0        19         0       2.54e+08
    9            439       385         0        54         0       235       214         0        21         0       2.35e+08
   10            437       404         0        33         0       255       233         0        22         0      2.139e+08
   11            438       398         0        40         0       233       208         0        25         0      1.976e+08
   12            446       384         4        58         0       255       232         3        20         0      1.797e+08
   13            435       348         4        83         0       243       215         2        26         0      1.677e+08
   14            432       326         0       106         0       242       196         0        46         0      1.558e+08
   15            430       407         0        23         0       282       271         0        11         0      1.427e+08
   16            430       397         0        33         0       217       209         0         8         0      1.342e+08
   17            430       381         0        49         0       235       209         0        26         0      1.178e+08
   18            430       366         0        64         0       234       193         0        41         0       1.07e+08
   19            430       388         0        42         0       224       210         0        14         0      9.692e+07
   20            437       377         0        60         0       250       222         0        28         0      8.582e+07
   21            428       403         0        25         0       267       253         0        14         0      7.785e+07
   22            427       384         0        43         0       225       211         0        14         0      6.597e+07
   23            430       414         6        10         0       227       222         4         1         0      6.196e+07
   24            425       409         0        16         0       231       220         0        11         0      5.474e+07
   25            424       365         0        59         0       217       197         0        20         0       5.03e+07
   26            431       374         4        53         0       221       195         2        24         0      4.344e+07
   27            428       394         0        34         0       225       213         0        12         0      3.573e+07
   28            430       387         4        39         0       237       214         2        21         0      3.213e+07
   29            426       380         0        46         0       214       193         0        21         0      2.808e+07
   30            427       403         0        24         0       207       199         0         8         0      2.541e+07
   31            428       389         0        39         0       208       195         0        13         0      2.359e+07
   32            427       375         5        47         0       194       186         4         4         0      2.227e+07
   33            424       373         0        51         0       219       207         0        12         0       2.12e+07
   34            424       371         0        53         0       219       204         0        15         0      2.024e+07
   35            424       357         0        67         0       213       193         0        20         0      1.885e+07
   36            424       387         0        37         0       223       210         0        13         0      1.794e+07
   37            428       386         4        38         0       179       172         3         4         0      1.717e+07
   38            426       347         4        75         0       198       175         3        20         0      1.683e+07
   39            424       377         0        47         0       217       205         0        12         0      1.631e+07
   40            424       362         0        62         0       210       202         0         8         0      1.585e+07
   41            429       339         4        86         0       185       175         2         8         0      1.572e+07
   42            441       369         7        65         0       241       229         2        10         0       1.54e+07
   43            424       372         0        52         0       221       219         0         2         0       1.52e+07
   44            423       374         0        49         0       259       243         0        16         0      1.497e+07
   45            427       341         7        79         0       204       173         5        26         0      1.459e+07
   46            428       370        10        48         0       231       212         7        12         0      1.416e+07
   47            429       321        12        96         0       198       179         9        10         0      1.378e+07
   48            425       354         8        63         0       245       218         6        21         0      1.353e+07
   49            438       376        22        40         0       258       232        15        11         0      1.324e+07
   50            429       342        16        71         0       232       196        14        22         0      1.301e+07
   51            425       298        20       107         0       156       135        14         7         0      1.275e+07
   52            422       351        16        55         0       238       220         9         9         0      1.242e+07
   53            434       344        30        60         0       249       212        20        17         0      1.228e+07
   54            420       338        14        68         0       205       180         8        17         0      1.204e+07
   55            410       335        14        61         0       174       155         9        10         0      1.178e+07
   56            413       268        26       119         0       163       121        17        25         0      1.158e+07
   57            416       293        30        93         0       170       142        14        14         0      1.138e+07
   58            405       321        25        59         0       190       157        14        19         0      1.129e+07
   59            405       335        23        47         0       205       195         8         2         0      1.106e+07
   60            410       289        24        97         0       209       169        13        27         0      1.081e+07
   61            390       304        10        76         0       195       185         0        10         0      1.064e+07
   62            392       310        12        70         0       164       145         6        13         0      1.043e+07
   63            381       272         7       102         0       124       117         0         7         0      1.025e+07
   64            381       306        10        65         0       176       168         3         5         0      1.008e+07
   65            377       302         5        70         0       181       174         0         7         0      9.995e+06
   66            379       298         9        72         0       165       144         3        18         0      9.763e+06
   67            386       296        14        76         0       185       167         7        11         0      9.598e+06
   68            385       288        16        81         0       136       124        10         2         0      9.463e+06
   69            384       289        18        77         0       185       162        10        13         0      9.385e+06
   70            370       233         7       130         0       115       104         2         9         0      9.295e+06
   71            364       295        13        56         0       130       121         4         5         0      9.251e+06
   72            359       293         5        61         0       125       121         0         4         0      9.224e+06
   73            366       261         9        96         0       163       147         3        13         0      9.115e+06
   74            360       265         7        88         0       132       115         0        17         0       8.98e+06
   75            371       275         7        89         0       143       124         2        17         0      8.874e+06
   76            363       234         9       120         0       116       103         3        10         0      8.826e+06
   77            367       258         6       103         0       145       134         0        11         0      8.718e+06
   78            363       273         9        81         0        96        83         2        11         0      8.638e+06
   79            363       259         7        97         0       109       105         0         4         0      8.496e+06
   80            368       274        17        77         0       166       145         8        13         0      8.289e+06
   81            335       262        15        58         0       120       106         9         5         0      8.196e+06
   82            317       221        12        84         0        71        68         0         3         0      8.075e+06
   83            306       229        20        57         0        99        89         8         2         0      7.969e+06
   84            327       248        10        69         0       122       113         4         5         0      7.903e+06
   85            278       194        12        72         0        58        50         6         2         0      7.889e+06
   86            306       230         7        69         0       119       113         0         6         0      7.754e+06
   87            248       177        15        56         0        83        69         5         9         0      7.703e+06
   88            240       164         8        68         0        75        65         0        10         0      7.596e+06
   89            306       231        12        63         0       101        88         6         7         0      7.526e+06
   90            229       199        10        20         0        81        78         2         1         0      7.476e+06
   91            223       159        10        54         0        57        53         4         0         0      7.471e+06
   92            277       252         7        18         0       151       151         0         0         0      7.444e+06
   93            216       168        13        35         0        90        78         4         8         0      7.436e+06
   94            202       140        11        51         0        51        45         6         0         0      7.405e+06
   95            204       166        13        25         0        69        62         6         1         0      7.396e+06
   96            274       171        18        85         0        96        80         2        14         0      7.344e+06
   97            207       162         9        36         0        54        47         2         5         0      7.304e+06
   98            177       131         7        39         0        62        52         1         9         0      7.294e+06
   99            269       180         7        82         0        59        55         0         4         0      7.265e+06
  100            185       153         6        26         0        44        43         0         1         0      7.232e+06
  101            199       175         5        19         0       108       103         0         5         0      7.178e+06
  102            188       150        12        26         0        55        50         4         1         0      7.169e+06
  103            203       125         9        69         0        34        28         4         2         0      7.163e+06
  104            183       109         9        65         0        57        42         2        13         0      7.118e+06
  105            181       150        13        18         0        86        76         7         3         0      7.097e+06
  106            174       104        11        59         0        34        30         2         2         0      7.088e+06
  107            259       229         8        22         0       118       115         3         0         0      7.025e+06
  108            175       142         6        27         0        45        44         0         1         0      7.021e+06
  109            157       120         8        29         0        30        26         3         1         0       7.01e+06
  110            163       126        12        25         0        52        47         2         3         0      6.968e+06
  111            179       142        11        26         0        91        86         2         3         0      6.928e+06
  112            169       139         9        21         0        51        48         3         0         0      6.919e+06
  113            167       108         2        57         0        45        44         0         1         0      6.903e+06
  114            171       122         2        47         0        33        30         0         3         0      6.903e+06
  115            174       120         2        52         0        38        29         0         9         0      6.903e+06
  116            172       129         4        39         0        29        28         0         1         0      6.903e+06
  117            157       102        20        35         0        39        24         6         9         0      6.888e+06
  118            152       122        12        18         0        68        66         2         0         0      6.834e+06
  119            148       103        20        25         0        35        25         9         1         0       6.81e+06
  120            132        80        23        29         0        38        20        12         6         0      6.785e+06
  121            169       126         8        35         0        30        19         0        11         0      6.756e+06
  122            153       108         7        38         0        39        31         0         8         0      6.744e+06
  123            157       110        16        31         0        24        22         2         0         0      6.724e+06
  124            149       104        18        27         0        29        20         6         3         0        6.7e+06
  125            143        80        30        33         0        54        35        18         1         0      6.681e+06
  126            130        64        39        27         0        30        11        17         2         0      6.661e+06
  127            182        68        97        17         0        89        14        73         2         0      6.621e+06
  128            143        88        11        44         0        34        20         2        12         0      6.587e+06
  129            115        74        12        29         0        24        23         0         1         0      6.555e+06
  130            103        78        11        14         0        16        13         3         0         0      6.545e+06
  131             87        52        18        17         0        11         3         8         0         0      6.531e+06
  132             90        56        14        20         0         9         5         3         1         0      6.474e+06
  133             90        50        29        11         0        24        10        13         1         0      6.428e+06
  134             66        45        11        10         0         9         5         4         0         0      6.426e+06
  135             73        43        20        10         0        19         6        11         2         0       6.42e+06
  136             68        46        12        10         0        10         8         2         0         0      6.401e+06
  137             78        58        10        10         0        16        13         3         0         0        6.4e+06
  138             49        35         6         8         0         4         4         0         0         0      6.396e+06
  139             47        27        14         6         0        10         1         8         1         0      6.393e+06
  140             51        34        12         5         0         4         2         2         0         0      6.391e+06
  141             61        40        17         4         0        12         3         9         0         0      6.351e+06
  142             45        33         6         6         0         3         3         0         0         0       6.35e+06
  143             40        32         6         2         0         3         3         0         0         0      6.349e+06
