===== Copy Generation Summary =====
#Iter       TotalGen  ind(reg)  mul(reg)  ind(csc)  mul(csc) TotalUsed  ind(reg)  mul(reg)  ind(csc)  mul(csc)            obj
    1            380       332         0        48         0       147       131         0        16         0      1.155e+08
    2            394       353         0        41         0       158       154         0         4         0      9.074e+07
    3            415       354         0        61         0       155       150         0         5         0      7.803e+07
    4            406       363         0        43         0       180       175         0         5         0      5.723e+07
    5            407       373         0        34         0       210       197         0        13         0      3.664e+07
    6            410       355         0        55         0       192       178         0        14         0      2.121e+07
    7            391       365         0        26         0       197       190         0         7         0      9.507e+06
    8            400       344         0        56         0       179       168         0        11         0      5.684e+06
    9            401       368         0        33         0       192       186         0         6         0      4.617e+06
   10            390       369         0        21         0       204       198         0         6         0      3.426e+06
   11            383       340         0        43         0       183       164         0        19         0      3.116e+06
   12            367       331         0        36         0       170       165         0         5         0      2.809e+06
   13            346       303         0        43         0       163       160         0         3         0      2.765e+06
   14            339       286         0        53         0       136       132         0         4         0      2.578e+06
   15            334       284         0        50         0       112       112         0         0         0      2.454e+06
   16            293       228         0        65         0       108       101         0         7         0      2.286e+06
   17            278       222         0        56         0       101        97         0         4         0      1.952e+06
   18            247       188         0        59         0        68        66         0         2         0      1.911e+06
   19            215       183         0        32         0        90        90         0         0         0      1.853e+06
   20            176       118         0        58         0        41        36         0         5         0      1.834e+06
   21            208       186         0        22         0        83        82         0         1         0      1.702e+06
   22            171       142         0        29         0        52        52         0         0         0      1.637e+06
   23            174       137         0        37         0        75        61         0        14         0      1.637e+06
   24            127        97         0        30         0        40        39         0         1         0      1.637e+06
   25            121       104         0        17         0        28        28         0         0         0      1.637e+06
   26             99        78         0        21         0        20        20         0         0         0      1.592e+06
   27            102        80         0        22         0        28        28         0         0         0      1.533e+06
   28             87        76         0        11         0        30        26         0         4         0      1.533e+06
   29             64        47         0        17         0        15         7         0         8         0      1.531e+06
   30             57        55         0         2         0        14        14         0         0         0      1.516e+06
   31             46        43         0         3         0         8         8         0         0         0      1.516e+06
   32             46        33         0        13         0         5         4         0         1         0      1.496e+06
   33             22        20         0         2         0         1         1         0         0         0      1.495e+06
   34             23        23         0         0         0         4         4         0         0         0      1.495e+06
   35             21        20         0         1         0         1         1         0         0         0      1.495e+06
   36             20        20         0         0         0         0         0         0         0         0      1.495e+06
   37             99        83         0        16         0        57        49         0         8         0      1.495e+06
   38             28        26         0         2         0         2         2         0         0         0      1.495e+06
   39             23        22         0         1         0         2         2         0         0         0      1.495e+06
   40             19        19         0         0         0         0         0         0         0         0      1.495e+06
   41             19        19         0         0         0         1         1         0         0         0      1.495e+06
   42             19        19         0         0         0         1         1         0         0         0      1.495e+06
   43             19        18         0         1         0         0         0         0         0         0      1.495e+06
   44             19        18         0         1         0         1         1         0         0         0      1.495e+06
   45             19        17         0         2         0         1         0         0         1         0      1.495e+06
   46             30        24         0         6         0         1         1         0         0         0      1.495e+06
