===== Copy Generation Summary =====
#Iter     Gen    Indv     Seq     CSC    Used            Obj
    1     276     276       0       0     174      1.229e+10
    2     251     249       2       0     197      1.472e+09
    3     214     212       2       0     234      9.719e+08
    4     199     197       2       0     250      8.116e+08
    5     228     226       2       0     220      7.245e+08
    6     210     208       2       0     238      6.404e+08
    7     224     222       2       0     224      5.684e+08
    8     230     228       2       0     218      5.165e+08
    9     222     220       2       0     226      4.777e+08
   10     212     210       2       0     236      4.291e+08
   11     222     220       2       0     227      3.947e+08
   12     218     214       4       0     229      3.535e+08
   13     191     189       2       0     257      3.287e+08
   14     194     190       4       0     250      2.989e+08
   15     215     211       4       0     226      2.818e+08
   16     227     221       6       0     215      2.551e+08
   17     210     202       8       0     233      2.385e+08
   18     196     188       8       0     244      2.185e+08
   19     171     163       8       0     265       1.93e+08
   20     201     195       6       0     234      1.682e+08
   21     187     183       4       0     245      1.474e+08
   22     171     165       6       0     261      1.229e+08
   23     203     197       6       0     227      1.117e+08
   24     201     195       6       0     229      9.519e+07
   25     202     196       6       0     229      7.518e+07
   26     167     161       6       0     263      6.297e+07
   27     184     178       6       0     246      5.411e+07
   28     209     203       6       0     221      4.671e+07
   29     199     195       4       0     231      3.551e+07
   30     225     221       4       0     203       3.09e+07
   31     235     231       4       0     193      2.612e+07
   32     179     177       2       0     249      2.455e+07
   33     153     149       4       0     275       2.26e+07
   34     202     198       4       0     226      2.091e+07
   35     207     203       4       0     221      1.836e+07
   36     254     250       4       0     174      1.754e+07
   37     189     185       4       0     239      1.708e+07
   38     225     219       6       0     202      1.634e+07
   39     265     259       6       0     160      1.594e+07
   40     238     234       4       0     188      1.581e+07
   41     231     221      10       0     193      1.556e+07
   42     220     204      16       0     204      1.534e+07
   43     166     156      10       0     255      1.504e+07
   44     266     264       2       0     159      1.481e+07
   45     201     191      10       0     216      1.444e+07
   46     265     251      14       0     155      1.412e+07
   47     272     256      16       0     144      1.399e+07
   48     218     194      24       0     199      1.359e+07
   49     225     206      19       0     186      1.348e+07
   50     221     202      19       0     185      1.313e+07
   51     286     271      15       0     125      1.307e+07
   52     259     237      22       0     142      1.288e+07
   53     216     192      24       0     180      1.256e+07
   54     154     125      29       0     242      1.221e+07
   55     249     219      30       0     150      1.191e+07
   56     248     224      24       0     146      1.154e+07
   57     217     187      30       0     182      1.126e+07
   58     238     214      24       0     149      1.102e+07
   59     250     218      32       0     142      1.077e+07
   60     243     215      28       0     151      1.063e+07
   61     272     244      28       0     119      1.043e+07
   62     212     190      22       0     172      1.016e+07
   63     237     211      26       0     146      9.797e+06
   64     272     246      26       0     117      9.538e+06
   65     263     235      28       0     124      9.196e+06
   66     251     225      26       0     132      9.011e+06
   67     226     202      24       0     156      8.768e+06
   68     258     226      32       0     131      8.595e+06
   69     210     184      26       0     172      8.466e+06
   70     200     168      32       0     189      8.313e+06
   71     245     217      28       0     140      8.258e+06
   72     268     240      28       0     115      8.021e+06
   73     267     239      28       0     115      7.742e+06
   74     271     245      26       0     110      7.593e+06
   75     230     204      26       0     151      7.493e+06
   76     256     232      24       0     125      7.467e+06
   77     318     290      28       0      64      7.418e+06
   78     266     238      28       0     117      7.149e+06
   79     274     248      26       0      96       7.01e+06
   80     241     215      26       0     130      6.767e+06
   81     262     238      24       0     106      6.616e+06
   82     299     271      28       0      68      6.488e+06
   83     283     257      26       0      69      6.334e+06
   84     263     239      24       0      80      6.113e+06
   85     233     205      28       0      87      5.997e+06
   86     209     179      30       0      92        5.9e+06
   87     173     145      28       0     105      5.745e+06
   88     209     179      30       0      75      5.577e+06
   89     255     227      28       0      53      5.468e+06
   90     152     122      30       0     100      5.384e+06
   91     195     163      32       0      54      5.347e+06
   92     163     129      34       0      70      5.287e+06
   93     144     104      40       0      85       5.23e+06
   94     217     187      30       0      73      5.163e+06
   95     148     114      34       0      71       5.09e+06
   96     126      88      38       0      91      5.032e+06
   97     184     146      38       0      20      4.998e+06
   98     197     157      40       0      21      4.981e+06
   99     150     124      26       0      79      4.954e+06
  100     111      75      36       0      93      4.913e+06
  101     129      97      32       0      68      4.888e+06
  102     140     112      28       0      53      4.867e+06
  103     135     105      30       0      58      4.839e+06
  104     128      96      32       0      71      4.807e+06
  105     212     186      26       0      72      4.758e+06
  106     129      98      31       0      61      4.717e+06
  107     142     112      30       0      47      4.667e+06
  108     129     101      28       0      58      4.601e+06
  109     118      83      35       0      76      4.489e+06
  110     133     107      26       0      53      4.449e+06
  111     157     127      30       0      31      4.412e+06
  112     148     116      32       0      45      4.357e+06
  113     134     103      31       0      55      4.269e+06
  114     161     131      30       0      26      4.207e+06
  115     148     116      32       0      41      4.133e+06
  116     154     122      32       0      34      4.115e+06
  117     132      97      35       0      59      4.049e+06
  118     155     120      35       0      37      4.039e+06
  119     140     105      35       0      52      3.966e+06
  120     150     122      28       0      35      3.937e+06
  121     158     123      35       0      31      3.891e+06
  122     131      99      32       0      63      3.749e+06
  123     162     130      32       0      14      3.707e+06
  124     140     102      38       0      40      3.609e+06
  125     165     133      32       0      19      3.572e+06
  126     157     121      36       0      38      3.534e+06
  127     139     101      38       0      24      3.507e+06
  128     110      76      34       0      81      3.421e+06
  129     120      86      34       0      35      3.421e+06
  130     136     102      34       0       8      3.412e+06
  131     109      73      36       0      31      3.346e+06
  132     137      99      38       0      24      3.317e+06
  133     115      79      36       0      16      3.269e+06
  134     107      65      42       0      19      3.245e+06
  135      88      52      36       0      12      3.213e+06
  136      84      48      36       0      13      3.179e+06
  137      85      49      36       0      10      3.166e+06
  138      66      34      32       0       7      3.166e+06
  139      64      28      36       0       2      3.166e+06
  140      78      38      40       0       2      3.108e+06
  141      56      20      36       0       5      3.093e+06
  142      52      14      38       0       1      3.093e+06
  143      54      16      38       0       1      3.093e+06
  144      54      16      38       0       1      3.093e+06
  145      58      20      38       0       1      3.093e+06
  146      45      11      34       0       1      3.093e+06
  147      56      18      38       0       0      3.093e+06
  148      52      12      40       0       1      3.093e+06
