===== Copy Generation Summary =====
#Iter       TotalGen  ind(reg)  mul(reg)  ind(csc)  mul(csc) TotalUsed  ind(reg)  mul(reg)  ind(csc)  mul(csc)            obj
    1            442       350         0        92         0       188       172         0        16         0      2.395e+08
    2            446       380         0        66         0       229       205         0        24         0      1.456e+08
    3            447       328         0       119         0       212       184         0        28         0      4.279e+07
    4            446       370         0        76         0       224       197         0        27         0      4.034e+07
    5            441       381         0        60         0       235       204         0        31         0      3.531e+07
    6            446       410         0        36         0       249       232         0        17         0      3.434e+07
    7            445       386         0        59         0       254       238         0        16         0      3.273e+07
    8            444       359         0        85         0       253       223         0        30         0      3.157e+07
    9            438       403         0        35         0       232       222         0        10         0       2.99e+07
   10            436       319         0       117         0       226       171         0        55         0      2.857e+07
   11            430       347         0        83         0       248       208         0        40         0      2.709e+07
   12            424       396         0        28         0       221       206         0        15         0      2.553e+07
   13            425       388         0        37         0       236       220         0        16         0      2.434e+07
   14            424       366         0        58         0       235       220         0        15         0      2.345e+07
   15            425       354         0        71         0       252       227         0        25         0      2.262e+07
   16            424       341         0        83         0       210       186         0        24         0      2.188e+07
   17            424       361         0        63         0       231       213         0        18         0      2.052e+07
   18            424       380         0        44         0       262       226         0        36         0      1.965e+07
   19            424       339         0        85         0       250       219         0        31         0      1.866e+07
   20            424       389         0        35         0       216       205         0        11         0      1.684e+07
   21            424       366         0        58         0       235       226         0         9         0      1.574e+07
   22            424       396         0        28         0       280       264         0        16         0      1.411e+07
   23            424       384         0        40         0       245       238         0         7         0       1.33e+07
   24            424       402         0        22         0       254       248         0         6         0      1.267e+07
   25            424       368         0        56         0       225       207         0        18         0      1.164e+07
   26            423       341         0        82         0       215       195         0        20         0      1.067e+07
   27            420       355         0        65         0       250       239         0        11         0      9.828e+06
   28            423       349         0        74         0       189       180         0         9         0      9.444e+06
   29            422       367         0        55         0       227       208         0        19         0      9.156e+06
   30            422       387         0        35         0       228       217         0        11         0      8.543e+06
   31            422       383         0        39         0       218       210         0         8         0      8.227e+06
   32            422       371         0        51         0       206       197         0         9         0      7.728e+06
   33            422       366         0        56         0       220       213         0         7         0      7.529e+06
   34            421       361         0        60         0       197       183         0        14         0      7.406e+06
   35            418       372         0        46         0       202       200         0         2         0      7.389e+06
   36            407       342         0        65         0       217       197         0        20         0       7.32e+06
   37            405       367         0        38         0       216       211         0         5         0      7.266e+06
   38            395       333         0        62         0       209       201         0         8         0      7.222e+06
   39            401       352         0        49         0       232       210         0        22         0      7.062e+06
   40            396       342         0        54         0       215       200         0        15         0      6.842e+06
   41            383       348         0        35         0       201       193         0         8         0      6.794e+06
   42            377       324         0        53         0       231       203         0        28         0      6.623e+06
   43            374       318         0        56         0       168       154         0        14         0      6.551e+06
   44            369       299         0        70         0       172       167         0         5         0      6.481e+06
   45            375       316         0        59         0       188       182         0         6         0       6.43e+06
   46            365       339         0        26         0       249       245         0         4         0      6.379e+06
   47            359       338         0        21         0       181       180         0         1         0      6.317e+06
   48            360       313         0        47         0       192       190         0         2         0      6.249e+06
   49            361       299         0        62         0       177       175         0         2         0      6.108e+06
   50            359       276         0        83         0       176       149         0        27         0      6.032e+06
   51            357       307         0        50         0       206       204         0         2         0      5.947e+06
   52            357       297         0        60         0       190       186         0         4         0      5.897e+06
   53            364       312         0        52         0       223       192         0        31         0      5.824e+06
   54            357       285         0        72         0       193       164         0        29         0       5.74e+06
   55            357       330         0        27         0       198       192         0         6         0      5.686e+06
   56            358       314         0        44         0       193       187         0         6         0      5.647e+06
   57            357       337         0        20         0       194       193         0         1         0      5.616e+06
   58            357       311         0        46         0       156       153         0         3         0      5.601e+06
   59            357       296         0        61         0       214       206         0         8         0      5.577e+06
   60            357       247         0       110         0       177       159         0        18         0      5.514e+06
   61            360       279         0        81         0       187       182         0         5         0      5.442e+06
   62            360       241         0       119         0       145       137         0         8         0      5.425e+06
   63            371       247         0       124         0       162       152         0        10         0      5.419e+06
   64            359       325         0        34         0       176       174         0         2         0      5.386e+06
   65            357       327         0        30         0       195       190         0         5         0      5.357e+06
   66            357       300         0        57         0       199       191         0         8         0      5.328e+06
   67            357       331         0        26         0       212       207         0         5         0       5.32e+06
   68            359       256         0       103         0       166       166         0         0         0      5.311e+06
   69            358       245         0       113         0       134       127         0         7         0      5.295e+06
   70            358       208         0       150         0       110       101         0         9         0      5.273e+06
   71            358       241         0       117         0       126       122         0         4         0      5.262e+06
   72            358       293         0        65         0       188       185         0         3         0      5.231e+06
   73            357       309         0        48         0       186       184         0         2         0      5.221e+06
   74            359       260         0        99         0       173       162         0        11         0      5.176e+06
   75            357       310         0        47         0       206       204         0         2         0      5.164e+06
   76            357       197         0       160         0        89        75         0        14         0      5.157e+06
   77            355       307         0        48         0       201       192         0         9         0      5.096e+06
   78            357       275         0        82         0       158       158         0         0         0      5.088e+06
   79            351       219         0       132         0       114       108         0         6         0      5.087e+06
   80            351       228         0       123         0       134       119         0        15         0       5.08e+06
   81            338       227         0       111         0       142       126         0        16         0      5.077e+06
   82            332       232         0       100         0       119       114         0         5         0      5.066e+06
   83            323       203         0       120         0       100        92         0         8         0      5.061e+06
   84            298       205         0        93         0        78        76         0         2         0       5.03e+06
   85            282       182         0       100         0        91        79         0        12         0      5.007e+06
   86            268       181         0        87         0       113        99         0        14         0      4.951e+06
   87            261       197         0        64         0        97        91         0         6         0      4.946e+06
   88            240       188         0        52         0       103       101         0         2         0      4.936e+06
   89            246       172         0        74         0       103        94         0         9         0      4.933e+06
   90            271       175         0        96         0       112       109         0         3         0      4.902e+06
   91            287       184         0       103         0       123       121         0         2         0      4.901e+06
   92            217       159         0        58         0       110       102         0         8         0        4.9e+06
   93            199       152         0        47         0        77        75         0         2         0      4.897e+06
   94            214       146         0        68         0        77        67         0        10         0      4.885e+06
   95            183       144         0        39         0        76        67         0         9         0      4.881e+06
   96            196       139         0        57         0        80        78         0         2         0      4.865e+06
   97            197       110         0        87         0        63        42         0        21         0      4.865e+06
   98            198       168         0        30         0       120       114         0         6         0      4.862e+06
   99            174       128         0        46         0        85        77         0         8         0      4.862e+06
  100            167        98         0        69         0        42        37         0         5         0      4.857e+06
  101            160       112         0        48         0        53        48         0         5         0      4.852e+06
  102            166        89         0        77         0        45        36         0         9         0      4.848e+06
  103            158       149         0         9         0        86        82         0         4         0       4.84e+06
  104            162       112         0        50         0        71        66         0         5         0      4.838e+06
  105            158       104         0        54         0        54        52         0         2         0      4.835e+06
  106            157       113         0        44         0        51        45         0         6         0      4.833e+06
  107            159       122         0        37         0        83        79         0         4         0       4.83e+06
  108            158       136         0        22         0        86        85         0         1         0      4.825e+06
  109            157       114         0        43         0        91        85         0         6         0      4.822e+06
  110            158       123         0        35         0        68        64         0         4         0      4.812e+06
  111            158        94         0        64         0        76        72         0         4         0      4.807e+06
  112            179        98         0        81         0        71        64         0         7         0      4.804e+06
  113            157       117         0        40         0        69        64         0         5         0      4.802e+06
  114            156       127         0        29         0        81        79         0         2         0      4.797e+06
  115            152       108         0        44         0        60        57         0         3         0      4.797e+06
  116            154       124         0        30         0        66        65         0         1         0      4.794e+06
  117            153       112         0        41         0        63        60         0         3         0      4.793e+06
  118            161       114         0        47         0        60        58         0         2         0      4.787e+06
  119            166        74         0        92         0        49        41         0         8         0      4.787e+06
  120            160       145         0        15         0        80        80         0         0         0       4.75e+06
  121            163        75         0        88         0        56        42         0        14         0      4.734e+06
  122            158        81         0        77         0        45        39         0         6         0      4.729e+06
  123            230       128         0       102         0        56        50         0         6         0      4.728e+06
  124            154        79         0        75         0        37        30         0         7         0      4.721e+06
  125            152        81         0        71         0        20        15         0         5         0      4.719e+06
  126            145        95         0        50         0        54        54         0         0         0      4.716e+06
  127            133        69         0        64         0        32        32         0         0         0      4.714e+06
  128            122        80         0        42         0        39        39         0         0         0      4.711e+06
  129             94        52         0        42         0        15        14         0         1         0      4.707e+06
  130            148        78         0        70         0        32        29         0         3         0      4.685e+06
  131            143       112         0        31         0        73        70         0         3         0       4.66e+06
  132            108        62         0        46         0        27        25         0         2         0       4.66e+06
  133             92        48         0        44         0        18        17         0         1         0      4.619e+06
  134             68        40         0        28         0        19        19         0         0         0      4.619e+06
  135             85        47         0        38         0        25        24         0         1         0      4.619e+06
  136             49        30         0        19         0         8         8         0         0         0      4.618e+06
  137             46        20         0        26         0         9         8         0         1         0      4.604e+06
  138             41        25         0        16         0         6         6         0         0         0      4.595e+06
  139             31        16         0        15         0         3         2         0         1         0      4.595e+06
  140             25        12         0        13         0         4         4         0         0         0      4.595e+06
  141             30        23         0         7         0        12        11         0         1         0      4.595e+06
  142             17        12         0         5         0         4         4         0         0         0      4.595e+06
  143             13         5         0         8         0         0         0         0         0         0      4.595e+06
  144              9         5         0         4         0         1         1         0         0         0      4.595e+06
