===== Copy Generation Summary =====
#Iter     Gen    Indv     Seq     CSC    Used            Obj
    1     301     301       0       0     123      1.036e+09
    2     261     261       0       0     163      5.523e+08
    3     261     261       0       0     158      3.122e+08
    4     222     222       0       0     190      2.239e+08
    5     212     212       0       0     197       1.68e+08
    6     201     201       0       0     202      1.283e+08
    7     213     213       0       0     190      9.975e+07
    8     209     209       0       0     192      8.564e+07
    9     227     227       0       0     171      6.734e+07
   10     225     224       1       0     168      4.979e+07
   11     217     217       0       0     179      3.893e+07
   12     229     229       0       0     164      3.204e+07
   13     241     241       0       0     142      2.463e+07
   14     245     245       0       0     128      1.863e+07
   15     229     229       0       0     150      1.044e+07
   16     231     231       0       0     122      7.805e+06
   17     215     213       2       0     125      5.945e+06
   18     168     166       2       0     117      5.489e+06
   19     207     207       0       0      72      5.169e+06
   20     138     136       2       0      90      4.661e+06
   21     131     129       2       0      82      4.374e+06
   22     132     130       2       0      60      4.153e+06
   23     116     111       5       0      64      3.988e+06
   24     120     116       4       0      49      3.789e+06
   25     113     111       2       0      31      3.635e+06
   26     119     115       4       0      30      3.407e+06
   27      75      73       2       0      65      3.159e+06
   28      91      89       2       0      43      3.158e+06
   29     100      98       2       0      42      3.007e+06
   30      94      92       2       0      25      2.869e+06
   31      76      74       2       0      24      2.669e+06
   32      65      63       2       0      23      2.584e+06
   33      60      57       3       0      22      2.531e+06
   34      64      62       2       0      21       2.45e+06
   35      45      43       2       0       6       2.45e+06
   36      33      31       2       0       6      2.436e+06
   37      25      23       2       0       0      2.425e+06
   38      15      13       2       0       1      2.414e+06
   39      41      39       2       0      62      2.414e+06
   40      11       9       2       0       2      2.414e+06
   41      12      10       2       0       0      2.414e+06
   42       9       7       2       0       1      2.414e+06
   43       8       6       2       0       0      2.402e+06
   44       8       6       2       0       2      2.402e+06
   45       9       7       2       0       2      2.402e+06
   46      13      11       2       0       3      2.402e+06
   47       7       5       2       0       0      2.402e+06
