===== Copy Generation Summary =====
#Iter       TotalGen  ind(reg)  mul(reg)  ind(csc)  mul(csc) TotalUsed  ind(reg)  mul(reg)  ind(csc)  mul(csc)            obj
    1            440       349         0        91         0       188       175         0        13         0      3.152e+07
    2            444       344         0       100         0       209       179         0        30         0      3.055e+07
    3            447       380         0        67         0       214       192         0        22         0      2.662e+07
    4            446       385         0        61         0       263       241         0        22         0      2.561e+07
    5            443       397         0        46         0       297       282         0        15         0      2.561e+07
    6            442       374         0        68         0       239       221         0        18         0      2.468e+07
    7            441       349         0        92         0       251       237         0        14         0      2.326e+07
    8            442       383         0        59         0       252       232         0        20         0      2.173e+07
    9            436       341         0        95         0       245       192         0        53         0      2.087e+07
   10            428       383         0        45         0       231       218         0        13         0       1.75e+07
   11            424       371         0        53         0       220       207         0        13         0      1.668e+07
   12            429       349         0        80         0       226       187         0        39         0      1.605e+07
   13            425       376         0        49         0       234       210         0        24         0      1.537e+07
   14            424       382         0        42         0       244       231         0        13         0      1.444e+07
   15            424       395         0        29         0       267       257         0        10         0      1.383e+07
   16            424       370         0        54         0       247       217         0        30         0      1.281e+07
   17            424       360         0        64         0       233       211         0        22         0      1.241e+07
   18            424       388         0        36         0       264       255         0         9         0      1.198e+07
   19            424       387         0        37         0       257       240         0        17         0      1.137e+07
   20            424       364         0        60         0       223       214         0         9         0      1.097e+07
   21            424       414         0        10         0       228       224         0         4         0      1.045e+07
   22            424       389         0        35         0       229       216         0        13         0      1.012e+07
   23            424       390         0        34         0       218       212         0         6         0      8.199e+06
   24            424       378         0        46         0       246       238         0         8         0      7.972e+06
   25            424       376         0        48         0       218       201         0        17         0      7.405e+06
   26            422       396         0        26         0       185       183         0         2         0      7.102e+06
   27            423       322         0       101         0       197       137         0        60         0      6.839e+06
   28            424       371         0        53         0       226       206         0        20         0      6.322e+06
   29            424       346         0        78         0       271       234         0        37         0      6.186e+06
   30            424       394         0        30         0       210       207         0         3         0      5.214e+06
   31            422       372         0        50         0       255       247         0         8         0      4.832e+06
   32            424       394         0        30         0       292       287         0         5         0      4.642e+06
   33            424       381         0        43         0       238       234         0         4         0      4.394e+06
   34            423       395         0        28         0       221       219         0         2         0      4.096e+06
   35            421       351         0        70         0       189       179         0        10         0      3.997e+06
   36            420       381         0        39         0       222       214         0         8         0      3.894e+06
   37            418       340         0        78         0       184       173         0        11         0      3.835e+06
   38            417       373         0        44         0       226       221         0         5         0      3.743e+06
   39            420       352         0        68         0       181       167         0        14         0       3.67e+06
   40            418       364         0        54         0       200       193         0         7         0       3.55e+06
   41            410       346         0        64         0       226       215         0        11         0      3.485e+06
   42            406       342         0        64         0       217       208         0         9         0      3.353e+06
   43            393       273         0       120         0       187       180         0         7         0      3.286e+06
   44            385       269         0       116         0       145       134         0        11         0       3.22e+06
   45            386       305         0        81         0       193       159         0        34         0      3.064e+06
   46            378       324         0        54         0       182       161         0        21         0      2.857e+06
   47            374       324         0        50         0       224       214         0        10         0        2.8e+06
   48            365       325         0        40         0       256       240         0        16         0      2.684e+06
   49            366       325         0        41         0       228       216         0        12         0       2.66e+06
   50            364       293         0        71         0       192       177         0        15         0       2.65e+06
   51            365       248         0       117         0       193       155         0        38         0      2.632e+06
   52            363       290         0        73         0       160       154         0         6         0       2.61e+06
   53            364       311         0        53         0       183       164         0        19         0      2.588e+06
   54            364       315         0        49         0       186       168         0        18         0      2.571e+06
   55            364       294         0        70         0       198       184         0        14         0      2.541e+06
   56            367       268         0        99         0       218       169         0        49         0       2.49e+06
   57            380       312         0        68         0       170       167         0         3         0      2.471e+06
   58            370       309         0        61         0       232       217         0        15         0      2.422e+06
   59            376       330         0        46         0       205       202         0         3         0      2.409e+06
   60            404       325         0        79         0       202       179         0        23         0      2.375e+06
   61            362       305         0        57         0       204       194         0        10         0      2.351e+06
   62            360       236         0       124         0       145       134         0        11         0      2.326e+06
   63            360       271         0        89         0       187       157         0        30         0      2.307e+06
   64            361       286         0        75         0       189       176         0        13         0      2.287e+06
   65            360       278         0        82         0       192       166         0        26         0      2.282e+06
   66            360       300         0        60         0       205       195         0        10         0       2.27e+06
   67            361       305         0        56         0       190       186         0         4         0      2.266e+06
   68            360       262         0        98         0       165       164         0         1         0      2.263e+06
   69            360       328         0        32         0       179       170         0         9         0      2.243e+06
   70            360       315         0        45         0       173       165         0         8         0      2.235e+06
   71            446       380         0        66         0       160       159         0         1         0       2.18e+06
   72            444       372         0        72         0       214       210         0         4         0       2.18e+06
   73            421       354         0        67         0       215       212         0         3         0       2.18e+06
   74            381       300         0        81         0       163       151         0        12         0       2.18e+06
   75            363       260         0       103         0       127       126         0         1         0      2.168e+06
   76            357       286         0        71         0       147       139         0         8         0      2.147e+06
   77            356       208         0       148         0       121        95         0        26         0      2.145e+06
   78            352       225         0       127         0       119       116         0         3         0      2.129e+06
   79            353       249         0       104         0       153       145         0         8         0      2.128e+06
   80            343       226         0       117         0        93        90         0         3         0      2.128e+06
   81            336       211         0       125         0        85        80         0         5         0      2.127e+06
   82            323       188         0       135         0        90        76         0        14         0      2.126e+06
   83            306       219         0        87         0       107       104         0         3         0      2.121e+06
   84            318       164         0       154         0        92        90         0         2         0      2.056e+06
   85            300       206         0        94         0        85        84         0         1         0      2.056e+06
   86            283       154         0       129         0        83        66         0        17         0      2.025e+06
   87            273       158         0       115         0        84        77         0         7         0      2.021e+06
   88            446       362         0        84         0       186       183         0         3         0      1.971e+06
   89            445       378         0        67         0       220       198         0        22         0      1.971e+06
   90            419       326         0        93         0       181       169         0        12         0      1.971e+06
   91            316       206         0       110         0        87        86         0         1         0      1.971e+06
   92            289       166         0       123         0        62        55         0         7         0      1.971e+06
   93            284       198         0        86         0        92        91         0         1         0       1.97e+06
   94            361       236         0       125         0       125       122         0         3         0      1.969e+06
   95            274       155         0       119         0       106        93         0        13         0      1.968e+06
   96            254       186         0        68         0       111       110         0         1         0      1.966e+06
   97            246       195         0        51         0       102        99         0         3         0      1.965e+06
   98            242       159         0        83         0        98        84         0        14         0      1.963e+06
   99            221       173         0        48         0        98        90         0         8         0      1.899e+06
  100            231       144         0        87         0        83        79         0         4         0      1.899e+06
  101            238       193         0        45         0       113       110         0         3         0      1.899e+06
  102            201       138         0        63         0       103        99         0         4         0      1.899e+06
  103            195       142         0        53         0        66        63         0         3         0      1.891e+06
  104            184       139         0        45         0        60        60         0         0         0      1.875e+06
  105            206       154         0        52         0        80        76         0         4         0      1.875e+06
  106            165       105         0        60         0        58        46         0        12         0      1.873e+06
  107            176       155         0        21         0        96        95         0         1         0      1.873e+06
  108            167       119         0        48         0        54        50         0         4         0      1.861e+06
  109            174        83         0        91         0        52        41         0        11         0      1.861e+06
  110            173       118         0        55         0        40        37         0         3         0      1.836e+06
  111            164       116         0        48         0        60        60         0         0         0      1.828e+06
  112            153       105         0        48         0        50        46         0         4         0      1.828e+06
  113            155        95         0        60         0        37        36         0         1         0      1.828e+06
  114            150        82         0        68         0        39        32         0         7         0      1.827e+06
  115            162       140         0        22         0        87        87         0         0         0      1.827e+06
  116            157       114         0        43         0        43        40         0         3         0      1.816e+06
  117            135        85         0        50         0        30        29         0         1         0      1.816e+06
  118            112        68         0        44         0        25        25         0         0         0      1.816e+06
  119            110        57         0        53         0        14        12         0         2         0      1.814e+06
  120            101        63         0        38         0        22        21         0         1         0      1.814e+06
  121             87        58         0        29         0        10         9         0         1         0      1.814e+06
  122             80        47         0        33         0        11        11         0         0         0      1.814e+06
  123             57        32         0        25         0         4         4         0         0         0      1.814e+06
  124             44        21         0        23         0         4         2         0         2         0      1.796e+06
  125             91        45         0        46         0        16        12         0         4         0      1.796e+06
  126             36        21         0        15         0         4         4         0         0         0      1.796e+06
  127             65        35         0        30         0         9         9         0         0         0      1.796e+06
  128             62        32         0        30         0        11        10         0         1         0      1.796e+06
  129             24        13         0        11         0         2         2         0         0         0      1.796e+06
  130             43        20         0        23         0         5         4         0         1         0      1.796e+06
  131             33        13         0        20         0         1         1         0         0         0      1.796e+06
  132             26        15         0        11         0         0         0         0         0         0      1.796e+06
  133             33        22         0        11         0         3         3         0         0         0      1.796e+06
  134             15         9         0         6         0         4         4         0         0         0      1.796e+06
  135             35        23         0        12         0         4         4         0         0         0      1.796e+06
  136              9         8         0         1         0         1         1         0         0         0      1.796e+06
  137             10         7         0         3         0         0         0         0         0         0      1.796e+06
  138             10         5         0         5         0         0         0         0         0         0      1.796e+06
