===== Copy Generation Summary =====
#Iter       TotalGen  ind(reg)  mul(reg)  ind(csc)  mul(csc) TotalUsed  ind(reg)  mul(reg)  ind(csc)  mul(csc)            obj
    1            444       355         0        89         0       205       181         0        24         0      7.759e+08
    2            446       405         0        41         0       238       228         0        10         0      6.652e+08
    3            446       353         0        93         0       219       192         0        27         0      4.289e+08
    4            446       361         0        85         0       259       221         0        38         0      3.498e+08
    5            446       351         0        95         0       239       213         0        26         0       3.05e+08
    6            446       407         0        39         0       250       228         0        22         0      2.681e+08
    7            445       367         0        78         0       256       222         0        34         0      2.474e+08
    8            447       398         0        49         0       242       226         0        16         0      2.281e+08
    9            444       381         0        63         0       243       227         0        16         0      2.132e+08
   10            439       411         0        28         0       224       214         0        10         0      2.013e+08
   11            440       370         0        70         0       241       206         0        35         0      1.846e+08
   12            431       398         0        33         0       252       237         0        15         0      1.721e+08
   13            426       371         0        55         0       222       200         0        22         0      1.634e+08
   14            428       388         0        40         0       243       226         0        17         0      1.507e+08
   15            428       378         0        50         0       221       200         0        21         0      1.404e+08
   16            425       388         0        37         0       270       252         0        18         0      1.293e+08
   17            424       389         0        35         0       237       221         0        16         0      1.137e+08
   18            424       372         0        52         0       232       201         0        31         0      1.024e+08
   19            424       397         0        27         0       251       239         0        12         0       9.41e+07
   20            424       372         0        52         0       215       190         0        25         0      8.499e+07
   21            425       394         0        31         0       252       238         0        14         0      7.554e+07
   22            425       388         0        37         0       236       220         0        16         0      7.129e+07
   23            424       401         0        23         0       244       240         0         4         0      6.503e+07
   24            424       362         0        62         0       226       197         0        29         0      5.825e+07
   25            424       415         0         9         0       317       315         0         2         0      5.423e+07
   26            424       369         0        55         0       213       207         0         6         0       5.06e+07
   27            424       397         0        27         0       244       229         0        15         0      4.582e+07
   28            424       387         0        37         0       213       209         0         4         0      4.356e+07
   29            424       387         0        37         0       185       182         0         3         0      4.089e+07
   30            424       403         0        21         0       313       305         0         8         0      3.875e+07
   31            424       384         0        40         0       247       223         0        24         0      3.453e+07
   32            424       390         0        34         0       230       222         0         8         0      3.179e+07
   33            430       399         0        31         0       227       222         0         5         0      2.896e+07
   34            424       406         0        18         0       275       272         0         3         0      2.677e+07
   35            424       381         0        43         0       235       229         0         6         0      2.418e+07
   36            424       399         0        25         0       222       217         0         5         0      2.238e+07
   37            424       381         0        43         0       203       198         0         5         0      2.123e+07
   38            424       390         0        34         0       261       250         0        11         0      2.036e+07
   39            424       382         0        42         0       226       216         0        10         0      1.933e+07
   40            424       364         0        60         0       228       217         0        11         0      1.825e+07
   41            424       313         0       111         0       194       176         0        18         0      1.725e+07
   42            424       359         0        65         0       210       201         0         9         0      1.686e+07
   43            424       359         0        65         0       205       196         0         9         0      1.654e+07
   44            427       348         0        79         0       211       198         0        13         0      1.612e+07
   45            427       366         0        61         0       204       190         0        14         0      1.585e+07
   46            424       332         0        92         0       162       128         0        34         0      1.526e+07
   47            423       349         0        74         0       189       177         0        12         0      1.486e+07
   48            417       337         0        80         0       177       162         0        15         0      1.428e+07
   49            422       356         0        66         0       230       225         0         5         0      1.381e+07
   50            414       340         0        74         0       188       178         0        10         0      1.363e+07
   51            412       369         0        43         0       202       194         0         8         0      1.342e+07
   52            405       325         0        80         0       184       168         0        16         0      1.324e+07
   53            403       324         0        79         0       182       180         0         2         0      1.308e+07
   54            403       335         0        68         0       196       187         0         9         0      1.287e+07
   55            400       349         0        51         0       193       187         0         6         0      1.267e+07
   56            402       344         0        58         0       251       250         0         1         0      1.244e+07
   57            397       347         0        50         0       195       184         0        11         0      1.237e+07
   58            380       342         0        38         0       179       175         0         4         0      1.224e+07
   59            380       291         0        89         0       182       162         0        20         0      1.205e+07
   60            373       268         0       105         0       185       153         0        32         0      1.192e+07
   61            375       282         0        93         0       171       152         0        19         0      1.176e+07
   62            377       274         0       103         0       149       135         0        14         0      1.161e+07
   63            369       298         0        71         0       187       179         0         8         0      1.141e+07
   64            369       264         0       105         0       120       107         0        13         0      1.131e+07
   65            370       272         0        98         0       159       150         0         9         0      1.116e+07
   66            375       257         0       118         0       168       158         0        10         0      1.109e+07
   67            367       284         0        83         0       145       142         0         3         0      1.095e+07
   68            372       309         0        63         0       171       165         0         6         0      1.086e+07
   69            370       293         0        77         0       193       185         0         8         0      1.072e+07
   70            362       248         0       114         0       144       124         0        20         0      1.066e+07
   71            364       276         0        88         0       115       113         0         2         0      1.055e+07
   72            354       272         0        82         0       178       161         0        17         0       1.04e+07
   73            362       270         0        92         0       152       144         0         8         0      1.035e+07
   74            346       262         0        84         0       151       144         0         7         0      1.018e+07
   75            371       278         0        93         0       127       125         0         2         0      1.007e+07
   76            351       269         0        82         0       137       130         0         7         0      9.981e+06
   77            342       277         0        65         0       139       138         0         1         0      9.887e+06
   78            341       233         0       108         0        98        94         0         4         0      9.832e+06
   79            367       248         0       119         0       151       136         0        15         0       9.69e+06
   80            373       304         0        69         0       178       168         0        10         0      9.589e+06
   81            333       231         0       102         0       130       116         0        14         0      9.548e+06
   82            311       228         0        83         0       115       110         0         5         0      9.503e+06
   83            317       224         0        93         0       149       141         0         8         0      9.434e+06
   84            285       190         0        95         0        65        65         0         0         0       9.38e+06
   85            288       203         0        85         0       104       101         0         3         0      9.293e+06
   86            271       204         0        67         0       137       136         0         1         0      9.234e+06
   87            255       148         0       107         0        77        68         0         9         0      9.198e+06
   88            273       177         0        96         0       120       114         0         6         0      9.128e+06
   89            340       262         0        78         0       107       106         0         1         0      9.099e+06
   90            266       211         0        55         0        99        95         0         4         0      9.051e+06
   91            243       175         0        68         0       109        88         0        21         0      8.984e+06
   92            253       173         0        80         0        96        89         0         7         0      8.935e+06
   93            238       172         0        66         0        88        78         0        10         0      8.872e+06
   94            228       172         0        56         0        86        85         0         1         0      8.799e+06
   95            250       180         0        70         0       101        92         0         9         0      8.748e+06
   96            221       165         0        56         0        98        94         0         4         0      8.682e+06
   97            237       173         0        64         0        93        91         0         2         0      8.604e+06
   98            212       152         0        60         0        88        80         0         8         0      8.579e+06
   99            250       152         0        98         0        63        58         0         5         0      8.509e+06
  100            295       183         0       112         0        97        91         0         6         0      8.447e+06
  101            293       184         0       109         0        69        69         0         0         0      8.431e+06
  102            180       114         0        66         0        57        53         0         4         0      8.402e+06
  103            186       134         0        52         0        72        65         0         7         0      8.379e+06
  104            179       128         0        51         0        74        72         0         2         0      8.324e+06
  105            171       122         0        49         0        55        54         0         1         0      8.313e+06
  106            169       132         0        37         0        82        75         0         7         0      8.282e+06
  107            177       122         0        55         0        57        50         0         7         0       8.26e+06
  108            173       132         0        41         0        64        56         0         8         0      8.236e+06
  109            177       116         0        61         0        44        39         0         5         0      8.222e+06
  110            162       125         0        37         0        58        56         0         2         0      8.191e+06
  111            187       108         0        79         0        71        64         0         7         0      8.133e+06
  112            165        86         0        79         0        36        29         0         7         0      8.129e+06
  113            162        94         0        68         0        51        37         0        14         0      8.107e+06
  114            161       112         0        49         0        60        56         0         4         0      8.074e+06
  115            158        98         0        60         0        47        44         0         3         0      8.051e+06
  116            151       108         0        43         0        43        41         0         2         0      8.047e+06
  117            253       130         0       123         0        45        44         0         1         0      8.041e+06
  118            172       113         0        59         0        51        43         0         8         0      8.003e+06
  119            166       110         0        56         0        41        36         0         5         0      7.969e+06
  120            139        88         0        51         0        30        28         0         2         0      7.939e+06
  121            127        66         0        61         0        21        18         0         3         0      7.895e+06
  122            107        70         0        37         0        20        18         0         2         0      7.888e+06
  123             84        44         0        40         0        12        11         0         1         0      7.875e+06
  124            100        65         0        35         0        23        18         0         5         0      7.868e+06
  125             90        58         0        32         0        19        18         0         1         0       7.85e+06
  126             66        42         0        24         0        13        12         0         1         0      7.839e+06
  127             45        30         0        15         0         7         5         0         2         0      7.836e+06
  128             41        32         0         9         0         8         7         0         1         0      7.819e+06
  129             45        23         0        22         0         4         2         0         2         0      7.819e+06
  130             35        23         0        12         0         8         7         0         1         0      7.807e+06
  131             28        21         0         7         0         5         4         0         1         0      7.807e+06
  132             39        25         0        14         0         8         6         0         2         0      7.806e+06
  133             23        16         0         7         0         4         2         0         2         0      7.805e+06
  134             22        16         0         6         0         2         1         0         1         0      7.805e+06
  135             29        19         0        10         0         4         4         0         0         0      7.805e+06
  136             27        21         0         6         0         6         5         0         1         0      7.802e+06
  137             21        14         0         7         0         0         0         0         0         0      7.801e+06
