===== Copy Generation Summary =====
#Iter     Gen    Indv     Seq     CSC    Used            Obj
    1     267     267       0       0     183       2.29e+09
    2     251     247       4       0     195      1.572e+09
    3     204     202       2       0     244      9.752e+08
    4     238     236       2       0     211      7.932e+08
    5     218     216       2       0     230      6.958e+08
    6     203     201       2       0     246      6.021e+08
    7     205     203       2       0     243       5.48e+08
    8     236     234       2       0     212      5.096e+08
    9     241     237       4       0     206      4.725e+08
   10     206     204       2       0     240      4.328e+08
   11     196     194       2       0     246      4.027e+08
   12     190     188       2       0     251      3.725e+08
   13     192     190       2       0     244      3.386e+08
   14     196     194       2       0     240      3.124e+08
   15     204     202       2       0     222      2.777e+08
   16     191     189       2       0     235      2.546e+08
   17     180     178       2       0     246       2.32e+08
   18     172     170       2       0     256      2.132e+08
   19     206     204       2       0     220      1.947e+08
   20     196     194       2       0     230        1.8e+08
   21     227     225       2       0     199      1.636e+08
   22     175     173       2       0     251      1.455e+08
   23     191     189       2       0     235      1.304e+08
   24     151     149       2       0     275      1.204e+08
   25     207     205       2       0     219      1.122e+08
   26     164     162       2       0     262      1.051e+08
   27     194     192       2       0     232      9.715e+07
   28     199     197       2       0     227      8.833e+07
   29     207     205       2       0     219      8.456e+07
   30     203     201       2       0     223      7.657e+07
   31     228     226       2       0     198       7.34e+07
   32     168     166       2       0     258       7.04e+07
   33     194     192       2       0     232      6.738e+07
   34     209     207       2       0     217      6.386e+07
   35     207     205       2       0     219       6.02e+07
   36     225     223       2       0     201      5.675e+07
   37     166     164       2       0     260      5.144e+07
   38     207     205       2       0     219      4.876e+07
   39     206     204       2       0     219      4.582e+07
   40     230     228       2       0     196      4.358e+07
   41     235     233       2       0     191      4.263e+07
   42     259     257       2       0     165      4.019e+07
   43     246     242       4       0     178      3.829e+07
   44     221     219       2       0     201      3.718e+07
   45     226     224       2       0     200      3.576e+07
   46     174     168       6       0     240      3.409e+07
   47     212     206       6       0     205      3.342e+07
   48     222     212      10       0     196      3.147e+07
   49     174     170       4       0     237      2.896e+07
   50     224     218       6       0     184      2.812e+07
   51     195     193       2       0     212      2.753e+07
   52     221     211      10       0     176       2.47e+07
   53     195     179      16       0     201      2.137e+07
   54     224     202      22       0     171      2.034e+07
   55     199     181      18       0     197      1.898e+07
   56     194     174      20       0     197      1.861e+07
   57     198     172      26       0     193      1.739e+07
   58     216     190      26       0     178      1.626e+07
   59     208     180      28       0     178      1.612e+07
   60     220     194      26       0     167      1.541e+07
   61     217     189      28       0     168      1.504e+07
   62     229     201      28       0     156      1.462e+07
   63     257     229      28       0     128      1.432e+07
   64     244     216      28       0     143      1.406e+07
   65     172     146      26       0     215      1.378e+07
   66     241     215      26       0     142      1.347e+07
   67     249     221      28       0     139      1.328e+07
   68     217     189      28       0     167      1.314e+07
   69     225     201      24       0     161      1.272e+07
   70     240     212      28       0     143      1.263e+07
   71     277     251      26       0     108      1.236e+07
   72     202     176      26       0     182      1.211e+07
   73     255     231      24       0     127      1.186e+07
   74     198     172      26       0     184      1.155e+07
   75     257     231      26       0     123      1.137e+07
   76     298     270      28       0      83      1.113e+07
   77     296     272      24       0      84      1.102e+07
   78     217     193      24       0     158      1.088e+07
   79     240     212      28       0     145       1.07e+07
   80     266     240      26       0     106      1.067e+07
   81     270     244      26       0     113      1.048e+07
   82     270     246      24       0     102      1.036e+07
   83     279     249      30       0      78      1.019e+07
   84     247     221      26       0     118      1.005e+07
   85     247     219      28       0     116      9.839e+06
   86     268     238      30       0     111      9.676e+06
   87     254     226      28       0     119      9.533e+06
   88     297     271      26       0      84      9.411e+06
   89     263     235      28       0      89      9.272e+06
   90     273     243      30       0      84      9.093e+06
   91     288     258      30       0      74      8.939e+06
   92     241     199      42       0      92      8.837e+06
   93     242     194      48       0      76      8.696e+06
   94     235     191      44       0      74      8.576e+06
   95     201     147      54       0     102      8.406e+06
   96     215     163      52       0      73      8.322e+06
   97     220     156      64       0      69      8.236e+06
   98     172     116      56       0      82      8.147e+06
   99     204     150      54       0      58      8.106e+06
  100     229     177      52       0      74      8.016e+06
  101     172     124      48       0      71      7.928e+06
  102     194     138      56       0      51      7.883e+06
  103     159      95      64       0     122      7.796e+06
  104     241     189      52       0      73      7.758e+06
  105     221     159      62       0     107      7.727e+06
  106     169     113      56       0      69      7.618e+06
  107     191     131      60       0      46      7.543e+06
  108     184     122      62       0      49      7.448e+06
  109     166     106      60       0      66      7.394e+06
  110     185     115      70       0      47      7.354e+06
  111     165      97      68       0      95      7.281e+06
  112     147      81      66       0      80      7.237e+06
  113     176      98      78       0      49      7.229e+06
  114     178     108      70       0      43      7.197e+06
  115     151      85      66       0      71      7.137e+06
  116     182     108      74       0      40      7.111e+06
  117     184     118      66       0      37      7.042e+06
  118     171      97      74       0      48      6.981e+06
  119     203     133      70       0      17      6.928e+06
  120     201     121      80       0      23      6.906e+06
  121     174     102      72       0      45      6.806e+06
  122     162      82      80       0      53      6.758e+06
  123     160      88      72       0      64      6.747e+06
  124     203      95     108       0      27      6.743e+06
  125     162      94      68       0      38      6.649e+06
  126     178     106      72       0      26      6.623e+06
  127     169      99      70       0      26      6.561e+06
  128     154      76      78       0      34      6.521e+06
  129     146      72      74       0      37      6.511e+06
  130     140      64      76       0      42      6.427e+06
  131     160      76      84       0      26      6.403e+06
  132     137      57      80       0      38      6.382e+06
  133     135      39      96       0      22      6.351e+06
  134     126      26     100       0      26      6.334e+06
  135     132      34      98       0      15       6.32e+06
  136     130      22     108       0      10      6.285e+06
  137     132      20     112       0      11      6.258e+06
  138     133      31     102       0      11      6.215e+06
  139     122      18     104       0      11      6.183e+06
  140     116      20      96       0      16      6.179e+06
  141     111      19      92       0      18      6.156e+06
  142     116      14     102       0      10      6.153e+06
  143     119      15     104       0       9      6.149e+06
  144     122      26      96       0      14      6.148e+06
  145     108      10      98       0      10      6.139e+06
  146     113      13     100       0       5      6.136e+06
  147     122       8     114       0       6      6.128e+06
  148     117       3     114       0       9      6.127e+06
  149      97       9      88       0      12      6.089e+06
  150     106       8      98       0       6      6.085e+06
  151     106       4     102       0       1      6.085e+06
  152     129      53      76       0       4      6.085e+06
