===== Copy Generation Summary =====
#Iter       TotalGen  ind(reg)  mul(reg)  ind(csc)  mul(csc) TotalUsed  ind(reg)  mul(reg)  ind(csc)  mul(csc)            obj
    1            385       331         0        54         0       139       126         0        13         0      5.733e+07
    2            395       342         0        53         0       167       152         0        15         0      4.641e+07
    3            413       353         0        60         0       179       174         0         5         0      3.945e+07
    4            413       355         0        58         0       179       174         0         5         0      1.955e+07
    5            409       373         0        36         0       206       195         0        11         0      1.312e+07
    6            399       370         0        29         0       198       184         0        14         0      8.766e+06
    7            393       356         0        37         0       196       181         0        15         0      7.386e+06
    8            392       339         0        53         0       167       150         0        17         0      5.104e+06
    9            394       365         0        29         0       182       176         0         6         0      3.879e+06
   10            380       300         0        80         0       145       134         0        11         0      2.576e+06
   11            378       315         0        63         0       176       170         0         6         0      2.214e+06
   12            370       310         0        60         0       163       153         0        10         0      2.173e+06
   13            336       302         0        34         0       141       140         0         1         0      2.125e+06
   14            287       246         0        41         0       105       102         0         3         0      2.096e+06
   15            301       272         0        29         0       170       167         0         3         0      2.074e+06
   16            285       243         0        42         0        97        96         0         1         0      1.986e+06
   17            245       220         0        25         0        93        88         0         5         0      1.791e+06
   18            219       182         0        37         0        83        79         0         4         0      1.683e+06
   19            184       165         0        19         0        79        76         0         3         0      1.606e+06
   20            152       129         0        23         0        89        73         0        16         0      1.551e+06
   21            165       108         0        57         0        48        45         0         3         0      1.513e+06
   22            156       152         0         4         0        78        78         0         0         0       1.51e+06
   23            143       131         0        12         0        54        53         0         1         0      1.507e+06
   24            139       114         0        25         0        31        30         0         1         0      1.385e+06
   25            127       107         0        20         0        64        61         0         3         0      1.365e+06
   26            111        76         0        35         0        38        34         0         4         0      1.334e+06
   27            100        85         0        15         0        33        32         0         1         0      1.297e+06
   28            112        78         0        34         0        40        39         0         1         0       1.26e+06
   29            100        63         0        37         0        17        17         0         0         0      1.248e+06
   30             82        58         0        24         0        20        18         0         2         0      1.248e+06
   31             43        28         0        15         0         8         7         0         1         0      1.244e+06
   32             22        17         0         5         0         6         5         0         1         0      1.218e+06
   33             15        12         0         3         0         2         2         0         0         0      1.218e+06
   34             46        37         0         9         0        18        18         0         0         0      1.218e+06
   35             14        11         0         3         0         4         4         0         0         0      1.218e+06
   36              8         7         0         1         0         0         0         0         0         0      1.218e+06
