===== Copy Generation Summary =====
#Iter       TotalGen  ind(reg)  mul(reg)  ind(csc)  mul(csc) TotalUsed  ind(reg)  mul(reg)  ind(csc)  mul(csc)            obj
    1            444       333         0       111         0       210       184         0        26         0      9.448e+08
    2            446       388         0        58         0       242       221         0        21         0      8.173e+08
    3            446       358         0        88         0       234       211         0        23         0       6.36e+08
    4            446       358         0        88         0       229       216         0        13         0      4.839e+08
    5            446       352         0        94         0       210       192         0        18         0      4.426e+08
    6            446       369         0        77         0       239       222         0        17         0      4.022e+08
    7            446       355         0        91         0       239       207         0        32         0      3.711e+08
    8            446       391         0        55         0       247       222         0        25         0      3.379e+08
    9            443       325         0       118         0       242       198         0        44         0      3.095e+08
   10            447       380         0        67         0       233       209         0        24         0      2.834e+08
   11            444       348         0        96         0       241       189         0        52         0      2.654e+08
   12            444       387         0        57         0       226       200         0        26         0      2.453e+08
   13            446       393         0        53         0       258       228         0        30         0      2.215e+08
   14            442       360         0        82         0       230       187         0        43         0       2.07e+08
   15            441       397         0        44         0       253       237         0        16         0      1.983e+08
   16            437       369         0        68         0       227       211         0        16         0      1.887e+08
   17            439       363         0        76         0       244       208         0        36         0      1.719e+08
   18            433       370         0        63         0       223       204         0        19         0      1.546e+08
   19            428       337         0        91         0       246       187         0        59         0      1.421e+08
   20            426       391         0        35         0       236       225         0        11         0      1.311e+08
   21            426       387         0        39         0       220       214         0         6         0      1.199e+08
   22            424       374         0        50         0       229       215         0        14         0      1.156e+08
   23            425       383         0        42         0       240       234         0         6         0      1.075e+08
   24            423       377         0        46         0       241       236         0         5         0      1.043e+08
   25            425       368         0        57         0       227       220         0         7         0      9.975e+07
   26            433       403         0        30         0       255       251         0         4         0      9.434e+07
   27            434       384         0        50         0       262       254         0         8         0      9.038e+07
   28            424       368         0        56         0       219       213         0         6         0      8.825e+07
   29            424       352         0        72         0       213       205         0         8         0      8.689e+07
   30            424       362         0        62         0       208       202         0         6         0      8.237e+07
   31            422       372         0        50         0       244       242         0         2         0      7.914e+07
   32            424       363         0        61         0       209       205         0         4         0      7.709e+07
   33            424       348         0        76         0       231       219         0        12         0      7.505e+07
   34            424       352         0        72         0       266       255         0        11         0      7.107e+07
   35            421       342         0        79         0       213       210         0         3         0      6.964e+07
   36            424       353         0        71         0       199       194         0         5         0      6.815e+07
   37            422       342         0        80         0       184       182         0         2         0      6.595e+07
   38            421       366         0        55         0       188       184         0         4         0      6.365e+07
   39            421       354         0        67         0       239       224         0        15         0      6.221e+07
   40            421       361         0        60         0       208       200         0         8         0      6.177e+07
   41            419       335         0        84         0       192       177         0        15         0      6.137e+07
   42            417       368         0        49         0       205       197         0         8         0      6.075e+07
   43            415       353         0        62         0       207       198         0         9         0      6.019e+07
   44            415       303         0       112         0       219       200         0        19         0      5.892e+07
   45            422       366         0        56         0       209       196         0        13         0      5.868e+07
   46            408       338         0        70         0       181       167         0        14         0      5.843e+07
   47            411       343         0        68         0       177       167         0        10         0      5.753e+07
   48            402       324         0        78         0       174       169         0         5         0      5.715e+07
   49            402       322         0        80         0       185       168         0        17         0      5.679e+07
   50            389       318         0        71         0       171       161         0        10         0      5.644e+07
   51            379       292         0        87         0       147       141         0         6         0      5.608e+07
   52            388       283         0       105         0       154       142         0        12         0      5.568e+07
   53            375       305         0        70         0       193       183         0        10         0      5.557e+07
   54            372       308         0        64         0       223       217         0         6         0      5.539e+07
   55            374       311         0        63         0       161       157         0         4         0      5.515e+07
   56            367       280         0        87         0       152       146         0         6         0      5.482e+07
   57            370       258         0       112         0       162       130         0        32         0      5.452e+07
   58            363       297         0        66         0       173       165         0         8         0      5.437e+07
   59            365       274         0        91         0       179       147         0        32         0      5.426e+07
   60            367       312         0        55         0       184       169         0        15         0      5.417e+07
   61            364       282         0        82         0       149       140         0         9         0      5.403e+07
   62            361       298         0        63         0       190       183         0         7         0      5.371e+07
   63            362       262         0       100         0       161       148         0        13         0      5.354e+07
   64            361       283         0        78         0       182       165         0        17         0      5.333e+07
   65            360       259         0       101         0       174       139         0        35         0      5.318e+07
   66            373       267         0       106         0       193       190         0         3         0      5.305e+07
   67            362       264         0        98         0       107        93         0        14         0        5.3e+07
   68            364       248         0       116         0       126       111         0        15         0      5.291e+07
   69            372       256         0       116         0       161       137         0        24         0      5.282e+07
   70            357       266         0        91         0       151       139         0        12         0       5.27e+07
   71            373       268         0       105         0       125       112         0        13         0      5.253e+07
   72            368       272         0        96         0       142       133         0         9         0       5.24e+07
   73            360       268         0        92         0       144       136         0         8         0       5.23e+07
   74            354       265         0        89         0       152       143         0         9         0      5.216e+07
   75            359       262         0        97         0       151       138         0        13         0        5.2e+07
   76            350       220         0       130         0       103        95         0         8         0      5.184e+07
   77            348       230         0       118         0       135       125         0        10         0      5.174e+07
   78            343       230         0       113         0       112       106         0         6         0      5.158e+07
   79            336       223         0       113         0       116       109         0         7         0      5.147e+07
   80            342       232         0       110         0       102       100         0         2         0      5.127e+07
   81            310       244         0        66         0       150       144         0         6         0      5.121e+07
   82            297       178         0       119         0        64        57         0         7         0      5.117e+07
   83            301       211         0        90         0       119       106         0        13         0      5.103e+07
   84            286       182         0       104         0        72        63         0         9         0      5.095e+07
   85            267       189         0        78         0        88        83         0         5         0      5.087e+07
   86            241       191         0        50         0        91        90         0         1         0      5.082e+07
   87            250       147         0       103         0        64        60         0         4         0      5.077e+07
   88            223       130         0        93         0        65        53         0        12         0      5.072e+07
   89            220       170         0        50         0       120       117         0         3         0      5.066e+07
   90            206       156         0        50         0       104        95         0         9         0      5.065e+07
   91            211       147         0        64         0        91        73         0        18         0      5.063e+07
   92            200       139         0        61         0        59        51         0         8         0      5.061e+07
   93            221       160         0        61         0        98        90         0         8         0      5.051e+07
   94            200       116         0        84         0        40        32         0         8         0      5.048e+07
   95            192       116         0        76         0        50        47         0         3         0      5.045e+07
   96            181       115         0        66         0        63        39         0        24         0      5.043e+07
   97            178       133         0        45         0        63        62         0         1         0       5.04e+07
   98            177       120         0        57         0        65        53         0        12         0      5.036e+07
   99            172       112         0        60         0        52        51         0         1         0      5.034e+07
  100            167       111         0        56         0        54        47         0         7         0      5.029e+07
  101            164       115         0        49         0        57        57         0         0         0      5.028e+07
  102            154       117         0        37         0        63        61         0         2         0      5.026e+07
  103            155        97         0        58         0        32        30         0         2         0      5.024e+07
  104            164       138         0        26         0        93        90         0         3         0      5.019e+07
  105            154       102         0        52         0        55        51         0         4         0      5.018e+07
  106            159       140         0        19         0        73        70         0         3         0      5.011e+07
  107            155       117         0        38         0        62        55         0         7         0      5.006e+07
  108            163       102         0        61         0        32        31         0         1         0      5.004e+07
  109            145        74         0        71         0        21        19         0         2         0      5.004e+07
  110            161       104         0        57         0        53        39         0        14         0          5e+07
  111            147       110         0        37         0        39        33         0         6         0      4.998e+07
  112            135        89         0        46         0        38        37         0         1         0      4.997e+07
  113            156       109         0        47         0        52        51         0         1         0      4.993e+07
  114            151        79         0        72         0        34        24         0        10         0      4.989e+07
  115            141        90         0        51         0        28        28         0         0         0      4.984e+07
  116            135        95         0        40         0        46        43         0         3         0       4.98e+07
  117            167       106         0        61         0        47        47         0         0         0      4.978e+07
  118            166        91         0        75         0        25        25         0         0         0      4.978e+07
  119            166        93         0        73         0        25        25         0         0         0      4.978e+07
  120            176        91         0        85         0        15        14         0         1         0      4.978e+07
  121            123        69         0        54         0        20        19         0         1         0      4.977e+07
  122            134        70         0        64         0        18        13         0         5         0      4.975e+07
  123             96        56         0        40         0        28        26         0         2         0      4.973e+07
  124             91        54         0        37         0        10         9         0         1         0      4.972e+07
  125             77        46         0        31         0        12        11         0         1         0      4.969e+07
  126             77        46         0        31         0        19        18         0         1         0      4.969e+07
  127             78        44         0        34         0         9         7         0         2         0      4.968e+07
  128             74        46         0        28         0        20        15         0         5         0      4.967e+07
  129             69        36         0        33         0         9         9         0         0         0      4.966e+07
  130             46        32         0        14         0         6         4         0         2         0      4.964e+07
  131             43        22         0        21         0         4         4         0         0         0      4.962e+07
  132             43        27         0        16         0        10         8         0         2         0      4.962e+07
