Objective:	8.92342e+08
Total CPU time:	00:11:21
================== Aircraft Recovery Schedule ==================
N214AK[30]
375(7/7IAD13:00---SEA18:47)
2025-Jul-07 19:17:00
71-d60(7/7SEA19:43---JNU22:19)
176-d60(7/7JNU23:15---SEA01:42)
602-d210(7/8SEA02:19---DEN05:02)
615-d180(7/8DEN05:32---SEA08:42)
959-d210(7/8SEA09:22---GEG10:29)
963-d0(7/8GEG14:00---SEA15:14)
312001-d0(7/8SEA16:06---OMA19:17)
312-d0(7/8OMA20:14---SEA23:54)
932-d360(7/9SEA00:36---ABQ03:37)
933-d360(7/9ABQ04:31---SEA07:41)
1194-d330(7/9SEA08:24---SMF10:22)
2025-Jul-09 15:30:00
--------------------------------------------------------
N224AK[45]
2025-Jul-07 15:00:00
2025-Jul-09 15:45:00
--------------------------------------------------------
N236AK[55]
1258(7/7SEA14:00---SAN16:50)
2025-Jul-07 17:45:00
2025-Jul-09 15:55:00
--------------------------------------------------------
N237AK[55]
2025-Jul-07 15:00:00
2025-Jul-09 15:55:00
--------------------------------------------------------
N238AK[40]
1074(7/7PDX14:25---SAN17:00)
2025-Jul-07 17:40:00
2025-Jul-09 15:40:00
--------------------------------------------------------
N247AK[50]
512(7/7SFO14:00---AUS17:36)
2025-Jul-07 18:26:00
2025-Jul-09 15:50:00
--------------------------------------------------------
N248AK[30]
537(7/7BOS13:20---SEA19:35)
2025-Jul-07 20:05:00
2025-Jul-09 15:30:00
--------------------------------------------------------
N251AK[50]
2025-Jul-07 15:00:00
2025-Jul-09 15:50:00
--------------------------------------------------------
N253AK[35]
2025-Jul-07 15:00:00
2025-Jul-09 15:35:00
--------------------------------------------------------
N260AK[60]
2025-Jul-07 15:00:00
2025-Jul-09 16:00:00
--------------------------------------------------------
N264AK[30]
2025-Jul-07 15:00:00
2025-Jul-09 15:30:00
--------------------------------------------------------
N265AK[55]
541(7/7AUS12:37---PDX16:50)
2025-Jul-07 17:45:00
121-d0(7/7PDX17:53---BUR20:12)
122-d0(7/7BUR21:07---PDX23:25)
1176-d0(7/8PDX00:30---PHX03:20)
611-d240(7/8PHX04:29---SEA07:35)
780-d360(7/8SEA08:59---ABQ11:59)
618-d0(7/8ABQ14:00---SEA17:15)
1166-d180(7/8SEA18:10---SFO20:29)
1075-d180(7/8SFO21:25---SEA23:37)
1150001-d300(7/9SEA00:48---BUR03:19)
1150-d300(7/9BUR04:14---SEA06:54)
924-d150(7/9SEA08:18---RDM09:29)
2025-Jul-09 15:55:00
--------------------------------------------------------
N267AK[60]
2025-Jul-07 15:00:00
57-d0(7/7ANC16:00---FAI17:05)
234-d150(7/7FAI20:35---SEA00:13)
1086-d180(7/8SEA01:25---ONT04:04)
1087-d210(7/8ONT05:28---SEA08:07)
161-d210(7/8SEA09:17---EUG10:31)
132-d0(7/8EUG13:00---SEA14:15)
79-d30(7/8SEA15:30---ANC19:06)
100-d30(7/8ANC20:11---SEA23:40)
1092-d90(7/9SEA00:48---LAX03:35)
1397-d210(7/9LAX04:37---PDX07:00)
2025-Jul-09 16:00:00
--------------------------------------------------------
N268AK[55]
413(7/7ORD12:00---PDX16:25)
2025-Jul-07 17:20:00
2025-Jul-09 15:55:00
--------------------------------------------------------
N270AK[45]
2025-Jul-07 15:00:00
1290001-d0(7/7SEA15:00---BUR17:36)
1290-d0(7/7BUR18:30---SEA21:08)
1198-d60(7/7SEA22:05---SAN00:55)
1297-d270(7/8SAN01:45---PDX04:19)
1455-d270(7/8PDX05:19---ANC09:10)
54-d30(7/8ANC09:59---SEA13:30)
1258-d30(7/8SEA14:30---SAN17:20)
1259-d90(7/8SAN18:30---SEA21:30)
63-d240(7/8SEA22:20---SIT00:44)
58-d240(7/9SIT01:40---SEA04:00)
960-d270(7/9SEA05:13---GEG06:20)
965-d270(7/9GEG07:14---SEA08:30)
315-d270(7/9SEA09:15---CMH13:43)
2025-Jul-09 15:45:00
--------------------------------------------------------
N272AK[50]
2025-Jul-07 15:00:00
2025-Jul-09 15:50:00
--------------------------------------------------------
N273AK[45]
289(7/7EWR11:52---LAX17:46)
2025-Jul-07 18:31:00
2025-Jul-09 15:45:00
--------------------------------------------------------
N274AK[50]
2025-Jul-07 15:00:00
2025-Jul-09 15:50:00
--------------------------------------------------------
N275AK[55]
683(7/7ORD13:00---SEA17:39)
2025-Jul-07 18:34:00
2025-Jul-09 15:55:00
--------------------------------------------------------
N277AK[45]
2025-Jul-07 15:00:00
2025-Jul-09 15:45:00
--------------------------------------------------------
N280AK[55]
1089(7/7LAS14:05---PDX16:24)
2025-Jul-07 17:19:00
2025-Jul-09 15:55:00
--------------------------------------------------------
N281AK[30]
2025-Jul-07 15:00:00
2025-Jul-09 15:30:00
--------------------------------------------------------
N282AK[60]
2025-Jul-07 15:00:00
2025-Jul-09 16:00:00
--------------------------------------------------------
N283AK[50]
2025-Jul-07 15:00:00
2025-Jul-09 15:50:00
--------------------------------------------------------
N284AK[40]
943(7/7RDM13:00---SEA14:14)
516(7/7SEA14:55---FLL20:52)
2025-Jul-07 21:32:00
2025-Jul-09 15:40:00
--------------------------------------------------------
N285AK[30]
383(7/7BNA12:00---SEA17:06)
2025-Jul-07 17:36:00
2025-Jul-09 15:30:00
--------------------------------------------------------
N287AK[55]
139(7/7ORD14:30---ANC21:15)
2025-Jul-07 22:10:00
2025-Jul-09 15:55:00
--------------------------------------------------------
N288AK[55]
2025-Jul-07 15:00:00
479-d0(7/7LAS15:00---SEA17:40)
1254-d210(7/7SEA18:57---ONT21:35)
1111-d210(7/7ONT22:30---SEA01:08)
105-d30(7/8SEA02:29---ANC06:08)
172-d0(7/8ANC07:13---PHX12:45)
645-d0(7/8PHX14:05---SEA17:09)
N288AK_SEA-17:09/22:09-d0(7/8SEA17:09---7/8 22:09)
535001-d300(7/8SEA22:20---DEN01:07)
535-d300(7/9DEN02:03---SEA05:00)
69001-d270(7/9SEA06:05---KTN08:14)
69-d300(7/9KTN09:29---JNU10:30)
2025-Jul-09 15:55:00
--------------------------------------------------------
N290AK[30]
358(7/7PDX14:00---BOS19:25)
2025-Jul-07 19:55:00
2025-Jul-09 15:30:00
--------------------------------------------------------
N291BT[30]
627(7/7TPA11:00---SEA17:06)
2025-Jul-07 17:36:00
2025-Jul-09 15:30:00
--------------------------------------------------------
N292AK[45]
473(7/7STL11:41---SEA16:10)
2025-Jul-07 16:55:00
1108-d0(7/7SEA16:58---SAN19:49)
1097-d0(7/7SAN20:45---SEA23:45)
1098-d0(7/8SEA00:59---SAN03:54)
735-d240(7/8SAN04:51---SEA07:50)
1039-d240(7/8SEA08:45---GEG09:58)
966-d0(7/8GEG13:00---SEA14:15)
648-d0(7/8SEA15:00---TUS18:10)
641-d0(7/8TUS19:06---SEA22:20)
1300-d120(7/8SEA23:10---LAX01:58)
193-d0(7/9LAX02:45---ANC08:08)
172-d120(7/9ANC09:13---PHX14:45)
2025-Jul-09 15:45:00
--------------------------------------------------------
N293AK[60]
2025-Jul-07 15:00:00
2025-Jul-09 16:00:00
--------------------------------------------------------
N294AK[50]
281(7/7BNA14:00---SEA19:03)
2025-Jul-07 19:53:00
2025-Jul-09 15:50:00
--------------------------------------------------------
N296AK[50]
2025-Jul-07 15:00:00
2025-Jul-09 15:50:00
--------------------------------------------------------
N297AK[35]
2025-Jul-07 15:00:00
2025-Jul-09 15:35:00
--------------------------------------------------------
N298AK[55]
533(7/7ATL13:30---SEA18:51)
2025-Jul-07 19:46:00
2025-Jul-09 15:55:00
--------------------------------------------------------
N307AS[60]
168(7/7FAI08:14---SEA12:00)
2025-Jul-07 15:00:00
1194-d0(7/8SEA02:54---SMF04:52)
1217-d0(7/8SMF13:15---SEA15:15)
962-d0(7/8SEA23:03---GEG00:13)
964-d30(7/9GEG01:37---SEA02:51)
205-d90(7/9SEA04:06---JNU06:35)
2025-Jul-09 16:00:00
--------------------------------------------------------
N309AS[30]
2025-Jul-07 15:00:00
612-d0(7/7SEA15:26---LAS18:05)
785-d150(7/7LAS21:30---SEA00:14)
185-d0(7/8SEA05:55---JNU08:25)
42-d0(7/8JNU09:55---SEA12:23)
1306-d0(7/8SEA15:00---LAX17:49)
1305-d0(7/8LAX18:55---SEA21:39)
2025-Jul-09 15:30:00
--------------------------------------------------------
N318AS[40]
2025-Jul-07 15:00:00
215-d0(7/7GEG16:45---SEA18:00)
722-d0(7/7SEA18:44---PHX21:47)
975-d0(7/7PHX22:47---SEA01:52)
1284-d240(7/8SEA02:44---SFO04:57)
1065-d240(7/8SFO05:53---SEA08:11)
2025-Jul-09 15:40:00
--------------------------------------------------------
N402AS[60]
1041(7/7BUR14:00---SEA16:37)
2025-Jul-07 17:37:00
2025-Jul-09 16:00:00
--------------------------------------------------------
N403AS[50]
188(7/7ANC13:00---SEA16:30)
2025-Jul-07 17:20:00
2025-Jul-09 15:50:00
--------------------------------------------------------
N408AS[55]
2025-Jul-07 15:00:00
2025-Jul-09 15:55:00
--------------------------------------------------------
N409AS[55]
150(7/7ANC08:34---LAX13:55)
2025-Jul-07 15:00:00
2025-Jul-09 15:55:00
--------------------------------------------------------
N413AS[40]
324(7/7PDX14:02---ORD18:07)
2025-Jul-07 18:47:00
2025-Jul-09 15:40:00
--------------------------------------------------------
N419AS[60]
2025-Jul-07 15:00:00
2025-Jul-09 16:00:00
--------------------------------------------------------
N423AS[30]
446(7/7PHL10:45---SEA16:42)
2025-Jul-07 17:12:00
1256-d0(7/7SEA17:21---PSP20:15)
582-d0(7/7PSP21:10---SEA00:00)
424-d0(7/8SEA00:59---DFW04:59)
550-d240(7/8DFW05:36---SEA09:59)
980-d360(7/8SEA10:40---SFO12:59)
1410-d0(7/8SFO15:00---PDX16:45)
499-d270(7/8PDX17:35---SEA18:39)
1096-d30(7/8SEA19:11---SAN22:08)
1135-d30(7/8SAN23:05---SEA02:01)
1004-d0(7/9SEA02:59---GEG04:09)
1280-d180(7/9GEG04:49---LAX07:35)
1215-d360(7/9LAX08:25---SEA11:17)
161-d360(7/9SEA11:47---EUG13:01)
2025-Jul-09 15:30:00
--------------------------------------------------------
N431AS[55]
292(7/7SFO14:54---EWR20:29)
2025-Jul-07 21:24:00
2025-Jul-09 15:55:00
--------------------------------------------------------
N433AS[45]
2025-Jul-07 15:00:00
2025-Jul-09 15:45:00
--------------------------------------------------------
N434AS[40]
408(7/7SEA13:00---ORD17:07)
2025-Jul-07 17:47:00
2025-Jul-09 15:40:00
--------------------------------------------------------
N435AS[55]
920(7/7RDU11:36---SEA17:30)
2025-Jul-07 18:25:00
2025-Jul-09 15:55:00
--------------------------------------------------------
N440AS[30]
459(7/7BOS11:20---SEA17:38)
2025-Jul-07 18:08:00
2025-Jul-09 15:30:00
--------------------------------------------------------
N442AS[55]
542(7/7SEA07:25---DFW11:20)
365(7/7DFW14:00---SEA18:27)
2025-Jul-07 19:22:00
2025-Jul-09 15:55:00
--------------------------------------------------------
N448AS[45]
242(7/7MKE11:30---SEA15:53)
2025-Jul-07 16:38:00
2025-Jul-09 15:45:00
--------------------------------------------------------
N453AS[50]
42(7/7JNU09:55---SEA12:23)
2025-Jul-07 15:00:00
2025-Jul-09 15:50:00
--------------------------------------------------------
N457AS[45]
606(7/7SEA14:55---PHX17:52)
2025-Jul-07 18:37:00
2025-Jul-09 15:45:00
--------------------------------------------------------
N459AS[50]
1063(7/7BUR14:20---PDX16:37)
2025-Jul-07 17:27:00
2025-Jul-09 15:50:00
--------------------------------------------------------
N462AS[30]
2025-Jul-07 15:00:00
142-d0(7/7JNU15:08---SEA17:36)
1150001-d0(7/7SEA19:48---BUR22:19)
1150-d0(7/7BUR23:14---SEA01:54)
N462AS_SEA-03:34/06:34-d0(7/8SEA03:34---7/8 06:34)
427-d0(7/8SEA06:49---CVG11:07)
428-d0(7/8CVG12:40---SEA17:39)
934001-d0(7/8SEA18:20---EUG19:36)
934-d0(7/8EUG20:30---SEA21:48)
1010-d240(7/8SEA22:20---GEG23:29)
1011-d240(7/9GEG00:23---SEA01:37)
1098-d90(7/9SEA02:29---SAN05:24)
1005-d180(7/9SAN05:57---SFO07:37)
922-d270(7/9SFO08:19---SEA10:32)
185-d330(7/9SEA11:25---JNU13:55)
2025-Jul-09 15:30:00
--------------------------------------------------------
N464AS[55]
453(7/7IAH11:00---SEA15:40)
2025-Jul-07 16:35:00
2025-Jul-09 15:55:00
--------------------------------------------------------
N467AS[40]
132(7/7EUG13:00---SEA14:15)
2025-Jul-07 15:00:00
101-d0(7/7SEA16:53---KTN18:58)
102-d0(7/7KTN19:52---SEA21:54)
733-d240(7/7SEA22:38---SLC00:44)
734-d240(7/8SLC01:39---SEA03:54)
590-d300(7/8SEA04:42---SFO06:53)
1327-d300(7/8SFO07:49---SEA10:05)
924-d300(7/8SEA10:48---RDM11:59)
943-d0(7/8RDM13:00---SEA14:14)
682001-d0(7/8SEA15:06---DEN17:53)
1136-d60(7/8DEN18:33---PDX21:20)
836-d30(7/8PDX22:00---SFO23:52)
591-d60(7/9SFO00:44---SEA02:54)
509-d330(7/9SEA03:45---SLC05:48)
510-d330(7/9SLC06:42---SEA09:00)
400-d210(7/9SEA09:48---BNA14:10)
2025-Jul-09 15:40:00
--------------------------------------------------------
N469AS[30]
1130(7/7GEG14:00---SAN16:47)
2025-Jul-07 17:17:00
1073-d0(7/7SAN17:50---PDX20:28)
946-d0(7/7PDX21:30---BOI22:48)
1019-d0(7/7BOI23:43---SEA01:20)
1132-d330(7/8SEA02:05---SFO04:18)
922-d60(7/8SFO04:49---SEA07:02)
112-d60(7/8SEA07:50---FAI11:36)
156-d120(7/8FAI12:09---SEA15:44)
1133-d0(7/8SEA17:03---SMF19:03)
1281-d0(7/8SMF19:57---SEA21:54)
1132-d120(7/8SEA22:35---SFO00:48)
571-d150(7/9SFO01:18---LAS03:01)
779-d120(7/9LAS03:31---PDX05:50)
1122-d360(7/9PDX06:30---SAN09:03)
1067-d360(7/9SAN09:59---GEG12:44)
2025-Jul-09 15:30:00
--------------------------------------------------------
N471AS[60]
643(7/7DEN12:00---SEA15:01)
2025-Jul-07 16:01:00
2025-Jul-09 16:00:00
--------------------------------------------------------
N472AS[50]
35(7/7JFK14:00---SAN19:52)
2025-Jul-07 20:42:00
2025-Jul-09 15:50:00
--------------------------------------------------------
N474AS[40]
942(7/7ORD11:00---SEA15:37)
2025-Jul-07 16:17:00
2025-Jul-09 15:40:00
--------------------------------------------------------
N477AS[60]
963(7/7GEG14:00---SEA15:14)
2025-Jul-07 16:14:00
2025-Jul-09 16:00:00
--------------------------------------------------------
N478AS[40]
2025-Jul-07 15:00:00
2025-Jul-09 15:40:00
--------------------------------------------------------
N481AS[60]
18(7/7PDX14:20---JFK19:45)
2025-Jul-07 20:45:00
2025-Jul-09 16:00:00
--------------------------------------------------------
N483AS[60]
54(7/7ANC09:29---SEA13:00)
N483AS_SEA-13:00/18:00(7/7SEA13:00---7/7 18:00)
2025-Jul-07 18:00:00
2025-Jul-09 16:00:00
--------------------------------------------------------
N486AS[50]
2025-Jul-07 15:00:00
1255-d0(7/7SMF15:13---SEA17:15)
1010-d0(7/7SEA18:20---GEG19:29)
1011-d30(7/7GEG20:53---SEA22:07)
744-d0(7/7SEA22:59---PHX01:57)
662-d120(7/8PHX03:05---PDX05:48)
1062-d360(7/8PDX07:04---BUR09:23)
1041-d0(7/8BUR14:00---SEA16:37)
1017-d0(7/8SEA18:20---PDX19:23)
1016-d0(7/8PDX20:25---SEA21:25)
1046-d30(7/8SEA22:38---SJC00:47)
1047-d30(7/9SJC01:41---SEA03:48)
445-d330(7/9SEA04:38---RNO06:29)
523-d360(7/9RNO07:47---SEA09:42)
545-d360(7/9SEA10:45---IND15:00)
2025-Jul-09 15:50:00
--------------------------------------------------------
N487AS[55]
546(7/7IND10:30---SEA15:19)
2025-Jul-07 16:14:00
2025-Jul-09 15:55:00
--------------------------------------------------------
N491AS[45]
316(7/7CMH11:00---SEA16:05)
2025-Jul-07 16:50:00
2025-Jul-09 15:45:00
--------------------------------------------------------
N492AS[60]
974(7/7SAN14:00---PDX16:35)
2025-Jul-07 17:35:00
2025-Jul-09 16:00:00
--------------------------------------------------------
N493AS[55]
430(7/7SEA14:14---SLC16:16)
2025-Jul-07 17:11:00
2025-Jul-09 15:55:00
--------------------------------------------------------
N494AS[45]
2025-Jul-07 15:00:00
648-d0(7/7SEA15:00---TUS18:10)
641-d0(7/7TUS19:06---SEA22:20)
357001-d150(7/7SEA23:05---MCI02:31)
357-d150(7/8MCI03:26---SEA07:26)
205-d360(7/8SEA08:36---JNU11:05)
70001-d360(7/8JNU12:15---SIT12:59)
73001-d0(7/8SIT14:00---JNU14:44)
73-d0(7/8JNU15:34---ANC17:24)
108-d0(7/8ANC18:22---FAI19:27)
140-d0(7/8FAI20:17---SEA00:00)
697001-d300(7/9SEA00:52---MSO02:17)
697-d300(7/9MSO03:13---SEA04:51)
590-d360(7/9SEA05:42---SFO07:53)
455-d180(7/9SFO08:43---IAD13:50)
2025-Jul-09 15:45:00
--------------------------------------------------------
N495AS[60]
2025-Jul-07 15:00:00
2025-Jul-09 16:00:00
--------------------------------------------------------
N506AS[45]
799(7/7PHX13:00---SEA16:04)
2025-Jul-07 16:49:00
2025-Jul-09 15:45:00
--------------------------------------------------------
N508AS[50]
2025-Jul-07 15:00:00
2025-Jul-09 15:50:00
--------------------------------------------------------
N512AS[55]
2025-Jul-07 15:00:00
2025-Jul-09 15:55:00
--------------------------------------------------------
N513AS[55]
2025-Jul-07 15:00:00
2025-Jul-09 15:55:00
--------------------------------------------------------
N514AS[50]
1293(7/7LAX13:00---SEA15:50)
2025-Jul-07 16:40:00
174-d0(7/7SEA16:57---FAI20:40)
103-d0(7/7FAI21:35---ANC22:40)
151001-d0(7/7ANC23:40---AKN00:49)
151-d0(7/8AKN01:59---ANC03:10)
272-d0(7/8ANC04:10---SEA07:45)
N514AS_SEA-07:45/11:45-d0(7/8SEA07:45---7/8 11:45)
498-d360(7/8SEA12:03---PDX12:59)
1298-d0(7/8PDX14:00---SNA16:31)
1277-d0(7/8SNA17:21---SEA20:06)
174-d240(7/8SEA20:57---FAI00:40)
103-d240(7/9FAI01:35---ANC02:40)
181-d270(7/9ANC03:36---DLG04:51)
182001-d270(7/9DLG05:45---ANC06:52)
45-d360(7/9ANC07:49---BET09:09)
46-d360(7/9BET09:59---ANC11:18)
2025-Jul-09 15:50:00
--------------------------------------------------------
N516AS[55]
1148(7/7SEA14:20---SNA17:15)
2025-Jul-07 18:10:00
2025-Jul-09 15:55:00
--------------------------------------------------------
N517AS[55]
2025-Jul-07 15:00:00
2025-Jul-09 15:55:00
--------------------------------------------------------
N518AS[60]
302(7/7ANC09:44---PDX13:20)
867(7/7PDX14:56---KOA20:50)
2025-Jul-07 21:50:00
2025-Jul-09 16:00:00
--------------------------------------------------------
N519AS[40]
349(7/7BWI11:51---SEA17:40)
2025-Jul-07 18:20:00
2025-Jul-09 15:40:00
--------------------------------------------------------
N520AS[50]
645(7/7PHX14:05---SEA17:09)
2025-Jul-07 17:59:00
2025-Jul-09 15:50:00
--------------------------------------------------------
N523AS[50]
15(7/7DCA12:59---SAN18:20)
2025-Jul-07 19:10:00
2025-Jul-09 15:50:00
--------------------------------------------------------
N525AS[40]
21(7/7JFK11:00---SEA17:13)
2025-Jul-07 17:53:00
49-d0(7/7SEA17:55---ANC21:35)
66-d60(7/7ANC22:26---CDV23:21)
66001-d60(7/8CDV00:13---YAK01:13)
66003-d60(7/8YAK02:05---JNU03:03)
66002-d60(7/8JNU03:55---SEA06:23)
N525AS_SEA-07:05/13:05-d0(7/8SEA07:05---7/8 13:05)
1082-d0(7/8SEA14:00---SFO16:11)
1043-d180(7/8SFO17:00---SEA19:05)
1018-d30(7/8SEA20:01---BOI21:34)
947-d30(7/8BOI22:30---PDX23:51)
1295-d0(7/9PDX00:55---SFO02:48)
929-d330(7/9SFO03:35---PDX05:20)
1162-d90(7/9PDX06:00---SAN08:35)
259-d210(7/9SAN09:15---BOS15:00)
2025-Jul-09 15:40:00
--------------------------------------------------------
N526AS[50]
210(7/7FAI13:52---SEA17:40)
2025-Jul-07 18:30:00
154001-d0(7/7SEA18:32---RDM19:44)
154-d0(7/7RDM20:38---SEA21:58)
1018-d210(7/7SEA23:01---BOI00:34)
947-d210(7/8BOI01:30---PDX02:51)
1158-d60(7/8PDX03:48---SNA06:18)
1085-d360(7/8SNA07:17---PDX09:39)
728-d360(7/8PDX10:40---LAS12:59)
1089-d0(7/8LAS14:05---PDX16:24)
863-d0(7/8PDX17:30---GEG18:41)
864-d0(7/8GEG19:36---PDX20:48)
1100-d0(7/8PDX21:55---SNA00:27)
1229-d30(7/9SNA01:19---SEA04:05)
1321-d300(7/9SEA05:08---STS07:09)
1321001-d300(7/9STS08:01---SEA10:07)
144-d240(7/9SEA10:59---ANC14:39)
2025-Jul-09 15:50:00
--------------------------------------------------------
N527AS[50]
2025-Jul-07 15:00:00
2025-Jul-09 15:50:00
--------------------------------------------------------
N529AS[60]
869(7/7SJC14:00---KOA19:30)
2025-Jul-07 20:30:00
2025-Jul-09 16:00:00
--------------------------------------------------------
N530AS[60]
2025-Jul-07 15:00:00
2025-Jul-09 16:00:00
--------------------------------------------------------
N531AS[45]
2025-Jul-07 15:00:00
2025-Jul-09 15:45:00
--------------------------------------------------------
N532AS[60]
1109(7/7SEA13:00---SAN15:53)
2025-Jul-07 16:53:00
1071-d120(7/7SAN17:15---SEA20:18)
908-d180(7/7SEA21:30---PSC22:39)
909-d210(7/8PSC00:00---SEA01:08)
67002-d240(7/8SEA02:33---KTN04:40)
67001-d270(7/8KTN05:55---SIT06:50)
67003-d300(7/8SIT08:08---JNU08:52)
67-d330(7/8JNU10:10---ANC11:58)
62-d0(7/8ANC14:45---JNU16:28)
62001-d30(7/8JNU17:50---SIT18:35)
62003-d60(7/8SIT19:57---KTN20:58)
62002-d90(7/8KTN22:18---SEA00:17)
1125-d90(7/9SEA01:17---SLC03:20)
719-d120(7/9SLC04:44---SEA07:07)
498-d150(7/9SEA08:33---PDX09:29)
197001-d360(7/9PDX10:40---ANC14:24)
2025-Jul-09 16:00:00
--------------------------------------------------------
N535AS[50]
1151(7/7OAK14:00---SEA16:07)
2025-Jul-07 16:57:00
2025-Jul-09 15:50:00
--------------------------------------------------------
N536AS[45]
1(7/7DCA12:00---SEA17:56)
2025-Jul-07 18:41:00
2025-Jul-09 15:45:00
--------------------------------------------------------
N537AS[50]
1124(7/7LAX14:00---PDX16:23)
2025-Jul-07 17:13:00
2025-Jul-09 15:50:00
--------------------------------------------------------
N538AS[55]
2025-Jul-07 15:00:00
2025-Jul-09 15:55:00
--------------------------------------------------------
N546AS[45]
2025-Jul-07 15:00:00
48-d0(7/7ANC17:00---SEA20:33)
92-d0(7/7SEA21:33---KTN23:41)
94-d0(7/8KTN00:35---SEA02:35)
N546AS_SEA-02:35/05:35-d0(7/8SEA02:35---7/8 05:35)
1292-d90(7/8SEA05:37---LAX08:29)
1055-d300(7/8LAX09:15---SEA12:06)
1109-d0(7/8SEA13:00---SAN15:53)
1071-d90(7/8SAN16:45---SEA19:48)
149-d240(7/8SEA20:50---ANC00:26)
66-d240(7/9ANC01:26---CDV02:21)
66001-d240(7/9CDV03:13---YAK04:13)
66003-d240(7/9YAK05:05---JNU06:03)
66002-d240(7/9JNU06:55---SEA09:23)
1152-d330(7/9SEA10:14---OAK12:31)
2025-Jul-09 15:45:00
--------------------------------------------------------
N548AS[35]
2025-Jul-07 15:00:00
2025-Jul-09 15:35:00
--------------------------------------------------------
N549AS[50]
2025-Jul-07 15:00:00
231-d0(7/7ANC15:10---ADQ16:11)
232-d0(7/7ADQ17:03---ANC18:01)
43-d0(7/7ANC18:59---BET20:21)
44-d0(7/7BET21:11---ANC22:34)
155-d0(7/7ANC23:32---OME01:09)
155001-d0(7/8OME01:59---ANC03:33)
47-d0(7/8ANC15:15---SEA18:52)
175-d0(7/8SEA19:55---ANC23:27)
177-d0(7/9ANC02:30---ADQ03:30)
2025-Jul-09 15:50:00
--------------------------------------------------------
N551AS[55]
2025-Jul-07 15:00:00
2025-Jul-09 15:55:00
--------------------------------------------------------
N552AS[30]
981(7/7SFO13:00---SEA15:04)
2025-Jul-07 15:34:00
2025-Jul-09 15:30:00
--------------------------------------------------------
N553AS[45]
1298(7/7PDX14:00---SNA16:31)
2025-Jul-07 17:16:00
2025-Jul-09 15:45:00
--------------------------------------------------------
N556AS[45]
1181(7/7SNA14:00---PDX16:30)
2025-Jul-07 17:15:00
863-d0(7/7PDX17:30---GEG18:41)
864-d0(7/7GEG19:36---PDX20:48)
1100-d0(7/7PDX21:55---SNA00:27)
740-d330(7/8SNA01:12---SFO02:40)
1225-d360(7/8SFO03:45---SEA05:54)
N556AS_SEA-07:06/10:06-d0(7/8SEA07:06---7/8 10:06)
1226-d0(7/8SEA14:00---SJC16:08)
1311001-d0(7/8SJC17:00---SEA19:13)
620001-d0(7/8SEA20:13---DEN22:54)
620-d0(7/8DEN23:50---SEA02:50)
1042001-d270(7/9SEA03:47---SBP06:13)
1042-d270(7/9SBP07:05---SEA09:37)
1230-d360(7/9SEA10:45---SMF12:45)
2025-Jul-09 15:45:00
--------------------------------------------------------
N557AS[60]
701(7/7LAS13:00---SEA15:45)
2025-Jul-07 16:45:00
2025-Jul-09 16:00:00
--------------------------------------------------------
N560AS[60]
2025-Jul-07 15:00:00
2025-Jul-09 16:00:00
--------------------------------------------------------
N562AS[50]
2025-Jul-07 15:00:00
2025-Jul-09 15:50:00
--------------------------------------------------------
N564AS[45]
1325(7/7SNA13:45---SEA16:42)
2025-Jul-07 17:27:00
2025-Jul-09 15:45:00
--------------------------------------------------------
N565AS[45]
173(7/7SEA13:00---ANC16:40)
2025-Jul-07 17:25:00
137-d30(7/7ANC17:25---OTZ19:02)
137001-d30(7/7OTZ19:54---ANC21:24)
183-d0(7/7ANC22:10---DLG23:25)
182-d0(7/8DLG00:20---ANC01:30)
177-d0(7/8ANC02:30---ADQ03:30)
88-d270(7/8ADQ04:19---ANC05:19)
45-d270(7/8ANC06:19---BET07:39)
46-d270(7/8BET08:29---ANC09:48)
110-d120(7/8ANC10:55---SEA14:26)
1190-d0(7/8SEA16:00---SNA18:49)
740-d0(7/8SNA19:42---SFO21:10)
739-d240(7/8SFO22:00---SNA23:40)
1085-d0(7/9SNA01:17---PDX03:39)
1158-d120(7/9PDX04:48---SNA07:18)
1203-d360(7/9SNA08:14---SEA11:07)
959-d360(7/9SEA11:52---GEG12:59)
2025-Jul-09 15:45:00
--------------------------------------------------------
N568AS[60]
2025-Jul-07 15:00:00
2025-Jul-09 16:00:00
--------------------------------------------------------
N569AS[40]
790(7/7SFO14:00---LIH19:47)
2025-Jul-07 20:27:00
2025-Jul-09 15:40:00
--------------------------------------------------------
N570AS[60]
2025-Jul-07 15:00:00
2025-Jul-09 16:00:00
--------------------------------------------------------
N577AS[50]
260(7/7BOS12:40---SAN18:50)
2025-Jul-07 19:40:00
2025-Jul-09 15:50:00
--------------------------------------------------------
N579AS[50]
1316(7/7SEA13:00---LAX15:50)
2025-Jul-07 16:40:00
2025-Jul-09 15:50:00
--------------------------------------------------------
N581AS[50]
526(7/7PDX14:04---SFO15:53)
2025-Jul-07 16:43:00
2025-Jul-09 15:50:00
--------------------------------------------------------
N586AS[50]
62(7/7ANC14:45---JNU16:28)
2025-Jul-07 17:18:00
2025-Jul-09 15:50:00
--------------------------------------------------------
N587AS[45]
2025-Jul-07 15:00:00
2025-Jul-09 15:45:00
--------------------------------------------------------
N589AS[60]
2025-Jul-07 15:00:00
2025-Jul-09 16:00:00
--------------------------------------------------------
N590AS[55]
5(7/7DCA13:59---LAX19:33)
2025-Jul-07 20:28:00
2025-Jul-09 15:55:00
--------------------------------------------------------
N592AS[45]
2025-Jul-07 15:00:00
2025-Jul-09 15:45:00
--------------------------------------------------------
N593AS[50]
393(7/7LAS14:00---PAE16:40)
2025-Jul-07 17:30:00
385-d0(7/7PAE17:40---PHX20:43)
396-d0(7/7PHX21:43---PAE00:44)
391-d0(7/8PAE01:44---LAS04:17)
599-d270(7/8LAS05:15---SEA08:00)
1050-d330(7/8SEA08:56---SFO11:10)
981-d0(7/8SFO13:00---SEA15:04)
1254-d30(7/8SEA15:57---ONT18:35)
1111-d30(7/8ONT19:30---SEA22:08)
67002-d30(7/8SEA23:03---KTN01:10)
67001-d60(7/9KTN02:25---SIT03:20)
67003-d90(7/9SIT04:38---JNU05:22)
67-d120(7/9JNU06:40---ANC08:28)
59-d180(7/9ANC09:35---MSP15:00)
2025-Jul-09 15:50:00
--------------------------------------------------------
N594AS[55]
1136001(7/7PDX14:00---DEN16:37)
2025-Jul-07 17:32:00
2025-Jul-09 15:55:00
--------------------------------------------------------
N596AS[45]
966(7/7GEG13:00---SEA14:15)
2025-Jul-07 15:00:00
2025-Jul-09 15:45:00
--------------------------------------------------------
N597AS[55]
2025-Jul-07 15:00:00
2025-Jul-09 15:55:00
--------------------------------------------------------
N607AS[40]
186(7/7JNU13:00---SEA15:28)
2025-Jul-07 16:08:00
2025-Jul-09 15:40:00
--------------------------------------------------------
N609AS[40]
931(7/7RNO14:00---SEA15:56)
2025-Jul-07 16:36:00
72-d0(7/7SEA16:55---JNU19:26)
61001-d180(7/7JNU20:19---YAK21:18)
61003-d180(7/7YAK22:08---CDV23:09)
61-d180(7/7CDV23:59---ANC01:00)
201-d150(7/8ANC01:45---JNU03:28)
157-d270(7/8JNU04:32---GST05:11)
77-d270(7/8GST06:05---JNU06:44)
84-d330(7/8JNU07:25---ANC09:13)
55-d0(7/8ANC13:45---SCC15:30)
55001-d0(7/8SCC16:14---ANC17:58)
64-d0(7/8ANC18:50---JNU20:33)
64001-d0(7/8JNU21:21---PSG22:07)
64003-d0(7/8PSG22:52---WRG23:25)
64004-d0(7/9WRG00:10---KTN00:55)
64002-d0(7/9KTN01:40---SEA03:35)
99-d330(7/9SEA04:28---ANC08:12)
70-d330(7/9ANC09:15---JNU10:57)
70001-d330(7/9JNU11:45---SIT12:29)
2025-Jul-09 15:40:00
--------------------------------------------------------
N611AS[40]
55(7/7ANC13:45---SCC15:30)
2025-Jul-07 16:10:00
2025-Jul-09 15:40:00
--------------------------------------------------------
N612AS[50]
2025-Jul-07 15:00:00
198-d0(7/7ANC17:05---PDX20:44)
1204-d0(7/7PDX21:49---SAN00:22)
1110-d0(7/8SAN03:45---SEA06:51)
736-d210(7/8SEA08:10---RNO10:05)
931-d0(7/8RNO14:00---SEA15:56)
65003-d180(7/8SEA17:00---KTN19:04)
65001-d210(7/8KTN20:19---WRG20:58)
65004-d240(7/8WRG22:13---PSG22:44)
65002-d270(7/8PSG23:59---JNU00:49)
74-d330(7/9JNU01:52---SEA04:15)
1146-d330(7/9SEA05:29---SAN08:19)
1110-d330(7/9SAN09:15---SEA12:21)
2025-Jul-09 15:50:00
--------------------------------------------------------
N613AS[40]
148(7/7ANC08:29---SEA12:00)
65003(7/7SEA14:00---KTN16:04)
2025-Jul-07 16:44:00
65001-d0(7/7KTN16:49---WRG17:28)
65004-d0(7/7WRG18:13---PSG18:44)
65002-d0(7/7PSG19:29---JNU20:19)
65-d0(7/7JNU21:07---ANC22:53)
64-d300(7/7ANC23:50---JNU01:33)
64001-d300(7/8JNU02:21---PSG03:07)
64003-d300(7/8PSG03:52---WRG04:25)
64004-d300(7/8WRG05:10---KTN05:55)
69-d150(7/8KTN06:59---JNU08:00)
186-d0(7/8JNU13:00---SEA15:28)
61002-d150(7/8SEA16:30---JNU18:59)
60-d270(7/8JNU19:44---KTN20:45)
60001-d270(7/8KTN21:30---SEA23:33)
720-d30(7/9SEA00:16---FAT02:28)
721-d30(7/9FAT03:10---SEA05:37)
97-d360(7/9SEA06:40---FAI10:25)
192-d360(7/9FAI11:25---ANC12:32)
2025-Jul-09 15:40:00
--------------------------------------------------------
N615AS[45]
2025-Jul-07 15:00:00
60-d0(7/7JNU15:14---KTN16:15)
60001-d0(7/7KTN17:00---SEA19:03)
1051-d180(7/7SEA19:50---BUR22:26)
1038-d180(7/7BUR23:20---SEA01:59)
1146-d180(7/8SEA02:59---SAN05:49)
1294-d330(7/8SAN06:48---PDX09:20)
197-d330(7/8PDX10:20---ANC14:04)
231-d0(7/8ANC15:10---ADQ16:11)
232-d0(7/8ADQ17:03---ANC18:01)
43-d0(7/8ANC18:59---BET20:21)
44-d0(7/8BET21:11---ANC22:34)
155-d0(7/8ANC23:32---OME01:09)
155001-d0(7/9OME01:59---ANC03:33)
86-d300(7/9ANC04:45---SCC06:31)
87-d330(7/9SCC07:45---ANC09:30)
2025-Jul-09 15:45:00
--------------------------------------------------------
N618AS[50]
593(7/7ANC13:05---PDX16:42)
2025-Jul-07 17:32:00
2025-Jul-09 15:50:00
--------------------------------------------------------
N619AS[40]
61002(7/7SEA14:00---JNU16:29)
2025-Jul-07 17:09:00
2025-Jul-09 15:40:00
--------------------------------------------------------
N622AS[45]
73001(7/7SIT14:00---JNU14:44)
2025-Jul-07 15:29:00
2025-Jul-09 15:45:00
--------------------------------------------------------
N703AL[40]
2025-Jul-07 15:00:00
2025-Jul-09 15:40:00
--------------------------------------------------------
N705AL[50]
618(7/7ABQ14:00---SEA17:15)
2025-Jul-07 18:05:00
2025-Jul-09 15:50:00
--------------------------------------------------------
N706AL[55]
2025-Jul-07 15:00:00
N706AL_SEA-15:00/03:00-d0(7/7SEA15:00---7/8 03:00)
445-d240(7/8SEA03:08---RNO04:59)
523-d270(7/8RNO06:17---SEA08:12)
1152-d270(7/8SEA09:14---OAK11:31)
1151-d0(7/8OAK14:00---SEA16:07)
738-d0(7/8SEA17:40---LAS20:19)
613-d360(7/8LAS21:30---SFO23:10)
835-d330(7/9SFO00:33---PDX02:20)
1062-d150(7/9PDX03:34---BUR05:53)
1052-d270(7/9BUR06:48---SEA09:37)
328-d240(7/9SEA10:40---ORD14:40)
2025-Jul-09 15:55:00
--------------------------------------------------------
N707AL[55]
2025-Jul-07 15:00:00
2025-Jul-09 15:55:00
--------------------------------------------------------
N708AL[60]
373(7/7EWR13:00---SFO19:13)
2025-Jul-07 20:13:00
2025-Jul-09 16:00:00
--------------------------------------------------------
N709AL[55]
2025-Jul-07 15:00:00
2025-Jul-09 15:55:00
--------------------------------------------------------
N710AL[50]
341(7/7PIT12:03---SEA17:28)
2025-Jul-07 18:18:00
2025-Jul-09 15:50:00
--------------------------------------------------------
N712AL[50]
563(7/7MCI11:45---SEA15:47)
2025-Jul-07 16:37:00
2025-Jul-09 15:50:00
--------------------------------------------------------
N713AL[60]
249(7/7SFO14:20---BOS20:01)
2025-Jul-07 21:01:00
2025-Jul-09 16:00:00
--------------------------------------------------------
N716AL[55]
368(7/7SFO14:00---MCO19:34)
2025-Jul-07 20:29:00
2025-Jul-09 15:55:00
--------------------------------------------------------
N719AL[60]
458(7/7IAD12:10---SFO17:55)
2025-Jul-07 18:55:00
2025-Jul-09 16:00:00
--------------------------------------------------------
N720AL[60]
917(7/7MCO14:00---SEA20:10)
2025-Jul-07 21:10:00
2025-Jul-09 16:00:00
--------------------------------------------------------
N722AL[30]
2025-Jul-07 15:00:00
2025-Jul-09 15:30:00
--------------------------------------------------------
N723AL[60]
1021(7/7MCO11:00---SAN16:04)
2025-Jul-07 17:04:00
2025-Jul-09 16:00:00
--------------------------------------------------------
N724AL[30]
377(7/7ATL10:30---SEA15:57)
2025-Jul-07 16:27:00
2025-Jul-09 15:30:00
--------------------------------------------------------
N725AL[55]
2025-Jul-07 15:00:00
2025-Jul-09 15:55:00
--------------------------------------------------------
N729AL[55]
428(7/7CVG12:40---SEA17:39)
2025-Jul-07 18:34:00
2025-Jul-09 15:55:00
--------------------------------------------------------
N731AL[45]
111(7/7ORD05:59---ANC12:37)
82(7/7ANC14:00---SEA17:31)
2025-Jul-07 18:16:00
2025-Jul-09 15:45:00
--------------------------------------------------------
N732AL[60]
2025-Jul-07 15:00:00
2025-Jul-09 16:00:00
--------------------------------------------------------
N733AL[30]
308(7/7BOS11:30---SFO18:07)
2025-Jul-07 18:37:00
2025-Jul-09 15:30:00
--------------------------------------------------------
N734AL[60]
548(7/7CLE11:00---SEA16:09)
2025-Jul-07 17:09:00
2025-Jul-09 16:00:00
--------------------------------------------------------
N738AL[45]
1043(7/7SFO14:00---SEA16:05)
2025-Jul-07 16:50:00
2025-Jul-09 15:45:00
--------------------------------------------------------
N801AK[50]
2025-Jul-07 15:00:00
51-d0(7/7ANC22:26---BRW00:25)
50-d0(7/8BRW01:15---ANC03:05)
622-d0(7/8ANC04:20---JFK11:33)
623-d0(7/8JFK13:45---ANC21:26)
51-d0(7/8ANC22:26---BRW00:25)
50-d0(7/9BRW01:15---ANC03:05)
226-d360(7/9ANC04:20---SEA07:50)
136-d360(7/9SEA08:55---ANC12:38)
2025-Jul-09 15:50:00
--------------------------------------------------------
N803AK[50]
623(7/7JFK13:45---ANC21:26)
2025-Jul-07 22:16:00
137-d0(7/8ANC16:55---OTZ18:32)
137001-d0(7/8OTZ19:24---ANC20:54)
622-d0(7/9ANC04:20---JFK11:33)
2025-Jul-09 15:50:00
--------------------------------------------------------
N804AK[50]
2025-Jul-07 15:00:00
2025-Jul-09 15:50:00
--------------------------------------------------------
N805AK[60]
2025-Jul-07 15:00:00
1179-d0(7/7LAX15:00---SEA17:53)
4-d210(7/7SEA19:04---DCA00:13)
9-d210(7/8DCA01:13---PDX07:01)
1162-d240(7/8PDX08:30---SAN11:05)
1154-d0(7/8SAN14:15---SEA17:22)
900-d0(7/8SEA18:40---RNO20:38)
601-d30(7/8RNO22:02---SEA23:59)
1144-d360(7/9SEA01:00---LAX03:54)
1167-d360(7/9LAX05:05---PDX07:26)
579-d360(7/9PDX08:35---LAX11:05)
2025-Jul-09 16:00:00
--------------------------------------------------------
N806AK[55]
511(7/7PHX14:00---PDX16:43)
2025-Jul-07 17:38:00
757-d0(7/7PDX17:50---LAS20:09)
676-d0(7/7LAS21:04---SEA23:50)
1048-d0(7/8SEA01:09---LAX04:00)
1179-d0(7/8LAX15:00---SEA17:53)
807-d90(7/8SEA19:01---KOA01:10)
788-d90(7/9KOA02:10---SFO07:30)
2025-Jul-09 15:55:00
--------------------------------------------------------
N809AK[60]
491(7/7SEA13:00---DFW17:00)
2025-Jul-07 18:00:00
543-d0(7/7DFW18:00---SEA22:17)
N809AK_SEA-22:17/01:17-d0(7/7SEA22:17---7/8 01:17)
2-d270(7/8SEA01:28---DCA06:29)
1-d0(7/8DCA12:00---SEA17:56)
843-d0(7/8SEA19:05---KOA01:19)
880-d0(7/9KOA07:30---SEA13:19)
2025-Jul-09 16:00:00
--------------------------------------------------------
N812AK[30]
110(7/7ANC08:55---SEA12:26)
1082(7/7SEA14:00---SFO16:11)
2025-Jul-07 16:41:00
739-d0(7/7SFO18:00---SNA19:40)
1061-d0(7/7SNA20:30---SEA23:15)
1125-d0(7/7SEA23:47---SLC01:50)
719-d0(7/8SLC02:44---SEA05:07)
91-d90(7/8SEA05:45---SIT08:14)
90-d0(7/8SIT15:15---SEA17:39)
154001-d0(7/8SEA18:32---RDM19:44)
154-d0(7/8RDM20:38---SEA21:58)
1138-d0(7/8SEA23:04---SBA01:40)
1139-d0(7/9SBA02:30---SEA05:07)
1202-d330(7/9SEA06:05---SNA08:55)
774-d330(7/9SNA09:45---SEA12:35)
2025-Jul-09 15:30:00
--------------------------------------------------------
N813AK[40]
912(7/7SFO14:20---SAN16:02)
2025-Jul-07 16:42:00
1259-d0(7/7SAN17:00---SEA20:00)
1144-d120(7/7SEA21:00---LAX23:54)
578-d0(7/8LAX16:05---PDX18:31)
330-d0(7/8PDX19:31---LAX21:59)
2025-Jul-09 15:40:00
--------------------------------------------------------
N903AK[60]
2025-Jul-07 15:00:00
2025-Jul-09 16:00:00
--------------------------------------------------------
N912AK[60]
284(7/7LAX14:00---EWR19:34)
2025-Jul-07 20:34:00
2025-Jul-09 16:00:00
--------------------------------------------------------
N913AK[50]
1101(7/7PDX14:00---LAS16:19)
2025-Jul-07 17:09:00
2025-Jul-09 15:50:00
--------------------------------------------------------
N915AK[60]
1239(7/7PDX14:00---PHX16:46)
2025-Jul-07 17:46:00
2025-Jul-09 16:00:00
--------------------------------------------------------
N917AK[30]
2025-Jul-07 15:00:00
2025-Jul-09 15:30:00
--------------------------------------------------------
N918AK[60]
2025-Jul-07 15:00:00
2025-Jul-09 16:00:00
--------------------------------------------------------
N919AK[30]
248(7/7ANC14:30---SEA18:08)
2025-Jul-07 18:38:00
2025-Jul-09 15:30:00
--------------------------------------------------------
N920AK[45]
1091(7/7ONT13:00---SEA15:42)
2025-Jul-07 16:27:00
2025-Jul-09 15:45:00
--------------------------------------------------------
N921AK[30]
745(7/7DEN14:00---SEA17:00)
2025-Jul-07 17:30:00
2025-Jul-09 15:30:00
--------------------------------------------------------
N924AK[45]
85(7/7SEA14:00---ANC17:35)
2025-Jul-07 18:20:00
2025-Jul-09 15:45:00
--------------------------------------------------------
N926AK[60]
351(7/7IAD10:30---SEA16:17)
2025-Jul-07 17:17:00
2025-Jul-09 16:00:00
--------------------------------------------------------
N928AK[40]
499(7/7PDX13:05---SEA14:09)
2025-Jul-07 15:00:00
2025-Jul-09 15:40:00
--------------------------------------------------------
N929AK[60]
504(7/7LAX14:00---SEA16:47)
2025-Jul-07 17:47:00
2025-Jul-09 16:00:00
--------------------------------------------------------
N931AK[30]
2025-Jul-07 15:00:00
718-d0(7/7SFO15:50---LAS17:32)
613-d180(7/7LAS18:30---SFO20:10)
835-d120(7/7SFO21:03---PDX22:50)
836-d120(7/7PDX23:30---SFO01:22)
571-d210(7/8SFO02:18---LAS04:01)
779-d180(7/8LAS04:31---PDX06:50)
579-d300(7/8PDX07:35---LAX10:05)
803-d360(7/8LAX10:36---PDX12:59)
526-d0(7/8PDX14:04---SFO15:53)
1169-d90(7/8SFO16:50---SEA19:00)
1114-d30(7/8SEA19:39---SJC21:59)
1175-d30(7/8SJC22:54---SEA01:04)
478-d0(7/9SEA01:50---LAS04:26)
599-d270(7/9LAS05:15---SEA08:00)
367-d120(7/9SEA08:30---IAD13:27)
2025-Jul-09 15:30:00
--------------------------------------------------------
N932AK[60]
2025-Jul-07 15:00:00
2025-Jul-09 16:00:00
--------------------------------------------------------
N933AK[55]
2025-Jul-07 15:00:00
2025-Jul-09 15:55:00
--------------------------------------------------------
N934AK[60]
1076(7/7PDX14:00---LAX16:39)
2025-Jul-07 17:39:00
2025-Jul-09 16:00:00
--------------------------------------------------------
N935AK[55]
156(7/7FAI10:09---SEA13:44)
2025-Jul-07 15:00:00
2025-Jul-09 15:55:00
--------------------------------------------------------
N936AK[60]
1193(7/7SJC14:03---SEA16:15)
2025-Jul-07 17:15:00
2025-Jul-09 16:00:00
--------------------------------------------------------
N938AK[45]
573(7/7DFW11:00---SEA15:17)
2025-Jul-07 16:02:00
2025-Jul-09 15:45:00
--------------------------------------------------------
N941AK[60]
1154(7/7SAN14:15---SEA17:22)
2025-Jul-07 18:22:00
2025-Jul-09 16:00:00
--------------------------------------------------------
N942AK[60]
2025-Jul-07 15:00:00
2025-Jul-09 16:00:00
--------------------------------------------------------
N947AK[30]
1217(7/7SMF13:15---SEA15:15)
2025-Jul-07 15:45:00
2025-Jul-09 15:30:00
--------------------------------------------------------
N948AK[60]
2025-Jul-07 15:00:00
2025-Jul-09 16:00:00
--------------------------------------------------------
N949AK[60]
2025-Jul-07 15:00:00
2025-Jul-09 16:00:00
--------------------------------------------------------
N952AK[50]
381(7/7DTW11:00---SEA15:57)
2025-Jul-07 16:47:00
2025-Jul-09 15:50:00
--------------------------------------------------------
N953AK[60]
68(7/7MSP13:20---ANC19:20)
2025-Jul-07 20:20:00
2025-Jul-09 16:00:00
--------------------------------------------------------
N954AK[50]
1226(7/7SEA14:00---SJC16:08)
2025-Jul-07 16:58:00
1311-d0(7/7SJC17:03---SEA19:14)
N954AK_SEA-19:14/22:14-d0(7/7SEA19:14---7/7 22:14)
697001-d150(7/7SEA22:22---MSO23:47)
697-d150(7/8MSO00:43---SEA02:21)
1030-d270(7/8SEA03:18---BZN05:01)
1031-d270(7/8BZN05:55---SEA08:05)
1034-d360(7/8SEA09:14---BOI10:46)
737-d0(7/8BOI12:25---SEA14:05)
101-d0(7/8SEA16:53---KTN18:58)
102-d0(7/8KTN19:52---SEA21:54)
49-d300(7/8SEA22:55---ANC02:35)
201-d270(7/9ANC03:45---JNU05:28)
84-d270(7/9JNU06:25---ANC08:13)
164-d120(7/9ANC09:18---DEN14:35)
2025-Jul-09 15:50:00
--------------------------------------------------------
N955AK[55]
2025-Jul-07 15:00:00
2025-Jul-09 15:55:00
--------------------------------------------------------
N956AK[60]
1265(7/7SAN13:15---SEA16:16)
2025-Jul-07 17:16:00
2025-Jul-09 16:00:00
--------------------------------------------------------
N958AK[30]
361(7/7OMA11:05---SEA14:47)
2025-Jul-07 15:17:00
1166-d30(7/7SEA15:40---SFO17:59)
1075-d30(7/7SFO18:55---SEA21:07)
934001-d210(7/7SEA21:50---EUG23:06)
934-d210(7/8EUG00:00---SEA01:18)
478-d0(7/8SEA01:50---LAS04:26)
570-d0(7/8LAS05:21---SFO06:59)
525-d330(7/8SFO07:35---PDX09:20)
1291-d330(7/8PDX10:00---LAX12:29)
1124-d0(7/8LAX14:00---PDX16:23)
1143-d0(7/8PDX17:30---LAX20:00)
1240-d150(7/8LAX20:32---PDX22:55)
1287-d120(7/8PDX23:50---BUR02:09)
1107-d120(7/9BUR03:04---PDX05:21)
278-d330(7/9PDX06:10---LAX08:45)
282-d300(7/9LAX09:26---EWR14:59)
2025-Jul-09 15:30:00
--------------------------------------------------------
N960AK[30]
387(7/7MSP11:40---SEA15:44)
2025-Jul-07 16:14:00
2025-Jul-09 15:30:00
--------------------------------------------------------
N961AK[30]
336(7/7BOS10:00---PDX16:17)
2025-Jul-07 16:47:00
2025-Jul-09 15:30:00
--------------------------------------------------------
N962AK[60]
2025-Jul-07 15:00:00
2025-Jul-09 16:00:00
--------------------------------------------------------
N963AK[60]
831(7/7PDX14:00---OGG19:55)
2025-Jul-07 20:55:00
2025-Jul-09 16:00:00
--------------------------------------------------------
N964AK[60]
797(7/7SEA14:00---LAX16:50)
2025-Jul-07 17:50:00
1240-d0(7/7LAX18:02---PDX20:25)
1016-d60(7/7PDX21:25---SEA22:25)
1017-d330(7/7SEA23:50---PDX00:53)
1122-d90(7/8PDX02:00---SAN04:33)
1199-d210(7/8SAN05:35---SEA08:37)
1230-d300(7/8SEA09:45---SMF11:45)
1255-d0(7/8SMF15:13---SEA17:15)
71-d0(7/8SEA18:43---JNU21:19)
176-d30(7/8JNU22:45---SEA01:12)
1318001-d30(7/9SEA02:29---SFO04:42)
525-d240(7/9SFO06:05---PDX07:50)
436-d270(7/9PDX09:07---BOS14:30)
2025-Jul-09 16:00:00
--------------------------------------------------------
N966AK[60]
30(7/7SFO13:18---JFK19:00)
2025-Jul-07 20:00:00
2025-Jul-09 16:00:00
--------------------------------------------------------
N967AK[60]
303(7/7DFW12:25---PDX16:28)
2025-Jul-07 17:28:00
2025-Jul-09 16:00:00
--------------------------------------------------------
N968AK[50]
737(7/7BOI12:25---SEA14:05)
2025-Jul-07 15:00:00
1306-d0(7/7SEA15:00---LAX17:49)
1305-d0(7/7LAX18:55---SEA21:39)
1133-d330(7/7SEA22:33---SMF00:33)
1281-d330(7/8SMF01:27---SEA03:24)
509-d360(7/8SEA04:15---SLC06:18)
510-d360(7/8SLC07:12---SEA09:30)
1040-d360(7/8SEA10:30---ONT13:15)
1091-d90(7/8ONT14:30---SEA17:12)
722-d0(7/8SEA18:44---PHX21:47)
975-d0(7/8PHX22:47---SEA01:52)
92-d330(7/9SEA03:03---KTN05:11)
94-d330(7/9KTN06:05---SEA08:05)
464-d120(7/9SEA08:59---ATL13:49)
2025-Jul-09 15:50:00
--------------------------------------------------------
N969AK[55]
24(7/7SAN14:00---JFK19:39)
2025-Jul-07 20:34:00
2025-Jul-09 15:55:00
--------------------------------------------------------
N972AK[30]
399(7/7IAH14:00---SEA18:45)
2025-Jul-07 19:15:00
2025-Jul-09 15:30:00
--------------------------------------------------------
N973AK[30]
595(7/7AUS12:15---SEA16:40)
2025-Jul-07 17:10:00
2025-Jul-09 15:30:00
--------------------------------------------------------
N974AK[30]
298(7/7SEA13:41---EWR19:00)
2025-Jul-07 19:30:00
2025-Jul-09 15:30:00
--------------------------------------------------------
N975AK[60]
299(7/7EWR11:19---SEA17:31)
2025-Jul-07 18:31:00
1328-d0(7/7SEA18:31---OAK20:44)
1247-d30(7/7OAK22:08---SEA00:08)
960-d30(7/8SEA01:13---GEG02:20)
964-d150(7/8GEG03:37---SEA04:51)
97-d330(7/8SEA06:10---FAI09:55)
192-d330(7/8FAI10:55---ANC12:02)
188-d30(7/8ANC13:30---SEA17:00)
505-d60(7/8SEA18:17---LAX21:10)
1083-d60(7/8LAX22:10---SEA00:54)
632-d60(7/9SEA01:59---PHX05:00)
611-d360(7/9PHX06:29---SEA09:35)
423-d240(7/9SEA10:36---SAT14:40)
2025-Jul-09 16:00:00
--------------------------------------------------------
N976AK[40]
1228(7/7AUS14:45---SEA19:12)
2025-Jul-07 19:52:00
2025-Jul-09 15:40:00
--------------------------------------------------------
N977AK[55]
451(7/7MSY12:10---SEA17:16)
2025-Jul-07 18:11:00
2025-Jul-09 15:55:00
--------------------------------------------------------
N978AK[60]
784(7/7PDX14:00---ATL18:46)
2025-Jul-07 19:46:00
2025-Jul-09 16:00:00
--------------------------------------------------------
N982AK[55]
433(7/7TPA13:00---SAN17:50)
2025-Jul-07 18:45:00
2025-Jul-09 15:55:00
--------------------------------------------------------
N983AK[50]
495(7/7SAT12:00---SEA16:24)
2025-Jul-07 17:14:00
904-d0(7/7SEA18:23---BZN20:06)
905-d0(7/7BZN21:00---SEA22:59)
688-d0(7/7SEA23:59---LAS02:34)
749-d0(7/8LAS04:19---SEA07:06)
N983AK_SEA-07:06/12:06-d0(7/8SEA07:06---7/8 12:06)
144-d330(7/8SEA12:29---ANC16:09)
57-d60(7/8ANC17:00---FAI18:05)
234-d60(7/8FAI19:05---SEA22:43)
1198-d150(7/8SEA23:35---SAN02:25)
729-d0(7/9SAN03:37---PDX06:14)
1057-d90(7/9PDX07:22---DFW11:10)
2025-Jul-09 15:50:00
--------------------------------------------------------
N984AK[35]
395(7/7MCO11:20---SEA17:30)
2025-Jul-07 18:05:00
2025-Jul-09 15:35:00
--------------------------------------------------------
N985AK[60]
2025-Jul-07 15:00:00
2025-Jul-09 16:00:00
--------------------------------------------------------
N990AK[60]
2025-Jul-07 15:00:00
2025-Jul-09 16:00:00
--------------------------------------------------------
N407AS[60]
2025-Jul-07 15:00:00
2025-Jul-09 16:00:00
--------------------------------------------------------
N428AS[60]
2025-Jul-07 15:00:00
2025-Jul-09 16:00:00
--------------------------------------------------------
N468AS[45]
2025-Jul-07 15:00:00
2025-Jul-09 15:45:00
--------------------------------------------------------
N479AS[60]
2025-Jul-07 15:00:00
2025-Jul-09 16:00:00
--------------------------------------------------------
N563AS[45]
2025-Jul-07 15:00:00
2025-Jul-09 15:45:00
--------------------------------------------------------
N566AS[60]
2025-Jul-07 15:00:00
2025-Jul-09 16:00:00
--------------------------------------------------------
N588AS[60]
2025-Jul-07 15:00:00
2025-Jul-09 16:00:00
--------------------------------------------------------
N614AS[50]
2025-Jul-07 15:00:00
2025-Jul-09 15:50:00
--------------------------------------------------------
N946AK[55]
2025-Jul-07 15:00:00
578-d0(7/7LAX16:05---PDX18:31)
330-d0(7/7PDX19:31---LAX21:59)
1279-d60(7/7LAX23:16---GEG01:47)
965-d0(7/8GEG02:44---SEA04:00)
1264-d60(7/8SEA05:03---SAN07:59)
1067-d300(7/8SAN08:59---GEG11:44)
1130-d0(7/8GEG14:00---SAN16:47)
1073-d0(7/8SAN17:50---PDX20:28)
121-d210(7/8PDX21:23---BUR23:42)
122-d210(7/9BUR00:37---PDX02:55)
1160-d360(7/9PDX03:50---LAX06:15)
1093-d360(7/9LAX07:15---SEA10:00)
115-d360(7/9SEA10:59---FAI14:49)
2025-Jul-09 15:55:00
--------------------------------------------------------
N971AK[55]
2025-Jul-07 15:00:00
2025-Jul-09 15:55:00
--------------------------------------------------------
N979AK[55]
2025-Jul-07 15:00:00
2025-Jul-09 15:55:00
--------------------------------------------------------
================== Unassigned Flights ==================
329(7/7ORD15:00---SEA19:34)
196(7/7ADQ15:00---ANC15:57)
1410(7/7SFO15:00---PDX16:45)
79(7/7SEA15:00---ANC18:36)
10(7/7PDX15:00---DCA20:02)
366001(7/7SEA15:02---MKE18:54)
1149(7/7SNA15:02---SEA17:56)
890(7/7SEA15:03---ORD19:13)
555001(7/7SEA15:05---MSP18:29)
26(7/7SEA15:05---JFK20:29)
682001(7/7SEA15:06---DEN17:53)
916(7/7SEA15:08---MCO20:50)
825(7/7SEA15:09---OGG21:20)
233(7/7SAN15:10---EWR20:43)
405001(7/7SEA15:11---OKC18:48)
47(7/7ANC15:15---SEA18:52)
90(7/7SIT15:15---SEA17:39)
414(7/7SEA15:17---DFW19:19)
165(7/7DEN15:20---ANC20:54)
214(7/7LAX15:20---IAD20:25)
1169(7/7SFO15:20---SEA17:30)
306(7/7SEA15:21---BOS20:45)
305001(7/7SEA15:25---MIA21:20)
227(7/7JFK15:30---SFO21:48)
313001(7/7SEA15:30---DTW19:50)
560(7/7LAX15:30---KOA21:10)
388(7/7SEA15:32---STL19:26)
73(7/7JNU15:34---ANC17:24)
390(7/7SAN15:40---BOS21:27)
402(7/7SEA15:47---CHS21:00)
572001(7/7SEA15:55---RDU21:01)
1268(7/7PDX16:00---BNA20:19)
294(7/7PDX16:00---EWR21:21)
1190(7/7SEA16:00---SNA18:49)
270(7/7ONT16:00---HNL21:55)
320(7/7SAN16:00---MCO21:13)
83(7/7SEA16:00---ANC19:35)
502(7/7SEA16:03---AUS20:11)
113(7/7SFO16:05---JFK21:47)
312001(7/7SEA16:06---OMA19:17)
418001(7/7SEA16:13---MCI19:39)
55001(7/7SCC16:14---ANC17:58)
1113(7/7SFO16:15---SEA18:30)
406001(7/7SEA16:15---IAD21:13)
899(7/7SAN16:19---KOA22:20)
568(7/7SEA16:19---MSY20:53)
727(7/7SEA16:22---ATL21:11)
326(7/7SEA16:24---TPA21:50)
442(7/7SEA16:42---PHL21:47)
8(7/7SFO16:45---DCA21:58)
426(7/7SEA16:50---DFW20:48)
149(7/7SEA16:50---ANC20:26)
798(7/7LAX16:50---SEA19:35)
1007(7/7SEA16:54---PHX19:55)
1080(7/7SEA16:55---SJC19:10)
23(7/7JFK17:00---SEA23:08)
731(7/7PHX17:00---PAE20:03)
875(7/7SEA17:00---LIH23:15)
378(7/7SEA17:03---BWI22:10)
450001(7/7SEA17:10---CMH21:32)
477(7/7SEA17:10---EWR22:29)
508001(7/7SEA17:12---CVG21:37)
796(7/7SLC17:12---SEA19:28)
629(7/7LAS17:14---SEA19:58)
505(7/7SEA17:17---LAX20:10)
62001(7/7JNU17:20---SIT18:05)
535001(7/7SEA17:20---DEN20:07)
522001(7/7SEA17:20---BNA21:44)
1277(7/7SNA17:21---SEA20:06)
887(7/7SEA17:22---HNL23:33)
480001(7/7SEA17:25---MSP20:46)
829(7/7SAN17:29---OGG23:34)
1420(7/7PDX17:30---IAH21:50)
1084(7/7PDX17:30---SNA20:03)
1161(7/7PDX17:30---PHX20:16)
128(7/7PDX17:30---SFO19:24)
1143(7/7PDX17:30---LAX20:00)
807(7/7SEA17:31---KOA23:40)
1136(7/7DEN17:33---PDX20:20)
160(7/7ANC17:35---SEA21:09)
300(7/7PDX17:35---MCO23:12)
216001(7/7SEA17:37---CLE22:01)
738(7/7SEA17:40---LAS20:19)
1296(7/7PDX17:40---SAN20:15)
775(7/7PDX17:42---ANC21:26)
500001(7/7SEA17:42---IND21:48)
637(7/7PHX17:46---SEA20:53)
1278(7/7SEA17:47---ONT20:26)
322(7/7SAN17:48---IAD22:59)
429(7/7SEA17:50---ORD21:57)
725(7/7PDX17:55---AUS21:56)
818(7/7SEA17:58---BOS23:19)
862(7/7OGG18:00---SEA23:38)
824(7/7HNL18:00---SEA23:50)
822(7/7KOA18:00---SEA23:54)
891(7/7ORD18:03---SEA22:42)
474(7/7SAN18:04---ATL22:31)
34(7/7SEA18:06---JFK23:29)
412001(7/7SEA18:06---PIT22:42)
434(7/7SFO18:10---IAD23:19)
1299(7/7SNA18:10---PDX20:34)
63(7/7SEA18:20---SIT20:44)
1174(7/7SEA18:22---SNA21:14)
108(7/7ANC18:22---FAI19:27)
1467(7/7LAS18:27---PDX20:48)
392(7/7PDX18:28---DFW22:16)
1112(7/7SEA18:31---SFO20:47)
104(7/7ANC18:35---SEA22:04)
503(7/7AUS18:36---SEA22:59)
932(7/7SEA18:36---ABQ21:37)
900(7/7SEA18:40---RNO20:38)
1096(7/7SEA18:41---SAN21:38)
438(7/7SEA18:45---IAH23:10)
682(7/7DEN18:49---SEA21:48)
603(7/7PHX18:52---SEA21:58)
598(7/7SFO18:55---ORD23:18)
817(7/7SEA18:55---OGG01:10)
62003(7/7SIT18:57---KTN19:58)
1118(7/7SEA19:00---ONT21:46)
658(7/7SEA19:00---LAS21:44)
106001(7/7SEA19:00---FAI22:53)
1216(7/7SEA19:01---SMF21:01)
1314(7/7SJC19:02---SEA21:10)
325(7/7ORD19:03---PDX23:35)
843(7/7SEA19:05---KOA01:19)
1114(7/7SEA19:09---SJC21:29)
1137(7/7SAN19:12---SEA22:10)
352(7/7SEA19:18---AUS23:30)
555(7/7MSP19:25---SEA23:15)
494001(7/7SEA19:33---SAT23:37)
100(7/7ANC19:41---SEA23:10)
14(7/7SAN19:42---DCA00:59)
405(7/7OKC19:44---SEA23:38)
291(7/7SEA19:46---STL23:35)
475(7/7ATL19:47---SAN00:31)
366(7/7MKE19:50---SEA00:16)
175(7/7SEA19:55---ANC23:27)
280(7/7EWR20:00---SEA02:12)
25(7/7JFK20:00---SAN01:57)
1081(7/7SJC20:04---SEA22:12)
407(7/7ORD20:09---SEA00:49)
620001(7/7SEA20:13---DEN22:54)
312(7/7OMA20:14---SEA23:54)
140(7/7FAI20:17---SEA00:00)
415(7/7DFW20:19---SEA00:34)
74(7/7JNU20:22---SEA22:45)
20(7/7SFO20:24---JFK02:08)
388001(7/7STL20:24---SEA00:50)
304(7/7BOS20:25---SEA02:48)
266(7/7ANC20:25---SFO01:05)
808(7/7KOA20:30---SEA02:22)
6(7/7LAX20:31---DCA01:42)
418(7/7MCI20:34---SEA00:32)
297(7/7EWR20:34---SAN02:26)
229001(7/7SEA20:35---MSP23:53)
700(7/7SEA20:35---PHX23:29)
114(7/7JFK20:39---SFO03:02)
419(7/7MCO20:39---SEA02:50)
549(7/7SEA20:40---DFW00:36)
95(7/7SEA20:40---JNU23:12)
162(7/7ANC20:40---SEA00:13)
31(7/7JFK20:45---SEA03:10)
410(7/7SEA20:45---ORD00:42)
313(7/7DTW20:46---SEA01:45)
840(7/7LIH20:47---SEA02:32)
62002(7/7KTN20:48---SEA22:47)
189(7/7SEA20:49---ANC00:25)
1159(7/7SNA20:51---PDX23:15)
432(7/7SAN20:52---TPA01:50)
1006(7/7PHX20:55---SEA00:00)
898(7/7OGG20:55---PDX02:19)
534(7/7SFO20:59---AUS00:45)
732(7/7PAE21:00---PHX00:03)
3(7/7DCA21:02---SEA03:00)
535(7/7DEN21:03---SEA00:00)
1315(7/7LAX21:05---PDX23:25)
1319(7/7BOS21:06---PDX03:24)
1300(7/7SEA21:10---LAX23:58)
1083(7/7LAX21:10---SEA23:54)
773(7/7SEA21:10---SNA00:01)
518(7/7AUS21:11---SFO00:57)
756(7/7LAS21:13---PDX23:35)
1238(7/7PHX21:16---PDX23:59)
1269(7/7BNA21:19---PDX02:15)
1242(7/7ONT21:21---SEA23:58)
507(7/7IAD21:25---SAN02:52)
19(7/7JFK21:29---PDX03:46)
462(7/7EWR21:30---SEA03:44)
778(7/7PDX21:30---LAS23:49)
601(7/7RNO21:32---SEA23:29)
1235(7/7PDX21:34---DEN00:10)
16(7/7SEA21:37---JFK02:59)
107(7/7ANC21:40---SEA01:08)
58(7/7SIT21:40---SEA00:00)
290(7/7EWR21:43---PDX03:50)
389(7/7BOS21:45---SAN04:00)
646(7/7DFW21:46---PDX01:47)
894(7/7KOA21:50---SAN03:16)
1160(7/7PDX21:50---LAX00:15)
1287(7/7PDX21:50---BUR00:09)
480(7/7MSP21:50---SEA01:49)
301(7/7MCO21:50---PDX03:50)
517(7/7FLL21:52---SEA04:20)
569(7/7MSY21:53---SEA03:00)
89(7/7ANC21:54---ADQ22:57)
1358(7/7SMF21:56---SEA23:54)
131(7/7SEA21:58---ANC01:30)
572(7/7RDU22:01---SEA03:56)
1191(7/7SNA22:02---SEA00:48)
485(7/7CHS22:03---SEA04:00)
929(7/7SFO22:05---PDX23:50)
1046(7/7SEA22:08---SJC00:17)
868(7/7KOA22:10---PDX03:40)
783(7/7ATL22:11---PDX03:35)
406(7/7IAD22:13---SEA04:00)
397(7/7MCO22:13---SAN03:18)
860(7/7OGG22:20---SEA04:00)
305(7/7MIA22:20---SEA05:07)
226(7/7ANC22:20---SEA01:50)
1175(7/7SJC22:24---SEA00:34)
293(7/7EWR22:24---SFO04:49)
450(7/7CMH22:28---SEA03:35)
933(7/7ABQ22:31---SEA01:41)
819(7/7BOS22:32---SEA05:02)
1135(7/7SAN22:35---SEA01:31)
508(7/7CVG22:37---SEA03:35)
1257(7/7SEA22:38---SNA01:26)
634(7/7LAS22:39---SFO00:20)
600(7/7SEA22:42---LAS01:16)
460(7/7SEA22:43---BOS03:59)
522(7/7BNA22:44---SEA03:48)
1052001(7/7SEA22:48---BUR01:24)
500(7/7IND22:48---SEA03:35)
1421(7/7IAH22:50---PDX03:15)
56(7/7ANC22:50---SEA02:20)
443(7/7PHL22:52---SEA04:57)
420(7/7SEA22:53---MCO04:33)
17(7/7JFK22:53---SEA05:22)
337(7/7ORD22:54---SEA03:34)
271(7/7HNL22:55---ONT04:27)
326001(7/7TPA22:55---SEA05:07)
216(7/7CLE22:55---SEA04:00)
99(7/7SEA22:58---ANC02:42)
7(7/7DCA22:58---SFO04:53)
348(7/7SEA22:59---IAD03:59)
1396(7/7AUS23:00---PDX03:14)
1119(7/7ONT23:00---SEA01:40)
962(7/7SEA23:03---GEG00:13)
1138(7/7SEA23:04---SBA01:40)
1167(7/7LAX23:05---PDX01:26)
492(7/7SEA23:09---ATL03:59)
379(7/7BWI23:10---SEA05:07)
317(7/7DFW23:16---SEA03:35)
1042001(7/7SEA23:17---SBP01:43)
1092(7/7SEA23:18---LAX02:05)
561(7/7KOA23:20---LAX04:51)
941(7/7SEA23:25---ORD03:30)
287(7/7EWR23:29---LAX05:35)
334(7/7ATL23:31---SEA05:07)
412(7/7PIT23:42---SEA05:07)
591(7/7SFO23:44---SEA01:54)
86(7/7ANC23:45---SCC01:31)
720(7/7SEA23:46---FAT01:58)
620(7/7DEN23:50---SEA02:50)
106(7/7FAI23:53---SEA03:35)
435(7/7IAD23:59---SFO05:46)
1214(7/8SEA00:04---SJC02:15)
1321(7/8SEA00:08---STS02:09)
439(7/8IAH00:10---SEA04:53)
369(7/8MCO00:12---SFO05:59)
1301(7/8LAX00:15---SEA03:00)
791(7/8LIH00:15---SFO05:29)
1468(7/8SEA00:15---LAX03:00)
225(7/8SEA00:15---ANC03:54)
821(7/8SAN00:16---LIH06:32)
597(7/8ORD00:18---SFO05:06)
213(7/8IAD00:19---LAX05:48)
355(7/8BOS00:19---SFO06:59)
269(7/8SFO00:22---ANC05:15)
41(7/8JFK00:29---SFO06:59)
339(7/8AUS00:30---SEA05:07)
134(7/8ANC00:30---SEA04:00)
291001(7/8STL00:32---SEA05:00)
896(7/8HNL00:33---SEA06:31)
806(7/8OGG00:34---SAN05:55)
376(7/8PDX00:35---ORD04:39)
1370(7/8PDX00:35---AUS04:42)
1202(7/8SEA00:35---SNA03:25)
494(7/8SAT00:37---SEA04:53)
278(7/8PDX00:40---LAX03:15)
398(7/8SEA00:40---IAH04:59)
856(7/8KOA00:40---SJC05:45)
382(7/8SEA00:43---BNA04:59)
353(7/8PDX00:46---OGG06:39)
229(7/8MSP00:49---SEA04:45)
1229(7/8SNA00:49---SEA03:35)
538(7/8SEA00:54---ORD04:59)
1295(7/8PDX00:55---SFO02:48)
78(7/8SEA00:55---ANC04:37)
372(7/8SEA00:56---AUS05:05)
632(7/8SEA00:59---PHX04:00)
1163(7/8SEA00:59---DEN03:47)
730(7/8SEA00:59---LAS03:38)
1140(7/8SEA00:59---SFO03:15)
1107(7/8BUR01:04---PDX03:21)
564(7/8SEA01:05---MCI04:35)
1131(7/8DEN01:06---PDX03:50)
472(7/8SEA01:06---STL04:59)
1397(7/8LAX01:07---PDX03:30)
241(7/8SEA01:10---MKE04:59)
1047(7/8SJC01:11---SEA03:18)
1093(7/8LAX01:15---SEA04:00)
823(7/8SEA01:25---HNL07:33)
805(7/8SEA01:25---OGG07:34)
143(7/8ANC01:30---SEA05:07)
69001(7/8SEA01:35---KTN03:44)
1310(7/8SEA01:36---SJC03:51)
386(7/8SEA01:37---MSP04:59)
776(7/8SFO01:40---LAS03:25)
64002(7/8KTN01:40---SEA03:35)
409(7/8ORD01:42---SEA06:24)
839(7/8SEA01:45---LIH07:54)
513(7/8AUS01:45---SFO05:29)
338(7/8SEA01:48---OMA04:59)
1280(7/8GEG01:49---LAX04:35)
1104(7/8SEA01:50---SNA04:39)
939(7/8SEA01:55---SAN04:47)
1028(7/8SAN01:58---OGG07:59)
801(7/8SEA01:59---KOA08:04)
1318(7/8SEA02:13---SFO04:22)
1203(7/8SNA02:14---SEA05:07)
87(7/8SCC02:15---ANC04:00)
1052(7/8BUR02:18---SEA05:07)
1215(7/8LAX02:25---SEA05:17)
1168(7/8SEA02:25---BUR04:59)
1139(7/8SBA02:30---SEA05:07)
1042(7/8SBP02:35---SEA05:07)
721(7/8FAT02:40---SEA05:07)
1288(7/8SEA02:41---SNA05:30)
193(7/8LAX02:45---ANC08:08)
403(7/8LAS02:45---SEA05:37)
167(7/8SEA02:50---FAI06:36)
827(7/8ANC02:55---HNL08:59)
1224(7/8SEA02:55---LAX05:46)
136(7/8SEA02:55---ANC06:38)
1005(7/8SAN02:57---SFO04:37)
141(7/8PHX02:57---ANC08:48)
1004(7/8SEA02:59---GEG04:09)
1156(7/8SEA02:59---SAN06:00)
1321001(7/8STS03:01---SEA05:07)
1289(7/8LAX03:10---SEA06:06)
642(7/8SEA03:17---DEN05:59)
228(7/8SEA03:25---ANC07:04)
729(7/8SAN03:37---PDX06:14)
1192(7/8SEA03:37---SJC05:49)
70(7/8ANC03:45---JNU05:27)
644(7/8SEA03:55---PHX06:54)
133(7/8SEA03:55---ANC07:34)
444(7/8SEA04:15---PHL09:25)
774(7/8SNA04:15---SEA07:05)
636(7/8SEA04:18---LAS07:01)
282(7/8LAX04:26---EWR09:59)
307(7/8SFO04:28---BOS10:10)
436(7/8PDX04:37---BOS10:00)
314(7/8SEA04:40---EWR09:59)
547(7/8SEA04:40---CLE09:11)
545(7/8SEA04:45---IND09:00)
315(7/8SEA04:45---CMH09:13)
380(7/8SEA04:45---DTW09:05)
1201(7/8SJC04:46---SEA06:59)
1020(7/8SAN04:50---MCO10:00)
919(7/8SEA04:55---RDU10:00)
36(7/8SAN04:56---JFK10:29)
115(7/8SEA04:59---FAI08:49)
138(7/8ANC05:08---ORD11:24)
374(7/8SFO05:19---EWR10:54)
344(7/8SEA05:20---BWI10:21)
22(7/8SEA05:41---JFK11:02)
455(7/8SFO05:43---IAD10:50)
259(7/8SAN05:45---BOS11:30)
1057(7/8PDX05:52---DFW09:40)
360(7/8SEA05:58---TPA11:25)
111(7/8ORD05:59---ANC12:37)
119(7/8SEA05:59---ANC09:39)
394(7/8SEA06:05---MCO11:40)
340(7/8SEA06:10---PIT10:43)
490(7/8SEA06:16---MSY10:50)
400(7/8SEA06:18---BNA10:40)
367(7/8SEA06:30---IAD11:27)
59(7/8ANC06:35---MSP12:00)
423(7/8SEA06:36---SAT10:40)
536(7/8SEA06:40---BOS12:00)
328(7/8SEA06:40---ORD10:40)
452(7/8SEA06:59---IAH11:20)
464(7/8SEA06:59---ATL11:49)
1227(7/8SEA06:59---AUS11:07)
164(7/8ANC07:18---DEN12:35)
542(7/8SEA07:25---DFW11:20)
109(7/8ANC07:26---ORD13:40)
880(7/8KOA07:30---SEA13:19)
810(7/8LIH07:32---SEA13:16)
558(7/8OGG07:39---PDX13:00)
168(7/8FAI08:14---SEA12:00)
148(7/8ANC08:29---SEA12:00)
828(7/8HNL08:33---ANC14:40)
150(7/8ANC08:34---LAX13:55)
814(7/8OGG08:34---SEA14:11)
826(7/8LIH08:54---SAN14:33)
1029(7/8OGG08:59---SAN14:18)
302(7/8ANC09:44---PDX13:20)
336(7/8BOS10:00---PDX16:17)
546(7/8IND10:30---SEA15:19)
351(7/8IAD10:30---SEA16:17)
377(7/8ATL10:30---SEA15:57)
446(7/8PHL10:45---SEA16:42)
381(7/8DTW11:00---SEA15:57)
316(7/8CMH11:00---SEA16:05)
1021(7/8MCO11:00---SAN16:04)
573(7/8DFW11:00---SEA15:17)
548(7/8CLE11:00---SEA16:09)
627(7/8TPA11:00---SEA17:06)
942(7/8ORD11:00---SEA15:37)
21(7/8JFK11:00---SEA17:13)
453(7/8IAH11:00---SEA15:40)
361(7/8OMA11:05---SEA14:47)
299(7/8EWR11:19---SEA17:31)
459(7/8BOS11:20---SEA17:38)
395(7/8MCO11:20---SEA17:30)
242(7/8MKE11:30---SEA15:53)
308(7/8BOS11:30---SFO18:07)
920(7/8RDU11:36---SEA17:30)
387(7/8MSP11:40---SEA15:44)
473(7/8STL11:41---SEA16:10)
563(7/8MCI11:45---SEA15:47)
349(7/8BWI11:51---SEA17:40)
289(7/8EWR11:52---LAX17:46)
495(7/8SAT12:00---SEA16:24)
643(7/8DEN12:00---SEA15:01)
413(7/8ORD12:00---PDX16:25)
383(7/8BNA12:00---SEA17:06)
341(7/8PIT12:03---SEA17:28)
458(7/8IAD12:10---SFO17:55)
451(7/8MSY12:10---SEA17:16)
595(7/8AUS12:15---SEA16:40)
303(7/8DFW12:25---PDX16:28)
541(7/8AUS12:37---PDX16:50)
260(7/8BOS12:40---SAN18:50)
15(7/8DCA12:59---SAN18:20)
799(7/8PHX13:00---SEA16:04)
701(7/8LAS13:00---SEA15:45)
375(7/8IAD13:00---SEA18:47)
491(7/8SEA13:00---DFW17:00)
433(7/8TPA13:00---SAN17:50)
373(7/8EWR13:00---SFO19:13)
683(7/8ORD13:00---SEA17:39)
408(7/8SEA13:00---ORD17:07)
1316(7/8SEA13:00---LAX15:50)
173(7/8SEA13:00---ANC16:40)
593(7/8ANC13:05---PDX16:42)
1265(7/8SAN13:15---SEA16:16)
30(7/8SFO13:18---JFK19:00)
68(7/8MSP13:20---ANC19:20)
537(7/8BOS13:20---SEA19:35)
533(7/8ATL13:30---SEA18:51)
298(7/8SEA13:41---EWR19:00)
1325(7/8SNA13:45---SEA16:42)
210(7/8FAI13:52---SEA17:40)
5(7/8DCA13:59---LAX19:33)
393(7/8LAS14:00---PAE16:40)
831(7/8PDX14:00---OGG19:55)
1239(7/8PDX14:00---PHX16:46)
399(7/8IAH14:00---SEA18:45)
859(7/8SJC14:00---LIH19:44)
281(7/8BNA14:00---SEA19:03)
368(7/8SFO14:00---MCO19:34)
284(7/8LAX14:00---EWR19:34)
358(7/8PDX14:00---BOS19:25)
511(7/8PHX14:00---PDX16:43)
504(7/8LAX14:00---SEA16:47)
1076(7/8PDX14:00---LAX16:39)
789(7/8SFO14:00---KOA19:30)
1136001(7/8PDX14:00---DEN16:37)
35(7/8JFK14:00---SAN19:52)
1101(7/8PDX14:00---LAS16:19)
784(7/8PDX14:00---ATL18:46)
24(7/8SAN14:00---JFK19:39)
82(7/8ANC14:00---SEA17:31)
974(7/8SAN14:00---PDX16:35)
85(7/8SEA14:00---ANC17:35)
512(7/8SFO14:00---AUS17:36)
1181(7/8SNA14:00---PDX16:30)
917(7/8MCO14:00---SEA20:10)
365(7/8DFW14:00---SEA18:27)
745(7/8DEN14:00---SEA17:00)
324(7/8PDX14:02---ORD18:07)
1193(7/8SJC14:03---SEA16:15)
1148(7/8SEA14:20---SNA17:15)
249(7/8SFO14:20---BOS20:01)
912(7/8SFO14:20---SAN16:02)
18(7/8PDX14:20---JFK19:45)
1063(7/8BUR14:20---PDX16:37)
1074(7/8PDX14:25---SAN17:00)
139(7/8ORD14:30---ANC21:15)
248(7/8ANC14:30---SEA18:08)
1228(7/8AUS14:45---SEA19:12)
292(7/8SFO14:54---EWR20:29)
606(7/8SEA14:55---PHX17:52)
516(7/8SEA14:55---FLL20:52)
867(7/8PDX14:56---KOA20:50)
10(7/8PDX15:00---DCA20:02)
196(7/8ADQ15:00---ANC15:57)
1290001(7/8SEA15:00---BUR17:36)
479(7/8LAS15:00---SEA17:40)
329(7/8ORD15:00---SEA19:34)
366001(7/8SEA15:02---MKE18:54)
1149(7/8SNA15:02---SEA17:56)
890(7/8SEA15:03---ORD19:13)
555001(7/8SEA15:05---MSP18:29)
26(7/8SEA15:05---JFK20:29)
142(7/8JNU15:08---SEA17:36)
916(7/8SEA15:08---MCO20:50)
825(7/8SEA15:09---OGG21:20)
233(7/8SAN15:10---EWR20:43)
405001(7/8SEA15:11---OKC18:48)
414(7/8SEA15:17---DFW19:19)
214(7/8LAX15:20---IAD20:25)
165(7/8DEN15:20---ANC20:54)
306(7/8SEA15:21---BOS20:45)
305001(7/8SEA15:25---MIA21:20)
560(7/8LAX15:30---KOA21:10)
313001(7/8SEA15:30---DTW19:50)
227(7/8JFK15:30---SFO21:48)
388(7/8SEA15:32---STL19:26)
4(7/8SEA15:34---DCA20:43)
390(7/8SAN15:40---BOS21:27)
402(7/8SEA15:47---CHS21:00)
718(7/8SFO15:50---LAS17:32)
572001(7/8SEA15:55---RDU21:01)
270(7/8ONT16:00---HNL21:55)
294(7/8PDX16:00---EWR21:21)
83(7/8SEA16:00---ANC19:35)
320(7/8SAN16:00---MCO21:13)
1268(7/8PDX16:00---BNA20:19)
502(7/8SEA16:03---AUS20:11)
113(7/8SFO16:05---JFK21:47)
418001(7/8SEA16:13---MCI19:39)
1113(7/8SFO16:15---SEA18:30)
406001(7/8SEA16:15---IAD21:13)
568(7/8SEA16:19---MSY20:53)
899(7/8SAN16:19---KOA22:20)
727(7/8SEA16:22---ATL21:11)
326(7/8SEA16:24---TPA21:50)
48001(7/8ANC16:25---SEA20:01)
442(7/8SEA16:42---PHL21:47)
8(7/8SFO16:45---DCA21:58)
215(7/8GEG16:45---SEA18:00)
1051(7/8SEA16:50---BUR19:26)
426(7/8SEA16:50---DFW20:48)
798(7/8LAX16:50---SEA19:35)
1007(7/8SEA16:54---PHX19:55)
72(7/8SEA16:55---JNU19:26)
1108(7/8SEA16:58---SAN19:49)
875(7/8SEA17:00---LIH23:15)
731(7/8PHX17:00---PAE20:03)
23(7/8JFK17:00---SEA23:08)
378(7/8SEA17:03---BWI22:10)
198(7/8ANC17:05---PDX20:44)
450001(7/8SEA17:10---CMH21:32)
477(7/8SEA17:10---EWR22:29)
508001(7/8SEA17:12---CVG21:37)
629(7/8LAS17:14---SEA19:58)
61001(7/8JNU17:19---YAK18:18)
522001(7/8SEA17:20---BNA21:44)
1256(7/8SEA17:21---PSP20:15)
887(7/8SEA17:22---HNL23:33)
480001(7/8SEA17:25---MSP20:46)
829(7/8SAN17:29---OGG23:34)
1084(7/8PDX17:30---SNA20:03)
1420(7/8PDX17:30---IAH21:50)
1161(7/8PDX17:30---PHX20:16)
128(7/8PDX17:30---SFO19:24)
160(7/8ANC17:35---SEA21:09)
300(7/8PDX17:35---MCO23:12)
216001(7/8SEA17:37---CLE22:01)
385(7/8PAE17:40---PHX20:43)
1296(7/8PDX17:40---SAN20:15)
775(7/8PDX17:42---ANC21:26)
500001(7/8SEA17:42---IND21:48)
637(7/8PHX17:46---SEA20:53)
1278(7/8SEA17:47---ONT20:26)
322(7/8SAN17:48---IAD22:59)
757(7/8PDX17:50---LAS20:09)
429001(7/8SEA17:52---ORD21:59)
725(7/8PDX17:55---AUS21:56)
818(7/8SEA17:58---BOS23:19)
862(7/8OGG18:00---SEA23:38)
824(7/8HNL18:00---SEA23:50)
822(7/8KOA18:00---SEA23:54)
543(7/8DFW18:00---SEA22:17)
891(7/8ORD18:03---SEA22:42)
474(7/8SAN18:04---ATL22:31)
412001(7/8SEA18:06---PIT22:42)
34(7/8SEA18:06---JFK23:29)
1299(7/8SNA18:10---PDX20:34)
434(7/8SFO18:10---IAD23:19)
104001(7/8ANC18:15---SEA21:49)
1174(7/8SEA18:22---SNA21:14)
904(7/8SEA18:23---BZN20:06)
1467(7/8LAS18:27---PDX20:48)
392(7/8PDX18:28---DFW22:16)
908(7/8SEA18:30---PSC19:39)
1290(7/8BUR18:30---SEA21:08)
1112(7/8SEA18:31---SFO20:47)
1328(7/8SEA18:31---OAK20:44)
503(7/8AUS18:36---SEA22:59)
733(7/8SEA18:38---SLC20:44)
438(7/8SEA18:45---IAH23:10)
682(7/8DEN18:49---SEA21:48)
603(7/8PHX18:52---SEA21:58)
817(7/8SEA18:55---OGG01:10)
598(7/8SFO18:55---ORD23:18)
658(7/8SEA19:00---LAS21:44)
1118(7/8SEA19:00---ONT21:46)
106001(7/8SEA19:00---FAI22:53)
1216(7/8SEA19:01---SMF21:01)
1314(7/8SJC19:02---SEA21:10)
325(7/8ORD19:03---PDX23:35)
61003(7/8YAK19:08---CDV20:09)
1137(7/8SAN19:12---SEA22:10)
352(7/8SEA19:18---AUS23:30)
555(7/8MSP19:25---SEA23:15)
494001(7/8SEA19:33---SAT23:37)
14(7/8SAN19:42---DCA00:59)
405(7/8OKC19:44---SEA23:38)
291(7/8SEA19:46---STL23:35)
475(7/8ATL19:47---SAN00:31)
366(7/8MKE19:50---SEA00:16)
280(7/8EWR20:00---SEA02:12)
25(7/8JFK20:00---SAN01:57)
407(7/8ORD20:09---SEA00:49)
415(7/8DFW20:19---SEA00:34)
1038(7/8BUR20:20---SEA22:59)
20(7/8SFO20:24---JFK02:08)
388001(7/8STL20:24---SEA00:50)
304(7/8BOS20:25---SEA02:48)
266(7/8ANC20:25---SFO01:05)
808(7/8KOA20:30---SEA02:22)
909(7/8PSC20:30---SEA21:38)
1061(7/8SNA20:30---SEA23:15)
6(7/8LAX20:31---DCA01:42)
418(7/8MCI20:34---SEA00:32)
297(7/8EWR20:34---SAN02:26)
357001(7/8SEA20:35---MCI00:01)
700(7/8SEA20:35---PHX23:29)
229001(7/8SEA20:35---MSP23:53)
114(7/8JFK20:39---SFO03:02)
419(7/8MCO20:39---SEA02:50)
549(7/8SEA20:40---DFW00:36)
162(7/8ANC20:40---SEA00:13)
95(7/8SEA20:40---JNU23:12)
31(7/8JFK20:45---SEA03:10)
410(7/8SEA20:45---ORD00:42)
1097(7/8SAN20:45---SEA23:45)
313(7/8DTW20:46---SEA01:45)
840(7/8LIH20:47---SEA02:32)
1159(7/8SNA20:51---PDX23:15)
432(7/8SAN20:52---TPA01:50)
898(7/8OGG20:55---PDX02:19)
1006(7/8PHX20:55---SEA00:00)
2(7/8SEA20:58---DCA01:59)
61(7/8CDV20:59---ANC22:00)
534(7/8SFO20:59---AUS00:45)
905(7/8BZN21:00---SEA22:59)
732(7/8PAE21:00---PHX00:03)
3(7/8DCA21:02---SEA03:00)
676(7/8LAS21:04---SEA23:50)
1315(7/8LAX21:05---PDX23:25)
1319(7/8BOS21:06---PDX03:24)
65(7/8JNU21:07---ANC22:53)
582(7/8PSP21:10---SEA00:00)
773(7/8SEA21:10---SNA00:01)
518(7/8AUS21:11---SFO00:57)
756(7/8LAS21:13---PDX23:35)
1297(7/8SAN21:15---PDX23:49)
1238(7/8PHX21:16---PDX23:59)
1269(7/8BNA21:19---PDX02:15)
1242001(7/8ONT21:22---SEA23:59)
507(7/8IAD21:25---SAN02:52)
19(7/8JFK21:29---PDX03:46)
778(7/8PDX21:30---LAS23:49)
462(7/8EWR21:30---SEA03:44)
946(7/8PDX21:30---BOI22:48)
1235(7/8PDX21:34---DEN00:10)
16(7/8SEA21:37---JFK02:59)
1247(7/8OAK21:38---SEA23:38)
734(7/8SLC21:39---SEA23:54)
290(7/8EWR21:43---PDX03:50)
9(7/8DCA21:43---PDX03:31)
396(7/8PHX21:43---PAE00:44)
1225(7/8SFO21:45---SEA23:54)
389(7/8BOS21:45---SAN04:00)
646(7/8DFW21:46---PDX01:47)
1204(7/8PDX21:49---SAN00:22)
480(7/8MSP21:50---SEA01:49)
894(7/8KOA21:50---SAN03:16)
301(7/8MCO21:50---PDX03:50)
517(7/8FLL21:52---SEA04:20)
569(7/8MSY21:53---SEA03:00)
89(7/8ANC21:54---ADQ22:57)
1358(7/8SMF21:56---SEA23:54)
131(7/8SEA21:58---ANC01:30)
572(7/8RDU22:01---SEA03:56)
1191(7/8SNA22:02---SEA00:48)
485(7/8CHS22:03---SEA04:00)
868(7/8KOA22:10---PDX03:40)
1147(7/8LAX22:10---SEA00:54)
783(7/8ATL22:11---PDX03:35)
406(7/8IAD22:13---SEA04:00)
397(7/8MCO22:13---SAN03:18)
1279(7/8LAX22:16---GEG00:47)
860(7/8OGG22:20---SEA04:00)
305(7/8MIA22:20---SEA05:07)
293(7/8EWR22:24---SFO04:49)
1086(7/8SEA22:25---ONT01:04)
450(7/8CMH22:28---SEA03:35)
819(7/8BOS22:32---SEA05:02)
508(7/8CVG22:37---SEA03:35)
1257(7/8SEA22:38---SNA01:26)
634(7/8LAS22:39---SFO00:20)
600(7/8SEA22:42---LAS01:16)
460(7/8SEA22:43---BOS03:59)
522(7/8BNA22:44---SEA03:48)
1052001(7/8SEA22:48---BUR01:24)
1030(7/8SEA22:48---BZN00:31)
500(7/8IND22:48---SEA03:35)
1421(7/8IAH22:50---PDX03:15)
56(7/8ANC22:50---SEA02:20)
443(7/8PHL22:52---SEA04:57)
420(7/8SEA22:53---MCO04:33)
17(7/8JFK22:53---SEA05:22)
337001(7/8ORD22:55---SEA03:35)
271(7/8HNL22:55---ONT04:27)
326001(7/8TPA22:55---SEA05:07)
216(7/8CLE22:55---SEA04:00)
7(7/8DCA22:58---SFO04:53)
744(7/8SEA22:59---PHX01:57)
348(7/8SEA22:59---IAD03:59)
1396(7/8AUS23:00---PDX03:14)
1119(7/8ONT23:00---SEA01:40)
492(7/8SEA23:09---ATL03:59)
379(7/8BWI23:10---SEA05:07)
317(7/8DFW23:16---SEA03:35)
561(7/8KOA23:20---LAX04:51)
941(7/8SEA23:25---ORD03:30)
287(7/8EWR23:29---LAX05:35)
334(7/8ATL23:31---SEA05:07)
151001(7/8ANC23:40---AKN00:49)
412(7/8PIT23:42---SEA05:07)
1019(7/8BOI23:43---SEA01:20)
88(7/8ADQ23:49---ANC00:49)
106(7/8FAI23:53---SEA03:35)
435(7/8IAD23:59---SFO05:46)
688(7/8SEA23:59---LAS02:34)
157(7/9JNU00:02---GST00:41)
1214(7/9SEA00:04---SJC02:15)
439(7/9IAH00:10---SEA04:53)
369(7/9MCO00:12---SFO05:59)
225(7/9SEA00:15---ANC03:54)
1468(7/9SEA00:15---LAX03:00)
1301(7/9LAX00:15---SEA03:00)
844(7/9LIH00:15---SJC05:24)
821(7/9SAN00:16---LIH06:32)
597(7/9ORD00:18---SFO05:06)
355(7/9BOS00:19---SFO06:59)
213(7/9IAD00:19---LAX05:48)
269(7/9SFO00:22---ANC05:15)
41(7/9JFK00:29---SFO06:59)
134(7/9ANC00:30---SEA04:00)
339(7/9AUS00:30---SEA05:07)
1176(7/9PDX00:30---PHX03:20)
291001(7/9STL00:32---SEA05:00)
896(7/9HNL00:33---SEA06:31)
806(7/9OGG00:34---SAN05:55)
1370(7/9PDX00:35---AUS04:42)
376(7/9PDX00:35---ORD04:39)
494(7/9SAT00:37---SEA04:53)
398(7/9SEA00:40---IAH04:59)
382(7/9SEA00:43---BNA04:59)
353(7/9PDX00:46---OGG06:39)
1455(7/9PDX00:49---ANC04:40)
229(7/9MSP00:49---SEA04:45)
735(7/9SAN00:51---SEA03:50)
538(7/9SEA00:54---ORD04:59)
78(7/9SEA00:55---ANC04:37)
372(7/9SEA00:56---AUS05:05)
357(7/9MCI00:56---SEA04:56)
1048001(7/9SEA00:59---LAX03:50)
730(7/9SEA00:59---LAS03:38)
424(7/9SEA00:59---DFW04:59)
1140(7/9SEA00:59---SFO03:15)
1163(7/9SEA00:59---DEN03:47)
662(7/9PHX01:05---PDX03:48)
564(7/9SEA01:05---MCI04:35)
1131(7/9DEN01:06---PDX03:50)
472(7/9SEA01:06---STL04:59)
241(7/9SEA01:10---MKE04:59)
1294(7/9SAN01:18---PDX03:50)
1031(7/9BZN01:25---SEA03:35)
823(7/9SEA01:25---HNL07:33)
805(7/9SEA01:25---OGG07:34)
77(7/9GST01:35---JNU02:14)
1310(7/9SEA01:36---SJC03:51)
550(7/9DFW01:36---SEA05:59)
386(7/9SEA01:37---MSP04:59)
409(7/9ORD01:42---SEA06:24)
391(7/9PAE01:44---LAS04:17)
513(7/9AUS01:45---SFO05:29)
839(7/9SEA01:45---LIH07:54)
338(7/9SEA01:48---OMA04:59)
1104(7/9SEA01:50---SNA04:39)
939(7/9SEA01:55---SAN04:47)
1054(7/9SEA01:55---LAX04:42)
1087(7/9ONT01:58---SEA04:37)
1028(7/9SAN01:58---OGG07:59)
801(7/9SEA01:59---KOA08:04)
151(7/9AKN01:59---ANC03:10)
1199(7/9SAN02:05---SEA05:07)
1168(7/9SEA02:25---BUR04:59)
1288(7/9SEA02:41---SNA05:30)
403(7/9LAS02:45---SEA05:37)
1327(7/9SFO02:49---SEA05:05)
167(7/9SEA02:50---FAI06:36)
827(7/9ANC02:55---HNL08:59)
1224(7/9SEA02:55---LAX05:46)
141(7/9PHX02:57---ANC08:48)
780(7/9SEA02:59---ABQ05:59)
1156(7/9SEA02:59---SAN06:00)
1034(7/9SEA03:14---BOI04:46)
642(7/9SEA03:17---DEN05:59)
268(7/9ANC03:25---SEA07:06)
228(7/9SEA03:25---ANC07:04)
133(7/9SEA03:55---ANC07:34)
644(7/9SEA03:55---PHX06:54)
1264(7/9SEA04:03---SAN06:59)
444(7/9SEA04:15---PHL09:25)
91(7/9SEA04:15---SIT06:44)
307(7/9SFO04:28---BOS10:10)
1040(7/9SEA04:30---ONT07:15)
547(7/9SEA04:40---CLE09:11)
980(7/9SEA04:40---SFO06:59)
728(7/9PDX04:40---LAS06:59)
314(7/9SEA04:40---EWR09:59)
736(7/9SEA04:40---RNO06:35)
1039(7/9SEA04:45---GEG05:58)
380(7/9SEA04:45---DTW09:05)
1020(7/9SAN04:50---MCO10:00)
919(7/9SEA04:55---RDU10:00)
36(7/9SAN04:56---JFK10:29)
138(7/9ANC05:08---ORD11:24)
374(7/9SFO05:19---EWR10:54)
344(7/9SEA05:20---BWI10:21)
22(7/9SEA05:41---JFK11:02)
360(7/9SEA05:58---TPA11:25)
119(7/9SEA05:59---ANC09:39)
394(7/9SEA06:05---MCO11:40)
340(7/9SEA06:10---PIT10:43)
490(7/9SEA06:16---MSY10:50)
536(7/9SEA06:40---BOS12:00)
427(7/9SEA06:49---CVG11:07)
112(7/9SEA06:50---FAI10:36)
452(7/9SEA06:59---IAH11:20)
1227(7/9SEA06:59---AUS11:07)
109(7/9ANC07:26---ORD13:40)
810(7/9LIH07:32---SEA13:16)
558(7/9OGG07:39---PDX13:00)
828(7/9HNL08:33---ANC14:40)
814(7/9OGG08:34---SEA14:11)
826(7/9LIH08:54---SAN14:33)
1029(7/9OGG08:59---SAN14:18)
