Run time(sec):            861
IP gap:inf
======================= COST =======================
======================= COST =======================
Total:              8.374e+08
Cancel:              8.22e+08
Delay:               8.28e+06
Swaps:              5.316e+06
PosViol:             1.85e+06
CSC:                        0

===================== DISRUPTION ===================
# Cancelled:              822
# Delayed:                383
# Swaps:                  443
# CSCs:                     0
Ttl delay(min):	     8.28e+04
Avg delay(min):	          216
Min delay(min):	           30
Max delay(min):	          360

================= AIRPORT CAPACITY =================
SEA 2025-Jul-07 17:00:00 2025-Jul-07 21:00:00 1 0(1)
SEA 2025-Jul-07 17:00:00 2025-Jul-07 21:00:00 2 0(1)
SEA 2025-Jul-07 21:00:00 2025-Jul-07 22:00:00 1 5(4)
SEA 2025-Jul-07 22:00:00 2025-Jul-07 23:00:00 1 5(4)
SEA 2025-Jul-07 23:00:00 2025-Jul-08 00:00:00 1 5(4)
SEA 2025-Jul-08 00:00:00 2025-Jul-08 01:00:00 1 5(2)
SEA 2025-Jul-07 21:00:00 2025-Jul-07 22:00:00 2 2(2)
SEA 2025-Jul-07 22:00:00 2025-Jul-07 23:00:00 2 2(2)
SEA 2025-Jul-07 23:00:00 2025-Jul-08 00:00:00 2 2(2)
SEA 2025-Jul-08 00:00:00 2025-Jul-08 01:00:00 2 2(2)
SEA 2025-Jul-08 01:00:00 2025-Jul-08 02:00:00 1 1(1)
SEA 2025-Jul-08 01:00:00 2025-Jul-08 02:00:00 2 10(10)
SEA 2025-Jul-08 02:00:00 2025-Jul-08 03:00:00 1 10(10)
SEA 2025-Jul-08 02:00:00 2025-Jul-08 03:00:00 2 3(3)
PDX 2025-Jul-07 21:00:00 2025-Jul-07 22:00:00 1 9(2)
PDX 2025-Jul-07 22:00:00 2025-Jul-07 23:00:00 1 9(2)
PDX 2025-Jul-07 21:00:00 2025-Jul-07 22:00:00 2 9(2)
PDX 2025-Jul-07 22:00:00 2025-Jul-07 23:00:00 2 9(2)
PDX 2025-Jul-07 23:00:00 2025-Jul-08 00:00:00 1 5(2)
PDX 2025-Jul-08 00:00:00 2025-Jul-08 01:00:00 1 5(2)
PDX 2025-Jul-08 01:00:00 2025-Jul-08 02:00:00 1 5(1)
PDX 2025-Jul-08 02:00:00 2025-Jul-08 03:00:00 1 5(2)
PDX 2025-Jul-07 23:00:00 2025-Jul-08 00:00:00 2 2(2)
PDX 2025-Jul-08 00:00:00 2025-Jul-08 01:00:00 2 2(2)
PDX 2025-Jul-08 01:00:00 2025-Jul-08 02:00:00 2 2(1)
PDX 2025-Jul-08 02:00:00 2025-Jul-08 03:00:00 2 2(1)
EWR 2025-Jul-07 21:00:00 2025-Jul-07 22:00:00 1 1(1)
EWR 2025-Jul-07 22:00:00 2025-Jul-07 23:00:00 1 1(0)
EWR 2025-Jul-07 23:00:00 2025-Jul-08 00:00:00 1 1(0)
EWR 2025-Jul-07 21:00:00 2025-Jul-08 00:00:00 2 0(0)
RDU 2025-Jul-07 21:00:00 2025-Jul-07 22:00:00 1 0(0)
RDU 2025-Jul-07 21:00:00 2025-Jul-07 22:00:00 2 0(0)
RDU 2025-Jul-07 22:00:00 2025-Jul-08 02:00:00 1 0(0)
RDU 2025-Jul-07 22:00:00 2025-Jul-07 23:00:00 2 2(0)
RDU 2025-Jul-07 23:00:00 2025-Jul-08 00:00:00 2 2(0)
RDU 2025-Jul-08 00:00:00 2025-Jul-08 01:00:00 2 2(0)
RDU 2025-Jul-08 01:00:00 2025-Jul-08 02:00:00 2 2(0)
RDU 2025-Jul-08 02:00:00 2025-Jul-08 03:00:00 1 1(0)
RDU 2025-Jul-08 03:00:00 2025-Jul-08 04:00:00 1 1(0)
RDU 2025-Jul-08 04:00:00 2025-Jul-08 05:00:00 1 1(0)
RDU 2025-Jul-08 02:00:00 2025-Jul-08 05:00:00 2 0(0)

================= AIRCRAFT LOCATION ================
Aircraft     PlannedEnd      ActualEnd
N214AK            AUS            PDX
N224AK            ANC            EUG
N236AK            IAD            SAN
N237AK            SEA            SEA
N238AK            IAD            SAN
N247AK            SEA            AUS
N248AK            SEA            SEA
N251AK            EUG            TPA
N253AK            IND            SEA
N260AK            PDX            PDX
N264AK            OMA            SEA
N265AK            SFO            RDM
N267AK            PDX            SMF
N268AK            PDX            PDX
N270AK            SEA            SEA
N272AK            ORD            SEA
N273AK            JNU            LAX
N274AK            MKE            ORD
N275AK            LAS            SEA
N277AK            CMH            SEA
N280AK            PDX            JNU
N281AK            ABQ            ABQ
N282AK            JFK            SIT
N283AK            PDX            SJC
N284AK            SJC            FLL
N285AK            SMF            SEA
N287AK            RDM            ANC
N288AK            ORD            ANC
N290AK            BNA            BOS
N291BT            SEA            SEA
N292AK            LAS            SEA
N293AK            ANC            JFK
N294AK            LAX            PDX
N296AK            PHX            SEA
N297AK            SFO            ANC
N298AK            LAX            SEA
N307AS            SEA            SEA
N309AS            JNU            JNU
N318AS            SEA            SEA
N402AS            LAS            SEA
N403AS            SAN            MCO
N408AS            ANC            PDX
N409AS            SFO            LAX
N413AS            SEA            CLE
N419AS            BOS            SEA
N423AS            LAX            SEA
N431AS            MCO            IND
N433AS            CLE            SFO
N434AS            ANC            ORD
N435AS            GEG            SEA
N440AS            LAX            SEA
N442AS            SEA            SEA
N448AS            SEA            SEA
N453AS            JNU            SEA
N457AS            DFW            PHX
N459AS            SFO            PDX
N462AS            SFO            JNU
N464AS            ANC            SEA
N467AS            MCI            SEA
N469AS            GEG            LAX
N471AS            SEA            SEA
N472AS            SJC            SAN
N474AS            SEA            ANC
N477AS            TPA            SEA
N478AS            ANC            ANC
N481AS            PDX            JFK
N483AS            PDX            SEA
N486AS            SEA            SMF
N487AS            BNA            SEA
N491AS            PDX            SEA
N492AS            PDX            PDX
N493AS            PHL            SLC
N494AS            ANC            SEA
N495AS            HNL            SAN
N506AS            BOS            SEA
N508AS            DCA            SEA
N512AS            SNA            SMF
N513AS            SEA            SEA
N514AS            SFO            SEA
N516AS            LAX            SNA
N517AS            SAN            SEA
N518AS            LAX            KOA
N519AS            SNA            SEA
N520AS            ANC            SEA
N523AS            SEA            SAN
N525AS            ANC            GEG
N526AS            SEA            SEA
N527AS            BWI            SEA
N529AS            SIT            KOA
N530AS            SJC            SFO
N531AS            SEA            DEN
N532AS            PDX            SAN
N535AS            SAN            SEA
N536AS            SEA            SEA
N537AS            DCA            PDX
N538AS            SEA            SAN
N546AS            SEA            OAK
N548AS            DEN            SEA
N549AS            ADQ            ADQ
N551AS            SEA            SEA
N552AS            SNA            SEA
N553AS            SEA            SNA
N556AS            SMF            SAN
N557AS            SAN            SEA
N560AS            SEA            PDX
N562AS            MSP            KOA
N564AS            ANC            SEA
N565AS            SEA            ANC
N568AS            LAX            SAN
N569AS            SAN            ANC
N570AS            SAN            SEA
N577AS            SEA            SAN
N579AS            KOA            BOS
N581AS            BOS            SFO
N586AS            PDX            JNU
N587AS            PHX            SNA
N589AS            JFK            LAX
N590AS            DCA            LAX
N592AS            ORD            BWI
N593AS            LAS            LAS
N594AS            OAK            MSP
N596AS            SEA            SEA
N597AS            OGG            SAN
N607AS            ANC            SEA
N609AS            SIT            ANC
N611AS            SEA            ANC
N612AS            ANC            ANC
N613AS            RNO            RNO
N615AS            JNU            JNU
N618AS            ANC            PDX
N619AS            ANC            JNU
N622AS            SEA            SIT
N703AL            SEA            OGG
N705AL            LAX            SEA
N706AL            EWR            SEA
N707AL            EWR            PDX
N708AL            ORD            SFO
N709AL            TPA            SEA
N710AL            MSP            SEA
N712AL            LAX            SEA
N713AL            PDX            BOS
N716AL            MCO            MCO
N719AL            SEA            SFO
N720AL            BOS            SEA
N722AL            SEA            SEA
N723AL            DFW            SAN
N724AL            AUS            SEA
N725AL            SFO            SFO
N729AL            LAX            SEA
N731AL            MCO            SEA
N732AL            SEA            ONT
N733AL            PDX            SFO
N734AL            JFK            SEA
N738AL            SEA            SEA
N801AK            ANC            SEA
N803AK            JFK            JFK
N804AK            SEA            SFO
N805AK            LAX            LAX
N806AK            LAX            ANC
N809AK            SEA            LAX
N812AK            SFO            SEA
N813AK            SEA            SAN
N903AK            PDX            PDX
N912AK            SAN            EWR
N913AK            GEG            IAH
N915AK            SEA            ATL
N917AK            ONT            HNL
N918AK            RDU            LAS
N919AK            PHX            SEA
N920AK            ATL            SEA
N921AK            AUS            SEA
N924AK            EWR            ANC
N926AK            MSY            SEA
N928AK            DEN            SEA
N929AK            SEA            SEA
N931AK            PDX            SFO
N932AK            SFO            SAN
N933AK            ORD            FAI
N934AK            ANC            LAX
N935AK            SAN            SEA
N936AK            SEA            SEA
N938AK            LAX            SEA
N941AK            IAH            SEA
N942AK            ORD            SEA
N947AK            FAI            SEA
N948AK            LAX            LAX
N949AK            FAI            SEA
N952AK            SEA            SEA
N953AK            CVG            CVG
N954AK            PDX            EWR
N955AK            SFO            ANC
N956AK            PIT            PIT
N958AK            SAT            SAT
N960AK            BOS            SEA
N961AK            PHX            PDX
N962AK            SFO            LAX
N963AK            LAX            OGG
N964AK            IAH            LAX
N966AK            SFO            BOS
N967AK            LAX            PDX
N968AK            JFK            SEA
N969AK            PDX            JFK
N972AK            SFO            SEA
N973AK            ONT            SEA
N974AK            BOI            EWR
N975AK            LAS            IAD
N976AK            STL            SEA
N977AK            SEA            SEA
N978AK            IAD            ATL
N982AK            SEA            AUS
N983AK            ATL            ORD
N984AK            FAI            SEA
N985AK            DEN            LAX
N990AK            LAX            DFW
N407AS            SEA            SEA
N428AS            LAX            LAX
N468AS            DTW            SEA
N479AS            SEA            SFO
N563AS            GEG            SEA
N566AS            SFO            SFO
N588AS            ANC            LAX
N614AS            ANC            SEA
N946AK            BUR            LAX
N971AK            BUR            LAX
N979AK            SAN            SEA
