===== Copy Generation Summary =====
#Iter     Gen    Indv     Seq     CSC    Used            Obj
    1     267     267       0       0     183      1.219e+10
    2     240     238       2       0     206      1.595e+09
    3     224     222       2       0     225      1.002e+09
    4     225     223       2       0     222      8.515e+08
    5     229     227       2       0     219      7.502e+08
    6     210     208       2       0     238      6.861e+08
    7     200     198       2       0     248      6.259e+08
    8     214     212       2       0     233      5.888e+08
    9     209     207       2       0     239      5.484e+08
   10     212     210       2       0     236      4.965e+08
   11     212     210       2       0     236      4.598e+08
   12     212     210       2       0     235      4.236e+08
   13     203     201       2       0     245      3.894e+08
   14     220     218       2       0     226       3.56e+08
   15     216     214       2       0     230      3.377e+08
   16     196     194       2       0     252      3.074e+08
   17     210     208       2       0     235      2.832e+08
   18     197     195       2       0     245       2.63e+08
   19     190     188       2       0     253       2.44e+08
   20     222     220       2       0     221      2.274e+08
   21     215     213       2       0     229      2.121e+08
   22     212     210       2       0     231      1.925e+08
   23     191     189       2       0     252        1.8e+08
   24     201     197       4       0     238      1.668e+08
   25     221     213       8       0     218      1.583e+08
   26     183     179       4       0     258      1.485e+08
   27     190     182       8       0     250      1.405e+08
   28     202     196       6       0     237      1.362e+08
   29     209     203       6       0     231      1.289e+08
   30     186     176      10       0     251      1.256e+08
   31     208     197      11       0     229      1.183e+08
   32     171     160      11       0     268      1.139e+08
   33     217     207      10       0     217      1.099e+08
   34     176     166      10       0     258      1.061e+08
   35     229     218      11       0     210       1.04e+08
   36     181     169      12       0     255      1.018e+08
   37     214     204      10       0     220      9.951e+07
   38     173     163      10       0     262      9.774e+07
   39     186     175      11       0     250      9.538e+07
   40     195     185      10       0     239      9.412e+07
   41     164     154      10       0     270      9.273e+07
   42     212     202      10       0     222      9.206e+07
   43     211     203       8       0     225      9.107e+07
   44     213     202      11       0     223      9.036e+07
   45     188     180       8       0     244      8.886e+07
   46     224     214      10       0     210      8.786e+07
   47     223     213      10       0     211      8.703e+07
   48     223     214       9       0     210       8.65e+07
   49     245     235      10       0     189      8.617e+07
   50     257     247      10       0     177      8.516e+07
   51     236     226      10       0     197      8.439e+07
   52     228     218      10       0     204      8.378e+07
   53     213     201      12       0     221      8.343e+07
   54     236     222      14       0     197      8.294e+07
   55     284     270      14       0     143      8.245e+07
   56     254     242      12       0     170      8.218e+07
   57     202     184      18       0     223      8.177e+07
   58     203     189      14       0     230      8.111e+07
   59     255     241      14       0     176      8.047e+07
   60     265     243      22       0     166      7.981e+07
   61     285     259      26       0     144      7.967e+07
   62     180     171       9       0     252      7.877e+07
   63     279     262      17       0     150      7.851e+07
   64     266     236      30       0     159      7.821e+07
   65     217     177      40       0     214      7.796e+07
   66     254     222      32       0     171      7.788e+07
   67     260     220      40       0     166      7.763e+07
   68     287     255      32       0     141      7.731e+07
   69     305     265      40       0     122      7.719e+07
   70     312     269      43       0     116      7.711e+07
   71     275     226      49       0     150      7.703e+07
   72     268     220      48       0     162      7.688e+07
   73     244     199      45       0     183       7.68e+07
   74     312     257      55       0     108      7.666e+07
   75     270     211      59       0     155       7.64e+07
   76     310     255      55       0     113      7.616e+07
   77     337     266      71       0      92      7.595e+07
   78     302     229      73       0     118      7.588e+07
   79     291     214      77       0     131      7.569e+07
   80     252     187      65       0     157      7.549e+07
   81     283     214      69       0     128      7.533e+07
   82     301     238      63       0     117       7.52e+07
   83     309     242      67       0      96      7.503e+07
   84     296     225      71       0     109      7.484e+07
   85     328     259      69       0      97      7.467e+07
   86     270     183      87       0     132      7.447e+07
   87     294     199      95       0     117      7.439e+07
   88     302     203      99       0      99      7.429e+07
   89     322     235      87       0      76      7.421e+07
   90     317     206     111       0      84      7.406e+07
   91     310     189     121       0      78      7.395e+07
   92     333     232     101       0      76      7.386e+07
   93     272     207      65       0     143      7.378e+07
   94     344     207     137       0      56      7.374e+07
   95     328     183     145       0      65      7.366e+07
   96     302     151     151       0      93      7.358e+07
   97     339     184     155       0      49      7.357e+07
   98     310     157     153       0      72      7.349e+07
   99     329     156     173       0      47      7.344e+07
  100     313     148     165       0      65      7.337e+07
  101     320     137     183       0      62       7.33e+07
  102     311     118     193       0      61      7.328e+07
  103     320     125     195       0      54      7.324e+07
  104     331     132     199       0      35       7.32e+07
  105     326     119     207       0      38      7.315e+07
  106     342     133     209       0      36      7.306e+07
  107     333     112     221       0      28      7.303e+07
  108     334     125     209       0      28      7.296e+07
  109     334     101     233       0      28      7.291e+07
  110     356     131     225       0      12      7.287e+07
  111     344      99     245       0      15      7.284e+07
  112     327     106     221       0      16      7.279e+07
  113     347      86     261       0       6      7.275e+07
  114     344      75     269       0       6      7.274e+07
  115     335      50     285       0      20       7.27e+07
  116     347      46     301       0       7      7.267e+07
  117     346      45     301       0       7      7.265e+07
  118     342      43     299       0       7      7.264e+07
