===== Copy Generation Summary =====
#Iter       TotalGen  ind(reg)  mul(reg)  ind(csc)  mul(csc) TotalUsed  ind(reg)  mul(reg)  ind(csc)  mul(csc)            obj
    1            458       326        89        43         0       192       137        47         8         0      1.011e+10
    2            424       303        34        87         0       178       139        26        13         0      1.185e+08
    3            419       345        16        58         0       189       167        12        10         0       9.53e+06
    4            417       365        15        37         0       201       184        11         6         0      6.615e+06
    5            410       360         5        45         0       201       173         5        23         0      5.689e+06
    6            398       356         2        40         0       193       183         2         8         0      4.799e+06
    7            398       366         2        30         0       196       181         2        13         0      1.755e+06
    8            399       368        11        20         0       181       171         9         1         0      1.755e+06
    9            395       343        15        37         0       193       173        10        10         0       1.75e+06
   10            384       308        29        47         0       167       141        20         6         0      1.724e+06
   11            363       286        19        58         0       156       138        13         5         0      1.724e+06
   12            335       266        21        48         0       150       119        18        13         0       1.72e+06
   13            295       221        21        53         0       129       117         8         4         0      1.667e+06
   14            275       208        18        49         0       126       106        13         7         0      1.612e+06
   15            268       213        15        40         0       120       107         9         4         0      1.611e+06
   16            235       184         8        43         0        99        85         4        10         0      1.584e+06
   17            221       168        19        34         0        96        85         4         7         0      1.584e+06
   18            189       148        12        29         0        81        75         4         2         0      1.575e+06
   19            180       117         9        54         0        46        41         4         1         0      1.521e+06
   20            176       139        23        14         0        85        71        13         1         0      1.483e+06
   21            166        81        35        50         0        73        31        24        18         0       1.47e+06
   22            134       111         6        17         0        48        40         3         5         0       1.47e+06
   23            141        96         1        44         0        45        41         0         4         0      1.431e+06
   24            132        90         8        34         0        54        50         0         4         0      1.431e+06
   25            113        63         8        42         0        29        22         4         3         0      1.431e+06
   26            103        52        18        33         0        25        13        11         1         0      1.431e+06
   27            113        74        13        26         0        32        29         3         0         0      1.431e+06
   28             89        52         3        34         0        17        14         2         1         0      1.431e+06
   29             57        33        12        12         0        16        14         0         2         0      1.431e+06
   30             46        30         4        12         0        10        10         0         0         0       1.43e+06
   31             45        29         8         8         0        20        18         2         0         0       1.43e+06
   32             28        14         9         5         0         8         3         5         0         0       1.43e+06
   33             27        14         5         8         0         5         3         2         0         0       1.43e+06
   34             22        13         5         4         0         7         5         2         0         0       1.43e+06
   35            100        91         0         9         0        59        52         0         7         0      1.388e+06
   36             30        17        10         3         0         9         7         2         0         0      1.388e+06
   37             15         6         0         9         0         0         0         0         0         0      1.388e+06
   38              6         5         0         1         0         1         1         0         0         0      1.388e+06
   39              5         5         0         0         0         1         1         0         0         0      1.388e+06
   40              5         5         0         0         0         0         0         0         0         0      1.388e+06
