===== Copy Generation Summary =====
#Iter     Gen    Indv     Seq     CSC    Used            Obj
    1     267     267       0       0     183       2.29e+09
    2     247     245       2       0     201      1.365e+09
    3     229     227       2       0     219      9.641e+08
    4     204     202       2       0     244      8.058e+08
    5     256     254       2       0     192      6.846e+08
    6     217     215       2       0     230      5.809e+08
    7     180     178       2       0     263      5.263e+08
    8     224     222       2       0     220      4.791e+08
    9     226     224       2       0     215      4.255e+08
   10     218     216       2       0     225      3.959e+08
   11     205     203       2       0     233      3.715e+08
   12     192     190       2       0     243      3.384e+08
   13     194     192       2       0     237      3.091e+08
   14     203     201       2       0     224        2.8e+08
   15     189     187       2       0     237      2.525e+08
   16     195     193       2       0     231       2.19e+08
   17     219     217       2       0     207      1.945e+08
   18     210     208       2       0     216       1.67e+08
   19     212     210       2       0     214      1.456e+08
   20     199     197       2       0     227      1.231e+08
   21     216     214       2       0     210      9.799e+07
   22     177     175       2       0     249       8.33e+07
   23     204     202       2       0     222        6.7e+07
   24     211     209       2       0     215       5.59e+07
   25     202     200       2       0     224      5.113e+07
   26     229     227       2       0     197      4.169e+07
   27     212     210       2       0     214       3.35e+07
   28     209     207       2       0     217       2.45e+07
   29     241     239       2       0     185      2.114e+07
   30     187     185       2       0     239      1.889e+07
   31     246     244       2       0     180      1.772e+07
   32     208     206       2       0     218      1.676e+07
   33     182     180       2       0     244      1.605e+07
   34     256     254       2       0     170      1.587e+07
   35     256     254       2       0     170      1.552e+07
   36     179     177       2       0     247      1.513e+07
   37     251     249       2       0     175      1.486e+07
   38     213     211       2       0     213      1.476e+07
   39     214     212       2       0     212      1.451e+07
   40     233     229       4       0     193      1.419e+07
   41     252     250       2       0     172      1.381e+07
   42     270     268       2       0     156       1.33e+07
   43     245     243       2       0     179      1.326e+07
   44     229     227       2       0     190      1.282e+07
   45     210     208       2       0     216      1.256e+07
   46     241     239       2       0     172      1.231e+07
   47     280     276       4       0     132      1.203e+07
   48     284     280       4       0     137      1.176e+07
   49     245     239       6       0     177      1.148e+07
   50     273     253      20       0     143      1.118e+07
   51     225     213      12       0     184      1.102e+07
   52     256     250       6       0     144      1.089e+07
   53     304     296       8       0      94      1.059e+07
   54     233     215      18       0     167      1.042e+07
   55     219     211       8       0     169      1.017e+07
   56     279     249      30       0     110       9.94e+06
   57     213     187      26       0     175       9.84e+06
   58     218     200      18       0     163      9.802e+06
   59     255     227      28       0     131      9.485e+06
   60     271     243      28       0     119      9.373e+06
   61     210     186      24       0     172      9.229e+06
   62     222     198      24       0     160      9.184e+06
   63     284     254      30       0     105      9.032e+06
   64     246     220      26       0     138      8.872e+06
   65     236     208      28       0     149      8.687e+06
   66     209     183      26       0     174       8.39e+06
   67     240     214      26       0     142       8.15e+06
   68     265     235      30       0     122      7.855e+06
   69     266     240      26       0     116      7.688e+06
   70     275     251      24       0     110       7.51e+06
   71     303     275      28       0      80      7.328e+06
   72     247     223      24       0     132      7.101e+06
   73     266     234      32       0     123      6.959e+06
   74     274     246      28       0     112      6.875e+06
   75     266     236      30       0     122      6.621e+06
   76     277     253      24       0     105      6.535e+06
   77     273     251      22       0     104      6.402e+06
   78     285     263      22       0      82      6.161e+06
   79     308     282      26       0      71      5.929e+06
   80     259     235      24       0      95      5.757e+06
   81     290     266      24       0      45      5.573e+06
   82     245     217      28       0      77      5.381e+06
   83     245     221      24       0      67      5.307e+06
   84     261     237      24       0      98      5.138e+06
   85     231     205      26       0      57       5.11e+06
   86     234     204      30       0      43      5.022e+06
   87     225     203      22       0      47      4.975e+06
   88     206     178      28       0      38      4.792e+06
   89     250     224      26       0      62      4.721e+06
   90     132     110      22       0      90      4.603e+06
   91     241     215      26       0      57      4.544e+06
   92     153     131      22       0      50      4.457e+06
   93     124     100      24       0      74      4.396e+06
   94     140     114      26       0      54      4.315e+06
   95      90      62      28       0     106      4.254e+06
   96     143     115      28       0      46      4.237e+06
   97     143     115      28       0      46      4.188e+06
   98     124      98      26       0      65      4.097e+06
   99     165     139      26       0      20      4.045e+06
  100     104      76      28       0      85      3.974e+06
  101     112      86      26       0      72      3.949e+06
  102     159     135      24       0      24      3.906e+06
  103     128      98      30       0      73      3.863e+06
  104     159     133      26       0      24      3.825e+06
  105     124      98      26       0      59      3.747e+06
  106     135     109      26       0      36      3.738e+06
  107     163     137      26       0      12       3.65e+06
  108     133     109      24       0      43      3.578e+06
  109     128     102      26       0      41      3.532e+06
  110     148     122      26       0      21      3.441e+06
  111     159     131      28       0      25      3.361e+06
  112     109      77      32       0      62      3.361e+06
  113     118      88      30       0      16      3.336e+06
  114     115      89      26       0      43      3.143e+06
  115     117      91      26       0      15      3.119e+06
  116      98      70      28       0      11      3.101e+06
  117      94      60      34       0      20      3.032e+06
  118      98      60      38       0       7      3.006e+06
  119      67      29      38       0      20      2.948e+06
  120      73      33      40       0      11      2.948e+06
  121      52      24      28       0       5      2.946e+06
  122      72      42      30       0       9      2.904e+06
  123      38      14      24       0       5      2.892e+06
  124      38      16      22       0       1      2.892e+06
  125      34      12      22       0       1      2.869e+06
  126      50      18      32       0       1      2.869e+06
  127      42      16      26       0       0      2.869e+06
  128      36       8      28       0       0      2.869e+06
  129      35      11      24       0       0      2.869e+06
  130      32       6      26       0       0      2.869e+06
