===== Copy Generation Summary =====
#Iter       TotalGen  ind(reg)  mul(reg)  ind(csc)  mul(csc) TotalUsed  ind(reg)  mul(reg)  ind(csc)  mul(csc)            obj
    1            376       330         0        46         0       148       140         0         8         0      1.058e+08
    2            371       284         0        87         0       124       111         0        13         0      1.058e+08
    3            405       314         0        91         0       162       141         0        21         0      6.852e+06
    4            405       338         0        67         0       173       161         0        12         0       3.95e+06
    5            402       367         0        35         0       204       197         0         7         0      3.001e+06
    6            398       359         0        39         0       195       180         0        15         0      2.972e+06
    7            393       377         0        16         0       198       191         0         7         0      2.507e+06
    8            395       341         0        54         0       186       167         0        19         0      2.012e+06
    9            383       367         0        16         0       185       182         0         3         0      1.969e+06
   10            382       348         0        34         0       197       187         0        10         0      1.969e+06
   11            377       355         0        22         0       151       148         0         3         0      1.969e+06
   12            355       329         0        26         0       177       174         0         3         0      1.926e+06
   13            322       296         0        26         0       159       156         0         3         0      1.926e+06
   14            267       244         0        23         0       111       111         0         0         0      1.926e+06
   15            235       205         0        30         0       101        96         0         5         0      1.926e+06
   16            221       194         0        27         0       105        96         0         9         0      1.919e+06
   17            176       149         0        27         0        75        66         0         9         0      1.887e+06
   18            186       161         0        25         0        79        75         0         4         0      1.887e+06
   19            187       152         0        35         0        85        77         0         8         0      1.862e+06
   20            146       133         0        13         0        61        61         0         0         0       1.86e+06
   21            137       103         0        34         0        56        54         0         2         0       1.86e+06
   22            121       106         0        15         0        57        56         0         1         0       1.86e+06
   23             97        66         0        31         0        32        27         0         5         0      1.828e+06
   24            110       105         0         5         0        58        55         0         3         0      1.828e+06
   25             90        77         0        13         0        49        49         0         0         0      1.828e+06
   26             58        39         0        19         0        13        12         0         1         0      1.828e+06
   27             47        29         0        18         0         3         2         0         1         0      1.828e+06
   28             18        13         0         5         0         2         2         0         0         0      1.828e+06
   29             32        18         0        14         0         4         4         0         0         0      1.828e+06
   30              9         6         0         3         0         0         0         0         0         0      1.828e+06
   31              4         4         0         0         0         2         2         0         0         0      1.828e+06
   32             15        14         0         1         0         7         7         0         0         0      1.828e+06
