===== Copy Generation Summary =====
#Iter       TotalGen  ind(reg)  mul(reg)  ind(csc)  mul(csc) TotalUsed  ind(reg)  mul(reg)  ind(csc)  mul(csc)            obj
    1            446       300        67        79         0       184       125        36        23         0      1.155e+08
    2            418       338        13        67         0       184       164        10        10         0      8.677e+07
    3            422       337        13        70         2       173       150        11        10         2      6.718e+07
    4            415       361         4        50         0       199       174         2        23         0      5.761e+07
    5            414       296         3       115         0       199       154         2        43         0       3.51e+07
    6            404       347        11        46         0       180       161         9        10         0      1.761e+07
    7            404       345        12        45         2       189       165         8        16         0      9.633e+06
    8            409       334        11        59         5       202       165         9        23         5      6.422e+06
    9            400       343         6        46         5       190       164         4        17         5      3.792e+06
   10            396       331        13        51         1       184       162        11        10         1      3.388e+06
   11            396       338        10        48         0       186       163         8        15         0      3.038e+06
   12            388       315        18        47         8       173       142        11        13         7      2.889e+06
   13            387       290        26        65         6       173       127        21        21         4      2.773e+06
   14            378       270        18        74        16       133       103        12         8        10      2.669e+06
   15            370       284        26        59         1       165       138        19         8         0      2.396e+06
   16            370       282        30        45        13       134        95        25         5         9      2.195e+06
   17            355       226        39        66        24       147       100        31         2        14      2.068e+06
   18            286       216        14        37        19       123       110         6         1         6      2.041e+06
   19            285       207        22        25        31       135       106        16         1        12      1.938e+06
   20            256       170        29        41        16       158       118        23        11         6      1.914e+06
   21            213       150         9        24        30        92        71         5         5        11      1.832e+06
   22            203       129        27        25        22        99        67        21         3         8        1.8e+06
   23            222       135        39        17        31       112        69        29         0        14       1.73e+06
   24            157       101         5        22        29        54        36         2         0        16      1.656e+06
   25            149        86         8        23        32        48        26         6         2        14      1.598e+06
   26            108        68         3        21        16        18        13         2         0         3      1.555e+06
   27             98        55         6        17        20        21        14         2         0         5      1.534e+06
   28             85        53         8         9        15        15        10         3         0         2      1.486e+06
   29             56        24         8         6        18        14         7         4         1         2      1.456e+06
   30             51        23         5         2        21        14         5         2         1         6      1.451e+06
   31            104        80         0        12        12        58        52         0         4         2      1.451e+06
   32             36        18         1         1        16         8         2         0         0         6      1.451e+06
   33             30        12         1         2        15         6         0         0         0         6       1.45e+06
   34             28        13         1         5         9         0         0         0         0         0      1.449e+06
