===== Copy Generation Summary =====
#Iter       TotalGen  ind(reg)  mul(reg)  ind(csc)  mul(csc) TotalUsed  ind(reg)  mul(reg)  ind(csc)  mul(csc)            obj
    1            445       324        61        60         0       179       133        31        15         0      1.318e+08
    2            424       334        23        67         0       176       140        18        18         0      1.063e+08
    3            426       361        16        49         0       204       174        13        17         0      7.977e+07
    4            414       356         0        58         0       183       162         0        21         0       5.23e+07
    5            419       394        10        15         0       247       233         8         6         0       3.18e+07
    6            409       363        10        36         0       241       216         8        17         0      1.512e+07
    7            405       380         6        19         0       211       204         4         3         0          1e+07
    8            413       344        21        48         0       197       165        16        16         0      5.817e+06
    9            403       365        13        25         0       202       190        11         1         0       4.25e+06
   10            401       343        16        42         0       176       148        13        15         0      3.772e+06
   11            399       339        27        33         0       188       166        13         9         0      3.674e+06
   12            410       333        44        33         0       190       156        32         2         0      3.339e+06
   13            378       311        26        41         0       170       150        15         5         0      3.326e+06
   14            398       288        78        32         0       181       123        53         5         0      3.059e+06
   15            371       285        48        38         0       172       140        23         9         0      2.789e+06
   16            323       246        42        35         0       150       117        29         4         0      2.662e+06
   17            337       205       100        32         0       187       114        71         2         0      2.566e+06
   18            293       204        81         8         0       146        96        49         1         0      2.339e+06
   19            215       141        59        15         0       107        62        43         2         0      2.304e+06
   20            177       118        47        12         0        70        37        32         1         0      2.286e+06
   21            137       104        17        16         0        49        41         7         1         0      2.215e+06
   22            162       140         9        13         0        75        69         6         0         0      2.156e+06
   23            157       136        13         8         0        74        67         7         0         0      2.155e+06
   24            148       143         2         3         0        72        72         0         0         0      2.153e+06
   25            121        83        18        20         0        41        37         3         1         0      2.153e+06
   26             88        46        25        17         0        40        23        14         3         0      2.153e+06
   27            118        81        19        18         0        57        46        10         1         0      2.084e+06
   28            133        56        51        26         0        56        19        35         2         0      2.057e+06
   29             83        40        35         8         0        42        18        23         1         0      2.038e+06
   30             67        32        25        10         0        22        11        11         0         0          2e+06
   31             40        24         9         7         0        12         8         3         1         0       1.97e+06
   32             75        46         0        29         0         7         6         0         1         0      1.967e+06
   33             22        15         0         7         0         3         3         0         0         0      1.967e+06
   34             81        25         2         6        48        54         6         0         0        48      1.966e+06
   35             39        15        17         5         2        22         4        16         0         2      1.959e+06
