===== Copy Generation Summary =====
#Iter       TotalGen  ind(reg)  mul(reg)  ind(csc)  mul(csc) TotalUsed  ind(reg)  mul(reg)  ind(csc)  mul(csc)            obj
    1            440       344         0        96         0       177       165         0        12         0      3.528e+07
    2            446       364         0        82         0       214       188         0        26         0       3.43e+07
    3            447       366         0        81         0       243       214         0        29         0      2.335e+07
    4            445       379         0        66         0       208       191         0        17         0      2.234e+07
    5            446       393         0        53         0       254       226         0        28         0      2.206e+07
    6            446       372         0        74         0       240       221         0        19         0      1.842e+07
    7            444       394         0        50         0       252       233         0        19         0      1.817e+07
    8            442       345         0        97         0       225       190         0        35         0       1.76e+07
    9            437       355         0        82         0       278       238         0        40         0      1.678e+07
   10            436       392         0        44         0       255       234         0        21         0      1.585e+07
   11            435       368         0        67         0       256       234         0        22         0      1.503e+07
   12            436       346         0        90         0       221       193         0        28         0      1.418e+07
   13            433       391         0        42         0       248       231         0        17         0      1.351e+07
   14            428       333         0        95         0       240       211         0        29         0      1.299e+07
   15            424       377         0        47         0       232       212         0        20         0      1.255e+07
   16            424       363         0        61         0       220       196         0        24         0      1.176e+07
   17            424       402         0        22         0       246       240         0         6         0      1.114e+07
   18            424       373         0        51         0       247       224         0        23         0      1.064e+07
   19            424       393         0        31         0       257       245         0        12         0      1.006e+07
   20            424       383         0        41         0       240       225         0        15         0      9.626e+06
   21            424       383         0        41         0       234       222         0        12         0      9.126e+06
   22            424       403         0        21         0       232       226         0         6         0      8.855e+06
   23            424       393         0        31         0       203       197         0         6         0      8.287e+06
   24            424       410         0        14         0       224       224         0         0         0      7.067e+06
   25            424       372         0        52         0       206       202         0         4         0      6.622e+06
   26            424       382         0        42         0       245       238         0         7         0      6.404e+06
   27            424       374         0        50         0       206       197         0         9         0      6.216e+06
   28            424       398         0        26         0       208       199         0         9         0      6.084e+06
   29            423       395         0        28         0       224       216         0         8         0      5.524e+06
   30            424       366         0        58         0       204       190         0        14         0      4.794e+06
   31            424       377         0        47         0       222       215         0         7         0      4.747e+06
   32            422       383         0        39         0       225       214         0        11         0      4.604e+06
   33            423       325         0        98         0       195       150         0        45         0       4.28e+06
   34            414       360         0        54         0       288       270         0        18         0      4.092e+06
   35            406       297         0       109         0       185       160         0        25         0      4.007e+06
   36            409       369         0        40         0       229       211         0        18         0      3.629e+06
   37            395       331         0        64         0       231       213         0        18         0      3.499e+06
   38            392       324         0        68         0       202       202         0         0         0       3.45e+06
   39            393       351         0        42         0       225       213         0        12         0      3.356e+06
   40            381       333         0        48         0       211       205         0         6         0      3.257e+06
   41            382       332         0        50         0       200       192         0         8         0      3.166e+06
   42            381       312         0        69         0       213       184         0        29         0       3.08e+06
   43            378       330         0        48         0       174       172         0         2         0      3.013e+06
   44            380       326         0        54         0       184       176         0         8         0      2.963e+06
   45            378       333         0        45         0       231       228         0         3         0      2.852e+06
   46            373       312         0        61         0       197       182         0        15         0      2.765e+06
   47            366       308         0        58         0       171       166         0         5         0      2.601e+06
   48            365       300         0        65         0       169       161         0         8         0      2.579e+06
   49            364       320         0        44         0       252       235         0        17         0       2.48e+06
   50            362       306         0        56         0       219       218         0         1         0      2.445e+06
   51            361       309         0        52         0       215       212         0         3         0      2.343e+06
   52            358       275         0        83         0       202       182         0        20         0      2.281e+06
   53            354       280         0        74         0       190       182         0         8         0      2.269e+06
   54            371       278         0        93         0       172       146         0        26         0       2.25e+06
   55            356       273         0        83         0       170       159         0        11         0      2.242e+06
   56            354       263         0        91         0       176       156         0        20         0      2.232e+06
   57            355       229         0       126         0       166       154         0        12         0      2.152e+06
   58            349       296         0        53         0       178       174         0         4         0      2.136e+06
   59            335       268         0        67         0       174       155         0        19         0      2.125e+06
   60            338       218         0       120         0       151       120         0        31         0      2.118e+06
   61            322       231         0        91         0       104        91         0        13         0      2.116e+06
   62            322       239         0        83         0       144       138         0         6         0      2.111e+06
   63            319       225         0        94         0       151       148         0         3         0      2.083e+06
   64            329       238         0        91         0       116       115         0         1         0      2.071e+06
   65            292       228         0        64         0       141       128         0        13         0      2.064e+06
   66            297       223         0        74         0       133       118         0        15         0      2.046e+06
   67            278       223         0        55         0       147       136         0        11         0      2.031e+06
   68            260       150         0       110         0       127        98         0        29         0      2.021e+06
   69            275       250         0        25         0       109       107         0         2         0      1.982e+06
   70            255       180         0        75         0       146       120         0        26         0      1.973e+06
   71            267       220         0        47         0       111       102         0         9         0      1.966e+06
   72            333       266         0        67         0       141       132         0         9         0      1.958e+06
   73            307       237         0        70         0       129       127         0         2         0      1.955e+06
   74            268       234         0        34         0       166       162         0         4         0      1.948e+06
   75            260       162         0        98         0       128       102         0        26         0      1.941e+06
   76            258       230         0        28         0       131       127         0         4         0      1.935e+06
   77            254       229         0        25         0       141       138         0         3         0      1.928e+06
   78            299       224         0        75         0        95        92         0         3         0      1.925e+06
   79            263       212         0        51         0       128       127         0         1         0      1.912e+06
   80            262       171         0        91         0       115       104         0        11         0      1.883e+06
   81            254       227         0        27         0       127       124         0         3         0      1.882e+06
   82            254       218         0        36         0       129       127         0         2         0       1.88e+06
   83            254       216         0        38         0       111       109         0         2         0      1.851e+06
   84            254       162         0        92         0        87        78         0         9         0       1.85e+06
   85            252       169         0        83         0        92        77         0        15         0      1.848e+06
   86            233       164         0        69         0        85        81         0         4         0      1.845e+06
   87            239       179         0        60         0       117       108         0         9         0      1.813e+06
   88            217       155         0        62         0        73        67         0         6         0      1.812e+06
   89            228       146         0        82         0        87        76         0        11         0      1.808e+06
   90            203       147         0        56         0        63        60         0         3         0      1.805e+06
   91            226       122         0       104         0        63        56         0         7         0      1.737e+06
   92            220       193         0        27         0        91        91         0         0         0      1.736e+06
   93            310       137         0       173         0        84        68         0        16         0      1.735e+06
   94            253       177         0        76         0       126       105         0        21         0      1.735e+06
   95            254       222         0        32         0       101       101         0         0         0      1.734e+06
   96            192       107         0        85         0        70        49         0        21         0      1.734e+06
   97            201       132         0        69         0        46        43         0         3         0      1.721e+06
   98            225       143         0        82         0        84        83         0         1         0      1.718e+06
   99            178       120         0        58         0        73        57         0        16         0      1.718e+06
  100            186       117         0        69         0        58        53         0         5         0      1.717e+06
  101            192       131         0        61         0        88        85         0         3         0      1.717e+06
  102            176        96         0        80         0        46        40         0         6         0      1.716e+06
  103            172       126         0        46         0        90        89         0         1         0      1.715e+06
  104            162       134         0        28         0        58        56         0         2         0      1.713e+06
  105            158        76         0        82         0        36        21         0        15         0      1.711e+06
  106            159       101         0        58         0        68        66         0         2         0      1.708e+06
  107            444       377         0        67         0       178       177         0         1         0      1.707e+06
  108            393       363         0        30         0       176       175         0         1         0      1.707e+06
  109            332       232         0       100         0       119       116         0         3         0      1.707e+06
  110            279       120         0       159         0        82        49         0        33         0      1.707e+06
  111            264       188         0        76         0        41        36         0         5         0      1.707e+06
  112            253       193         0        60         0       107       104         0         3         0      1.703e+06
  113            163       131         0        32         0        78        74         0         4         0      1.701e+06
  114            216       146         0        70         0        84        78         0         6         0      1.697e+06
  115            177       140         0        37         0        62        60         0         2         0      1.694e+06
  116            158       122         0        36         0       112       103         0         9         0      1.681e+06
  117            161       123         0        38         0        60        60         0         0         0      1.678e+06
  118            157       122         0        35         0        78        77         0         1         0      1.677e+06
  119            446       348         0        98         0       153       152         0         1         0      1.672e+06
  120            417       328         0        89         0       181       179         0         2         0      1.672e+06
  121            203       151         0        52         0        54        54         0         0         0      1.672e+06
  122            206       129         0        77         0        66        59         0         7         0      1.672e+06
  123            167       105         0        62         0        57        57         0         0         0      1.671e+06
  124            169       159         0        10         0        83        83         0         0         0       1.61e+06
  125            159       148         0        11         0        83        82         0         1         0       1.61e+06
  126            163       144         0        19         0        84        80         0         4         0       1.61e+06
  127            183       147         0        36         0        79        72         0         7         0       1.61e+06
  128            160       129         0        31         0        69        68         0         1         0       1.61e+06
  129            152       130         0        22         0        71        70         0         1         0       1.61e+06
  130            159       101         0        58         0        57        50         0         7         0       1.61e+06
  131            142        96         0        46         0        73        56         0        17         0       1.61e+06
  132            142        85         0        57         0        51        37         0        14         0       1.61e+06
  133            128        74         0        54         0        47        40         0         7         0       1.61e+06
  134            105        64         0        41         0        28        25         0         3         0       1.61e+06
  135            130        98         0        32         0        49        47         0         2         0       1.61e+06
  136            117       101         0        16         0        56        55         0         1         0       1.61e+06
  137            102        60         0        42         0        25        21         0         4         0       1.61e+06
  138             74        47         0        27         0        21        20         0         1         0      1.592e+06
  139             54        33         0        21         0         8         7         0         1         0      1.592e+06
  140             70        40         0        30         0        17        17         0         0         0       1.58e+06
  141             44        25         0        19         0         6         6         0         0         0       1.58e+06
  142             43        24         0        19         0         8         7         0         1         0       1.58e+06
  143             38        21         0        17         0         8         6         0         2         0       1.58e+06
  144             58        32         0        26         0         9         8         0         1         0       1.58e+06
  145             33        16         0        17         0         5         5         0         0         0       1.58e+06
  146             16         9         0         7         0         0         0         0         0         0       1.58e+06
  147             24        13         0        11         0         1         1         0         0         0       1.58e+06
  148             18         8         0        10         0         2         2         0         0         0       1.58e+06
  149             13         7         0         6         0         1         1         0         0         0       1.58e+06
  150              6         3         0         3         0         0         0         0         0         0       1.58e+06
  151              5         2         0         3         0         1         0         0         1         0       1.58e+06
  152              2         2         0         0         0         0         0         0         0         0       1.58e+06
