===== Copy Generation Summary =====
#Iter       TotalGen  ind(reg)  mul(reg)  ind(csc)  mul(csc) TotalUsed  ind(reg)  mul(reg)  ind(csc)  mul(csc)            obj
    1           1074       122       182       770         0       172        27        57        88         0       3.35e+06
    2            994       111        72       811         0       141        34        30        77         0       3.35e+06
    3           1008        92        50       866         0       172        21        18       133         0      2.369e+06
    4           1008       103        25       880         0       216        33        13       170         0      1.356e+06
    5           1004        89        22       893         0       201        26         7       168         0      1.356e+06
    6            957        72         6       879         0       188        27         6       155         0      1.356e+06
    7            955        84        10       861         0       145        26         8       111         0      1.356e+06
    8            957       114        35       808         0       150        39        21        90         0      1.356e+06
    9            939       111        33       795         0       130        36        13        81         0      1.356e+06
   10            890       120        71       699         0       164        34        32        98         0      1.356e+06
   11            753        91        59       603         0       130        28        27        75         0      1.349e+06
   12            639        90        39       510         0       117        28        24        65         0      1.349e+06
   13            679       103        30       546         0       116        29        15        72         0      1.349e+06
   14            545        59        47       439         0        61        17        30        14         0      1.349e+06
   15            409        30        53       326         0        91        12        22        57         0      1.337e+06
   16            426        48        29       349         0        91        14         8        69         0      1.336e+06
   17            325        60        15       250         0        63        23         6        34         0      1.336e+06
   18            294        36        51       207         0        52        12        19        21         0      1.336e+06
   19            318        44        28       246         0        57        21        12        24         0      1.336e+06
   20            186        12        34       140         0        33         1        11        21         0      1.336e+06
   21            198        26        15       157         0        37         7         3        27         0      1.336e+06
   22            138        14         8       116         0        13         4         3         6         0      1.335e+06
   23            111         8         9        94         0        17         2         7         8         0      1.335e+06
   24            131        13        15       103         0        17         5         7         5         0      1.335e+06
   25             90         9        17        64         0        14         3         3         8         0      1.335e+06
   26             83         6        21        56         0        19         1        11         7         0      1.335e+06
   27             53         6        18        29         0         6         1         5         0         0      1.335e+06
   28            135        37         4        94         0        65        26         2        37         0      1.335e+06
   29             51         7        14        30         0        11         3         4         4         0      1.335e+06
   30             16         3         3        10         0         3         0         0         3         0      1.335e+06
   31             78         5         4         8        61        63         0         2         0        61      1.335e+06
