===== Copy Generation Summary =====
#Iter       TotalGen  ind(reg)  mul(reg)  ind(csc)  mul(csc) TotalUsed  ind(reg)  mul(reg)  ind(csc)  mul(csc)            obj
    1            459       333        15       111         0       217       184         7        26         0      9.448e+08
    2            447       391         0        56         0       240       216         0        24         0      8.123e+08
    3            446       348         0        98         0       254       217         0        37         0      6.333e+08
    4            446       387         0        59         0       232       217         0        15         0      4.927e+08
    5            446       351         0        95         0       228       183         0        45         0      4.407e+08
    6            446       362         0        84         0       237       200         0        37         0       3.94e+08
    7            446       403         0        43         0       242       224         0        18         0      3.592e+08
    8            446       378         0        68         0       231       206         0        25         0      3.246e+08
    9            447       358         0        89         0       244       205         0        39         0      2.987e+08
   10            445       410         3        32         0       241       231         2         8         0       2.76e+08
   11            446       381         0        65         0       236       218         0        18         0      2.509e+08
   12            442       392         0        50         0       254       239         0        15         0      2.398e+08
   13            442       355         0        87         0       268       245         0        23         0      2.254e+08
   14            439       375         0        64         0       239       221         0        18         0      2.111e+08
   15            436       376         2        58         0       235       211         0        24         0      1.994e+08
   16            440       380         0        60         0       209       186         0        23         0      1.862e+08
   17            444       368         1        75         0       253       226         0        27         0       1.78e+08
   18            432       409         0        23         0       253       247         0         6         0      1.673e+08
   19            426       376         0        50         0       238       232         0         6         0      1.579e+08
   20            434       383         0        51         0       300       286         0        14         0      1.416e+08
   21            427       389         0        38         0       232       218         0        14         0      1.321e+08
   22            424       392         0        32         0       235       222         0        13         0      1.201e+08
   23            424       389         0        35         0       251       242         0         9         0      1.148e+08
   24            424       338         0        86         0       248       228         0        20         0      1.096e+08
   25            426       363         0        63         0       220       192         0        28         0       1.03e+08
   26            424       342         0        82         0       223       182         0        41         0       9.87e+07
   27            424       409         0        15         0       249       246         0         3         0      9.099e+07
   28            430       365         8        57         0       230       210         6        14         0      8.812e+07
   29            424       369         0        55         0       256       251         0         5         0      8.357e+07
   30            424       343         0        81         0       240       225         0        15         0      8.205e+07
   31            424       369         0        55         0       226       203         0        23         0      7.749e+07
   32            423       381         0        42         0       220       215         0         5         0      7.306e+07
   33            429       354         7        68         0       239       219         4        16         0      7.099e+07
   34            430       394         8        28         0       226       206         7        13         0      6.854e+07
   35            424       365         0        59         0       216       199         0        17         0      6.609e+07
   36            424       377         0        47         0       235       219         0        16         0      6.317e+07
   37            424       361         0        63         0       217       209         0         8         0      6.072e+07
   38            426       341         0        85         0       223       203         0        20         0      5.925e+07
   39            424       382         0        42         0       213       191         0        22         0      5.882e+07
   40            423       389         0        34         0       225       215         0        10         0      5.836e+07
   41            432       342        12        78         0       231       207        10        14         0      5.708e+07
   42            444       340        27        77         0       234       199        12        23         0      5.678e+07
   43            424       403         0        21         0       251       249         0         2         0      5.546e+07
   44            427       381         6        40         0       240       232         3         5         0      5.463e+07
   45            424       298         0       126         0       213       158         0        55         0       5.39e+07
   46            436       354        16        66         0       198       182         9         7         0       5.34e+07
   47            454       352        43        59         0       237       207        21         9         0      5.313e+07
   48            428       333         8        87         0       219       198         2        19         0      5.285e+07
   49            423       358         4        61         0       235       220         3        12         0       5.25e+07
   50            451       319        47        85         0       223       170        19        34         0      5.237e+07
   51            470       324        70        76         0       243       174        62         7         0      5.201e+07
   52            434       305        23       106         0       203       173        11        19         0      5.171e+07
   53            428       305        21       102         0       183       168         6         9         0      5.149e+07
   54            433       321        32        80         0       202       170        17        15         0      5.117e+07
   55            454       313        67        74         0       222       161        47        14         0      5.109e+07
   56            431       316        41        74         0       188       166        18         4         0      5.087e+07
   57            436       324        50        62         0       197       157        34         6         0      5.066e+07
   58            417       308        37        72         0       192       165        18         9         0      5.053e+07
   59            418       296        43        79         0       228       186        18        24         0      5.037e+07
   60            425       300        35        90         0       244       207        21        16         0      4.968e+07
   61            432       290        54        88         0       217       181        31         5         0       4.95e+07
   62            418       323        44        51         0       238       213        21         4         0      4.939e+07
   63            404       302        33        69         0       185       167        16         2         0      4.934e+07
   64            396       283        17        96         0       184       161         0        23         0      4.926e+07
   65            423       268        43       112         0       139       102        23        14         0      4.915e+07
   66            409       314        42        53         0       204       187        16         1         0      4.905e+07
   67            383       227        18       138         0       130        99         3        28         0      4.892e+07
   68            389       276        26        87         0       187       167         8        12         0      4.863e+07
   69            386       235        23       128         0       131       112         3        16         0      4.839e+07
   70            378       301        18        59         0       185       177         3         5         0      4.829e+07
   71            387       250        37       100         0       134       120         9         5         0      4.816e+07
   72            380       277        19        84         0       175       165         0        10         0      4.801e+07
   73            381       239        38       104         0       145       121        15         9         0      4.795e+07
   74            379       297        17        65         0       165       155         2         8         0      4.767e+07
   75            385       241        24       120         0       136       128         7         1         0      4.764e+07
   76            394       235        31       128         0       157       133         9        15         0      4.749e+07
   77            372       228        42       102         0       112        88        16         8         0      4.741e+07
   78            372       264        33        75         0       188       171         7        10         0      4.714e+07
   79            379       230        55        94         0       138       107        24         7         0      4.707e+07
   80            389       214        65       110         0       129        90        29        10         0      4.692e+07
   81            355       239        43        73         0       144       123        14         7         0      4.675e+07
   82            353       249        25        79         0       125       120         2         3         0      4.659e+07
   83            344       193        42       109         0       146       119        17        10         0       4.65e+07
   84            320       189        39        92         0       136       103        13        20         0      4.644e+07
   85            326       191        34       101         0       119        95        13        11         0      4.632e+07
   86            338       205        51        82         0       103        83        17         3         0      4.625e+07
   87            316       196        48        72         0       106        91        13         2         0       4.62e+07
   88            293       176        39        78         0        99        84        12         3         0      4.617e+07
   89            261       118        22       121         0        88        43         5        40         0      4.615e+07
   90            282       132        30       120         0        63        45         8        10         0       4.61e+07
   91            304       156        71        77         0        96        61        31         4         0      4.605e+07
   92            261       175        37        49         0        99        88         6         5         0      4.598e+07
   93            240       124        36        80         0        62        50         9         3         0      4.596e+07
   94            246       144        18        84         0        59        55         2         2         0      4.592e+07
   95            305       206        18        81         0        95        93         0         2         0      4.585e+07
   96            229       131        37        61         0        61        56         2         3         0      4.582e+07
   97            220       173        25        22         0       110       106         4         0         0      4.578e+07
   98            207       103        23        81         0        46        40         3         3         0      4.577e+07
   99            197       143        26        28         0        79        74         2         3         0      4.575e+07
  100            215       148        25        42         0        84        76         4         4         0      4.572e+07
  101            208       142        21        45         0        89        81         3         5         0      4.571e+07
  102            204       137        34        33         0        60        49        11         0         0      4.566e+07
  103            217       102        31        84         0        72        57        11         4         0      4.559e+07
  104            184        80        19        85         0        57        55         0         2         0      4.557e+07
  105            219        73        50        96         0        66        31        29         6         0      4.556e+07
  106            183        71        25        87         0        40        32         2         6         0      4.553e+07
  107            187       101        17        69         0        39        35         0         4         0      4.545e+07
  108            190       105        21        64         0        51        48         1         2         0      4.542e+07
  109            192       115        23        54         0        71        66         0         5         0      4.536e+07
  110            184        93        21        70         0        86        62         4        20         0      4.531e+07
  111            192       150        20        22         0        90        86         0         4         0      4.529e+07
  112            193        98        19        76         0        42        31         0        11         0      4.526e+07
  113            188       130        24        34         0        22        22         0         0         0      4.521e+07
  114            178       115        22        41         0        56        54         0         2         0      4.521e+07
  115            175        77        31        67         0        36        27         6         3         0      4.519e+07
  116            172        98        18        56         0        49        48         0         1         0      4.515e+07
  117            150        75        19        56         0        20        17         3         0         0      4.514e+07
  118            170       105        17        48         0        34        30         2         2         0      4.509e+07
  119            146        77        22        47         0        25        19         3         3         0      4.507e+07
  120            131        76        17        38         0        20        17         0         3         0      4.502e+07
  121            139        65        22        52         0        22        16         5         1         0      4.498e+07
  122            174        93        43        38         0        59        38        20         1         0      4.497e+07
  123            119        58        24        37         0         7         5         2         0         0      4.494e+07
  124            121        50        27        44         0        23        15         5         3         0      4.489e+07
  125            125        60        27        38         0        18        12         3         3         0      4.487e+07
  126             95        32        32        31         0        20         8        10         2         0      4.486e+07
  127             92        32        19        41         0         6         6         0         0         0      4.484e+07
  128             67        27        23        17         0        10         6         2         2         0      4.482e+07
  129             67        28        28        11         0        12         8         4         0         0      4.481e+07
  130             56        25        19        12         0         7         6         0         1         0       4.48e+07
  131             53        18        23        12         0         5         0         4         1         0      4.479e+07
  132             64        30        19        15         0         6         6         0         0         0      4.478e+07
  133             76        27        22        27         0         7         4         2         1         0      4.478e+07
  134             62        25        18        19         0         5         5         0         0         0      4.478e+07
  135             41        16        21         4         0         5         3         2         0         0      4.478e+07
