Run time(sec):          10801
IP gap:8.453
======================= COST =======================
======================= COST =======================
Total:              2.003e+09
Cancel:             1.992e+09
Delay:                   5500
Swaps:              2.028e+06
PosViol:            4.825e+06
CSC:                3.917e+06

===================== DISRUPTION ===================
# Cancelled:             1200
# Delayed:                  6
# Swaps:                  169
# CSCs:                   163
Ttl delay(min):	           55
Avg delay(min):	            9
Min delay(min):	            1
Max delay(min):	           25

================= AIRPORT CAPACITY =================
SEA 2025-Jul-07 21:00:00 2025-Jul-07 22:00:00 1 1(1)
SEA 2025-Jul-07 22:00:00 2025-Jul-07 23:00:00 1 1(1)
SEA 2025-Jul-07 23:00:00 2025-Jul-08 00:00:00 1 1(1)
SEA 2025-Jul-08 00:00:00 2025-Jul-08 01:00:00 1 1(1)
SEA 2025-Jul-07 21:00:00 2025-Jul-07 22:00:00 2 6(0)
SEA 2025-Jul-07 22:00:00 2025-Jul-07 23:00:00 2 6(1)
SEA 2025-Jul-07 23:00:00 2025-Jul-08 00:00:00 2 6(3)
SEA 2025-Jul-08 00:00:00 2025-Jul-08 01:00:00 2 6(1)
PDX 2025-Jul-07 21:00:00 2025-Jul-07 22:00:00 1 10(1)
PDX 2025-Jul-07 21:00:00 2025-Jul-07 22:00:00 2 4(0)
PDX 2025-Jul-07 22:00:00 2025-Jul-07 23:00:00 1 5(0)
PDX 2025-Jul-07 23:00:00 2025-Jul-08 00:00:00 1 5(0)
PDX 2025-Jul-08 00:00:00 2025-Jul-08 01:00:00 1 5(0)
PDX 2025-Jul-08 01:00:00 2025-Jul-08 02:00:00 1 5(0)
PDX 2025-Jul-07 22:00:00 2025-Jul-07 23:00:00 2 4(0)
PDX 2025-Jul-07 23:00:00 2025-Jul-08 00:00:00 2 4(1)
PDX 2025-Jul-08 00:00:00 2025-Jul-08 01:00:00 2 4(0)
PDX 2025-Jul-08 01:00:00 2025-Jul-08 02:00:00 2 4(1)
BWI 2025-Jul-07 21:00:00 2025-Jul-08 00:00:00 1 0(0)
BWI 2025-Jul-07 21:00:00 2025-Jul-07 22:00:00 2 2(0)
BWI 2025-Jul-07 22:00:00 2025-Jul-07 23:00:00 2 2(0)
BWI 2025-Jul-07 23:00:00 2025-Jul-08 00:00:00 2 2(0)
BWI 2025-Jul-08 00:00:00 2025-Jul-08 04:00:00 1 0(0)
BWI 2025-Jul-08 00:00:00 2025-Jul-08 01:00:00 2 1(0)
BWI 2025-Jul-08 01:00:00 2025-Jul-08 02:00:00 2 1(0)
BWI 2025-Jul-08 02:00:00 2025-Jul-08 03:00:00 2 1(0)
BWI 2025-Jul-08 03:00:00 2025-Jul-08 04:00:00 2 1(0)
BWI 2025-Jul-08 04:00:00 2025-Jul-08 05:00:00 1 2(0)
BWI 2025-Jul-08 04:00:00 2025-Jul-08 05:00:00 2 2(0)
HNL 2025-Jul-07 21:00:00 2025-Jul-07 22:00:00 1 1(0)
HNL 2025-Jul-07 22:00:00 2025-Jul-07 23:00:00 1 1(1)
HNL 2025-Jul-07 23:00:00 2025-Jul-08 00:00:00 1 1(0)
HNL 2025-Jul-07 21:00:00 2025-Jul-08 00:00:00 2 0(0)

================= AIRCRAFT LOCATION ================
Aircraft     PlannedEnd      ActualEnd
N214AK            AUS            SEA
N224AK            ANC            PHX
N236AK            IAD            JFK
N237AK            SEA            LAS
N238AK            IAD            GEG
N247AK            SEA            SEA
N248AK            SEA            DEN
N251AK            EUG            SEA
N253AK            IND            SJC
N260AK            PDX            PDX
N264AK            OMA            ORD
N265AK            SFO            PDX
N267AK            PDX            SEA
N268AK            PDX            LAS
N270AK            SEA            ANC
N272AK            ORD            ANC
N273AK            JNU            PDX
N274AK            MKE            ORD
N275AK            LAS            LAX
N277AK            CMH            DEN
N280AK            PDX            SAN
N281AK            ABQ            ORD
N282AK            JFK            SEA
N283AK            PDX            SJC
N284AK            SJC            SEA
N285AK            SMF            RDM
N287AK            RDM            SEA
N288AK            ORD            SEA
N290AK            BNA            SEA
N291BT            SEA            ONT
N292AK            LAS            PHX
N293AK            ANC            PDX
N294AK            LAX            SAN
N296AK            PHX            SMF
N297AK            SFO            SEA
N298AK            LAX            BUR
N307AS            SEA            SEA
N309AS            JNU            LAS
N318AS            SEA            SEA
N402AS            LAS            BWI
N403AS            SAN            LAX
N408AS            ANC            PDX
N409AS            SFO            GEG
N413AS            SEA            SEA
N419AS            BOS            EUG
N423AS            LAX            LAX
N431AS            MCO            EWR
N433AS            CLE            PDX
N434AS            ANC            PDX
N435AS            GEG            PIT
N440AS            LAX            LAS
N442AS            SEA            SAT
N448AS            SEA            PDX
N453AS            JNU            ANC
N457AS            DFW            PAE
N459AS            SFO            SAN
N462AS            SFO            JNU
N464AS            ANC            DTW
N467AS            MCI            IAD
N469AS            GEG            SEA
N471AS            SEA            JNU
N472AS            SJC            SFO
N474AS            SEA            ANC
N477AS            TPA            BOS
N478AS            ANC            HNL
N481AS            PDX            SEA
N483AS            PDX            BWI
N486AS            SEA            SEA
N487AS            BNA            SFO
N491AS            PDX            PSP
N492AS            PDX            MCO
N493AS            PHL            SEA
N494AS            ANC            SEA
N495AS            HNL            MCO
N506AS            BOS            BOS
N508AS            DCA            SEA
N512AS            SNA            ANC
N513AS            SEA            SEA
N514AS            SFO            STS
N516AS            LAX            SEA
N517AS            SAN            SAN
N518AS            LAX            KOA
N519AS            SNA            SFO
N520AS            ANC            MCI
N523AS            SEA            LIH
N525AS            ANC            SFO
N526AS            SEA            ANC
N527AS            BWI            KOA
N529AS            SIT            PDX
N530AS            SJC            DCA
N531AS            SEA            ANC
N532AS            PDX            SAN
N535AS            SAN            DFW
N536AS            SEA            DCA
N537AS            DCA            LAS
N538AS            SEA            BOS
N546AS            SEA            SEA
N548AS            DEN            RDM
N549AS            ADQ            ADQ
N551AS            SEA            ANC
N552AS            SNA            SEA
N553AS            SEA            SEA
N556AS            SMF            PDX
N557AS            SAN            DEN
N560AS            SEA            SNA
N562AS            MSP            SEA
N564AS            ANC            SAN
N565AS            SEA            ADQ
N568AS            LAX            SEA
N569AS            SAN            SEA
N570AS            SAN            BOI
N577AS            SEA            LIH
N579AS            KOA            SEA
N581AS            BOS            SNA
N586AS            PDX            SEA
N587AS            PHX            SNA
N589AS            JFK            DCA
N590AS            DCA            SEA
N592AS            ORD            ANC
N593AS            LAS            LAS
N594AS            OAK            PDX
N596AS            SEA            LIH
N597AS            OGG            DCA
N607AS            ANC            SEA
N609AS            SIT            KTN
N611AS            SEA            ANC
N612AS            ANC            JNU
N613AS            RNO            SEA
N615AS            JNU            KTN
N618AS            ANC            PDX
N619AS            ANC            YAK
N622AS            SEA            PSG
N703AL            SEA            SEA
N705AL            LAX            SEA
N706AL            EWR            SEA
N707AL            EWR            TPA
N708AL            ORD            AUS
N709AL            TPA            CVG
N710AL            MSP            BOS
N712AL            LAX            ATL
N713AL            PDX            SAN
N716AL            MCO            SEA
N719AL            SEA            PDX
N720AL            BOS            OGG
N722AL            SEA            SEA
N723AL            DFW            OGG
N724AL            AUS            SEA
N725AL            SFO            SFO
N729AL            LAX            BOS
N731AL            MCO            MSY
N732AL            SEA            SEA
N733AL            PDX            LAS
N734AL            JFK            JNU
N738AL            SEA            FAI
N801AK            ANC            BRW
N803AK            JFK            JFK
N804AK            SEA            LAX
N805AK            LAX            LAX
N806AK            LAX            LAX
N809AK            SEA            DFW
N812AK            SFO            SFO
N813AK            SEA            SAN
N903AK            PDX            PDX
N912AK            SAN            SAN
N913AK            GEG            PDX
N915AK            SEA            SEA
N917AK            ONT            ONT
N918AK            RDU            SFO
N919AK            PHX            AUS
N920AK            ATL            TPA
N921AK            AUS            BNA
N924AK            EWR            MSP
N926AK            MSY            OMA
N928AK            DEN            ONT
N929AK            SEA            SFO
N931AK            PDX            LAS
N932AK            SFO            BOS
N933AK            ORD            JFK
N934AK            ANC            PDX
N935AK            SAN            MSP
N936AK            SEA            FAI
N938AK            LAX            OGG
N941AK            IAH            OGG
N942AK            ORD            SEA
N947AK            FAI            MIA
N948AK            LAX            SEA
N949AK            FAI            MCO
N952AK            SEA            BOI
N953AK            CVG            ANC
N954AK            PDX            SEA
N955AK            SFO            SEA
N956AK            PIT            ORD
N958AK            SAT            IAH
N960AK            BOS            SEA
N961AK            PHX            BUR
N962AK            SFO            LAX
N963AK            LAX            SEA
N964AK            IAH            GEG
N966AK            SFO            SAN
N967AK            LAX            BUR
N968AK            JFK            JFK
N969AK            PDX            JFK
N972AK            SFO            ANC
N973AK            ONT            ABQ
N974AK            BOI            EWR
N975AK            LAS            FAI
N976AK            STL            CMH
N977AK            SEA            SEA
N978AK            IAD            SEA
N982AK            SEA            GEG
N983AK            ATL            ORD
N984AK            FAI            SJC
N985AK            DEN            PDX
N990AK            LAX            IAD
N407AS            SEA            MKE
N428AS            LAX            SEA
N468AS            DTW            SEA
N479AS            SEA            IAD
N563AS            GEG            MCI
N566AS            SFO            SEA
N588AS            ANC            SEA
N614AS            ANC            SAN
N946AK            BUR            LAX
N971AK            BUR            IAD
N979AK            SAN            DFW
