Run time(sec):            797
IP gap:inf
======================= COST =======================
======================= COST =======================
Total:              6.043e+08
Cancel:              5.85e+08
Delay:              1.035e+07
Swaps:              7.416e+06
PosViol:              1.5e+06
CSC:                        0

===================== DISRUPTION ===================
# Cancelled:              585
# Delayed:                492
# Swaps:                  618
# CSCs:                     0
Ttl delay(min):	    1.035e+05
Avg delay(min):	          210
Min delay(min):	           30
Max delay(min):	          360

================= AIRPORT CAPACITY =================

================= AIRCRAFT LOCATION ================
Aircraft     PlannedEnd      ActualEnd
N214AK            AUS            SEA
N224AK            ANC            GEG
N236AK            IAD            TPA
N237AK            SEA            ANC
N238AK            IAD            SAN
N247AK            SEA            AUS
N248AK            SEA            SEA
N251AK            EUG            PHL
N253AK            IND            EUG
N260AK            PDX            PDX
N264AK            OMA            SEA
N265AK            SFO            PDX
N267AK            PDX            ORD
N268AK            PDX            PDX
N270AK            SEA            SEA
N272AK            ORD            SEA
N273AK            JNU            PHX
N274AK            MKE            PDX
N275AK            LAS            LAS
N277AK            CMH            LAX
N280AK            PDX            PDX
N281AK            ABQ            ABQ
N282AK            JFK            SEA
N283AK            PDX            MKE
N284AK            SJC            FLL
N285AK            SMF            SEA
N287AK            RDM            SMF
N288AK            ORD            SJC
N290AK            BNA            BNA
N291BT            SEA            SEA
N292AK            LAS            RDM
N293AK            ANC            JNU
N294AK            LAX            SEA
N296AK            PHX            SEA
N297AK            SFO            ANC
N298AK            LAX            SEA
N307AS            SEA            SEA
N309AS            JNU            JNU
N318AS            SEA            SEA
N402AS            LAS            SEA
N403AS            SAN            BNA
N408AS            ANC            HNL
N409AS            SFO            LAX
N413AS            SEA            ORD
N419AS            BOS            SEA
N423AS            LAX            IND
N431AS            MCO            EWR
N433AS            CLE            SFO
N434AS            ANC            ORD
N435AS            GEG            SEA
N440AS            LAX            SEA
N442AS            SEA            SEA
N448AS            SEA            SEA
N453AS            JNU            SEA
N457AS            DFW            PHX
N459AS            SFO            PDX
N462AS            SFO            LAX
N464AS            ANC            SEA
N467AS            MCI            SEA
N469AS            GEG            SAN
N471AS            SEA            SEA
N472AS            SJC            SAN
N474AS            SEA            SEA
N477AS            TPA            SEA
N478AS            ANC            ANC
N481AS            PDX            JFK
N483AS            PDX            SEA
N486AS            SEA            SMF
N487AS            BNA            SEA
N491AS            PDX            DTW
N492AS            PDX            PDX
N493AS            PHL            ANC
N494AS            ANC            SEA
N495AS            HNL            OMA
N506AS            BOS            SEA
N508AS            DCA            OAK
N512AS            SNA            LAX
N513AS            SEA            SEA
N514AS            SFO            SNA
N516AS            LAX            PDX
N517AS            SAN            SEA
N518AS            LAX            KOA
N519AS            SNA            SEA
N520AS            ANC            SEA
N523AS            SEA            SAN
N525AS            ANC            SEA
N526AS            SEA            SMF
N527AS            BWI            MSP
N529AS            SIT            ANC
N530AS            SJC            BOS
N531AS            SEA            BWI
N532AS            PDX            SAN
N535AS            SAN            SEA
N536AS            SEA            SEA
N537AS            DCA            PDX
N538AS            SEA            SAN
N546AS            SEA            ANC
N548AS            DEN            SEA
N549AS            ADQ            ADQ
N551AS            SEA            SEA
N552AS            SNA            SEA
N553AS            SEA            SNA
N556AS            SMF            ANC
N557AS            SAN            SEA
N560AS            SEA            PDX
N562AS            MSP            KOA
N564AS            ANC            SEA
N565AS            SEA            ANC
N568AS            LAX            SAN
N569AS            SAN            BOS
N570AS            SAN            SEA
N577AS            SEA            SAN
N579AS            KOA            LAX
N581AS            BOS            SFO
N586AS            PDX            SIT
N587AS            PHX            SAN
N589AS            JFK            LAX
N590AS            DCA            LAX
N592AS            ORD            LAS
N593AS            LAS            PAE
N594AS            OAK            DEN
N596AS            SEA            SEA
N597AS            OGG            SAN
N607AS            ANC            ANC
N609AS            SIT            ANC
N611AS            SEA            SIT
N612AS            ANC            ANC
N613AS            RNO            RNO
N615AS            JNU            JNU
N618AS            ANC            SEA
N619AS            ANC            JNU
N622AS            SEA            JNU
N703AL            SEA            OGG
N705AL            LAX            CVG
N706AL            EWR            SEA
N707AL            EWR            RDU
N708AL            ORD            SFO
N709AL            TPA            SEA
N710AL            MSP            SEA
N712AL            LAX            SEA
N713AL            PDX            BOS
N716AL            MCO            EWR
N719AL            SEA            SFO
N720AL            BOS            SEA
N722AL            SEA            DEN
N723AL            DFW            PIT
N724AL            AUS            SEA
N725AL            SFO            ONT
N729AL            LAX            EWR
N731AL            MCO            SEA
N732AL            SEA            ONT
N733AL            PDX            SFO
N734AL            JFK            JFK
N738AL            SEA            SEA
N801AK            ANC            ANC
N803AK            JFK            JFK
N804AK            SEA            SEA
N805AK            LAX            LAX
N806AK            LAX            LAX
N809AK            SEA            SEA
N812AK            SFO            SFO
N813AK            SEA            SEA
N903AK            PDX            PDX
N912AK            SAN            EWR
N913AK            GEG            LAS
N915AK            SEA            FAI
N917AK            ONT            DFW
N918AK            RDU            SAT
N919AK            PHX            SEA
N920AK            ATL            SEA
N921AK            AUS            SEA
N924AK            EWR            BOS
N926AK            MSY            SEA
N928AK            DEN            SEA
N929AK            SEA            SEA
N931AK            PDX            SFO
N932AK            SFO            IAD
N933AK            ORD            JFK
N934AK            ANC            LAX
N935AK            SAN            SEA
N936AK            SEA            SEA
N938AK            LAX            SEA
N941AK            IAH            SEA
N942AK            ORD            SEA
N947AK            FAI            SEA
N948AK            LAX            LAX
N949AK            FAI            SEA
N952AK            SEA            SEA
N953AK            CVG            SAN
N954AK            PDX            PDX
N955AK            SFO            ANC
N956AK            PIT            SEA
N958AK            SAT            SEA
N960AK            BOS            SEA
N961AK            PHX            PDX
N962AK            SFO            LAX
N963AK            LAX            AUS
N964AK            IAH            LAX
N966AK            SFO            MCO
N967AK            LAX            PDX
N968AK            JFK            SEA
N969AK            PDX            JFK
N972AK            SFO            SEA
N973AK            ONT            SEA
N974AK            BOI            FAI
N975AK            LAS            SEA
N976AK            STL            SEA
N977AK            SEA            SEA
N978AK            IAD            ATL
N982AK            SEA            ATL
N983AK            ATL            ORD
N984AK            FAI            SEA
N985AK            DEN            LAX
N990AK            LAX            LAX
N407AS            SEA            SEA
N428AS            LAX            LAX
N468AS            DTW            MCO
N479AS            SEA            SFO
N563AS            GEG            SEA
N566AS            SFO            SFO
N588AS            ANC            LAX
N614AS            ANC            SEA
N946AK            BUR            IAH
N971AK            BUR            LAX
N979AK            SAN            SEA
