Objective:	6.04266e+08
Total CPU time:	00:13:17
================== Aircraft Recovery Schedule ==================
N214AK[30]
375(7/7IAD13:00---SEA18:47)
2025-Jul-07 19:17:00
2025-Jul-09 15:30:00
--------------------------------------------------------
N224AK[45]
2025-Jul-07 15:00:00
731-d0(7/7PHX17:00---PAE20:03)
732-d0(7/7PAE21:00---PHX00:03)
603-d360(7/8PHX00:52---SEA03:58)
99-d360(7/8SEA04:58---ANC08:42)
70-d360(7/8ANC09:45---JNU11:27)
73-d0(7/8JNU15:34---ANC17:24)
108-d0(7/8ANC18:22---FAI19:27)
140-d0(7/8FAI20:17---SEA00:00)
697001-d300(7/9SEA00:52---MSO02:17)
697-d300(7/9MSO03:13---SEA04:51)
1098-d300(7/9SEA05:59---SAN08:54)
1067-d360(7/9SAN09:59---GEG12:44)
2025-Jul-09 15:45:00
--------------------------------------------------------
N236AK[55]
1258(7/7SEA14:00---SAN16:50)
2025-Jul-07 17:45:00
474-d0(7/7SAN18:58---ATL23:25)
334-d60(7/8ATL00:31---SEA06:07)
205-d270(7/8SEA07:06---JNU09:35)
70001-d270(7/8JNU10:45---SIT11:29)
73001-d0(7/8SIT14:00---JNU14:44)
142-d60(7/8JNU16:08---SEA18:36)
1112-d60(7/8SEA19:31---SFO21:47)
1225-d60(7/8SFO22:45---SEA00:54)
1054-d0(7/9SEA01:55---LAX04:42)
1301-d330(7/9LAX05:45---SEA08:30)
360-d210(7/9SEA09:28---TPA14:55)
2025-Jul-09 15:55:00
--------------------------------------------------------
N237AK[55]
2025-Jul-07 15:00:00
648-d0(7/7SEA15:00---TUS18:10)
641-d0(7/7TUS19:06---SEA22:20)
941-d0(7/7SEA23:25---ORD03:30)
337-d360(7/8ORD04:54---SEA09:34)
452-d210(7/8SEA10:29---IAH14:50)
399-d120(7/8IAH16:00---SEA20:45)
509-d0(7/8SEA22:15---SLC00:18)
510-d30(7/9SLC01:42---SEA04:00)
744-d360(7/9SEA04:59---PHX07:57)
141-d360(7/9PHX08:57---ANC14:48)
2025-Jul-09 15:55:00
--------------------------------------------------------
N238AK[40]
1074(7/7PDX14:25---SAN17:00)
2025-Jul-07 17:40:00
2025-Jul-09 15:40:00
--------------------------------------------------------
N247AK[50]
512(7/7SFO14:00---AUS17:36)
2025-Jul-07 18:26:00
2025-Jul-09 15:50:00
--------------------------------------------------------
N248AK[30]
537(7/7BOS13:20---SEA19:35)
2025-Jul-07 20:05:00
2025-Jul-09 15:30:00
--------------------------------------------------------
N251AK[50]
2025-Jul-07 15:00:00
1410-d0(7/7SFO15:00---PDX16:45)
1161-d30(7/7PDX18:00---PHX20:46)
1238-d30(7/7PHX21:46---PDX00:29)
1062-d30(7/8PDX01:34---BUR03:53)
1150-d330(7/8BUR04:44---SEA07:24)
980-d240(7/8SEA08:40---SFO10:59)
1410-d0(7/8SFO15:00---PDX16:45)
1239-d240(7/8PDX18:00---PHX20:46)
1238-d30(7/8PHX21:46---PDX00:29)
1016-d300(7/9PDX01:25---SEA02:25)
1214-d210(7/9SEA03:34---SJC05:45)
1047-d330(7/9SJC06:41---SEA08:48)
444-d330(7/9SEA09:45---PHL14:55)
2025-Jul-09 15:50:00
--------------------------------------------------------
N253AK[35]
2025-Jul-07 15:00:00
83-d0(7/7SEA16:00---ANC19:35)
162-d0(7/7ANC20:40---SEA00:13)
424-d0(7/8SEA00:59---DFW04:59)
550-d240(7/8DFW05:36---SEA09:59)
924-d300(7/8SEA10:48---RDM11:59)
943-d0(7/8RDM13:00---SEA14:14)
682001-d0(7/8SEA15:06---DEN17:53)
682-d0(7/8DEN18:49---SEA21:48)
445-d0(7/8SEA23:08---RNO00:59)
523-d0(7/9RNO01:47---SEA03:42)
1048001-d210(7/9SEA04:29---LAX07:20)
1215-d330(7/9LAX07:55---SEA10:47)
161-d360(7/9SEA11:47---EUG13:01)
2025-Jul-09 15:35:00
--------------------------------------------------------
N260AK[60]
2025-Jul-07 15:00:00
2025-Jul-09 16:00:00
--------------------------------------------------------
N264AK[30]
2025-Jul-07 15:00:00
2025-Jul-09 15:30:00
--------------------------------------------------------
N265AK[55]
541(7/7AUS12:37---PDX16:50)
2025-Jul-07 17:45:00
2025-Jul-09 15:55:00
--------------------------------------------------------
N267AK[60]
2025-Jul-07 15:00:00
57-d0(7/7ANC16:00---FAI17:05)
234-d0(7/7FAI18:05---SEA21:43)
658-d210(7/7SEA22:48---LAS01:32)
756-d330(7/8LAS02:43---PDX05:05)
1370-d330(7/8PDX06:05---AUS10:12)
541-d0(7/8AUS12:37---PDX16:50)
757-d0(7/8PDX17:50---LAS20:09)
676-d30(7/8LAS21:34---SEA00:20)
538-d30(7/9SEA01:24---ORD05:29)
2025-Jul-09 16:00:00
--------------------------------------------------------
N268AK[55]
413(7/7ORD12:00---PDX16:25)
2025-Jul-07 17:20:00
121-d0(7/7PDX17:53---BUR20:12)
1290-d180(7/7BUR21:30---SEA00:08)
620001-d240(7/8SEA01:03---DEN03:44)
620-d300(7/8DEN04:50---SEA07:50)
780-d360(7/8SEA08:59---ABQ11:59)
618-d0(7/8ABQ14:00---SEA17:15)
79-d210(7/8SEA18:30---ANC22:06)
198-d360(7/8ANC23:05---PDX02:44)
1204-d360(7/9PDX03:49---SAN06:22)
1294-d360(7/9SAN07:18---PDX09:50)
2025-Jul-09 15:55:00
--------------------------------------------------------
N270AK[45]
2025-Jul-07 15:00:00
2025-Jul-09 15:45:00
--------------------------------------------------------
N272AK[50]
2025-Jul-07 15:00:00
2025-Jul-09 15:50:00
--------------------------------------------------------
N273AK[45]
289(7/7EWR11:52---LAX17:46)
2025-Jul-07 18:31:00
193-d0(7/9LAX02:45---ANC08:08)
172-d120(7/9ANC09:13---PHX14:45)
2025-Jul-09 15:45:00
--------------------------------------------------------
N274AK[50]
2025-Jul-07 15:00:00
329-d0(7/7ORD15:00---SEA19:34)
1198-d0(7/7SEA21:05---SAN23:55)
1097-d240(7/8SAN00:45---SEA03:45)
919-d0(7/8SEA04:55---RDU10:00)
920-d0(7/8RDU11:36---SEA17:30)
1150001-d0(7/8SEA19:48---BUR22:19)
1150-d0(7/8BUR23:14---SEA01:54)
1092-d210(7/9SEA02:48---LAX05:35)
1397-d330(7/9LAX06:37---PDX09:00)
2025-Jul-09 15:50:00
--------------------------------------------------------
N275AK[55]
683(7/7ORD13:00---SEA17:39)
2025-Jul-07 18:34:00
352-d0(7/7SEA19:43---AUS23:55)
513-d0(7/8AUS01:45---SFO05:29)
776-d300(7/8SFO06:40---LAS08:25)
393-d0(7/8LAS14:00---PAE16:40)
385-d0(7/8PAE17:40---PHX20:43)
396-d0(7/8PHX21:43---PAE00:44)
391-d0(7/9PAE01:44---LAS04:17)
2025-Jul-09 15:55:00
--------------------------------------------------------
N277AK[45]
2025-Jul-07 15:00:00
1254-d0(7/7SEA15:27---ONT18:05)
1111-d0(7/7ONT19:00---SEA21:38)
71-d240(7/7SEA22:43---JNU01:19)
176-d240(7/8JNU02:15---SEA04:42)
105-d210(7/8SEA05:29---ANC09:08)
172-d180(7/8ANC10:13---PHX15:45)
645-d150(7/8PHX16:35---SEA19:39)
414-d330(7/8SEA20:47---DFW00:49)
415-d330(7/9DFW01:49---SEA06:04)
1224-d240(7/9SEA06:55---LAX09:46)
2025-Jul-09 15:45:00
--------------------------------------------------------
N280AK[55]
1089(7/7LAS14:05---PDX16:24)
2025-Jul-07 17:19:00
2025-Jul-09 15:55:00
--------------------------------------------------------
N281AK[30]
2025-Jul-07 15:00:00
572001-d0(7/7SEA15:55---RDU21:01)
572-d0(7/7RDU22:01---SEA03:56)
1098-d210(7/8SEA04:29---SAN07:24)
1020-d210(7/8SAN08:20---MCO13:30)
395-d180(7/8MCO14:20---SEA20:30)
932-d150(7/8SEA21:06---ABQ00:07)
933-d150(7/9ABQ01:01---SEA04:11)
960-d240(7/9SEA04:43---GEG05:50)
965-d240(7/9GEG06:44---SEA08:00)
780-d360(7/9SEA08:59---ABQ11:59)
2025-Jul-09 15:30:00
--------------------------------------------------------
N282AK[60]
2025-Jul-07 15:00:00
90-d0(7/7SIT15:15---SEA17:39)
738-d60(7/7SEA18:40---LAS21:19)
634-d0(7/7LAS22:39---SFO00:20)
534-d270(7/8SFO01:29---AUS05:15)
339-d360(7/8AUS06:30---SEA11:07)
1258-d0(7/8SEA14:00---SAN16:50)
1259-d60(7/8SAN18:00---SEA21:00)
442-d330(7/8SEA22:12---PHL03:17)
443-d330(7/9PHL04:22---SEA10:27)
2025-Jul-09 16:00:00
--------------------------------------------------------
N283AK[50]
2025-Jul-07 15:00:00
1314-d0(7/7SJC19:02---SEA21:10)
175-d150(7/7SEA22:25---ANC01:57)
56-d240(7/8ANC02:50---SEA06:20)
959-d90(7/8SEA07:22---GEG08:29)
963-d0(7/8GEG14:00---SEA15:14)
313001-d60(7/8SEA16:30---DTW20:50)
313-d60(7/8DTW21:46---SEA02:45)
241-d150(7/9SEA03:40---MKE07:29)
2025-Jul-09 15:50:00
--------------------------------------------------------
N284AK[40]
943(7/7RDM13:00---SEA14:14)
516(7/7SEA14:55---FLL20:52)
2025-Jul-07 21:32:00
2025-Jul-09 15:40:00
--------------------------------------------------------
N285AK[30]
383(7/7BNA12:00---SEA17:06)
2025-Jul-07 17:36:00
2025-Jul-09 15:30:00
--------------------------------------------------------
N287AK[55]
139(7/7ORD14:30---ANC21:15)
2025-Jul-07 22:10:00
226-d0(7/7ANC22:20---SEA01:50)
1086-d270(7/8SEA02:55---ONT05:34)
1087-d300(7/8ONT06:58---SEA09:37)
380-d360(7/8SEA10:45---DTW15:05)
381-d300(7/8DTW16:00---SEA20:57)
312001-d360(7/8SEA22:06---OMA01:17)
312-d360(7/9OMA02:14---SEA05:54)
1194-d240(7/9SEA06:54---SMF08:52)
2025-Jul-09 15:55:00
--------------------------------------------------------
N288AK[55]
2025-Jul-07 15:00:00
479-d0(7/7LAS15:00---SEA17:40)
1290001-d240(7/7SEA19:00---BUR21:36)
122-d90(7/7BUR22:37---PDX00:55)
1176-d90(7/8PDX02:00---PHX04:50)
141-d180(7/8PHX05:57---ANC11:48)
54-d210(7/8ANC12:59---SEA16:30)
1166-d150(7/8SEA17:40---SFO19:59)
1075-d150(7/8SFO20:55---SEA23:07)
733-d330(7/9SEA00:08---SLC02:14)
734-d330(7/9SLC03:09---SEA05:24)
1310-d300(7/9SEA06:36---SJC08:51)
2025-Jul-09 15:55:00
--------------------------------------------------------
N290AK[30]
358(7/7PDX14:00---BOS19:25)
2025-Jul-07 19:55:00
304-d0(7/7BOS20:25---SEA02:48)
602-d270(7/8SEA03:19---DEN06:02)
615-d240(7/8DEN06:32---SEA09:42)
161-d270(7/8SEA10:17---EUG11:31)
132-d0(7/8EUG13:00---SEA14:15)
648-d0(7/8SEA15:00---TUS18:10)
641-d0(7/8TUS19:06---SEA22:20)
535001-d330(7/8SEA22:50---DEN01:37)
535-d330(7/9DEN02:33---SEA05:30)
382-d330(7/9SEA06:13---BNA10:29)
2025-Jul-09 15:30:00
--------------------------------------------------------
N291BT[30]
627(7/7TPA11:00---SEA17:06)
2025-Jul-07 17:36:00
2025-Jul-09 15:30:00
--------------------------------------------------------
N292AK[45]
473(7/7STL11:41---SEA16:10)
2025-Jul-07 16:55:00
1108-d0(7/7SEA16:58---SAN19:49)
1297-d0(7/7SAN21:15---PDX23:49)
1455-d0(7/8PDX00:49---ANC04:40)
134-d300(7/8ANC05:30---SEA09:00)
1039-d300(7/8SEA09:45---GEG10:58)
966-d0(7/8GEG13:00---SEA14:15)
516-d30(7/8SEA15:25---FLL21:22)
517-d30(7/8FLL22:22---SEA04:50)
924-d0(7/9SEA05:48---RDM06:59)
2025-Jul-09 15:45:00
--------------------------------------------------------
N293AK[60]
2025-Jul-07 15:00:00
23-d0(7/7JFK17:00---SEA23:08)
1046-d120(7/8SEA00:08---SJC02:17)
1047-d150(7/8SJC03:41---SEA05:48)
1004-d240(7/8SEA06:59---GEG08:09)
215-d0(7/8GEG16:45---SEA18:00)
405001-d240(7/8SEA19:11---OKC22:48)
405-d270(7/9OKC00:14---SEA04:08)
69001-d240(7/9SEA05:35---KTN07:44)
69-d270(7/9KTN08:59---JNU10:00)
2025-Jul-09 16:00:00
--------------------------------------------------------
N294AK[50]
281(7/7BNA14:00---SEA19:03)
2025-Jul-07 19:53:00
2025-Jul-09 15:50:00
--------------------------------------------------------
N296AK[50]
2025-Jul-07 15:00:00
2025-Jul-09 15:50:00
--------------------------------------------------------
N297AK[35]
2025-Jul-07 15:00:00
2025-Jul-09 15:35:00
--------------------------------------------------------
N298AK[55]
533(7/7ATL13:30---SEA18:51)
2025-Jul-07 19:46:00
2025-Jul-09 15:55:00
--------------------------------------------------------
N307AS[60]
168(7/7FAI08:14---SEA12:00)
2025-Jul-07 15:00:00
2025-Jul-09 16:00:00
--------------------------------------------------------
N309AS[30]
2025-Jul-07 15:00:00
612-d0(7/7SEA15:46---LAS18:25)
785-d0(7/7LAS19:40---SEA22:24)
1284-d30(7/7SEA23:14---SFO01:27)
1065-d30(7/8SFO02:23---SEA04:41)
185-d0(7/8SEA05:55---JNU08:25)
42-d0(7/8JNU09:55---SEA12:23)
1306-d0(7/8SEA15:00---LAX17:49)
1305-d0(7/8LAX18:55---SEA21:39)
962-d0(7/8SEA23:03---GEG00:13)
964-d0(7/9GEG01:07---SEA02:21)
205-d30(7/9SEA03:06---JNU05:35)
2025-Jul-09 15:30:00
--------------------------------------------------------
N318AS[40]
2025-Jul-07 15:00:00
215-d0(7/7GEG17:03---SEA18:18)
722-d0(7/7SEA19:27---PHX22:30)
975-d30(7/7PHX23:17---SEA02:22)
1194-d30(7/8SEA03:24---SMF05:22)
1217-d0(7/8SMF13:15---SEA15:15)
2025-Jul-09 15:40:00
--------------------------------------------------------
N402AS[60]
1041(7/7BUR14:00---SEA16:37)
2025-Jul-07 17:37:00
2025-Jul-09 16:00:00
--------------------------------------------------------
N403AS[50]
188(7/7ANC13:00---SEA16:30)
2025-Jul-07 17:20:00
1256-d0(7/7SEA18:05---PSP20:59)
582-d60(7/7PSP22:10---SEA01:00)
1132-d330(7/8SEA02:05---SFO04:18)
922-d90(7/8SFO05:19---SEA07:32)
115-d210(7/8SEA08:29---FAI12:19)
210-d0(7/8FAI13:52---SEA17:40)
1010-d30(7/8SEA18:50---GEG19:59)
1011-d30(7/8GEG20:53---SEA22:07)
600-d30(7/8SEA23:12---LAS01:46)
634-d240(7/9LAS02:39---SFO04:20)
591-d330(7/9SFO05:14---SEA07:24)
400-d120(7/9SEA08:18---BNA12:40)
2025-Jul-09 15:50:00
--------------------------------------------------------
N408AS[55]
2025-Jul-07 15:00:00
1268-d0(7/7PDX16:00---BNA20:19)
1269-d0(7/7BNA21:19---PDX02:15)
946-d360(7/8PDX03:30---BOI04:48)
1019-d360(7/8BOI05:43---SEA07:20)
1168-d360(7/8SEA08:25---BUR10:59)
1063-d0(7/8BUR14:20---PDX16:37)
499-d270(7/8PDX17:35---SEA18:39)
1096-d60(7/8SEA19:41---SAN22:38)
1135-d60(7/8SAN23:35---SEA02:31)
228-d30(7/9SEA03:55---ANC07:34)
827-d360(7/9ANC08:55---HNL14:59)
2025-Jul-09 15:55:00
--------------------------------------------------------
N409AS[55]
150(7/7ANC08:34---LAX13:55)
2025-Jul-07 15:00:00
2025-Jul-09 15:55:00
--------------------------------------------------------
N413AS[40]
324(7/7PDX14:02---ORD18:07)
2025-Jul-07 18:47:00
2025-Jul-09 15:40:00
--------------------------------------------------------
N419AS[60]
2025-Jul-07 15:00:00
2025-Jul-09 16:00:00
--------------------------------------------------------
N423AS[30]
446(7/7PHL10:45---SEA16:42)
2025-Jul-07 17:12:00
101-d0(7/7SEA17:12---KTN19:17)
102-d0(7/7KTN20:13---SEA22:15)
744-d0(7/7SEA22:59---PHX01:57)
662-d90(7/8PHX02:35---PDX05:18)
376-d330(7/8PDX06:05---ORD10:09)
942-d0(7/8ORD11:00---SEA15:37)
1133-d0(7/8SEA17:03---SMF19:03)
1281-d0(7/8SMF19:57---SEA21:54)
1216-d210(7/8SEA22:31---SMF00:31)
1358-d210(7/9SMF01:26---SEA03:24)
688-d240(7/9SEA03:59---LAS06:34)
403-d270(7/9LAS07:15---SEA10:07)
545-d360(7/9SEA10:45---IND15:00)
2025-Jul-09 15:30:00
--------------------------------------------------------
N431AS[55]
292(7/7SFO14:54---EWR20:29)
2025-Jul-07 21:24:00
2025-Jul-09 15:55:00
--------------------------------------------------------
N433AS[45]
2025-Jul-07 15:00:00
2025-Jul-09 15:45:00
--------------------------------------------------------
N434AS[40]
408(7/7SEA13:00---ORD17:07)
2025-Jul-07 17:47:00
2025-Jul-09 15:40:00
--------------------------------------------------------
N435AS[55]
920(7/7RDU11:36---SEA17:30)
2025-Jul-07 18:25:00
2025-Jul-09 15:55:00
--------------------------------------------------------
N440AS[30]
459(7/7BOS11:20---SEA17:38)
2025-Jul-07 18:08:00
2025-Jul-09 15:30:00
--------------------------------------------------------
N442AS[55]
542(7/7SEA07:25---DFW11:20)
365(7/7DFW14:00---SEA18:27)
2025-Jul-07 19:22:00
2025-Jul-09 15:55:00
--------------------------------------------------------
N448AS[45]
242(7/7MKE11:30---SEA15:53)
2025-Jul-07 16:38:00
2025-Jul-09 15:45:00
--------------------------------------------------------
N453AS[50]
42(7/7JNU09:55---SEA12:23)
2025-Jul-07 15:00:00
2025-Jul-09 15:50:00
--------------------------------------------------------
N457AS[45]
606(7/7SEA14:55---PHX17:52)
2025-Jul-07 18:37:00
2025-Jul-09 15:45:00
--------------------------------------------------------
N459AS[50]
1063(7/7BUR14:20---PDX16:37)
2025-Jul-07 17:27:00
2025-Jul-09 15:50:00
--------------------------------------------------------
N462AS[30]
2025-Jul-07 15:00:00
142-d0(7/7JNU15:38---SEA18:06)
1010-d0(7/7SEA18:39---GEG19:48)
1011-d0(7/7GEG20:23---SEA21:37)
733-d180(7/7SEA22:10---SLC00:16)
734-d210(7/8SLC01:09---SEA03:24)
N462AS_SEA-03:34/06:34-d0(7/8SEA03:34---7/8 06:34)
427-d0(7/8SEA06:49---CVG11:07)
428-d0(7/8CVG12:40---SEA17:39)
934001-d0(7/8SEA18:20---EUG19:36)
934-d0(7/8EUG20:30---SEA21:48)
1086-d0(7/8SEA22:25---ONT01:04)
1087-d0(7/9ONT01:58---SEA04:37)
1004-d150(7/9SEA05:29---GEG06:39)
1280-d330(7/9GEG07:19---LAX10:05)
2025-Jul-09 15:30:00
--------------------------------------------------------
N464AS[55]
453(7/7IAH11:00---SEA15:40)
2025-Jul-07 16:35:00
2025-Jul-09 15:55:00
--------------------------------------------------------
N467AS[40]
132(7/7EUG13:00---SEA14:15)
2025-Jul-07 15:00:00
2025-Jul-09 15:40:00
--------------------------------------------------------
N469AS[30]
1130(7/7GEG14:00---SAN16:47)
2025-Jul-07 17:17:00
2025-Jul-09 15:30:00
--------------------------------------------------------
N471AS[60]
643(7/7DEN12:00---SEA15:01)
2025-Jul-07 16:01:00
2025-Jul-09 16:00:00
--------------------------------------------------------
N472AS[50]
35(7/7JFK14:00---SAN19:52)
2025-Jul-07 20:42:00
2025-Jul-09 15:50:00
--------------------------------------------------------
N474AS[40]
942(7/7ORD11:00---SEA15:37)
2025-Jul-07 16:17:00
2025-Jul-09 15:40:00
--------------------------------------------------------
N477AS[60]
963(7/7GEG14:00---SEA15:14)
2025-Jul-07 16:14:00
2025-Jul-09 16:00:00
--------------------------------------------------------
N478AS[40]
2025-Jul-07 15:00:00
2025-Jul-09 15:40:00
--------------------------------------------------------
N481AS[60]
18(7/7PDX14:20---JFK19:45)
2025-Jul-07 20:45:00
2025-Jul-09 16:00:00
--------------------------------------------------------
N483AS[60]
54(7/7ANC09:29---SEA13:00)
2025-Jul-07 15:00:00
2025-Jul-09 16:00:00
--------------------------------------------------------
N486AS[50]
2025-Jul-07 15:00:00
2025-Jul-09 15:50:00
--------------------------------------------------------
N487AS[55]
546(7/7IND10:30---SEA15:19)
2025-Jul-07 16:14:00
2025-Jul-09 15:55:00
--------------------------------------------------------
N491AS[45]
316(7/7CMH11:00---SEA16:05)
2025-Jul-07 16:50:00
502-d60(7/7SEA17:03---AUS21:11)
518-d60(7/7AUS22:11---SFO01:57)
591-d180(7/8SFO02:44---SEA04:54)
1227-d0(7/8SEA06:59---AUS11:07)
595-d0(7/8AUS12:15---SEA16:40)
1278-d0(7/8SEA17:47---ONT20:26)
1242001-d0(7/8ONT21:22---SEA23:59)
78-d0(7/9SEA00:55---ANC04:37)
134-d300(7/9ANC05:30---SEA09:00)
380-d300(7/9SEA09:45---DTW14:05)
2025-Jul-09 15:45:00
--------------------------------------------------------
N492AS[60]
974(7/7SAN14:00---PDX16:35)
2025-Jul-07 17:35:00
2025-Jul-09 16:00:00
--------------------------------------------------------
N493AS[55]
430(7/7SEA14:14---SLC16:16)
2025-Jul-07 17:11:00
796-d0(7/7SLC17:12---SEA19:28)
494001-d60(7/7SEA20:33---SAT00:37)
494-d60(7/8SAT01:37---SEA05:53)
112-d0(7/8SEA06:50---FAI10:36)
168-d210(7/8FAI11:44---SEA15:30)
1290001-d90(7/8SEA16:30---BUR19:06)
1290-d120(7/8BUR20:30---SEA23:08)
291-d270(7/9SEA00:16---STL04:05)
291001-d270(7/9STL05:02---SEA09:30)
119-d270(7/9SEA10:29---ANC14:09)
2025-Jul-09 15:55:00
--------------------------------------------------------
N494AS[45]
2025-Jul-07 15:00:00
2025-Jul-09 15:45:00
--------------------------------------------------------
N495AS[60]
2025-Jul-07 15:00:00
233-d0(7/7SAN15:10---EWR20:43)
462-d30(7/7EWR22:00---SEA04:14)
490-d0(7/8SEA06:16---MSY10:50)
451-d0(7/8MSY12:10---SEA17:16)
904-d0(7/8SEA18:23---BZN20:06)
905-d30(7/8BZN21:30---SEA23:29)
1132-d240(7/9SEA00:35---SFO02:48)
922-d0(7/9SFO03:49---SEA06:02)
338-d330(7/9SEA07:18---OMA10:29)
2025-Jul-09 16:00:00
--------------------------------------------------------
N506AS[45]
799(7/7PHX13:00---SEA16:04)
2025-Jul-07 16:49:00
2025-Jul-09 15:45:00
--------------------------------------------------------
N508AS[50]
2025-Jul-07 15:00:00
1190-d0(7/7SEA16:00---SNA18:49)
1299-d90(7/7SNA19:40---PDX22:04)
863-d330(7/7PDX23:00---GEG00:11)
864-d330(7/8GEG01:06---PDX02:18)
1235-d360(7/8PDX03:34---DEN06:10)
1131-d360(7/8DEN07:06---PDX09:50)
1101-d0(7/8PDX14:00---LAS16:19)
629-d0(7/8LAS17:14---SEA19:58)
149-d240(7/8SEA20:50---ANC00:26)
181-d150(7/9ANC01:36---DLG02:51)
182001-d150(7/9DLG03:45---ANC04:52)
268-d150(7/9ANC05:55---SEA09:36)
1152-d360(7/9SEA10:44---OAK13:01)
2025-Jul-09 15:50:00
--------------------------------------------------------
N512AS[55]
2025-Jul-07 15:00:00
2025-Jul-09 15:55:00
--------------------------------------------------------
N513AS[55]
2025-Jul-07 15:00:00
2025-Jul-09 15:55:00
--------------------------------------------------------
N514AS[50]
1293(7/7LAX13:00---SEA15:50)
2025-Jul-07 16:40:00
174-d0(7/7SEA16:57---FAI20:40)
103-d0(7/7FAI21:35---ANC22:40)
151001-d0(7/7ANC23:40---AKN00:49)
151-d0(7/8AKN01:59---ANC03:10)
272-d0(7/8ANC04:10---SEA07:45)
N514AS_SEA-07:45/10:45-d0(7/8SEA07:45---7/8 10:45)
366001-d0(7/8SEA15:02---MKE18:54)
366-d0(7/8MKE19:50---SEA00:16)
620001-d300(7/9SEA01:13---DEN03:54)
620-d300(7/9DEN04:50---SEA07:50)
1288-d360(7/9SEA08:41---SNA11:30)
2025-Jul-09 15:50:00
--------------------------------------------------------
N516AS[55]
1148(7/7SEA14:20---SNA17:15)
2025-Jul-07 18:10:00
1277-d30(7/7SNA18:28---SEA21:13)
49-d270(7/7SEA22:25---ANC02:05)
177-d30(7/8ANC03:00---ADQ04:00)
88-d330(7/8ADQ05:19---ANC06:19)
45-d330(7/8ANC07:19---BET08:39)
46-d360(7/8BET09:59---ANC11:18)
302-d150(7/8ANC12:14---PDX15:50)
863-d0(7/8PDX17:30---GEG18:41)
864-d0(7/8GEG19:36---PDX20:48)
128-d270(7/8PDX22:00---SFO23:54)
929-d180(7/9SFO01:05---PDX02:50)
1158-d60(7/9PDX03:48---SNA06:18)
1203-d300(7/9SNA07:14---SEA10:07)
498-d300(7/9SEA11:03---PDX11:59)
2025-Jul-09 15:55:00
--------------------------------------------------------
N517AS[55]
2025-Jul-07 15:00:00
2025-Jul-09 15:55:00
--------------------------------------------------------
N518AS[60]
302(7/7ANC09:44---PDX13:20)
867(7/7PDX14:56---KOA20:50)
2025-Jul-07 21:50:00
2025-Jul-09 16:00:00
--------------------------------------------------------
N519AS[40]
349(7/7BWI11:51---SEA17:40)
2025-Jul-07 18:20:00
2025-Jul-09 15:40:00
--------------------------------------------------------
N520AS[50]
645(7/7PHX14:05---SEA17:09)
2025-Jul-07 17:59:00
2025-Jul-09 15:50:00
--------------------------------------------------------
N523AS[50]
15(7/7DCA12:59---SAN18:20)
2025-Jul-07 19:10:00
2025-Jul-09 15:50:00
--------------------------------------------------------
N525AS[40]
21(7/7JFK11:00---SEA17:13)
2025-Jul-07 17:53:00
2025-Jul-09 15:40:00
--------------------------------------------------------
N526AS[50]
210(7/7FAI13:52---SEA17:40)
2025-Jul-07 18:30:00
79-d210(7/7SEA18:30---ANC22:06)
183-d60(7/7ANC23:10---DLG00:25)
182-d60(7/8DLG01:20---ANC02:30)
66-d360(7/8ANC03:26---CDV04:21)
66001-d360(7/8CDV05:13---YAK06:13)
66003-d360(7/8YAK07:05---JNU08:03)
67-d270(7/8JNU09:10---ANC10:58)
110-d180(7/8ANC11:55---SEA15:26)
1190-d30(7/8SEA16:30---SNA19:19)
740-d30(7/8SNA20:12---SFO21:40)
739-d270(7/8SFO22:30---SNA00:10)
1191-d180(7/9SNA01:02---SEA03:48)
1030-d360(7/9SEA04:48---BZN06:31)
1031-d360(7/9BZN07:25---SEA09:35)
1230-d360(7/9SEA10:45---SMF12:45)
2025-Jul-09 15:50:00
--------------------------------------------------------
N527AS[50]
2025-Jul-07 15:00:00
1174-d0(7/7SEA18:47---SNA21:39)
740-d180(7/7SNA22:42---SFO00:10)
929-d180(7/8SFO01:05---PDX02:50)
1100-d360(7/8PDX03:55---SNA06:27)
1085-d360(7/8SNA07:17---PDX09:39)
1298-d0(7/8PDX14:00---SNA16:31)
1149-d150(7/8SNA17:32---SEA20:26)
1174-d180(7/8SEA21:22---SNA00:14)
1085-d0(7/9SNA01:17---PDX03:39)
197001-d0(7/9PDX04:40---ANC08:24)
59-d180(7/9ANC09:35---MSP15:00)
2025-Jul-09 15:50:00
--------------------------------------------------------
N529AS[60]
869(7/7SJC14:00---KOA19:30)
2025-Jul-07 20:30:00
808-d0(7/7KOA20:30---SEA02:22)
1321-d210(7/8SEA03:38---STS05:39)
1321001-d240(7/8STS07:01---SEA09:07)
1292-d360(7/8SEA10:07---LAX12:59)
504-d0(7/8LAX14:00---SEA16:47)
908-d0(7/8SEA18:30---PSC19:39)
909-d30(7/8PSC21:00---SEA22:08)
67002-d60(7/8SEA23:33---KTN01:40)
67001-d90(7/9KTN02:55---SIT03:50)
67003-d120(7/9SIT05:08---JNU05:52)
66002-d240(7/9JNU06:55---SEA09:23)
144-d210(7/9SEA10:29---ANC14:09)
2025-Jul-09 16:00:00
--------------------------------------------------------
N530AS[60]
2025-Jul-07 15:00:00
1169-d0(7/7SFO15:48---SEA17:58)
1216-d0(7/7SEA19:01---SMF21:01)
1358-d30(7/7SMF22:26---SEA00:24)
67002-d180(7/8SEA01:33---KTN03:40)
67001-d210(7/8KTN04:55---SIT05:50)
67003-d240(7/8SIT07:08---JNU07:52)
66002-d360(7/8JNU08:55---SEA11:23)
N530AS_SEA-13:19/16:19-d0(7/8SEA13:19---7/8 16:19)
1148-d120(7/8SEA16:20---SNA19:15)
1061-d0(7/8SNA20:30---SEA23:15)
1042001-d60(7/9SEA00:17---SBP02:43)
1042-d90(7/9SBP04:05---SEA06:37)
536-d60(7/9SEA07:40---BOS13:00)
2025-Jul-09 16:00:00
--------------------------------------------------------
N531AS[45]
2025-Jul-07 15:00:00
1136-d0(7/7DEN17:33---PDX20:20)
778-d0(7/7PDX21:30---LAS23:49)
599-d0(7/8LAS00:45---SEA03:30)
1042001-d300(7/8SEA04:17---SBP06:43)
1042-d300(7/8SBP07:35---SEA10:07)
119-d300(7/8SEA10:59---ANC14:39)
62-d60(7/8ANC15:45---JNU17:28)
62001-d60(7/8JNU18:20---SIT19:05)
62003-d60(7/8SIT19:57---KTN20:58)
62002-d60(7/8KTN21:48---SEA23:47)
357001-d240(7/9SEA00:35---MCI04:01)
357-d240(7/9MCI04:56---SEA08:56)
344-d270(7/9SEA09:50---BWI14:51)
2025-Jul-09 15:45:00
--------------------------------------------------------
N532AS[60]
1109(7/7SEA13:00---SAN15:53)
2025-Jul-07 16:53:00
2025-Jul-09 16:00:00
--------------------------------------------------------
N535AS[50]
1151(7/7OAK14:00---SEA16:07)
2025-Jul-07 16:57:00
2025-Jul-09 15:50:00
--------------------------------------------------------
N536AS[45]
1(7/7DCA12:00---SEA17:56)
2025-Jul-07 18:41:00
2025-Jul-09 15:45:00
--------------------------------------------------------
N537AS[50]
1124(7/7LAX14:00---PDX16:23)
2025-Jul-07 17:13:00
2025-Jul-09 15:50:00
--------------------------------------------------------
N538AS[55]
2025-Jul-07 15:00:00
2025-Jul-09 15:55:00
--------------------------------------------------------
N546AS[45]
2025-Jul-07 15:00:00
137-d0(7/7ANC16:55---OTZ18:32)
137001-d0(7/7OTZ19:24---ANC20:54)
48-d210(7/7ANC21:54---SEA01:27)
N546AS_SEA-02:35/05:35-d0(7/8SEA02:35---7/8 05:35)
498-d0(7/8SEA06:03---PDX06:59)
728-d210(7/8PDX08:10---LAS10:29)
701-d0(7/8LAS13:00---SEA15:45)
174-d0(7/8SEA16:57---FAI20:40)
103-d0(7/8FAI21:35---ANC22:40)
66-d120(7/8ANC23:26---CDV00:21)
66001-d120(7/9CDV01:13---YAK02:13)
66003-d120(7/9YAK03:05---JNU04:03)
67-d30(7/9JNU05:10---ANC06:58)
45-d360(7/9ANC07:49---BET09:09)
46-d360(7/9BET09:59---ANC11:18)
2025-Jul-09 15:45:00
--------------------------------------------------------
N548AS[35]
2025-Jul-07 15:00:00
2025-Jul-09 15:35:00
--------------------------------------------------------
N549AS[50]
2025-Jul-07 15:00:00
231-d0(7/7ANC15:10---ADQ16:11)
232-d0(7/7ADQ17:03---ANC18:01)
43-d0(7/7ANC19:28---BET20:50)
44-d30(7/7BET21:41---ANC23:04)
155-d30(7/8ANC00:02---OME01:39)
155001-d30(7/8OME02:29---ANC04:03)
47-d0(7/8ANC15:15---SEA18:52)
175-d0(7/8SEA19:55---ANC23:27)
177-d0(7/9ANC02:30---ADQ03:30)
2025-Jul-09 15:50:00
--------------------------------------------------------
N551AS[55]
2025-Jul-07 15:00:00
2025-Jul-09 15:55:00
--------------------------------------------------------
N552AS[30]
981(7/7SFO13:00---SEA15:04)
2025-Jul-07 15:34:00
2025-Jul-09 15:30:00
--------------------------------------------------------
N553AS[45]
1298(7/7PDX14:00---SNA16:31)
2025-Jul-07 17:16:00
2025-Jul-09 15:45:00
--------------------------------------------------------
N556AS[45]
1181(7/7SNA14:00---PDX16:30)
2025-Jul-07 17:15:00
10-d60(7/7PDX17:15---DCA22:17)
3-d120(7/7DCA23:02---SEA05:00)
N556AS_SEA-07:06/11:06-d0(7/8SEA07:06---7/8 11:06)
1226-d0(7/8SEA14:00---SJC16:08)
1311001-d0(7/8SJC17:00---SEA19:13)
1118-d60(7/8SEA20:00---ONT22:46)
1111-d300(7/9ONT00:00---SEA02:38)
1125-d240(7/9SEA03:47---SLC05:50)
719-d240(7/9SLC06:44---SEA09:07)
133-d360(7/9SEA09:55---ANC13:34)
2025-Jul-09 15:45:00
--------------------------------------------------------
N557AS[60]
701(7/7LAS13:00---SEA15:45)
2025-Jul-07 16:45:00
2025-Jul-09 16:00:00
--------------------------------------------------------
N560AS[60]
2025-Jul-07 15:00:00
2025-Jul-09 16:00:00
--------------------------------------------------------
N562AS[50]
2025-Jul-07 15:00:00
2025-Jul-09 15:50:00
--------------------------------------------------------
N564AS[45]
1325(7/7SNA13:45---SEA16:42)
2025-Jul-07 17:27:00
2025-Jul-09 15:45:00
--------------------------------------------------------
N565AS[45]
173(7/7SEA13:00---ANC16:40)
2025-Jul-07 17:25:00
2025-Jul-09 15:45:00
--------------------------------------------------------
N568AS[60]
2025-Jul-07 15:00:00
2025-Jul-09 16:00:00
--------------------------------------------------------
N569AS[40]
790(7/7SFO14:00---LIH19:47)
2025-Jul-07 20:27:00
840-d0(7/7LIH20:47---SEA02:32)
939-d90(7/8SEA03:25---SAN06:17)
259-d90(7/8SAN07:15---BOS13:00)
260-d60(7/8BOS13:40---SAN19:50)
1137-d90(7/8SAN20:42---SEA23:40)
1018-d300(7/9SEA00:31---BOI02:04)
947-d300(7/9BOI03:00---PDX04:21)
1162-d60(7/9PDX05:30---SAN08:05)
259-d180(7/9SAN08:45---BOS14:30)
2025-Jul-09 15:40:00
--------------------------------------------------------
N570AS[60]
2025-Jul-07 15:00:00
2025-Jul-09 16:00:00
--------------------------------------------------------
N577AS[50]
260(7/7BOS12:40---SAN18:50)
2025-Jul-07 19:40:00
2025-Jul-09 15:50:00
--------------------------------------------------------
N579AS[50]
1316(7/7SEA13:00---LAX15:50)
2025-Jul-07 16:40:00
2025-Jul-09 15:50:00
--------------------------------------------------------
N581AS[50]
526(7/7PDX14:04---SFO15:53)
2025-Jul-07 16:43:00
2025-Jul-09 15:50:00
--------------------------------------------------------
N586AS[50]
62(7/7ANC14:45---JNU16:28)
2025-Jul-07 17:18:00
62001-d0(7/7JNU17:37---SIT18:22)
62003-d0(7/7SIT19:19---KTN20:20)
62002-d30(7/7KTN21:18---SEA23:17)
1018-d270(7/8SEA00:18---BOI01:51)
947-d300(7/8BOI03:00---PDX04:21)
1158-d150(7/8PDX05:18---SNA07:48)
774-d270(7/8SNA08:45---SEA11:35)
1109-d0(7/8SEA13:00---SAN15:53)
1071-d90(7/8SAN16:45---SEA19:48)
1254-d330(7/8SEA20:57---ONT23:35)
1119-d90(7/9ONT00:30---SEA03:10)
1321-d240(7/9SEA04:08---STS06:09)
1321001-d240(7/9STS07:01---SEA09:07)
91-d360(7/9SEA10:15---SIT12:44)
2025-Jul-09 15:50:00
--------------------------------------------------------
N587AS[45]
2025-Jul-07 15:00:00
1149-d0(7/7SNA15:02---SEA17:56)
900-d0(7/7SEA19:35---RNO21:33)
601-d60(7/7RNO22:32---SEA00:29)
1202-d60(7/8SEA01:35---SNA04:25)
1203-d180(7/8SNA05:14---SEA08:07)
228-d330(7/8SEA08:55---ANC12:34)
593-d30(7/8ANC13:35---PDX17:12)
1084-d30(7/8PDX18:00---SNA20:33)
1159-d30(7/8SNA21:21---PDX23:45)
1100-d180(7/9PDX00:55---SNA03:27)
1229-d210(7/9SNA04:19---SEA07:05)
1264-d240(7/9SEA08:03---SAN10:59)
2025-Jul-09 15:45:00
--------------------------------------------------------
N589AS[60]
2025-Jul-07 15:00:00
2025-Jul-09 16:00:00
--------------------------------------------------------
N590AS[55]
5(7/7DCA13:59---LAX19:33)
2025-Jul-07 20:28:00
2025-Jul-09 15:55:00
--------------------------------------------------------
N592AS[45]
2025-Jul-07 15:00:00
196-d0(7/7ADQ15:00---ANC15:57)
160-d0(7/7ANC17:35---SEA21:09)
154001-d210(7/7SEA22:23---RDM23:35)
154-d210(7/8RDM00:30---SEA01:50)
92-d330(7/8SEA03:03---KTN05:11)
94-d330(7/8KTN06:05---SEA08:05)
542-d90(7/8SEA08:55---DFW12:50)
303-d90(7/8DFW13:55---PDX17:58)
1076-d300(7/8PDX19:00---LAX21:39)
1147-d30(7/8LAX22:40---SEA01:24)
1163-d90(7/9SEA02:29---DEN05:17)
1131-d300(7/9DEN06:06---PDX08:50)
728-d300(7/9PDX09:40---LAS11:59)
2025-Jul-09 15:45:00
--------------------------------------------------------
N593AS[50]
393(7/7LAS14:00---PAE16:40)
2025-Jul-07 17:30:00
2025-Jul-09 15:50:00
--------------------------------------------------------
N594AS[55]
1136001(7/7PDX14:00---DEN16:37)
2025-Jul-07 17:32:00
2025-Jul-09 15:55:00
--------------------------------------------------------
N596AS[45]
966(7/7GEG13:00---SEA14:15)
2025-Jul-07 15:00:00
2025-Jul-09 15:45:00
--------------------------------------------------------
N597AS[55]
2025-Jul-07 15:00:00
2025-Jul-09 15:55:00
--------------------------------------------------------
N607AS[40]
186(7/7JNU13:00---SEA15:28)
2025-Jul-07 16:08:00
1051-d0(7/7SEA16:50---BUR19:26)
1038-d0(7/7BUR20:20---SEA22:59)
61002-d0(7/8SEA14:00---JNU16:29)
61001-d0(7/8JNU17:19---YAK18:18)
61003-d0(7/8YAK19:08---CDV20:09)
61-d0(7/8CDV20:59---ANC22:00)
64-d240(7/8ANC22:50---JNU00:33)
74-d300(7/9JNU01:22---SEA03:45)
99-d330(7/9SEA04:28---ANC08:12)
2025-Jul-09 15:40:00
--------------------------------------------------------
N609AS[40]
931(7/7RNO14:00---SEA15:56)
2025-Jul-07 16:36:00
72-d0(7/7SEA17:20---JNU19:51)
74-d30(7/7JNU20:52---SEA23:15)
69001-d0(7/8SEA01:35---KTN03:44)
69-d0(7/8KTN04:29---JNU05:30)
84-d270(7/8JNU06:25---ANC08:13)
55-d0(7/8ANC13:45---SCC15:30)
55001-d0(7/8SCC16:14---ANC17:58)
82-d300(7/8ANC19:00---SEA22:31)
720-d0(7/8SEA23:46---FAT01:58)
721-d0(7/9FAT02:40---SEA05:07)
97-d330(7/9SEA06:10---FAI09:55)
192-d330(7/9FAI10:55---ANC12:02)
2025-Jul-09 15:40:00
--------------------------------------------------------
N611AS[40]
55(7/7ANC13:45---SCC15:30)
2025-Jul-07 16:10:00
55001-d0(7/7SCC16:14---ANC17:58)
64-d0(7/7ANC18:50---JNU20:33)
64001-d0(7/7JNU21:21---PSG22:07)
64003-d0(7/7PSG22:52---WRG23:25)
64004-d0(7/8WRG00:10---KTN00:55)
64002-d0(7/8KTN01:40---SEA03:35)
720-d270(7/8SEA04:16---FAT06:28)
721-d270(7/8FAT07:10---SEA09:37)
736-d360(7/8SEA10:40---RNO12:35)
931-d0(7/8RNO14:00---SEA15:56)
65003-d180(7/8SEA17:00---KTN19:04)
65001-d180(7/8KTN19:49---WRG20:28)
65004-d180(7/8WRG21:13---PSG21:44)
65002-d180(7/8PSG22:29---JNU23:19)
157-d0(7/9JNU00:02---GST00:41)
77-d0(7/9GST01:35---JNU02:14)
65-d360(7/9JNU03:07---ANC04:53)
151001-d360(7/9ANC05:40---AKN06:49)
151-d330(7/9AKN07:29---ANC08:40)
70-d360(7/9ANC09:45---JNU11:27)
70001-d360(7/9JNU12:15---SIT12:59)
2025-Jul-09 15:40:00
--------------------------------------------------------
N612AS[50]
2025-Jul-07 15:00:00
108-d0(7/7ANC18:22---FAI19:27)
140-d0(7/7FAI20:17---SEA00:00)
1146-d60(7/8SEA00:59---SAN03:49)
1294-d210(7/8SAN04:48---PDX07:20)
197-d210(7/8PDX08:20---ANC12:04)
231-d0(7/8ANC15:10---ADQ16:11)
232-d0(7/8ADQ17:03---ANC18:01)
43-d0(7/8ANC18:59---BET20:21)
44-d0(7/8BET21:11---ANC22:34)
155-d0(7/8ANC23:32---OME01:09)
155001-d0(7/9OME01:59---ANC03:33)
86-d300(7/9ANC04:45---SCC06:31)
87-d330(7/9SCC07:45---ANC09:30)
2025-Jul-09 15:50:00
--------------------------------------------------------
N613AS[40]
148(7/7ANC08:29---SEA12:00)
65003(7/7SEA14:00---KTN16:04)
2025-Jul-07 16:44:00
65001-d0(7/7KTN16:49---WRG17:28)
65004-d0(7/7WRG18:13---PSG18:44)
65002-d0(7/7PSG19:29---JNU20:19)
60-d360(7/7JNU21:14---KTN22:15)
60001-d330(7/7KTN23:02---SEA01:05)
95-d330(7/8SEA02:10---JNU04:42)
186-d0(7/8JNU13:00---SEA15:28)
1051-d0(7/8SEA16:50---BUR19:26)
1038-d0(7/8BUR20:20---SEA22:59)
95-d180(7/8SEA23:40---JNU02:12)
64001-d360(7/9JNU03:21---PSG04:07)
64003-d360(7/9PSG04:52---WRG05:25)
64004-d360(7/9WRG06:10---KTN06:55)
64002-d360(7/9KTN07:40---SEA09:35)
736-d360(7/9SEA10:40---RNO12:35)
2025-Jul-09 15:40:00
--------------------------------------------------------
N615AS[45]
2025-Jul-07 15:00:00
2025-Jul-09 15:45:00
--------------------------------------------------------
N618AS[50]
593(7/7ANC13:05---PDX16:42)
2025-Jul-07 17:32:00
775-d0(7/7PDX17:42---ANC21:26)
198-d330(7/7ANC22:35---PDX02:14)
1204-d330(7/8PDX03:19---SAN05:52)
1110-d180(7/8SAN06:45---SEA09:51)
606-d0(7/8SEA14:55---PHX17:52)
603-d0(7/8PHX18:52---SEA21:58)
1328-d270(7/8SEA23:01---OAK01:14)
1247-d270(7/9OAK02:08---SEA04:08)
1146-d300(7/9SEA04:59---SAN07:49)
1110-d300(7/9SAN08:45---SEA11:51)
2025-Jul-09 15:50:00
--------------------------------------------------------
N619AS[40]
61002(7/7SEA14:00---JNU16:29)
2025-Jul-07 17:09:00
2025-Jul-09 15:40:00
--------------------------------------------------------
N622AS[45]
73001(7/7SIT14:00---JNU14:44)
2025-Jul-07 15:29:00
2025-Jul-09 15:45:00
--------------------------------------------------------
N703AL[40]
2025-Jul-07 15:00:00
2025-Jul-09 15:40:00
--------------------------------------------------------
N705AL[50]
618(7/7ABQ14:00---SEA17:15)
2025-Jul-07 18:05:00
1080-d90(7/7SEA18:25---SJC20:40)
1081-d90(7/7SJC21:34---SEA23:42)
960-d0(7/8SEA00:43---GEG01:50)
1280-d60(7/8GEG02:49---LAX05:35)
1215-d240(7/8LAX06:25---SEA09:17)
1152-d330(7/8SEA10:14---OAK12:31)
1151-d0(7/8OAK14:00---SEA16:07)
480001-d0(7/8SEA17:25---MSP20:46)
480-d0(7/8MSP21:50---SEA01:49)
1034-d0(7/9SEA03:14---BOI04:46)
1019-d360(7/9BOI05:43---SEA07:20)
427-d90(7/9SEA08:19---CVG12:37)
2025-Jul-09 15:50:00
--------------------------------------------------------
N706AL[55]
2025-Jul-07 15:00:00
2025-Jul-09 15:55:00
--------------------------------------------------------
N707AL[55]
2025-Jul-07 15:00:00
555001-d0(7/7SEA15:33---MSP18:57)
555-d0(7/7MSP20:28---SEA00:18)
730-d30(7/8SEA01:29---LAS04:08)
403-d150(7/8LAS05:15---SEA08:07)
1034-d360(7/8SEA09:14---BOI10:46)
737-d0(7/8BOI12:25---SEA14:05)
491-d120(7/8SEA15:00---DFW19:00)
543-d120(7/8DFW20:00---SEA00:17)
N707AL_SEA-00:34/04:34-d0(7/9SEA00:34---7/9 04:34)
919-d0(7/9SEA04:55---RDU10:00)
2025-Jul-09 15:55:00
--------------------------------------------------------
N708AL[60]
373(7/7EWR13:00---SFO19:13)
2025-Jul-07 20:13:00
2025-Jul-09 16:00:00
--------------------------------------------------------
N709AL[55]
2025-Jul-07 15:00:00
2025-Jul-09 15:55:00
--------------------------------------------------------
N710AL[50]
341(7/7PIT12:03---SEA17:28)
2025-Jul-07 18:18:00
2025-Jul-09 15:50:00
--------------------------------------------------------
N712AL[50]
563(7/7MCI11:45---SEA15:47)
2025-Jul-07 16:37:00
2025-Jul-09 15:50:00
--------------------------------------------------------
N713AL[60]
249(7/7SFO14:20---BOS20:01)
2025-Jul-07 21:01:00
2025-Jul-09 16:00:00
--------------------------------------------------------
N716AL[55]
368(7/7SFO14:00---MCO19:34)
2025-Jul-07 20:29:00
419-d0(7/7MCO20:39---SEA02:50)
478-d120(7/8SEA03:50---LAS06:26)
779-d360(7/8LAS07:31---PDX09:50)
526-d0(7/8PDX14:04---SFO15:53)
718-d60(7/8SFO16:50---LAS18:32)
1467-d60(7/8LAS19:27---PDX21:48)
1287-d60(7/8PDX22:50---BUR01:09)
122-d300(7/9BUR02:07---PDX04:25)
278-d300(7/9PDX05:40---LAX08:15)
282-d300(7/9LAX09:26---EWR14:59)
2025-Jul-09 15:55:00
--------------------------------------------------------
N719AL[60]
458(7/7IAD12:10---SFO17:55)
2025-Jul-07 18:55:00
2025-Jul-09 16:00:00
--------------------------------------------------------
N720AL[60]
917(7/7MCO14:00---SEA20:10)
2025-Jul-07 21:10:00
2025-Jul-09 16:00:00
--------------------------------------------------------
N722AL[30]
2025-Jul-07 15:00:00
682001-d0(7/7SEA15:06---DEN17:53)
682-d0(7/7DEN18:49---SEA21:48)
904-d240(7/7SEA22:23---BZN00:06)
905-d240(7/8BZN01:00---SEA02:59)
1192-d0(7/8SEA03:37---SJC05:49)
1201-d120(7/8SJC06:46---SEA08:59)
1040-d300(7/8SEA09:30---ONT12:15)
1091-d0(7/8ONT13:00---SEA15:42)
101-d0(7/8SEA16:53---KTN18:58)
102-d0(7/8KTN19:52---SEA21:54)
49-d270(7/8SEA22:25---ANC02:05)
201-d210(7/9ANC02:45---JNU04:28)
84-d210(7/9JNU05:25---ANC07:13)
164-d30(7/9ANC07:48---DEN13:05)
2025-Jul-09 15:30:00
--------------------------------------------------------
N723AL[60]
1021(7/7MCO11:00---SAN16:04)
2025-Jul-07 17:04:00
1135-d0(7/7SAN22:35---SEA01:31)
1224-d0(7/8SEA02:55---LAX05:46)
1397-d360(7/8LAX07:07---PDX09:30)
1291-d360(7/8PDX10:30---LAX12:59)
284-d0(7/8LAX14:00---EWR19:34)
297-d0(7/8EWR20:34---SAN02:26)
1199-d90(7/9SAN03:35---SEA06:37)
340-d90(7/9SEA07:40---PIT12:13)
2025-Jul-09 16:00:00
--------------------------------------------------------
N724AL[30]
377(7/7ATL10:30---SEA15:57)
2025-Jul-07 16:27:00
2025-Jul-09 15:30:00
--------------------------------------------------------
N725AL[55]
2025-Jul-07 15:00:00
1113-d0(7/7SFO16:15---SEA18:30)
932-d30(7/7SEA19:49---ABQ22:50)
933-d90(7/8ABQ00:01---SEA03:11)
1052001-d330(7/8SEA04:18---BUR06:54)
1052-d360(7/8BUR08:18---SEA11:07)
408-d0(7/8SEA13:00---ORD17:07)
891-d0(7/8ORD18:03---SEA22:42)
500001-d360(7/8SEA23:42---IND03:48)
500-d360(7/9IND04:48---SEA09:35)
1040-d360(7/9SEA10:30---ONT13:15)
2025-Jul-09 15:55:00
--------------------------------------------------------
N729AL[55]
428(7/7CVG12:40---SEA17:39)
2025-Jul-07 18:34:00
535001-d30(7/7SEA18:37---DEN21:24)
535-d90(7/7DEN22:33---SEA01:30)
962-d210(7/8SEA02:33---GEG03:43)
964-d240(7/8GEG05:07---SEA06:21)
400-d60(7/8SEA07:18---BNA11:40)
383-d60(7/8BNA13:00---SEA18:06)
890-d240(7/8SEA19:03---ORD23:13)
407-d240(7/9ORD00:09---SEA04:49)
1318001-d240(7/9SEA05:59---SFO08:12)
374-d240(7/9SFO09:19---EWR14:54)
2025-Jul-09 15:55:00
--------------------------------------------------------
N731AL[45]
111(7/7ORD05:59---ANC12:37)
82(7/7ANC14:00---SEA17:31)
2025-Jul-07 18:16:00
2025-Jul-09 15:45:00
--------------------------------------------------------
N732AL[60]
2025-Jul-07 15:00:00
2025-Jul-09 16:00:00
--------------------------------------------------------
N733AL[30]
308(7/7BOS11:30---SFO18:07)
2025-Jul-07 18:37:00
2025-Jul-09 15:30:00
--------------------------------------------------------
N734AL[60]
548(7/7CLE11:00---SEA16:09)
2025-Jul-07 17:09:00
1306-d150(7/7SEA17:30---LAX20:19)
1240-d210(7/7LAX21:32---PDX23:55)
1122-d30(7/8PDX01:00---SAN03:33)
1199-d150(7/8SAN04:35---SEA07:37)
642-d330(7/8SEA08:47---DEN11:29)
643-d30(7/8DEN12:30---SEA15:31)
522001-d0(7/8SEA17:20---BNA21:44)
522-d0(7/8BNA22:44---SEA03:48)
1156-d120(7/9SEA04:59---SAN08:00)
36-d270(7/9SAN09:26---JFK14:59)
2025-Jul-09 16:00:00
--------------------------------------------------------
N738AL[45]
1043(7/7SFO14:00---SEA16:05)
2025-Jul-07 16:50:00
2025-Jul-09 15:45:00
--------------------------------------------------------
N801AK[50]
2025-Jul-07 15:00:00
622-d0(7/8ANC04:20---JFK11:33)
623-d0(7/8JFK13:45---ANC21:26)
226-d0(7/8ANC22:20---SEA01:50)
136-d0(7/9SEA02:55---ANC06:38)
2025-Jul-09 15:50:00
--------------------------------------------------------
N803AK[50]
623(7/7JFK13:45---ANC21:26)
2025-Jul-07 22:16:00
51-d0(7/7ANC22:26---BRW00:25)
50-d0(7/8BRW01:15---ANC03:05)
137-d0(7/8ANC16:55---OTZ18:32)
137001-d0(7/8OTZ19:24---ANC20:54)
51-d0(7/8ANC22:26---BRW00:25)
50-d0(7/9BRW01:15---ANC03:05)
622-d0(7/9ANC04:20---JFK11:33)
2025-Jul-09 15:50:00
--------------------------------------------------------
N804AK[50]
2025-Jul-07 15:00:00
4-d0(7/7SEA16:00---DCA21:09)
9-d30(7/7DCA22:13---PDX04:01)
1162-d30(7/8PDX05:00---SAN07:35)
1154-d0(7/8SAN14:15---SEA17:22)
154001-d0(7/8SEA18:32---RDM19:44)
154-d0(7/8RDM20:38---SEA21:58)
1138-d0(7/8SEA23:04---SBA01:40)
1139-d0(7/9SBA02:30---SEA05:07)
2025-Jul-09 15:50:00
--------------------------------------------------------
N805AK[60]
2025-Jul-07 15:00:00
1179-d0(7/7LAX15:00---SEA17:53)
1144-d0(7/7SEA19:33---LAX22:27)
1179-d0(7/8LAX15:00---SEA17:53)
1144-d0(7/8SEA19:00---LAX21:54)
1167-d0(7/8LAX23:05---PDX01:26)
579-d0(7/9PDX02:35---LAX05:05)
2025-Jul-09 16:00:00
--------------------------------------------------------
N806AK[55]
511(7/7PHX14:00---PDX16:43)
2025-Jul-07 17:38:00
757-d0(7/7PDX17:50---LAS20:09)
676-d0(7/7LAS21:04---SEA23:50)
1048-d0(7/8SEA01:09---LAX04:00)
578-d0(7/8LAX16:05---PDX18:31)
330-d0(7/8PDX19:31---LAX21:59)
2025-Jul-09 15:55:00
--------------------------------------------------------
N809AK[60]
491(7/7SEA13:00---DFW17:00)
2025-Jul-07 18:00:00
543-d0(7/7DFW18:00---SEA22:17)
91-d0(7/8SEA04:15---SIT06:44)
90-d0(7/8SIT15:15---SEA17:39)
843-d0(7/8SEA19:05---KOA01:19)
880-d0(7/9KOA07:30---SEA13:19)
2025-Jul-09 16:00:00
--------------------------------------------------------
N812AK[30]
110(7/7ANC08:55---SEA12:26)
1082(7/7SEA14:00---SFO16:11)
2025-Jul-07 16:41:00
739-d0(7/7SFO18:00---SNA19:40)
1061-d0(7/7SNA20:30---SEA23:15)
1125-d0(7/7SEA23:47---SLC01:50)
719-d0(7/8SLC02:44---SEA05:07)
807-d0(7/8SEA17:31---KOA23:40)
788-d0(7/9KOA00:40---SFO06:00)
2025-Jul-09 15:30:00
--------------------------------------------------------
N813AK[40]
912(7/7SFO14:20---SAN16:02)
2025-Jul-07 16:42:00
1259-d0(7/7SAN17:00---SEA20:00)
2-d0(7/7SEA21:13---DCA02:14)
1-d0(7/8DCA12:00---SEA17:56)
900-d0(7/8SEA18:40---RNO20:38)
601-d0(7/8RNO21:32---SEA23:29)
1202-d0(7/9SEA00:35---SNA03:25)
774-d0(7/9SNA04:15---SEA07:05)
2025-Jul-09 15:40:00
--------------------------------------------------------
N903AK[60]
2025-Jul-07 15:00:00
2025-Jul-09 16:00:00
--------------------------------------------------------
N912AK[60]
284(7/7LAX14:00---EWR19:34)
2025-Jul-07 20:34:00
2025-Jul-09 16:00:00
--------------------------------------------------------
N913AK[50]
1101(7/7PDX14:00---LAS16:19)
2025-Jul-07 17:09:00
2025-Jul-09 15:50:00
--------------------------------------------------------
N915AK[60]
1239(7/7PDX14:00---PHX16:46)
2025-Jul-07 17:46:00
637-d0(7/7PHX17:46---SEA20:53)
1114-d150(7/7SEA22:07---SJC00:27)
1175-d210(7/8SJC01:54---SEA04:04)
133-d90(7/8SEA05:25---ANC09:04)
150-d90(7/8ANC10:04---LAX15:25)
798-d0(7/8LAX16:50---SEA19:35)
352-d90(7/8SEA20:48---AUS01:00)
513-d30(7/9AUS02:15---SFO05:59)
1327-d270(7/9SFO07:19---SEA09:35)
112-d240(7/9SEA10:50---FAI14:36)
2025-Jul-09 16:00:00
--------------------------------------------------------
N917AK[30]
2025-Jul-07 15:00:00
824-d0(7/7HNL18:16---SEA00:06)
509-d150(7/8SEA00:45---SLC02:48)
510-d150(7/8SLC03:42---SEA06:00)
1264-d150(7/8SEA06:33---SAN09:29)
1067-d360(7/8SAN09:59---GEG12:44)
1130-d0(7/8GEG14:00---SAN16:47)
1073-d0(7/8SAN17:50---PDX20:28)
1143-d210(7/8PDX21:00---LAX23:30)
1083-d180(7/9LAX00:10---SEA02:54)
1168-d60(7/9SEA03:25---BUR05:59)
1107-d330(7/9BUR06:34---PDX08:51)
1057-d210(7/9PDX09:22---DFW13:10)
2025-Jul-09 15:30:00
--------------------------------------------------------
N918AK[60]
2025-Jul-07 15:00:00
613-d0(7/7LAS15:30---SFO17:10)
1075-d0(7/7SFO18:25---SEA20:37)
1328-d180(7/7SEA21:48---OAK00:01)
1247-d210(7/8OAK01:08---SEA03:08)
445-d300(7/8SEA04:08---RNO05:59)
523-d330(7/8RNO07:17---SEA09:12)
1230-d330(7/8SEA10:15---SMF12:15)
1255-d0(7/8SMF15:13---SEA17:15)
1007-d90(7/8SEA18:24---PHX21:25)
1006-d90(7/8PHX22:25---SEA01:30)
700-d360(7/9SEA02:35---PHX05:29)
611-d360(7/9PHX06:29---SEA09:35)
423-d240(7/9SEA10:36---SAT14:40)
2025-Jul-09 16:00:00
--------------------------------------------------------
N919AK[30]
248(7/7ANC14:30---SEA18:08)
2025-Jul-07 18:38:00
2025-Jul-09 15:30:00
--------------------------------------------------------
N920AK[45]
1091(7/7ONT13:00---SEA15:42)
2025-Jul-07 16:27:00
2025-Jul-09 15:45:00
--------------------------------------------------------
N921AK[30]
745(7/7DEN14:00---SEA17:00)
2025-Jul-07 17:30:00
2025-Jul-09 15:30:00
--------------------------------------------------------
N924AK[45]
85(7/7SEA14:00---ANC17:35)
2025-Jul-07 18:20:00
104-d0(7/7ANC18:35---SEA22:04)
63-d210(7/7SEA22:53---SIT01:17)
58-d270(7/8SIT02:10---SEA04:30)
338-d210(7/8SEA05:18---OMA08:29)
361-d0(7/8OMA11:05---SEA14:47)
388-d0(7/8SEA15:32---STL19:26)
388001-d0(7/8STL20:24---SEA00:50)
1198-d270(7/9SEA01:35---SAN04:25)
729-d120(7/9SAN05:37---PDX08:14)
436-d270(7/9PDX09:07---BOS14:30)
2025-Jul-09 15:45:00
--------------------------------------------------------
N926AK[60]
351(7/7IAD10:30---SEA16:17)
2025-Jul-07 17:17:00
2025-Jul-09 16:00:00
--------------------------------------------------------
N928AK[40]
499(7/7PDX13:05---SEA14:09)
2025-Jul-07 15:00:00
2025-Jul-09 15:40:00
--------------------------------------------------------
N929AK[60]
504(7/7LAX14:00---SEA16:47)
2025-Jul-07 17:47:00
2025-Jul-09 16:00:00
--------------------------------------------------------
N931AK[30]
2025-Jul-07 15:00:00
2025-Jul-09 15:30:00
--------------------------------------------------------
N932AK[60]
2025-Jul-07 15:00:00
390-d0(7/7SAN15:40---BOS21:27)
819-d0(7/7BOS22:32---SEA05:02)
636-d120(7/8SEA06:18---LAS09:01)
749-d360(7/8LAS10:19---SEA13:06)
173-d90(7/8SEA14:30---ANC18:10)
57-d210(7/8ANC19:30---FAI20:35)
234-d210(7/8FAI21:35---SEA01:13)
1468-d120(7/9SEA02:15---LAX05:00)
1093-d300(7/9LAX06:15---SEA09:00)
367-d210(7/9SEA10:00---IAD14:57)
2025-Jul-09 16:00:00
--------------------------------------------------------
N933AK[55]
2025-Jul-07 15:00:00
2025-Jul-09 15:55:00
--------------------------------------------------------
N934AK[60]
1076(7/7PDX14:00---LAX16:39)
2025-Jul-07 17:39:00
2025-Jul-09 16:00:00
--------------------------------------------------------
N935AK[55]
156(7/7FAI10:09---SEA13:44)
2025-Jul-07 15:00:00
2025-Jul-09 15:55:00
--------------------------------------------------------
N936AK[60]
1193(7/7SJC14:03---SEA16:15)
2025-Jul-07 17:15:00
2025-Jul-09 16:00:00
--------------------------------------------------------
N938AK[45]
573(7/7DFW11:00---SEA15:17)
2025-Jul-07 16:02:00
2025-Jul-09 15:45:00
--------------------------------------------------------
N941AK[60]
1154(7/7SAN14:15---SEA17:22)
2025-Jul-07 18:22:00
2025-Jul-09 16:00:00
--------------------------------------------------------
N942AK[60]
2025-Jul-07 15:00:00
2025-Jul-09 16:00:00
--------------------------------------------------------
N947AK[30]
1217(7/7SMF13:15---SEA15:15)
2025-Jul-07 15:45:00
2025-Jul-09 15:30:00
--------------------------------------------------------
N948AK[60]
2025-Jul-07 15:00:00
2025-Jul-09 16:00:00
--------------------------------------------------------
N949AK[60]
2025-Jul-07 15:00:00
2025-Jul-09 16:00:00
--------------------------------------------------------
N952AK[50]
381(7/7DTW11:00---SEA15:57)
2025-Jul-07 16:47:00
2025-Jul-09 15:50:00
--------------------------------------------------------
N953AK[60]
68(7/7MSP13:20---ANC19:20)
2025-Jul-07 20:20:00
266-d0(7/7ANC20:25---SFO01:05)
525-d0(7/8SFO02:05---PDX03:50)
N953AK_PDX-03:50/09:50-d0(7/8PDX03:50---7/8 09:50)
784-d0(7/8PDX14:00---ATL18:46)
475-d0(7/8ATL19:47---SAN00:31)
1028-d0(7/9SAN01:58---OGG07:59)
1029-d0(7/9OGG08:59---SAN14:18)
2025-Jul-09 16:00:00
--------------------------------------------------------
N954AK[50]
1226(7/7SEA14:00---SJC16:08)
2025-Jul-07 16:58:00
1311-d0(7/7SJC17:03---SEA19:14)
N954AK_SEA-19:14/22:14-d0(7/7SEA19:14---7/7 22:14)
1300-d90(7/7SEA22:40---LAX01:28)
1279-d270(7/8LAX02:46---GEG05:17)
965-d210(7/8GEG06:14---SEA07:30)
328-d120(7/8SEA08:40---ORD12:40)
683-d30(7/8ORD13:30---SEA18:09)
106001-d0(7/8SEA19:00---FAI22:53)
106-d0(7/8FAI23:53---SEA03:35)
980-d0(7/9SEA04:40---SFO06:59)
525-d360(7/9SFO08:05---PDX09:50)
2025-Jul-09 15:50:00
--------------------------------------------------------
N955AK[55]
2025-Jul-07 15:00:00
2025-Jul-09 15:55:00
--------------------------------------------------------
N956AK[60]
1265(7/7SAN13:15---SEA16:16)
2025-Jul-07 17:16:00
2025-Jul-09 16:00:00
--------------------------------------------------------
N958AK[30]
361(7/7OMA11:05---SEA14:47)
2025-Jul-07 15:17:00
2025-Jul-09 15:30:00
--------------------------------------------------------
N960AK[30]
387(7/7MSP11:40---SEA15:44)
2025-Jul-07 16:14:00
2025-Jul-09 15:30:00
--------------------------------------------------------
N961AK[30]
336(7/7BOS10:00---PDX16:17)
2025-Jul-07 16:47:00
2025-Jul-09 15:30:00
--------------------------------------------------------
N962AK[60]
2025-Jul-07 15:00:00
2025-Jul-09 16:00:00
--------------------------------------------------------
N963AK[60]
831(7/7PDX14:00---OGG19:55)
2025-Jul-07 20:55:00
898-d0(7/7OGG21:25---PDX02:49)
1160-d360(7/8PDX03:50---LAX06:15)
803-d180(7/8LAX07:36---PDX09:59)
1057-d330(7/8PDX11:22---DFW15:10)
573-d330(7/8DFW16:30---SEA20:47)
549-d90(7/8SEA22:10---DFW02:06)
550-d90(7/9DFW03:06---SEA07:29)
1227-d90(7/9SEA08:29---AUS12:37)
2025-Jul-09 16:00:00
--------------------------------------------------------
N964AK[60]
797(7/7SEA14:00---LAX16:50)
2025-Jul-07 17:50:00
2025-Jul-09 16:00:00
--------------------------------------------------------
N966AK[60]
30(7/7SFO13:18---JFK19:00)
2025-Jul-07 20:00:00
114-d0(7/7JFK21:46---SFO04:09)
455-d0(7/8SFO05:43---IAD10:50)
458-d0(7/8IAD12:10---SFO17:55)
835-d0(7/8SFO19:03---PDX20:50)
1296-d270(7/8PDX22:10---SAN00:45)
735-d60(7/9SAN01:51---SEA04:50)
394-d0(7/9SEA06:05---MCO11:40)
2025-Jul-09 16:00:00
--------------------------------------------------------
N967AK[60]
303(7/7DFW12:25---PDX16:28)
2025-Jul-07 17:28:00
2025-Jul-09 16:00:00
--------------------------------------------------------
N968AK[50]
737(7/7BOI12:25---SEA14:05)
2025-Jul-07 15:00:00
2025-Jul-09 15:50:00
--------------------------------------------------------
N969AK[55]
24(7/7SAN14:00---JFK19:39)
2025-Jul-07 20:34:00
2025-Jul-09 15:55:00
--------------------------------------------------------
N972AK[30]
399(7/7IAH14:00---SEA18:45)
2025-Jul-07 19:15:00
2025-Jul-09 15:30:00
--------------------------------------------------------
N973AK[30]
595(7/7AUS12:15---SEA16:40)
2025-Jul-07 17:10:00
2025-Jul-09 15:30:00
--------------------------------------------------------
N974AK[30]
298(7/7SEA13:41---EWR19:00)
2025-Jul-07 19:30:00
280-d0(7/7EWR21:24---SEA03:36)
1030-d330(7/8SEA04:18---BZN06:01)
1031-d330(7/8BZN06:55---SEA09:05)
360-d240(7/8SEA09:58---TPA15:25)
433-d180(7/8TPA16:00---SAN20:50)
1297-d30(7/8SAN21:45---PDX00:19)
376-d30(7/9PDX01:05---ORD05:09)
409-d240(7/9ORD05:42---SEA10:24)
115-d360(7/9SEA10:59---FAI14:49)
2025-Jul-09 15:30:00
--------------------------------------------------------
N975AK[60]
299(7/7EWR11:19---SEA17:31)
2025-Jul-07 18:31:00
2025-Jul-09 16:00:00
--------------------------------------------------------
N976AK[40]
1228(7/7AUS14:45---SEA19:12)
2025-Jul-07 19:52:00
2025-Jul-09 15:40:00
--------------------------------------------------------
N977AK[55]
451(7/7MSY12:10---SEA17:16)
2025-Jul-07 18:11:00
2025-Jul-09 15:55:00
--------------------------------------------------------
N978AK[60]
784(7/7PDX14:00---ATL18:46)
2025-Jul-07 19:46:00
2025-Jul-09 16:00:00
--------------------------------------------------------
N982AK[55]
433(7/7TPA13:00---SAN17:50)
2025-Jul-07 18:45:00
829-d90(7/7SAN18:59---OGG01:04)
806-d90(7/8OGG02:04---SAN07:25)
729-d300(7/8SAN08:37---PDX11:14)
1074-d0(7/8PDX14:25---SAN17:00)
1265-d300(7/8SAN18:15---SEA21:16)
229001-d120(7/8SEA22:35---MSP01:53)
229-d120(7/9MSP02:49---SEA06:45)
464-d60(7/9SEA07:59---ATL12:49)
2025-Jul-09 15:55:00
--------------------------------------------------------
N983AK[50]
495(7/7SAT12:00---SEA16:24)
2025-Jul-07 17:14:00
1278-d0(7/7SEA18:14---ONT20:53)
1242-d30(7/7ONT21:51---SEA00:28)
697001-d330(7/8SEA01:38---MSO03:03)
697-d360(7/8MSO04:13---SEA05:51)
N983AK_SEA-07:06/11:06-d0(7/8SEA07:06---7/8 11:06)
144-d270(7/8SEA11:29---ANC15:09)
48001-d0(7/8ANC16:25---SEA20:01)
92-d0(7/8SEA21:33---KTN23:41)
94-d0(7/9KTN00:35---SEA02:35)
225-d210(7/9SEA03:45---ANC07:24)
138-d210(7/9ANC08:38---ORD14:54)
2025-Jul-09 15:50:00
--------------------------------------------------------
N984AK[35]
395(7/7MCO11:20---SEA17:30)
2025-Jul-07 18:05:00
2025-Jul-09 15:35:00
--------------------------------------------------------
N985AK[60]
2025-Jul-07 15:00:00
2025-Jul-09 16:00:00
--------------------------------------------------------
N990AK[60]
2025-Jul-07 15:00:00
2025-Jul-09 16:00:00
--------------------------------------------------------
N407AS[60]
2025-Jul-07 15:00:00
2025-Jul-09 16:00:00
--------------------------------------------------------
N428AS[60]
2025-Jul-07 15:00:00
2025-Jul-09 16:00:00
--------------------------------------------------------
N468AS[45]
2025-Jul-07 15:00:00
313001-d0(7/7SEA15:30---DTW19:50)
313-d0(7/7DTW20:46---SEA01:45)
590-d180(7/8SEA02:42---SFO04:53)
1327-d180(7/8SFO05:49---SEA08:05)
167-d360(7/8SEA08:50---FAI12:36)
156-d210(7/8FAI13:39---SEA17:14)
1017-d0(7/8SEA18:20---PDX19:23)
836-d0(7/8PDX21:30---SFO23:22)
571-d90(7/9SFO00:18---LAS02:01)
779-d90(7/9LAS03:01---PDX05:20)
1122-d360(7/9PDX06:30---SAN09:03)
1020-d300(7/9SAN09:50---MCO15:00)
2025-Jul-09 15:45:00
--------------------------------------------------------
N479AS[60]
2025-Jul-07 15:00:00
2025-Jul-09 16:00:00
--------------------------------------------------------
N563AS[45]
2025-Jul-07 15:00:00
2025-Jul-09 15:45:00
--------------------------------------------------------
N566AS[60]
2025-Jul-07 15:00:00
2025-Jul-09 16:00:00
--------------------------------------------------------
N588AS[60]
2025-Jul-07 15:00:00
2025-Jul-09 16:00:00
--------------------------------------------------------
N614AS[50]
2025-Jul-07 15:00:00
2025-Jul-09 15:50:00
--------------------------------------------------------
N946AK[55]
2025-Jul-07 15:00:00
578-d0(7/7LAX16:05---PDX18:31)
330-d0(7/7PDX19:31---LAX21:59)
1167-d0(7/7LAX23:05---PDX01:26)
579-d0(7/8PDX02:35---LAX05:05)
1093-d300(7/8LAX06:15---SEA09:00)
644-d360(7/8SEA09:55---PHX12:54)
799-d60(7/8PHX14:00---SEA17:04)
722-d0(7/8SEA18:44---PHX21:47)
975-d0(7/8PHX22:47---SEA01:52)
478-d60(7/9SEA02:50---LAS05:26)
599-d360(7/9LAS06:45---SEA09:30)
452-d210(7/9SEA10:29---IAH14:50)
2025-Jul-09 15:55:00
--------------------------------------------------------
N971AK[55]
2025-Jul-07 15:00:00
2025-Jul-09 15:55:00
--------------------------------------------------------
N979AK[55]
2025-Jul-07 15:00:00
2025-Jul-09 15:55:00
--------------------------------------------------------
================== Unassigned Flights ==================
366001(7/7SEA15:02---MKE18:54)
916(7/7SEA15:08---MCO20:50)
1166(7/7SEA15:10---SFO17:29)
405001(7/7SEA15:11---OKC18:48)
1255(7/7SMF15:13---SEA17:15)
47(7/7ANC15:15---SEA18:52)
414(7/7SEA15:17---DFW19:19)
214(7/7LAX15:20---IAD20:25)
306(7/7SEA15:21---BOS20:45)
26(7/7SEA15:05+17---JFK20:29+17)
305001(7/7SEA15:25---MIA21:20)
227(7/7JFK15:30---SFO21:48)
890(7/7SEA15:03+29---ORD19:13+29)
73(7/7JNU15:34---ANC17:24)
165(7/7DEN15:20+23---ANC20:54+23)
402(7/7SEA15:47---CHS21:00)
718(7/7SFO15:50---LAS17:32)
560(7/7LAX15:30+24---KOA21:10+24)
388(7/7SEA15:32+26---STL19:26+26)
1071(7/7SAN15:15+44---SEA18:18+44)
320(7/7SAN16:00---MCO21:13)
270(7/7ONT16:00---HNL21:55)
825(7/7SEA15:09+54---OGG21:20+54)
418001(7/7SEA16:13---MCI19:39)
294(7/7PDX16:00+17---EWR21:21+17)
326(7/7SEA16:24---TPA21:50)
899(7/7SAN16:19+23---KOA22:20+23)
568(7/7SEA16:19+23---MSY20:53+23)
442(7/7SEA16:42---PHL21:47)
406001(7/7SEA16:15+28---IAD21:13+28)
113(7/7SFO16:05+38---JFK21:47+38)
8(7/7SFO16:45---DCA21:58)
798(7/7LAX16:50---SEA19:35)
149(7/7SEA16:50---ANC20:26)
426(7/7SEA16:50---DFW20:48)
312001(7/7SEA16:06+49---OMA19:17+49)
875(7/7SEA17:00---LIH23:15)
1133(7/7SEA17:03---SMF19:03)
727(7/7SEA16:22+49---ATL21:11+49)
1007(7/7SEA16:54+18---PHX19:55+18)
508001(7/7SEA17:12---CVG21:37)
505(7/7SEA17:17---LAX20:10)
61001(7/7JNU17:19---YAK18:18)
522001(7/7SEA17:20---BNA21:44)
450001(7/7SEA17:10+17---CMH21:32+17)
1143(7/7PDX17:30---LAX20:00)
1084(7/7PDX17:30---SNA20:03)
807(7/7SEA17:31---KOA23:40)
378(7/7SEA17:03+32---BWI22:10+32)
216001(7/7SEA17:37---CLE22:01)
887(7/7SEA17:22+16---HNL23:33+16)
385(7/7PAE17:40---PHX20:43)
1296(7/7PDX17:40---SAN20:15)
477(7/7SEA17:10+31---EWR22:29+31)
629(7/7LAS17:14+30---SEA19:58+30)
128(7/7PDX17:30+15---SFO19:24+15)
1420(7/7PDX17:30+17---IAH21:50+17)
322(7/7SAN17:48---IAD22:59)
1073(7/7SAN17:50---PDX20:28)
725(7/7PDX17:55---AUS21:56)
818(7/7SEA17:58---BOS23:19)
862(7/7OGG18:00---SEA23:38)
822(7/7KOA18:00---SEA23:54)
500001(7/7SEA17:42+22---IND21:48+22)
434(7/7SFO18:10---IAD23:19)
300(7/7PDX17:35+39---MCO23:12+39)
891(7/7ORD18:03+17---SEA22:42+17)
1017(7/7SEA18:20---PDX19:23)
1467(7/7LAS18:27---PDX20:48)
908(7/7SEA18:30---PSC19:39)
1112(7/7SEA18:31---SFO20:47)
503(7/7AUS18:36---SEA22:59)
1305(7/7LAX18:55---SEA21:39)
817(7/7SEA18:55---OGG01:10)
480001(7/7SEA17:25+92---MSP20:46+92)
1118(7/7SEA19:00---ONT21:46)
1096(7/7SEA18:41+20---SAN21:38+20)
835(7/7SFO19:03---PDX20:50)
325(7/7ORD19:03---PDX23:35)
843(7/7SEA19:05---KOA01:19)
934001(7/7SEA18:20+48---EUG19:36+48)
61003(7/7YAK19:08---CDV20:09)
1137(7/7SAN19:12---SEA22:10)
412001(7/7SEA18:06+70---PIT22:42+70)
392(7/7PDX18:28+48---DFW22:16+48)
106001(7/7SEA19:00+22---FAI22:53+22)
429(7/7SEA17:50+108---ORD21:57+108)
100(7/7ANC19:41---SEA23:10)
14(7/7SAN19:42---DCA00:59)
291(7/7SEA19:46---STL23:35)
475(7/7ATL19:47---SAN00:31)
366(7/7MKE19:50---SEA00:16)
598(7/7SFO18:55+59---ORD23:18+59)
438(7/7SEA18:45+69---IAH23:10+69)
1281(7/7SMF19:57---SEA21:54)
405(7/7OKC19:44+16---SEA23:38+16)
1150001(7/7SEA19:48+16---BUR22:19+16)
415(7/7DFW20:19---SEA00:34)
34(7/7SEA18:06+137---JFK23:29+137)
388001(7/7STL20:24---SEA00:50)
1016(7/7PDX20:25---SEA21:25)
909(7/7PSC20:30---SEA21:38)
6(7/7LAX20:31---DCA01:42)
407(7/7ORD20:09+23---SEA00:49+23)
418(7/7MCI20:34---SEA00:32)
357001(7/7SEA20:35---MCI00:01)
700(7/7SEA20:35---PHX23:29)
25(7/7JFK20:00+44---SAN01:57+44)
31(7/7JFK20:45---SEA03:10)
1159(7/7SNA20:51---PDX23:15)
432(7/7SAN20:52---TPA01:50)
1006(7/7PHX20:55---SEA00:00)
61(7/7CDV20:59---ANC22:00)
229001(7/7SEA20:35+27---MSP23:53+27)
312(7/7OMA20:14+51---SEA23:54+51)
1315(7/7LAX21:05---PDX23:25)
1319(7/7BOS21:06---PDX03:24)
549(7/7SEA20:40+27---DFW00:36+27)
65(7/7JNU21:07---ANC22:53)
189(7/7SEA20:49+21---ANC00:25+21)
773(7/7SEA21:10---SNA00:01)
1083(7/7LAX21:10---SEA23:54)
934(7/7EUG20:30+41---SEA21:48+41)
410(7/7SEA20:45+27---ORD00:42+27)
507(7/7IAD21:25---SAN02:52)
19(7/7JFK21:29---PDX03:46)
836(7/7PDX21:30---SFO23:22)
16(7/7SEA21:37---JFK02:59)
107(7/7ANC21:40---SEA01:08)
396(7/7PHX21:43---PAE00:44)
290(7/7EWR21:43---PDX03:50)
1225(7/7SFO21:45---SEA23:54)
389(7/7BOS21:45---SAN04:00)
646(7/7DFW21:46---PDX01:47)
297(7/7EWR20:34+74---SAN02:26+74)
301(7/7MCO21:50---PDX03:50)
1287(7/7PDX21:50---BUR00:09)
894(7/7KOA21:50---SAN03:16)
480(7/7MSP21:50---SEA01:49)
517(7/7FLL21:52---SEA04:20)
569(7/7MSY21:53---SEA03:00)
89(7/7ANC21:54---ADQ22:57)
131(7/7SEA21:58---ANC01:30)
20(7/7SFO20:24+95---JFK02:08+95)
1191(7/7SNA22:02---SEA00:48)
485(7/7CHS22:03---SEA04:00)
868(7/7KOA22:10---PDX03:40)
783(7/7ATL22:11---PDX03:35)
397(7/7MCO22:13---SAN03:18)
406(7/7IAD22:13---SEA04:00)
305(7/7MIA22:20---SEA05:07)
860(7/7OGG22:20---SEA04:00)
293(7/7EWR22:24---SFO04:49)
450(7/7CMH22:28---SEA03:35)
508(7/7CVG22:37---SEA03:35)
1257(7/7SEA22:38---SNA01:26)
600(7/7SEA22:42---LAS01:16)
460(7/7SEA22:43---BOS03:59)
522(7/7BNA22:44---SEA03:48)
500(7/7IND22:48---SEA03:35)
571(7/7SFO22:48---LAS00:31)
1421(7/7IAH22:50---PDX03:15)
443(7/7PHL22:52---SEA04:57)
420(7/7SEA22:53---MCO04:33)
17(7/7JFK22:53---SEA05:22)
326001(7/7TPA22:55---SEA05:07)
216(7/7CLE22:55---SEA04:00)
271(7/7HNL22:55---ONT04:27)
7(7/7DCA22:58---SFO04:53)
348(7/7SEA22:59---IAD03:59)
1119(7/7ONT23:00---SEA01:40)
1396(7/7AUS23:00---PDX03:14)
1138(7/7SEA23:04---SBA01:40)
492(7/7SEA23:09---ATL03:59)
379(7/7BWI23:10---SEA05:07)
201(7/7ANC23:15---JNU00:58)
317(7/7DFW23:16---SEA03:35)
1092(7/7SEA23:18---LAX02:05)
561(7/7KOA23:20---LAX04:51)
287(7/7EWR23:29---LAX05:35)
412(7/7PIT23:42---SEA05:07)
86(7/7ANC23:45---SCC01:31)
106(7/7FAI23:53---SEA03:35)
688(7/7SEA23:59---LAS02:34)
435(7/7IAD23:59---SFO05:46)
157(7/8JNU00:02---GST00:41)
1214(7/8SEA00:04---SJC02:15)
439(7/8IAH00:10---SEA04:53)
369(7/8MCO00:12---SFO05:59)
1468(7/8SEA00:15---LAX03:00)
791(7/8LIH00:15---SFO05:29)
1301(7/8LAX00:15---SEA03:00)
225(7/8SEA00:15---ANC03:54)
821(7/8SAN00:16---LIH06:32)
597(7/8ORD00:18---SFO05:06)
213(7/8IAD00:19---LAX05:48)
355(7/8BOS00:19---SFO06:59)
269(7/8SFO00:22---ANC05:15)
611(7/8PHX00:29---SEA03:35)
41(7/8JFK00:29---SFO06:59)
291001(7/8STL00:32---SEA05:00)
896(7/8HNL00:33---SEA06:31)
856(7/8KOA00:40---SJC05:45)
398(7/8SEA00:40---IAH04:59)
97(7/8SEA00:40---FAI04:25)
278(7/8PDX00:40---LAX03:15)
382(7/8SEA00:43---BNA04:59)
353(7/8PDX00:46---OGG06:39)
1229(7/8SNA00:49---SEA03:35)
229(7/8MSP00:49---SEA04:45)
735(7/8SAN00:51---SEA03:50)
538(7/8SEA00:54---ORD04:59)
78(7/8SEA00:55---ANC04:37)
1295(7/8PDX00:55---SFO02:48)
357(7/8MCI00:56---SEA04:56)
372(7/8SEA00:56---AUS05:05)
1163(7/8SEA00:59---DEN03:47)
632(7/8SEA00:59---PHX04:00)
1140(7/8SEA00:59---SFO03:15)
1107(7/8BUR01:04---PDX03:21)
564(7/8SEA01:05---MCI04:35)
472(7/8SEA01:06---STL04:59)
241(7/8SEA01:10---MKE04:59)
823(7/8SEA01:25---HNL07:33)
805(7/8SEA01:25---OGG07:34)
143(7/8ANC01:30---SEA05:07)
77(7/8GST01:35---JNU02:14)
1310(7/8SEA01:36---SJC03:51)
386(7/8SEA01:37---MSP04:59)
409(7/8ORD01:42---SEA06:24)
391(7/8PAE01:44---LAS04:17)
839(7/8SEA01:45---LIH07:54)
1104(7/8SEA01:50---SNA04:39)
1028(7/8SAN01:58---OGG07:59)
801(7/8SEA01:59---KOA08:04)
1318(7/8SEA02:13---SFO04:22)
87(7/8SCC02:15---ANC04:00)
1139(7/8SBA02:30---SEA05:07)
1288(7/8SEA02:41---SNA05:30)
193(7/8LAX02:45---ANC08:08)
827(7/8ANC02:55---HNL08:59)
136(7/8SEA02:55---ANC06:38)
1005(7/8SAN02:57---SFO04:37)
1156(7/8SEA02:59---SAN06:00)
1289(7/8LAX03:10---SEA06:06)
1050(7/8SEA03:26---SFO05:40)
1055(7/8LAX04:15---SEA07:06)
444(7/8SEA04:15---PHL09:25)
282(7/8LAX04:26---EWR09:59)
307(7/8SFO04:28---BOS10:10)
436(7/8PDX04:37---BOS10:00)
547(7/8SEA04:40---CLE09:11)
314(7/8SEA04:40---EWR09:59)
315(7/8SEA04:45---CMH09:13)
545(7/8SEA04:45---IND09:00)
36(7/8SAN04:56---JFK10:29)
138(7/8ANC05:08---ORD11:24)
374(7/8SFO05:19---EWR10:54)
344(7/8SEA05:20---BWI10:21)
570(7/8LAS05:21---SFO06:59)
192(7/8FAI05:25---ANC06:32)
22(7/8SEA05:41---JFK11:02)
111(7/8ORD05:59---ANC12:37)
394(7/8SEA06:05---MCO11:40)
340(7/8SEA06:10---PIT10:43)
367(7/8SEA06:30---IAD11:27)
59(7/8ANC06:35---MSP12:00)
423(7/8SEA06:36---SAT10:40)
536(7/8SEA06:40---BOS12:00)
464(7/8SEA06:59---ATL11:49)
164(7/8ANC07:18---DEN12:35)
109(7/8ANC07:26---ORD13:40)
880(7/8KOA07:30---SEA13:19)
810(7/8LIH07:32---SEA13:16)
558(7/8OGG07:39---PDX13:00)
148(7/8ANC08:29---SEA12:00)
828(7/8HNL08:33---ANC14:40)
814(7/8OGG08:34---SEA14:11)
826(7/8LIH08:54---SAN14:33)
1029(7/8OGG08:59---SAN14:18)
336(7/8BOS10:00---PDX16:17)
377(7/8ATL10:30---SEA15:57)
351(7/8IAD10:30---SEA16:17)
546(7/8IND10:30---SEA15:19)
446(7/8PHL10:45---SEA16:42)
21(7/8JFK11:00---SEA17:13)
1021(7/8MCO11:00---SAN16:04)
316(7/8CMH11:00---SEA16:05)
548(7/8CLE11:00---SEA16:09)
627(7/8TPA11:00---SEA17:06)
453(7/8IAH11:00---SEA15:40)
299(7/8EWR11:19---SEA17:31)
459(7/8BOS11:20---SEA17:38)
242(7/8MKE11:30---SEA15:53)
308(7/8BOS11:30---SFO18:07)
387(7/8MSP11:40---SEA15:44)
473(7/8STL11:41---SEA16:10)
563(7/8MCI11:45---SEA15:47)
349(7/8BWI11:51---SEA17:40)
289(7/8EWR11:52---LAX17:46)
495(7/8SAT12:00---SEA16:24)
413(7/8ORD12:00---PDX16:25)
341(7/8PIT12:03---SEA17:28)
15(7/8DCA12:59---SAN18:20)
1316(7/8SEA13:00---LAX15:50)
375(7/8IAD13:00---SEA18:47)
981(7/8SFO13:00---SEA15:04)
373(7/8EWR13:00---SFO19:13)
188(7/8ANC13:00---SEA16:30)
30(7/8SFO13:18---JFK19:00)
537(7/8BOS13:20---SEA19:35)
68(7/8MSP13:20---ANC19:20)
533(7/8ATL13:30---SEA18:51)
298(7/8SEA13:41---EWR19:00)
1325(7/8SNA13:45---SEA16:42)
5(7/8DCA13:59---LAX19:33)
512(7/8SFO14:00---AUS17:36)
1082(7/8SEA14:00---SFO16:11)
1043(7/8SFO14:00---SEA16:05)
368(7/8SFO14:00---MCO19:34)
1124(7/8LAX14:00---PDX16:23)
859(7/8SJC14:00---LIH19:44)
789(7/8SFO14:00---KOA19:30)
281(7/8BNA14:00---SEA19:03)
1181(7/8SNA14:00---PDX16:30)
1136001(7/8PDX14:00---DEN16:37)
365(7/8DFW14:00---SEA18:27)
917(7/8MCO14:00---SEA20:10)
974(7/8SAN14:00---PDX16:35)
745(7/8DEN14:00---SEA17:00)
831(7/8PDX14:00---OGG19:55)
511(7/8PHX14:00---PDX16:43)
1041(7/8BUR14:00---SEA16:37)
24(7/8SAN14:00---JFK19:39)
358(7/8PDX14:00---BOS19:25)
35(7/8JFK14:00---SAN19:52)
85(7/8SEA14:00---ANC17:35)
324(7/8PDX14:02---ORD18:07)
1193(7/8SJC14:03---SEA16:15)
1089(7/8LAS14:05---PDX16:24)
249(7/8SFO14:20---BOS20:01)
912(7/8SFO14:20---SAN16:02)
18(7/8PDX14:20---JFK19:45)
248(7/8ANC14:30---SEA18:08)
139(7/8ORD14:30---ANC21:15)
1228(7/8AUS14:45---SEA19:12)
292(7/8SFO14:54---EWR20:29)
867(7/8PDX14:56---KOA20:50)
10(7/8PDX15:00---DCA20:02)
479(7/8LAS15:00---SEA17:40)
196(7/8ADQ15:00---ANC15:57)
329(7/8ORD15:00---SEA19:34)
555001(7/8SEA15:05---MSP18:29)
26(7/8SEA15:05---JFK20:29)
916(7/8SEA15:08---MCO20:50)
825(7/8SEA15:09---OGG21:20)
233(7/8SAN15:10---EWR20:43)
60(7/8JNU15:14---KTN16:15)
165(7/8DEN15:20---ANC20:54)
214(7/8LAX15:20---IAD20:25)
1169(7/8SFO15:20---SEA17:30)
306(7/8SEA15:21---BOS20:45)
305001(7/8SEA15:25---MIA21:20)
613(7/8LAS15:30---SFO17:10)
227(7/8JFK15:30---SFO21:48)
560(7/8LAX15:30---KOA21:10)
4(7/8SEA15:34---DCA20:43)
390(7/8SAN15:40---BOS21:27)
402(7/8SEA15:47---CHS21:00)
572001(7/8SEA15:55---RDU21:01)
320(7/8SAN16:00---MCO21:13)
270(7/8ONT16:00---HNL21:55)
83(7/8SEA16:00---ANC19:35)
1268(7/8PDX16:00---BNA20:19)
294(7/8PDX16:00---EWR21:21)
502(7/8SEA16:03---AUS20:11)
113(7/8SFO16:05---JFK21:47)
418001(7/8SEA16:13---MCI19:39)
406001(7/8SEA16:15---IAD21:13)
1113(7/8SFO16:15---SEA18:30)
568(7/8SEA16:19---MSY20:53)
899(7/8SAN16:19---KOA22:20)
727(7/8SEA16:22---ATL21:11)
326(7/8SEA16:24---TPA21:50)
8(7/8SFO16:45---DCA21:58)
426(7/8SEA16:50---DFW20:48)
72(7/8SEA16:55---JNU19:26)
1108(7/8SEA16:58---SAN19:49)
60001(7/8KTN17:00---SEA19:03)
23(7/8JFK17:00---SEA23:08)
875(7/8SEA17:00---LIH23:15)
731(7/8PHX17:00---PAE20:03)
378(7/8SEA17:03---BWI22:10)
477(7/8SEA17:10---EWR22:29)
450001(7/8SEA17:10---CMH21:32)
508001(7/8SEA17:12---CVG21:37)
505(7/8SEA17:17---LAX20:10)
1277(7/8SNA17:21---SEA20:06)
1256(7/8SEA17:21---PSP20:15)
887(7/8SEA17:22---HNL23:33)
829(7/8SAN17:29---OGG23:34)
1420(7/8PDX17:30---IAH21:50)
1161(7/8PDX17:30---PHX20:16)
1136(7/8DEN17:33---PDX20:20)
300(7/8PDX17:35---MCO23:12)
160(7/8ANC17:35---SEA21:09)
216001(7/8SEA17:37---CLE22:01)
738(7/8SEA17:40---LAS20:19)
775(7/8PDX17:42---ANC21:26)
637(7/8PHX17:46---SEA20:53)
322(7/8SAN17:48---IAD22:59)
429001(7/8SEA17:52---ORD21:59)
121(7/8PDX17:53---BUR20:12)
725(7/8PDX17:55---AUS21:56)
818(7/8SEA17:58---BOS23:19)
822(7/8KOA18:00---SEA23:54)
824(7/8HNL18:00---SEA23:50)
862(7/8OGG18:00---SEA23:38)
1240(7/8LAX18:02---PDX20:25)
474(7/8SAN18:04---ATL22:31)
34(7/8SEA18:06---JFK23:29)
412001(7/8SEA18:06---PIT22:42)
1299(7/8SNA18:10---PDX20:34)
434(7/8SFO18:10---IAD23:19)
104001(7/8ANC18:15---SEA21:49)
63(7/8SEA18:20---SIT20:44)
392(7/8PDX18:28---DFW22:16)
503(7/8AUS18:36---SEA22:59)
71(7/8SEA18:43---JNU21:19)
438(7/8SEA18:45---IAH23:10)
598(7/8SFO18:55---ORD23:18)
817(7/8SEA18:55---OGG01:10)
658(7/8SEA19:00---LAS21:44)
1314(7/8SJC19:02---SEA21:10)
325(7/8ORD19:03---PDX23:35)
1114(7/8SEA19:09---SJC21:29)
555(7/8MSP19:25---SEA23:15)
494001(7/8SEA19:33---SAT23:37)
100(7/8ANC19:41---SEA23:10)
14(7/8SAN19:42---DCA00:59)
25(7/8JFK20:00---SAN01:57)
280(7/8EWR20:00---SEA02:12)
20(7/8SFO20:24---JFK02:08)
304(7/8BOS20:25---SEA02:48)
266(7/8ANC20:25---SFO01:05)
808(7/8KOA20:30---SEA02:22)
6(7/8LAX20:31---DCA01:42)
418(7/8MCI20:34---SEA00:32)
419(7/8MCO20:39---SEA02:50)
114(7/8JFK20:39---SFO03:02)
162(7/8ANC20:40---SEA00:13)
1097(7/8SAN20:45---SEA23:45)
31(7/8JFK20:45---SEA03:10)
410(7/8SEA20:45---ORD00:42)
840(7/8LIH20:47---SEA02:32)
432(7/8SAN20:52---TPA01:50)
898(7/8OGG20:55---PDX02:19)
2(7/8SEA20:58---DCA01:59)
534(7/8SFO20:59---AUS00:45)
732(7/8PAE21:00---PHX00:03)
3(7/8DCA21:02---SEA03:00)
1315(7/8LAX21:05---PDX23:25)
1319(7/8BOS21:06---PDX03:24)
582(7/8PSP21:10---SEA00:00)
773(7/8SEA21:10---SNA00:01)
1300(7/8SEA21:10---LAX23:58)
518(7/8AUS21:11---SFO00:57)
756(7/8LAS21:13---PDX23:35)
1269(7/8BNA21:19---PDX02:15)
507(7/8IAD21:25---SAN02:52)
19(7/8JFK21:29---PDX03:46)
462(7/8EWR21:30---SEA03:44)
946(7/8PDX21:30---BOI22:48)
778(7/8PDX21:30---LAS23:49)
1235(7/8PDX21:34---DEN00:10)
16(7/8SEA21:37---JFK02:59)
58(7/8SIT21:40---SEA00:00)
9(7/8DCA21:43---PDX03:31)
290(7/8EWR21:43---PDX03:50)
389(7/8BOS21:45---SAN04:00)
646(7/8DFW21:46---PDX01:47)
894(7/8KOA21:50---SAN03:16)
1160(7/8PDX21:50---LAX00:15)
301(7/8MCO21:50---PDX03:50)
569(7/8MSY21:53---SEA03:00)
89(7/8ANC21:54---ADQ22:57)
131(7/8SEA21:58---ANC01:30)
572(7/8RDU22:01---SEA03:56)
485(7/8CHS22:03---SEA04:00)
1046(7/8SEA22:08---SJC00:17)
868(7/8KOA22:10---PDX03:40)
783(7/8ATL22:11---PDX03:35)
397(7/8MCO22:13---SAN03:18)
406(7/8IAD22:13---SEA04:00)
176(7/8JNU22:15---SEA00:42)
1279(7/8LAX22:16---GEG00:47)
305(7/8MIA22:20---SEA05:07)
860(7/8OGG22:20---SEA04:00)
1175(7/8SJC22:24---SEA00:34)
293(7/8EWR22:24---SFO04:49)
450(7/8CMH22:28---SEA03:35)
819(7/8BOS22:32---SEA05:02)
508(7/8CVG22:37---SEA03:35)
1257(7/8SEA22:38---SNA01:26)
460(7/8SEA22:43---BOS03:59)
1052001(7/8SEA22:48---BUR01:24)
56(7/8ANC22:50---SEA02:20)
1421(7/8IAH22:50---PDX03:15)
420(7/8SEA22:53---MCO04:33)
17(7/8JFK22:53---SEA05:22)
337001(7/8ORD22:55---SEA03:35)
271(7/8HNL22:55---ONT04:27)
326001(7/8TPA22:55---SEA05:07)
216(7/8CLE22:55---SEA04:00)
7(7/8DCA22:58---SFO04:53)
348(7/8SEA22:59---IAD03:59)
1396(7/8AUS23:00---PDX03:14)
492(7/8SEA23:09---ATL03:59)
379(7/8BWI23:10---SEA05:07)
317(7/8DFW23:16---SEA03:35)
561(7/8KOA23:20---LAX04:51)
941(7/8SEA23:25---ORD03:30)
287(7/8EWR23:29---LAX05:35)
334(7/8ATL23:31---SEA05:07)
412(7/8PIT23:42---SEA05:07)
590(7/8SEA23:42---SFO01:53)
88(7/8ADQ23:49---ANC00:49)
435(7/8IAD23:59---SFO05:46)
439(7/9IAH00:10---SEA04:53)
369(7/9MCO00:12---SFO05:59)
844(7/9LIH00:15---SJC05:24)
821(7/9SAN00:16---LIH06:32)
597(7/9ORD00:18---SFO05:06)
213(7/9IAD00:19---LAX05:48)
355(7/9BOS00:19---SFO06:59)
269(7/9SFO00:22---ANC05:15)
41(7/9JFK00:29---SFO06:59)
339(7/9AUS00:30---SEA05:07)
1176(7/9PDX00:30---PHX03:20)
896(7/9HNL00:33---SEA06:31)
806(7/9OGG00:34---SAN05:55)
1370(7/9PDX00:35---AUS04:42)
494(7/9SAT00:37---SEA04:53)
398(7/9SEA00:40---IAH04:59)
353(7/9PDX00:46---OGG06:39)
1455(7/9PDX00:49---ANC04:40)
1295(7/9PDX00:55---SFO02:48)
372(7/9SEA00:56---AUS05:05)
1140(7/9SEA00:59---SFO03:15)
632(7/9SEA00:59---PHX04:00)
730(7/9SEA00:59---LAS03:38)
424(7/9SEA00:59---DFW04:59)
1062(7/9PDX01:04---BUR03:23)
662(7/9PHX01:05---PDX03:48)
564(7/9SEA01:05---MCI04:35)
472(7/9SEA01:06---STL04:59)
805(7/9SEA01:25---OGG07:34)
823(7/9SEA01:25---HNL07:33)
386(7/9SEA01:37---MSP04:59)
839(7/9SEA01:45---LIH07:54)
1104(7/9SEA01:50---SNA04:39)
939(7/9SEA01:55---SAN04:47)
801(7/9SEA01:59---KOA08:04)
1052(7/9BUR02:18---SEA05:07)
167(7/9SEA02:50---FAI06:36)
1005(7/9SAN02:57---SFO04:37)
642(7/9SEA03:17---DEN05:59)
644(7/9SEA03:55---PHX06:54)
307(7/9SFO04:28---BOS10:10)
314(7/9SEA04:40---EWR09:59)
547(7/9SEA04:40---CLE09:11)
1039(7/9SEA04:45---GEG05:58)
315(7/9SEA04:45---CMH09:13)
22(7/9SEA05:41---JFK11:02)
455(7/9SFO05:43---IAD10:50)
959(7/9SEA05:52---GEG06:59)
185(7/9SEA05:55---JNU08:25)
490(7/9SEA06:16---MSY10:50)
328(7/9SEA06:40---ORD10:40)
109(7/9ANC07:26---ORD13:40)
810(7/9LIH07:32---SEA13:16)
558(7/9OGG07:39---PDX13:00)
828(7/9HNL08:33---ANC14:40)
814(7/9OGG08:34---SEA14:11)
826(7/9LIH08:54---SAN14:33)
