111-7/7	N731AL	N731AL	-NA-
542-7/7	N442AS	N442AS	-NA-
168-7/7	N307AS	N307AS	-NA-
148-7/7	N613AS	N613AS	-NA-
150-7/7	N409AS	N409AS	-NA-
110-7/7	N812AK	N812AK	-NA-
54-7/7	N483AS	N483AS	-NA-
302-7/7	N518AS	N518AS	-NA-
42-7/7	N453AS	N453AS	-NA-
336-7/7	N961AK	N961AK	-NA-
156-7/7	N935AK	N935AK	-NA-
351-7/7	N926AK	N926AK	-NA-
377-7/7	N724AL	N724AL	-NA-
546-7/7	N487AS	N487AS	-NA-
446-7/7	N423AS	N423AS	-NA-
316-7/7	N491AS	N491AS	-NA-
21-7/7	N525AS	N525AS	-NA-
942-7/7	N474AS	N474AS	-NA-
548-7/7	N734AL	N734AL	-NA-
381-7/7	N952AK	N952AK	-NA-
1021-7/7	N723AL	N723AL	-NA-
627-7/7	N291BT	N291BT	-NA-
573-7/7	N938AK	N938AK	-NA-
453-7/7	N464AS	N464AS	-NA-
361-7/7	N958AK	N958AK	-NA-
299-7/7	N975AK	N975AK	-NA-
459-7/7	N440AS	N440AS	-NA-
395-7/7	N984AK	N984AK	-NA-
308-7/7	N733AL	N733AL	-NA-
242-7/7	N448AS	N448AS	-NA-
920-7/7	N435AS	N435AS	-NA-
387-7/7	N960AK	N960AK	-NA-
473-7/7	N292AK	N292AK	-NA-
563-7/7	N712AL	N712AL	-NA-
349-7/7	N519AS	N519AS	-NA-
289-7/7	N273AK	N273AK	-NA-
413-7/7	N268AK	N268AK	-NA-
643-7/7	N471AS	N471AS	-NA-
1-7/7	N536AS	N536AS	-NA-
495-7/7	N983AK	N983AK	-NA-
383-7/7	N285AK	N285AK	-NA-
341-7/7	N710AL	N710AL	-NA-
458-7/7	N719AL	N719AL	-NA-
451-7/7	N977AK	N977AK	-NA-
595-7/7	N973AK	N973AK	-NA-
303-7/7	N967AK	N967AK	-NA-
737-7/7	N968AK	N968AK	-NA-
541-7/7	N265AK	N265AK	-NA-
260-7/7	N577AS	N577AS	-NA-
428-7/7	N729AL	N729AL	-NA-
15-7/7	N523AS	N523AS	-NA-
186-7/7	N607AS	N607AS	-NA-
799-7/7	N506AS	N506AS	-NA-
1109-7/7	N532AS	N532AS	-NA-
1316-7/7	N579AS	N579AS	-NA-
701-7/7	N557AS	N557AS	-NA-
1293-7/7	N514AS	N514AS	-NA-
966-7/7	N596AS	N596AS	-NA-
981-7/7	N552AS	N552AS	-NA-
408-7/7	N434AS	N434AS	-NA-
491-7/7	N809AK	N809AK	-NA-
188-7/7	N403AS	N403AS	-NA-
373-7/7	N708AL	N708AL	-NA-
943-7/7	N284AK	N284AK	-NA-
173-7/7	N565AS	N565AS	-NA-
132-7/7	N467AS	N467AS	-NA-
683-7/7	N275AK	N275AK	-NA-
433-7/7	N982AK	N982AK	-NA-
375-7/7	N214AK	N214AK	-NA-
1091-7/7	N920AK	N920AK	-NA-
499-7/7	N928AK	N928AK	-NA-
593-7/7	N618AS	N618AS	-NA-
1217-7/7	N947AK	N947AK	-NA-
1265-7/7	N956AK	N956AK	-NA-
30-7/7	N966AK	N966AK	-NA-
68-7/7	N953AK	N953AK	-NA-
537-7/7	N248AK	N248AK	-NA-
533-7/7	N298AK	N298AK	-NA-
298-7/7	N974AK	N974AK	-NA-
1325-7/7	N564AS	N564AS	-NA-
623-7/7	N803AK	N803AK	-NA-
55-7/7	N611AS	N611AS	-NA-
210-7/7	N526AS	N526AS	-NA-
5-7/7	N590AS	N590AS	-NA-
73001-7/7	N622AS	N622AS	-NA-
974-7/7	N492AS	N492AS	-NA-
790-7/7	N569AS	N569AS	-NA-
869-7/7	N529AS	N529AS	-NA-
1130-7/7	N469AS	N469AS	-NA-
1226-7/7	N954AK	N954AK	-NA-
1258-7/7	N236AK	N236AK	-NA-
618-7/7	N705AL	N705AL	-NA-
745-7/7	N921AK	N921AK	-NA-
917-7/7	N720AL	N720AL	-NA-
1181-7/7	N556AS	N556AS	-NA-
365-7/7	N442AS	N442AS	-NA-
931-7/7	N609AS	N609AS	-NA-
82-7/7	N731AL	N731AL	-NA-
399-7/7	N972AK	N972AK	-NA-
1136001-7/7	N594AS	N594AS	-NA-
393-7/7	N593AS	N593AS	-NA-
1151-7/7	N535AS	N535AS	-NA-
35-7/7	N472AS	N472AS	-NA-
358-7/7	N290AK	N290AK	-NA-
512-7/7	N247AK	N247AK	-NA-
1041-7/7	N402AS	N402AS	-NA-
368-7/7	N716AL	N716AL	-NA-
1076-7/7	N934AK	N934AK	-NA-
511-7/7	N806AK	N806AK	-NA-
1239-7/7	N915AK	N915AK	-NA-
1082-7/7	N812AK	N812AK	-NA-
1101-7/7	N913AK	N913AK	-NA-
831-7/7	N963AK	N963AK	-NA-
284-7/7	N912AK	N912AK	-NA-
963-7/7	N477AS	N477AS	-NA-
24-7/7	N969AK	N969AK	-NA-
504-7/7	N929AK	N929AK	-NA-
784-7/7	N978AK	N978AK	-NA-
281-7/7	N294AK	N294AK	-NA-
61002-7/7	N619AS	N619AS	-NA-
1124-7/7	N537AS	N537AS	-NA-
1298-7/7	N553AS	N553AS	-NA-
797-7/7	N964AK	N964AK	-NA-
1043-7/7	N738AL	N738AL	-NA-
65003-7/7	N613AS	N613AS	-NA-
85-7/7	N924AK	N924AK	-NA-
324-7/7	N413AS	N413AS	-NA-
1193-7/7	N936AK	N936AK	-NA-
526-7/7	N581AS	N581AS	-NA-
645-7/7	N520AS	N520AS	-NA-
1089-7/7	N280AK	N280AK	-NA-
430-7/7	N493AS	N493AS	-NA-
1154-7/7	N941AK	N941AK	-NA-
249-7/7	N713AL	N713AL	-NA-
1148-7/7	N516AS	N516AS	-NA-
18-7/7	N481AS	N481AS	-NA-
1063-7/7	N459AS	N459AS	-NA-
912-7/7	N813AK	N813AK	-NA-
1074-7/7	N238AK	N238AK	-NA-
139-7/7	N287AK	N287AK	-NA-
248-7/7	N919AK	N919AK	-NA-
1228-7/7	N976AK	N976AK	-NA-
62-7/7	N586AS	N586AS	-NA-
292-7/7	N431AS	N431AS	-NA-
606-7/7	N457AS	N457AS	-NA-
516-7/7	N284AK	N284AK	-NA-
867-7/7	N518AS	N518AS	-NA-
1410-7/7	N433AS	N251AK	0
1290001-7/7	N272AK	N288AK	240
329-7/7	N274AK	N274AK	0
79-7/7	N596AS	N526AS	210
648-7/7	N453AS	N237AK	0
479-7/7	N288AK	N288AK	0
196-7/7	N592AS	N592AS	0
1306-7/7	N968AK	N734AL	150
1179-7/7	N805AK	N805AK	0
366001-7/7	N517AS	---	Unassigned
1149-7/7	N587AS	N587AS	0
682001-7/7	N935AK	N722AL	0
916-7/7	N942AK	---	Unassigned
231-7/7	N549AS	N549AS	0
1166-7/7	N928AK	---	Unassigned
233-7/7	N495AS	N495AS	0
405001-7/7	N513AS	---	Unassigned
1255-7/7	N486AS	---	Unassigned
60-7/7	N615AS	N613AS	360
47-7/7	N478AS	---	Unassigned
90-7/7	N282AK	N282AK	0
414-7/7	N958AK	---	Unassigned
214-7/7	N962AK	---	Unassigned
306-7/7	N709AL	---	Unassigned
26-7/7	N419AS	---	Unassigned
305001-7/7	N467AS	---	Unassigned
1254-7/7	N277AK	N277AK	0
613-7/7	N918AK	N918AK	0
227-7/7	N933AK	---	Unassigned
313001-7/7	N253AK	N468AS	0
890-7/7	N508AS	---	Unassigned
555001-7/7	N707AL	N707AL	0
73-7/7	N622AS	---	Unassigned
142-7/7	N462AS	N462AS	0
390-7/7	N932AK	N932AK	0
165-7/7	N531AS	---	Unassigned
612-7/7	N309AS	N309AS	0
402-7/7	N494AS	---	Unassigned
1169-7/7	N530AS	N530AS	0
718-7/7	N725AL	---	Unassigned
560-7/7	N512AS	---	Unassigned
572001-7/7	N270AK	N281AK	0
388-7/7	N947AK	---	Unassigned
1071-7/7	N538AS	---	Unassigned
4-7/7	N804AK	N804AK	0
320-7/7	N597AS	---	Unassigned
57-7/7	N267AK	N267AK	0
1268-7/7	N408AS	N408AS	0
1190-7/7	N527AS	N508AS	0
270-7/7	N732AL	---	Unassigned
83-7/7	N237AK	N253AK	0
825-7/7	N706AL	---	Unassigned
502-7/7	N471AS	N491AS	60
578-7/7	N990AK	N946AK	0
418001-7/7	N552AS	---	Unassigned
55001-7/7	N611AS	N611AS	0
1113-7/7	N931AK	N725AL	0
10-7/7	N560AS	N556AS	60
294-7/7	N260AK	---	Unassigned
326-7/7	N487AS	---	Unassigned
899-7/7	N568AS	---	Unassigned
568-7/7	N474AS	---	Unassigned
442-7/7	N448AS	---	Unassigned
406001-7/7	N724AL	---	Unassigned
113-7/7	N251AK	---	Unassigned
8-7/7	N581AS	---	Unassigned
65001-7/7	N613AS	N613AS	0
798-7/7	N409AS	---	Unassigned
149-7/7	N506AS	---	Unassigned
426-7/7	N548AS	---	Unassigned
1051-7/7	N607AS	N607AS	0
312001-7/7	N938AK	---	Unassigned
137-7/7	N592AS	N546AS	0
1080-7/7	N712AL	N705AL	90
174-7/7	N514AS	N514AS	0
1108-7/7	N292AK	N292AK	0
875-7/7	N535AS	---	Unassigned
1259-7/7	N813AK	N813AK	0
23-7/7	N293AK	N293AK	0
731-7/7	N224AK	N224AK	0
1311-7/7	N954AK	N954AK	0
215-7/7	N318AS	N318AS	0
1133-7/7	N920AK	---	Unassigned
232-7/7	N549AS	N549AS	0
198-7/7	N612AS	N618AS	330
727-7/7	N477AS	---	Unassigned
101-7/7	N491AS	N423AS	0
1007-7/7	N738AL	---	Unassigned
508001-7/7	N722AL	---	Unassigned
796-7/7	N493AS	N493AS	0
505-7/7	N956AK	---	Unassigned
61001-7/7	N619AS	---	Unassigned
72-7/7	N609AS	N609AS	0
522001-7/7	N423AS	---	Unassigned
450001-7/7	N960AK	---	Unassigned
829-7/7	N723AL	N982AK	90
1143-7/7	N961AK	---	Unassigned
1084-7/7	N556AS	---	Unassigned
863-7/7	N537AS	N508AS	330
1161-7/7	N459AS	N251AK	30
807-7/7	N570AS	---	Unassigned
60001-7/7	N615AS	N613AS	330
1136-7/7	N594AS	N531AS	0
378-7/7	N952AK	---	Unassigned
160-7/7	N565AS	N592AS	0
62001-7/7	N586AS	N586AS	0
216001-7/7	N403AS	---	Unassigned
887-7/7	N926AK	---	Unassigned
738-7/7	N296AK	N282AK	60
385-7/7	N593AS	---	Unassigned
1296-7/7	N268AK	---	Unassigned
477-7/7	N734AL	---	Unassigned
775-7/7	N618AS	N618AS	0
629-7/7	N913AK	---	Unassigned
128-7/7	N280AK	---	Unassigned
637-7/7	N915AK	N915AK	0
1420-7/7	N433AS	---	Unassigned
322-7/7	N236AK	---	Unassigned
1073-7/7	N469AS	---	Unassigned
757-7/7	N806AK	N806AK	0
121-7/7	N265AK	N268AK	0
49-7/7	N557AS	N516AS	270
725-7/7	N903AK	---	Unassigned
1277-7/7	N553AS	N516AS	30
818-7/7	N936AK	---	Unassigned
543-7/7	N809AK	N809AK	0
862-7/7	N703AL	---	Unassigned
739-7/7	N812AK	N812AK	0
822-7/7	N562AS	---	Unassigned
1240-7/7	N964AK	N734AL	210
500001-7/7	N402AS	---	Unassigned
1256-7/7	N435AS	N403AS	0
234-7/7	N267AK	N267AK	0
535001-7/7	N291BT	N729AL	30
1299-7/7	N516AS	N508AS	90
434-7/7	N918AK	---	Unassigned
65004-7/7	N613AS	N613AS	0
300-7/7	N492AS	---	Unassigned
1278-7/7	N973AK	N983AK	0
824-7/7	N917AK	N917AK	0
891-7/7	N434AS	---	Unassigned
1017-7/7	N710AL	---	Unassigned
108-7/7	N622AS	N612AS	0
904-7/7	N983AK	N722AL	240
48-7/7	N546AS	N546AS	210
1075-7/7	N928AK	N918AK	0
1467-7/7	N725AL	---	Unassigned
1290-7/7	N272AK	N268AK	180
908-7/7	N564AS	---	Unassigned
1112-7/7	N525AS	---	Unassigned
104-7/7	N924AK	N924AK	0
503-7/7	N247AK	---	Unassigned
1010-7/7	N486AS	N462AS	0
71-7/7	N288AK	N277AK	240
1174-7/7	N519AS	N527AS	0
1328-7/7	N705AL	N918AK	180
682-7/7	N935AK	N722AL	0
64-7/7	N611AS	N611AS	0
603-7/7	N457AS	N224AK	360
154001-7/7	N526AS	N592AS	210
1305-7/7	N968AK	---	Unassigned
817-7/7	N941AK	---	Unassigned
480001-7/7	N921AK	---	Unassigned
474-7/7	N238AK	N236AK	0
1118-7/7	N587AS	---	Unassigned
1111-7/7	N277AK	N277AK	0
1096-7/7	N729AL	---	Unassigned
1216-7/7	N536AS	N530AS	0
1314-7/7	N283AK	N283AK	0
835-7/7	N733AL	---	Unassigned
325-7/7	N413AS	---	Unassigned
843-7/7	N530AS	---	Unassigned
641-7/7	N453AS	N237AK	0
934001-7/7	N731AL	---	Unassigned
61003-7/7	N619AS	---	Unassigned
733-7/7	N440AS	N462AS	180
1137-7/7	N523AS	---	Unassigned
N954AK_SEA-19:14/22:14	N954AK	N954AK	0
412001-7/7	N984AK	---	Unassigned
392-7/7	N967AK	---	Unassigned
658-7/7	N275AK	N267AK	210
932-7/7	N919AK	N725AL	30
62003-7/7	N586AS	N586AS	0
106001-7/7	N929AK	---	Unassigned
63-7/7	N977AK	N924AK	210
137001-7/7	N592AS	N546AS	0
722-7/7	N318AS	N318AS	0
43-7/7	N549AS	N549AS	0
65002-7/7	N613AS	N613AS	0
330-7/7	N990AK	N946AK	0
1144-7/7	N805AK	N805AK	0
494001-7/7	N478AS	N493AS	60
900-7/7	N520AS	N587AS	0
864-7/7	N537AS	N508AS	330
1114-7/7	N931AK	N915AK	150
429-7/7	N462AS	---	Unassigned
785-7/7	N309AS	N309AS	0
100-7/7	N596AS	---	Unassigned
740-7/7	N527AS	N527AS	180
14-7/7	N577AS	---	Unassigned
352-7/7	N214AK	N275AK	0
291-7/7	N972AK	---	Unassigned
475-7/7	N978AK	---	Unassigned
1018-7/7	N538AS	N586AS	270
366-7/7	N517AS	---	Unassigned
598-7/7	N719AL	---	Unassigned
438-7/7	N282AK	---	Unassigned
175-7/7	N294AK	N283AK	150
1281-7/7	N920AK	---	Unassigned
405-7/7	N513AS	---	Unassigned
1150001-7/7	N442AS	---	Unassigned
1081-7/7	N712AL	N705AL	90
697001-7/7	N976AK	N983AK	330
102-7/7	N491AS	N423AS	0
140-7/7	N622AS	N612AS	0
415-7/7	N958AK	---	Unassigned
1038-7/7	N607AS	N607AS	0
74-7/7	N609AS	N609AS	30
34-7/7	N285AK	---	Unassigned
1011-7/7	N486AS	N462AS	0
388001-7/7	N947AK	---	Unassigned
266-7/7	N953AK	N953AK	0
304-7/7	N290AK	N290AK	0
1016-7/7	N710AL	---	Unassigned
555-7/7	N707AL	N707AL	0
808-7/7	N529AS	N529AS	0
1061-7/7	N812AK	N812AK	0
909-7/7	N564AS	---	Unassigned
6-7/7	N590AS	---	Unassigned
407-7/7	N508AS	---	Unassigned
418-7/7	N552AS	---	Unassigned
357001-7/7	N248AK	---	Unassigned
700-7/7	N298AK	---	Unassigned
1132-7/7	N409AS	N403AS	330
419-7/7	N716AL	N716AL	0
162-7/7	N237AK	N253AK	0
95-7/7	N615AS	N613AS	330
25-7/7	N966AK	---	Unassigned
1097-7/7	N292AK	N274AK	240
31-7/7	N481AS	---	Unassigned
313-7/7	N253AK	N468AS	0
840-7/7	N569AS	N569AS	0
62002-7/7	N586AS	N586AS	30
1159-7/7	N556AS	---	Unassigned
432-7/7	N472AS	---	Unassigned
1006-7/7	N738AL	---	Unassigned
61-7/7	N619AS	---	Unassigned
534-7/7	N280AK	N282AK	270
154-7/7	N526AS	N592AS	210
905-7/7	N983AK	N722AL	240
732-7/7	N224AK	N224AK	0
229001-7/7	N551AS	---	Unassigned
3-7/7	N560AS	N556AS	120
620001-7/7	N281AK	N268AK	240
535-7/7	N291BT	N729AL	90
676-7/7	N806AK	N806AK	0
312-7/7	N938AK	---	Unassigned
1315-7/7	N961AK	---	Unassigned
1198-7/7	N274AK	N274AK	0
1319-7/7	N713AL	---	Unassigned
549-7/7	N464AS	---	Unassigned
122-7/7	N265AK	N288AK	90
65-7/7	N613AS	---	Unassigned
189-7/7	N913AK	---	Unassigned
582-7/7	N435AS	N403AS	60
1300-7/7	N720AL	N954AK	90
773-7/7	N553AS	---	Unassigned
1083-7/7	N956AK	---	Unassigned
518-7/7	N471AS	N491AS	60
934-7/7	N731AL	---	Unassigned
44-7/7	N549AS	N549AS	30
410-7/7	N493AS	---	Unassigned
756-7/7	N296AK	N267AK	330
2-7/7	N813AK	N813AK	0
1297-7/7	N268AK	N292AK	0
1238-7/7	N459AS	N251AK	30
1269-7/7	N408AS	N408AS	0
64001-7/7	N611AS	N611AS	0
1242-7/7	N973AK	N983AK	30
280-7/7	N974AK	N974AK	0
898-7/7	N963AK	N963AK	0
507-7/7	N962AK	---	Unassigned
66-7/7	N506AS	N526AS	360
19-7/7	N419AS	---	Unassigned
462-7/7	N431AS	N495AS	30
946-7/7	N469AS	N408AS	360
836-7/7	N964AK	---	Unassigned
778-7/7	N594AS	N531AS	0
601-7/7	N520AS	N587AS	60
92-7/7	N546AS	N592AS	330
1235-7/7	N516AS	N508AS	360
103-7/7	N514AS	N514AS	0
16-7/7	N928AK	---	Unassigned
1247-7/7	N705AL	N918AK	210
734-7/7	N440AS	N462AS	210
58-7/7	N977AK	N924AK	270
107-7/7	N955AK	---	Unassigned
396-7/7	N593AS	---	Unassigned
9-7/7	N804AK	N804AK	30
290-7/7	N495AS	---	Unassigned
1225-7/7	N525AS	---	Unassigned
389-7/7	N709AL	---	Unassigned
114-7/7	N969AK	N966AK	0
646-7/7	N548AS	---	Unassigned
297-7/7	N912AK	---	Unassigned
1204-7/7	N612AS	N618AS	330
301-7/7	N942AK	---	Unassigned
1160-7/7	N733AL	N963AK	360
1287-7/7	N725AL	---	Unassigned
894-7/7	N518AS	---	Unassigned
480-7/7	N921AK	---	Unassigned
517-7/7	N284AK	---	Unassigned
569-7/7	N474AS	---	Unassigned
89-7/7	N592AS	---	Unassigned
1100-7/7	N537AS	N527AS	360
1358-7/7	N536AS	N530AS	30
131-7/7	N915AK	---	Unassigned
20-7/7	N708AL	---	Unassigned
947-7/7	N538AS	N586AS	300
572-7/7	N270AK	N281AK	0
1191-7/7	N519AS	---	Unassigned
485-7/7	N494AS	---	Unassigned
929-7/7	N527AS	N527AS	180
1046-7/7	N272AK	N293AK	120
868-7/7	N512AS	---	Unassigned
183-7/7	N531AS	N526AS	60
783-7/7	N477AS	---	Unassigned
697-7/7	N976AK	N983AK	360
397-7/7	N597AS	---	Unassigned
406-7/7	N724AL	---	Unassigned
176-7/7	N288AK	N277AK	240
509-7/7	N710AL	N917AK	150
1279-7/7	N948AK	N954AK	270
226-7/7	N287AK	N287AK	0
305-7/7	N467AS	---	Unassigned
860-7/7	N706AL	---	Unassigned
1175-7/7	N931AK	N915AK	210
293-7/7	N260AK	---	Unassigned
1086-7/7	N283AK	N287AK	270
51-7/7	N803AK	N803AK	0
450-7/7	N960AK	---	Unassigned
933-7/7	N919AK	N725AL	90
819-7/7	N932AK	N932AK	0
67002-7/7	N564AS	N530AS	180
1135-7/7	N729AL	N723AL	0
508-7/7	N722AL	---	Unassigned
1257-7/7	N565AS	---	Unassigned
634-7/7	N275AK	N282AK	0
600-7/7	N920AK	---	Unassigned
460-7/7	N267AK	---	Unassigned
1284-7/7	N309AS	N309AS	30
522-7/7	N423AS	---	Unassigned
975-7/7	N318AS	N318AS	30
500-7/7	N402AS	---	Unassigned
1030-7/7	N968AK	N974AK	330
1052001-7/7	N731AL	N725AL	330
571-7/7	N933AK	---	Unassigned
602-7/7	N277AK	N290AK	270
1421-7/7	N433AS	---	Unassigned
56-7/7	N297AK	N283AK	240
443-7/7	N448AS	---	Unassigned
64003-7/7	N611AS	N611AS	0
420-7/7	N935AK	---	Unassigned
17-7/7	N251AK	---	Unassigned
337-7/7	N462AS	N237AK	360
326001-7/7	N487AS	---	Unassigned
216-7/7	N403AS	---	Unassigned
271-7/7	N732AL	---	Unassigned
7-7/7	N581AS	---	Unassigned
99-7/7	N457AS	N224AK	360
744-7/7	N491AS	N423AS	0
348-7/7	N486AS	---	Unassigned
1119-7/7	N587AS	---	Unassigned
1396-7/7	N903AK	---	Unassigned
962-7/7	N954AK	N729AL	210
1138-7/7	N526AS	---	Unassigned
1167-7/7	N990AK	N946AK	0
445-7/7	N924AK	N918AK	300
492-7/7	N975AK	---	Unassigned
379-7/7	N952AK	---	Unassigned
66001-7/7	N506AS	N526AS	360
1150-7/7	N442AS	N251AK	330
201-7/7	N618AS	---	Unassigned
317-7/7	N967AK	---	Unassigned
1042001-7/7	N523AS	N531AS	300
1092-7/7	N712AL	---	Unassigned
561-7/7	N568AS	---	Unassigned
941-7/7	N434AS	N237AK	0
287-7/7	N734AL	---	Unassigned
334-7/7	N238AK	N236AK	60
155-7/7	N549AS	N549AS	30
151001-7/7	N514AS	N514AS	0
412-7/7	N984AK	---	Unassigned
590-7/7	N453AS	N468AS	180
1019-7/7	N469AS	N408AS	360
591-7/7	N409AS	N491AS	180
86-7/7	N613AS	---	Unassigned
720-7/7	N609AS	N611AS	270
1125-7/7	N812AK	N812AK	0
88-7/7	N592AS	N516AS	330
620-7/7	N281AK	N268AK	300
106-7/7	N929AK	---	Unassigned
688-7/7	N983AK	---	Unassigned
1146-7/7	N607AS	N612AS	60
435-7/7	N236AK	---	Unassigned
157-7/8	N615AS	---	Unassigned
1214-7/8	N247AK	---	Unassigned
1321-7/8	N596AS	N529AS	210
439-7/8	N282AK	---	Unassigned
64004-7/8	N611AS	N611AS	0
369-7/8	N492AS	---	Unassigned
1468-7/8	N293AK	---	Unassigned
791-7/8	N535AS	---	Unassigned
1301-7/8	N483AS	---	Unassigned
225-7/8	N707AL	---	Unassigned
821-7/8	N532AS	---	Unassigned
597-7/8	N719AL	---	Unassigned
213-7/8	N918AK	---	Unassigned
355-7/8	N936AK	---	Unassigned
182-7/8	N531AS	N526AS	60
269-7/8	N964AK	---	Unassigned
611-7/8	N298AK	---	Unassigned
41-7/8	N285AK	---	Unassigned
1122-7/8	N961AK	N734AL	30
339-7/8	N214AK	N282AK	360
134-7/8	N294AK	N292AK	300
1176-7/8	N296AK	N288AK	90
291001-7/8	N972AK	---	Unassigned
896-7/8	N926AK	---	Unassigned
806-7/8	N723AL	N982AK	90
376-7/8	N413AS	N423AS	330
94-7/8	N546AS	N592AS	330
1370-7/8	N265AK	N267AK	330
1202-7/8	N525AS	N587AS	60
494-7/8	N478AS	N493AS	60
856-7/8	N570AS	---	Unassigned
398-7/8	N703AL	---	Unassigned
97-7/8	N705AL	---	Unassigned
278-7/8	N556AS	---	Unassigned
382-7/8	N586AS	---	Unassigned
960-7/8	N917AK	N705AL	0
599-7/8	N594AS	N531AS	0
353-7/8	N538AS	---	Unassigned
1455-7/8	N268AK	N292AK	0
1229-7/8	N553AS	---	Unassigned
229-7/8	N551AS	---	Unassigned
735-7/8	N274AK	---	Unassigned
538-7/8	N956AK	---	Unassigned
78-7/8	N931AK	---	Unassigned
1295-7/8	N527AS	---	Unassigned
357-7/8	N248AK	---	Unassigned
372-7/8	N435AS	---	Unassigned
730-7/8	N973AK	N707AL	30
1098-7/8	N292AK	N281AK	210
424-7/8	N440AS	N253AK	0
1163-7/8	N520AS	---	Unassigned
632-7/8	N513AS	---	Unassigned
1140-7/8	N536AS	---	Unassigned
1107-7/8	N725AL	---	Unassigned
1062-7/8	N459AS	N251AK	30
662-7/8	N224AK	N423AS	90
66003-7/8	N506AS	N526AS	360
564-7/8	N291BT	---	Unassigned
472-7/8	N976AK	---	Unassigned
1131-7/8	N516AS	N508AS	360
1397-7/8	N720AL	N723AL	360
964-7/8	N954AK	N729AL	240
1048-7/8	N806AK	N806AK	0
241-7/8	N237AK	---	Unassigned
1047-7/8	N272AK	N293AK	150
510-7/8	N710AL	N917AK	150
1093-7/8	N733AL	N946AK	300
50-7/8	N803AK	N803AK	0
1085-7/8	N537AS	N527AS	360
1294-7/8	N612AS	N612AS	210
823-7/8	N947AK	---	Unassigned
805-7/8	N738AL	---	Unassigned
67001-7/8	N564AS	N530AS	210
1031-7/8	N968AK	N974AK	330
143-7/8	N913AK	---	Unassigned
779-7/8	N933AK	N716AL	360
77-7/8	N615AS	---	Unassigned
69001-7/8	N622AS	N609AS	0
550-7/8	N464AS	N253AK	240
1310-7/8	N958AK	---	Unassigned
386-7/8	N562AS	---	Unassigned
64002-7/8	N611AS	N611AS	0
776-7/8	N275AK	N275AK	300
409-7/8	N493AS	---	Unassigned
391-7/8	N593AS	---	Unassigned
839-7/8	N517AS	---	Unassigned
513-7/8	N280AK	N275AK	0
523-7/8	N924AK	N918AK	330
338-7/8	N977AK	N924AK	210
1280-7/8	N948AK	N705AL	60
45-7/8	N592AS	N516AS	330
1104-7/8	N552AS	---	Unassigned
478-7/8	N938AK	N716AL	120
1065-7/8	N309AS	N309AS	30
939-7/8	N508AS	N569AS	90
84-7/8	N618AS	N609AS	270
1028-7/8	N978AK	---	Unassigned
1087-7/8	N283AK	N287AK	300
105-7/8	N288AK	N277AK	210
801-7/8	N519AS	---	Unassigned
155001-7/8	N549AS	N549AS	30
151-7/8	N514AS	N514AS	0
525-7/8	N953AK	N953AK	0
1199-7/8	N982AK	N734AL	150
1318-7/8	N955AK	---	Unassigned
1203-7/8	N565AS	N587AS	180
87-7/8	N613AS	---	Unassigned
1052-7/8	N731AL	N725AL	360
1168-7/8	N469AS	N408AS	360
1215-7/8	N934AK	N705AL	240
1139-7/8	N526AS	---	Unassigned
177-7/8	N531AS	N516AS	30
615-7/8	N277AK	N290AK	240
N546AS_SEA-02:35/05:35	N546AS	N546AS	0
1042-7/8	N523AS	N531AS	300
579-7/8	N990AK	N946AK	0
205-7/8	N253AK	N236AK	270
721-7/8	N609AS	N611AS	270
1288-7/8	N587AS	---	Unassigned
965-7/8	N917AK	N954AK	210
719-7/8	N812AK	N812AK	0
193-7/8	N579AS	---	Unassigned
403-7/8	N920AK	N707AL	150
1158-7/8	N548AS	N586AS	150
1327-7/8	N471AS	N468AS	180
167-7/8	N442AS	N468AS	360
1194-7/8	N318AS	N318AS	30
827-7/8	N915AK	---	Unassigned
66002-7/8	N506AS	N530AS	360
1224-7/8	N729AL	N723AL	0
136-7/8	N297AK	---	Unassigned
1005-7/8	N966AK	---	Unassigned
141-7/8	N296AK	N288AK	180
780-7/8	N290AK	N268AK	360
1156-7/8	N409AS	---	Unassigned
1004-7/8	N281AK	N293AK	240
1321001-7/8	N596AS	N529AS	240
67003-7/8	N564AS	N530AS	240
1289-7/8	N589AS	---	Unassigned
1034-7/8	N954AK	N707AL	360
642-7/8	N949AK	N734AL	330
228-7/8	N569AS	N587AS	330
1050-7/8	N529AS	---	Unassigned
N462AS_SEA-03:34/06:34	N462AS	N462AS	0
729-7/8	N912AK	N982AK	300
1192-7/8	N974AK	N722AL	0
1110-7/8	N607AS	N618AS	180
70-7/8	N457AS	N224AK	360
922-7/8	N453AS	N403AS	90
N953AK_PDX-03:50/09:50	N953AK	N953AK	0
133-7/8	N722AL	N915AK	90
644-7/8	N716AL	N946AK	360
46-7/8	N592AS	N516AS	360
1067-7/8	N961AK	N917AK	360
1264-7/8	N960AK	N917AK	150
1292-7/8	N551AS	N529AS	360
272-7/8	N514AS	N514AS	0
774-7/8	N525AS	N586AS	270
1055-7/8	N556AS	---	Unassigned
444-7/8	N474AS	---	Unassigned
91-7/8	N809AK	N809AK	0
636-7/8	N733AL	N932AK	120
749-7/8	N983AK	N932AK	360
622-7/8	N801AK	N801AK	0
282-7/8	N985AK	---	Unassigned
307-7/8	N969AK	---	Unassigned
69-7/8	N622AS	N609AS	0
1162-7/8	N804AK	N804AK	30
1040-7/8	N917AK	N722AL	300
1291-7/8	N713AL	N723AL	360
803-7/8	N712AL	N963AK	180
436-7/8	N224AK	---	Unassigned
736-7/8	N611AS	N611AS	360
547-7/8	N274AK	---	Unassigned
728-7/8	N512AS	N546AS	210
314-7/8	N967AK	---	Unassigned
980-7/8	N402AS	N251AK	240
67-7/8	N564AS	N526AS	270
1152-7/8	N929AK	N705AL	330
315-7/8	N494AS	---	Unassigned
545-7/8	N483AS	---	Unassigned
380-7/8	N270AK	N287AK	360
1039-7/8	N273AK	N292AK	300
1230-7/8	N710AL	N918AK	330
1201-7/8	N958AK	N722AL	120
1020-7/8	N292AK	N281AK	210
197-7/8	N612AS	N612AS	210
919-7/8	N294AK	N274AK	0
36-7/8	N709AL	---	Unassigned
115-7/8	N403AS	N403AS	210
138-7/8	N707AL	---	Unassigned
374-7/8	N955AK	---	Unassigned
344-7/8	N423AS	---	Unassigned
570-7/8	N973AK	---	Unassigned
192-7/8	N705AL	---	Unassigned
22-7/8	N481AS	---	Unassigned
455-7/8	N966AK	N966AK	0
259-7/8	N508AS	N569AS	90
161-7/8	N283AK	N290AK	270
924-7/8	N467AS	N253AK	300
959-7/8	N284AK	N283AK	90
1057-7/8	N963AK	N963AK	330
185-7/8	N309AS	N309AS	0
360-7/8	N952AK	N974AK	240
111-7/8	N956AK	---	Unassigned
119-7/8	N553AS	N531AS	300
498-7/8	N546AS	N546AS	0
394-7/8	N724AL	---	Unassigned
340-7/8	N471AS	---	Unassigned
70001-7/8	N457AS	N236AK	270
490-7/8	N478AS	N495AS	0
400-7/8	N932AK	N729AL	60
367-7/8	N972AK	---	Unassigned
59-7/8	N931AK	---	Unassigned
423-7/8	N264AK	---	Unassigned
536-7/8	N982AK	---	Unassigned
328-7/8	N934AK	N954AK	120
427-7/8	N462AS	N462AS	0
112-7/8	N238AK	N493AS	0
144-7/8	N913AK	N983AK	270
452-7/8	N487AS	N237AK	210
464-7/8	N464AS	---	Unassigned
1227-7/8	N248AK	N491AS	0
N556AS_SEA-07:06/11:06	N556AS	N556AS	0
N983AK_SEA-07:06/11:06	N983AK	N983AK	0
172-7/8	N288AK	N277AK	180
164-7/8	N592AS	---	Unassigned
542-7/8	N589AS	N592AS	90
109-7/8	N964AK	---	Unassigned
880-7/8	N530AS	---	Unassigned
810-7/8	N532AS	---	Unassigned
558-7/8	N538AS	---	Unassigned
N514AS_SEA-07:45/10:45	N514AS	N514AS	0
168-7/8	N442AS	N493AS	210
148-7/8	N569AS	---	Unassigned
828-7/8	N947AK	---	Unassigned
814-7/8	N738AL	---	Unassigned
150-7/8	N705AL	N915AK	90
826-7/8	N517AS	---	Unassigned
110-7/8	N564AS	N526AS	180
1029-7/8	N978AK	---	Unassigned
54-7/8	N297AK	N288AK	210
302-7/8	N557AS	N516AS	150
42-7/8	N309AS	N309AS	0
336-7/8	N267AK	---	Unassigned
156-7/8	N403AS	N468AS	210
377-7/8	N975AK	---	Unassigned
351-7/8	N486AS	---	Unassigned
546-7/8	N483AS	---	Unassigned
446-7/8	N474AS	---	Unassigned
21-7/8	N928AK	---	Unassigned
381-7/8	N270AK	N287AK	300
1021-7/8	N935AK	---	Unassigned
316-7/8	N494AS	---	Unassigned
548-7/8	N274AK	---	Unassigned
942-7/8	N413AS	N423AS	0
627-7/8	N472AS	---	Unassigned
573-7/8	N963AK	N963AK	330
453-7/8	N703AL	---	Unassigned
361-7/8	N977AK	N924AK	0
299-7/8	N431AS	---	Unassigned
395-7/8	N292AK	N281AK	180
459-7/8	N224AK	---	Unassigned
242-7/8	N237AK	---	Unassigned
308-7/8	N969AK	---	Unassigned
920-7/8	N294AK	N274AK	0
387-7/8	N562AS	---	Unassigned
473-7/8	N976AK	---	Unassigned
563-7/8	N291BT	---	Unassigned
349-7/8	N423AS	---	Unassigned
289-7/8	N967AK	---	Unassigned
495-7/8	N264AK	---	Unassigned
413-7/8	N934AK	---	Unassigned
643-7/8	N949AK	N734AL	30
1-7/8	N813AK	N813AK	0
383-7/8	N932AK	N729AL	60
341-7/8	N471AS	---	Unassigned
458-7/8	N966AK	N966AK	0
451-7/8	N478AS	N495AS	0
595-7/8	N248AK	N491AS	0
737-7/8	N954AK	N707AL	0
303-7/8	N589AS	N592AS	90
541-7/8	N265AK	N267AK	0
428-7/8	N462AS	N462AS	0
260-7/8	N508AS	N569AS	60
15-7/8	N577AS	---	Unassigned
1316-7/8	N448AS	---	Unassigned
799-7/8	N716AL	N946AK	60
943-7/8	N467AS	N253AK	0
683-7/8	N707AL	N954AK	30
375-7/8	N972AK	---	Unassigned
491-7/8	N983AK	N707AL	120
186-7/8	N622AS	N613AS	0
701-7/8	N512AS	N546AS	0
981-7/8	N535AS	---	Unassigned
1109-7/8	N560AS	N586AS	0
408-7/8	N958AK	N725AL	0
966-7/8	N273AK	N292AK	0
373-7/8	N955AK	---	Unassigned
433-7/8	N952AK	N974AK	180
132-7/8	N283AK	N290AK	0
1091-7/8	N732AL	N722AL	0
188-7/8	N913AK	---	Unassigned
173-7/8	N731AL	N932AK	90
593-7/8	N553AS	N587AS	30
499-7/8	N433AS	N408AS	270
1265-7/8	N960AK	N982AK	300
1217-7/8	N318AS	N318AS	0
30-7/8	N236AK	---	Unassigned
N530AS_SEA-13:19/16:19	N530AS	N530AS	0
537-7/8	N982AK	---	Unassigned
68-7/8	N931AK	---	Unassigned
533-7/8	N464AS	---	Unassigned
298-7/8	N431AS	---	Unassigned
1325-7/8	N548AS	---	Unassigned
55-7/8	N613AS	N609AS	0
623-7/8	N801AK	N801AK	0
210-7/8	N238AK	N403AS	0
5-7/8	N590AS	---	Unassigned
512-7/8	N402AS	---	Unassigned
1298-7/8	N546AS	N527AS	0
1101-7/8	N537AS	N508AS	0
1082-7/8	N564AS	---	Unassigned
1043-7/8	N536AS	---	Unassigned
368-7/8	N285AK	---	Unassigned
1124-7/8	N946AK	---	Unassigned
859-7/8	N570AS	---	Unassigned
789-7/8	N529AS	---	Unassigned
281-7/8	N586AS	---	Unassigned
1181-7/8	N587AS	---	Unassigned
1136001-7/8	N408AS	---	Unassigned
365-7/8	N440AS	---	Unassigned
1226-7/8	N525AS	N556AS	0
917-7/8	N724AL	---	Unassigned
1076-7/8	N516AS	N592AS	300
393-7/8	N275AK	N275AK	0
974-7/8	N962AK	---	Unassigned
745-7/8	N592AS	---	Unassigned
831-7/8	N720AL	---	Unassigned
511-7/8	N513AS	---	Unassigned
1130-7/8	N961AK	N917AK	0
73001-7/8	N457AS	N236AK	0
1041-7/8	N459AS	---	Unassigned
1239-7/8	N495AS	N251AK	240
963-7/8	N284AK	N283AK	0
784-7/8	N912AK	N953AK	0
65003-7/8	N607AS	N611AS	180
504-7/8	N551AS	N529AS	0
931-7/8	N611AS	N611AS	0
1151-7/8	N929AK	N705AL	0
24-7/8	N409AS	---	Unassigned
399-7/8	N487AS	N237AK	120
284-7/8	N713AL	N723AL	0
358-7/8	N953AK	---	Unassigned
1258-7/8	N297AK	N282AK	0
61002-7/8	N614AS	N607AS	0
35-7/8	N709AL	---	Unassigned
82-7/8	N618AS	N609AS	300
618-7/8	N290AK	N268AK	0
85-7/8	N442AS	---	Unassigned
324-7/8	N933AK	---	Unassigned
1193-7/8	N247AK	---	Unassigned
526-7/8	N725AL	N716AL	0
645-7/8	N288AK	N277AK	150
1089-7/8	N593AS	---	Unassigned
1154-7/8	N804AK	N804AK	0
249-7/8	N492AS	---	Unassigned
1148-7/8	N569AS	N530AS	120
912-7/8	N280AK	---	Unassigned
18-7/8	N477AS	---	Unassigned
1063-7/8	N469AS	N408AS	0
1074-7/8	N942AK	N982AK	0
248-7/8	N956AK	---	Unassigned
139-7/8	N434AS	---	Unassigned
62-7/8	N579AS	N531AS	60
1228-7/8	N435AS	---	Unassigned
292-7/8	N527AS	---	Unassigned
516-7/8	N282AK	N292AK	30
606-7/8	N609AS	N618AS	0
867-7/8	N557AS	---	Unassigned
10-7/8	N538AS	---	Unassigned
479-7/8	N733AL	---	Unassigned
196-7/8	N531AS	---	Unassigned
1179-7/8	N805AK	N805AK	0
1410-7/8	N260AK	N251AK	0
329-7/8	N964AK	---	Unassigned
648-7/8	N298AK	N290AK	0
1290001-7/8	N453AS	N493AS	90
79-7/8	N277AK	N268AK	210
1306-7/8	N309AS	N309AS	0
366001-7/8	N596AS	N514AS	0
1149-7/8	N552AS	N527AS	150
890-7/8	N979AK	N729AL	240
555001-7/8	N924AK	---	Unassigned
26-7/8	N283AK	---	Unassigned
682001-7/8	N433AS	N253AK	0
142-7/8	N253AK	N236AK	60
916-7/8	N954AK	---	Unassigned
825-7/8	N926AK	---	Unassigned
1166-7/8	N214AK	N288AK	150
233-7/8	N723AL	---	Unassigned
231-7/8	N612AS	N612AS	0
405001-7/8	N272AK	N293AK	240
1255-7/8	N710AL	N918AK	0
60-7/8	N615AS	---	Unassigned
1071-7/8	N597AS	N586AS	90
47-7/8	N549AS	N549AS	0
90-7/8	N809AK	N809AK	0
414-7/8	N273AK	N277AK	330
165-7/8	N520AS	---	Unassigned
214-7/8	N734AL	---	Unassigned
1169-7/8	N719AL	---	Unassigned
306-7/8	N403AS	---	Unassigned
305001-7/8	N738AL	---	Unassigned
1254-7/8	N556AS	N586AS	330
613-7/8	N938AK	---	Unassigned
313001-7/8	N287AK	N283AK	60
227-7/8	N481AS	---	Unassigned
560-7/8	N588AS	---	Unassigned
388-7/8	N706AL	N924AK	0
4-7/8	N532AS	---	Unassigned
73-7/8	N457AS	N224AK	0
390-7/8	N978AK	---	Unassigned
402-7/8	N468AS	---	Unassigned
718-7/8	N973AK	N716AL	60
572001-7/8	N565AS	---	Unassigned
320-7/8	N517AS	---	Unassigned
270-7/8	N917AK	---	Unassigned
83-7/8	N467AS	---	Unassigned
1268-7/8	N903AK	---	Unassigned
1190-7/8	N514AS	N526AS	30
294-7/8	N419AS	---	Unassigned
57-7/8	N722AL	N932AK	210
502-7/8	N949AK	---	Unassigned
578-7/8	N806AK	N806AK	0
113-7/8	N936AK	---	Unassigned
312001-7/8	N284AK	N287AK	360
418001-7/8	N535AS	---	Unassigned
55001-7/8	N613AS	N609AS	0
406001-7/8	N291BT	---	Unassigned
1113-7/8	N479AS	---	Unassigned
568-7/8	N413AS	---	Unassigned
899-7/8	N518AS	---	Unassigned
727-7/8	N483AS	---	Unassigned
326-7/8	N703AL	---	Unassigned
48001-7/8	N947AK	N983AK	0
442-7/8	N270AK	N282AK	330
215-7/8	N281AK	N293AK	0
8-7/8	N566AS	---	Unassigned
65001-7/8	N607AS	N611AS	180
426-7/8	N512AS	---	Unassigned
149-7/8	N536AS	N508AS	240
1051-7/8	N622AS	N613AS	0
798-7/8	N918AK	N915AK	0
101-7/8	N960AK	N722AL	0
1007-7/8	N976AK	N918AK	90
72-7/8	N611AS	---	Unassigned
137-7/8	N803AK	N803AK	0
174-7/8	N562AS	N546AS	0
1108-7/8	N264AK	---	Unassigned
60001-7/8	N615AS	---	Unassigned
1311001-7/8	N525AS	N556AS	0
1259-7/8	N280AK	N282AK	60
23-7/8	N708AL	---	Unassigned
875-7/8	N530AS	---	Unassigned
731-7/8	N491AS	---	Unassigned
1133-7/8	N494AS	N423AS	0
232-7/8	N612AS	N612AS	0
378-7/8	N237AK	---	Unassigned
198-7/8	N268AK	N268AK	360
477-7/8	N963AK	---	Unassigned
450001-7/8	N716AL	---	Unassigned
508001-7/8	N248AK	---	Unassigned
629-7/8	N537AS	N508AS	0
505-7/8	N975AK	---	Unassigned
61001-7/8	N614AS	N607AS	0
62001-7/8	N579AS	N531AS	60
522001-7/8	N929AK	N734AL	0
535001-7/8	N274AK	N290AK	330
1277-7/8	N546AS	---	Unassigned
1256-7/8	N548AS	---	Unassigned
887-7/8	N732AL	---	Unassigned
480001-7/8	N977AK	N705AL	0
829-7/8	N935AK	---	Unassigned
1420-7/8	N267AK	---	Unassigned
128-7/8	N589AS	N516AS	270
863-7/8	N593AS	N516AS	0
1143-7/8	N712AL	N917AK	210
1084-7/8	N587AS	N587AS	30
1161-7/8	N469AS	---	Unassigned
807-7/8	N812AK	N812AK	0
1136-7/8	N408AS	---	Unassigned
300-7/8	N962AK	---	Unassigned
160-7/8	N531AS	---	Unassigned
216001-7/8	N474AS	---	Unassigned
385-7/8	N275AK	N275AK	0
1296-7/8	N934AK	N966AK	270
738-7/8	N921AK	---	Unassigned
500001-7/8	N913AK	N725AL	360
775-7/8	N553AS	---	Unassigned
637-7/8	N495AS	---	Unassigned
1278-7/8	N431AS	N491AS	0
322-7/8	N297AK	---	Unassigned
757-7/8	N265AK	N267AK	0
1073-7/8	N961AK	N917AK	0
429001-7/8	N551AS	---	Unassigned
121-7/8	N946AK	---	Unassigned
49-7/8	N928AK	N722AL	270
725-7/8	N260AK	---	Unassigned
818-7/8	N459AS	---	Unassigned
543-7/8	N983AK	N707AL	120
822-7/8	N519AS	---	Unassigned
824-7/8	N915AK	---	Unassigned
739-7/8	N564AS	N526AS	270
862-7/8	N941AK	---	Unassigned
1240-7/8	N971AK	---	Unassigned
891-7/8	N958AK	N725AL	0
474-7/8	N942AK	---	Unassigned
234-7/8	N722AL	N932AK	210
34-7/8	N932AK	---	Unassigned
412001-7/8	N486AS	---	Unassigned
1299-7/8	N569AS	---	Unassigned
434-7/8	N938AK	---	Unassigned
65004-7/8	N607AS	N611AS	180
104001-7/8	N731AL	---	Unassigned
934001-7/8	N247AK	N462AS	0
1017-7/8	N238AK	N468AS	0
1010-7/8	N253AK	N403AS	30
63-7/8	N290AK	---	Unassigned
1174-7/8	N552AS	N527AS	180
108-7/8	N457AS	N224AK	0
904-7/8	N472AS	N495AS	0
1075-7/8	N214AK	N288AK	150
1467-7/8	N973AK	N716AL	60
392-7/8	N513AS	---	Unassigned
908-7/8	N592AS	N529AS	0
1290-7/8	N453AS	N493AS	120
1328-7/8	N618AS	N618AS	270
1112-7/8	N478AS	N236AK	60
154001-7/8	N804AK	N804AK	0
932-7/8	N281AK	N281AK	150
503-7/8	N402AS	---	Unassigned
733-7/8	N292AK	N288AK	330
900-7/8	N813AK	N813AK	0
1096-7/8	N423AS	N408AS	60
71-7/8	N710AL	---	Unassigned
722-7/8	N719AL	N946AK	0
438-7/8	N224AK	---	Unassigned
682-7/8	N433AS	N253AK	0
64-7/8	N613AS	N607AS	240
603-7/8	N609AS	N618AS	0
598-7/8	N966AK	---	Unassigned
817-7/8	N733AL	---	Unassigned
1305-7/8	N309AS	N309AS	0
62003-7/8	N579AS	N531AS	60
43-7/8	N612AS	N612AS	0
1111-7/8	N556AS	N556AS	300
1144-7/8	N805AK	N805AK	0
1118-7/8	N526AS	N556AS	60
658-7/8	N462AS	---	Unassigned
106001-7/8	N972AK	N954AK	0
1216-7/8	N440AS	N423AS	210
1314-7/8	N974AK	---	Unassigned
835-7/8	N969AK	N966AK	0
325-7/8	N933AK	---	Unassigned
843-7/8	N809AK	N809AK	0
641-7/8	N298AK	N290AK	0
61003-7/8	N614AS	N607AS	0
1114-7/8	N707AL	---	Unassigned
1137-7/8	N577AS	N569AS	90
352-7/8	N956AK	N915AK	90
137001-7/8	N803AK	N803AK	0
555-7/8	N924AK	---	Unassigned
65002-7/8	N607AS	N611AS	180
1018-7/8	N597AS	N569AS	300
330-7/8	N806AK	N806AK	0
494001-7/8	N479AS	---	Unassigned
864-7/8	N593AS	N516AS	0
100-7/8	N277AK	---	Unassigned
14-7/8	N508AS	---	Unassigned
740-7/8	N514AS	N526AS	30
405-7/8	N272AK	N293AK	270
291-7/8	N487AS	N493AS	270
475-7/8	N912AK	N953AK	0
1150001-7/8	N294AK	N274AK	0
366-7/8	N596AS	N514AS	0
697001-7/8	N464AS	N224AK	300
102-7/8	N960AK	N722AL	0
175-7/8	N549AS	N549AS	0
1281-7/8	N494AS	N423AS	0
25-7/8	N236AK	---	Unassigned
280-7/8	N985AK	---	Unassigned
407-7/8	N979AK	N729AL	240
620001-7/8	N525AS	N514AS	300
312-7/8	N284AK	N287AK	360
140-7/8	N457AS	N224AK	0
415-7/8	N273AK	N277AK	330
1038-7/8	N622AS	N613AS	0
74-7/8	N611AS	N607AS	300
1011-7/8	N253AK	N403AS	30
20-7/8	N589AS	---	Unassigned
388001-7/8	N706AL	N924AK	0
1016-7/8	N238AK	N251AK	300
304-7/8	N953AK	---	Unassigned
266-7/8	N931AK	---	Unassigned
934-7/8	N247AK	N462AS	0
909-7/8	N592AS	N529AS	30
1061-7/8	N564AS	N530AS	0
808-7/8	N529AS	---	Unassigned
6-7/8	N590AS	---	Unassigned
418-7/8	N535AS	---	Unassigned
297-7/8	N713AL	N723AL	0
1132-7/8	N435AS	N495AS	240
229001-7/8	N982AK	N982AK	120
700-7/8	N918AK	N918AK	360
357001-7/8	N586AS	N531AS	240
154-7/8	N804AK	N804AK	0
419-7/8	N285AK	---	Unassigned
114-7/8	N409AS	---	Unassigned
162-7/8	N467AS	---	Unassigned
549-7/8	N964AK	N963AK	90
95-7/8	N615AS	N613AS	180
1097-7/8	N264AK	---	Unassigned
31-7/8	N477AS	---	Unassigned
410-7/8	N724AL	---	Unassigned
313-7/8	N287AK	N283AK	60
840-7/8	N570AS	---	Unassigned
62002-7/8	N579AS	N531AS	60
1159-7/8	N587AS	N587AS	30
432-7/8	N709AL	---	Unassigned
1006-7/8	N976AK	N918AK	90
898-7/8	N720AL	---	Unassigned
2-7/8	N537AS	---	Unassigned
61-7/8	N614AS	N607AS	0
534-7/8	N955AK	---	Unassigned
732-7/8	N491AS	---	Unassigned
905-7/8	N472AS	N495AS	30
3-7/8	N538AS	---	Unassigned
535-7/8	N274AK	N290AK	330
676-7/8	N265AK	N267AK	30
1198-7/8	N947AK	N924AK	270
1315-7/8	N712AL	---	Unassigned
1319-7/8	N492AS	---	Unassigned
65-7/8	N607AS	N611AS	360
122-7/8	N946AK	N716AL	300
582-7/8	N548AS	---	Unassigned
773-7/8	N546AS	---	Unassigned
1300-7/8	N280AK	---	Unassigned
1083-7/8	N975AK	N917AK	180
518-7/8	N949AK	---	Unassigned
44-7/8	N612AS	N612AS	0
756-7/8	N921AK	---	Unassigned
1297-7/8	N934AK	N974AK	30
1238-7/8	N469AS	N251AK	30
1269-7/8	N903AK	---	Unassigned
64001-7/8	N613AS	N613AS	360
1242001-7/8	N431AS	N491AS	0
507-7/8	N734AL	---	Unassigned
66-7/8	N536AS	N546AS	120
19-7/8	N283AK	---	Unassigned
836-7/8	N408AS	N468AS	0
462-7/8	N527AS	---	Unassigned
946-7/8	N971AK	---	Unassigned
778-7/8	N961AK	---	Unassigned
601-7/8	N813AK	N813AK	0
92-7/8	N974AK	N983AK	0
1235-7/8	N569AS	---	Unassigned
103-7/8	N562AS	N546AS	0
16-7/8	N968AK	---	Unassigned
1247-7/8	N618AS	N618AS	270
734-7/8	N292AK	N288AK	330
58-7/8	N290AK	---	Unassigned
9-7/8	N532AS	---	Unassigned
290-7/8	N723AL	---	Unassigned
396-7/8	N275AK	N275AK	0
1225-7/8	N478AS	N236AK	60
389-7/8	N403AS	---	Unassigned
646-7/8	N512AS	---	Unassigned
1204-7/8	N268AK	N268AK	360
480-7/8	N977AK	N705AL	0
894-7/8	N557AS	---	Unassigned
1160-7/8	N973AK	---	Unassigned
1287-7/8	N969AK	N716AL	60
301-7/8	N954AK	---	Unassigned
517-7/8	N282AK	N292AK	30
569-7/8	N413AS	---	Unassigned
89-7/8	N619AS	---	Unassigned
1100-7/8	N593AS	N587AS	180
1358-7/8	N440AS	N423AS	210
131-7/8	N495AS	---	Unassigned
947-7/8	N597AS	N569AS	300
572-7/8	N565AS	---	Unassigned
1191-7/8	N552AS	N526AS	180
485-7/8	N468AS	---	Unassigned
929-7/8	N514AS	N516AS	180
1046-7/8	N251AK	---	Unassigned
1147-7/8	N581AS	N592AS	30
868-7/8	N588AS	---	Unassigned
783-7/8	N483AS	---	Unassigned
397-7/8	N517AS	---	Unassigned
406-7/8	N291BT	---	Unassigned
697-7/8	N464AS	N224AK	300
176-7/8	N710AL	---	Unassigned
509-7/8	N253AK	N237AK	0
1279-7/8	N428AS	---	Unassigned
305-7/8	N738AL	---	Unassigned
860-7/8	N926AK	---	Unassigned
226-7/8	N801AK	N801AK	0
1175-7/8	N707AL	---	Unassigned
293-7/8	N419AS	---	Unassigned
1086-7/8	N453AS	N462AS	0
51-7/8	N803AK	N803AK	0
450-7/8	N716AL	---	Unassigned
933-7/8	N281AK	N281AK	150
819-7/8	N978AK	---	Unassigned
67002-7/8	N592AS	N529AS	60
1135-7/8	N423AS	N408AS	60
508-7/8	N248AK	---	Unassigned
1257-7/8	N531AS	---	Unassigned
634-7/8	N462AS	N403AS	240
600-7/8	N407AS	N403AS	30
460-7/8	N960AK	---	Unassigned
522-7/8	N929AK	N734AL	0
975-7/8	N719AL	N946AK	0
1030-7/8	N556AS	N526AS	360
571-7/8	N481AS	N468AS	90
500-7/8	N913AK	N725AL	360
1052001-7/8	N958AK	---	Unassigned
56-7/8	N434AS	---	Unassigned
1421-7/8	N267AK	---	Unassigned
443-7/8	N270AK	N282AK	330
64003-7/8	N613AS	N613AS	360
420-7/8	N731AL	---	Unassigned
17-7/8	N936AK	---	Unassigned
337001-7/8	N551AS	---	Unassigned
271-7/8	N917AK	---	Unassigned
326001-7/8	N703AL	---	Unassigned
216-7/8	N474AS	---	Unassigned
99-7/8	N609AS	N607AS	330
7-7/8	N566AS	---	Unassigned
348-7/8	N238AK	---	Unassigned
744-7/8	N494AS	N237AK	360
1119-7/8	N526AS	N586AS	90
1396-7/8	N260AK	---	Unassigned
962-7/8	N309AS	N309AS	0
1138-7/8	N804AK	N804AK	0
1167-7/8	N805AK	N805AK	0
181-7/8	N553AS	N508AS	150
445-7/8	N433AS	N253AK	0
492-7/8	N983AK	---	Unassigned
379-7/8	N237AK	---	Unassigned
66001-7/8	N536AS	N546AS	120
1150-7/8	N294AK	N274AK	0
201-7/8	N928AK	N722AL	210
317-7/8	N513AS	---	Unassigned
1042001-7/8	N577AS	N530AS	60
1092-7/8	N298AK	N274AK	210
561-7/8	N518AS	---	Unassigned
941-7/8	N288AK	---	Unassigned
287-7/8	N963AK	---	Unassigned
334-7/8	N942AK	---	Unassigned
155-7/8	N612AS	N612AS	0
151001-7/8	N619AS	N611AS	360
412-7/8	N486AS	---	Unassigned
590-7/8	N247AK	---	Unassigned
1019-7/8	N971AK	N705AL	360
591-7/8	N435AS	N403AS	330
86-7/8	N607AS	N612AS	300
720-7/8	N611AS	N609AS	0
1125-7/8	N563AS	N556AS	240
88-7/8	N619AS	---	Unassigned
620-7/8	N525AS	N514AS	300
106-7/8	N972AK	N954AK	0
1146-7/8	N622AS	N618AS	300
435-7/8	N297AK	---	Unassigned
688-7/8	N402AS	N423AS	240
157-7/9	N615AS	N611AS	0
1214-7/9	N472AS	N251AK	210
1321-7/9	N564AS	N586AS	240
439-7/9	N224AK	---	Unassigned
64004-7/9	N613AS	N613AS	360
369-7/9	N962AK	---	Unassigned
844-7/9	N530AS	---	Unassigned
1301-7/9	N493AS	N236AK	330
225-7/9	N708AL	N983AK	210
1468-7/9	N924AK	N932AK	120
821-7/9	N560AS	---	Unassigned
597-7/9	N966AK	---	Unassigned
213-7/9	N938AK	---	Unassigned
355-7/9	N459AS	---	Unassigned
269-7/9	N408AS	---	Unassigned
41-7/9	N932AK	---	Unassigned
611-7/9	N918AK	N918AK	360
339-7/9	N956AK	---	Unassigned
134-7/9	N442AS	N491AS	300
1176-7/9	N587AS	---	Unassigned
1122-7/9	N469AS	N468AS	360
291001-7/9	N487AS	N493AS	270
896-7/9	N732AL	---	Unassigned
806-7/9	N935AK	---	Unassigned
N707AL_SEA-00:34/04:34	N707AL	N707AL	0
1370-7/9	N921AK	---	Unassigned
94-7/9	N974AK	N983AK	0
1202-7/9	N813AK	N813AK	0
376-7/9	N933AK	N974AK	30
494-7/9	N479AS	---	Unassigned
788-7/9	N812AK	N812AK	0
398-7/9	N941AK	---	Unassigned
97-7/9	N618AS	N609AS	330
278-7/9	N712AL	N716AL	300
960-7/9	N277AK	N281AK	240
382-7/9	N290AK	N290AK	330
599-7/9	N961AK	N946AK	360
353-7/9	N597AS	---	Unassigned
1229-7/9	N546AS	N587AS	210
1455-7/9	N934AK	---	Unassigned
229-7/9	N982AK	N982AK	120
735-7/9	N947AK	N966AK	60
538-7/9	N272AK	N267AK	30
78-7/9	N478AS	N491AS	0
1295-7/9	N514AS	---	Unassigned
357-7/9	N586AS	N531AS	240
372-7/9	N214AK	---	Unassigned
1163-7/9	N548AS	N592AS	90
1140-7/9	N265AK	---	Unassigned
632-7/9	N919AK	---	Unassigned
1048001-7/9	N440AS	N253AK	210
730-7/9	N292AK	---	Unassigned
1098-7/9	N431AS	N224AK	300
424-7/9	N457AS	---	Unassigned
1107-7/9	N969AK	N917AK	330
1062-7/9	N946AK	---	Unassigned
662-7/9	N491AS	---	Unassigned
66003-7/9	N536AS	N546AS	120
564-7/9	N467AS	---	Unassigned
472-7/9	N976AK	---	Unassigned
1131-7/9	N569AS	N592AS	300
1397-7/9	N280AK	N274AK	330
964-7/9	N309AS	N309AS	0
241-7/9	N274AK	N283AK	150
1047-7/9	N251AK	N251AK	330
510-7/9	N253AK	N237AK	30
1093-7/9	N973AK	N932AK	300
50-7/9	N803AK	N803AK	0
182001-7/9	N553AS	N508AS	150
1085-7/9	N593AS	N527AS	0
1294-7/9	N268AK	N268AK	360
805-7/9	N719AL	---	Unassigned
1031-7/9	N556AS	N526AS	360
823-7/9	N464AS	---	Unassigned
67001-7/9	N592AS	N529AS	90
779-7/9	N481AS	N468AS	90
69001-7/9	N273AK	N293AK	240
77-7/9	N615AS	N611AS	0
550-7/9	N964AK	N963AK	90
1310-7/9	N284AK	N288AK	300
386-7/9	N710AL	---	Unassigned
64002-7/9	N613AS	N613AS	360
409-7/9	N724AL	N974AK	240
391-7/9	N275AK	N275AK	0
839-7/9	N535AS	---	Unassigned
513-7/9	N955AK	N915AK	30
523-7/9	N433AS	N253AK	0
338-7/9	N264AK	N495AS	330
45-7/9	N562AS	N546AS	360
1280-7/9	N428AS	N462AS	330
478-7/9	N975AK	N946AK	60
1104-7/9	N552AS	---	Unassigned
1054-7/9	N423AS	N236AK	0
84-7/9	N928AK	N722AL	210
939-7/9	N581AS	---	Unassigned
1028-7/9	N912AK	N953AK	0
1087-7/9	N453AS	N462AS	0
155001-7/9	N612AS	N612AS	0
151-7/9	N619AS	N611AS	330
801-7/9	N579AS	---	Unassigned
1318001-7/9	N706AL	N729AL	240
525-7/9	N931AK	N954AK	360
1199-7/9	N952AK	N723AL	90
1203-7/9	N531AS	N516AS	300
87-7/9	N607AS	N612AS	330
1052-7/9	N958AK	---	Unassigned
1215-7/9	N448AS	N253AK	330
1168-7/9	N971AK	N917AK	60
1139-7/9	N804AK	N804AK	0
177-7/9	N549AS	N549AS	0
1042-7/9	N577AS	N530AS	90
579-7/9	N805AK	N805AK	0
205-7/9	N309AS	N309AS	30
721-7/9	N611AS	N609AS	0
1288-7/9	N519AS	N514AS	360
719-7/9	N563AS	N556AS	240
965-7/9	N277AK	N281AK	240
193-7/9	N293AK	N273AK	0
403-7/9	N407AS	N423AS	270
1158-7/9	N512AS	N516AS	60
1327-7/9	N949AK	N915AK	270
167-7/9	N984AK	---	Unassigned
1194-7/9	N285AK	N287AK	240
1224-7/9	N294AK	N277AK	240
827-7/9	N495AS	N408AS	360
66002-7/9	N536AS	N529AS	240
136-7/9	N801AK	N801AK	0
1005-7/9	N236AK	---	Unassigned
141-7/9	N494AS	N237AK	360
1156-7/9	N979AK	N734AL	120
780-7/9	N281AK	N281AK	360
1004-7/9	N435AS	N462AS	150
1321001-7/9	N564AS	N586AS	240
67003-7/9	N592AS	N529AS	120
1034-7/9	N974AK	N705AL	0
642-7/9	N985AK	---	Unassigned
268-7/9	N553AS	N508AS	150
228-7/9	N434AS	N408AS	30
729-7/9	N713AL	N924AK	120
70-7/9	N609AS	N611AS	360
1110-7/9	N622AS	N618AS	300
922-7/9	N247AK	N495AS	0
644-7/9	N961AK	---	Unassigned
133-7/9	N525AS	N556AS	360
46-7/9	N562AS	N546AS	360
1067-7/9	N469AS	N224AK	360
1264-7/9	N570AS	N587AS	240
444-7/9	N493AS	N251AK	330
91-7/9	N529AS	N586AS	360
774-7/9	N813AK	N813AK	0
622-7/9	N803AK	N803AK	0
282-7/9	N924AK	N716AL	300
307-7/9	N419AS	---	Unassigned
69-7/9	N273AK	N293AK	270
1040-7/9	N973AK	N725AL	360
1162-7/9	N569AS	N569AS	60
436-7/9	N720AL	N924AK	270
314-7/9	N707AL	---	Unassigned
197001-7/9	N588AS	N527AS	0
67-7/9	N592AS	N546AS	30
728-7/9	N593AS	N592AS	300
980-7/9	N972AK	N954AK	0
736-7/9	N613AS	N613AS	360
547-7/9	N433AS	---	Unassigned
1152-7/9	N594AS	N508AS	360
1230-7/9	N556AS	N526AS	360
545-7/9	N253AK	N423AS	360
1039-7/9	N913AK	---	Unassigned
380-7/9	N468AS	N491AS	300
315-7/9	N277AK	---	Unassigned
1020-7/9	N431AS	N468AS	300
919-7/9	N918AK	N707AL	0
36-7/9	N734AL	N734AL	270
115-7/9	N947AK	N974AK	360
138-7/9	N708AL	N983AK	210
374-7/9	N706AL	N729AL	240
344-7/9	N527AS	N531AS	270
192-7/9	N618AS	N609AS	330
22-7/9	N282AK	---	Unassigned
455-7/9	N236AK	---	Unassigned
259-7/9	N581AS	N569AS	180
161-7/9	N251AK	N253AK	360
924-7/9	N287AK	N292AK	0
959-7/9	N563AS	---	Unassigned
1057-7/9	N723AL	N917AK	210
185-7/9	N453AS	---	Unassigned
360-7/9	N477AS	N236AK	210
119-7/9	N224AK	N493AS	270
498-7/9	N586AS	N516AS	300
394-7/9	N716AL	N966AK	0
340-7/9	N956AK	N723AL	90
70001-7/9	N609AS	N611AS	360
490-7/9	N926AK	---	Unassigned
400-7/9	N487AS	N403AS	120
367-7/9	N978AK	N932AK	210
59-7/9	N562AS	N527AS	180
423-7/9	N958AK	N918AK	240
328-7/9	N942AK	---	Unassigned
536-7/9	N506AS	N530AS	60
427-7/9	N953AK	N705AL	90
112-7/9	N949AK	N915AK	240
1227-7/9	N724AL	N963AK	90
144-7/9	N564AS	N529AS	210
452-7/9	N964AK	N946AK	210
464-7/9	N920AK	N982AK	60
172-7/9	N296AK	N273AK	120
164-7/9	N928AK	N722AL	30
109-7/9	N592AS	---	Unassigned
880-7/9	N809AK	N809AK	0
810-7/9	N560AS	---	Unassigned
558-7/9	N733AL	---	Unassigned
828-7/9	N464AS	---	Unassigned
814-7/9	N719AL	---	Unassigned
826-7/9	N535AS	---	Unassigned
1029-7/9	N912AK	N953AK	0
