===== Copy Generation Summary =====
#Iter       TotalGen  ind(reg)  mul(reg)  ind(csc)  mul(csc) TotalUsed  ind(reg)  mul(reg)  ind(csc)  mul(csc)            obj
    1            456       329        81        46         0       190       139        43         8         0      1.058e+08
    2            436       292        62        82         0       175       121        48         6         0      1.058e+08
    3            423       287        24       112         0       177       132        18        27         0      6.852e+06
    4            416       363        10        43         0       206       184         7        15         0      5.878e+06
    5            411       371        13        27         0       206       187        10         9         0      2.378e+06
    6            406       366         7        33         0       202       179         7        16         0      1.972e+06
    7            396       376         0        20         0       194       186         0         8         0      1.972e+06
    8            398       366         7        25         0       187       182         5         0         0      1.967e+06
    9            395       359         7        29         0       167       162         5         0         0      1.967e+06
   10            389       356        10        23         0       189       178         8         3         0      1.967e+06
   11            377       299        47        31         0       189       147        37         5         0      1.953e+06
   12            350       254        48        48         0       167       127        28        12         0      1.949e+06
   13            310       269        24        17         0       158       136        17         5         0      1.938e+06
   14            292       227        26        39         0       143       117        18         8         0      1.931e+06
   15            266       197        22        47         0        91        74        16         1         0       1.84e+06
   16            295       199        57        39         0       141       102        36         3         0       1.84e+06
   17            256       190        34        32         0       114        88        21         5         0       1.84e+06
   18            232       163        42        27         0       108        79        29         0         0       1.84e+06
   19            193       110        52        31         0        86        47        33         6         0       1.84e+06
   20            172       115         9        48         0        71        58         5         8         0       1.84e+06
   21            127        85        21        21         0        55        38        16         1         0       1.84e+06
   22            131        94        24        13         0        70        52        18         0         0      1.828e+06
   23            179        31       128        20         0        96        13        83         0         0      1.828e+06
   24            125        86        33         6         0        69        49        20         0         0      1.828e+06
   25            132        37        83        12         0        81         8        73         0         0      1.828e+06
   26             86        35        42         9         0        38        12        26         0         0      1.827e+06
   27             53        25        16        12         0        18         8        10         0         0      1.827e+06
   28             23        10         9         4         0         7         4         3         0         0      1.827e+06
   29             30        13        14         3         0        10         4         6         0         0      1.827e+06
   30             26        13         7         6         0         0         0         0         0         0      1.827e+06
   31             16         8         7         1         0         1         1         0         0         0      1.827e+06
   32             10         3         5         2         0         0         0         0         0         0      1.827e+06
   33             10         4         5         1         0         0         0         0         0         0      1.827e+06
   34             10         4         5         1         0         0         0         0         0         0      1.827e+06
