===== Copy Generation Summary =====
#Iter       TotalGen  ind(reg)  mul(reg)  ind(csc)  mul(csc) TotalUsed  ind(reg)  mul(reg)  ind(csc)  mul(csc)            obj
    1            458       325        87        46         0       194       138        48         8         0       3.35e+06
    2            418       314        29        75         0       176       142        23        11         0       3.35e+06
    3            423       303        22        98         0       185       149        15        21         0       1.36e+06
    4            421       376        13        32         0       207       191         9         7         0       1.36e+06
    5            409       354         2        53         0       208       192         2        14         0       1.36e+06
    6            407       362         4        41         0       196       182         3        11         0       1.36e+06
    7            398       361         4        33         0       189       172         3        14         0       1.36e+06
    8            399       370         8        21         0       191       182         6         3         0       1.36e+06
    9            396       343         4        49         0       166       150         4        12         0      1.355e+06
   10            389       334        14        41         0       162       151         9         2         0      1.355e+06
   11            383       302        24        57         0       176       157        13         6         0      1.355e+06
   12            391       284        57        50         0       186       131        49         6         0      1.355e+06
   13            323       238        36        49         0       140       115        23         2         0      1.355e+06
   14            309       236        35        38         0       135       104        22         9         0      1.355e+06
   15            259       211         9        39         0        89        84         4         1         0      1.355e+06
   16            228       192        10        26         0       108       100         4         4         0      1.349e+06
   17            212       141        27        44         0        92        72        18         2         0      1.349e+06
   18            182       110        22        50         0        68        50        15         3         0      1.337e+06
   19            175       152         7        16         0        95        87         3         5         0      1.337e+06
   20            129        95         5        29         0        53        43         2         8         0      1.335e+06
   21            131       116         4        11         0        50        46         3         1         0      1.335e+06
   22            109        62         7        40         0        28        23         4         1         0      1.335e+06
   23            103        55        20        28         0        31        14        13         4         0      1.335e+06
   24             69        30        12        27         0        13         7         6         0         0      1.335e+06
   25             42        21        13         8         0        17        10         7         0         0      1.335e+06
   26             46        25        10        11         0        13        10         2         1         0      1.335e+06
   27             35        18        10         7         0        11         8         3         0         0      1.335e+06
   28             26        15         2         9         0         5         4         0         1         0      1.334e+06
   29            103        99         2         2         0        64        62         2         0         0      1.334e+06
   30             17        11         2         4         0         3         3         0         0         0      1.334e+06
   31             12         6         3         3         0         3         1         2         0         0      1.334e+06
   32              4         3         0         1         0         0         0         0         0         0      1.334e+06
   33             72        56        15         1         0        64        50        14         0         0      1.334e+06
   34              7         3         3         1         0         4         1         3         0         0      1.334e+06
   35              9         4         3         2         0         2         0         2         0         0      1.334e+06
