Run time(sec):            697
IP gap:inf
======================= COST =======================
======================= COST =======================
Total:              7.744e+08
Cancel:              7.57e+08
Delay:              9.516e+06
Swaps:              6.084e+06
PosViol:            1.825e+06
CSC:                        0

===================== DISRUPTION ===================
# Cancelled:              757
# Delayed:                430
# Swaps:                  507
# CSCs:                     0
Ttl delay(min):	    9.516e+04
Avg delay(min):	          221
Min delay(min):	           30
Max delay(min):	          360

================= AIRPORT CAPACITY =================
SEA 2025-Jul-07 17:00:00 2025-Jul-07 21:00:00 1 0(1)
SEA 2025-Jul-07 17:00:00 2025-Jul-07 21:00:00 2 0(1)
SEA 2025-Jul-07 21:00:00 2025-Jul-07 22:00:00 1 5(5)
SEA 2025-Jul-07 21:00:00 2025-Jul-07 22:00:00 2 5(5)
SEA 2025-Jul-07 22:00:00 2025-Jul-07 23:00:00 1 2(3)
SEA 2025-Jul-07 22:00:00 2025-Jul-07 23:00:00 2 3(4)
SEA 2025-Jul-07 23:00:00 2025-Jul-08 00:00:00 1 4(4)
SEA 2025-Jul-08 00:00:00 2025-Jul-08 01:00:00 1 4(4)
SEA 2025-Jul-07 23:00:00 2025-Jul-08 00:00:00 2 2(1)
SEA 2025-Jul-08 00:00:00 2025-Jul-08 01:00:00 2 2(2)
PDX 2025-Jul-07 21:00:00 2025-Jul-07 22:00:00 1 6(2)
PDX 2025-Jul-07 22:00:00 2025-Jul-07 23:00:00 1 6(1)
PDX 2025-Jul-07 21:00:00 2025-Jul-07 22:00:00 2 2(1)
PDX 2025-Jul-07 22:00:00 2025-Jul-07 23:00:00 2 2(0)
PDX 2025-Jul-07 23:00:00 2025-Jul-08 00:00:00 1 1(1)
PDX 2025-Jul-07 23:00:00 2025-Jul-08 00:00:00 2 3(3)
RNO 2025-Jul-07 21:00:00 2025-Jul-07 22:00:00 1 1(0)
RNO 2025-Jul-07 22:00:00 2025-Jul-07 23:00:00 1 1(0)
RNO 2025-Jul-07 21:00:00 2025-Jul-07 22:00:00 2 1(0)
RNO 2025-Jul-07 22:00:00 2025-Jul-07 23:00:00 2 1(0)
RNO 2025-Jul-07 23:00:00 2025-Jul-08 00:00:00 1 2(0)
RNO 2025-Jul-07 23:00:00 2025-Jul-08 00:00:00 2 0(0)
STS 2025-Jul-07 21:00:00 2025-Jul-07 22:00:00 1 1(0)
STS 2025-Jul-07 22:00:00 2025-Jul-07 23:00:00 1 1(0)
STS 2025-Jul-07 23:00:00 2025-Jul-08 00:00:00 1 1(0)
STS 2025-Jul-07 21:00:00 2025-Jul-08 00:00:00 2 0(0)
STS 2025-Jul-08 00:00:00 2025-Jul-08 01:00:00 1 2(0)
STS 2025-Jul-08 01:00:00 2025-Jul-08 02:00:00 1 2(0)
STS 2025-Jul-08 02:00:00 2025-Jul-08 03:00:00 1 2(0)
STS 2025-Jul-08 03:00:00 2025-Jul-08 04:00:00 1 2(0)
STS 2025-Jul-08 00:00:00 2025-Jul-08 01:00:00 2 2(0)
STS 2025-Jul-08 01:00:00 2025-Jul-08 02:00:00 2 2(0)
STS 2025-Jul-08 02:00:00 2025-Jul-08 03:00:00 2 2(0)
STS 2025-Jul-08 03:00:00 2025-Jul-08 04:00:00 2 2(0)
STS 2025-Jul-08 04:00:00 2025-Jul-08 05:00:00 1 0(0)
STS 2025-Jul-08 04:00:00 2025-Jul-08 05:00:00 2 1(0)

================= AIRCRAFT LOCATION ================
Aircraft     PlannedEnd      ActualEnd
N214AK            AUS            JFK
N224AK            ANC            PHX
N236AK            IAD            SAN
N237AK            SEA            SEA
N238AK            IAD            SAN
N247AK            SEA            IND
N248AK            SEA            DTW
N251AK            EUG            SFO
N253AK            IND            SEA
N260AK            PDX            PDX
N264AK            OMA            SEA
N265AK            SFO            PDX
N267AK            PDX            ANC
N268AK            PDX            PDX
N270AK            SEA            SEA
N272AK            ORD            SEA
N273AK            JNU            PDX
N274AK            MKE            ORD
N275AK            LAS            LAS
N277AK            CMH            JNU
N280AK            PDX            PDX
N281AK            ABQ            SEA
N282AK            JFK            SIT
N283AK            PDX            SJC
N284AK            SJC            SJC
N285AK            SMF            SEA
N287AK            RDM            SMF
N288AK            ORD            RDM
N290AK            BNA            BOS
N291BT            SEA            SEA
N292AK            LAS            LAS
N293AK            ANC            JFK
N294AK            LAX            SEA
N296AK            PHX            SEA
N297AK            SFO            BNA
N298AK            LAX            ANC
N307AS            SEA            SEA
N309AS            JNU            SEA
N318AS            SEA            JNU
N402AS            LAS            SEA
N403AS            SAN            SEA
N408AS            ANC            IAD
N409AS            SFO            LAX
N413AS            SEA            ORD
N419AS            BOS            SEA
N423AS            LAX            SEA
N431AS            MCO            EWR
N433AS            CLE            SFO
N434AS            ANC            ORD
N435AS            GEG            SEA
N440AS            LAX            SEA
N442AS            SEA            SEA
N448AS            SEA            SEA
N453AS            JNU            SEA
N457AS            DFW            PHX
N459AS            SFO            PDX
N462AS            SFO            JNU
N464AS            ANC            ANC
N467AS            MCI            CLE
N469AS            GEG            JNU
N471AS            SEA            SEA
N472AS            SJC            SAN
N474AS            SEA            SEA
N477AS            TPA            SEA
N478AS            ANC            ANC
N481AS            PDX            MCO
N483AS            PDX            BNA
N486AS            SEA            SMF
N487AS            BNA            EUG
N491AS            PDX            SEA
N492AS            PDX            PDX
N493AS            PHL            PHL
N494AS            ANC            SEA
N495AS            HNL            SAN
N506AS            BOS            SEA
N508AS            DCA            SEA
N512AS            SNA            LAX
N513AS            SEA            SEA
N514AS            SFO            SEA
N516AS            LAX            SNA
N517AS            SAN            SEA
N518AS            LAX            KOA
N519AS            SNA            SEA
N520AS            ANC            SEA
N523AS            SEA            ORD
N525AS            ANC            SEA
N526AS            SEA            SEA
N527AS            BWI            BWI
N529AS            SIT            KOA
N530AS            SJC            SFO
N531AS            SEA            OAK
N532AS            PDX            SAN
N535AS            SAN            SEA
N536AS            SEA            SEA
N537AS            DCA            MSP
N538AS            SEA            SAN
N546AS            SEA            ANC
N548AS            DEN            SEA
N549AS            ADQ            ADQ
N551AS            SEA            SEA
N552AS            SNA            BOS
N553AS            SEA            SNA
N556AS            SMF            SAN
N557AS            SAN            SEA
N560AS            SEA            PDX
N562AS            MSP            KOA
N564AS            ANC            SEA
N565AS            SEA            ANC
N568AS            LAX            SAN
N569AS            SAN            GEG
N570AS            SAN            SEA
N577AS            SEA            SAN
N579AS            KOA            ANC
N581AS            BOS            SFO
N586AS            PDX            JNU
N587AS            PHX            SNA
N589AS            JFK            LAX
N590AS            DCA            LAX
N592AS            ORD            ADQ
N593AS            LAS            BOS
N594AS            OAK            DEN
N596AS            SEA            SEA
N597AS            OGG            SAN
N607AS            ANC            SEA
N609AS            SIT            SEA
N611AS            SEA            SIT
N612AS            ANC            ANC
N613AS            RNO            RNO
N615AS            JNU            JNU
N618AS            ANC            ANC
N619AS            ANC            JNU
N622AS            SEA            JNU
N703AL            SEA            OGG
N705AL            LAX            SEA
N706AL            EWR            SEA
N707AL            EWR            SEA
N708AL            ORD            SFO
N709AL            TPA            SEA
N710AL            MSP            SEA
N712AL            LAX            SEA
N713AL            PDX            FAI
N716AL            MCO            MCO
N719AL            SEA            SFO
N720AL            BOS            SEA
N722AL            SEA            EWR
N723AL            DFW            SAN
N724AL            AUS            SEA
N725AL            SFO            SFO
N729AL            LAX            SEA
N731AL            MCO            SEA
N732AL            SEA            IAD
N733AL            PDX            SFO
N734AL            JFK            SEA
N738AL            SEA            SEA
N801AK            ANC            SEA
N803AK            JFK            JFK
N804AK            SEA            LAX
N805AK            LAX            LAX
N806AK            LAX            SEA
N809AK            SEA            LAX
N812AK            SFO            SFO
N813AK            SEA            ANC
N903AK            PDX            PDX
N912AK            SAN            EWR
N913AK            GEG            LAS
N915AK            SEA            SAT
N917AK            ONT            HNL
N918AK            RDU            LAS
N919AK            PHX            SEA
N920AK            ATL            SEA
N921AK            AUS            SEA
N924AK            EWR            ANC
N926AK            MSY            SEA
N928AK            DEN            SEA
N929AK            SEA            SEA
N931AK            PDX            SFO
N932AK            SFO            SAN
N933AK            ORD            JFK
N934AK            ANC            LAX
N935AK            SAN            SEA
N936AK            SEA            SEA
N938AK            LAX            BOS
N941AK            IAH            SEA
N942AK            ORD            SEA
N947AK            FAI            SEA
N948AK            LAX            LAX
N949AK            FAI            GEG
N952AK            SEA            SEA
N953AK            CVG            CVG
N954AK            PDX            SJC
N955AK            SFO            ANC
N956AK            PIT            SEA
N958AK            SAT            SEA
N960AK            BOS            SEA
N961AK            PHX            ORD
N962AK            SFO            AUS
N963AK            LAX            DEN
N964AK            IAH            LAX
N966AK            SFO            JFK
N967AK            LAX            PDX
N968AK            JFK            SEA
N969AK            PDX            JFK
N972AK            SFO            SEA
N973AK            ONT            SEA
N974AK            BOI            EWR
N975AK            LAS            DFW
N976AK            STL            SEA
N977AK            SEA            SEA
N978AK            IAD            ATL
N982AK            SEA            FAI
N983AK            ATL            SEA
N984AK            FAI            SEA
N985AK            DEN            LAX
N990AK            LAX            LAX
N407AS            SEA            SEA
N428AS            LAX            LAX
N468AS            DTW            SEA
N479AS            SEA            SFO
N563AS            GEG            SEA
N566AS            SFO            SFO
N588AS            ANC            LAX
N614AS            ANC            ANC
N946AK            BUR            LAX
N971AK            BUR            LAX
N979AK            SAN            SEA
