Objective:	7.74425e+08
Total CPU time:	00:11:37
================== Aircraft Recovery Schedule ==================
N214AK[30]
375(7/7IAD13:00---SEA18:47)
2025-Jul-07 19:17:00
1198-d0(7/7SEA21:05---SAN23:55)
735-d0(7/8SAN00:51---SEA03:50)
N214AK_SEA-05:07/11:07-d0(7/8SEA05:07---7/8 11:07)
161-d330(7/8SEA11:17---EUG12:31)
132-d30(7/8EUG13:30---SEA14:45)
1166-d30(7/8SEA15:40---SFO17:59)
1075-d30(7/8SFO18:55---SEA21:07)
312001-d360(7/8SEA22:06---OMA01:17)
312-d360(7/9OMA02:14---SEA05:54)
22-d60(7/9SEA06:41---JFK12:02)
2025-Jul-09 15:30:00
--------------------------------------------------------
N224AK[45]
2025-Jul-07 15:00:00
2025-Jul-09 15:45:00
--------------------------------------------------------
N236AK[55]
1258(7/7SEA14:00---SAN16:50)
2025-Jul-07 17:45:00
2025-Jul-09 15:55:00
--------------------------------------------------------
N237AK[55]
2025-Jul-07 15:00:00
2025-Jul-09 15:55:00
--------------------------------------------------------
N238AK[40]
1074(7/7PDX14:25---SAN17:00)
2025-Jul-07 17:40:00
2025-Jul-09 15:40:00
--------------------------------------------------------
N247AK[50]
512(7/7SFO14:00---AUS17:36)
2025-Jul-07 18:26:00
503-d150(7/7AUS21:06---SEA01:29)
357001-d360(7/8SEA02:35---MCI06:01)
357-d360(7/8MCI06:56---SEA10:56)
924-d360(7/8SEA11:48---RDM12:59)
943-d60(7/8RDM14:00---SEA15:14)
682001-d60(7/8SEA16:06---DEN18:53)
682-d60(7/8DEN19:49---SEA22:48)
934001-d330(7/8SEA23:50---EUG01:06)
934-d330(7/9EUG02:00---SEA03:18)
509-d360(7/9SEA04:15---SLC06:18)
510-d360(7/9SLC07:12---SEA09:30)
545-d360(7/9SEA10:45---IND15:00)
2025-Jul-09 15:50:00
--------------------------------------------------------
N248AK[30]
537(7/7BOS13:20---SEA19:35)
2025-Jul-07 20:05:00
733-d120(7/7SEA21:10---SLC23:16)
734-d150(7/8SLC00:09---SEA02:24)
744-d240(7/8SEA02:59---PHX05:57)
662-d330(7/8PHX06:35---PDX09:18)
1239-d0(7/8PDX14:00---PHX16:46)
637-d0(7/8PHX17:46---SEA20:53)
1017-d210(7/8SEA21:50---PDX22:53)
836-d120(7/8PDX23:30---SFO01:22)
1225-d270(7/9SFO02:15---SEA04:24)
445-d360(7/9SEA05:08---RNO06:59)
523-d360(7/9RNO07:47---SEA09:42)
380-d330(7/9SEA10:15---DTW14:35)
2025-Jul-09 15:30:00
--------------------------------------------------------
N251AK[50]
2025-Jul-07 15:00:00
2025-Jul-09 15:50:00
--------------------------------------------------------
N253AK[35]
2025-Jul-07 15:00:00
2025-Jul-09 15:35:00
--------------------------------------------------------
N260AK[60]
2025-Jul-07 15:00:00
2025-Jul-09 16:00:00
--------------------------------------------------------
N264AK[30]
2025-Jul-07 15:00:00
2025-Jul-09 15:30:00
--------------------------------------------------------
N265AK[55]
541(7/7AUS12:37---PDX16:50)
2025-Jul-07 17:45:00
2025-Jul-09 15:55:00
--------------------------------------------------------
N267AK[60]
2025-Jul-07 15:00:00
2025-Jul-09 16:00:00
--------------------------------------------------------
N268AK[55]
413(7/7ORD12:00---PDX16:25)
2025-Jul-07 17:20:00
121-d0(7/7PDX17:53---BUR20:12)
1290-d240(7/7BUR22:30---SEA01:08)
1046-d240(7/8SEA02:08---SJC04:17)
1047-d270(7/8SJC05:41---SEA07:48)
780-d360(7/8SEA08:59---ABQ11:59)
618-d0(7/8ABQ14:00---SEA17:15)
79-d210(7/8SEA18:30---ANC22:06)
198-d360(7/8ANC23:05---PDX02:44)
1204-d360(7/9PDX03:49---SAN06:22)
1294-d360(7/9SAN07:18---PDX09:50)
2025-Jul-09 15:55:00
--------------------------------------------------------
N270AK[45]
2025-Jul-07 15:00:00
2025-Jul-09 15:45:00
--------------------------------------------------------
N272AK[50]
2025-Jul-07 15:00:00
2025-Jul-09 15:50:00
--------------------------------------------------------
N273AK[45]
289(7/7EWR11:52---LAX17:46)
2025-Jul-07 18:31:00
1397-d0(7/9LAX01:07---PDX03:30)
2025-Jul-09 15:45:00
--------------------------------------------------------
N274AK[50]
2025-Jul-07 15:00:00
2025-Jul-09 15:50:00
--------------------------------------------------------
N275AK[55]
683(7/7ORD13:00---SEA17:39)
2025-Jul-07 18:34:00
658-d300(7/8SEA00:18---LAS03:02)
634-d330(7/8LAS04:09---SFO05:50)
776-d330(7/8SFO07:10---LAS08:55)
393-d0(7/8LAS14:00---PAE16:40)
385-d0(7/8PAE17:40---PHX20:43)
396-d0(7/8PHX21:43---PAE00:44)
391-d0(7/9PAE01:44---LAS04:17)
2025-Jul-09 15:55:00
--------------------------------------------------------
N277AK[45]
2025-Jul-07 15:00:00
1254-d0(7/7SEA15:27---ONT18:05)
1111-d0(7/7ONT19:00---SEA21:38)
602-d30(7/7SEA23:19---DEN02:02)
615-d30(7/8DEN03:02---SEA06:12)
959-d90(7/8SEA07:22---GEG08:29)
966-d0(7/8GEG13:00---SEA14:15)
648-d0(7/8SEA15:00---TUS18:10)
641-d0(7/8TUS19:06---SEA22:20)
733-d270(7/8SEA23:08---SLC01:14)
734-d270(7/9SLC02:09---SEA04:24)
69001-d240(7/9SEA05:35---KTN07:44)
69-d240(7/9KTN08:29---JNU09:30)
2025-Jul-09 15:45:00
--------------------------------------------------------
N280AK[55]
1089(7/7LAS14:05---PDX16:24)
2025-Jul-07 17:19:00
2025-Jul-09 15:55:00
--------------------------------------------------------
N281AK[30]
2025-Jul-07 15:00:00
2025-Jul-09 15:30:00
--------------------------------------------------------
N282AK[60]
2025-Jul-07 15:00:00
2025-Jul-09 16:00:00
--------------------------------------------------------
N283AK[50]
2025-Jul-07 15:00:00
2025-Jul-09 15:50:00
--------------------------------------------------------
N284AK[40]
943(7/7RDM13:00---SEA14:14)
516(7/7SEA14:55---FLL20:52)
2025-Jul-07 21:32:00
517-d0(7/7FLL21:52---SEA04:20)
919-d30(7/8SEA05:25---RDU10:30)
920-d0(7/8RDU11:36---SEA17:30)
932-d0(7/8SEA18:36---ABQ21:37)
933-d0(7/8ABQ22:31---SEA01:41)
960-d120(7/9SEA02:43---GEG03:50)
965-d120(7/9GEG04:44---SEA06:00)
1310-d330(7/9SEA07:06---SJC09:21)
2025-Jul-09 15:40:00
--------------------------------------------------------
N285AK[30]
383(7/7BNA12:00---SEA17:06)
2025-Jul-07 17:36:00
2025-Jul-09 15:30:00
--------------------------------------------------------
N287AK[55]
139(7/7ORD14:30---ANC21:15)
2025-Jul-07 22:10:00
226-d0(7/7ANC22:20---SEA01:50)
N287AK_SEA-01:50/07:50-d0(7/8SEA01:50---7/8 07:50)
1039-d210(7/8SEA08:15---GEG09:28)
963-d0(7/8GEG14:00---SEA15:14)
535001-d0(7/8SEA17:20---DEN20:07)
535-d0(7/8DEN21:03---SEA00:00)
1150001-d330(7/9SEA01:18---BUR03:49)
1150-d330(7/9BUR04:44---SEA07:24)
1194-d330(7/9SEA08:24---SMF10:22)
2025-Jul-09 15:55:00
--------------------------------------------------------
N288AK[55]
2025-Jul-07 15:00:00
756-d0(7/7LAS21:13---PDX23:35)
1455-d0(7/8PDX00:49---ANC04:40)
172-d0(7/8ANC07:13---PHX12:45)
645-d0(7/8PHX14:05---SEA17:09)
N288AK_SEA-17:09/22:09-d0(7/8SEA17:09---7/8 22:09)
442-d330(7/8SEA22:12---PHL03:17)
443-d330(7/9PHL04:22---SEA10:27)
924-d360(7/9SEA11:48---RDM12:59)
2025-Jul-09 15:55:00
--------------------------------------------------------
N290AK[30]
358(7/7PDX14:00---BOS19:25)
2025-Jul-07 19:55:00
2025-Jul-09 15:30:00
--------------------------------------------------------
N291BT[30]
627(7/7TPA11:00---SEA17:06)
2025-Jul-07 17:36:00
2025-Jul-09 15:30:00
--------------------------------------------------------
N292AK[45]
473(7/7STL11:41---SEA16:10)
2025-Jul-07 16:55:00
1108-d0(7/7SEA16:58---SAN19:49)
1297-d30(7/7SAN21:45---PDX00:19)
1176-d60(7/8PDX01:30---PHX04:20)
611-d300(7/8PHX05:29---SEA08:35)
380-d300(7/8SEA09:45---DTW14:05)
381-d240(7/8DTW15:00---SEA19:57)
414-d330(7/8SEA20:47---DFW00:49)
415-d330(7/9DFW01:49---SEA06:04)
730-d360(7/9SEA06:59---LAS09:38)
2025-Jul-09 15:45:00
--------------------------------------------------------
N293AK[60]
2025-Jul-07 15:00:00
2025-Jul-09 16:00:00
--------------------------------------------------------
N294AK[50]
281(7/7BNA14:00---SEA19:03)
2025-Jul-07 19:53:00
2025-Jul-09 15:50:00
--------------------------------------------------------
N296AK[50]
2025-Jul-07 15:00:00
2025-Jul-09 15:50:00
--------------------------------------------------------
N297AK[35]
2025-Jul-07 15:00:00
57-d0(7/7ANC16:00---FAI17:05)
234-d210(7/7FAI21:35---SEA01:13)
620001-d300(7/8SEA02:03---DEN04:44)
620-d330(7/8DEN05:20---SEA08:20)
1004-d360(7/8SEA08:59---GEG10:09)
215-d0(7/8GEG16:45---SEA18:00)
405001-d210(7/8SEA18:41---OKC22:18)
405-d210(7/8OKC23:14---SEA03:08)
382-d180(7/9SEA03:43---BNA07:59)
2025-Jul-09 15:35:00
--------------------------------------------------------
N298AK[55]
533(7/7ATL13:30---SEA18:51)
2025-Jul-07 19:46:00
71-d150(7/7SEA21:13---JNU23:49)
176-d150(7/8JNU00:45---SEA03:12)
136-d90(7/8SEA04:25---ANC08:08)
54-d0(7/8ANC09:29---SEA13:00)
1258-d0(7/8SEA14:00---SAN16:50)
1259-d60(7/8SAN18:00---SEA21:00)
63-d240(7/8SEA22:20---SIT00:44)
58-d240(7/9SIT01:40---SEA04:00)
1224-d120(7/9SEA04:55---LAX07:46)
193-d360(7/9LAX08:45---ANC14:08)
2025-Jul-09 15:55:00
--------------------------------------------------------
N307AS[60]
168(7/7FAI08:14---SEA12:00)
2025-Jul-07 15:00:00
722-d300(7/8SEA00:27---PHX03:30)
975-d360(7/8PHX04:47---SEA07:52)
1194-d360(7/8SEA08:54---SMF10:52)
1217-d0(7/8SMF13:15---SEA15:15)
2025-Jul-09 16:00:00
--------------------------------------------------------
N309AS[30]
2025-Jul-07 15:00:00
612-d0(7/7SEA15:46---LAS18:25)
785-d180(7/7LAS22:40---SEA01:24)
1306-d0(7/8SEA15:00---LAX17:49)
1305-d0(7/8LAX18:55---SEA21:39)
962-d0(7/8SEA23:03---GEG00:13)
964-d0(7/9GEG01:07---SEA02:21)
2025-Jul-09 15:30:00
--------------------------------------------------------
N318AS[40]
2025-Jul-07 15:00:00
215-d180(7/7GEG20:03---SEA21:18)
185-d0(7/8SEA05:55---JNU08:25)
42-d0(7/8JNU09:55---SEA12:23)
205-d0(7/9SEA02:36---JNU05:05)
2025-Jul-09 15:40:00
--------------------------------------------------------
N402AS[60]
1041(7/7BUR14:00---SEA16:37)
2025-Jul-07 17:37:00
2025-Jul-09 16:00:00
--------------------------------------------------------
N403AS[50]
188(7/7ANC13:00---SEA16:30)
2025-Jul-07 17:20:00
2025-Jul-09 15:50:00
--------------------------------------------------------
N408AS[55]
2025-Jul-07 15:00:00
1268-d0(7/7PDX16:00---BNA20:19)
1269-d0(7/7BNA21:19---PDX02:15)
946-d360(7/8PDX03:30---BOI04:48)
1019-d360(7/8BOI05:43---SEA07:20)
1168-d360(7/8SEA08:25---BUR10:59)
1063-d0(7/8BUR14:20---PDX16:37)
499-d270(7/8PDX17:35---SEA18:39)
1216-d60(7/8SEA20:01---SMF22:01)
1358-d60(7/8SMF22:56---SEA00:54)
1098-d60(7/9SEA01:59---SAN04:54)
1005-d180(7/9SAN05:57---SFO07:37)
455-d180(7/9SFO08:43---IAD13:50)
2025-Jul-09 15:55:00
--------------------------------------------------------
N409AS[55]
150(7/7ANC08:34---LAX13:55)
2025-Jul-07 15:00:00
2025-Jul-09 15:55:00
--------------------------------------------------------
N413AS[40]
324(7/7PDX14:02---ORD18:07)
2025-Jul-07 18:47:00
2025-Jul-09 15:40:00
--------------------------------------------------------
N419AS[60]
2025-Jul-07 15:00:00
2025-Jul-09 16:00:00
--------------------------------------------------------
N423AS[30]
446(7/7PHL10:45---SEA16:42)
2025-Jul-07 17:12:00
2025-Jul-09 15:30:00
--------------------------------------------------------
N431AS[55]
292(7/7SFO14:54---EWR20:29)
2025-Jul-07 21:24:00
2025-Jul-09 15:55:00
--------------------------------------------------------
N433AS[45]
2025-Jul-07 15:00:00
2025-Jul-09 15:45:00
--------------------------------------------------------
N434AS[40]
408(7/7SEA13:00---ORD17:07)
2025-Jul-07 17:47:00
2025-Jul-09 15:40:00
--------------------------------------------------------
N435AS[55]
920(7/7RDU11:36---SEA17:30)
2025-Jul-07 18:25:00
2025-Jul-09 15:55:00
--------------------------------------------------------
N440AS[30]
459(7/7BOS11:20---SEA17:38)
2025-Jul-07 18:08:00
2025-Jul-09 15:30:00
--------------------------------------------------------
N442AS[55]
542(7/7SEA07:25---DFW11:20)
365(7/7DFW14:00---SEA18:27)
2025-Jul-07 19:22:00
2025-Jul-09 15:55:00
--------------------------------------------------------
N448AS[45]
242(7/7MKE11:30---SEA15:53)
2025-Jul-07 16:38:00
2025-Jul-09 15:45:00
--------------------------------------------------------
N453AS[50]
42(7/7JNU09:55---SEA12:23)
2025-Jul-07 15:00:00
2025-Jul-09 15:50:00
--------------------------------------------------------
N457AS[45]
606(7/7SEA14:55---PHX17:52)
2025-Jul-07 18:37:00
2025-Jul-09 15:45:00
--------------------------------------------------------
N459AS[50]
1063(7/7BUR14:20---PDX16:37)
2025-Jul-07 17:27:00
2025-Jul-09 15:50:00
--------------------------------------------------------
N462AS[30]
2025-Jul-07 15:00:00
2025-Jul-09 15:30:00
--------------------------------------------------------
N464AS[55]
453(7/7IAH11:00---SEA15:40)
2025-Jul-07 16:35:00
N464AS_SEA-15:40/20:40-d0(7/7SEA15:40---7/7 20:40)
549-d0(7/7SEA21:07---DFW01:03)
550-d30(7/8DFW02:06---SEA06:29)
423-d60(7/8SEA07:36---SAT11:40)
495-d60(7/8SAT13:00---SEA17:24)
1010-d0(7/8SEA18:20---GEG19:29)
1011-d30(7/8GEG20:53---SEA22:07)
697001-d210(7/8SEA23:22---MSO00:47)
697-d210(7/9MSO01:43---SEA03:21)
590-d300(7/9SEA04:42---SFO06:53)
922-d240(7/9SFO07:49---SEA10:02)
119-d300(7/9SEA10:59---ANC14:39)
2025-Jul-09 15:55:00
--------------------------------------------------------
N467AS[40]
132(7/7EUG13:00---SEA14:15)
2025-Jul-07 15:00:00
648-d0(7/7SEA15:00---TUS18:10)
641-d0(7/7TUS19:06---SEA22:20)
1010-d270(7/7SEA23:09---GEG00:18)
1011-d300(7/8GEG01:23---SEA02:37)
590-d240(7/8SEA03:42---SFO05:53)
1327-d240(7/8SFO06:49---SEA09:05)
112-d180(7/8SEA09:50---FAI13:36)
210-d30(7/8FAI14:22---SEA18:10)
658-d0(7/8SEA19:00---LAS21:44)
634-d0(7/8LAS22:39---SFO00:20)
591-d90(7/9SFO01:14---SEA03:24)
1214-d240(7/9SEA04:04---SJC06:15)
1047-d360(7/9SJC07:11---SEA09:18)
547-d330(7/9SEA10:10---CLE14:41)
2025-Jul-09 15:40:00
--------------------------------------------------------
N469AS[30]
1130(7/7GEG14:00---SAN16:47)
2025-Jul-07 17:17:00
1073-d0(7/7SAN17:50---PDX20:28)
1161-d210(7/7PDX21:00---PHX23:46)
603-d330(7/8PHX00:22---SEA03:28)
115-d0(7/8SEA04:59---FAI08:49)
156-d0(7/8FAI10:09---SEA13:44)
1290001-d0(7/8SEA15:00---BUR17:36)
1290-d0(7/8BUR18:30---SEA21:08)
904-d210(7/8SEA21:53---BZN23:36)
905-d210(7/9BZN00:30---SEA02:29)
1004-d0(7/9SEA02:59---GEG04:09)
1280-d180(7/9GEG04:49---LAX07:35)
1215-d360(7/9LAX08:25---SEA11:17)
185-d360(7/9SEA11:55---JNU14:25)
2025-Jul-09 15:30:00
--------------------------------------------------------
N471AS[60]
643(7/7DEN12:00---SEA15:01)
2025-Jul-07 16:01:00
2025-Jul-09 16:00:00
--------------------------------------------------------
N472AS[50]
35(7/7JFK14:00---SAN19:52)
2025-Jul-07 20:42:00
2025-Jul-09 15:50:00
--------------------------------------------------------
N474AS[40]
942(7/7ORD11:00---SEA15:37)
2025-Jul-07 16:17:00
2025-Jul-09 15:40:00
--------------------------------------------------------
N477AS[60]
963(7/7GEG14:00---SEA15:14)
2025-Jul-07 16:14:00
2025-Jul-09 16:00:00
--------------------------------------------------------
N478AS[40]
2025-Jul-07 15:00:00
2025-Jul-09 15:40:00
--------------------------------------------------------
N481AS[60]
18(7/7PDX14:20---JFK19:45)
2025-Jul-07 20:45:00
31-d0(7/7JFK20:45---SEA03:10)
980-d0(7/8SEA04:40---SFO06:59)
922-d270(7/8SFO08:19---SEA10:32)
1227-d300(7/8SEA11:59---AUS16:07)
1228-d150(7/8AUS17:15---SEA21:42)
600-d0(7/8SEA22:42---LAS01:16)
779-d60(7/9LAS02:31---PDX04:50)
1122-d330(7/9PDX06:00---SAN08:33)
1020-d300(7/9SAN09:50---MCO15:00)
2025-Jul-09 16:00:00
--------------------------------------------------------
N483AS[60]
54(7/7ANC09:29---SEA13:00)
N483AS_SEA-13:00/19:00(7/7SEA13:00---7/7 19:00)
2025-Jul-07 19:00:00
1150001-d60(7/7SEA21:04---BUR23:35)
1150-d90(7/8BUR00:44---SEA03:24)
545-d0(7/8SEA04:45---IND09:00)
546-d0(7/8IND10:30---SEA15:19)
1133-d0(7/8SEA17:03---SMF19:03)
1281-d30(7/8SMF20:27---SEA22:24)
1132-d180(7/8SEA23:35---SFO01:48)
571-d240(7/9SFO02:48---LAS04:31)
403-d180(7/9LAS05:45---SEA08:37)
400-d210(7/9SEA09:48---BNA14:10)
2025-Jul-09 16:00:00
--------------------------------------------------------
N486AS[50]
2025-Jul-07 15:00:00
2025-Jul-09 15:50:00
--------------------------------------------------------
N487AS[55]
546(7/7IND10:30---SEA15:19)
2025-Jul-07 16:14:00
83-d30(7/7SEA16:30---ANC20:05)
162-d60(7/7ANC21:40---SEA01:13)
1132-d360(7/8SEA02:35---SFO04:48)
591-d360(7/8SFO05:44---SEA07:54)
167-d360(7/8SEA08:50---FAI12:36)
168-d330(7/8FAI13:44---SEA17:30)
1112-d0(7/8SEA18:31---SFO20:47)
1113-d330(7/8SFO21:45---SEA00:00)
78-d0(7/9SEA00:55---ANC04:37)
134-d330(7/9ANC06:00---SEA09:30)
161-d300(7/9SEA10:47---EUG12:01)
2025-Jul-09 15:55:00
--------------------------------------------------------
N491AS[45]
316(7/7CMH11:00---SEA16:05)
2025-Jul-07 16:50:00
2025-Jul-09 15:45:00
--------------------------------------------------------
N492AS[60]
974(7/7SAN14:00---PDX16:35)
2025-Jul-07 17:35:00
2025-Jul-09 16:00:00
--------------------------------------------------------
N493AS[55]
430(7/7SEA14:14---SLC16:16)
2025-Jul-07 17:11:00
796-d120(7/7SLC19:12---SEA21:28)
101-d330(7/7SEA22:42---KTN00:47)
102-d330(7/8KTN01:43---SEA03:45)
99-d360(7/8SEA04:58---ANC08:42)
70-d360(7/8ANC09:45---JNU11:27)
142-d0(7/8JNU15:08---SEA17:36)
1278-d60(7/8SEA18:47---ONT21:26)
1242001-d60(7/8ONT22:22---SEA00:59)
1054-d0(7/9SEA01:55---LAX04:42)
1301-d330(7/9LAX05:45---SEA08:30)
444-d330(7/9SEA09:45---PHL14:55)
2025-Jul-09 15:55:00
--------------------------------------------------------
N494AS[45]
2025-Jul-07 15:00:00
2025-Jul-09 15:45:00
--------------------------------------------------------
N495AS[60]
2025-Jul-07 15:00:00
2025-Jul-09 16:00:00
--------------------------------------------------------
N506AS[45]
799(7/7PHX13:00---SEA16:04)
2025-Jul-07 16:49:00
2025-Jul-09 15:45:00
--------------------------------------------------------
N508AS[50]
2025-Jul-07 15:00:00
2025-Jul-09 15:50:00
--------------------------------------------------------
N512AS[55]
2025-Jul-07 15:00:00
2025-Jul-09 15:55:00
--------------------------------------------------------
N513AS[55]
2025-Jul-07 15:00:00
2025-Jul-09 15:55:00
--------------------------------------------------------
N514AS[50]
1293(7/7LAX13:00---SEA15:50)
2025-Jul-07 16:40:00
2025-Jul-09 15:50:00
--------------------------------------------------------
N516AS[55]
1148(7/7SEA14:20---SNA17:15)
2025-Jul-07 18:10:00
2025-Jul-09 15:55:00
--------------------------------------------------------
N517AS[55]
2025-Jul-07 15:00:00
2025-Jul-09 15:55:00
--------------------------------------------------------
N518AS[60]
302(7/7ANC09:44---PDX13:20)
867(7/7PDX14:56---KOA20:50)
2025-Jul-07 21:50:00
2025-Jul-09 16:00:00
--------------------------------------------------------
N519AS[40]
349(7/7BWI11:51---SEA17:40)
2025-Jul-07 18:20:00
2025-Jul-09 15:40:00
--------------------------------------------------------
N520AS[50]
645(7/7PHX14:05---SEA17:09)
2025-Jul-07 17:59:00
2025-Jul-09 15:50:00
--------------------------------------------------------
N523AS[50]
15(7/7DCA12:59---SAN18:20)
2025-Jul-07 19:10:00
1137-d0(7/7SAN19:12---SEA22:10)
908-d270(7/7SEA23:00---PSC00:09)
909-d270(7/8PSC01:00---SEA02:08)
92-d330(7/8SEA03:03---KTN05:11)
94-d330(7/8KTN06:05---SEA08:05)
1050-d330(7/8SEA08:56---SFO11:10)
981-d0(7/8SFO13:00---SEA15:04)
174-d0(7/8SEA16:57---FAI20:40)
103-d0(7/8FAI21:35---ANC22:40)
181-d30(7/8ANC23:36---DLG00:51)
182001-d30(7/9DLG01:45---ANC02:52)
45-d120(7/9ANC03:49---BET05:09)
46-d120(7/9BET05:59---ANC07:18)
109-d60(7/9ANC08:26---ORD14:40)
2025-Jul-09 15:50:00
--------------------------------------------------------
N525AS[40]
21(7/7JFK11:00---SEA17:13)
2025-Jul-07 17:53:00
2025-Jul-09 15:40:00
--------------------------------------------------------
N526AS[50]
210(7/7FAI13:52---SEA17:40)
2025-Jul-07 18:30:00
2025-Jul-09 15:50:00
--------------------------------------------------------
N527AS[50]
2025-Jul-07 15:00:00
174-d0(7/7SEA16:57---FAI20:40)
103-d0(7/7FAI21:35---ANC22:40)
89-d120(7/7ANC23:54---ADQ00:57)
88-d120(7/8ADQ01:49---ANC02:49)
151001-d240(7/8ANC03:40---AKN04:49)
151-d240(7/8AKN05:59---ANC07:10)
177-d330(7/8ANC08:00---ADQ09:00)
196-d0(7/8ADQ15:00---ANC15:57)
62-d150(7/8ANC17:15---JNU18:58)
62001-d150(7/8JNU19:50---SIT20:35)
62003-d150(7/8SIT21:27---KTN22:28)
62002-d150(7/8KTN23:18---SEA01:17)
1042001-d180(7/9SEA02:17---SBP04:43)
1042-d180(7/9SBP05:35---SEA08:07)
344-d240(7/9SEA09:20---BWI14:21)
2025-Jul-09 15:50:00
--------------------------------------------------------
N529AS[60]
869(7/7SJC14:00---KOA19:30)
2025-Jul-07 20:30:00
2025-Jul-09 16:00:00
--------------------------------------------------------
N530AS[60]
2025-Jul-07 15:00:00
2025-Jul-09 16:00:00
--------------------------------------------------------
N531AS[45]
2025-Jul-07 15:00:00
165-d0(7/7DEN15:43---ANC21:17)
183-d0(7/7ANC22:10---DLG23:25)
182-d0(7/8DLG00:20---ANC01:30)
66-d300(7/8ANC02:26---CDV03:21)
66001-d300(7/8CDV04:13---YAK05:13)
66003-d300(7/8YAK06:05---JNU07:03)
67-d210(7/8JNU08:10---ANC09:58)
148-d150(7/8ANC10:59---SEA14:30)
1254-d0(7/8SEA15:27---ONT18:05)
1111-d0(7/8ONT19:00---SEA21:38)
1018-d180(7/8SEA22:31---BOI00:04)
947-d180(7/9BOI01:00---PDX02:21)
1100-d330(7/9PDX03:25---SNA05:57)
1203-d270(7/9SNA06:44---SEA09:37)
1152-d360(7/9SEA10:44---OAK13:01)
2025-Jul-09 15:45:00
--------------------------------------------------------
N532AS[60]
1109(7/7SEA13:00---SAN15:53)
2025-Jul-07 16:53:00
2025-Jul-09 16:00:00
--------------------------------------------------------
N535AS[50]
1151(7/7OAK14:00---SEA16:07)
2025-Jul-07 16:57:00
2025-Jul-09 15:50:00
--------------------------------------------------------
N536AS[45]
1(7/7DCA12:00---SEA17:56)
2025-Jul-07 18:41:00
2025-Jul-09 15:45:00
--------------------------------------------------------
N537AS[50]
1124(7/7LAX14:00---PDX16:23)
2025-Jul-07 17:13:00
863-d0(7/7PDX17:30---GEG18:41)
864-d0(7/7GEG19:36---PDX20:48)
1100-d0(7/7PDX21:55---SNA00:27)
1229-d30(7/8SNA01:19---SEA04:05)
228-d90(7/8SEA04:55---ANC08:34)
110-d30(7/8ANC09:25---SEA12:56)
1226-d0(7/8SEA14:00---SJC16:08)
1311001-d0(7/8SJC17:00---SEA19:13)
149-d210(7/8SEA20:20---ANC23:56)
66-d210(7/9ANC00:56---CDV01:51)
66001-d210(7/9CDV02:43---YAK03:43)
66003-d210(7/9YAK04:35---JNU05:33)
67-d120(7/9JNU06:40---ANC08:28)
59-d180(7/9ANC09:35---MSP15:00)
2025-Jul-09 15:50:00
--------------------------------------------------------
N538AS[55]
2025-Jul-07 15:00:00
2025-Jul-09 15:55:00
--------------------------------------------------------
N546AS[45]
2025-Jul-07 15:00:00
137-d0(7/7ANC16:55---OTZ18:32)
137001-d0(7/7OTZ19:24---ANC20:54)
48-d210(7/7ANC21:54---SEA01:27)
N546AS_SEA-02:35/05:35-d0(7/8SEA02:35---7/8 05:35)
1321-d330(7/8SEA05:38---STS07:39)
1321001-d330(7/8STS08:31---SEA10:37)
498-d330(7/8SEA11:33---PDX12:29)
1298-d0(7/8PDX14:00---SNA16:31)
1277-d0(7/8SNA17:21---SEA20:06)
908-d150(7/8SEA21:00---PSC22:09)
909-d150(7/8PSC23:00---SEA00:08)
67002-d150(7/9SEA01:03---KTN03:10)
67001-d150(7/9KTN03:55---SIT04:50)
67003-d150(7/9SIT05:38---JNU06:22)
66002-d270(7/9JNU07:25---SEA09:53)
144-d240(7/9SEA10:59---ANC14:39)
2025-Jul-09 15:45:00
--------------------------------------------------------
N548AS[35]
2025-Jul-07 15:00:00
2025-Jul-09 15:35:00
--------------------------------------------------------
N549AS[50]
2025-Jul-07 15:00:00
231-d0(7/7ANC15:10---ADQ16:11)
232-d0(7/7ADQ17:03---ANC18:01)
43-d0(7/7ANC19:28---BET20:50)
44-d30(7/7BET21:41---ANC23:04)
155-d30(7/8ANC00:02---OME01:39)
155001-d30(7/8OME02:29---ANC04:03)
47-d0(7/8ANC15:15---SEA18:52)
175-d0(7/8SEA19:55---ANC23:27)
177-d0(7/9ANC02:30---ADQ03:30)
2025-Jul-09 15:50:00
--------------------------------------------------------
N551AS[55]
2025-Jul-07 15:00:00
2025-Jul-09 15:55:00
--------------------------------------------------------
N552AS[30]
981(7/7SFO13:00---SEA15:04)
2025-Jul-07 15:34:00
1190-d0(7/7SEA16:00---SNA18:49)
740-d0(7/7SNA19:42---SFO21:10)
929-d30(7/7SFO22:35---PDX00:20)
1295-d0(7/8PDX00:55---SFO02:48)
1225-d360(7/8SFO03:45---SEA05:54)
1104-d300(7/8SEA06:50---SNA09:39)
774-d360(7/8SNA10:15---SEA13:05)
1148-d0(7/8SEA14:20---SNA17:15)
1181-d240(7/8SNA18:00---PDX20:30)
128-d210(7/8PDX21:00---SFO22:54)
739-d330(7/8SFO23:30---SNA01:10)
1061-d330(7/9SNA02:00---SEA04:45)
1264-d90(7/9SEA05:33---SAN08:29)
259-d210(7/9SAN09:15---BOS15:00)
2025-Jul-09 15:30:00
--------------------------------------------------------
N553AS[45]
1298(7/7PDX14:00---SNA16:31)
2025-Jul-07 17:16:00
2025-Jul-09 15:45:00
--------------------------------------------------------
N556AS[45]
1181(7/7SNA14:00---PDX16:30)
2025-Jul-07 17:15:00
1084-d0(7/7PDX17:30---SNA20:03)
1159-d0(7/7SNA20:51---PDX23:15)
278-d0(7/8PDX00:40---LAX03:15)
1289-d60(7/8LAX04:10---SEA07:06)
N556AS_SEA-07:06/11:06-d0(7/8SEA07:06---7/8 11:06)
119-d330(7/8SEA11:29---ANC15:09)
593-d180(7/8ANC16:05---PDX19:42)
863-d180(7/8PDX20:30---GEG21:41)
864-d180(7/8GEG22:36---PDX23:48)
1235-d180(7/9PDX00:34---DEN03:10)
620-d270(7/9DEN04:20---SEA07:20)
498-d150(7/9SEA08:33---PDX09:29)
1162-d360(7/9PDX10:30---SAN13:05)
2025-Jul-09 15:45:00
--------------------------------------------------------
N557AS[60]
701(7/7LAS13:00---SEA15:45)
2025-Jul-07 16:45:00
2025-Jul-09 16:00:00
--------------------------------------------------------
N560AS[60]
2025-Jul-07 15:00:00
2025-Jul-09 16:00:00
--------------------------------------------------------
N562AS[50]
2025-Jul-07 15:00:00
2025-Jul-09 15:50:00
--------------------------------------------------------
N564AS[45]
1325(7/7SNA13:45---SEA16:42)
2025-Jul-07 17:27:00
2025-Jul-09 15:45:00
--------------------------------------------------------
N565AS[45]
173(7/7SEA13:00---ANC16:40)
2025-Jul-07 17:25:00
2025-Jul-09 15:45:00
--------------------------------------------------------
N568AS[60]
2025-Jul-07 15:00:00
2025-Jul-09 16:00:00
--------------------------------------------------------
N569AS[40]
790(7/7SFO14:00---LIH19:47)
2025-Jul-07 20:27:00
840-d0(7/7LIH20:47---SEA02:32)
1288-d60(7/8SEA03:41---SNA06:30)
1203-d300(7/8SNA07:14---SEA10:07)
1082-d0(7/8SEA14:00---SFO16:11)
1043-d180(7/8SFO17:00---SEA19:05)
1118-d60(7/8SEA20:00---ONT22:46)
1119-d30(7/8ONT23:30---SEA02:10)
1104-d60(7/9SEA02:50---SNA05:39)
1229-d330(7/9SNA06:19---SEA09:05)
959-d240(7/9SEA09:52---GEG10:59)
2025-Jul-09 15:40:00
--------------------------------------------------------
N570AS[60]
2025-Jul-07 15:00:00
2025-Jul-09 16:00:00
--------------------------------------------------------
N577AS[50]
260(7/7BOS12:40---SAN18:50)
2025-Jul-07 19:40:00
2025-Jul-09 15:50:00
--------------------------------------------------------
N579AS[50]
1316(7/7SEA13:00---LAX15:50)
2025-Jul-07 16:40:00
560-d60(7/7LAX16:54---KOA22:34)
561-d30(7/7KOA23:50---LAX05:21)
1055-d120(7/8LAX06:15---SEA09:06)
1292-d360(7/8SEA10:07---LAX12:59)
504-d0(7/8LAX14:00---SEA16:47)
1190-d120(7/8SEA18:00---SNA20:49)
740-d120(7/8SNA21:42---SFO23:10)
929-d120(7/9SFO00:05---PDX01:50)
1158-d0(7/9PDX02:48---SNA05:18)
1085-d300(7/9SNA06:17---PDX08:39)
197001-d300(7/9PDX09:40---ANC13:24)
2025-Jul-09 15:50:00
--------------------------------------------------------
N581AS[50]
526(7/7PDX14:04---SFO15:53)
2025-Jul-07 16:43:00
2025-Jul-09 15:50:00
--------------------------------------------------------
N586AS[50]
62(7/7ANC14:45---JNU16:28)
2025-Jul-07 17:18:00
2025-Jul-09 15:50:00
--------------------------------------------------------
N587AS[45]
2025-Jul-07 15:00:00
2025-Jul-09 15:45:00
--------------------------------------------------------
N589AS[60]
2025-Jul-07 15:00:00
2025-Jul-09 16:00:00
--------------------------------------------------------
N590AS[55]
5(7/7DCA13:59---LAX19:33)
2025-Jul-07 20:28:00
2025-Jul-09 15:55:00
--------------------------------------------------------
N592AS[45]
2025-Jul-07 15:00:00
2025-Jul-09 15:45:00
--------------------------------------------------------
N593AS[50]
393(7/7LAS14:00---PAE16:40)
2025-Jul-07 17:30:00
385-d0(7/7PAE17:40---PHX20:43)
396-d0(7/7PHX21:43---PAE00:44)
391-d0(7/8PAE01:44---LAS04:17)
599-d270(7/8LAS05:15---SEA08:00)
542-d90(7/8SEA08:55---DFW12:50)
303-d90(7/8DFW13:55---PDX17:58)
1084-d90(7/8PDX19:00---SNA21:33)
1191-d30(7/8SNA22:32---SEA01:18)
1321-d120(7/9SEA02:08---STS04:09)
1321001-d120(7/9STS05:01---SEA07:07)
536-d90(7/9SEA08:10---BOS13:30)
2025-Jul-09 15:50:00
--------------------------------------------------------
N594AS[55]
1136001(7/7PDX14:00---DEN16:37)
2025-Jul-07 17:32:00
2025-Jul-09 15:55:00
--------------------------------------------------------
N596AS[45]
966(7/7GEG13:00---SEA14:15)
2025-Jul-07 15:00:00
2025-Jul-09 15:45:00
--------------------------------------------------------
N597AS[55]
2025-Jul-07 15:00:00
2025-Jul-09 15:55:00
--------------------------------------------------------
N607AS[40]
186(7/7JNU13:00---SEA15:28)
2025-Jul-07 16:08:00
2025-Jul-09 15:40:00
--------------------------------------------------------
N609AS[40]
931(7/7RNO14:00---SEA15:56)
2025-Jul-07 16:36:00
2025-Jul-09 15:40:00
--------------------------------------------------------
N611AS[40]
55(7/7ANC13:45---SCC15:30)
2025-Jul-07 16:10:00
55001-d0(7/7SCC16:14---ANC17:58)
64-d0(7/7ANC18:50---JNU20:33)
61001-d240(7/7JNU21:19---YAK22:18)
61003-d240(7/7YAK23:08---CDV00:09)
61-d240(7/8CDV00:59---ANC02:00)
201-d210(7/8ANC02:45---JNU04:28)
157-d330(7/8JNU05:32---GST06:11)
77-d330(7/8GST07:05---JNU07:44)
186-d0(7/8JNU13:00---SEA15:28)
61002-d150(7/8SEA16:30---JNU18:59)
61001-d150(7/8JNU19:49---YAK20:48)
61003-d150(7/8YAK21:38---CDV22:39)
61-d150(7/8CDV23:29---ANC00:30)
89-d210(7/9ANC01:24---ADQ02:27)
88-d210(7/9ADQ03:19---ANC04:19)
155-d330(7/9ANC05:02---OME06:39)
155001-d330(7/9OME07:29---ANC09:03)
70-d360(7/9ANC09:45---JNU11:27)
70001-d360(7/9JNU12:15---SIT12:59)
2025-Jul-09 15:40:00
--------------------------------------------------------
N612AS[50]
2025-Jul-07 15:00:00
2025-Jul-09 15:50:00
--------------------------------------------------------
N613AS[40]
148(7/7ANC08:29---SEA12:00)
65003(7/7SEA14:00---KTN16:04)
2025-Jul-07 16:44:00
60001-d90(7/7KTN19:02---SEA21:05)
95-d150(7/7SEA23:10---JNU01:42)
84-d30(7/8JNU02:25---ANC04:13)
86-d330(7/8ANC05:15---SCC07:01)
87-d330(7/8SCC07:45---ANC09:30)
55-d0(7/8ANC13:45---SCC15:30)
55001-d0(7/8SCC16:14---ANC17:58)
64-d0(7/8ANC18:50---JNU20:33)
64001-d0(7/8JNU21:21---PSG22:07)
64003-d0(7/8PSG22:52---WRG23:25)
64004-d0(7/9WRG00:10---KTN00:55)
64002-d0(7/9KTN01:40---SEA03:35)
720-d270(7/9SEA04:16---FAT06:28)
721-d270(7/9FAT07:10---SEA09:37)
736-d360(7/9SEA10:40---RNO12:35)
2025-Jul-09 15:40:00
--------------------------------------------------------
N615AS[45]
2025-Jul-07 15:00:00
2025-Jul-09 15:45:00
--------------------------------------------------------
N618AS[50]
593(7/7ANC13:05---PDX16:42)
2025-Jul-07 17:32:00
775-d0(7/7PDX17:42---ANC21:26)
198-d330(7/7ANC22:35---PDX02:14)
1204-d330(7/8PDX03:19---SAN05:52)
1294-d330(7/8SAN06:48---PDX09:20)
197-d330(7/8PDX10:20---ANC14:04)
231-d0(7/8ANC15:10---ADQ16:11)
232-d0(7/8ADQ17:03---ANC18:01)
43-d0(7/8ANC18:59---BET20:21)
44-d0(7/8BET21:11---ANC22:34)
151001-d0(7/8ANC23:40---AKN00:49)
151-d0(7/9AKN01:59---ANC03:10)
86-d270(7/9ANC04:15---SCC06:01)
87-d300(7/9SCC07:15---ANC09:00)
2025-Jul-09 15:50:00
--------------------------------------------------------
N619AS[40]
61002(7/7SEA14:00---JNU16:29)
2025-Jul-07 17:09:00
60-d120(7/7JNU17:14---KTN18:15)
65001-d150(7/7KTN19:19---WRG19:58)
65004-d150(7/7WRG20:43---PSG21:14)
65002-d150(7/7PSG21:59---JNU22:49)
64001-d150(7/7JNU23:51---PSG00:37)
64003-d150(7/8PSG01:22---WRG01:55)
64004-d150(7/8WRG02:40---KTN03:25)
64002-d150(7/8KTN04:10---SEA06:05)
69001-d330(7/8SEA07:05---KTN09:14)
69-d330(7/8KTN09:59---JNU11:00)
60-d0(7/8JNU15:14---KTN16:15)
60001-d0(7/8KTN17:00---SEA19:03)
1328-d90(7/8SEA20:01---OAK22:14)
1247-d90(7/8OAK23:08---SEA01:08)
95-d330(7/9SEA02:10---JNU04:42)
157-d330(7/9JNU05:32---GST06:11)
77-d330(7/9GST07:05---JNU07:44)
2025-Jul-09 15:40:00
--------------------------------------------------------
N622AS[45]
73001(7/7SIT14:00---JNU14:44)
2025-Jul-07 15:29:00
2025-Jul-09 15:45:00
--------------------------------------------------------
N703AL[40]
2025-Jul-07 15:00:00
2025-Jul-09 15:40:00
--------------------------------------------------------
N705AL[50]
618(7/7ABQ14:00---SEA17:15)
2025-Jul-07 18:05:00
2025-Jul-09 15:50:00
--------------------------------------------------------
N706AL[55]
2025-Jul-07 15:00:00
2025-Jul-09 15:55:00
--------------------------------------------------------
N707AL[55]
2025-Jul-07 15:00:00
2025-Jul-09 15:55:00
--------------------------------------------------------
N708AL[60]
373(7/7EWR13:00---SFO19:13)
2025-Jul-07 20:13:00
2025-Jul-09 16:00:00
--------------------------------------------------------
N709AL[55]
2025-Jul-07 15:00:00
2025-Jul-09 15:55:00
--------------------------------------------------------
N710AL[50]
341(7/7PIT12:03---SEA17:28)
2025-Jul-07 18:18:00
2025-Jul-09 15:50:00
--------------------------------------------------------
N712AL[50]
563(7/7MCI11:45---SEA15:47)
2025-Jul-07 16:37:00
2025-Jul-09 15:50:00
--------------------------------------------------------
N713AL[60]
249(7/7SFO14:20---BOS20:01)
2025-Jul-07 21:01:00
389-d0(7/7BOS21:45---SAN04:00)
1199-d180(7/8SAN05:05---SEA08:07)
1034-d360(7/8SEA09:14---BOI10:46)
737-d0(7/8BOI12:25---SEA14:05)
555001-d0(7/8SEA15:05---MSP18:29)
555-d30(7/8MSP19:55---SEA23:45)
632-d0(7/9SEA00:59---PHX04:00)
611-d300(7/9PHX05:29---SEA08:35)
112-d180(7/9SEA09:50---FAI13:36)
2025-Jul-09 16:00:00
--------------------------------------------------------
N716AL[55]
368(7/7SFO14:00---MCO19:34)
2025-Jul-07 20:29:00
419-d0(7/7MCO20:39---SEA02:50)
509-d330(7/8SEA03:45---SLC05:48)
510-d360(7/8SLC07:12---SEA09:30)
1230-d360(7/8SEA10:45---SMF12:45)
1255-d0(7/8SMF15:13---SEA17:15)
71-d0(7/8SEA18:43---JNU21:19)
176-d0(7/8JNU22:15---SEA00:42)
1318001-d0(7/9SEA01:59---SFO04:12)
1327-d150(7/9SFO05:19---SEA07:35)
394-d150(7/9SEA08:35---MCO14:10)
2025-Jul-09 15:55:00
--------------------------------------------------------
N719AL[60]
458(7/7IAD12:10---SFO17:55)
2025-Jul-07 18:55:00
2025-Jul-09 16:00:00
--------------------------------------------------------
N720AL[60]
917(7/7MCO14:00---SEA20:10)
2025-Jul-07 21:10:00
2025-Jul-09 16:00:00
--------------------------------------------------------
N722AL[30]
2025-Jul-07 15:00:00
1166-d0(7/7SEA15:10---SFO17:29)
718-d150(7/7SFO18:20---LAS20:02)
613-d330(7/7LAS21:00---SFO22:40)
1075-d300(7/7SFO23:25---SEA01:37)
960-d90(7/8SEA02:13---GEG03:20)
964-d180(7/8GEG04:07---SEA05:21)
97-d330(7/8SEA06:10---FAI09:55)
192-d300(7/8FAI10:25---ANC11:32)
188-d0(7/8ANC13:00---SEA16:30)
505-d0(7/8SEA17:17---LAX20:10)
1315-d0(7/8LAX21:05---PDX23:25)
778-d150(7/9PDX00:00---LAS02:19)
756-d360(7/9LAS03:13---PDX05:35)
278-d330(7/9PDX06:10---LAX08:45)
282-d300(7/9LAX09:26---EWR14:59)
2025-Jul-09 15:30:00
--------------------------------------------------------
N723AL[60]
1021(7/7MCO11:00---SAN16:04)
2025-Jul-07 17:04:00
2025-Jul-09 16:00:00
--------------------------------------------------------
N724AL[30]
377(7/7ATL10:30---SEA15:57)
2025-Jul-07 16:27:00
2025-Jul-09 15:30:00
--------------------------------------------------------
N725AL[55]
2025-Jul-07 15:00:00
2025-Jul-09 15:55:00
--------------------------------------------------------
N729AL[55]
428(7/7CVG12:40---SEA17:39)
2025-Jul-07 18:34:00
2025-Jul-09 15:55:00
--------------------------------------------------------
N731AL[45]
111(7/7ORD05:59---ANC12:37)
82(7/7ANC14:00---SEA17:31)
2025-Jul-07 18:16:00
2025-Jul-09 15:45:00
--------------------------------------------------------
N732AL[60]
2025-Jul-07 15:00:00
1242-d90(7/7ONT22:51---SEA01:28)
478-d60(7/8SEA02:50---LAS05:26)
779-d300(7/8LAS06:31---PDX08:50)
1291-d330(7/8PDX10:00---LAX12:29)
1124-d0(7/8LAX14:00---PDX16:23)
1296-d0(7/8PDX17:40---SAN20:15)
1297-d0(7/8SAN21:15---PDX23:49)
946-d210(7/9PDX01:00---BOI02:18)
1019-d240(7/9BOI03:43---SEA05:20)
367-d0(7/9SEA06:30---IAD11:27)
2025-Jul-09 16:00:00
--------------------------------------------------------
N733AL[30]
308(7/7BOS11:30---SFO18:07)
2025-Jul-07 18:37:00
2025-Jul-09 15:30:00
--------------------------------------------------------
N734AL[60]
548(7/7CLE11:00---SEA16:09)
2025-Jul-07 17:09:00
2025-Jul-09 16:00:00
--------------------------------------------------------
N738AL[45]
1043(7/7SFO14:00---SEA16:05)
2025-Jul-07 16:50:00
2025-Jul-09 15:45:00
--------------------------------------------------------
N801AK[50]
2025-Jul-07 15:00:00
51-d0(7/7ANC22:26---BRW00:25)
50-d0(7/8BRW01:15---ANC03:05)
622-d0(7/8ANC04:20---JFK11:33)
623-d0(7/8JFK13:45---ANC21:26)
226-d0(7/8ANC22:20---SEA01:50)
1202-d150(7/9SEA03:05---SNA05:55)
774-d150(7/9SNA06:45---SEA09:35)
2025-Jul-09 15:50:00
--------------------------------------------------------
N803AK[50]
623(7/7JFK13:45---ANC21:26)
2025-Jul-07 22:16:00
137-d0(7/8ANC16:55---OTZ18:32)
137001-d0(7/8OTZ19:24---ANC20:54)
51-d0(7/8ANC22:26---BRW00:25)
50-d0(7/9BRW01:15---ANC03:05)
622-d0(7/9ANC04:20---JFK11:33)
2025-Jul-09 15:50:00
--------------------------------------------------------
N804AK[50]
2025-Jul-07 15:00:00
4-d0(7/7SEA16:00---DCA21:09)
9-d30(7/7DCA22:13---PDX04:01)
1162-d30(7/8PDX05:00---SAN07:35)
1154-d0(7/8SAN14:15---SEA17:22)
1144-d0(7/8SEA19:00---LAX21:54)
1167-d0(7/8LAX23:05---PDX01:26)
579-d0(7/9PDX02:35---LAX05:05)
2025-Jul-09 15:50:00
--------------------------------------------------------
N805AK[60]
2025-Jul-07 15:00:00
2025-Jul-09 16:00:00
--------------------------------------------------------
N806AK[55]
511(7/7PHX14:00---PDX16:43)
2025-Jul-07 17:38:00
757-d0(7/7PDX17:50---LAS20:09)
676-d90(7/7LAS22:34---SEA01:20)
2-d330(7/8SEA02:43---DCA07:44)
1-d0(7/8DCA12:00---SEA17:56)
843-d0(7/8SEA19:05---KOA01:19)
880-d0(7/9KOA07:30---SEA13:19)
2025-Jul-09 15:55:00
--------------------------------------------------------
N809AK[60]
491(7/7SEA13:00---DFW17:00)
2025-Jul-07 18:00:00
543-d0(7/7DFW18:00---SEA22:17)
N809AK_SEA-22:17/01:17-d0(7/7SEA22:17---7/8 01:17)
1144-d360(7/8SEA01:33---LAX04:27)
578-d0(7/8LAX16:05---PDX18:31)
330-d0(7/8PDX19:31---LAX21:59)
2025-Jul-09 16:00:00
--------------------------------------------------------
N812AK[30]
110(7/7ANC08:55---SEA12:26)
1082(7/7SEA14:00---SFO16:11)
2025-Jul-07 16:41:00
739-d0(7/7SFO18:00---SNA19:40)
1061-d120(7/7SNA22:30---SEA01:15)
91-d0(7/8SEA04:15---SIT06:44)
90-d0(7/8SIT15:15---SEA17:39)
154001-d0(7/8SEA18:32---RDM19:44)
154-d0(7/8RDM20:38---SEA21:58)
807-d300(7/8SEA22:31---KOA04:40)
788-d270(7/9KOA05:10---SFO10:30)
2025-Jul-09 15:30:00
--------------------------------------------------------
N813AK[40]
912(7/7SFO14:20---SAN16:02)
2025-Jul-07 16:42:00
1259-d300(7/7SAN22:00---SEA01:00)
1125-d120(7/8SEA01:47---SLC03:50)
719-d120(7/8SLC04:44---SEA07:07)
900-d0(7/8SEA18:40---RNO20:38)
601-d0(7/8RNO21:32---SEA23:29)
1138-d90(7/9SEA00:34---SBA03:10)
1139-d90(7/9SBA04:00---SEA06:37)
136-d270(7/9SEA07:25---ANC11:08)
2025-Jul-09 15:40:00
--------------------------------------------------------
N903AK[60]
2025-Jul-07 15:00:00
2025-Jul-09 16:00:00
--------------------------------------------------------
N912AK[60]
284(7/7LAX14:00---EWR19:34)
2025-Jul-07 20:34:00
2025-Jul-09 16:00:00
--------------------------------------------------------
N913AK[50]
1101(7/7PDX14:00---LAS16:19)
2025-Jul-07 17:09:00
2025-Jul-09 15:50:00
--------------------------------------------------------
N915AK[60]
1239(7/7PDX14:00---PHX16:46)
2025-Jul-07 17:46:00
637-d30(7/7PHX18:16---SEA21:23)
904-d240(7/7SEA22:23---BZN00:06)
905-d270(7/8BZN01:30---SEA03:29)
962-d330(7/8SEA04:33---GEG05:43)
1280-d300(7/8GEG06:49---LAX09:35)
803-d360(7/8LAX10:36---PDX12:59)
526-d0(7/8PDX14:04---SFO15:53)
718-d90(7/8SFO17:20---LAS19:02)
479-d330(7/8LAS20:30---SEA23:10)
549-d210(7/9SEA00:10---DFW04:06)
550-d210(7/9DFW05:06---SEA09:29)
423-d240(7/9SEA10:36---SAT14:40)
2025-Jul-09 16:00:00
--------------------------------------------------------
N917AK[30]
2025-Jul-07 15:00:00
2025-Jul-09 15:30:00
--------------------------------------------------------
N918AK[60]
2025-Jul-07 15:00:00
2025-Jul-09 16:00:00
--------------------------------------------------------
N919AK[30]
248(7/7ANC14:30---SEA18:08)
2025-Jul-07 18:38:00
2025-Jul-09 15:30:00
--------------------------------------------------------
N920AK[45]
1091(7/7ONT13:00---SEA15:42)
2025-Jul-07 16:27:00
2025-Jul-09 15:45:00
--------------------------------------------------------
N921AK[30]
745(7/7DEN14:00---SEA17:00)
2025-Jul-07 17:30:00
2025-Jul-09 15:30:00
--------------------------------------------------------
N924AK[45]
85(7/7SEA14:00---ANC17:35)
2025-Jul-07 18:20:00
2025-Jul-09 15:45:00
--------------------------------------------------------
N926AK[60]
351(7/7IAD10:30---SEA16:17)
2025-Jul-07 17:17:00
2025-Jul-09 16:00:00
--------------------------------------------------------
N928AK[40]
499(7/7PDX13:05---SEA14:09)
2025-Jul-07 15:00:00
2025-Jul-09 15:40:00
--------------------------------------------------------
N929AK[60]
504(7/7LAX14:00---SEA16:47)
2025-Jul-07 17:47:00
2025-Jul-09 16:00:00
--------------------------------------------------------
N931AK[30]
2025-Jul-07 15:00:00
2025-Jul-09 15:30:00
--------------------------------------------------------
N932AK[60]
2025-Jul-07 15:00:00
2025-Jul-09 16:00:00
--------------------------------------------------------
N933AK[55]
2025-Jul-07 15:00:00
2025-Jul-09 15:55:00
--------------------------------------------------------
N934AK[60]
1076(7/7PDX14:00---LAX16:39)
2025-Jul-07 17:39:00
2025-Jul-09 16:00:00
--------------------------------------------------------
N935AK[55]
156(7/7FAI10:09---SEA13:44)
2025-Jul-07 15:00:00
2025-Jul-09 15:55:00
--------------------------------------------------------
N936AK[60]
1193(7/7SJC14:03---SEA16:15)
2025-Jul-07 17:15:00
2025-Jul-09 16:00:00
--------------------------------------------------------
N938AK[45]
573(7/7DFW11:00---SEA15:17)
2025-Jul-07 16:02:00
1080-d0(7/7SEA16:55---SJC19:10)
1081-d60(7/7SJC21:04---SEA23:12)
934001-d300(7/8SEA00:08---EUG01:24)
934-d300(7/8EUG02:11---SEA03:29)
1030-d330(7/8SEA04:18---BZN06:01)
1031-d330(7/8BZN06:55---SEA09:05)
1040-d330(7/8SEA10:00---ONT12:45)
1091-d30(7/8ONT13:30---SEA16:12)
738-d0(7/8SEA17:40---LAS20:19)
613-d360(7/8LAS21:30---SFO23:10)
835-d300(7/9SFO00:03---PDX01:50)
1062-d120(7/9PDX03:04---BUR05:23)
1107-d330(7/9BUR06:34---PDX08:51)
436-d300(7/9PDX09:37---BOS15:00)
2025-Jul-09 15:45:00
--------------------------------------------------------
N941AK[60]
1154(7/7SAN14:15---SEA17:22)
2025-Jul-07 18:22:00
2025-Jul-09 16:00:00
--------------------------------------------------------
N942AK[60]
2025-Jul-07 15:00:00
2025-Jul-09 16:00:00
--------------------------------------------------------
N947AK[30]
1217(7/7SMF13:15---SEA15:15)
2025-Jul-07 15:45:00
2025-Jul-09 15:30:00
--------------------------------------------------------
N948AK[60]
2025-Jul-07 15:00:00
2025-Jul-09 16:00:00
--------------------------------------------------------
N949AK[60]
2025-Jul-07 15:00:00
1306-d0(7/7SEA15:00---LAX17:49)
1240-d60(7/7LAX19:02---PDX21:25)
1160-d60(7/7PDX22:50---LAX01:15)
1279-d240(7/8LAX02:16---GEG04:47)
965-d210(7/8GEG06:14---SEA07:30)
642-d330(7/8SEA08:47---DEN11:29)
643-d30(7/8DEN12:30---SEA15:31)
1007-d0(7/8SEA16:54---PHX19:55)
1006-d0(7/8PHX20:55---SEA00:00)
229001-d270(7/9SEA01:05---MSP04:23)
229-d300(7/9MSP05:49---SEA09:45)
1039-d360(7/9SEA10:45---GEG11:58)
2025-Jul-09 16:00:00
--------------------------------------------------------
N952AK[50]
381(7/7DTW11:00---SEA15:57)
2025-Jul-07 16:47:00
2025-Jul-09 15:50:00
--------------------------------------------------------
N953AK[60]
68(7/7MSP13:20---ANC19:20)
2025-Jul-07 20:20:00
104-d120(7/7ANC20:35---SEA00:04)
445-d120(7/8SEA01:08---RNO02:59)
523-d150(7/8RNO04:17---SEA06:12)
636-d180(7/8SEA07:18---LAS10:01)
570-d360(7/8LAS11:21---SFO12:59)
1169-d0(7/8SFO15:20---SEA17:30)
1114-d0(7/8SEA19:09---SJC21:29)
1175-d30(7/8SJC22:54---SEA01:04)
1198-d300(7/9SEA02:05---SAN04:55)
1199-d240(7/9SAN06:05---SEA09:07)
427-d210(7/9SEA10:19---CVG14:37)
2025-Jul-09 16:00:00
--------------------------------------------------------
N954AK[50]
1226(7/7SEA14:00---SJC16:08)
2025-Jul-07 16:58:00
2025-Jul-09 15:50:00
--------------------------------------------------------
N955AK[55]
2025-Jul-07 15:00:00
2025-Jul-09 15:55:00
--------------------------------------------------------
N956AK[60]
1265(7/7SAN13:15---SEA16:16)
2025-Jul-07 17:16:00
2025-Jul-09 16:00:00
--------------------------------------------------------
N958AK[30]
361(7/7OMA11:05---SEA14:47)
2025-Jul-07 15:17:00
2025-Jul-09 15:30:00
--------------------------------------------------------
N960AK[30]
387(7/7MSP11:40---SEA15:44)
2025-Jul-07 16:14:00
2025-Jul-09 15:30:00
--------------------------------------------------------
N961AK[30]
336(7/7BOS10:00---PDX16:17)
2025-Jul-07 16:47:00
1143-d0(7/7PDX17:30---LAX20:00)
1315-d0(7/7LAX21:05---PDX23:25)
1016-d210(7/7PDX23:55---SEA00:55)
697001-d330(7/8SEA01:38---MSO03:03)
697-d330(7/8MSO03:43---SEA05:21)
1192-d150(7/8SEA06:07---SJC08:19)
1201-d270(7/8SJC09:16---SEA11:29)
144-d300(7/8SEA11:59---ANC15:39)
57-d30(7/8ANC16:30---FAI17:35)
234-d0(7/8FAI18:05---SEA21:43)
101-d330(7/8SEA22:23---KTN00:28)
94-d30(7/9KTN01:05---SEA03:05)
1168-d90(7/9SEA03:55---BUR06:29)
1052-d300(7/9BUR07:18---SEA10:07)
328-d240(7/9SEA10:40---ORD14:40)
2025-Jul-09 15:30:00
--------------------------------------------------------
N962AK[60]
2025-Jul-07 15:00:00
578-d0(7/7LAX16:05---PDX18:31)
330-d0(7/7PDX19:31---LAX21:59)
1167-d0(7/7LAX23:05---PDX01:26)
579-d0(7/8PDX02:35---LAX05:05)
1093-d300(7/8LAX06:15---SEA09:00)
1264-d360(7/8SEA10:03---SAN12:59)
974-d0(7/8SAN14:00---PDX16:35)
1143-d30(7/8PDX18:00---LAX20:30)
1083-d30(7/8LAX21:40---SEA00:24)
478-d0(7/9SEA01:50---LAS04:26)
599-d300(7/9LAS05:45---SEA08:30)
1227-d180(7/9SEA09:59---AUS14:07)
2025-Jul-09 16:00:00
--------------------------------------------------------
N963AK[60]
831(7/7PDX14:00---OGG19:55)
2025-Jul-07 20:55:00
898-d0(7/7OGG21:25---PDX02:49)
N963AK_PDX-02:50/05:50-d0(7/8PDX02:50---7/8 05:50)
1122-d330(7/8PDX06:00---SAN08:33)
729-d360(7/8SAN09:37---PDX12:14)
1074-d0(7/8PDX14:25---SAN17:00)
1265-d300(7/8SAN18:15---SEA21:16)
49-d270(7/8SEA22:25---ANC02:05)
201-d240(7/9ANC03:15---JNU04:58)
84-d270(7/9JNU06:25---ANC08:13)
164-d120(7/9ANC09:18---DEN14:35)
2025-Jul-09 16:00:00
--------------------------------------------------------
N964AK[60]
797(7/7SEA14:00---LAX16:50)
2025-Jul-07 17:50:00
2025-Jul-09 16:00:00
--------------------------------------------------------
N966AK[60]
30(7/7SFO13:18---JFK19:00)
2025-Jul-07 20:00:00
2025-Jul-09 16:00:00
--------------------------------------------------------
N967AK[60]
303(7/7DFW12:25---PDX16:28)
2025-Jul-07 17:28:00
2025-Jul-09 16:00:00
--------------------------------------------------------
N968AK[50]
737(7/7BOI12:25---SEA14:05)
2025-Jul-07 15:00:00
2025-Jul-09 15:50:00
--------------------------------------------------------
N969AK[55]
24(7/7SAN14:00---JFK19:39)
2025-Jul-07 20:34:00
2025-Jul-09 15:55:00
--------------------------------------------------------
N972AK[30]
399(7/7IAH14:00---SEA18:45)
2025-Jul-07 19:15:00
2025-Jul-09 15:30:00
--------------------------------------------------------
N973AK[30]
595(7/7AUS12:15---SEA16:40)
2025-Jul-07 17:10:00
2025-Jul-09 15:30:00
--------------------------------------------------------
N974AK[30]
298(7/7SEA13:41---EWR19:00)
2025-Jul-07 19:30:00
2025-Jul-09 15:30:00
--------------------------------------------------------
N975AK[60]
299(7/7EWR11:19---SEA17:31)
2025-Jul-07 18:31:00
N975AK_SEA-17:31/22:31-d0(7/7SEA17:31---7/7 22:31)
1017-d360(7/8SEA00:20---PDX01:23)
1287-d300(7/8PDX02:50---BUR05:09)
1052-d240(7/8BUR06:18---SEA09:07)
1152-d330(7/8SEA10:14---OAK12:31)
1151-d0(7/8OAK14:00---SEA16:07)
480001-d0(7/8SEA17:25---MSP20:46)
480-d0(7/8MSP21:50---SEA01:49)
1156-d0(7/9SEA02:59---SAN06:00)
729-d210(7/9SAN07:07---PDX09:44)
1057-d300(7/9PDX10:52---DFW14:40)
2025-Jul-09 16:00:00
--------------------------------------------------------
N976AK[40]
1228(7/7AUS14:45---SEA19:12)
2025-Jul-07 19:52:00
2025-Jul-09 15:40:00
--------------------------------------------------------
N977AK[55]
451(7/7MSY12:10---SEA17:16)
2025-Jul-07 18:11:00
2025-Jul-09 15:55:00
--------------------------------------------------------
N978AK[60]
784(7/7PDX14:00---ATL18:46)
2025-Jul-07 19:46:00
2025-Jul-09 16:00:00
--------------------------------------------------------
N982AK[55]
433(7/7TPA13:00---SAN17:50)
2025-Jul-07 18:45:00
829-d90(7/7SAN18:59---OGG01:04)
806-d90(7/8OGG02:04---SAN07:25)
1067-d270(7/8SAN08:29---GEG11:14)
1130-d0(7/8GEG14:00---SAN16:47)
1073-d0(7/8SAN17:50---PDX20:28)
121-d210(7/8PDX21:23---BUR23:42)
122-d210(7/9BUR00:37---PDX02:55)
1160-d360(7/9PDX03:50---LAX06:15)
1093-d360(7/9LAX07:15---SEA10:00)
115-d360(7/9SEA10:59---FAI14:49)
2025-Jul-09 15:55:00
--------------------------------------------------------
N983AK[50]
495(7/7SAT12:00---SEA16:24)
2025-Jul-07 17:14:00
2025-Jul-09 15:50:00
--------------------------------------------------------
N984AK[35]
395(7/7MCO11:20---SEA17:30)
2025-Jul-07 18:05:00
2025-Jul-09 15:35:00
--------------------------------------------------------
N985AK[60]
2025-Jul-07 15:00:00
2025-Jul-09 16:00:00
--------------------------------------------------------
N990AK[60]
2025-Jul-07 15:00:00
2025-Jul-09 16:00:00
--------------------------------------------------------
N407AS[60]
2025-Jul-07 15:00:00
2025-Jul-09 16:00:00
--------------------------------------------------------
N428AS[60]
2025-Jul-07 15:00:00
2025-Jul-09 16:00:00
--------------------------------------------------------
N468AS[45]
2025-Jul-07 15:00:00
2025-Jul-09 15:45:00
--------------------------------------------------------
N479AS[60]
2025-Jul-07 15:00:00
2025-Jul-09 16:00:00
--------------------------------------------------------
N563AS[45]
2025-Jul-07 15:00:00
2025-Jul-09 15:45:00
--------------------------------------------------------
N566AS[60]
2025-Jul-07 15:00:00
2025-Jul-09 16:00:00
--------------------------------------------------------
N588AS[60]
2025-Jul-07 15:00:00
2025-Jul-09 16:00:00
--------------------------------------------------------
N614AS[50]
2025-Jul-07 15:00:00
1051-d0(7/7SEA16:50---BUR19:26)
1038-d150(7/7BUR22:50---SEA01:29)
1146-d150(7/8SEA02:29---SAN05:19)
1110-d150(7/8SAN06:15---SEA09:21)
736-d360(7/8SEA10:40---RNO12:35)
931-d0(7/8RNO14:00---SEA15:56)
65003-d180(7/8SEA17:00---KTN19:04)
65001-d210(7/8KTN20:19---WRG20:58)
65004-d240(7/8WRG22:13---PSG22:44)
65002-d270(7/8PSG23:59---JNU00:49)
74-d330(7/9JNU01:52---SEA04:15)
97-d270(7/9SEA05:10---FAI08:55)
192-d270(7/9FAI09:55---ANC11:02)
2025-Jul-09 15:50:00
--------------------------------------------------------
N946AK[55]
2025-Jul-07 15:00:00
2025-Jul-09 15:55:00
--------------------------------------------------------
N971AK[55]
2025-Jul-07 15:00:00
2025-Jul-09 15:55:00
--------------------------------------------------------
N979AK[55]
2025-Jul-07 15:00:00
2025-Jul-09 15:55:00
--------------------------------------------------------
================== Unassigned Flights ==================
196(7/7ADQ15:00---ANC15:57)
79(7/7SEA15:00---ANC18:36)
1410(7/7SFO15:00---PDX16:45)
1290001(7/7SEA15:00---BUR17:36)
329(7/7ORD15:00---SEA19:34)
1179(7/7LAX15:00---SEA17:53)
479(7/7LAS15:00---SEA17:40)
1149(7/7SNA15:02---SEA17:56)
366001(7/7SEA15:02---MKE18:54)
682001(7/7SEA15:06---DEN17:53)
916(7/7SEA15:08---MCO20:50)
233(7/7SAN15:10---EWR20:43)
405001(7/7SEA15:11---OKC18:48)
1255(7/7SMF15:13---SEA17:15)
47(7/7ANC15:15---SEA18:52)
90(7/7SIT15:15---SEA17:39)
414(7/7SEA15:17---DFW19:19)
214(7/7LAX15:20---IAD20:25)
306(7/7SEA15:21---BOS20:45)
26(7/7SEA15:05+17---JFK20:29+17)
305001(7/7SEA15:25---MIA21:20)
313001(7/7SEA15:30---DTW19:50)
227(7/7JFK15:30---SFO21:48)
890(7/7SEA15:03+29---ORD19:13+29)
555001(7/7SEA15:05+28---MSP18:29+28)
73(7/7JNU15:34---ANC17:24)
142(7/7JNU15:08+30---SEA17:36+30)
390(7/7SAN15:40---BOS21:27)
402(7/7SEA15:47---CHS21:00)
1169(7/7SFO15:20+28---SEA17:30+28)
572001(7/7SEA15:55---RDU21:01)
388(7/7SEA15:32+26---STL19:26+26)
1071(7/7SAN15:15+44---SEA18:18+44)
270(7/7ONT16:00---HNL21:55)
320(7/7SAN16:00---MCO21:13)
825(7/7SEA15:09+54---OGG21:20+54)
502(7/7SEA16:03---AUS20:11)
418001(7/7SEA16:13---MCI19:39)
10(7/7PDX15:00+75---DCA20:02+75)
1113(7/7SFO16:15---SEA18:30)
294(7/7PDX16:00+17---EWR21:21+17)
326(7/7SEA16:24---TPA21:50)
899(7/7SAN16:19+23---KOA22:20+23)
568(7/7SEA16:19+23---MSY20:53+23)
442(7/7SEA16:42---PHL21:47)
113(7/7SFO16:05+38---JFK21:47+38)
406001(7/7SEA16:15+28---IAD21:13+28)
8(7/7SFO16:45---DCA21:58)
426(7/7SEA16:50---DFW20:48)
149(7/7SEA16:50---ANC20:26)
798(7/7LAX16:50---SEA19:35)
312001(7/7SEA16:06+49---OMA19:17+49)
731(7/7PHX17:00---PAE20:03)
875(7/7SEA17:00---LIH23:15)
23(7/7JFK17:00---SEA23:08)
1133(7/7SEA17:03---SMF19:03)
1311(7/7SJC17:03---SEA19:14)
727(7/7SEA16:22+49---ATL21:11+49)
1007(7/7SEA16:54+18---PHX19:55+18)
508001(7/7SEA17:12---CVG21:37)
505(7/7SEA17:17---LAX20:10)
72(7/7SEA16:55+25---JNU19:26+25)
522001(7/7SEA17:20---BNA21:44)
450001(7/7SEA17:10+17---CMH21:32+17)
807(7/7SEA17:31---KOA23:40)
1136(7/7DEN17:33---PDX20:20)
160(7/7ANC17:35---SEA21:09)
378(7/7SEA17:03+32---BWI22:10+32)
62001(7/7JNU17:20+17---SIT18:05+17)
216001(7/7SEA17:37---CLE22:01)
887(7/7SEA17:22+16---HNL23:33+16)
1296(7/7PDX17:40---SAN20:15)
738(7/7SEA17:40---LAS20:19)
477(7/7SEA17:10+31---EWR22:29+31)
629(7/7LAS17:14+30---SEA19:58+30)
128(7/7PDX17:30+15---SFO19:24+15)
1420(7/7PDX17:30+17---IAH21:50+17)
322(7/7SAN17:48---IAD22:59)
49(7/7SEA17:55---ANC21:35)
725(7/7PDX17:55---AUS21:56)
818(7/7SEA17:58---BOS23:19)
1277(7/7SNA17:21+37---SEA20:06+37)
862(7/7OGG18:00---SEA23:38)
822(7/7KOA18:00---SEA23:54)
500001(7/7SEA17:42+22---IND21:48+22)
1256(7/7SEA17:21+44---PSP20:15+44)
535001(7/7SEA17:20+47---DEN20:07+47)
434(7/7SFO18:10---IAD23:19)
1299(7/7SNA18:10---PDX20:34)
300(7/7PDX17:35+39---MCO23:12+39)
1278(7/7SEA17:47+27---ONT20:26+27)
824(7/7HNL18:00+16---SEA23:50+16)
891(7/7ORD18:03+17---SEA22:42+17)
108(7/7ANC18:22---FAI19:27)
1467(7/7LAS18:27---PDX20:48)
1112(7/7SEA18:31---SFO20:47)
1174(7/7SEA18:22+25---SNA21:14+25)
1328(7/7SEA18:31+17---OAK20:44+17)
682(7/7DEN18:49---SEA21:48)
154001(7/7SEA18:32+21---RDM19:44+21)
1305(7/7LAX18:55---SEA21:39)
817(7/7SEA18:55---OGG01:10)
480001(7/7SEA17:25+92---MSP20:46+92)
474(7/7SAN18:04+54---ATL22:31+54)
1118(7/7SEA19:00---ONT21:46)
1216(7/7SEA19:01---SMF21:01)
1096(7/7SEA18:41+20---SAN21:38+20)
1314(7/7SJC19:02---SEA21:10)
325(7/7ORD19:03---PDX23:35)
835(7/7SFO19:03---PDX20:50)
843(7/7SEA19:05---KOA01:19)
412001(7/7SEA18:06+70---PIT22:42+70)
392(7/7PDX18:28+48---DFW22:16+48)
932(7/7SEA18:36+43---ABQ21:37+43)
62003(7/7SIT18:57+22---KTN19:58+22)
106001(7/7SEA19:00+22---FAI22:53+22)
63(7/7SEA18:20+63---SIT20:44+63)
494001(7/7SEA19:33---SAT23:37)
900(7/7SEA18:40+55---RNO20:38+55)
1114(7/7SEA19:09+28---SJC21:29+28)
429(7/7SEA17:50+108---ORD21:57+108)
100(7/7ANC19:41---SEA23:10)
14(7/7SAN19:42---DCA00:59)
352(7/7SEA19:18+25---AUS23:30+25)
291(7/7SEA19:46---STL23:35)
475(7/7ATL19:47---SAN00:31)
1018(7/7SEA19:31+17---BOI21:04+17)
366(7/7MKE19:50---SEA00:16)
438(7/7SEA18:45+69---IAH23:10+69)
598(7/7SFO18:55+59---ORD23:18+59)
175(7/7SEA19:55---ANC23:27)
1281(7/7SMF19:57---SEA21:54)
405(7/7OKC19:44+16---SEA23:38+16)
140(7/7FAI20:17---SEA00:00)
415(7/7DFW20:19---SEA00:34)
74(7/7JNU20:22---SEA22:45)
34(7/7SEA18:06+137---JFK23:29+137)
388001(7/7STL20:24---SEA00:50)
304(7/7BOS20:25---SEA02:48)
266(7/7ANC20:25---SFO01:05)
555(7/7MSP19:25+63---SEA23:15+63)
808(7/7KOA20:30---SEA02:22)
6(7/7LAX20:31---DCA01:42)
407(7/7ORD20:09+23---SEA00:49+23)
418(7/7MCI20:34---SEA00:32)
700(7/7SEA20:35---PHX23:29)
25(7/7JFK20:00+44---SAN01:57+44)
1097(7/7SAN20:45---SEA23:45)
313(7/7DTW20:46---SEA01:45)
62002(7/7KTN20:48---SEA22:47)
432(7/7SAN20:52---TPA01:50)
1006(7/7PHX20:55---SEA00:00)
534(7/7SFO20:59---AUS00:45)
154(7/7RDM20:38+22---SEA21:58+22)
732(7/7PAE21:00---PHX00:03)
229001(7/7SEA20:35+27---MSP23:53+27)
3(7/7DCA21:02---SEA03:00)
535(7/7DEN21:03---SEA00:00)
312(7/7OMA20:14+51---SEA23:54+51)
1319(7/7BOS21:06---PDX03:24)
65(7/7JNU21:07---ANC22:53)
122(7/7BUR21:07---PDX23:25)
1300(7/7SEA21:10---LAX23:58)
189(7/7SEA20:49+21---ANC00:25+21)
1083(7/7LAX21:10---SEA23:54)
582(7/7PSP21:10---SEA00:00)
773(7/7SEA21:10---SNA00:01)
518(7/7AUS21:11---SFO00:57)
410(7/7SEA20:45+27---ORD00:42+27)
1238(7/7PHX21:16---PDX23:59)
280(7/7EWR20:00+84---SEA02:12+84)
507(7/7IAD21:25---SAN02:52)
19(7/7JFK21:29---PDX03:46)
462(7/7EWR21:30---SEA03:44)
778(7/7PDX21:30---LAS23:49)
836(7/7PDX21:30---SFO23:22)
601(7/7RNO21:32---SEA23:29)
1235(7/7PDX21:34---DEN00:10)
16(7/7SEA21:37---JFK02:59)
1247(7/7OAK21:38---SEA23:38)
58(7/7SIT21:40---SEA00:00)
107(7/7ANC21:40---SEA01:08)
290(7/7EWR21:43---PDX03:50)
114(7/7JFK20:39+67---SFO03:02+67)
646(7/7DFW21:46---PDX01:47)
297(7/7EWR20:34+74---SAN02:26+74)
480(7/7MSP21:50---SEA01:49)
301(7/7MCO21:50---PDX03:50)
894(7/7KOA21:50---SAN03:16)
569(7/7MSY21:53---SEA03:00)
1358(7/7SMF21:56---SEA23:54)
131(7/7SEA21:58---ANC01:30)
20(7/7SFO20:24+95---JFK02:08+95)
947(7/7BOI22:00---PDX23:21)
572(7/7RDU22:01---SEA03:56)
1191(7/7SNA22:02---SEA00:48)
485(7/7CHS22:03---SEA04:00)
868(7/7KOA22:10---PDX03:40)
783(7/7ATL22:11---PDX03:35)
397(7/7MCO22:13---SAN03:18)
406(7/7IAD22:13---SEA04:00)
305(7/7MIA22:20---SEA05:07)
860(7/7OGG22:20---SEA04:00)
293(7/7EWR22:24---SFO04:49)
1175(7/7SJC22:24---SEA00:34)
1086(7/7SEA22:25---ONT01:04)
450(7/7CMH22:28---SEA03:35)
933(7/7ABQ22:31---SEA01:41)
819(7/7BOS22:32---SEA05:02)
67002(7/7SEA22:33---KTN00:40)
1135(7/7SAN22:35---SEA01:31)
508(7/7CVG22:37---SEA03:35)
1257(7/7SEA22:38---SNA01:26)
600(7/7SEA22:42---LAS01:16)
460(7/7SEA22:43---BOS03:59)
1284(7/7SEA22:44---SFO00:57)
522(7/7BNA22:44---SEA03:48)
1052001(7/7SEA22:48---BUR01:24)
571(7/7SFO22:48---LAS00:31)
500(7/7IND22:48---SEA03:35)
56(7/7ANC22:50---SEA02:20)
1421(7/7IAH22:50---PDX03:15)
443(7/7PHL22:52---SEA04:57)
17(7/7JFK22:53---SEA05:22)
420(7/7SEA22:53---MCO04:33)
337(7/7ORD22:54---SEA03:34)
271(7/7HNL22:55---ONT04:27)
216(7/7CLE22:55---SEA04:00)
326001(7/7TPA22:55---SEA05:07)
7(7/7DCA22:58---SFO04:53)
348(7/7SEA22:59---IAD03:59)
1119(7/7ONT23:00---SEA01:40)
1396(7/7AUS23:00---PDX03:14)
1138(7/7SEA23:04---SBA01:40)
492(7/7SEA23:09---ATL03:59)
379(7/7BWI23:10---SEA05:07)
317(7/7DFW23:16---SEA03:35)
1042001(7/7SEA23:17---SBP01:43)
1092(7/7SEA23:18---LAX02:05)
941(7/7SEA23:25---ORD03:30)
287(7/7EWR23:29---LAX05:35)
334(7/7ATL23:31---SEA05:07)
412(7/7PIT23:42---SEA05:07)
720(7/7SEA23:46---FAT01:58)
106(7/7FAI23:53---SEA03:35)
688(7/7SEA23:59---LAS02:34)
435(7/7IAD23:59---SFO05:46)
1214(7/8SEA00:04---SJC02:15)
439(7/8IAH00:10---SEA04:53)
369(7/8MCO00:12---SFO05:59)
225(7/8SEA00:15---ANC03:54)
1301(7/8LAX00:15---SEA03:00)
791(7/8LIH00:15---SFO05:29)
1468(7/8SEA00:15---LAX03:00)
821(7/8SAN00:16---LIH06:32)
597(7/8ORD00:18---SFO05:06)
213(7/8IAD00:19---LAX05:48)
355(7/8BOS00:19---SFO06:59)
269(7/8SFO00:22---ANC05:15)
41(7/8JFK00:29---SFO06:59)
134(7/8ANC00:30---SEA04:00)
339(7/8AUS00:30---SEA05:07)
291001(7/8STL00:32---SEA05:00)
896(7/8HNL00:33---SEA06:31)
1370(7/8PDX00:35---AUS04:42)
376(7/8PDX00:35---ORD04:39)
1202(7/8SEA00:35---SNA03:25)
494(7/8SAT00:37---SEA04:53)
398(7/8SEA00:40---IAH04:59)
856(7/8KOA00:40---SJC05:45)
382(7/8SEA00:43---BNA04:59)
353(7/8PDX00:46---OGG06:39)
229(7/8MSP00:49---SEA04:45)
538(7/8SEA00:54---ORD04:59)
78(7/8SEA00:55---ANC04:37)
372(7/8SEA00:56---AUS05:05)
730(7/8SEA00:59---LAS03:38)
632(7/8SEA00:59---PHX04:00)
424(7/8SEA00:59---DFW04:59)
1140(7/8SEA00:59---SFO03:15)
1098(7/8SEA00:59---SAN03:54)
1163(7/8SEA00:59---DEN03:47)
1107(7/8BUR01:04---PDX03:21)
1062(7/8PDX01:04---BUR03:23)
564(7/8SEA01:05---MCI04:35)
472(7/8SEA01:06---STL04:59)
1131(7/8DEN01:06---PDX03:50)
1397(7/8LAX01:07---PDX03:30)
1048(7/8SEA01:09---LAX04:00)
241(7/8SEA01:10---MKE04:59)
1085(7/8SNA01:17---PDX03:39)
805(7/8SEA01:25---OGG07:34)
67001(7/8KTN01:25---SIT02:20)
823(7/8SEA01:25---HNL07:33)
143(7/8ANC01:30---SEA05:07)
1310(7/8SEA01:36---SJC03:51)
386(7/8SEA01:37---MSP04:59)
409(7/8ORD01:42---SEA06:24)
839(7/8SEA01:45---LIH07:54)
513(7/8AUS01:45---SFO05:29)
338(7/8SEA01:48---OMA04:59)
45(7/8ANC01:49---BET03:09)
1065(7/8SFO01:53---SEA04:11)
939(7/8SEA01:55---SAN04:47)
1028(7/8SAN01:58---OGG07:59)
1087(7/8ONT01:58---SEA04:37)
105(7/8SEA01:59---ANC05:38)
801(7/8SEA01:59---KOA08:04)
525(7/8SFO02:05---PDX03:50)
1318(7/8SEA02:13---SFO04:22)
1215(7/8LAX02:25---SEA05:17)
1139(7/8SBA02:30---SEA05:07)
1042(7/8SBP02:35---SEA05:07)
205(7/8SEA02:36---JNU05:05)
721(7/8FAT02:40---SEA05:07)
193(7/8LAX02:45---ANC08:08)
403(7/8LAS02:45---SEA05:37)
1158(7/8PDX02:48---SNA05:18)
1224(7/8SEA02:55---LAX05:46)
827(7/8ANC02:55---HNL08:59)
66002(7/8JNU02:55---SEA05:23)
141(7/8PHX02:57---ANC08:48)
1005(7/8SAN02:57---SFO04:37)
1156(7/8SEA02:59---SAN06:00)
67003(7/8SIT03:08---JNU03:52)
133(7/8SEA03:55---ANC07:34)
644(7/8SEA03:55---PHX06:54)
46(7/8BET03:59---ANC05:18)
272(7/8ANC04:10---SEA07:45)
444(7/8SEA04:15---PHL09:25)
749(7/8LAS04:19---SEA07:06)
282(7/8LAX04:26---EWR09:59)
307(7/8SFO04:28---BOS10:10)
436(7/8PDX04:37---BOS10:00)
728(7/8PDX04:40---LAS06:59)
314(7/8SEA04:40---EWR09:59)
547(7/8SEA04:40---CLE09:11)
315(7/8SEA04:45---CMH09:13)
1020(7/8SAN04:50---MCO10:00)
36(7/8SAN04:56---JFK10:29)
138(7/8ANC05:08---ORD11:24)
374(7/8SFO05:19---EWR10:54)
344(7/8SEA05:20---BWI10:21)
22(7/8SEA05:41---JFK11:02)
455(7/8SFO05:43---IAD10:50)
259(7/8SAN05:45---BOS11:30)
1057(7/8PDX05:52---DFW09:40)
360(7/8SEA05:58---TPA11:25)
111(7/8ORD05:59---ANC12:37)
394(7/8SEA06:05---MCO11:40)
340(7/8SEA06:10---PIT10:43)
70001(7/8JNU06:15---SIT06:59)
490(7/8SEA06:16---MSY10:50)
400(7/8SEA06:18---BNA10:40)
367(7/8SEA06:30---IAD11:27)
59(7/8ANC06:35---MSP12:00)
328(7/8SEA06:40---ORD10:40)
536(7/8SEA06:40---BOS12:00)
427(7/8SEA06:49---CVG11:07)
464(7/8SEA06:59---ATL11:49)
452(7/8SEA06:59---IAH11:20)
164(7/8ANC07:18---DEN12:35)
109(7/8ANC07:26---ORD13:40)
880(7/8KOA07:30---SEA13:19)
810(7/8LIH07:32---SEA13:16)
558(7/8OGG07:39---PDX13:00)
828(7/8HNL08:33---ANC14:40)
150(7/8ANC08:34---LAX13:55)
814(7/8OGG08:34---SEA14:11)
826(7/8LIH08:54---SAN14:33)
1029(7/8OGG08:59---SAN14:18)
302(7/8ANC09:44---PDX13:20)
336(7/8BOS10:00---PDX16:17)
377(7/8ATL10:30---SEA15:57)
351(7/8IAD10:30---SEA16:17)
446(7/8PHL10:45---SEA16:42)
316(7/8CMH11:00---SEA16:05)
1021(7/8MCO11:00---SAN16:04)
573(7/8DFW11:00---SEA15:17)
548(7/8CLE11:00---SEA16:09)
627(7/8TPA11:00---SEA17:06)
942(7/8ORD11:00---SEA15:37)
21(7/8JFK11:00---SEA17:13)
453(7/8IAH11:00---SEA15:40)
361(7/8OMA11:05---SEA14:47)
299(7/8EWR11:19---SEA17:31)
459(7/8BOS11:20---SEA17:38)
395(7/8MCO11:20---SEA17:30)
242(7/8MKE11:30---SEA15:53)
308(7/8BOS11:30---SFO18:07)
387(7/8MSP11:40---SEA15:44)
473(7/8STL11:41---SEA16:10)
563(7/8MCI11:45---SEA15:47)
349(7/8BWI11:51---SEA17:40)
289(7/8EWR11:52---LAX17:46)
383(7/8BNA12:00---SEA17:06)
413(7/8ORD12:00---PDX16:25)
341(7/8PIT12:03---SEA17:28)
458(7/8IAD12:10---SFO17:55)
451(7/8MSY12:10---SEA17:16)
595(7/8AUS12:15---SEA16:40)
541(7/8AUS12:37---PDX16:50)
260(7/8BOS12:40---SAN18:50)
428(7/8CVG12:40---SEA17:39)
15(7/8DCA12:59---SAN18:20)
799(7/8PHX13:00---SEA16:04)
701(7/8LAS13:00---SEA15:45)
375(7/8IAD13:00---SEA18:47)
1109(7/8SEA13:00---SAN15:53)
173(7/8SEA13:00---ANC16:40)
491(7/8SEA13:00---DFW17:00)
433(7/8TPA13:00---SAN17:50)
373(7/8EWR13:00---SFO19:13)
683(7/8ORD13:00---SEA17:39)
408(7/8SEA13:00---ORD17:07)
1316(7/8SEA13:00---LAX15:50)
30(7/8SFO13:18---JFK19:00)
68(7/8MSP13:20---ANC19:20)
537(7/8BOS13:20---SEA19:35)
533(7/8ATL13:30---SEA18:51)
298(7/8SEA13:41---EWR19:00)
1325(7/8SNA13:45---SEA16:42)
5(7/8DCA13:59---LAX19:33)
831(7/8PDX14:00---OGG19:55)
399(7/8IAH14:00---SEA18:45)
859(7/8SJC14:00---LIH19:44)
281(7/8BNA14:00---SEA19:03)
368(7/8SFO14:00---MCO19:34)
284(7/8LAX14:00---EWR19:34)
358(7/8PDX14:00---BOS19:25)
511(7/8PHX14:00---PDX16:43)
1076(7/8PDX14:00---LAX16:39)
789(7/8SFO14:00---KOA19:30)
1136001(7/8PDX14:00---DEN16:37)
35(7/8JFK14:00---SAN19:52)
1101(7/8PDX14:00---LAS16:19)
784(7/8PDX14:00---ATL18:46)
24(7/8SAN14:00---JFK19:39)
73001(7/8SIT14:00---JNU14:44)
82(7/8ANC14:00---SEA17:31)
1041(7/8BUR14:00---SEA16:37)
85(7/8SEA14:00---ANC17:35)
512(7/8SFO14:00---AUS17:36)
917(7/8MCO14:00---SEA20:10)
365(7/8DFW14:00---SEA18:27)
745(7/8DEN14:00---SEA17:00)
324(7/8PDX14:02---ORD18:07)
1193(7/8SJC14:03---SEA16:15)
1089(7/8LAS14:05---PDX16:24)
249(7/8SFO14:20---BOS20:01)
912(7/8SFO14:20---SAN16:02)
18(7/8PDX14:20---JFK19:45)
139(7/8ORD14:30---ANC21:15)
248(7/8ANC14:30---SEA18:08)
292(7/8SFO14:54---EWR20:29)
606(7/8SEA14:55---PHX17:52)
516(7/8SEA14:55---FLL20:52)
867(7/8PDX14:56---KOA20:50)
329(7/8ORD15:00---SEA19:34)
10(7/8PDX15:00---DCA20:02)
1179(7/8LAX15:00---SEA17:53)
1410(7/8SFO15:00---PDX16:45)
366001(7/8SEA15:02---MKE18:54)
1149(7/8SNA15:02---SEA17:56)
890(7/8SEA15:03---ORD19:13)
26(7/8SEA15:05---JFK20:29)
916(7/8SEA15:08---MCO20:50)
825(7/8SEA15:09---OGG21:20)
233(7/8SAN15:10---EWR20:43)
1071(7/8SAN15:15---SEA18:18)
214(7/8LAX15:20---IAD20:25)
165(7/8DEN15:20---ANC20:54)
306(7/8SEA15:21---BOS20:45)
305001(7/8SEA15:25---MIA21:20)
227(7/8JFK15:30---SFO21:48)
560(7/8LAX15:30---KOA21:10)
313001(7/8SEA15:30---DTW19:50)
388(7/8SEA15:32---STL19:26)
4(7/8SEA15:34---DCA20:43)
73(7/8JNU15:34---ANC17:24)
390(7/8SAN15:40---BOS21:27)
402(7/8SEA15:47---CHS21:00)
572001(7/8SEA15:55---RDU21:01)
270(7/8ONT16:00---HNL21:55)
294(7/8PDX16:00---EWR21:21)
83(7/8SEA16:00---ANC19:35)
320(7/8SAN16:00---MCO21:13)
1268(7/8PDX16:00---BNA20:19)
502(7/8SEA16:03---AUS20:11)
113(7/8SFO16:05---JFK21:47)
418001(7/8SEA16:13---MCI19:39)
406001(7/8SEA16:15---IAD21:13)
568(7/8SEA16:19---MSY20:53)
899(7/8SAN16:19---KOA22:20)
727(7/8SEA16:22---ATL21:11)
326(7/8SEA16:24---TPA21:50)
48001(7/8ANC16:25---SEA20:01)
8(7/8SFO16:45---DCA21:58)
1051(7/8SEA16:50---BUR19:26)
426(7/8SEA16:50---DFW20:48)
798(7/8LAX16:50---SEA19:35)
72(7/8SEA16:55---JNU19:26)
1108(7/8SEA16:58---SAN19:49)
23(7/8JFK17:00---SEA23:08)
875(7/8SEA17:00---LIH23:15)
731(7/8PHX17:00---PAE20:03)
378(7/8SEA17:03---BWI22:10)
450001(7/8SEA17:10---CMH21:32)
477(7/8SEA17:10---EWR22:29)
508001(7/8SEA17:12---CVG21:37)
629(7/8LAS17:14---SEA19:58)
522001(7/8SEA17:20---BNA21:44)
1256(7/8SEA17:21---PSP20:15)
887(7/8SEA17:22---HNL23:33)
829(7/8SAN17:29---OGG23:34)
1420(7/8PDX17:30---IAH21:50)
1161(7/8PDX17:30---PHX20:16)
1136(7/8DEN17:33---PDX20:20)
160(7/8ANC17:35---SEA21:09)
300(7/8PDX17:35---MCO23:12)
216001(7/8SEA17:37---CLE22:01)
775(7/8PDX17:42---ANC21:26)
500001(7/8SEA17:42---IND21:48)
322(7/8SAN17:48---IAD22:59)
757(7/8PDX17:50---LAS20:09)
429001(7/8SEA17:52---ORD21:59)
725(7/8PDX17:55---AUS21:56)
818(7/8SEA17:58---BOS23:19)
862(7/8OGG18:00---SEA23:38)
824(7/8HNL18:00---SEA23:50)
822(7/8KOA18:00---SEA23:54)
543(7/8DFW18:00---SEA22:17)
1240(7/8LAX18:02---PDX20:25)
891(7/8ORD18:03---SEA22:42)
474(7/8SAN18:04---ATL22:31)
412001(7/8SEA18:06---PIT22:42)
34(7/8SEA18:06---JFK23:29)
1299(7/8SNA18:10---PDX20:34)
434(7/8SFO18:10---IAD23:19)
104001(7/8ANC18:15---SEA21:49)
1174(7/8SEA18:22---SNA21:14)
108(7/8ANC18:22---FAI19:27)
1467(7/8LAS18:27---PDX20:48)
392(7/8PDX18:28---DFW22:16)
503(7/8AUS18:36---SEA22:59)
1096(7/8SEA18:41---SAN21:38)
722(7/8SEA18:44---PHX21:47)
438(7/8SEA18:45---IAH23:10)
603(7/8PHX18:52---SEA21:58)
598(7/8SFO18:55---ORD23:18)
817(7/8SEA18:55---OGG01:10)
106001(7/8SEA19:00---FAI22:53)
1314(7/8SJC19:02---SEA21:10)
325(7/8ORD19:03---PDX23:35)
1137(7/8SAN19:12---SEA22:10)
352(7/8SEA19:18---AUS23:30)
494001(7/8SEA19:33---SAT23:37)
100(7/8ANC19:41---SEA23:10)
14(7/8SAN19:42---DCA00:59)
291(7/8SEA19:46---STL23:35)
475(7/8ATL19:47---SAN00:31)
366(7/8MKE19:50---SEA00:16)
102(7/8KTN19:52---SEA21:54)
280(7/8EWR20:00---SEA02:12)
25(7/8JFK20:00---SAN01:57)
407(7/8ORD20:09---SEA00:49)
620001(7/8SEA20:13---DEN22:54)
140(7/8FAI20:17---SEA00:00)
1038(7/8BUR20:20---SEA22:59)
20(7/8SFO20:24---JFK02:08)
388001(7/8STL20:24---SEA00:50)
304(7/8BOS20:25---SEA02:48)
1016(7/8PDX20:25---SEA21:25)
266(7/8ANC20:25---SFO01:05)
808(7/8KOA20:30---SEA02:22)
6(7/8LAX20:31---DCA01:42)
418(7/8MCI20:34---SEA00:32)
297(7/8EWR20:34---SAN02:26)
357001(7/8SEA20:35---MCI00:01)
700(7/8SEA20:35---PHX23:29)
114(7/8JFK20:39---SFO03:02)
419(7/8MCO20:39---SEA02:50)
162(7/8ANC20:40---SEA00:13)
31(7/8JFK20:45---SEA03:10)
410(7/8SEA20:45---ORD00:42)
1097(7/8SAN20:45---SEA23:45)
313(7/8DTW20:46---SEA01:45)
840(7/8LIH20:47---SEA02:32)
1159(7/8SNA20:51---PDX23:15)
432(7/8SAN20:52---TPA01:50)
898(7/8OGG20:55---PDX02:19)
2(7/8SEA20:58---DCA01:59)
534(7/8SFO20:59---AUS00:45)
732(7/8PAE21:00---PHX00:03)
3(7/8DCA21:02---SEA03:00)
676(7/8LAS21:04---SEA23:50)
1319(7/8BOS21:06---PDX03:24)
65(7/8JNU21:07---ANC22:53)
1300(7/8SEA21:10---LAX23:58)
582(7/8PSP21:10---SEA00:00)
773(7/8SEA21:10---SNA00:01)
518(7/8AUS21:11---SFO00:57)
1238(7/8PHX21:16---PDX23:59)
1269(7/8BNA21:19---PDX02:15)
507(7/8IAD21:25---SAN02:52)
19(7/8JFK21:29---PDX03:46)
462(7/8EWR21:30---SEA03:44)
92(7/8SEA21:33---KTN23:41)
16(7/8SEA21:37---JFK02:59)
290(7/8EWR21:43---PDX03:50)
9(7/8DCA21:43---PDX03:31)
389(7/8BOS21:45---SAN04:00)
646(7/8DFW21:46---PDX01:47)
1287(7/8PDX21:50---BUR00:09)
301(7/8MCO21:50---PDX03:50)
894(7/8KOA21:50---SAN03:16)
517(7/8FLL21:52---SEA04:20)
569(7/8MSY21:53---SEA03:00)
131(7/8SEA21:58---ANC01:30)
572(7/8RDU22:01---SEA03:56)
485(7/8CHS22:03---SEA04:00)
1046(7/8SEA22:08---SJC00:17)
868(7/8KOA22:10---PDX03:40)
1147(7/8LAX22:10---SEA00:54)
783(7/8ATL22:11---PDX03:35)
406(7/8IAD22:13---SEA04:00)
397(7/8MCO22:13---SAN03:18)
1279(7/8LAX22:16---GEG00:47)
305(7/8MIA22:20---SEA05:07)
860(7/8OGG22:20---SEA04:00)
293(7/8EWR22:24---SFO04:49)
1086(7/8SEA22:25---ONT01:04)
450(7/8CMH22:28---SEA03:35)
819(7/8BOS22:32---SEA05:02)
1135(7/8SAN22:35---SEA01:31)
508(7/8CVG22:37---SEA03:35)
1257(7/8SEA22:38---SNA01:26)
460(7/8SEA22:43---BOS03:59)
522(7/8BNA22:44---SEA03:48)
975(7/8PHX22:47---SEA01:52)
1052001(7/8SEA22:48---BUR01:24)
1030(7/8SEA22:48---BZN00:31)
500(7/8IND22:48---SEA03:35)
1421(7/8IAH22:50---PDX03:15)
56(7/8ANC22:50---SEA02:20)
17(7/8JFK22:53---SEA05:22)
420(7/8SEA22:53---MCO04:33)
216(7/8CLE22:55---SEA04:00)
337001(7/8ORD22:55---SEA03:35)
271(7/8HNL22:55---ONT04:27)
326001(7/8TPA22:55---SEA05:07)
7(7/8DCA22:58---SFO04:53)
99(7/8SEA22:58---ANC02:42)
744(7/8SEA22:59---PHX01:57)
348(7/8SEA22:59---IAD03:59)
1396(7/8AUS23:00---PDX03:14)
492(7/8SEA23:09---ATL03:59)
379(7/8BWI23:10---SEA05:07)
317(7/8DFW23:16---SEA03:35)
1092(7/8SEA23:18---LAX02:05)
561(7/8KOA23:20---LAX04:51)
941(7/8SEA23:25---ORD03:30)
287(7/8EWR23:29---LAX05:35)
334(7/8ATL23:31---SEA05:07)
412(7/8PIT23:42---SEA05:07)
1125(7/8SEA23:47---SLC01:50)
106(7/8FAI23:53---SEA03:35)
435(7/8IAD23:59---SFO05:46)
1146(7/8SEA23:59---SAN02:49)
688(7/8SEA23:59---LAS02:34)
439(7/9IAH00:10---SEA04:53)
369(7/9MCO00:12---SFO05:59)
225(7/9SEA00:15---ANC03:54)
1468(7/9SEA00:15---LAX03:00)
844(7/9LIH00:15---SJC05:24)
821(7/9SAN00:16---LIH06:32)
597(7/9ORD00:18---SFO05:06)
355(7/9BOS00:19---SFO06:59)
213(7/9IAD00:19---LAX05:48)
269(7/9SFO00:22---ANC05:15)
41(7/9JFK00:29---SFO06:59)
339(7/9AUS00:30---SEA05:07)
1176(7/9PDX00:30---PHX03:20)
291001(7/9STL00:32---SEA05:00)
896(7/9HNL00:33---SEA06:31)
806(7/9OGG00:34---SAN05:55)
1370(7/9PDX00:35---AUS04:42)
376(7/9PDX00:35---ORD04:39)
494(7/9SAT00:37---SEA04:53)
398(7/9SEA00:40---IAH04:59)
353(7/9PDX00:46---OGG06:39)
1455(7/9PDX00:49---ANC04:40)
735(7/9SAN00:51---SEA03:50)
538(7/9SEA00:54---ORD04:59)
1295(7/9PDX00:55---SFO02:48)
372(7/9SEA00:56---AUS05:05)
357(7/9MCI00:56---SEA04:56)
1163(7/9SEA00:59---DEN03:47)
1048001(7/9SEA00:59---LAX03:50)
424(7/9SEA00:59---DFW04:59)
1140(7/9SEA00:59---SFO03:15)
662(7/9PHX01:05---PDX03:48)
564(7/9SEA01:05---MCI04:35)
1131(7/9DEN01:06---PDX03:50)
472(7/9SEA01:06---STL04:59)
241(7/9SEA01:10---MKE04:59)
805(7/9SEA01:25---OGG07:34)
1031(7/9BZN01:25---SEA03:35)
823(7/9SEA01:25---HNL07:33)
386(7/9SEA01:37---MSP04:59)
409(7/9ORD01:42---SEA06:24)
513(7/9AUS01:45---SFO05:29)
839(7/9SEA01:45---LIH07:54)
338(7/9SEA01:48---OMA04:59)
939(7/9SEA01:55---SAN04:47)
1087(7/9ONT01:58---SEA04:37)
1028(7/9SAN01:58---OGG07:59)
801(7/9SEA01:59---KOA08:04)
525(7/9SFO02:05---PDX03:50)
1288(7/9SEA02:41---SNA05:30)
719(7/9SLC02:44---SEA05:07)
167(7/9SEA02:50---FAI06:36)
827(7/9ANC02:55---HNL08:59)
141(7/9PHX02:57---ANC08:48)
780(7/9SEA02:59---ABQ05:59)
1034(7/9SEA03:14---BOI04:46)
642(7/9SEA03:17---DEN05:59)
268(7/9ANC03:25---SEA07:06)
228(7/9SEA03:25---ANC07:04)
1110(7/9SAN03:45---SEA06:51)
133(7/9SEA03:55---ANC07:34)
644(7/9SEA03:55---PHX06:54)
1067(7/9SAN03:59---GEG06:44)
91(7/9SEA04:15---SIT06:44)
307(7/9SFO04:28---BOS10:10)
1040(7/9SEA04:30---ONT07:15)
980(7/9SEA04:40---SFO06:59)
728(7/9PDX04:40---LAS06:59)
314(7/9SEA04:40---EWR09:59)
315(7/9SEA04:45---CMH09:13)
1230(7/9SEA04:45---SMF06:45)
919(7/9SEA04:55---RDU10:00)
36(7/9SAN04:56---JFK10:29)
138(7/9ANC05:08---ORD11:24)
374(7/9SFO05:19---EWR10:54)
360(7/9SEA05:58---TPA11:25)
340(7/9SEA06:10---PIT10:43)
490(7/9SEA06:16---MSY10:50)
452(7/9SEA06:59---IAH11:20)
464(7/9SEA06:59---ATL11:49)
172(7/9ANC07:13---PHX12:45)
810(7/9LIH07:32---SEA13:16)
558(7/9OGG07:39---PDX13:00)
828(7/9HNL08:33---ANC14:40)
814(7/9OGG08:34---SEA14:11)
826(7/9LIH08:54---SAN14:33)
1029(7/9OGG08:59---SAN14:18)
