111-7/7	N731AL	N731AL	-NA-
542-7/7	N442AS	N442AS	-NA-
168-7/7	N307AS	N307AS	-NA-
148-7/7	N613AS	N613AS	-NA-
150-7/7	N409AS	N409AS	-NA-
110-7/7	N812AK	N812AK	-NA-
54-7/7	N483AS	N483AS	-NA-
302-7/7	N518AS	N518AS	-NA-
42-7/7	N453AS	N453AS	-NA-
336-7/7	N961AK	N961AK	-NA-
156-7/7	N935AK	N935AK	-NA-
377-7/7	N724AL	N724AL	-NA-
351-7/7	N926AK	N926AK	-NA-
546-7/7	N487AS	N487AS	-NA-
446-7/7	N423AS	N423AS	-NA-
1021-7/7	N723AL	N723AL	-NA-
942-7/7	N474AS	N474AS	-NA-
548-7/7	N734AL	N734AL	-NA-
381-7/7	N952AK	N952AK	-NA-
21-7/7	N525AS	N525AS	-NA-
573-7/7	N938AK	N938AK	-NA-
316-7/7	N491AS	N491AS	-NA-
627-7/7	N291BT	N291BT	-NA-
453-7/7	N464AS	N464AS	-NA-
361-7/7	N958AK	N958AK	-NA-
299-7/7	N975AK	N975AK	-NA-
459-7/7	N440AS	N440AS	-NA-
395-7/7	N984AK	N984AK	-NA-
242-7/7	N448AS	N448AS	-NA-
308-7/7	N733AL	N733AL	-NA-
920-7/7	N435AS	N435AS	-NA-
387-7/7	N960AK	N960AK	-NA-
473-7/7	N292AK	N292AK	-NA-
563-7/7	N712AL	N712AL	-NA-
349-7/7	N519AS	N519AS	-NA-
289-7/7	N273AK	N273AK	-NA-
495-7/7	N983AK	N983AK	-NA-
1-7/7	N536AS	N536AS	-NA-
383-7/7	N285AK	N285AK	-NA-
413-7/7	N268AK	N268AK	-NA-
643-7/7	N471AS	N471AS	-NA-
341-7/7	N710AL	N710AL	-NA-
458-7/7	N719AL	N719AL	-NA-
451-7/7	N977AK	N977AK	-NA-
595-7/7	N973AK	N973AK	-NA-
737-7/7	N968AK	N968AK	-NA-
303-7/7	N967AK	N967AK	-NA-
541-7/7	N265AK	N265AK	-NA-
260-7/7	N577AS	N577AS	-NA-
428-7/7	N729AL	N729AL	-NA-
15-7/7	N523AS	N523AS	-NA-
N483AS_SEA-13:00/19:00	N483AS	N483AS	-NA-
701-7/7	N557AS	N557AS	-NA-
1316-7/7	N579AS	N579AS	-NA-
491-7/7	N809AK	N809AK	-NA-
1091-7/7	N920AK	N920AK	-NA-
408-7/7	N434AS	N434AS	-NA-
433-7/7	N982AK	N982AK	-NA-
375-7/7	N214AK	N214AK	-NA-
373-7/7	N708AL	N708AL	-NA-
188-7/7	N403AS	N403AS	-NA-
1109-7/7	N532AS	N532AS	-NA-
799-7/7	N506AS	N506AS	-NA-
966-7/7	N596AS	N596AS	-NA-
132-7/7	N467AS	N467AS	-NA-
1293-7/7	N514AS	N514AS	-NA-
173-7/7	N565AS	N565AS	-NA-
683-7/7	N275AK	N275AK	-NA-
186-7/7	N607AS	N607AS	-NA-
981-7/7	N552AS	N552AS	-NA-
943-7/7	N284AK	N284AK	-NA-
593-7/7	N618AS	N618AS	-NA-
499-7/7	N928AK	N928AK	-NA-
1217-7/7	N947AK	N947AK	-NA-
1265-7/7	N956AK	N956AK	-NA-
30-7/7	N966AK	N966AK	-NA-
537-7/7	N248AK	N248AK	-NA-
68-7/7	N953AK	N953AK	-NA-
533-7/7	N298AK	N298AK	-NA-
298-7/7	N974AK	N974AK	-NA-
1325-7/7	N564AS	N564AS	-NA-
55-7/7	N611AS	N611AS	-NA-
623-7/7	N803AK	N803AK	-NA-
210-7/7	N526AS	N526AS	-NA-
5-7/7	N590AS	N590AS	-NA-
1151-7/7	N535AS	N535AS	-NA-
917-7/7	N720AL	N720AL	-NA-
931-7/7	N609AS	N609AS	-NA-
368-7/7	N716AL	N716AL	-NA-
281-7/7	N294AK	N294AK	-NA-
73001-7/7	N622AS	N622AS	-NA-
963-7/7	N477AS	N477AS	-NA-
1298-7/7	N553AS	N553AS	-NA-
1124-7/7	N537AS	N537AS	-NA-
1082-7/7	N812AK	N812AK	-NA-
82-7/7	N731AL	N731AL	-NA-
358-7/7	N290AK	N290AK	-NA-
65003-7/7	N613AS	N613AS	-NA-
1130-7/7	N469AS	N469AS	-NA-
512-7/7	N247AK	N247AK	-NA-
399-7/7	N972AK	N972AK	-NA-
393-7/7	N593AS	N593AS	-NA-
1041-7/7	N402AS	N402AS	-NA-
745-7/7	N921AK	N921AK	-NA-
504-7/7	N929AK	N929AK	-NA-
1076-7/7	N934AK	N934AK	-NA-
1043-7/7	N738AL	N738AL	-NA-
511-7/7	N806AK	N806AK	-NA-
1181-7/7	N556AS	N556AS	-NA-
1226-7/7	N954AK	N954AK	-NA-
61002-7/7	N619AS	N619AS	-NA-
1101-7/7	N913AK	N913AK	-NA-
869-7/7	N529AS	N529AS	-NA-
284-7/7	N912AK	N912AK	-NA-
831-7/7	N963AK	N963AK	-NA-
797-7/7	N964AK	N964AK	-NA-
35-7/7	N472AS	N472AS	-NA-
790-7/7	N569AS	N569AS	-NA-
1258-7/7	N236AK	N236AK	-NA-
24-7/7	N969AK	N969AK	-NA-
974-7/7	N492AS	N492AS	-NA-
85-7/7	N924AK	N924AK	-NA-
1239-7/7	N915AK	N915AK	-NA-
1136001-7/7	N594AS	N594AS	-NA-
784-7/7	N978AK	N978AK	-NA-
365-7/7	N442AS	N442AS	-NA-
618-7/7	N705AL	N705AL	-NA-
324-7/7	N413AS	N413AS	-NA-
1193-7/7	N936AK	N936AK	-NA-
526-7/7	N581AS	N581AS	-NA-
645-7/7	N520AS	N520AS	-NA-
1089-7/7	N280AK	N280AK	-NA-
430-7/7	N493AS	N493AS	-NA-
1154-7/7	N941AK	N941AK	-NA-
18-7/7	N481AS	N481AS	-NA-
249-7/7	N713AL	N713AL	-NA-
1148-7/7	N516AS	N516AS	-NA-
1063-7/7	N459AS	N459AS	-NA-
912-7/7	N813AK	N813AK	-NA-
1074-7/7	N238AK	N238AK	-NA-
248-7/7	N919AK	N919AK	-NA-
139-7/7	N287AK	N287AK	-NA-
1228-7/7	N976AK	N976AK	-NA-
62-7/7	N586AS	N586AS	-NA-
292-7/7	N431AS	N431AS	-NA-
516-7/7	N284AK	N284AK	-NA-
606-7/7	N457AS	N457AS	-NA-
867-7/7	N518AS	N518AS	-NA-
196-7/7	N592AS	---	Unassigned
648-7/7	N453AS	N467AS	0
79-7/7	N596AS	---	Unassigned
1410-7/7	N433AS	---	Unassigned
1306-7/7	N968AK	N949AK	0
1290001-7/7	N272AK	---	Unassigned
329-7/7	N274AK	---	Unassigned
1179-7/7	N805AK	---	Unassigned
479-7/7	N288AK	---	Unassigned
1149-7/7	N587AS	---	Unassigned
366001-7/7	N517AS	---	Unassigned
682001-7/7	N935AK	---	Unassigned
916-7/7	N942AK	---	Unassigned
1166-7/7	N928AK	N722AL	0
231-7/7	N549AS	N549AS	0
233-7/7	N495AS	---	Unassigned
405001-7/7	N513AS	---	Unassigned
1255-7/7	N486AS	---	Unassigned
60-7/7	N615AS	N619AS	120
47-7/7	N478AS	---	Unassigned
90-7/7	N282AK	---	Unassigned
414-7/7	N958AK	---	Unassigned
214-7/7	N962AK	---	Unassigned
306-7/7	N709AL	---	Unassigned
26-7/7	N419AS	---	Unassigned
305001-7/7	N467AS	---	Unassigned
1254-7/7	N277AK	N277AK	0
313001-7/7	N253AK	---	Unassigned
613-7/7	N918AK	N722AL	330
227-7/7	N933AK	---	Unassigned
890-7/7	N508AS	---	Unassigned
555001-7/7	N707AL	---	Unassigned
73-7/7	N622AS	---	Unassigned
142-7/7	N462AS	---	Unassigned
390-7/7	N932AK	---	Unassigned
N464AS_SEA-15:40/20:40	N464AS	N464AS	0
165-7/7	N531AS	N531AS	0
612-7/7	N309AS	N309AS	0
402-7/7	N494AS	---	Unassigned
1169-7/7	N530AS	---	Unassigned
718-7/7	N725AL	N722AL	150
560-7/7	N512AS	N579AS	60
572001-7/7	N270AK	---	Unassigned
388-7/7	N947AK	---	Unassigned
1071-7/7	N538AS	---	Unassigned
57-7/7	N267AK	N297AK	0
270-7/7	N732AL	---	Unassigned
4-7/7	N804AK	N804AK	0
1190-7/7	N527AS	N552AS	0
1268-7/7	N408AS	N408AS	0
320-7/7	N597AS	---	Unassigned
83-7/7	N237AK	N487AS	30
825-7/7	N706AL	---	Unassigned
502-7/7	N471AS	---	Unassigned
578-7/7	N990AK	N962AK	0
418001-7/7	N552AS	---	Unassigned
55001-7/7	N611AS	N611AS	0
10-7/7	N560AS	---	Unassigned
1113-7/7	N931AK	---	Unassigned
294-7/7	N260AK	---	Unassigned
326-7/7	N487AS	---	Unassigned
899-7/7	N568AS	---	Unassigned
568-7/7	N474AS	---	Unassigned
442-7/7	N448AS	---	Unassigned
113-7/7	N251AK	---	Unassigned
406001-7/7	N724AL	---	Unassigned
8-7/7	N581AS	---	Unassigned
65001-7/7	N613AS	N619AS	150
426-7/7	N548AS	---	Unassigned
149-7/7	N506AS	---	Unassigned
798-7/7	N409AS	---	Unassigned
1051-7/7	N607AS	N614AS	0
312001-7/7	N938AK	---	Unassigned
1080-7/7	N712AL	N938AK	0
137-7/7	N592AS	N546AS	0
174-7/7	N514AS	N527AS	0
1108-7/7	N292AK	N292AK	0
731-7/7	N224AK	---	Unassigned
875-7/7	N535AS	---	Unassigned
23-7/7	N293AK	---	Unassigned
1259-7/7	N813AK	N813AK	300
215-7/7	N318AS	N318AS	180
1133-7/7	N920AK	---	Unassigned
1311-7/7	N954AK	---	Unassigned
232-7/7	N549AS	N549AS	0
198-7/7	N612AS	N618AS	330
727-7/7	N477AS	---	Unassigned
101-7/7	N491AS	N493AS	330
1007-7/7	N738AL	---	Unassigned
796-7/7	N493AS	N493AS	120
508001-7/7	N722AL	---	Unassigned
505-7/7	N956AK	---	Unassigned
61001-7/7	N619AS	N611AS	240
72-7/7	N609AS	---	Unassigned
522001-7/7	N423AS	---	Unassigned
450001-7/7	N960AK	---	Unassigned
829-7/7	N723AL	N982AK	90
1143-7/7	N961AK	N961AK	0
1161-7/7	N459AS	N469AS	210
1084-7/7	N556AS	N556AS	0
863-7/7	N537AS	N537AS	0
807-7/7	N570AS	---	Unassigned
N975AK_SEA-17:31/22:31	N975AK	N975AK	0
60001-7/7	N615AS	N613AS	90
1136-7/7	N594AS	---	Unassigned
160-7/7	N565AS	---	Unassigned
378-7/7	N952AK	---	Unassigned
62001-7/7	N586AS	---	Unassigned
216001-7/7	N403AS	---	Unassigned
887-7/7	N926AK	---	Unassigned
385-7/7	N593AS	N593AS	0
1296-7/7	N268AK	---	Unassigned
738-7/7	N296AK	---	Unassigned
477-7/7	N734AL	---	Unassigned
775-7/7	N618AS	N618AS	0
629-7/7	N913AK	---	Unassigned
128-7/7	N280AK	---	Unassigned
637-7/7	N915AK	N915AK	30
1420-7/7	N433AS	---	Unassigned
322-7/7	N236AK	---	Unassigned
757-7/7	N806AK	N806AK	0
1073-7/7	N469AS	N469AS	0
121-7/7	N265AK	N268AK	0
49-7/7	N557AS	---	Unassigned
725-7/7	N903AK	---	Unassigned
818-7/7	N936AK	---	Unassigned
1277-7/7	N553AS	---	Unassigned
739-7/7	N812AK	N812AK	0
543-7/7	N809AK	N809AK	0
862-7/7	N703AL	---	Unassigned
822-7/7	N562AS	---	Unassigned
1240-7/7	N964AK	N949AK	60
500001-7/7	N402AS	---	Unassigned
1256-7/7	N435AS	---	Unassigned
234-7/7	N267AK	N297AK	210
535001-7/7	N291BT	---	Unassigned
434-7/7	N918AK	---	Unassigned
1299-7/7	N516AS	---	Unassigned
65004-7/7	N613AS	N619AS	150
300-7/7	N492AS	---	Unassigned
1278-7/7	N973AK	---	Unassigned
824-7/7	N917AK	---	Unassigned
891-7/7	N434AS	---	Unassigned
1017-7/7	N710AL	N975AK	360
108-7/7	N622AS	---	Unassigned
904-7/7	N983AK	N915AK	240
48-7/7	N546AS	N546AS	210
1075-7/7	N928AK	N722AL	300
1467-7/7	N725AL	---	Unassigned
1290-7/7	N272AK	N268AK	240
908-7/7	N564AS	N523AS	270
1112-7/7	N525AS	---	Unassigned
104-7/7	N924AK	N953AK	120
503-7/7	N247AK	N247AK	150
1010-7/7	N486AS	N467AS	270
71-7/7	N288AK	N298AK	150
1174-7/7	N519AS	---	Unassigned
1328-7/7	N705AL	---	Unassigned
682-7/7	N935AK	---	Unassigned
64-7/7	N611AS	N611AS	0
603-7/7	N457AS	N469AS	330
154001-7/7	N526AS	---	Unassigned
1305-7/7	N968AK	---	Unassigned
817-7/7	N941AK	---	Unassigned
480001-7/7	N921AK	---	Unassigned
474-7/7	N238AK	---	Unassigned
1118-7/7	N587AS	---	Unassigned
1111-7/7	N277AK	N277AK	0
1216-7/7	N536AS	---	Unassigned
1096-7/7	N729AL	---	Unassigned
1314-7/7	N283AK	---	Unassigned
325-7/7	N413AS	---	Unassigned
835-7/7	N733AL	---	Unassigned
843-7/7	N530AS	---	Unassigned
641-7/7	N453AS	N467AS	0
934001-7/7	N731AL	N938AK	300
61003-7/7	N619AS	N611AS	240
733-7/7	N440AS	N248AK	120
1137-7/7	N523AS	N523AS	0
412001-7/7	N984AK	---	Unassigned
392-7/7	N967AK	---	Unassigned
658-7/7	N275AK	N275AK	300
932-7/7	N919AK	---	Unassigned
62003-7/7	N586AS	---	Unassigned
106001-7/7	N929AK	---	Unassigned
63-7/7	N977AK	---	Unassigned
137001-7/7	N592AS	N546AS	0
722-7/7	N318AS	N307AS	300
43-7/7	N549AS	N549AS	0
65002-7/7	N613AS	N619AS	150
330-7/7	N990AK	N962AK	0
1144-7/7	N805AK	N809AK	360
494001-7/7	N478AS	---	Unassigned
900-7/7	N520AS	---	Unassigned
864-7/7	N537AS	N537AS	0
1114-7/7	N931AK	---	Unassigned
429-7/7	N462AS	---	Unassigned
785-7/7	N309AS	N309AS	180
100-7/7	N596AS	---	Unassigned
14-7/7	N577AS	---	Unassigned
740-7/7	N527AS	N552AS	0
352-7/7	N214AK	---	Unassigned
291-7/7	N972AK	---	Unassigned
475-7/7	N978AK	---	Unassigned
1018-7/7	N538AS	---	Unassigned
366-7/7	N517AS	---	Unassigned
438-7/7	N282AK	---	Unassigned
598-7/7	N719AL	---	Unassigned
175-7/7	N294AK	---	Unassigned
1281-7/7	N920AK	---	Unassigned
405-7/7	N513AS	---	Unassigned
1150001-7/7	N442AS	N483AS	60
1081-7/7	N712AL	N938AK	60
697001-7/7	N976AK	N961AK	330
102-7/7	N491AS	N493AS	330
140-7/7	N622AS	---	Unassigned
415-7/7	N958AK	---	Unassigned
1038-7/7	N607AS	N614AS	150
74-7/7	N609AS	---	Unassigned
34-7/7	N285AK	---	Unassigned
1011-7/7	N486AS	N467AS	300
388001-7/7	N947AK	---	Unassigned
1016-7/7	N710AL	N961AK	210
304-7/7	N290AK	---	Unassigned
266-7/7	N953AK	---	Unassigned
555-7/7	N707AL	---	Unassigned
808-7/7	N529AS	---	Unassigned
909-7/7	N564AS	N523AS	270
1061-7/7	N812AK	N812AK	120
6-7/7	N590AS	---	Unassigned
407-7/7	N508AS	---	Unassigned
418-7/7	N552AS	---	Unassigned
357001-7/7	N248AK	N247AK	360
700-7/7	N298AK	---	Unassigned
1132-7/7	N409AS	N487AS	360
419-7/7	N716AL	N716AL	0
162-7/7	N237AK	N487AS	60
95-7/7	N615AS	N613AS	150
25-7/7	N966AK	---	Unassigned
1097-7/7	N292AK	---	Unassigned
31-7/7	N481AS	N481AS	0
313-7/7	N253AK	---	Unassigned
840-7/7	N569AS	N569AS	0
62002-7/7	N586AS	---	Unassigned
1159-7/7	N556AS	N556AS	0
432-7/7	N472AS	---	Unassigned
1006-7/7	N738AL	---	Unassigned
534-7/7	N280AK	---	Unassigned
61-7/7	N619AS	N611AS	240
154-7/7	N526AS	---	Unassigned
732-7/7	N224AK	---	Unassigned
905-7/7	N983AK	N915AK	270
229001-7/7	N551AS	---	Unassigned
3-7/7	N560AS	---	Unassigned
620001-7/7	N281AK	N297AK	300
535-7/7	N291BT	---	Unassigned
676-7/7	N806AK	N806AK	90
312-7/7	N938AK	---	Unassigned
1198-7/7	N274AK	N214AK	0
1315-7/7	N961AK	N961AK	0
1319-7/7	N713AL	---	Unassigned
65-7/7	N613AS	---	Unassigned
122-7/7	N265AK	---	Unassigned
549-7/7	N464AS	N464AS	0
1300-7/7	N720AL	---	Unassigned
189-7/7	N913AK	---	Unassigned
1083-7/7	N956AK	---	Unassigned
582-7/7	N435AS	---	Unassigned
773-7/7	N553AS	---	Unassigned
934-7/7	N731AL	N938AK	300
44-7/7	N549AS	N549AS	30
518-7/7	N471AS	---	Unassigned
410-7/7	N493AS	---	Unassigned
2-7/7	N813AK	N806AK	330
756-7/7	N296AK	N288AK	0
1297-7/7	N268AK	N292AK	30
1238-7/7	N459AS	---	Unassigned
1269-7/7	N408AS	N408AS	0
64001-7/7	N611AS	N619AS	150
1242-7/7	N973AK	N732AL	90
280-7/7	N974AK	---	Unassigned
898-7/7	N963AK	N963AK	0
507-7/7	N962AK	---	Unassigned
66-7/7	N506AS	N531AS	300
19-7/7	N419AS	---	Unassigned
462-7/7	N431AS	---	Unassigned
778-7/7	N594AS	---	Unassigned
836-7/7	N964AK	---	Unassigned
946-7/7	N469AS	N408AS	360
601-7/7	N520AS	---	Unassigned
92-7/7	N546AS	N523AS	330
1235-7/7	N516AS	---	Unassigned
103-7/7	N514AS	N527AS	0
16-7/7	N928AK	---	Unassigned
1247-7/7	N705AL	---	Unassigned
734-7/7	N440AS	N248AK	150
58-7/7	N977AK	---	Unassigned
107-7/7	N955AK	---	Unassigned
9-7/7	N804AK	N804AK	30
396-7/7	N593AS	N593AS	0
290-7/7	N495AS	---	Unassigned
1225-7/7	N525AS	N552AS	360
389-7/7	N709AL	N713AL	0
114-7/7	N969AK	---	Unassigned
646-7/7	N548AS	---	Unassigned
297-7/7	N912AK	---	Unassigned
1204-7/7	N612AS	N618AS	330
480-7/7	N921AK	---	Unassigned
301-7/7	N942AK	---	Unassigned
1160-7/7	N733AL	N949AK	60
894-7/7	N518AS	---	Unassigned
1287-7/7	N725AL	N975AK	300
517-7/7	N284AK	N284AK	0
569-7/7	N474AS	---	Unassigned
89-7/7	N592AS	N527AS	120
1100-7/7	N537AS	N537AS	0
1358-7/7	N536AS	---	Unassigned
131-7/7	N915AK	---	Unassigned
20-7/7	N708AL	---	Unassigned
947-7/7	N538AS	---	Unassigned
572-7/7	N270AK	---	Unassigned
1191-7/7	N519AS	---	Unassigned
485-7/7	N494AS	---	Unassigned
929-7/7	N527AS	N552AS	30
1046-7/7	N272AK	N268AK	240
183-7/7	N531AS	N531AS	0
868-7/7	N512AS	---	Unassigned
783-7/7	N477AS	---	Unassigned
397-7/7	N597AS	---	Unassigned
697-7/7	N976AK	N961AK	330
406-7/7	N724AL	---	Unassigned
509-7/7	N710AL	N716AL	330
176-7/7	N288AK	N298AK	150
1279-7/7	N948AK	N949AK	240
N809AK_SEA-22:17/01:17	N809AK	N809AK	0
226-7/7	N287AK	N287AK	0
305-7/7	N467AS	---	Unassigned
860-7/7	N706AL	---	Unassigned
293-7/7	N260AK	---	Unassigned
1175-7/7	N931AK	---	Unassigned
1086-7/7	N283AK	---	Unassigned
51-7/7	N803AK	N801AK	0
450-7/7	N960AK	---	Unassigned
933-7/7	N919AK	---	Unassigned
819-7/7	N932AK	---	Unassigned
67002-7/7	N564AS	---	Unassigned
1135-7/7	N729AL	---	Unassigned
508-7/7	N722AL	---	Unassigned
1257-7/7	N565AS	---	Unassigned
634-7/7	N275AK	N275AK	330
600-7/7	N920AK	---	Unassigned
460-7/7	N267AK	---	Unassigned
1284-7/7	N309AS	---	Unassigned
522-7/7	N423AS	---	Unassigned
975-7/7	N318AS	N307AS	360
1030-7/7	N968AK	N938AK	330
1052001-7/7	N731AL	---	Unassigned
571-7/7	N933AK	---	Unassigned
500-7/7	N402AS	---	Unassigned
602-7/7	N277AK	N277AK	30
56-7/7	N297AK	---	Unassigned
1421-7/7	N433AS	---	Unassigned
443-7/7	N448AS	---	Unassigned
64003-7/7	N611AS	N619AS	150
17-7/7	N251AK	---	Unassigned
420-7/7	N935AK	---	Unassigned
337-7/7	N462AS	---	Unassigned
271-7/7	N732AL	---	Unassigned
216-7/7	N403AS	---	Unassigned
326001-7/7	N487AS	---	Unassigned
7-7/7	N581AS	---	Unassigned
99-7/7	N457AS	N493AS	360
744-7/7	N491AS	N248AK	240
348-7/7	N486AS	---	Unassigned
1119-7/7	N587AS	---	Unassigned
1396-7/7	N903AK	---	Unassigned
962-7/7	N954AK	N915AK	330
1138-7/7	N526AS	---	Unassigned
1167-7/7	N990AK	N962AK	0
445-7/7	N924AK	N953AK	120
492-7/7	N975AK	---	Unassigned
379-7/7	N952AK	---	Unassigned
66001-7/7	N506AS	N531AS	300
1150-7/7	N442AS	N483AS	90
201-7/7	N618AS	N611AS	210
317-7/7	N967AK	---	Unassigned
1042001-7/7	N523AS	---	Unassigned
1092-7/7	N712AL	---	Unassigned
561-7/7	N568AS	N579AS	30
941-7/7	N434AS	---	Unassigned
287-7/7	N734AL	---	Unassigned
334-7/7	N238AK	---	Unassigned
155-7/7	N549AS	N549AS	30
151001-7/7	N514AS	N527AS	240
412-7/7	N984AK	---	Unassigned
590-7/7	N453AS	N467AS	240
1019-7/7	N469AS	N408AS	360
591-7/7	N409AS	N487AS	360
86-7/7	N613AS	N613AS	330
720-7/7	N609AS	---	Unassigned
1125-7/7	N812AK	N813AK	120
88-7/7	N592AS	N527AS	120
620-7/7	N281AK	N297AK	330
106-7/7	N929AK	---	Unassigned
1146-7/7	N607AS	N614AS	150
688-7/7	N983AK	---	Unassigned
435-7/7	N236AK	---	Unassigned
157-7/8	N615AS	N611AS	330
1214-7/8	N247AK	---	Unassigned
1321-7/8	N596AS	N546AS	330
64004-7/8	N611AS	N619AS	150
439-7/8	N282AK	---	Unassigned
369-7/8	N492AS	---	Unassigned
225-7/8	N707AL	---	Unassigned
1301-7/8	N483AS	---	Unassigned
791-7/8	N535AS	---	Unassigned
1468-7/8	N293AK	---	Unassigned
821-7/8	N532AS	---	Unassigned
597-7/8	N719AL	---	Unassigned
213-7/8	N918AK	---	Unassigned
355-7/8	N936AK	---	Unassigned
182-7/8	N531AS	N531AS	0
269-7/8	N964AK	---	Unassigned
611-7/8	N298AK	N292AK	300
41-7/8	N285AK	---	Unassigned
134-7/8	N294AK	---	Unassigned
1176-7/8	N296AK	N292AK	60
339-7/8	N214AK	---	Unassigned
1122-7/8	N961AK	N963AK	330
291001-7/8	N972AK	---	Unassigned
896-7/8	N926AK	---	Unassigned
806-7/8	N723AL	N982AK	90
1370-7/8	N265AK	---	Unassigned
94-7/8	N546AS	N523AS	330
376-7/8	N413AS	---	Unassigned
1202-7/8	N525AS	---	Unassigned
494-7/8	N478AS	---	Unassigned
278-7/8	N556AS	N556AS	0
398-7/8	N703AL	---	Unassigned
97-7/8	N705AL	N722AL	330
856-7/8	N570AS	---	Unassigned
382-7/8	N586AS	---	Unassigned
960-7/8	N917AK	N722AL	90
599-7/8	N594AS	N593AS	270
353-7/8	N538AS	---	Unassigned
1229-7/8	N553AS	N537AS	30
229-7/8	N551AS	---	Unassigned
1455-7/8	N268AK	N288AK	0
735-7/8	N274AK	N214AK	0
538-7/8	N956AK	---	Unassigned
78-7/8	N931AK	---	Unassigned
1295-7/8	N527AS	N552AS	0
372-7/8	N435AS	---	Unassigned
357-7/8	N248AK	N247AK	360
730-7/8	N973AK	---	Unassigned
632-7/8	N513AS	---	Unassigned
424-7/8	N440AS	---	Unassigned
1140-7/8	N536AS	---	Unassigned
1098-7/8	N292AK	---	Unassigned
1163-7/8	N520AS	---	Unassigned
1107-7/8	N725AL	---	Unassigned
1062-7/8	N459AS	---	Unassigned
564-7/8	N291BT	---	Unassigned
662-7/8	N224AK	N248AK	330
66003-7/8	N506AS	N531AS	300
472-7/8	N976AK	---	Unassigned
1131-7/8	N516AS	---	Unassigned
964-7/8	N954AK	N722AL	180
1397-7/8	N720AL	---	Unassigned
1048-7/8	N806AK	---	Unassigned
241-7/8	N237AK	---	Unassigned
1047-7/8	N272AK	N268AK	270
510-7/8	N710AL	N716AL	360
1093-7/8	N733AL	N962AK	300
50-7/8	N803AK	N801AK	0
1085-7/8	N537AS	---	Unassigned
1294-7/8	N612AS	N618AS	330
1031-7/8	N968AK	N938AK	330
805-7/8	N738AL	---	Unassigned
67001-7/8	N564AS	---	Unassigned
823-7/8	N947AK	---	Unassigned
143-7/8	N913AK	---	Unassigned
779-7/8	N933AK	N732AL	300
77-7/8	N615AS	N611AS	330
69001-7/8	N622AS	N619AS	330
1310-7/8	N958AK	---	Unassigned
550-7/8	N464AS	N464AS	30
386-7/8	N562AS	---	Unassigned
776-7/8	N275AK	N275AK	330
64002-7/8	N611AS	N619AS	150
409-7/8	N493AS	---	Unassigned
391-7/8	N593AS	N593AS	0
839-7/8	N517AS	---	Unassigned
513-7/8	N280AK	---	Unassigned
523-7/8	N924AK	N953AK	150
338-7/8	N977AK	---	Unassigned
1280-7/8	N948AK	N915AK	300
45-7/8	N592AS	---	Unassigned
478-7/8	N938AK	N732AL	60
N287AK_SEA-01:50/07:50	N287AK	N287AK	0
1104-7/8	N552AS	N552AS	300
1065-7/8	N309AS	---	Unassigned
84-7/8	N618AS	N613AS	30
939-7/8	N508AS	---	Unassigned
1028-7/8	N978AK	---	Unassigned
1087-7/8	N283AK	---	Unassigned
151-7/8	N514AS	N527AS	240
105-7/8	N288AK	---	Unassigned
155001-7/8	N549AS	N549AS	30
801-7/8	N519AS	---	Unassigned
525-7/8	N953AK	---	Unassigned
1199-7/8	N982AK	N713AL	180
1318-7/8	N955AK	---	Unassigned
1203-7/8	N565AS	N569AS	300
87-7/8	N613AS	N613AS	330
1052-7/8	N731AL	N975AK	240
1215-7/8	N934AK	---	Unassigned
1168-7/8	N469AS	N408AS	360
177-7/8	N531AS	N527AS	330
1139-7/8	N526AS	---	Unassigned
615-7/8	N277AK	N277AK	30
1042-7/8	N523AS	---	Unassigned
579-7/8	N990AK	N962AK	0
N546AS_SEA-02:35/05:35	N546AS	N546AS	0
205-7/8	N253AK	---	Unassigned
721-7/8	N609AS	---	Unassigned
1288-7/8	N587AS	N569AS	60
965-7/8	N917AK	N949AK	210
719-7/8	N812AK	N813AK	120
193-7/8	N579AS	---	Unassigned
403-7/8	N920AK	---	Unassigned
1158-7/8	N548AS	---	Unassigned
1327-7/8	N471AS	N467AS	240
N963AK_PDX-02:50/05:50	N963AK	N963AK	0
167-7/8	N442AS	N487AS	360
1194-7/8	N318AS	N307AS	360
136-7/8	N297AK	N298AK	90
1224-7/8	N729AL	---	Unassigned
827-7/8	N915AK	---	Unassigned
66002-7/8	N506AS	---	Unassigned
141-7/8	N296AK	---	Unassigned
1005-7/8	N966AK	---	Unassigned
780-7/8	N290AK	N268AK	360
1004-7/8	N281AK	N297AK	360
1156-7/8	N409AS	---	Unassigned
1321001-7/8	N596AS	N546AS	330
67003-7/8	N564AS	---	Unassigned
1289-7/8	N589AS	N556AS	60
1034-7/8	N954AK	N713AL	360
642-7/8	N949AK	N949AK	330
228-7/8	N569AS	N537AS	90
1050-7/8	N529AS	N523AS	330
1192-7/8	N974AK	N961AK	150
729-7/8	N912AK	N963AK	360
70-7/8	N457AS	N493AS	360
1110-7/8	N607AS	N614AS	150
922-7/8	N453AS	N481AS	270
133-7/8	N722AL	---	Unassigned
644-7/8	N716AL	---	Unassigned
1067-7/8	N961AK	N982AK	270
46-7/8	N592AS	---	Unassigned
1264-7/8	N960AK	N962AK	360
1292-7/8	N551AS	N579AS	360
272-7/8	N514AS	---	Unassigned
91-7/8	N809AK	N812AK	0
1055-7/8	N556AS	N579AS	120
444-7/8	N474AS	---	Unassigned
774-7/8	N525AS	N552AS	360
636-7/8	N733AL	N953AK	180
749-7/8	N983AK	---	Unassigned
622-7/8	N801AK	N801AK	0
282-7/8	N985AK	---	Unassigned
307-7/8	N969AK	---	Unassigned
69-7/8	N622AS	N619AS	330
1040-7/8	N917AK	N938AK	330
1291-7/8	N713AL	N732AL	330
1162-7/8	N804AK	N804AK	30
803-7/8	N712AL	N915AK	360
436-7/8	N224AK	---	Unassigned
736-7/8	N611AS	N614AS	360
728-7/8	N512AS	---	Unassigned
314-7/8	N967AK	---	Unassigned
67-7/8	N564AS	N531AS	210
547-7/8	N274AK	---	Unassigned
980-7/8	N402AS	N481AS	0
1152-7/8	N929AK	N975AK	330
380-7/8	N270AK	N292AK	300
545-7/8	N483AS	N483AS	0
1039-7/8	N273AK	N287AK	210
1230-7/8	N710AL	N716AL	360
315-7/8	N494AS	---	Unassigned
1201-7/8	N958AK	N961AK	270
1020-7/8	N292AK	---	Unassigned
197-7/8	N612AS	N618AS	330
919-7/8	N294AK	N284AK	30
36-7/8	N709AL	---	Unassigned
115-7/8	N403AS	N469AS	0
N214AK_SEA-05:07/11:07	N214AK	N214AK	0
138-7/8	N707AL	---	Unassigned
374-7/8	N955AK	---	Unassigned
344-7/8	N423AS	---	Unassigned
570-7/8	N973AK	N953AK	360
192-7/8	N705AL	N722AL	300
22-7/8	N481AS	---	Unassigned
455-7/8	N966AK	---	Unassigned
259-7/8	N508AS	---	Unassigned
161-7/8	N283AK	N214AK	330
924-7/8	N467AS	N247AK	360
959-7/8	N284AK	N277AK	90
1057-7/8	N963AK	---	Unassigned
185-7/8	N309AS	N318AS	0
360-7/8	N952AK	---	Unassigned
111-7/8	N956AK	---	Unassigned
119-7/8	N553AS	N556AS	330
498-7/8	N546AS	N546AS	330
394-7/8	N724AL	---	Unassigned
340-7/8	N471AS	---	Unassigned
70001-7/8	N457AS	---	Unassigned
490-7/8	N478AS	---	Unassigned
400-7/8	N932AK	---	Unassigned
367-7/8	N972AK	---	Unassigned
59-7/8	N931AK	---	Unassigned
423-7/8	N264AK	N464AS	60
328-7/8	N934AK	---	Unassigned
536-7/8	N982AK	---	Unassigned
427-7/8	N462AS	---	Unassigned
112-7/8	N238AK	N467AS	180
1227-7/8	N248AK	N481AS	300
464-7/8	N464AS	---	Unassigned
144-7/8	N913AK	N961AK	300
452-7/8	N487AS	---	Unassigned
N556AS_SEA-07:06/11:06	N556AS	N556AS	0
172-7/8	N288AK	N288AK	0
164-7/8	N592AS	---	Unassigned
542-7/8	N589AS	N593AS	90
109-7/8	N964AK	---	Unassigned
880-7/8	N530AS	---	Unassigned
810-7/8	N532AS	---	Unassigned
558-7/8	N538AS	---	Unassigned
168-7/8	N442AS	N487AS	330
148-7/8	N569AS	N531AS	150
828-7/8	N947AK	---	Unassigned
150-7/8	N705AL	---	Unassigned
814-7/8	N738AL	---	Unassigned
826-7/8	N517AS	---	Unassigned
110-7/8	N564AS	N537AS	30
1029-7/8	N978AK	---	Unassigned
54-7/8	N297AK	N298AK	0
302-7/8	N557AS	---	Unassigned
42-7/8	N309AS	N318AS	0
336-7/8	N267AK	---	Unassigned
156-7/8	N403AS	N469AS	0
377-7/8	N975AK	---	Unassigned
546-7/8	N483AS	N483AS	0
351-7/8	N486AS	---	Unassigned
446-7/8	N474AS	---	Unassigned
381-7/8	N270AK	N292AK	240
316-7/8	N494AS	---	Unassigned
1021-7/8	N935AK	---	Unassigned
573-7/8	N963AK	---	Unassigned
548-7/8	N274AK	---	Unassigned
627-7/8	N472AS	---	Unassigned
942-7/8	N413AS	---	Unassigned
21-7/8	N928AK	---	Unassigned
453-7/8	N703AL	---	Unassigned
361-7/8	N977AK	---	Unassigned
299-7/8	N431AS	---	Unassigned
459-7/8	N224AK	---	Unassigned
395-7/8	N292AK	---	Unassigned
242-7/8	N237AK	---	Unassigned
308-7/8	N969AK	---	Unassigned
920-7/8	N294AK	N284AK	0
387-7/8	N562AS	---	Unassigned
473-7/8	N976AK	---	Unassigned
563-7/8	N291BT	---	Unassigned
349-7/8	N423AS	---	Unassigned
289-7/8	N967AK	---	Unassigned
383-7/8	N932AK	---	Unassigned
495-7/8	N264AK	N464AS	60
643-7/8	N949AK	N949AK	30
1-7/8	N813AK	N806AK	0
413-7/8	N934AK	---	Unassigned
341-7/8	N471AS	---	Unassigned
458-7/8	N966AK	---	Unassigned
451-7/8	N478AS	---	Unassigned
595-7/8	N248AK	---	Unassigned
737-7/8	N954AK	N713AL	0
303-7/8	N589AS	N593AS	90
541-7/8	N265AK	---	Unassigned
260-7/8	N508AS	---	Unassigned
428-7/8	N462AS	---	Unassigned
15-7/8	N577AS	---	Unassigned
943-7/8	N467AS	N247AK	60
799-7/8	N716AL	---	Unassigned
188-7/8	N913AK	N722AL	0
701-7/8	N512AS	---	Unassigned
132-7/8	N283AK	N214AK	30
186-7/8	N622AS	N611AS	0
375-7/8	N972AK	---	Unassigned
1109-7/8	N560AS	---	Unassigned
173-7/8	N731AL	---	Unassigned
491-7/8	N983AK	---	Unassigned
1091-7/8	N732AL	N938AK	30
966-7/8	N273AK	N277AK	0
433-7/8	N952AK	---	Unassigned
981-7/8	N535AS	N523AS	0
373-7/8	N955AK	---	Unassigned
683-7/8	N707AL	---	Unassigned
408-7/8	N958AK	---	Unassigned
1316-7/8	N448AS	---	Unassigned
593-7/8	N553AS	N556AS	180
499-7/8	N433AS	N408AS	270
1265-7/8	N960AK	N963AK	300
1217-7/8	N318AS	N307AS	0
30-7/8	N236AK	---	Unassigned
68-7/8	N931AK	---	Unassigned
537-7/8	N982AK	---	Unassigned
533-7/8	N464AS	---	Unassigned
298-7/8	N431AS	---	Unassigned
623-7/8	N801AK	N801AK	0
1325-7/8	N548AS	---	Unassigned
55-7/8	N613AS	N613AS	0
210-7/8	N238AK	N467AS	30
5-7/8	N590AS	---	Unassigned
1130-7/8	N961AK	N982AK	0
393-7/8	N275AK	N275AK	0
831-7/8	N720AL	---	Unassigned
1151-7/8	N929AK	N975AK	0
1239-7/8	N495AS	N248AK	0
399-7/8	N487AS	---	Unassigned
65003-7/8	N607AS	N614AS	180
859-7/8	N570AS	---	Unassigned
281-7/8	N586AS	---	Unassigned
1124-7/8	N946AK	N732AL	0
963-7/8	N284AK	N287AK	0
368-7/8	N285AK	---	Unassigned
1082-7/8	N564AS	N569AS	0
284-7/8	N713AL	---	Unassigned
618-7/8	N290AK	N268AK	0
358-7/8	N953AK	---	Unassigned
931-7/8	N611AS	N614AS	0
511-7/8	N513AS	---	Unassigned
504-7/8	N551AS	N579AS	0
1076-7/8	N516AS	---	Unassigned
789-7/8	N529AS	---	Unassigned
61002-7/8	N614AS	N611AS	150
1136001-7/8	N408AS	---	Unassigned
1258-7/8	N297AK	N298AK	0
35-7/8	N709AL	---	Unassigned
1101-7/8	N537AS	---	Unassigned
784-7/8	N912AK	---	Unassigned
24-7/8	N409AS	---	Unassigned
73001-7/8	N457AS	---	Unassigned
1226-7/8	N525AS	N537AS	0
1043-7/8	N536AS	N569AS	180
82-7/8	N618AS	---	Unassigned
1298-7/8	N546AS	N546AS	0
1041-7/8	N459AS	---	Unassigned
974-7/8	N962AK	N962AK	0
85-7/8	N442AS	---	Unassigned
512-7/8	N402AS	---	Unassigned
1181-7/8	N587AS	N552AS	240
917-7/8	N724AL	---	Unassigned
365-7/8	N440AS	---	Unassigned
745-7/8	N592AS	---	Unassigned
324-7/8	N933AK	---	Unassigned
1193-7/8	N247AK	---	Unassigned
526-7/8	N725AL	N915AK	0
645-7/8	N288AK	N288AK	0
1089-7/8	N593AS	---	Unassigned
1154-7/8	N804AK	N804AK	0
1148-7/8	N569AS	N552AS	0
1063-7/8	N469AS	N408AS	0
249-7/8	N492AS	---	Unassigned
912-7/8	N280AK	---	Unassigned
18-7/8	N477AS	---	Unassigned
1074-7/8	N942AK	N963AK	0
139-7/8	N434AS	---	Unassigned
248-7/8	N956AK	---	Unassigned
1228-7/8	N435AS	N481AS	150
62-7/8	N579AS	N527AS	150
292-7/8	N527AS	---	Unassigned
606-7/8	N609AS	---	Unassigned
516-7/8	N282AK	---	Unassigned
867-7/8	N557AS	---	Unassigned
329-7/8	N964AK	---	Unassigned
10-7/8	N538AS	---	Unassigned
196-7/8	N531AS	N527AS	0
648-7/8	N298AK	N277AK	0
1179-7/8	N805AK	---	Unassigned
79-7/8	N277AK	N268AK	210
1290001-7/8	N453AS	N469AS	0
1410-7/8	N260AK	---	Unassigned
1306-7/8	N309AS	N309AS	0
479-7/8	N733AL	N915AK	330
366001-7/8	N596AS	---	Unassigned
1149-7/8	N552AS	---	Unassigned
890-7/8	N979AK	---	Unassigned
555001-7/8	N924AK	N713AL	0
26-7/8	N283AK	---	Unassigned
682001-7/8	N433AS	N247AK	60
142-7/8	N253AK	N493AS	0
916-7/8	N954AK	---	Unassigned
825-7/8	N926AK	---	Unassigned
233-7/8	N723AL	---	Unassigned
231-7/8	N612AS	N618AS	0
1166-7/8	N214AK	N214AK	30
405001-7/8	N272AK	N297AK	210
1255-7/8	N710AL	N716AL	0
60-7/8	N615AS	N619AS	0
1071-7/8	N597AS	---	Unassigned
47-7/8	N549AS	N549AS	0
90-7/8	N809AK	N812AK	0
414-7/8	N273AK	N292AK	330
1169-7/8	N719AL	N953AK	0
214-7/8	N734AL	---	Unassigned
165-7/8	N520AS	---	Unassigned
306-7/8	N403AS	---	Unassigned
305001-7/8	N738AL	---	Unassigned
1254-7/8	N556AS	N531AS	0
227-7/8	N481AS	---	Unassigned
613-7/8	N938AK	N938AK	360
560-7/8	N588AS	---	Unassigned
313001-7/8	N287AK	---	Unassigned
388-7/8	N706AL	---	Unassigned
4-7/8	N532AS	---	Unassigned
73-7/8	N457AS	---	Unassigned
390-7/8	N978AK	---	Unassigned
402-7/8	N468AS	---	Unassigned
718-7/8	N973AK	N915AK	90
572001-7/8	N565AS	---	Unassigned
270-7/8	N917AK	---	Unassigned
294-7/8	N419AS	---	Unassigned
1190-7/8	N514AS	N579AS	120
83-7/8	N467AS	---	Unassigned
320-7/8	N517AS	---	Unassigned
1268-7/8	N903AK	---	Unassigned
57-7/8	N722AL	N961AK	30
502-7/8	N949AK	---	Unassigned
578-7/8	N806AK	N809AK	0
113-7/8	N936AK	---	Unassigned
312001-7/8	N284AK	N214AK	360
418001-7/8	N535AS	---	Unassigned
55001-7/8	N613AS	N613AS	0
1113-7/8	N479AS	N487AS	330
406001-7/8	N291BT	---	Unassigned
568-7/8	N413AS	---	Unassigned
899-7/8	N518AS	---	Unassigned
727-7/8	N483AS	---	Unassigned
326-7/8	N703AL	---	Unassigned
48001-7/8	N947AK	---	Unassigned
442-7/8	N270AK	N288AK	330
8-7/8	N566AS	---	Unassigned
215-7/8	N281AK	N297AK	0
65001-7/8	N607AS	N614AS	210
1051-7/8	N622AS	---	Unassigned
149-7/8	N536AS	N537AS	210
426-7/8	N512AS	---	Unassigned
798-7/8	N918AK	---	Unassigned
101-7/8	N960AK	N961AK	330
1007-7/8	N976AK	N949AK	0
72-7/8	N611AS	---	Unassigned
137-7/8	N803AK	N803AK	0
174-7/8	N562AS	N523AS	0
1108-7/8	N264AK	---	Unassigned
60001-7/8	N615AS	N619AS	0
23-7/8	N708AL	---	Unassigned
1259-7/8	N280AK	N298AK	60
875-7/8	N530AS	---	Unassigned
731-7/8	N491AS	---	Unassigned
1311001-7/8	N525AS	N537AS	0
232-7/8	N612AS	N618AS	0
1133-7/8	N494AS	N483AS	0
378-7/8	N237AK	---	Unassigned
198-7/8	N268AK	N268AK	360
N288AK_SEA-17:09/22:09	N288AK	N288AK	0
450001-7/8	N716AL	---	Unassigned
477-7/8	N963AK	---	Unassigned
508001-7/8	N248AK	---	Unassigned
629-7/8	N537AS	---	Unassigned
505-7/8	N975AK	N722AL	0
61001-7/8	N614AS	N611AS	150
535001-7/8	N274AK	N287AK	0
522001-7/8	N929AK	---	Unassigned
62001-7/8	N579AS	N527AS	150
1256-7/8	N548AS	---	Unassigned
1277-7/8	N546AS	N546AS	0
887-7/8	N732AL	---	Unassigned
480001-7/8	N977AK	N975AK	0
829-7/8	N935AK	---	Unassigned
863-7/8	N593AS	N556AS	180
1084-7/8	N587AS	N593AS	90
1420-7/8	N267AK	---	Unassigned
1143-7/8	N712AL	N962AK	30
128-7/8	N589AS	N552AS	210
1161-7/8	N469AS	---	Unassigned
807-7/8	N812AK	N812AK	300
1136-7/8	N408AS	---	Unassigned
160-7/8	N531AS	---	Unassigned
300-7/8	N962AK	---	Unassigned
216001-7/8	N474AS	---	Unassigned
738-7/8	N921AK	N938AK	0
385-7/8	N275AK	N275AK	0
1296-7/8	N934AK	N732AL	0
775-7/8	N553AS	---	Unassigned
500001-7/8	N913AK	---	Unassigned
637-7/8	N495AS	N248AK	0
1278-7/8	N431AS	N493AS	60
322-7/8	N297AK	---	Unassigned
1073-7/8	N961AK	N982AK	0
757-7/8	N265AK	---	Unassigned
429001-7/8	N551AS	---	Unassigned
121-7/8	N946AK	N982AK	210
49-7/8	N928AK	N963AK	270
725-7/8	N260AK	---	Unassigned
818-7/8	N459AS	---	Unassigned
739-7/8	N564AS	N552AS	330
862-7/8	N941AK	---	Unassigned
824-7/8	N915AK	---	Unassigned
822-7/8	N519AS	---	Unassigned
543-7/8	N983AK	---	Unassigned
1240-7/8	N971AK	---	Unassigned
891-7/8	N958AK	---	Unassigned
474-7/8	N942AK	---	Unassigned
234-7/8	N722AL	N961AK	0
412001-7/8	N486AS	---	Unassigned
34-7/8	N932AK	---	Unassigned
1299-7/8	N569AS	---	Unassigned
434-7/8	N938AK	---	Unassigned
65004-7/8	N607AS	N614AS	240
104001-7/8	N731AL	---	Unassigned
63-7/8	N290AK	N298AK	240
934001-7/8	N247AK	N247AK	330
1010-7/8	N253AK	N464AS	0
1017-7/8	N238AK	N248AK	210
1174-7/8	N552AS	---	Unassigned
108-7/8	N457AS	---	Unassigned
904-7/8	N472AS	N469AS	210
1075-7/8	N214AK	N214AK	30
1467-7/8	N973AK	---	Unassigned
392-7/8	N513AS	---	Unassigned
908-7/8	N592AS	N546AS	150
1290-7/8	N453AS	N469AS	0
1112-7/8	N478AS	N487AS	0
1328-7/8	N618AS	N619AS	90
154001-7/8	N804AK	N812AK	0
503-7/8	N402AS	---	Unassigned
932-7/8	N281AK	N284AK	0
733-7/8	N292AK	N277AK	270
900-7/8	N813AK	N813AK	0
1096-7/8	N423AS	---	Unassigned
71-7/8	N710AL	N716AL	0
722-7/8	N719AL	---	Unassigned
438-7/8	N224AK	---	Unassigned
682-7/8	N433AS	N247AK	60
64-7/8	N613AS	N613AS	0
603-7/8	N609AS	---	Unassigned
598-7/8	N966AK	---	Unassigned
1305-7/8	N309AS	N309AS	0
817-7/8	N733AL	---	Unassigned
62003-7/8	N579AS	N527AS	150
43-7/8	N612AS	N618AS	0
1111-7/8	N556AS	N531AS	0
658-7/8	N462AS	N467AS	0
1144-7/8	N805AK	N804AK	0
1118-7/8	N526AS	N569AS	60
106001-7/8	N972AK	---	Unassigned
1216-7/8	N440AS	N408AS	60
1314-7/8	N974AK	---	Unassigned
835-7/8	N969AK	N938AK	300
325-7/8	N933AK	---	Unassigned
843-7/8	N809AK	N806AK	0
641-7/8	N298AK	N277AK	0
61003-7/8	N614AS	N611AS	150
1114-7/8	N707AL	N953AK	0
1137-7/8	N577AS	---	Unassigned
352-7/8	N956AK	---	Unassigned
137001-7/8	N803AK	N803AK	0
555-7/8	N924AK	N713AL	30
65002-7/8	N607AS	N614AS	270
330-7/8	N806AK	N809AK	0
1018-7/8	N597AS	N531AS	180
494001-7/8	N479AS	---	Unassigned
864-7/8	N593AS	N556AS	180
100-7/8	N277AK	---	Unassigned
14-7/8	N508AS	---	Unassigned
740-7/8	N514AS	N579AS	120
405-7/8	N272AK	N297AK	210
291-7/8	N487AS	---	Unassigned
475-7/8	N912AK	---	Unassigned
1150001-7/8	N294AK	N287AK	330
366-7/8	N596AS	---	Unassigned
697001-7/8	N464AS	N464AS	210
102-7/8	N960AK	---	Unassigned
175-7/8	N549AS	N549AS	0
1281-7/8	N494AS	N483AS	30
280-7/8	N985AK	---	Unassigned
25-7/8	N236AK	---	Unassigned
407-7/8	N979AK	---	Unassigned
620001-7/8	N525AS	---	Unassigned
312-7/8	N284AK	N214AK	360
140-7/8	N457AS	---	Unassigned
415-7/8	N273AK	N292AK	330
1038-7/8	N622AS	---	Unassigned
74-7/8	N611AS	N614AS	330
1011-7/8	N253AK	N464AS	30
20-7/8	N589AS	---	Unassigned
388001-7/8	N706AL	---	Unassigned
304-7/8	N953AK	---	Unassigned
1016-7/8	N238AK	---	Unassigned
266-7/8	N931AK	---	Unassigned
934-7/8	N247AK	N247AK	330
808-7/8	N529AS	---	Unassigned
909-7/8	N592AS	N546AS	150
1061-7/8	N564AS	N552AS	330
6-7/8	N590AS	---	Unassigned
418-7/8	N535AS	---	Unassigned
297-7/8	N713AL	---	Unassigned
1132-7/8	N435AS	N483AS	180
357001-7/8	N586AS	---	Unassigned
700-7/8	N918AK	---	Unassigned
229001-7/8	N982AK	N949AK	270
154-7/8	N804AK	N812AK	0
114-7/8	N409AS	---	Unassigned
419-7/8	N285AK	---	Unassigned
549-7/8	N964AK	N915AK	210
162-7/8	N467AS	---	Unassigned
95-7/8	N615AS	N619AS	330
31-7/8	N477AS	---	Unassigned
410-7/8	N724AL	---	Unassigned
1097-7/8	N264AK	---	Unassigned
313-7/8	N287AK	---	Unassigned
840-7/8	N570AS	---	Unassigned
62002-7/8	N579AS	N527AS	150
1159-7/8	N587AS	---	Unassigned
432-7/8	N709AL	---	Unassigned
898-7/8	N720AL	---	Unassigned
1006-7/8	N976AK	N949AK	0
2-7/8	N537AS	---	Unassigned
534-7/8	N955AK	---	Unassigned
61-7/8	N614AS	N611AS	150
732-7/8	N491AS	---	Unassigned
905-7/8	N472AS	N469AS	210
3-7/8	N538AS	---	Unassigned
535-7/8	N274AK	N287AK	0
676-7/8	N265AK	---	Unassigned
1315-7/8	N712AL	N722AL	0
1198-7/8	N947AK	N953AK	300
1319-7/8	N492AS	---	Unassigned
65-7/8	N607AS	---	Unassigned
122-7/8	N946AK	N982AK	210
1300-7/8	N280AK	---	Unassigned
1083-7/8	N975AK	N962AK	30
582-7/8	N548AS	---	Unassigned
773-7/8	N546AS	---	Unassigned
518-7/8	N949AK	---	Unassigned
44-7/8	N612AS	N618AS	0
756-7/8	N921AK	N722AL	360
1297-7/8	N934AK	N732AL	0
1238-7/8	N469AS	---	Unassigned
1269-7/8	N903AK	---	Unassigned
64001-7/8	N613AS	N613AS	0
1242001-7/8	N431AS	N493AS	60
507-7/8	N734AL	---	Unassigned
66-7/8	N536AS	N537AS	210
19-7/8	N283AK	---	Unassigned
778-7/8	N961AK	N722AL	150
462-7/8	N527AS	---	Unassigned
836-7/8	N408AS	N248AK	120
946-7/8	N971AK	N732AL	210
601-7/8	N813AK	N813AK	0
92-7/8	N974AK	---	Unassigned
1235-7/8	N569AS	N556AS	180
103-7/8	N562AS	N523AS	0
16-7/8	N968AK	---	Unassigned
1247-7/8	N618AS	N619AS	90
734-7/8	N292AK	N277AK	270
58-7/8	N290AK	N298AK	240
290-7/8	N723AL	---	Unassigned
9-7/8	N532AS	---	Unassigned
396-7/8	N275AK	N275AK	0
1225-7/8	N478AS	N248AK	270
389-7/8	N403AS	---	Unassigned
646-7/8	N512AS	---	Unassigned
1204-7/8	N268AK	N268AK	360
1287-7/8	N969AK	---	Unassigned
1160-7/8	N973AK	N982AK	360
301-7/8	N954AK	---	Unassigned
480-7/8	N977AK	N975AK	0
894-7/8	N557AS	---	Unassigned
517-7/8	N282AK	---	Unassigned
569-7/8	N413AS	---	Unassigned
89-7/8	N619AS	N611AS	210
1100-7/8	N593AS	N531AS	330
1358-7/8	N440AS	N408AS	60
131-7/8	N495AS	---	Unassigned
947-7/8	N597AS	N531AS	180
572-7/8	N565AS	---	Unassigned
1191-7/8	N552AS	N593AS	30
485-7/8	N468AS	---	Unassigned
929-7/8	N514AS	N579AS	120
1046-7/8	N251AK	---	Unassigned
868-7/8	N588AS	---	Unassigned
1147-7/8	N581AS	---	Unassigned
783-7/8	N483AS	---	Unassigned
406-7/8	N291BT	---	Unassigned
397-7/8	N517AS	---	Unassigned
697-7/8	N464AS	N464AS	210
509-7/8	N253AK	N247AK	360
176-7/8	N710AL	N716AL	0
1279-7/8	N428AS	---	Unassigned
305-7/8	N738AL	---	Unassigned
226-7/8	N801AK	N801AK	0
860-7/8	N926AK	---	Unassigned
1175-7/8	N707AL	N953AK	30
293-7/8	N419AS	---	Unassigned
1086-7/8	N453AS	---	Unassigned
51-7/8	N803AK	N803AK	0
450-7/8	N716AL	---	Unassigned
933-7/8	N281AK	N284AK	0
819-7/8	N978AK	---	Unassigned
67002-7/8	N592AS	N546AS	150
1135-7/8	N423AS	---	Unassigned
508-7/8	N248AK	---	Unassigned
1257-7/8	N531AS	---	Unassigned
634-7/8	N462AS	N467AS	0
600-7/8	N407AS	N481AS	0
460-7/8	N960AK	---	Unassigned
522-7/8	N929AK	---	Unassigned
975-7/8	N719AL	---	Unassigned
571-7/8	N481AS	N483AS	240
1052001-7/8	N958AK	---	Unassigned
1030-7/8	N556AS	---	Unassigned
500-7/8	N913AK	---	Unassigned
1421-7/8	N267AK	---	Unassigned
56-7/8	N434AS	---	Unassigned
64003-7/8	N613AS	N613AS	0
443-7/8	N270AK	N288AK	330
17-7/8	N936AK	---	Unassigned
420-7/8	N731AL	---	Unassigned
216-7/8	N474AS	---	Unassigned
337001-7/8	N551AS	---	Unassigned
271-7/8	N917AK	---	Unassigned
326001-7/8	N703AL	---	Unassigned
7-7/8	N566AS	---	Unassigned
99-7/8	N609AS	---	Unassigned
744-7/8	N494AS	---	Unassigned
348-7/8	N238AK	---	Unassigned
1396-7/8	N260AK	---	Unassigned
1119-7/8	N526AS	N569AS	30
962-7/8	N309AS	N309AS	0
1138-7/8	N804AK	N813AK	90
1167-7/8	N805AK	N804AK	0
181-7/8	N553AS	N523AS	30
445-7/8	N433AS	N248AK	360
492-7/8	N983AK	---	Unassigned
379-7/8	N237AK	---	Unassigned
66001-7/8	N536AS	N537AS	210
1150-7/8	N294AK	N287AK	330
201-7/8	N928AK	N963AK	240
317-7/8	N513AS	---	Unassigned
1042001-7/8	N577AS	N527AS	180
1092-7/8	N298AK	---	Unassigned
561-7/8	N518AS	---	Unassigned
941-7/8	N288AK	---	Unassigned
287-7/8	N963AK	---	Unassigned
334-7/8	N942AK	---	Unassigned
155-7/8	N612AS	N611AS	330
151001-7/8	N619AS	N618AS	0
412-7/8	N486AS	---	Unassigned
590-7/8	N247AK	N464AS	300
1019-7/8	N971AK	N732AL	240
591-7/8	N435AS	N467AS	90
86-7/8	N607AS	N618AS	270
720-7/8	N611AS	N613AS	270
1125-7/8	N563AS	---	Unassigned
88-7/8	N619AS	N611AS	210
620-7/8	N525AS	N556AS	270
106-7/8	N972AK	---	Unassigned
435-7/8	N297AK	---	Unassigned
1146-7/8	N622AS	---	Unassigned
688-7/8	N402AS	---	Unassigned
157-7/9	N615AS	N619AS	330
1214-7/9	N472AS	N467AS	240
1321-7/9	N564AS	N593AS	120
64004-7/9	N613AS	N613AS	0
439-7/9	N224AK	---	Unassigned
369-7/9	N962AK	---	Unassigned
225-7/9	N708AL	---	Unassigned
1468-7/9	N924AK	---	Unassigned
1301-7/9	N493AS	N493AS	330
844-7/9	N530AS	---	Unassigned
821-7/9	N560AS	---	Unassigned
597-7/9	N966AK	---	Unassigned
355-7/9	N459AS	---	Unassigned
213-7/9	N938AK	---	Unassigned
269-7/9	N408AS	---	Unassigned
611-7/9	N918AK	N713AL	300
41-7/9	N932AK	---	Unassigned
1122-7/9	N469AS	N481AS	330
134-7/9	N442AS	N487AS	330
339-7/9	N956AK	---	Unassigned
1176-7/9	N587AS	---	Unassigned
291001-7/9	N487AS	---	Unassigned
896-7/9	N732AL	---	Unassigned
806-7/9	N935AK	---	Unassigned
1202-7/9	N813AK	N801AK	150
1370-7/9	N921AK	---	Unassigned
376-7/9	N933AK	---	Unassigned
94-7/9	N974AK	N961AK	30
494-7/9	N479AS	---	Unassigned
398-7/9	N941AK	---	Unassigned
788-7/9	N812AK	N812AK	270
97-7/9	N618AS	N614AS	270
278-7/9	N712AL	N722AL	330
960-7/9	N277AK	N284AK	120
382-7/9	N290AK	N297AK	180
599-7/9	N961AK	N962AK	300
353-7/9	N597AS	---	Unassigned
1229-7/9	N546AS	N569AS	330
1455-7/9	N934AK	---	Unassigned
229-7/9	N982AK	N949AK	300
735-7/9	N947AK	---	Unassigned
538-7/9	N272AK	---	Unassigned
1295-7/9	N514AS	---	Unassigned
78-7/9	N478AS	N487AS	0
372-7/9	N214AK	---	Unassigned
357-7/9	N586AS	---	Unassigned
1163-7/9	N548AS	---	Unassigned
1048001-7/9	N440AS	---	Unassigned
730-7/9	N292AK	N292AK	360
632-7/9	N919AK	N713AL	0
1098-7/9	N431AS	N408AS	60
424-7/9	N457AS	---	Unassigned
1140-7/9	N265AK	---	Unassigned
1062-7/9	N946AK	N938AK	120
1107-7/9	N969AK	N938AK	330
66003-7/9	N536AS	N537AS	210
662-7/9	N491AS	---	Unassigned
564-7/9	N467AS	---	Unassigned
1131-7/9	N569AS	---	Unassigned
472-7/9	N976AK	---	Unassigned
1397-7/9	N280AK	N273AK	0
964-7/9	N309AS	N309AS	0
241-7/9	N274AK	---	Unassigned
1047-7/9	N251AK	N467AS	360
510-7/9	N253AK	N247AK	360
182001-7/9	N553AS	N523AS	30
50-7/9	N803AK	N803AK	0
1093-7/9	N973AK	N982AK	360
1085-7/9	N593AS	N579AS	300
1294-7/9	N268AK	N268AK	360
805-7/9	N719AL	---	Unassigned
67001-7/9	N592AS	N546AS	150
1031-7/9	N556AS	---	Unassigned
823-7/9	N464AS	---	Unassigned
779-7/9	N481AS	N481AS	60
69001-7/9	N273AK	N277AK	240
77-7/9	N615AS	N619AS	330
550-7/9	N964AK	N915AK	210
1310-7/9	N284AK	N284AK	330
386-7/9	N710AL	---	Unassigned
64002-7/9	N613AS	N613AS	0
409-7/9	N724AL	---	Unassigned
391-7/9	N275AK	N275AK	0
513-7/9	N955AK	---	Unassigned
839-7/9	N535AS	---	Unassigned
523-7/9	N433AS	N248AK	360
338-7/9	N264AK	---	Unassigned
45-7/9	N562AS	N523AS	120
1280-7/9	N428AS	N469AS	180
1104-7/9	N552AS	N569AS	60
478-7/9	N975AK	N962AK	0
84-7/9	N928AK	N963AK	270
939-7/9	N581AS	---	Unassigned
1054-7/9	N423AS	N493AS	0
1087-7/9	N453AS	---	Unassigned
1028-7/9	N912AK	---	Unassigned
801-7/9	N579AS	---	Unassigned
1318001-7/9	N706AL	N716AL	0
155001-7/9	N612AS	N611AS	330
151-7/9	N619AS	N618AS	0
1199-7/9	N952AK	N953AK	240
525-7/9	N931AK	---	Unassigned
1203-7/9	N531AS	N531AS	270
87-7/9	N607AS	N618AS	300
1052-7/9	N958AK	N961AK	300
1168-7/9	N971AK	N961AK	90
1215-7/9	N448AS	N469AS	360
1139-7/9	N804AK	N813AK	90
177-7/9	N549AS	N549AS	0
579-7/9	N805AK	N804AK	0
1042-7/9	N577AS	N527AS	180
205-7/9	N309AS	N318AS	0
721-7/9	N611AS	N613AS	270
1288-7/9	N519AS	---	Unassigned
719-7/9	N563AS	---	Unassigned
965-7/9	N277AK	N284AK	120
193-7/9	N293AK	N298AK	360
403-7/9	N407AS	N483AS	180
1158-7/9	N512AS	N579AS	0
1327-7/9	N949AK	N716AL	150
167-7/9	N984AK	---	Unassigned
1194-7/9	N285AK	N287AK	330
136-7/9	N801AK	N813AK	270
827-7/9	N495AS	---	Unassigned
66002-7/9	N536AS	N546AS	270
1224-7/9	N294AK	N298AK	120
141-7/9	N494AS	---	Unassigned
1005-7/9	N236AK	N408AS	180
780-7/9	N281AK	---	Unassigned
1156-7/9	N979AK	N975AK	0
1004-7/9	N435AS	N469AS	0
1321001-7/9	N564AS	N593AS	120
67003-7/9	N592AS	N546AS	150
1034-7/9	N974AK	---	Unassigned
642-7/9	N985AK	---	Unassigned
268-7/9	N553AS	---	Unassigned
228-7/9	N434AS	---	Unassigned
729-7/9	N713AL	N975AK	210
70-7/9	N609AS	N611AS	360
1110-7/9	N622AS	---	Unassigned
922-7/9	N247AK	N464AS	240
133-7/9	N525AS	---	Unassigned
644-7/9	N961AK	---	Unassigned
46-7/9	N562AS	N523AS	120
1067-7/9	N469AS	---	Unassigned
1264-7/9	N570AS	N552AS	90
444-7/9	N493AS	N493AS	330
91-7/9	N529AS	---	Unassigned
774-7/9	N813AK	N801AK	150
622-7/9	N803AK	N803AK	0
282-7/9	N924AK	N722AL	300
307-7/9	N419AS	---	Unassigned
69-7/9	N273AK	N277AK	240
1040-7/9	N973AK	---	Unassigned
1162-7/9	N569AS	N556AS	360
436-7/9	N720AL	N938AK	300
547-7/9	N433AS	N467AS	330
980-7/9	N972AK	---	Unassigned
67-7/9	N592AS	N537AS	120
728-7/9	N593AS	---	Unassigned
197001-7/9	N588AS	N579AS	300
314-7/9	N707AL	---	Unassigned
736-7/9	N613AS	N613AS	360
1152-7/9	N594AS	N531AS	360
545-7/9	N253AK	N247AK	360
315-7/9	N277AK	---	Unassigned
1039-7/9	N913AK	N949AK	360
380-7/9	N468AS	N248AK	330
1230-7/9	N556AS	---	Unassigned
1020-7/9	N431AS	N481AS	300
919-7/9	N918AK	---	Unassigned
36-7/9	N734AL	---	Unassigned
115-7/9	N947AK	N982AK	360
138-7/9	N708AL	---	Unassigned
374-7/9	N706AL	---	Unassigned
344-7/9	N527AS	N527AS	240
192-7/9	N618AS	N614AS	270
22-7/9	N282AK	N214AK	60
455-7/9	N236AK	N408AS	180
259-7/9	N581AS	N552AS	210
161-7/9	N251AK	N487AS	300
924-7/9	N287AK	N288AK	360
959-7/9	N563AS	N569AS	240
1057-7/9	N723AL	N975AK	300
185-7/9	N453AS	N469AS	360
360-7/9	N477AS	---	Unassigned
119-7/9	N224AK	N464AS	300
498-7/9	N586AS	N556AS	150
394-7/9	N716AL	N716AL	150
340-7/9	N956AK	---	Unassigned
70001-7/9	N609AS	N611AS	360
490-7/9	N926AK	---	Unassigned
400-7/9	N487AS	N483AS	210
367-7/9	N978AK	N732AL	0
59-7/9	N562AS	N537AS	180
423-7/9	N958AK	N915AK	240
536-7/9	N506AS	N593AS	90
328-7/9	N942AK	N961AK	240
427-7/9	N953AK	N953AK	210
112-7/9	N949AK	N713AL	180
144-7/9	N564AS	N546AS	240
452-7/9	N964AK	---	Unassigned
1227-7/9	N724AL	N962AK	180
464-7/9	N920AK	---	Unassigned
172-7/9	N296AK	---	Unassigned
164-7/9	N928AK	N963AK	120
109-7/9	N592AS	N523AS	60
880-7/9	N809AK	N806AK	0
810-7/9	N560AS	---	Unassigned
558-7/9	N733AL	---	Unassigned
828-7/9	N464AS	---	Unassigned
814-7/9	N719AL	---	Unassigned
826-7/9	N535AS	---	Unassigned
1029-7/9	N912AK	---	Unassigned
