===== Copy Generation Summary =====
#Iter       TotalGen  ind(reg)  mul(reg)  ind(csc)  mul(csc) TotalUsed  ind(reg)  mul(reg)  ind(csc)  mul(csc)            obj
    1            458       345        15        98         0       216       193         7        16         0       1.19e+09
    2            446       386         0        60         0       210       198         0        12         0      1.068e+09
    3            446       367         0        79         0       229       211         0        18         0      6.761e+08
    4            446       382         0        64         0       250       230         0        20         0      5.205e+08
    5            446       370         0        76         0       228       203         0        25         0       4.73e+08
    6            446       379         0        67         0       210       188         0        22         0      4.418e+08
    7            446       369         0        77         0       242       214         0        28         0      4.058e+08
    8            445       356         0        89         0       255       204         0        51         0      3.755e+08
    9            446       420         0        26         0       241       229         0        12         0      3.517e+08
   10            444       388         0        56         0       245       221         0        24         0      3.319e+08
   11            448       388         4        56         0       236       218         3        15         0      3.084e+08
   12            447       395         3        49         0       261       247         0        14         0      2.813e+08
   13            443       401         0        42         0       252       230         0        22         0       2.64e+08
   14            439       416         0        23         0       247       236         0        11         0      2.501e+08
   15            440       331         5       104         0       246       187         2        57         0      2.351e+08
   16            443       377         7        59         0       252       220         6        26         0      2.184e+08
   17            430       368         0        62         0       222       183         0        39         0      2.006e+08
   18            433       398         0        35         0       262       250         0        12         0      1.868e+08
   19            432       379         3        50         0       247       235         0        12         0      1.754e+08
   20            431       337         1        93         0       231       191         0        40         0      1.672e+08
   21            430       360         0        70         0       233       205         0        28         0      1.568e+08
   22            436       394         2        40         0       228       203         2        23         0       1.48e+08
   23            424       378         0        46         0       267       247         0        20         0      1.422e+08
   24            425       378         0        47         0       221       207         0        14         0      1.353e+08
   25            433       365         3        65         0       235       207         2        26         0      1.276e+08
   26            430       399         3        28         0       274       252         3        19         0      1.234e+08
   27            425       370         0        55         0       270       232         0        38         0      1.191e+08
   28            427       415         0        12         0       269       267         0         2         0      1.152e+08
   29            424       401         0        23         0       260       252         0         8         0      1.119e+08
   30            427       413         0        14         0       230       224         0         6         0      1.097e+08
   31            426       413         0        13         0       256       253         0         3         0      1.056e+08
   32            424       393         0        31         0       227       220         0         7         0      1.027e+08
   33            425       410         0        15         0       254       253         0         1         0      1.008e+08
   34            425       377         0        48         0       239       227         0        12         0      9.882e+07
   35            425       398         0        27         0       224       218         0         6         0      9.631e+07
   36            427       381         0        46         0       251       230         0        21         0      9.424e+07
   37            425       399         0        26         0       255       248         0         7         0      9.183e+07
   38            425       398         0        27         0       249       235         0        14         0      9.091e+07
   39            424       398         0        26         0       202       200         0         2         0        8.9e+07
   40            426       404         0        22         0       239       236         0         3         0      8.796e+07
   41            425       349         0        76         0       219       203         0        16         0      8.539e+07
   42            424       369         0        55         0       216       199         0        17         0      8.385e+07
   43            425       367         0        58         0       246       232         0        14         0      8.299e+07
   44            425       317         0       108         0       224       170         0        54         0      8.244e+07
   45            425       373         0        52         0       221       202         0        19         0      8.207e+07
   46            423       357         0        66         0       242       215         0        27         0       8.18e+07
   47            435       331        17        87         0       202       181        12         9         0      8.154e+07
   48            432       373        15        44         0       195       182         5         8         0      8.122e+07
   49            429       362        21        46         0       228       208        13         7         0      8.103e+07
   50            429       339        21        69         0       246       237         0         9         0      8.075e+07
   51            430       370        26        34         0       229       214        11         4         0      8.054e+07
   52            431       310        32        89         0       220       178        12        30         0      8.031e+07
   53            420       326        15        79         0       133       111         7        15         0      7.993e+07
   54            417       324        16        77         0       187       160         6        21         0      7.968e+07
   55            419       322        22        75         0       200       173        13        14         0      7.938e+07
   56            433       321        42        70         0       207       171        27         9         0      7.913e+07
   57            409       336        14        59         0       214       208         2         4         0      7.895e+07
   58            436       288        47       101         0       174       129        13        32         0      7.879e+07
   59            421       339        45        37         0       201       173        21         7         0      7.837e+07
   60            410       325        12        73         0       209       200         0         9         0      7.802e+07
   61            405       325        20        60         0       189       181         5         3         0      7.781e+07
   62            405       304        19        82         0       192       177        10         5         0      7.756e+07
   63            400       309        17        74         0       201       184         2        15         0      7.737e+07
   64            401       290        24        87         0       151       125         9        17         0      7.719e+07
   65            401       294        22        85         0       163       139         6        18         0      7.703e+07
   66            390       275        17        98         0       151       134         0        17         0       7.69e+07
   67            386       267        21        98         0       119        93         6        20         0       7.67e+07
   68            384       309        20        55         0       162       154         7         1         0      7.656e+07
   69            388       251        28       109         0       153       137        11         5         0      7.644e+07
   70            391       274        34        83         0       188       175         9         4         0      7.639e+07
   71            374       258        16       100         0       150       141         3         6         0      7.628e+07
   72            396       216        55       125         0       178       135        30        13         0      7.616e+07
   73            368       285        18        65         0       152       139         8         5         0      7.602e+07
   74            378       271        23        84         0       157       144         8         5         0      7.584e+07
   75            378       242        15       121         0       136       117         0        19         0       7.57e+07
   76            377       259        19        99         0       155       146         3         6         0      7.552e+07
   77            370       282        15        73         0       178       162         7         9         0      7.543e+07
   78            365       251        24        90         0       127       116         8         3         0      7.534e+07
   79            375       267        23        85         0       130       120         5         5         0      7.514e+07
   80            365       262        19        84         0       110        96         4        10         0      7.509e+07
   81            370       245        26        99         0       136       103        15        18         0      7.488e+07
   82            362       251        31        80         0       148       108        19        21         0      7.474e+07
   83            377       228        31       118         0        97        77         8        12         0       7.47e+07
   84            378       233        44       101         0       126        93        30         3         0      7.463e+07
   85            379       185        89       105         0       137        73        58         6         0      7.454e+07
   86            355       240        22        93         0       133       112         6        15         0      7.443e+07
   87            354       200        37       117         0       109        71        16        22         0      7.435e+07
   88            334       213        35        86         0       123       100        14         9         0      7.414e+07
   89            324       194        29       101         0        86        70        10         6         0      7.409e+07
   90            311       194        43        74         0        95        70        20         5         0      7.401e+07
   91            348       229        23        96         0       154       126         6        22         0      7.394e+07
   92            303       164        50        89         0        86        48        31         7         0      7.391e+07
   93            257       142        33        82         0        63        51        10         2         0      7.382e+07
   94            262       151        41        70         0        65        41        20         4         0      7.377e+07
   95            256       130        48        78         0        73        44        22         7         0      7.374e+07
   96            254       150        31        73         0        78        58        15         5         0      7.365e+07
   97            257       131        64        62         0        86        49        36         1         0       7.36e+07
   98            221       131        25        65         0        47        35        10         2         0      7.354e+07
   99            228       110        59        59         0        85        39        40         6         0       7.35e+07
  100            204       163        13        28         0       108       108         0         0         0       7.34e+07
  101            214       120        29        65         0        60        39         6        15         0       7.34e+07
  102            178        99        36        43         0        51        30        14         7         0      7.332e+07
  103            172       110        13        49         0        36        31         0         5         0      7.327e+07
  104            167       106        15        46         0        36        36         0         0         0      7.323e+07
  105            152        78        27        47         0        22         9        11         2         0      7.318e+07
  106            146        71        34        41         0        33        14        18         1         0      7.317e+07
  107            155        77        29        49         0        34        24         7         3         0      7.312e+07
  108            133        65        37        31         0        29        17        11         1         0      7.308e+07
  109            145        69        55        21         0        48        24        23         1         0      7.307e+07
  110            132        65        36        31         0        30        14        15         1         0      7.302e+07
  111            117        72        20        25         0        25        22         2         1         0      7.296e+07
  112             92        50        17        25         0        14         8         4         2         0      7.294e+07
  113            104        51        23        30         0        10         5         4         1         0      7.294e+07
  114            101        55        26        20         0        19        10         8         1         0      7.291e+07
  115             87        57        15        15         0        17        17         0         0         0      7.291e+07
  116             76        32        37         7         0        22         3        19         0         0      7.291e+07
  117             72        41        17        14         0         5         4         1         0         0       7.29e+07
  118             65        35        19        11         0        10         5         4         1         0      7.289e+07
