Run time(sec):           2216
IP gap:inf
======================= COST =======================
======================= COST =======================
Total:               7.94e+08
Cancel:              7.78e+08
Delay:              8.421e+06
Swaps:                5.7e+06
PosViol:             1.85e+06
CSC:                        0

===================== DISRUPTION ===================
# Cancelled:              778
# Delayed:                398
# Swaps:                  475
# CSCs:                     0
Ttl delay(min):	    8.421e+04
Avg delay(min):	          211
Min delay(min):	           30
Max delay(min):	          360

================= AIRPORT CAPACITY =================
SEA 2025-Jul-07 21:00:00 2025-Jul-07 22:00:00 1 2(1)
SEA 2025-Jul-07 22:00:00 2025-Jul-07 23:00:00 1 2(3)
SEA 2025-Jul-07 23:00:00 2025-Jul-08 00:00:00 1 2(1)
SEA 2025-Jul-07 21:00:00 2025-Jul-07 22:00:00 2 1(1)
SEA 2025-Jul-07 22:00:00 2025-Jul-07 23:00:00 2 1(1)
SEA 2025-Jul-07 23:00:00 2025-Jul-08 00:00:00 2 1(1)
SEA 2025-Jul-08 00:00:00 2025-Jul-08 01:00:00 1 2(2)
SEA 2025-Jul-08 01:00:00 2025-Jul-08 02:00:00 1 2(1)
SEA 2025-Jul-08 00:00:00 2025-Jul-08 01:00:00 2 4(4)
SEA 2025-Jul-08 01:00:00 2025-Jul-08 02:00:00 2 4(4)
SEA 2025-Jul-08 02:00:00 2025-Jul-08 03:00:00 1 10(9)
SEA 2025-Jul-08 03:00:00 2025-Jul-08 04:00:00 1 10(6)
SEA 2025-Jul-08 04:00:00 2025-Jul-08 05:00:00 1 10(7)
SEA 2025-Jul-08 02:00:00 2025-Jul-08 03:00:00 2 8(8)
SEA 2025-Jul-08 03:00:00 2025-Jul-08 04:00:00 2 8(8)
SEA 2025-Jul-08 04:00:00 2025-Jul-08 05:00:00 2 8(5)
PDX 2025-Jul-07 21:00:00 2025-Jul-07 22:00:00 1 6(2)
PDX 2025-Jul-07 22:00:00 2025-Jul-07 23:00:00 1 6(0)
PDX 2025-Jul-07 21:00:00 2025-Jul-07 22:00:00 2 7(0)
PDX 2025-Jul-07 22:00:00 2025-Jul-07 23:00:00 2 7(0)
RNO 2025-Jul-07 21:00:00 2025-Jul-07 22:00:00 1 1(0)
RNO 2025-Jul-07 22:00:00 2025-Jul-07 23:00:00 1 1(0)
RNO 2025-Jul-07 21:00:00 2025-Jul-07 22:00:00 2 2(0)
RNO 2025-Jul-07 22:00:00 2025-Jul-07 23:00:00 2 2(0)
MIA 2025-Jul-07 21:00:00 2025-Jul-07 22:00:00 1 0(0)
MIA 2025-Jul-07 21:00:00 2025-Jul-07 22:00:00 2 1(0)
MIA 2025-Jul-07 22:00:00 2025-Jul-07 23:00:00 1 2(0)
MIA 2025-Jul-07 23:00:00 2025-Jul-08 00:00:00 1 2(0)
MIA 2025-Jul-07 22:00:00 2025-Jul-07 23:00:00 2 2(0)
MIA 2025-Jul-07 23:00:00 2025-Jul-08 00:00:00 2 2(0)
MIA 2025-Jul-08 00:00:00 2025-Jul-08 02:00:00 1 0(0)
MIA 2025-Jul-08 00:00:00 2025-Jul-08 02:00:00 2 0(0)

================= AIRCRAFT LOCATION ================
Aircraft     PlannedEnd      ActualEnd
N214AK            AUS            SMF
N224AK            ANC            PHX
N236AK            IAD            SAN
N237AK            SEA            SEA
N238AK            IAD            SAN
N247AK            SEA            AUS
N248AK            SEA            JNU
N251AK            EUG            SFO
N253AK            IND            SEA
N260AK            PDX            PDX
N264AK            OMA            SEA
N265AK            SFO            PDX
N267AK            PDX            ANC
N268AK            PDX            PDX
N270AK            SEA            SEA
N272AK            ORD            SEA
N273AK            JNU            LAX
N274AK            MKE            PDX
N275AK            LAS            SEA
N277AK            CMH            CMH
N280AK            PDX            PDX
N281AK            ABQ            SEA
N282AK            JFK            SIT
N283AK            PDX            SJC
N284AK            SJC            ANC
N285AK            SMF            SEA
N287AK            RDM            ANC
N288AK            ORD            ABQ
N290AK            BNA            BOS
N291BT            SEA            SEA
N292AK            LAS            SEA
N293AK            ANC            JFK
N294AK            LAX            SEA
N296AK            PHX            RDM
N297AK            SFO            ANC
N298AK            LAX            JNU
N307AS            SEA            SEA
N309AS            JNU            JNU
N318AS            SEA            SEA
N402AS            LAS            SEA
N403AS            SAN            CLE
N408AS            ANC            PDX
N409AS            SFO            LAX
N413AS            SEA            ORD
N419AS            BOS            SEA
N423AS            LAX            SEA
N431AS            MCO            EWR
N433AS            CLE            SFO
N434AS            ANC            ORD
N435AS            GEG            SEA
N440AS            LAX            SEA
N442AS            SEA            SEA
N448AS            SEA            SEA
N453AS            JNU            SEA
N457AS            DFW            PHX
N459AS            SFO            PDX
N462AS            SFO            IAD
N464AS            ANC            DTW
N467AS            MCI            SEA
N469AS            GEG            SAN
N471AS            SEA            SEA
N472AS            SJC            SAN
N474AS            SEA            SEA
N477AS            TPA            SEA
N478AS            ANC            ANC
N481AS            PDX            JFK
N483AS            PDX            SEA
N486AS            SEA            TPA
N487AS            BNA            SEA
N491AS            PDX            SEA
N492AS            PDX            PDX
N493AS            PHL            SLC
N494AS            ANC            SEA
N495AS            HNL            MCO
N506AS            BOS            SEA
N508AS            DCA            ANC
N512AS            SNA            BOS
N513AS            SEA            SEA
N514AS            SFO            SEA
N516AS            LAX            SNA
N517AS            SAN            SEA
N518AS            LAX            KOA
N519AS            SNA            SEA
N520AS            ANC            SMF
N523AS            SEA            SAN
N525AS            ANC            SEA
N526AS            SEA            LAS
N527AS            BWI            SEA
N529AS            SIT            SIT
N530AS            SJC            ORD
N531AS            SEA            DEN
N532AS            PDX            OAK
N535AS            SAN            SEA
N536AS            SEA            SEA
N537AS            DCA            PDX
N538AS            SEA            SAN
N546AS            SEA            ANC
N548AS            DEN            SEA
N549AS            ADQ            ADQ
N551AS            SEA            SEA
N552AS            SNA            SEA
N553AS            SEA            SNA
N556AS            SMF            PDX
N557AS            SAN            SEA
N560AS            SEA            PDX
N562AS            MSP            KOA
N564AS            ANC            SEA
N565AS            SEA            ANC
N568AS            LAX            SAN
N569AS            SAN            LIH
N570AS            SAN            SEA
N577AS            SEA            SAN
N579AS            KOA            LAX
N581AS            BOS            SFO
N586AS            PDX            SAN
N587AS            PHX            SNA
N589AS            JFK            LAX
N590AS            DCA            LAX
N592AS            ORD            ADQ
N593AS            LAS            BWI
N594AS            OAK            MSP
N596AS            SEA            SEA
N597AS            OGG            SAN
N607AS            ANC            SEA
N609AS            SIT            SEA
N611AS            SEA            SIT
N612AS            ANC            ANC
N613AS            RNO            RNO
N615AS            JNU            ANC
N618AS            ANC            PDX
N619AS            ANC            JNU
N622AS            SEA            SEA
N703AL            SEA            OGG
N705AL            LAX            SEA
N706AL            EWR            SEA
N707AL            EWR            SEA
N708AL            ORD            SFO
N709AL            TPA            SEA
N710AL            MSP            SEA
N712AL            LAX            SEA
N713AL            PDX            BOS
N716AL            MCO            MCO
N719AL            SEA            SFO
N720AL            BOS            SEA
N722AL            SEA            SEA
N723AL            DFW            SAN
N724AL            AUS            AUS
N725AL            SFO            SFO
N729AL            LAX            SEA
N731AL            MCO            SEA
N732AL            SEA            ONT
N733AL            PDX            IAH
N734AL            JFK            SEA
N738AL            SEA            SEA
N801AK            ANC            ANC
N803AK            JFK            ANC
N804AK            SEA            SFO
N805AK            LAX            LAX
N806AK            LAX            LAX
N809AK            SEA            SEA
N812AK            SFO            SEA
N813AK            SEA            ANC
N903AK            PDX            PDX
N912AK            SAN            CVG
N913AK            GEG            LAS
N915AK            SEA            ORD
N917AK            ONT            HNL
N918AK            RDU            LAS
N919AK            PHX            SEA
N920AK            ATL            SEA
N921AK            AUS            SEA
N924AK            EWR            ANC
N926AK            MSY            SEA
N928AK            DEN            SEA
N929AK            SEA            BOS
N931AK            PDX            SFO
N932AK            SFO            DEN
N933AK            ORD            JFK
N934AK            ANC            LAX
N935AK            SAN            SEA
N936AK            SEA            SEA
N938AK            LAX            SEA
N941AK            IAH            SEA
N942AK            ORD            SEA
N947AK            FAI            SEA
N948AK            LAX            LAX
N949AK            FAI            SEA
N952AK            SEA            SEA
N953AK            CVG            ANC
N954AK            PDX            FAI
N955AK            SFO            ANC
N956AK            PIT            SEA
N958AK            SAT            SEA
N960AK            BOS            SEA
N961AK            PHX            PDX
N962AK            SFO            LAX
N963AK            LAX            PDX
N964AK            IAH            LAX
N966AK            SFO            MCO
N967AK            LAX            PDX
N968AK            JFK            FAI
N969AK            PDX            JFK
N972AK            SFO            SEA
N973AK            ONT            SEA
N974AK            BOI            EWR
N975AK            LAS            SEA
N976AK            STL            SEA
N977AK            SEA            SEA
N978AK            IAD            EWR
N982AK            SEA            SAN
N983AK            ATL            DFW
N984AK            FAI            EWR
N985AK            DEN            LAX
N990AK            LAX            LAX
N407AS            SEA            EUG
N428AS            LAX            LAX
N468AS            DTW            SEA
N479AS            SEA            BNA
N563AS            GEG            SEA
N566AS            SFO            SFO
N588AS            ANC            LAX
N614AS            ANC            SEA
N946AK            BUR            LAX
N971AK            BUR            LAX
N979AK            SAN            SEA
