Objective:	7.93971e+08
Total CPU time:	00:36:56
================== Aircraft Recovery Schedule ==================
N214AK[30]
375(7/7IAD13:00---SEA18:47)
2025-Jul-07 19:17:00
352-d0(7/7SEA19:18---AUS23:30)
339-d0(7/8AUS00:30---SEA05:07)
N214AK_SEA-05:07/11:07-d0(7/8SEA05:07---7/8 11:07)
405001-d0(7/8SEA15:11---OKC18:48)
405-d0(7/8OKC19:44---SEA23:38)
932-d360(7/9SEA00:36---ABQ03:37)
933-d360(7/9ABQ04:31---SEA07:41)
1194-d330(7/9SEA08:24---SMF10:22)
2025-Jul-09 15:30:00
--------------------------------------------------------
N224AK[45]
2025-Jul-07 15:00:00
2025-Jul-09 15:45:00
--------------------------------------------------------
N236AK[55]
1258(7/7SEA14:00---SAN16:50)
2025-Jul-07 17:45:00
2025-Jul-09 15:55:00
--------------------------------------------------------
N237AK[55]
2025-Jul-07 15:00:00
2025-Jul-09 15:55:00
--------------------------------------------------------
N238AK[40]
1074(7/7PDX14:25---SAN17:00)
2025-Jul-07 17:40:00
2025-Jul-09 15:40:00
--------------------------------------------------------
N247AK[50]
512(7/7SFO14:00---AUS17:36)
2025-Jul-07 18:26:00
2025-Jul-09 15:50:00
--------------------------------------------------------
N248AK[30]
537(7/7BOS13:20---SEA19:35)
2025-Jul-07 20:05:00
1010-d120(7/7SEA20:20---GEG21:29)
1011-d150(7/7GEG22:53---SEA00:07)
1132-d270(7/8SEA01:05---SFO03:18)
1327-d60(7/8SFO03:49---SEA06:05)
980-d120(7/8SEA06:40---SFO08:59)
922-d360(7/8SFO09:49---SEA12:02)
112-d360(7/8SEA12:50---FAI16:36)
210-d210(7/8FAI17:22---SEA21:10)
904-d210(7/8SEA21:53---BZN23:36)
905-d210(7/9BZN00:30---SEA02:29)
1004-d0(7/9SEA02:59---GEG04:09)
1280-d180(7/9GEG04:49---LAX07:35)
1215-d360(7/9LAX08:25---SEA11:17)
185-d360(7/9SEA11:55---JNU14:25)
2025-Jul-09 15:30:00
--------------------------------------------------------
N251AK[50]
2025-Jul-07 15:00:00
2025-Jul-09 15:50:00
--------------------------------------------------------
N253AK[35]
2025-Jul-07 15:00:00
2025-Jul-09 15:35:00
--------------------------------------------------------
N260AK[60]
2025-Jul-07 15:00:00
2025-Jul-09 16:00:00
--------------------------------------------------------
N264AK[30]
2025-Jul-07 15:00:00
2025-Jul-09 15:30:00
--------------------------------------------------------
N265AK[55]
541(7/7AUS12:37---PDX16:50)
2025-Jul-07 17:45:00
2025-Jul-09 15:55:00
--------------------------------------------------------
N267AK[60]
2025-Jul-07 15:00:00
2025-Jul-09 16:00:00
--------------------------------------------------------
N268AK[55]
413(7/7ORD12:00---PDX16:25)
2025-Jul-07 17:20:00
1296-d0(7/7PDX17:40---SAN20:15)
1297-d0(7/7SAN21:15---PDX23:49)
1455-d0(7/8PDX00:49---ANC04:40)
134-d330(7/8ANC06:00---SEA09:30)
161-d300(7/8SEA10:47---EUG12:01)
132-d0(7/8EUG13:00---SEA14:15)
79-d30(7/8SEA15:30---ANC19:06)
198-d180(7/8ANC20:05---PDX23:44)
1204-d180(7/9PDX00:49---SAN03:22)
1294-d180(7/9SAN04:18---PDX06:50)
2025-Jul-09 15:55:00
--------------------------------------------------------
N270AK[45]
2025-Jul-07 15:00:00
2025-Jul-09 15:45:00
--------------------------------------------------------
N272AK[50]
2025-Jul-07 15:00:00
2025-Jul-09 15:50:00
--------------------------------------------------------
N273AK[45]
289(7/7EWR11:52---LAX17:46)
2025-Jul-07 18:31:00
2025-Jul-09 15:45:00
--------------------------------------------------------
N274AK[50]
2025-Jul-07 15:00:00
329-d0(7/7ORD15:00---SEA19:34)
620001-d30(7/7SEA20:43---DEN23:24)
620-d30(7/8DEN00:20---SEA03:20)
1086-d360(7/8SEA04:25---ONT07:04)
1087-d360(7/8ONT07:58---SEA10:37)
959-d360(7/8SEA11:52---GEG12:59)
963-d0(7/8GEG14:00---SEA15:14)
312001-d0(7/8SEA16:06---OMA19:17)
312-d0(7/8OMA20:14---SEA23:54)
1092-d90(7/9SEA00:48---LAX03:35)
1397-d210(7/9LAX04:37---PDX07:00)
2025-Jul-09 15:50:00
--------------------------------------------------------
N275AK[55]
683(7/7ORD13:00---SEA17:39)
2025-Jul-07 18:34:00
2025-Jul-09 15:55:00
--------------------------------------------------------
N277AK[45]
2025-Jul-07 15:00:00
1254-d0(7/7SEA15:27---ONT18:05)
1111-d210(7/7ONT22:30---SEA01:08)
1098-d90(7/8SEA02:29---SAN05:24)
735-d330(7/8SAN06:21---SEA09:20)
380-d330(7/8SEA10:15---DTW14:35)
381-d270(7/8DTW15:30---SEA20:27)
442-d270(7/8SEA21:12---PHL02:17)
443-d270(7/9PHL03:22---SEA09:27)
315-d330(7/9SEA10:15---CMH14:43)
2025-Jul-09 15:45:00
--------------------------------------------------------
N280AK[55]
1089(7/7LAS14:05---PDX16:24)
2025-Jul-07 17:19:00
2025-Jul-09 15:55:00
--------------------------------------------------------
N281AK[30]
2025-Jul-07 15:00:00
2025-Jul-09 15:30:00
--------------------------------------------------------
N282AK[60]
2025-Jul-07 15:00:00
2025-Jul-09 16:00:00
--------------------------------------------------------
N283AK[50]
2025-Jul-07 15:00:00
2025-Jul-09 15:50:00
--------------------------------------------------------
N284AK[40]
943(7/7RDM13:00---SEA14:14)
516(7/7SEA14:55---FLL20:52)
2025-Jul-07 21:32:00
517-d0(7/7FLL21:52---SEA04:20)
136-d150(7/8SEA05:25---ANC09:08)
54-d30(7/8ANC09:59---SEA13:30)
1258-d30(7/8SEA14:30---SAN17:20)
1259-d60(7/8SAN18:00---SEA21:00)
1150001-d120(7/8SEA21:48---BUR00:19)
1150-d120(7/9BUR01:14---SEA03:54)
1224-d120(7/9SEA04:55---LAX07:46)
193-d360(7/9LAX08:45---ANC14:08)
2025-Jul-09 15:40:00
--------------------------------------------------------
N285AK[30]
383(7/7BNA12:00---SEA17:06)
2025-Jul-07 17:36:00
2025-Jul-09 15:30:00
--------------------------------------------------------
N287AK[55]
139(7/7ORD14:30---ANC21:15)
2025-Jul-07 22:10:00
2025-Jul-09 15:55:00
--------------------------------------------------------
N288AK[55]
2025-Jul-07 15:00:00
479-d0(7/7LAS15:00---SEA17:40)
1108-d120(7/7SEA18:58---SAN21:49)
1097-d210(7/8SAN00:15---SEA03:15)
105-d150(7/8SEA04:29---ANC08:08)
172-d120(7/8ANC09:13---PHX14:45)
645-d120(7/8PHX16:05---SEA19:09)
535001-d180(7/8SEA20:20---DEN23:07)
535-d180(7/9DEN00:03---SEA03:00)
960-d210(7/9SEA04:13---GEG05:20)
965-d240(7/9GEG06:44---SEA08:00)
780-d360(7/9SEA08:59---ABQ11:59)
2025-Jul-09 15:55:00
--------------------------------------------------------
N290AK[30]
358(7/7PDX14:00---BOS19:25)
2025-Jul-07 19:55:00
2025-Jul-09 15:30:00
--------------------------------------------------------
N291BT[30]
627(7/7TPA11:00---SEA17:06)
2025-Jul-07 17:36:00
2025-Jul-09 15:30:00
--------------------------------------------------------
N292AK[45]
473(7/7STL11:41---SEA16:10)
2025-Jul-07 16:55:00
2025-Jul-09 15:45:00
--------------------------------------------------------
N293AK[60]
2025-Jul-07 15:00:00
2025-Jul-09 16:00:00
--------------------------------------------------------
N294AK[50]
281(7/7BNA14:00---SEA19:03)
2025-Jul-07 19:53:00
2025-Jul-09 15:50:00
--------------------------------------------------------
N296AK[50]
2025-Jul-07 15:00:00
738-d0(7/7SEA17:40---LAS20:19)
756-d0(7/7LAS21:13---PDX23:35)
1176-d0(7/8PDX00:30---PHX03:20)
611-d240(7/8PHX04:29---SEA07:35)
780-d330(7/8SEA08:29---ABQ11:29)
618-d0(7/8ABQ14:00---SEA17:15)
1166-d180(7/8SEA18:10---SFO20:29)
1075-d180(7/8SFO21:25---SEA23:37)
733-d360(7/9SEA00:38---SLC02:44)
734-d360(7/9SLC03:39---SEA05:54)
924-d60(7/9SEA06:48---RDM07:59)
2025-Jul-09 15:50:00
--------------------------------------------------------
N297AK[35]
2025-Jul-07 15:00:00
2025-Jul-09 15:35:00
--------------------------------------------------------
N298AK[55]
533(7/7ATL13:30---SEA18:51)
2025-Jul-07 19:46:00
71-d90(7/7SEA20:13---JNU22:49)
176-d90(7/7JNU23:45---SEA02:12)
1046-d300(7/8SEA03:08---SJC05:17)
1047-d330(7/8SJC06:41---SEA08:48)
1039-d300(7/8SEA09:45---GEG10:58)
966-d0(7/8GEG13:00---SEA14:15)
648-d30(7/8SEA15:30---TUS18:40)
641-d30(7/8TUS19:36---SEA22:50)
63-d330(7/8SEA23:50---SIT02:14)
58-d330(7/9SIT03:10---SEA05:30)
69001-d300(7/9SEA06:35---KTN08:44)
69-d330(7/9KTN09:59---JNU11:00)
2025-Jul-09 15:55:00
--------------------------------------------------------
N307AS[60]
168(7/7FAI08:14---SEA12:00)
2025-Jul-07 15:00:00
2025-Jul-09 16:00:00
--------------------------------------------------------
N309AS[30]
2025-Jul-07 15:00:00
612-d0(7/7SEA15:26---LAS18:05)
785-d150(7/7LAS21:30---SEA00:14)
1284-d120(7/8SEA00:44---SFO02:57)
1065-d120(7/8SFO03:53---SEA06:11)
185-d60(7/8SEA06:55---JNU09:25)
42-d0(7/8JNU09:55---SEA12:23)
1306-d0(7/8SEA15:00---LAX17:49)
1305-d0(7/8LAX18:55---SEA21:39)
962-d0(7/8SEA23:03---GEG00:13)
964-d0(7/9GEG01:07---SEA02:21)
205-d30(7/9SEA03:06---JNU05:35)
2025-Jul-09 15:30:00
--------------------------------------------------------
N318AS[40]
2025-Jul-07 15:00:00
215-d0(7/7GEG16:45---SEA18:00)
722-d0(7/7SEA18:44---PHX21:47)
975-d0(7/7PHX22:47---SEA01:52)
1194-d0(7/8SEA02:54---SMF04:52)
1217-d0(7/8SMF13:15---SEA15:15)
2025-Jul-09 15:40:00
--------------------------------------------------------
N402AS[60]
1041(7/7BUR14:00---SEA16:37)
2025-Jul-07 17:37:00
2025-Jul-09 16:00:00
--------------------------------------------------------
N403AS[50]
188(7/7ANC13:00---SEA16:30)
2025-Jul-07 17:20:00
216001-d0(7/7SEA17:37---CLE22:01)
216-d0(7/7CLE22:55---SEA04:00)
167-d120(7/8SEA04:50---FAI08:36)
156-d0(7/8FAI10:09---SEA13:44)
682001-d0(7/8SEA15:06---DEN17:53)
682-d0(7/8DEN18:49---SEA21:48)
1017-d270(7/8SEA22:50---PDX23:53)
1016-d270(7/9PDX00:55---SEA01:55)
1086-d270(7/9SEA02:55---ONT05:34)
1087-d270(7/9ONT06:28---SEA09:07)
547-d330(7/9SEA10:10---CLE14:41)
2025-Jul-09 15:50:00
--------------------------------------------------------
N408AS[55]
2025-Jul-07 15:00:00
2025-Jul-09 15:55:00
--------------------------------------------------------
N409AS[55]
150(7/7ANC08:34---LAX13:55)
2025-Jul-07 15:00:00
2025-Jul-09 15:55:00
--------------------------------------------------------
N413AS[40]
324(7/7PDX14:02---ORD18:07)
2025-Jul-07 18:47:00
2025-Jul-09 15:40:00
--------------------------------------------------------
N419AS[60]
2025-Jul-07 15:00:00
2025-Jul-09 16:00:00
--------------------------------------------------------
N423AS[30]
446(7/7PHL10:45---SEA16:42)
2025-Jul-07 17:12:00
2025-Jul-09 15:30:00
--------------------------------------------------------
N431AS[55]
292(7/7SFO14:54---EWR20:29)
2025-Jul-07 21:24:00
2025-Jul-09 15:55:00
--------------------------------------------------------
N433AS[45]
2025-Jul-07 15:00:00
2025-Jul-09 15:45:00
--------------------------------------------------------
N434AS[40]
408(7/7SEA13:00---ORD17:07)
2025-Jul-07 17:47:00
2025-Jul-09 15:40:00
--------------------------------------------------------
N435AS[55]
920(7/7RDU11:36---SEA17:30)
2025-Jul-07 18:25:00
2025-Jul-09 15:55:00
--------------------------------------------------------
N440AS[30]
459(7/7BOS11:20---SEA17:38)
2025-Jul-07 18:08:00
2025-Jul-09 15:30:00
--------------------------------------------------------
N442AS[55]
542(7/7SEA07:25---DFW11:20)
365(7/7DFW14:00---SEA18:27)
2025-Jul-07 19:22:00
2025-Jul-09 15:55:00
--------------------------------------------------------
N448AS[45]
242(7/7MKE11:30---SEA15:53)
2025-Jul-07 16:38:00
2025-Jul-09 15:45:00
--------------------------------------------------------
N453AS[50]
42(7/7JNU09:55---SEA12:23)
2025-Jul-07 15:00:00
2025-Jul-09 15:50:00
--------------------------------------------------------
N457AS[45]
606(7/7SEA14:55---PHX17:52)
2025-Jul-07 18:37:00
2025-Jul-09 15:45:00
--------------------------------------------------------
N459AS[50]
1063(7/7BUR14:20---PDX16:37)
2025-Jul-07 17:27:00
2025-Jul-09 15:50:00
--------------------------------------------------------
N462AS[30]
2025-Jul-07 15:00:00
142-d0(7/7JNU15:08---SEA17:36)
733-d0(7/7SEA18:38---SLC20:44)
734-d30(7/7SLC22:09---SEA00:24)
N462AS_SEA-03:34/06:34-d0(7/8SEA03:34---7/8 06:34)
924-d60(7/8SEA06:48---RDM07:59)
943-d0(7/8RDM13:00---SEA14:14)
1290001-d0(7/8SEA15:00---BUR17:36)
1290-d0(7/8BUR18:30---SEA21:08)
1046-d0(7/8SEA22:08---SJC00:17)
1047-d0(7/9SJC01:11---SEA03:18)
1098-d180(7/9SEA03:59---SAN06:54)
1005-d270(7/9SAN07:27---SFO09:07)
455-d240(7/9SFO09:43---IAD14:50)
2025-Jul-09 15:30:00
--------------------------------------------------------
N464AS[55]
453(7/7IAH11:00---SEA15:40)
2025-Jul-07 16:35:00
N464AS_SEA-15:40/18:40-d0(7/7SEA15:40---7/7 18:40)
549-d0(7/7SEA20:40---DFW00:36)
550-d0(7/8DFW01:36---SEA05:59)
205-d270(7/8SEA07:06---JNU09:35)
70001-d270(7/8JNU10:45---SIT11:29)
73001-d0(7/8SIT14:00---JNU14:44)
142-d60(7/8JNU16:08---SEA18:36)
697001-d0(7/8SEA19:52---MSO21:17)
697-d0(7/8MSO22:13---SEA23:51)
1048001-d0(7/9SEA00:59---LAX03:50)
1301-d270(7/9LAX04:45---SEA07:30)
380-d240(7/9SEA08:45---DTW13:05)
2025-Jul-09 15:55:00
--------------------------------------------------------
N467AS[40]
132(7/7EUG13:00---SEA14:15)
2025-Jul-07 15:00:00
2025-Jul-09 15:40:00
--------------------------------------------------------
N469AS[30]
1130(7/7GEG14:00---SAN16:47)
2025-Jul-07 17:17:00
2025-Jul-09 15:30:00
--------------------------------------------------------
N471AS[60]
643(7/7DEN12:00---SEA15:01)
2025-Jul-07 16:01:00
2025-Jul-09 16:00:00
--------------------------------------------------------
N472AS[50]
35(7/7JFK14:00---SAN19:52)
2025-Jul-07 20:42:00
2025-Jul-09 15:50:00
--------------------------------------------------------
N474AS[40]
942(7/7ORD11:00---SEA15:37)
2025-Jul-07 16:17:00
2025-Jul-09 15:40:00
--------------------------------------------------------
N477AS[60]
963(7/7GEG14:00---SEA15:14)
2025-Jul-07 16:14:00
2025-Jul-09 16:00:00
--------------------------------------------------------
N478AS[40]
2025-Jul-07 15:00:00
2025-Jul-09 15:40:00
--------------------------------------------------------
N481AS[60]
18(7/7PDX14:20---JFK19:45)
2025-Jul-07 20:45:00
2025-Jul-09 16:00:00
--------------------------------------------------------
N483AS[60]
54(7/7ANC09:29---SEA13:00)
N483AS_SEA-13:00/17:00(7/7SEA13:00---7/7 17:00)
2025-Jul-07 17:00:00
2025-Jul-09 16:00:00
--------------------------------------------------------
N486AS[50]
2025-Jul-07 15:00:00
1255-d0(7/7SMF15:13---SEA17:15)
1256-d60(7/7SEA18:21---PSP21:15)
582-d120(7/7PSP23:10---SEA02:00)
744-d240(7/8SEA02:59---PHX05:57)
662-d360(7/8PHX07:05---PDX09:48)
1136001-d0(7/8PDX14:00---DEN16:37)
1136-d0(7/8DEN17:33---PDX20:20)
836-d0(7/8PDX21:30---SFO23:22)
591-d30(7/9SFO00:14---SEA02:24)
509-d300(7/9SEA03:15---SLC05:18)
510-d300(7/9SLC06:12---SEA08:30)
360-d210(7/9SEA09:28---TPA14:55)
2025-Jul-09 15:50:00
--------------------------------------------------------
N487AS[55]
546(7/7IND10:30---SEA15:19)
2025-Jul-07 16:14:00
2025-Jul-09 15:55:00
--------------------------------------------------------
N491AS[45]
316(7/7CMH11:00---SEA16:05)
2025-Jul-07 16:50:00
2025-Jul-09 15:45:00
--------------------------------------------------------
N492AS[60]
974(7/7SAN14:00---PDX16:35)
2025-Jul-07 17:35:00
2025-Jul-09 16:00:00
--------------------------------------------------------
N493AS[55]
430(7/7SEA14:14---SLC16:16)
2025-Jul-07 17:11:00
2025-Jul-09 15:55:00
--------------------------------------------------------
N494AS[45]
2025-Jul-07 15:00:00
2025-Jul-09 15:45:00
--------------------------------------------------------
N495AS[60]
2025-Jul-07 15:00:00
1073-d0(7/7SAN17:50---PDX20:28)
1062-d0(7/8PDX01:04---BUR03:23)
1150-d330(7/8BUR04:44---SEA07:24)
1168-d360(7/8SEA08:25---BUR10:59)
1063-d0(7/8BUR14:20---PDX16:37)
499-d300(7/8PDX18:05---SEA19:09)
1132-d0(7/8SEA20:35---SFO22:48)
571-d60(7/8SFO23:48---LAS01:31)
779-d60(7/9LAS02:31---PDX04:50)
1122-d330(7/9PDX06:00---SAN08:33)
1020-d300(7/9SAN09:50---MCO15:00)
2025-Jul-09 16:00:00
--------------------------------------------------------
N506AS[45]
799(7/7PHX13:00---SEA16:04)
2025-Jul-07 16:49:00
2025-Jul-09 15:45:00
--------------------------------------------------------
N508AS[50]
2025-Jul-07 15:00:00
79-d0(7/7SEA15:00---ANC18:36)
137-d180(7/7ANC19:55---OTZ21:32)
137001-d180(7/7OTZ22:24---ANC23:54)
66-d210(7/8ANC00:56---CDV01:51)
66001-d210(7/8CDV02:43---YAK03:43)
66003-d210(7/8YAK04:35---JNU05:33)
66002-d210(7/8JNU06:25---SEA08:53)
119-d240(7/8SEA09:59---ANC13:39)
62-d0(7/8ANC14:45---JNU16:28)
62001-d0(7/8JNU17:20---SIT18:05)
62003-d0(7/8SIT18:57---KTN19:58)
62002-d0(7/8KTN20:48---SEA22:47)
67002-d90(7/9SEA00:03---KTN02:10)
67001-d120(7/9KTN03:25---SIT04:20)
67003-d150(7/9SIT05:38---JNU06:22)
66002-d270(7/9JNU07:25---SEA09:53)
144-d240(7/9SEA10:59---ANC14:39)
2025-Jul-09 15:50:00
--------------------------------------------------------
N512AS[55]
2025-Jul-07 15:00:00
560-d0(7/7LAX15:30---KOA21:10)
868-d0(7/7KOA22:10---PDX03:40)
278-d240(7/8PDX04:40---LAX07:15)
1289-d300(7/8LAX08:10---SEA11:06)
1226-d0(7/8SEA14:00---SJC16:08)
1311001-d30(7/8SJC17:30---SEA19:43)
1018-d90(7/8SEA21:01---BOI22:34)
947-d90(7/8BOI23:30---PDX00:51)
1100-d240(7/9PDX01:55---SNA04:27)
1203-d210(7/9SNA05:44---SEA08:37)
536-d180(7/9SEA09:40---BOS15:00)
2025-Jul-09 15:55:00
--------------------------------------------------------
N513AS[55]
2025-Jul-07 15:00:00
2025-Jul-09 15:55:00
--------------------------------------------------------
N514AS[50]
1293(7/7LAX13:00---SEA15:50)
2025-Jul-07 16:40:00
2025-Jul-09 15:50:00
--------------------------------------------------------
N516AS[55]
1148(7/7SEA14:20---SNA17:15)
2025-Jul-07 18:10:00
2025-Jul-09 15:55:00
--------------------------------------------------------
N517AS[55]
2025-Jul-07 15:00:00
2025-Jul-09 15:55:00
--------------------------------------------------------
N518AS[60]
302(7/7ANC09:44---PDX13:20)
867(7/7PDX14:56---KOA20:50)
2025-Jul-07 21:50:00
2025-Jul-09 16:00:00
--------------------------------------------------------
N519AS[40]
349(7/7BWI11:51---SEA17:40)
2025-Jul-07 18:20:00
2025-Jul-09 15:40:00
--------------------------------------------------------
N520AS[50]
645(7/7PHX14:05---SEA17:09)
2025-Jul-07 17:59:00
174-d90(7/7SEA18:27---FAI22:10)
103-d90(7/7FAI23:05---ANC00:10)
100-d330(7/8ANC01:11---SEA04:40)
1202-d300(7/8SEA05:35---SNA08:25)
774-d300(7/8SNA09:15---SEA12:05)
1109-d0(7/8SEA13:00---SAN15:53)
1071-d90(7/8SAN16:45---SEA19:48)
620001-d30(7/8SEA20:43---DEN23:24)
620-d30(7/9DEN00:20---SEA03:20)
1321-d270(7/9SEA04:38---STS06:39)
1321001-d270(7/9STS07:31---SEA09:37)
1230-d360(7/9SEA10:45---SMF12:45)
2025-Jul-09 15:50:00
--------------------------------------------------------
N523AS[50]
15(7/7DCA12:59---SAN18:20)
2025-Jul-07 19:10:00
2025-Jul-09 15:50:00
--------------------------------------------------------
N525AS[40]
21(7/7JFK11:00---SEA17:13)
2025-Jul-07 17:53:00
1190-d120(7/7SEA18:00---SNA20:49)
1159-d60(7/7SNA21:51---PDX00:15)
1100-d180(7/8PDX00:55---SNA03:27)
1229-d210(7/8SNA04:19---SEA07:05)
N525AS_SEA-07:05/13:05-d0(7/8SEA07:05---7/8 13:05)
1148-d0(7/8SEA14:20---SNA17:15)
1277-d60(7/8SNA18:21---SEA21:06)
1118-d180(7/8SEA22:00---ONT00:46)
1119-d150(7/9ONT01:30---SEA04:10)
133-d60(7/9SEA04:55---ANC08:34)
268-d360(7/9ANC09:25---SEA13:06)
2025-Jul-09 15:40:00
--------------------------------------------------------
N526AS[50]
210(7/7FAI13:52---SEA17:40)
2025-Jul-07 18:30:00
154001-d0(7/7SEA18:32---RDM19:44)
154-d150(7/7RDM23:08---SEA00:28)
1138-d180(7/8SEA02:04---SBA04:40)
1139-d180(7/8SBA05:30---SEA08:07)
542-d120(7/8SEA09:25---DFW13:20)
303-d120(7/8DFW14:25---PDX18:28)
1076-d330(7/8PDX19:30---LAX22:09)
1147-d60(7/8LAX23:10---SEA01:54)
1104-d60(7/9SEA02:50---SNA05:39)
1085-d330(7/9SNA06:47---PDX09:09)
728-d330(7/9PDX10:10---LAS12:29)
2025-Jul-09 15:50:00
--------------------------------------------------------
N527AS[50]
2025-Jul-07 15:00:00
2025-Jul-09 15:50:00
--------------------------------------------------------
N529AS[60]
869(7/7SJC14:00---KOA19:30)
2025-Jul-07 20:30:00
808-d0(7/7KOA20:30---SEA02:22)
228-d0(7/8SEA03:25---ANC07:04)
302-d0(7/8ANC09:44---PDX13:20)
1101-d30(7/8PDX14:30---LAS16:49)
1089-d240(7/8LAS18:05---PDX20:24)
863-d240(7/8PDX21:30---GEG22:41)
864-d270(7/9GEG00:06---PDX01:18)
1158-d0(7/9PDX02:48---SNA05:18)
1229-d330(7/9SNA06:19---SEA09:05)
91-d360(7/9SEA10:15---SIT12:44)
2025-Jul-09 16:00:00
--------------------------------------------------------
N530AS[60]
2025-Jul-07 15:00:00
1169-d0(7/7SFO15:20---SEA17:30)
149-d120(7/7SEA18:50---ANC22:26)
151001-d0(7/7ANC23:40---AKN00:49)
151-d0(7/8AKN01:59---ANC03:10)
45-d150(7/8ANC04:19---BET05:39)
46-d180(7/8BET06:59---ANC08:18)
110-d30(7/8ANC09:25---SEA12:56)
N530AS_SEA-13:19/16:19-d0(7/8SEA13:19---7/8 16:19)
149-d0(7/8SEA16:50---ANC20:26)
66-d0(7/8ANC21:26---CDV22:21)
66001-d30(7/8CDV23:43---YAK00:43)
66003-d60(7/9YAK02:05---JNU03:03)
67-d0(7/9JNU04:40---ANC06:28)
109-d30(7/9ANC07:56---ORD14:10)
2025-Jul-09 16:00:00
--------------------------------------------------------
N531AS[45]
2025-Jul-07 15:00:00
2025-Jul-09 15:45:00
--------------------------------------------------------
N532AS[60]
1109(7/7SEA13:00---SAN15:53)
2025-Jul-07 16:53:00
1071-d120(7/7SAN17:15---SEA20:18)
908-d210(7/7SEA22:00---PSC23:09)
909-d240(7/8PSC00:30---SEA01:38)
1042001-d210(7/8SEA02:47---SBP05:13)
1042-d240(7/8SBP06:35---SEA09:07)
1292-d360(7/8SEA10:07---LAX12:59)
504-d0(7/8LAX14:00---SEA16:47)
1082-d240(7/8SEA18:00---SFO20:11)
739-d210(7/8SFO21:30---SNA23:10)
1191-d150(7/9SNA00:32---SEA03:18)
1030-d330(7/9SEA04:18---BZN06:01)
1031-d360(7/9BZN07:25---SEA09:35)
1152-d360(7/9SEA10:44---OAK13:01)
2025-Jul-09 16:00:00
--------------------------------------------------------
N535AS[50]
1151(7/7OAK14:00---SEA16:07)
2025-Jul-07 16:57:00
2025-Jul-09 15:50:00
--------------------------------------------------------
N536AS[45]
1(7/7DCA12:00---SEA17:56)
2025-Jul-07 18:41:00
2025-Jul-09 15:45:00
--------------------------------------------------------
N537AS[50]
1124(7/7LAX14:00---PDX16:23)
2025-Jul-07 17:13:00
2025-Jul-09 15:50:00
--------------------------------------------------------
N538AS[55]
2025-Jul-07 15:00:00
2025-Jul-09 15:55:00
--------------------------------------------------------
N546AS[45]
2025-Jul-07 15:00:00
48-d0(7/7ANC17:00---SEA20:33)
1216-d150(7/7SEA21:31---SMF23:31)
1358-d150(7/8SMF00:26---SEA02:24)
N546AS_SEA-02:35/05:35-d0(7/8SEA02:35---7/8 05:35)
1321-d330(7/8SEA05:38---STS07:39)
1321001-d330(7/8STS08:31---SEA10:37)
498-d330(7/8SEA11:33---PDX12:29)
1298-d0(7/8PDX14:00---SNA16:31)
1181-d210(7/8SNA17:30---PDX20:00)
1084-d210(7/8PDX21:00---SNA23:33)
1159-d210(7/9SNA00:21---PDX02:45)
1235-d360(7/9PDX03:34---DEN06:10)
1131-d360(7/9DEN07:06---PDX09:50)
197001-d360(7/9PDX10:40---ANC14:24)
2025-Jul-09 15:45:00
--------------------------------------------------------
N548AS[35]
2025-Jul-07 15:00:00
2025-Jul-09 15:35:00
--------------------------------------------------------
N549AS[50]
2025-Jul-07 15:00:00
231-d0(7/7ANC15:10---ADQ16:11)
232-d0(7/7ADQ17:03---ANC18:01)
43-d0(7/7ANC18:59---BET20:21)
44-d0(7/7BET21:11---ANC22:34)
155-d0(7/7ANC23:32---OME01:09)
155001-d0(7/8OME01:59---ANC03:33)
47-d0(7/8ANC15:15---SEA18:52)
175-d0(7/8SEA19:55---ANC23:27)
177-d0(7/9ANC02:30---ADQ03:30)
2025-Jul-09 15:50:00
--------------------------------------------------------
N551AS[55]
2025-Jul-07 15:00:00
2025-Jul-09 15:55:00
--------------------------------------------------------
N552AS[30]
981(7/7SFO13:00---SEA15:04)
2025-Jul-07 15:34:00
2025-Jul-09 15:30:00
--------------------------------------------------------
N553AS[45]
1298(7/7PDX14:00---SNA16:31)
2025-Jul-07 17:16:00
2025-Jul-09 15:45:00
--------------------------------------------------------
N556AS[45]
1181(7/7SNA14:00---PDX16:30)
2025-Jul-07 17:15:00
2025-Jul-09 15:45:00
--------------------------------------------------------
N557AS[60]
701(7/7LAS13:00---SEA15:45)
2025-Jul-07 16:45:00
2025-Jul-09 16:00:00
--------------------------------------------------------
N560AS[60]
2025-Jul-07 15:00:00
2025-Jul-09 16:00:00
--------------------------------------------------------
N562AS[50]
2025-Jul-07 15:00:00
2025-Jul-09 15:50:00
--------------------------------------------------------
N564AS[45]
1325(7/7SNA13:45---SEA16:42)
2025-Jul-07 17:27:00
2025-Jul-09 15:45:00
--------------------------------------------------------
N565AS[45]
173(7/7SEA13:00---ANC16:40)
2025-Jul-07 17:25:00
2025-Jul-09 15:45:00
--------------------------------------------------------
N568AS[60]
2025-Jul-07 15:00:00
2025-Jul-09 16:00:00
--------------------------------------------------------
N569AS[40]
790(7/7SFO14:00---LIH19:47)
2025-Jul-07 20:27:00
2025-Jul-09 15:40:00
--------------------------------------------------------
N570AS[60]
2025-Jul-07 15:00:00
2025-Jul-09 16:00:00
--------------------------------------------------------
N577AS[50]
260(7/7BOS12:40---SAN18:50)
2025-Jul-07 19:40:00
2025-Jul-09 15:50:00
--------------------------------------------------------
N579AS[50]
1316(7/7SEA13:00---LAX15:50)
2025-Jul-07 16:40:00
2025-Jul-09 15:50:00
--------------------------------------------------------
N581AS[50]
526(7/7PDX14:04---SFO15:53)
2025-Jul-07 16:43:00
2025-Jul-09 15:50:00
--------------------------------------------------------
N586AS[50]
62(7/7ANC14:45---JNU16:28)
2025-Jul-07 17:18:00
62001-d0(7/7JNU17:20---SIT18:05)
62003-d0(7/7SIT18:57---KTN19:58)
62002-d150(7/7KTN23:18---SEA01:17)
67002-d240(7/8SEA02:33---KTN04:40)
94-d300(7/8KTN05:35---SEA07:35)
1288-d360(7/8SEA08:41---SNA11:30)
1325-d0(7/8SNA13:45---SEA16:42)
908-d0(7/8SEA18:30---PSC19:39)
909-d0(7/8PSC20:30---SEA21:38)
357001-d120(7/8SEA22:35---MCI02:01)
357-d120(7/9MCI02:56---SEA06:56)
498-d120(7/9SEA08:03---PDX08:59)
1162-d330(7/9PDX10:00---SAN12:35)
2025-Jul-09 15:50:00
--------------------------------------------------------
N587AS[45]
2025-Jul-07 15:00:00
2025-Jul-09 15:45:00
--------------------------------------------------------
N589AS[60]
2025-Jul-07 15:00:00
2025-Jul-09 16:00:00
--------------------------------------------------------
N590AS[55]
5(7/7DCA13:59---LAX19:33)
2025-Jul-07 20:28:00
2025-Jul-09 15:55:00
--------------------------------------------------------
N592AS[45]
2025-Jul-07 15:00:00
2025-Jul-09 15:45:00
--------------------------------------------------------
N593AS[50]
393(7/7LAS14:00---PAE16:40)
2025-Jul-07 17:30:00
385-d0(7/7PAE17:40---PHX20:43)
396-d0(7/7PHX21:43---PAE00:44)
391-d0(7/8PAE01:44---LAS04:17)
599-d270(7/8LAS05:15---SEA08:00)
1050-d330(7/8SEA08:56---SFO11:10)
981-d0(7/8SFO13:00---SEA15:04)
1254-d30(7/8SEA15:57---ONT18:35)
1111-d30(7/8ONT19:30---SEA22:08)
1042001-d0(7/8SEA23:17---SBP01:43)
1042-d0(7/9SBP02:35---SEA05:07)
344-d60(7/9SEA06:20---BWI11:21)
2025-Jul-09 15:50:00
--------------------------------------------------------
N594AS[55]
1136001(7/7PDX14:00---DEN16:37)
2025-Jul-07 17:32:00
1136-d0(7/7DEN17:33---PDX20:20)
863-d240(7/7PDX21:30---GEG22:41)
864-d240(7/7GEG23:36---PDX00:48)
1158-d0(7/8PDX02:48---SNA05:18)
1085-d300(7/8SNA06:17---PDX08:39)
728-d300(7/8PDX09:40---LAS11:59)
701-d0(7/8LAS13:00---SEA15:45)
174-d0(7/8SEA16:57---FAI20:40)
103-d0(7/8FAI21:35---ANC22:40)
181-d30(7/8ANC23:36---DLG00:51)
182001-d60(7/9DLG02:15---ANC03:22)
45-d150(7/9ANC04:19---BET05:39)
46-d180(7/9BET06:59---ANC08:18)
59-d180(7/9ANC09:35---MSP15:00)
2025-Jul-09 15:55:00
--------------------------------------------------------
N596AS[45]
966(7/7GEG13:00---SEA14:15)
2025-Jul-07 15:00:00
2025-Jul-09 15:45:00
--------------------------------------------------------
N597AS[55]
2025-Jul-07 15:00:00
2025-Jul-09 15:55:00
--------------------------------------------------------
N607AS[40]
186(7/7JNU13:00---SEA15:28)
2025-Jul-07 16:08:00
2025-Jul-09 15:40:00
--------------------------------------------------------
N609AS[40]
931(7/7RNO14:00---SEA15:56)
2025-Jul-07 16:36:00
2025-Jul-09 15:40:00
--------------------------------------------------------
N611AS[40]
55(7/7ANC13:45---SCC15:30)
2025-Jul-07 16:10:00
55001-d0(7/7SCC16:14---ANC17:58)
64-d0(7/7ANC18:50---JNU20:33)
61001-d240(7/7JNU21:19---YAK22:18)
61003-d240(7/7YAK23:08---CDV00:09)
61-d240(7/8CDV00:59---ANC02:00)
201-d210(7/8ANC02:45---JNU04:28)
157-d330(7/8JNU05:32---GST06:11)
77-d330(7/8GST07:05---JNU07:44)
186-d0(7/8JNU13:00---SEA15:28)
61002-d150(7/8SEA16:30---JNU18:59)
61001-d150(7/8JNU19:49---YAK20:48)
61003-d150(7/8YAK21:38---CDV22:39)
61-d150(7/8CDV23:29---ANC00:30)
89-d210(7/9ANC01:24---ADQ02:27)
88-d210(7/9ADQ03:19---ANC04:19)
155-d330(7/9ANC05:02---OME06:39)
155001-d330(7/9OME07:29---ANC09:03)
70-d360(7/9ANC09:45---JNU11:27)
70001-d360(7/9JNU12:15---SIT12:59)
2025-Jul-09 15:40:00
--------------------------------------------------------
N612AS[50]
2025-Jul-07 15:00:00
2025-Jul-09 15:50:00
--------------------------------------------------------
N613AS[40]
148(7/7ANC08:29---SEA12:00)
65003(7/7SEA14:00---KTN16:04)
2025-Jul-07 16:44:00
65001-d0(7/7KTN16:49---WRG17:28)
65004-d0(7/7WRG18:13---PSG18:44)
65002-d0(7/7PSG19:29---JNU20:19)
64001-d0(7/7JNU21:21---PSG22:07)
64003-d0(7/7PSG22:52---WRG23:25)
64004-d0(7/8WRG00:10---KTN00:55)
64002-d0(7/8KTN01:40---SEA03:35)
720-d270(7/8SEA04:16---FAT06:28)
721-d270(7/8FAT07:10---SEA09:37)
736-d360(7/8SEA10:40---RNO12:35)
931-d0(7/8RNO14:00---SEA15:56)
65003-d180(7/8SEA17:00---KTN19:04)
65001-d180(7/8KTN19:49---WRG20:28)
65004-d180(7/8WRG21:13---PSG21:44)
65002-d180(7/8PSG22:29---JNU23:19)
157-d0(7/9JNU00:02---GST00:41)
77-d0(7/9GST01:35---JNU02:14)
64001-d360(7/9JNU03:21---PSG04:07)
64003-d360(7/9PSG04:52---WRG05:25)
64004-d360(7/9WRG06:10---KTN06:55)
64002-d360(7/9KTN07:40---SEA09:35)
736-d360(7/9SEA10:40---RNO12:35)
2025-Jul-09 15:40:00
--------------------------------------------------------
N615AS[45]
2025-Jul-07 15:00:00
60-d0(7/7JNU15:14---KTN16:15)
60001-d0(7/7KTN17:00---SEA19:03)
72-d180(7/7SEA19:55---JNU22:26)
74-d210(7/7JNU23:52---SEA02:15)
69001-d90(7/8SEA03:05---KTN05:14)
69-d90(7/8KTN05:59---JNU07:00)
84-d360(7/8JNU07:55---ANC09:43)
55-d0(7/8ANC13:45---SCC15:30)
55001-d30(7/8SCC16:44---ANC18:28)
82-d330(7/8ANC19:30---SEA23:01)
720-d0(7/8SEA23:46---FAT01:58)
721-d30(7/9FAT03:10---SEA05:37)
97-d360(7/9SEA06:40---FAI10:25)
192-d360(7/9FAI11:25---ANC12:32)
2025-Jul-09 15:45:00
--------------------------------------------------------
N618AS[50]
593(7/7ANC13:05---PDX16:42)
2025-Jul-07 17:32:00
2025-Jul-09 15:50:00
--------------------------------------------------------
N619AS[40]
61002(7/7SEA14:00---JNU16:29)
2025-Jul-07 17:09:00
2025-Jul-09 15:40:00
--------------------------------------------------------
N622AS[45]
73001(7/7SIT14:00---JNU14:44)
2025-Jul-07 15:29:00
73-d0(7/7JNU15:34---ANC17:24)
108-d0(7/7ANC18:22---FAI19:27)
140-d120(7/7FAI22:17---SEA02:00)
1146-d180(7/8SEA02:59---SAN05:49)
1294-d330(7/8SAN06:48---PDX09:20)
197-d330(7/8PDX10:20---ANC14:04)
231-d0(7/8ANC15:10---ADQ16:11)
232-d0(7/8ADQ17:03---ANC18:01)
43-d0(7/8ANC18:59---BET20:21)
44-d0(7/8BET21:11---ANC22:34)
64-d270(7/8ANC23:20---JNU01:03)
74-d330(7/9JNU01:52---SEA04:15)
1146-d330(7/9SEA05:29---SAN08:19)
1110-d330(7/9SAN09:15---SEA12:21)
2025-Jul-09 15:45:00
--------------------------------------------------------
N703AL[40]
2025-Jul-07 15:00:00
2025-Jul-09 15:40:00
--------------------------------------------------------
N705AL[50]
618(7/7ABQ14:00---SEA17:15)
2025-Jul-07 18:05:00
2025-Jul-09 15:50:00
--------------------------------------------------------
N706AL[55]
2025-Jul-07 15:00:00
2025-Jul-09 15:55:00
--------------------------------------------------------
N707AL[55]
2025-Jul-07 15:00:00
2025-Jul-09 15:55:00
--------------------------------------------------------
N708AL[60]
373(7/7EWR13:00---SFO19:13)
2025-Jul-07 20:13:00
2025-Jul-09 16:00:00
--------------------------------------------------------
N709AL[55]
2025-Jul-07 15:00:00
2025-Jul-09 15:55:00
--------------------------------------------------------
N710AL[50]
341(7/7PIT12:03---SEA17:28)
2025-Jul-07 18:18:00
2025-Jul-09 15:50:00
--------------------------------------------------------
N712AL[50]
563(7/7MCI11:45---SEA15:47)
2025-Jul-07 16:37:00
2025-Jul-09 15:50:00
--------------------------------------------------------
N713AL[60]
249(7/7SFO14:20---BOS20:01)
2025-Jul-07 21:01:00
2025-Jul-09 16:00:00
--------------------------------------------------------
N716AL[55]
368(7/7SFO14:00---MCO19:34)
2025-Jul-07 20:29:00
2025-Jul-09 15:55:00
--------------------------------------------------------
N719AL[60]
458(7/7IAD12:10---SFO17:55)
2025-Jul-07 18:55:00
2025-Jul-09 16:00:00
--------------------------------------------------------
N720AL[60]
917(7/7MCO14:00---SEA20:10)
2025-Jul-07 21:10:00
2025-Jul-09 16:00:00
--------------------------------------------------------
N722AL[30]
2025-Jul-07 15:00:00
2025-Jul-09 15:30:00
--------------------------------------------------------
N723AL[60]
1021(7/7MCO11:00---SAN16:04)
2025-Jul-07 17:04:00
2025-Jul-09 16:00:00
--------------------------------------------------------
N724AL[30]
377(7/7ATL10:30---SEA15:57)
2025-Jul-07 16:27:00
1017-d0(7/7SEA18:20---PDX19:23)
330-d30(7/7PDX20:01---LAX22:29)
1167-d0(7/7LAX23:05---PDX01:26)
1016-d360(7/8PDX02:25---SEA03:25)
445-d300(7/8SEA04:08---RNO05:59)
523-d300(7/8RNO06:47---SEA08:42)
1034-d360(7/8SEA09:14---BOI10:46)
737-d0(7/8BOI12:25---SEA14:05)
555001-d0(7/8SEA15:05---MSP18:29)
555-d0(7/8MSP19:25---SEA23:15)
410-d180(7/8SEA23:45---ORD03:42)
409-d150(7/9ORD04:12---SEA08:54)
1227-d150(7/9SEA09:29---AUS13:37)
2025-Jul-09 15:30:00
--------------------------------------------------------
N725AL[55]
2025-Jul-07 15:00:00
2025-Jul-09 15:55:00
--------------------------------------------------------
N729AL[55]
428(7/7CVG12:40---SEA17:39)
2025-Jul-07 18:34:00
2025-Jul-09 15:55:00
--------------------------------------------------------
N731AL[45]
111(7/7ORD05:59---ANC12:37)
82(7/7ANC14:00---SEA17:31)
2025-Jul-07 18:16:00
2025-Jul-09 15:45:00
--------------------------------------------------------
N732AL[60]
2025-Jul-07 15:00:00
2025-Jul-09 16:00:00
--------------------------------------------------------
N733AL[30]
308(7/7BOS11:30---SFO18:07)
2025-Jul-07 18:37:00
835-d0(7/7SFO19:03---PDX20:50)
836-d0(7/7PDX21:30---SFO23:22)
1075-d330(7/7SFO23:55---SEA02:07)
509-d270(7/8SEA02:45---SLC04:48)
510-d270(7/8SLC05:42---SEA08:00)
642-d330(7/8SEA08:47---DEN11:29)
643-d0(7/8DEN12:00---SEA15:01)
173-d180(7/8SEA16:00---ANC19:40)
57-d270(7/8ANC20:30---FAI21:35)
234-d240(7/8FAI22:05---SEA01:43)
632-d90(7/9SEA02:29---PHX05:30)
611-d360(7/9PHX06:29---SEA09:35)
452-d210(7/9SEA10:29---IAH14:50)
2025-Jul-09 15:30:00
--------------------------------------------------------
N734AL[60]
548(7/7CLE11:00---SEA16:09)
2025-Jul-07 17:09:00
2025-Jul-09 16:00:00
--------------------------------------------------------
N738AL[45]
1043(7/7SFO14:00---SEA16:05)
2025-Jul-07 16:50:00
2025-Jul-09 15:45:00
--------------------------------------------------------
N801AK[50]
2025-Jul-07 15:00:00
2025-Jul-09 15:50:00
--------------------------------------------------------
N803AK[50]
623(7/7JFK13:45---ANC21:26)
2025-Jul-07 22:16:00
51-d0(7/7ANC22:26---BRW00:25)
50-d0(7/8BRW01:15---ANC03:05)
622-d0(7/8ANC04:20---JFK11:33)
623-d0(7/8JFK13:45---ANC21:26)
137-d330(7/8ANC22:25---OTZ00:02)
137001-d330(7/9OTZ00:54---ANC02:24)
51-d300(7/9ANC03:26---BRW05:25)
50-d300(7/9BRW06:15---ANC08:05)
2025-Jul-09 15:50:00
--------------------------------------------------------
N804AK[50]
2025-Jul-07 15:00:00
4-d0(7/7SEA15:34---DCA20:43)
9-d0(7/7DCA21:43---PDX03:31)
1162-d0(7/8PDX04:30---SAN07:05)
1154-d0(7/8SAN14:15---SEA17:22)
807-d60(7/8SEA18:31---KOA00:40)
788-d60(7/9KOA01:40---SFO07:00)
2025-Jul-09 15:50:00
--------------------------------------------------------
N805AK[60]
2025-Jul-07 15:00:00
1179-d0(7/7LAX15:00---SEA17:53)
1144-d0(7/7SEA19:00---LAX21:54)
578-d0(7/8LAX16:05---PDX18:31)
330-d0(7/8PDX19:31---LAX21:59)
2025-Jul-09 16:00:00
--------------------------------------------------------
N806AK[55]
511(7/7PHX14:00---PDX16:43)
2025-Jul-07 17:38:00
757-d0(7/7PDX17:50---LAS20:09)
676-d0(7/7LAS21:04---SEA23:50)
1125-d60(7/8SEA00:47---SLC02:50)
719-d90(7/8SLC04:14---SEA06:37)
91-d210(7/8SEA07:45---SIT10:14)
90-d0(7/8SIT15:15---SEA17:39)
900-d0(7/8SEA18:40---RNO20:38)
601-d30(7/8RNO22:02---SEA23:59)
1144-d360(7/9SEA01:00---LAX03:54)
1167-d360(7/9LAX05:05---PDX07:26)
579-d360(7/9PDX08:35---LAX11:05)
2025-Jul-09 15:55:00
--------------------------------------------------------
N809AK[60]
491(7/7SEA13:00---DFW17:00)
2025-Jul-07 18:00:00
543-d0(7/7DFW18:00---SEA22:17)
N809AK_SEA-22:17/03:17-d0(7/7SEA22:17---7/8 03:17)
1048-d150(7/8SEA03:39---LAX06:30)
1179-d0(7/8LAX15:00---SEA17:53)
843-d0(7/8SEA19:05---KOA01:19)
880-d0(7/9KOA07:30---SEA13:19)
2025-Jul-09 16:00:00
--------------------------------------------------------
N812AK[30]
110(7/7ANC08:55---SEA12:26)
1082(7/7SEA14:00---SFO16:11)
2025-Jul-07 16:41:00
739-d0(7/7SFO18:00---SNA19:40)
1061-d240(7/8SNA00:30---SEA03:15)
154001-d0(7/8SEA18:32---RDM19:44)
154-d0(7/8RDM20:38---SEA21:58)
1202-d0(7/9SEA00:35---SNA03:25)
774-d0(7/9SNA04:15---SEA07:05)
2025-Jul-09 15:30:00
--------------------------------------------------------
N813AK[40]
912(7/7SFO14:20---SAN16:02)
2025-Jul-07 16:42:00
1259-d0(7/7SAN17:00---SEA20:00)
2-d0(7/7SEA20:58---DCA01:59)
1-d0(7/8DCA12:00---SEA17:56)
1138-d0(7/8SEA23:04---SBA01:40)
1139-d0(7/9SBA02:30---SEA05:07)
136-d180(7/9SEA05:55---ANC09:38)
2025-Jul-09 15:40:00
--------------------------------------------------------
N903AK[60]
2025-Jul-07 15:00:00
2025-Jul-09 16:00:00
--------------------------------------------------------
N912AK[60]
284(7/7LAX14:00---EWR19:34)
2025-Jul-07 20:34:00
297-d0(7/7EWR20:34---SAN02:26)
729-d0(7/8SAN03:37---PDX06:14)
1057-d90(7/8PDX07:22---DFW11:10)
573-d90(7/8DFW12:30---SEA16:47)
101-d60(7/8SEA17:53---KTN19:58)
102-d90(7/8KTN21:22---SEA23:24)
92-d180(7/9SEA00:33---KTN02:41)
94-d210(7/9KTN04:05---SEA06:05)
427-d30(7/9SEA07:19---CVG11:37)
2025-Jul-09 16:00:00
--------------------------------------------------------
N913AK[50]
1101(7/7PDX14:00---LAS16:19)
2025-Jul-07 17:09:00
2025-Jul-09 15:50:00
--------------------------------------------------------
N915AK[60]
1239(7/7PDX14:00---PHX16:46)
2025-Jul-07 17:46:00
637-d0(7/7PHX17:46---SEA20:53)
962-d0(7/7SEA23:03---GEG00:13)
964-d60(7/8GEG02:07---SEA03:21)
960-d240(7/8SEA04:43---GEG05:50)
965-d270(7/8GEG07:14---SEA08:30)
1264-d330(7/8SEA09:33---SAN12:29)
974-d0(7/8SAN14:00---PDX16:35)
1296-d0(7/8PDX17:40---SAN20:15)
1297-d0(7/8SAN21:15---PDX23:49)
1455-d0(7/9PDX00:49---ANC04:40)
138-d60(7/9ANC06:08---ORD12:24)
2025-Jul-09 16:00:00
--------------------------------------------------------
N917AK[30]
2025-Jul-07 15:00:00
2025-Jul-09 15:30:00
--------------------------------------------------------
N918AK[60]
2025-Jul-07 15:00:00
2025-Jul-09 16:00:00
--------------------------------------------------------
N919AK[30]
248(7/7ANC14:30---SEA18:08)
2025-Jul-07 18:38:00
2025-Jul-09 15:30:00
--------------------------------------------------------
N920AK[45]
1091(7/7ONT13:00---SEA15:42)
2025-Jul-07 16:27:00
2025-Jul-09 15:45:00
--------------------------------------------------------
N921AK[30]
745(7/7DEN14:00---SEA17:00)
2025-Jul-07 17:30:00
2025-Jul-09 15:30:00
--------------------------------------------------------
N924AK[45]
85(7/7SEA14:00---ANC17:35)
2025-Jul-07 18:20:00
2025-Jul-09 15:45:00
--------------------------------------------------------
N926AK[60]
351(7/7IAD10:30---SEA16:17)
2025-Jul-07 17:17:00
2025-Jul-09 16:00:00
--------------------------------------------------------
N928AK[40]
499(7/7PDX13:05---SEA14:09)
2025-Jul-07 15:00:00
2025-Jul-09 15:40:00
--------------------------------------------------------
N929AK[60]
504(7/7LAX14:00---SEA16:47)
2025-Jul-07 17:47:00
505-d30(7/7SEA17:47---LAX20:40)
1279-d0(7/7LAX22:16---GEG00:47)
1280-d0(7/8GEG01:49---LAX04:35)
1215-d210(7/8LAX05:55---SEA08:47)
644-d360(7/8SEA09:55---PHX12:54)
799-d60(7/8PHX14:00---SEA17:04)
71-d0(7/8SEA18:43---JNU21:19)
176-d30(7/8JNU22:45---SEA01:12)
1168-d0(7/9SEA02:25---BUR04:59)
1107-d300(7/9BUR06:04---PDX08:21)
436-d300(7/9PDX09:37---BOS15:00)
2025-Jul-09 16:00:00
--------------------------------------------------------
N931AK[30]
2025-Jul-07 15:00:00
2025-Jul-09 15:30:00
--------------------------------------------------------
N932AK[60]
2025-Jul-07 15:00:00
390-d0(7/7SAN15:40---BOS21:27)
819-d0(7/7BOS22:32---SEA05:02)
1224-d210(7/8SEA06:25---LAX09:16)
803-d360(7/8LAX10:36---PDX12:59)
526-d0(7/8PDX14:04---SFO15:53)
1169-d120(7/8SFO17:20---SEA19:30)
49-d180(7/8SEA20:55---ANC00:35)
201-d150(7/9ANC01:45---JNU03:28)
84-d180(7/9JNU04:55---ANC06:43)
164-d30(7/9ANC07:48---DEN13:05)
2025-Jul-09 16:00:00
--------------------------------------------------------
N933AK[55]
2025-Jul-07 15:00:00
2025-Jul-09 15:55:00
--------------------------------------------------------
N934AK[60]
1076(7/7PDX14:00---LAX16:39)
2025-Jul-07 17:39:00
2025-Jul-09 16:00:00
--------------------------------------------------------
N935AK[55]
156(7/7FAI10:09---SEA13:44)
2025-Jul-07 15:00:00
2025-Jul-09 15:55:00
--------------------------------------------------------
N936AK[60]
1193(7/7SJC14:03---SEA16:15)
2025-Jul-07 17:15:00
2025-Jul-09 16:00:00
--------------------------------------------------------
N938AK[45]
573(7/7DFW11:00---SEA15:17)
2025-Jul-07 16:02:00
2025-Jul-09 15:45:00
--------------------------------------------------------
N941AK[60]
1154(7/7SAN14:15---SEA17:22)
2025-Jul-07 18:22:00
2025-Jul-09 16:00:00
--------------------------------------------------------
N942AK[60]
2025-Jul-07 15:00:00
2025-Jul-09 16:00:00
--------------------------------------------------------
N947AK[30]
1217(7/7SMF13:15---SEA15:15)
2025-Jul-07 15:45:00
2025-Jul-09 15:30:00
--------------------------------------------------------
N948AK[60]
2025-Jul-07 15:00:00
2025-Jul-09 16:00:00
--------------------------------------------------------
N949AK[60]
2025-Jul-07 15:00:00
2025-Jul-09 16:00:00
--------------------------------------------------------
N952AK[50]
381(7/7DTW11:00---SEA15:57)
2025-Jul-07 16:47:00
2025-Jul-09 15:50:00
--------------------------------------------------------
N953AK[60]
68(7/7MSP13:20---ANC19:20)
2025-Jul-07 20:20:00
2025-Jul-09 16:00:00
--------------------------------------------------------
N954AK[50]
1226(7/7SEA14:00---SJC16:08)
2025-Jul-07 16:58:00
1311-d0(7/7SJC17:03---SEA19:14)
932-d90(7/7SEA20:06---ABQ23:07)
933-d90(7/8ABQ00:01---SEA03:11)
1030-d330(7/8SEA04:18---BZN06:01)
1031-d330(7/8BZN06:55---SEA09:05)
133-d360(7/8SEA09:55---ANC13:34)
188-d90(7/8ANC14:30---SEA18:00)
1007-d120(7/8SEA18:54---PHX21:55)
975-d0(7/8PHX22:47---SEA01:52)
1198-d360(7/9SEA03:05---SAN05:55)
735-d360(7/9SAN06:51---SEA09:50)
112-d240(7/9SEA10:50---FAI14:36)
2025-Jul-09 15:50:00
--------------------------------------------------------
N955AK[55]
2025-Jul-07 15:00:00
2025-Jul-09 15:55:00
--------------------------------------------------------
N956AK[60]
1265(7/7SAN13:15---SEA16:16)
2025-Jul-07 17:16:00
2025-Jul-09 16:00:00
--------------------------------------------------------
N958AK[30]
361(7/7OMA11:05---SEA14:47)
2025-Jul-07 15:17:00
2025-Jul-09 15:30:00
--------------------------------------------------------
N960AK[30]
387(7/7MSP11:40---SEA15:44)
2025-Jul-07 16:14:00
2025-Jul-09 15:30:00
--------------------------------------------------------
N961AK[30]
336(7/7BOS10:00---PDX16:17)
2025-Jul-07 16:47:00
2025-Jul-09 15:30:00
--------------------------------------------------------
N962AK[60]
2025-Jul-07 15:00:00
2025-Jul-09 16:00:00
--------------------------------------------------------
N963AK[60]
831(7/7PDX14:00---OGG19:55)
2025-Jul-07 20:55:00
898-d0(7/7OGG20:55---PDX02:19)
N963AK_PDX-02:19/05:19-d0(7/8PDX02:19---7/8 05:19)
1122-d300(7/8PDX05:30---SAN08:03)
1067-d330(7/8SAN09:29---GEG12:14)
1130-d0(7/8GEG14:00---SAN16:47)
1073-d0(7/8SAN17:50---PDX20:28)
1160-d0(7/8PDX21:50---LAX00:15)
1093-d0(7/9LAX01:15---SEA04:00)
1156-d150(7/9SEA05:29---SAN08:30)
729-d360(7/9SAN09:37---PDX12:14)
2025-Jul-09 16:00:00
--------------------------------------------------------
N964AK[60]
797(7/7SEA14:00---LAX16:50)
2025-Jul-07 17:50:00
2025-Jul-09 16:00:00
--------------------------------------------------------
N966AK[60]
30(7/7SFO13:18---JFK19:00)
2025-Jul-07 20:00:00
25-d0(7/7JFK20:00---SAN01:57)
1005-d0(7/8SAN02:57---SFO04:37)
525-d240(7/8SFO06:05---PDX07:50)
1291-d270(7/8PDX09:00---LAX11:29)
1124-d0(7/8LAX14:00---PDX16:23)
1143-d0(7/8PDX17:30---LAX20:00)
1315-d0(7/8LAX21:05---PDX23:25)
946-d180(7/9PDX00:30---BOI01:48)
1019-d210(7/9BOI03:13---SEA04:50)
394-d0(7/9SEA06:05---MCO11:40)
2025-Jul-09 16:00:00
--------------------------------------------------------
N967AK[60]
303(7/7DFW12:25---PDX16:28)
2025-Jul-07 17:28:00
2025-Jul-09 16:00:00
--------------------------------------------------------
N968AK[50]
737(7/7BOI12:25---SEA14:05)
2025-Jul-07 15:00:00
1166-d0(7/7SEA15:10---SFO17:29)
718-d150(7/7SFO18:20---LAS20:02)
613-d330(7/7LAS21:00---SFO22:40)
571-d60(7/7SFO23:48---LAS01:31)
403-d0(7/8LAS02:45---SEA05:37)
636-d150(7/8SEA06:48---LAS09:31)
570-d300(7/8LAS10:21---SFO11:59)
718-d0(7/8SFO15:50---LAS17:32)
479-d210(7/8LAS18:30---SEA21:10)
1114-d180(7/8SEA22:09---SJC00:29)
1175-d180(7/9SJC01:24---SEA03:34)
980-d0(7/9SEA04:40---SFO06:59)
1327-d300(7/9SFO07:49---SEA10:05)
115-d360(7/9SEA10:59---FAI14:49)
2025-Jul-09 15:50:00
--------------------------------------------------------
N969AK[55]
24(7/7SAN14:00---JFK19:39)
2025-Jul-07 20:34:00
2025-Jul-09 15:55:00
--------------------------------------------------------
N972AK[30]
399(7/7IAH14:00---SEA18:45)
2025-Jul-07 19:15:00
2025-Jul-09 15:30:00
--------------------------------------------------------
N973AK[30]
595(7/7AUS12:15---SEA16:40)
2025-Jul-07 17:10:00
2025-Jul-09 15:30:00
--------------------------------------------------------
N974AK[30]
298(7/7SEA13:41---EWR19:00)
2025-Jul-07 19:30:00
2025-Jul-09 15:30:00
--------------------------------------------------------
N975AK[60]
299(7/7EWR11:19---SEA17:31)
2025-Jul-07 18:31:00
2025-Jul-09 16:00:00
--------------------------------------------------------
N976AK[40]
1228(7/7AUS14:45---SEA19:12)
2025-Jul-07 19:52:00
2025-Jul-09 15:40:00
--------------------------------------------------------
N977AK[55]
451(7/7MSY12:10---SEA17:16)
2025-Jul-07 18:11:00
2025-Jul-09 15:55:00
--------------------------------------------------------
N978AK[60]
784(7/7PDX14:00---ATL18:46)
2025-Jul-07 19:46:00
475-d0(7/7ATL19:47---SAN00:31)
1135-d180(7/8SAN01:35---SEA04:31)
225-d330(7/8SEA05:45---ANC09:24)
150-d120(7/8ANC10:34---LAX15:55)
798-d30(7/8LAX17:20---SEA20:05)
700-d30(7/8SEA21:05---PHX23:59)
1006-d270(7/9PHX01:25---SEA04:30)
1318001-d240(7/9SEA05:59---SFO08:12)
374-d240(7/9SFO09:19---EWR14:54)
2025-Jul-09 16:00:00
--------------------------------------------------------
N982AK[55]
433(7/7TPA13:00---SAN17:50)
2025-Jul-07 18:45:00
2025-Jul-09 15:55:00
--------------------------------------------------------
N983AK[50]
495(7/7SAT12:00---SEA16:24)
2025-Jul-07 17:14:00
1306-d150(7/7SEA17:30---LAX20:19)
1240-d210(7/7LAX21:32---PDX23:55)
1160-d180(7/8PDX00:50---LAX03:15)
1093-d180(7/8LAX04:15---SEA07:00)
N983AK_SEA-07:06/11:06-d0(7/8SEA07:06---7/8 11:06)
328-d270(7/8SEA11:10---ORD15:10)
329-d60(7/8ORD16:00---SEA20:34)
352-d150(7/8SEA21:48---AUS02:00)
513-d90(7/9AUS03:15---SFO06:59)
525-d360(7/9SFO08:05---PDX09:50)
1057-d300(7/9PDX10:52---DFW14:40)
2025-Jul-09 15:50:00
--------------------------------------------------------
N984AK[35]
395(7/7MCO11:20---SEA17:30)
2025-Jul-07 18:05:00
934001-d0(7/7SEA18:20---EUG19:36)
934-d0(7/7EUG20:30---SEA21:48)
697001-d180(7/7SEA22:52---MSO00:17)
697-d180(7/8MSO01:13---SEA02:51)
1192-d0(7/8SEA03:37---SJC05:49)
1201-d120(7/8SJC06:46---SEA08:59)
1040-d330(7/8SEA10:00---ONT12:45)
1091-d30(7/8ONT13:30---SEA16:12)
738-d0(7/8SEA17:40---LAS20:19)
1467-d150(7/8LAS20:57---PDX23:18)
121-d360(7/8PDX23:53---BUR02:12)
122-d360(7/9BUR03:07---PDX05:25)
278-d330(7/9PDX06:10---LAX08:45)
282-d300(7/9LAX09:26---EWR14:59)
2025-Jul-09 15:35:00
--------------------------------------------------------
N985AK[60]
2025-Jul-07 15:00:00
2025-Jul-09 16:00:00
--------------------------------------------------------
N990AK[60]
2025-Jul-07 15:00:00
2025-Jul-09 16:00:00
--------------------------------------------------------
N407AS[60]
2025-Jul-07 15:00:00
502-d0(7/7SEA16:03---AUS20:11)
518-d0(7/7AUS21:11---SFO00:57)
591-d150(7/8SFO02:14---SEA04:24)
115-d30(7/8SEA05:29---FAI09:19)
168-d150(7/8FAI10:44---SEA14:30)
85-d90(7/8SEA15:30---ANC19:05)
108-d120(7/8ANC20:22---FAI21:27)
140-d150(7/8FAI22:47---SEA02:30)
600-d300(7/9SEA03:42---LAS06:16)
403-d300(7/9LAS07:45---SEA10:37)
161-d360(7/9SEA11:47---EUG13:01)
2025-Jul-09 16:00:00
--------------------------------------------------------
N428AS[60]
2025-Jul-07 15:00:00
2025-Jul-09 16:00:00
--------------------------------------------------------
N468AS[45]
2025-Jul-07 15:00:00
2025-Jul-09 15:45:00
--------------------------------------------------------
N479AS[60]
2025-Jul-07 15:00:00
1410-d0(7/7SFO15:00---PDX16:45)
1161-d30(7/7PDX18:00---PHX20:46)
1238-d30(7/7PHX21:46---PDX00:29)
946-d240(7/8PDX01:30---BOI02:48)
1019-d270(7/8BOI04:13---SEA05:50)
1227-d0(7/8SEA06:59---AUS11:07)
595-d0(7/8AUS12:15---SEA16:40)
934001-d0(7/8SEA18:20---EUG19:36)
934-d30(7/8EUG21:00---SEA22:18)
1010-d300(7/8SEA23:20---GEG00:29)
1011-d330(7/9GEG01:53---SEA03:07)
445-d300(7/9SEA04:08---RNO05:59)
523-d330(7/9RNO07:17---SEA09:12)
400-d240(7/9SEA10:18---BNA14:40)
2025-Jul-09 16:00:00
--------------------------------------------------------
N563AS[45]
2025-Jul-07 15:00:00
2025-Jul-09 15:45:00
--------------------------------------------------------
N566AS[60]
2025-Jul-07 15:00:00
2025-Jul-09 16:00:00
--------------------------------------------------------
N588AS[60]
2025-Jul-07 15:00:00
2025-Jul-09 16:00:00
--------------------------------------------------------
N614AS[50]
2025-Jul-07 15:00:00
2025-Jul-09 15:50:00
--------------------------------------------------------
N946AK[55]
2025-Jul-07 15:00:00
2025-Jul-09 15:55:00
--------------------------------------------------------
N971AK[55]
2025-Jul-07 15:00:00
2025-Jul-09 15:55:00
--------------------------------------------------------
N979AK[55]
2025-Jul-07 15:00:00
2025-Jul-09 15:55:00
--------------------------------------------------------
================== Unassigned Flights ==================
1290001(7/7SEA15:00---BUR17:36)
10(7/7PDX15:00---DCA20:02)
196(7/7ADQ15:00---ANC15:57)
648(7/7SEA15:00---TUS18:10)
1149(7/7SNA15:02---SEA17:56)
366001(7/7SEA15:02---MKE18:54)
890(7/7SEA15:03---ORD19:13)
26(7/7SEA15:05---JFK20:29)
555001(7/7SEA15:05---MSP18:29)
682001(7/7SEA15:06---DEN17:53)
916(7/7SEA15:08---MCO20:50)
825(7/7SEA15:09---OGG21:20)
233(7/7SAN15:10---EWR20:43)
405001(7/7SEA15:11---OKC18:48)
47(7/7ANC15:15---SEA18:52)
90(7/7SIT15:15---SEA17:39)
414(7/7SEA15:17---DFW19:19)
165(7/7DEN15:20---ANC20:54)
214(7/7LAX15:20---IAD20:25)
306(7/7SEA15:21---BOS20:45)
305001(7/7SEA15:25---MIA21:20)
227(7/7JFK15:30---SFO21:48)
313001(7/7SEA15:30---DTW19:50)
388(7/7SEA15:32---STL19:26)
402(7/7SEA15:47---CHS21:00)
572001(7/7SEA15:55---RDU21:01)
294(7/7PDX16:00---EWR21:21)
320(7/7SAN16:00---MCO21:13)
83(7/7SEA16:00---ANC19:35)
57(7/7ANC16:00---FAI17:05)
270(7/7ONT16:00---HNL21:55)
1268(7/7PDX16:00---BNA20:19)
113(7/7SFO16:05---JFK21:47)
578(7/7LAX16:05---PDX18:31)
312001(7/7SEA16:06---OMA19:17)
418001(7/7SEA16:13---MCI19:39)
1113(7/7SFO16:15---SEA18:30)
406001(7/7SEA16:15---IAD21:13)
899(7/7SAN16:19---KOA22:20)
568(7/7SEA16:19---MSY20:53)
727(7/7SEA16:22---ATL21:11)
326(7/7SEA16:24---TPA21:50)
442(7/7SEA16:42---PHL21:47)
8(7/7SFO16:45---DCA21:58)
426(7/7SEA16:50---DFW20:48)
798(7/7LAX16:50---SEA19:35)
1051(7/7SEA16:50---BUR19:26)
101(7/7SEA16:53---KTN18:58)
1007(7/7SEA16:54---PHX19:55)
1080(7/7SEA16:55---SJC19:10)
731(7/7PHX17:00---PAE20:03)
23(7/7JFK17:00---SEA23:08)
875(7/7SEA17:00---LIH23:15)
378(7/7SEA17:03---BWI22:10)
1133(7/7SEA17:03---SMF19:03)
198(7/7ANC17:05---PDX20:44)
450001(7/7SEA17:10---CMH21:32)
477(7/7SEA17:10---EWR22:29)
796(7/7SLC17:12---SEA19:28)
508001(7/7SEA17:12---CVG21:37)
629(7/7LAS17:14---SEA19:58)
522001(7/7SEA17:20---BNA21:44)
535001(7/7SEA17:20---DEN20:07)
1277(7/7SNA17:21---SEA20:06)
887(7/7SEA17:22---HNL23:33)
480001(7/7SEA17:25---MSP20:46)
829(7/7SAN17:29---OGG23:34)
128(7/7PDX17:30---SFO19:24)
1084(7/7PDX17:30---SNA20:03)
1143(7/7PDX17:30---LAX20:00)
1420(7/7PDX17:30---IAH21:50)
807(7/7SEA17:31---KOA23:40)
160(7/7ANC17:35---SEA21:09)
300(7/7PDX17:35---MCO23:12)
775(7/7PDX17:42---ANC21:26)
500001(7/7SEA17:42---IND21:48)
1278(7/7SEA17:47---ONT20:26)
322(7/7SAN17:48---IAD22:59)
429(7/7SEA17:50---ORD21:57)
121(7/7PDX17:53---BUR20:12)
49(7/7SEA17:55---ANC21:35)
725(7/7PDX17:55---AUS21:56)
818(7/7SEA17:58---BOS23:19)
824(7/7HNL18:00---SEA23:50)
862(7/7OGG18:00---SEA23:38)
822(7/7KOA18:00---SEA23:54)
891(7/7ORD18:03---SEA22:42)
474(7/7SAN18:04---ATL22:31)
234(7/7FAI18:05---SEA21:43)
412001(7/7SEA18:06---PIT22:42)
34(7/7SEA18:06---JFK23:29)
434(7/7SFO18:10---IAD23:19)
1299(7/7SNA18:10---PDX20:34)
63(7/7SEA18:20---SIT20:44)
1174(7/7SEA18:22---SNA21:14)
904(7/7SEA18:23---BZN20:06)
1467(7/7LAS18:27---PDX20:48)
392(7/7PDX18:28---DFW22:16)
1290(7/7BUR18:30---SEA21:08)
1112(7/7SEA18:31---SFO20:47)
1328(7/7SEA18:31---OAK20:44)
104(7/7ANC18:35---SEA22:04)
503(7/7AUS18:36---SEA22:59)
900(7/7SEA18:40---RNO20:38)
1096(7/7SEA18:41---SAN21:38)
438(7/7SEA18:45---IAH23:10)
682(7/7DEN18:49---SEA21:48)
603(7/7PHX18:52---SEA21:58)
817(7/7SEA18:55---OGG01:10)
1305(7/7LAX18:55---SEA21:39)
598(7/7SFO18:55---ORD23:18)
106001(7/7SEA19:00---FAI22:53)
1118(7/7SEA19:00---ONT21:46)
658(7/7SEA19:00---LAS21:44)
1314(7/7SJC19:02---SEA21:10)
325(7/7ORD19:03---PDX23:35)
843(7/7SEA19:05---KOA01:19)
641(7/7TUS19:06---SEA22:20)
1114(7/7SEA19:09---SJC21:29)
1137(7/7SAN19:12---SEA22:10)
555(7/7MSP19:25---SEA23:15)
1018(7/7SEA19:31---BOI21:04)
494001(7/7SEA19:33---SAT23:37)
740(7/7SNA19:42---SFO21:10)
14(7/7SAN19:42---DCA00:59)
405(7/7OKC19:44---SEA23:38)
291(7/7SEA19:46---STL23:35)
1150001(7/7SEA19:48---BUR22:19)
366(7/7MKE19:50---SEA00:16)
102(7/7KTN19:52---SEA21:54)
175(7/7SEA19:55---ANC23:27)
1281(7/7SMF19:57---SEA21:54)
280(7/7EWR20:00---SEA02:12)
1081(7/7SJC20:04---SEA22:12)
407(7/7ORD20:09---SEA00:49)
312(7/7OMA20:14---SEA23:54)
415(7/7DFW20:19---SEA00:34)
1038(7/7BUR20:20---SEA22:59)
388001(7/7STL20:24---SEA00:50)
20(7/7SFO20:24---JFK02:08)
304(7/7BOS20:25---SEA02:48)
266(7/7ANC20:25---SFO01:05)
6(7/7LAX20:31---DCA01:42)
418(7/7MCI20:34---SEA00:32)
229001(7/7SEA20:35---MSP23:53)
700(7/7SEA20:35---PHX23:29)
357001(7/7SEA20:35---MCI00:01)
114(7/7JFK20:39---SFO03:02)
419(7/7MCO20:39---SEA02:50)
162(7/7ANC20:40---SEA00:13)
95(7/7SEA20:40---JNU23:12)
31(7/7JFK20:45---SEA03:10)
410(7/7SEA20:45---ORD00:42)
313(7/7DTW20:46---SEA01:45)
840(7/7LIH20:47---SEA02:32)
189(7/7SEA20:49---ANC00:25)
432(7/7SAN20:52---TPA01:50)
1006(7/7PHX20:55---SEA00:00)
534(7/7SFO20:59---AUS00:45)
732(7/7PAE21:00---PHX00:03)
905(7/7BZN21:00---SEA22:59)
3(7/7DCA21:02---SEA03:00)
535(7/7DEN21:03---SEA00:00)
1315(7/7LAX21:05---PDX23:25)
1198(7/7SEA21:05---SAN23:55)
1319(7/7BOS21:06---PDX03:24)
122(7/7BUR21:07---PDX23:25)
65(7/7JNU21:07---ANC22:53)
1300(7/7SEA21:10---LAX23:58)
1083(7/7LAX21:10---SEA23:54)
773(7/7SEA21:10---SNA00:01)
1269(7/7BNA21:19---PDX02:15)
1242(7/7ONT21:21---SEA23:58)
507(7/7IAD21:25---SAN02:52)
19(7/7JFK21:29---PDX03:46)
462(7/7EWR21:30---SEA03:44)
778(7/7PDX21:30---LAS23:49)
601(7/7RNO21:32---SEA23:29)
92(7/7SEA21:33---KTN23:41)
1235(7/7PDX21:34---DEN00:10)
16(7/7SEA21:37---JFK02:59)
1247(7/7OAK21:38---SEA23:38)
107(7/7ANC21:40---SEA01:08)
58(7/7SIT21:40---SEA00:00)
290(7/7EWR21:43---PDX03:50)
389(7/7BOS21:45---SAN04:00)
1225(7/7SFO21:45---SEA23:54)
646(7/7DFW21:46---PDX01:47)
1204(7/7PDX21:49---SAN00:22)
480(7/7MSP21:50---SEA01:49)
894(7/7KOA21:50---SAN03:16)
1287(7/7PDX21:50---BUR00:09)
301(7/7MCO21:50---PDX03:50)
569(7/7MSY21:53---SEA03:00)
89(7/7ANC21:54---ADQ22:57)
131(7/7SEA21:58---ANC01:30)
947(7/7BOI22:00---PDX23:21)
572(7/7RDU22:01---SEA03:56)
1191(7/7SNA22:02---SEA00:48)
485(7/7CHS22:03---SEA04:00)
929(7/7SFO22:05---PDX23:50)
183(7/7ANC22:10---DLG23:25)
783(7/7ATL22:11---PDX03:35)
397(7/7MCO22:13---SAN03:18)
406(7/7IAD22:13---SEA04:00)
305(7/7MIA22:20---SEA05:07)
226(7/7ANC22:20---SEA01:50)
860(7/7OGG22:20---SEA04:00)
1175(7/7SJC22:24---SEA00:34)
293(7/7EWR22:24---SFO04:49)
450(7/7CMH22:28---SEA03:35)
508(7/7CVG22:37---SEA03:35)
1257(7/7SEA22:38---SNA01:26)
634(7/7LAS22:39---SFO00:20)
600(7/7SEA22:42---LAS01:16)
460(7/7SEA22:43---BOS03:59)
522(7/7BNA22:44---SEA03:48)
1052001(7/7SEA22:48---BUR01:24)
500(7/7IND22:48---SEA03:35)
602(7/7SEA22:49---DEN01:32)
56(7/7ANC22:50---SEA02:20)
1421(7/7IAH22:50---PDX03:15)
443(7/7PHL22:52---SEA04:57)
17(7/7JFK22:53---SEA05:22)
420(7/7SEA22:53---MCO04:33)
337(7/7ORD22:54---SEA03:34)
271(7/7HNL22:55---ONT04:27)
326001(7/7TPA22:55---SEA05:07)
99(7/7SEA22:58---ANC02:42)
7(7/7DCA22:58---SFO04:53)
348(7/7SEA22:59---IAD03:59)
1396(7/7AUS23:00---PDX03:14)
1119(7/7ONT23:00---SEA01:40)
492(7/7SEA23:09---ATL03:59)
379(7/7BWI23:10---SEA05:07)
317(7/7DFW23:16---SEA03:35)
1092(7/7SEA23:18---LAX02:05)
561(7/7KOA23:20---LAX04:51)
941(7/7SEA23:25---ORD03:30)
287(7/7EWR23:29---LAX05:35)
334(7/7ATL23:31---SEA05:07)
412(7/7PIT23:42---SEA05:07)
590(7/7SEA23:42---SFO01:53)
86(7/7ANC23:45---SCC01:31)
88(7/7ADQ23:49---ANC00:49)
106(7/7FAI23:53---SEA03:35)
435(7/7IAD23:59---SFO05:46)
688(7/7SEA23:59---LAS02:34)
1214(7/8SEA00:04---SJC02:15)
439(7/8IAH00:10---SEA04:53)
369(7/8MCO00:12---SFO05:59)
1301(7/8LAX00:15---SEA03:00)
791(7/8LIH00:15---SFO05:29)
1468(7/8SEA00:15---LAX03:00)
821(7/8SAN00:16---LIH06:32)
597(7/8ORD00:18---SFO05:06)
213(7/8IAD00:19---LAX05:48)
355(7/8BOS00:19---SFO06:59)
182(7/8DLG00:20---ANC01:30)
269(7/8SFO00:22---ANC05:15)
41(7/8JFK00:29---SFO06:59)
291001(7/8STL00:32---SEA05:00)
896(7/8HNL00:33---SEA06:31)
806(7/8OGG00:34---SAN05:55)
376(7/8PDX00:35---ORD04:39)
1370(7/8PDX00:35---AUS04:42)
494(7/8SAT00:37---SEA04:53)
97(7/8SEA00:40---FAI04:25)
398(7/8SEA00:40---IAH04:59)
856(7/8KOA00:40---SJC05:45)
382(7/8SEA00:43---BNA04:59)
353(7/8PDX00:46---OGG06:39)
229(7/8MSP00:49---SEA04:45)
538(7/8SEA00:54---ORD04:59)
1295(7/8PDX00:55---SFO02:48)
78(7/8SEA00:55---ANC04:37)
372(7/8SEA00:56---AUS05:05)
357(7/8MCI00:56---SEA04:56)
632(7/8SEA00:59---PHX04:00)
1163(7/8SEA00:59---DEN03:47)
730(7/8SEA00:59---LAS03:38)
1140(7/8SEA00:59---SFO03:15)
424(7/8SEA00:59---DFW04:59)
1107(7/8BUR01:04---PDX03:21)
564(7/8SEA01:05---MCI04:35)
1131(7/8DEN01:06---PDX03:50)
472(7/8SEA01:06---STL04:59)
1397(7/8LAX01:07---PDX03:30)
241(7/8SEA01:10---MKE04:59)
67001(7/8KTN01:25---SIT02:20)
823(7/8SEA01:25---HNL07:33)
805(7/8SEA01:25---OGG07:34)
143(7/8ANC01:30---SEA05:07)
779(7/8LAS01:31---PDX03:50)
1310(7/8SEA01:36---SJC03:51)
386(7/8SEA01:37---MSP04:59)
776(7/8SFO01:40---LAS03:25)
409(7/8ORD01:42---SEA06:24)
839(7/8SEA01:45---LIH07:54)
513(7/8AUS01:45---SFO05:29)
338(7/8SEA01:48---OMA04:59)
478(7/8SEA01:50---LAS04:26)
1104(7/8SEA01:50---SNA04:39)
939(7/8SEA01:55---SAN04:47)
1028(7/8SAN01:58---OGG07:59)
801(7/8SEA01:59---KOA08:04)
1199(7/8SAN02:05---SEA05:07)
1318(7/8SEA02:13---SFO04:22)
1203(7/8SNA02:14---SEA05:07)
87(7/8SCC02:15---ANC04:00)
1052(7/8BUR02:18---SEA05:07)
177(7/8ANC02:30---ADQ03:30)
615(7/8DEN02:32---SEA05:42)
579(7/8PDX02:35---LAX05:05)
193(7/8LAX02:45---ANC08:08)
827(7/8ANC02:55---HNL08:59)
141(7/8PHX02:57---ANC08:48)
1156(7/8SEA02:59---SAN06:00)
1004(7/8SEA02:59---GEG04:09)
67003(7/8SIT03:08---JNU03:52)
70(7/8ANC03:45---JNU05:27)
1110(7/8SAN03:45---SEA06:51)
272(7/8ANC04:10---SEA07:45)
444(7/8SEA04:15---PHL09:25)
1055(7/8LAX04:15---SEA07:06)
749(7/8LAS04:19---SEA07:06)
282(7/8LAX04:26---EWR09:59)
307(7/8SFO04:28---BOS10:10)
436(7/8PDX04:37---BOS10:00)
67(7/8JNU04:40---ANC06:28)
547(7/8SEA04:40---CLE09:11)
314(7/8SEA04:40---EWR09:59)
1152(7/8SEA04:44---OAK07:01)
315(7/8SEA04:45---CMH09:13)
545(7/8SEA04:45---IND09:00)
1230(7/8SEA04:45---SMF06:45)
1020(7/8SAN04:50---MCO10:00)
919(7/8SEA04:55---RDU10:00)
36(7/8SAN04:56---JFK10:29)
138(7/8ANC05:08---ORD11:24)
374(7/8SFO05:19---EWR10:54)
344(7/8SEA05:20---BWI10:21)
192(7/8FAI05:25---ANC06:32)
22(7/8SEA05:41---JFK11:02)
455(7/8SFO05:43---IAD10:50)
259(7/8SAN05:45---BOS11:30)
360(7/8SEA05:58---TPA11:25)
111(7/8ORD05:59---ANC12:37)
394(7/8SEA06:05---MCO11:40)
340(7/8SEA06:10---PIT10:43)
490(7/8SEA06:16---MSY10:50)
400(7/8SEA06:18---BNA10:40)
367(7/8SEA06:30---IAD11:27)
59(7/8ANC06:35---MSP12:00)
423(7/8SEA06:36---SAT10:40)
536(7/8SEA06:40---BOS12:00)
427(7/8SEA06:49---CVG11:07)
464(7/8SEA06:59---ATL11:49)
144(7/8SEA06:59---ANC10:39)
452(7/8SEA06:59---IAH11:20)
164(7/8ANC07:18---DEN12:35)
109(7/8ANC07:26---ORD13:40)
880(7/8KOA07:30---SEA13:19)
810(7/8LIH07:32---SEA13:16)
558(7/8OGG07:39---PDX13:00)
148(7/8ANC08:29---SEA12:00)
828(7/8HNL08:33---ANC14:40)
814(7/8OGG08:34---SEA14:11)
826(7/8LIH08:54---SAN14:33)
1029(7/8OGG08:59---SAN14:18)
336(7/8BOS10:00---PDX16:17)
351(7/8IAD10:30---SEA16:17)
377(7/8ATL10:30---SEA15:57)
546(7/8IND10:30---SEA15:19)
446(7/8PHL10:45---SEA16:42)
453(7/8IAH11:00---SEA15:40)
1021(7/8MCO11:00---SAN16:04)
548(7/8CLE11:00---SEA16:09)
942(7/8ORD11:00---SEA15:37)
21(7/8JFK11:00---SEA17:13)
316(7/8CMH11:00---SEA16:05)
627(7/8TPA11:00---SEA17:06)
361(7/8OMA11:05---SEA14:47)
299(7/8EWR11:19---SEA17:31)
459(7/8BOS11:20---SEA17:38)
395(7/8MCO11:20---SEA17:30)
242(7/8MKE11:30---SEA15:53)
308(7/8BOS11:30---SFO18:07)
920(7/8RDU11:36---SEA17:30)
387(7/8MSP11:40---SEA15:44)
473(7/8STL11:41---SEA16:10)
563(7/8MCI11:45---SEA15:47)
349(7/8BWI11:51---SEA17:40)
289(7/8EWR11:52---LAX17:46)
495(7/8SAT12:00---SEA16:24)
413(7/8ORD12:00---PDX16:25)
383(7/8BNA12:00---SEA17:06)
341(7/8PIT12:03---SEA17:28)
458(7/8IAD12:10---SFO17:55)
451(7/8MSY12:10---SEA17:16)
541(7/8AUS12:37---PDX16:50)
260(7/8BOS12:40---SAN18:50)
428(7/8CVG12:40---SEA17:39)
15(7/8DCA12:59---SAN18:20)
373(7/8EWR13:00---SFO19:13)
433(7/8TPA13:00---SAN17:50)
408(7/8SEA13:00---ORD17:07)
1316(7/8SEA13:00---LAX15:50)
683(7/8ORD13:00---SEA17:39)
491(7/8SEA13:00---DFW17:00)
375(7/8IAD13:00---SEA18:47)
593(7/8ANC13:05---PDX16:42)
1265(7/8SAN13:15---SEA16:16)
30(7/8SFO13:18---JFK19:00)
537(7/8BOS13:20---SEA19:35)
68(7/8MSP13:20---ANC19:20)
533(7/8ATL13:30---SEA18:51)
298(7/8SEA13:41---EWR19:00)
5(7/8DCA13:59---LAX19:33)
393(7/8LAS14:00---PAE16:40)
1151(7/8OAK14:00---SEA16:07)
831(7/8PDX14:00---OGG19:55)
399(7/8IAH14:00---SEA18:45)
859(7/8SJC14:00---LIH19:44)
1239(7/8PDX14:00---PHX16:46)
368(7/8SFO14:00---MCO19:34)
284(7/8LAX14:00---EWR19:34)
281(7/8BNA14:00---SEA19:03)
358(7/8PDX14:00---BOS19:25)
511(7/8PHX14:00---PDX16:43)
917(7/8MCO14:00---SEA20:10)
35(7/8JFK14:00---SAN19:52)
784(7/8PDX14:00---ATL18:46)
24(7/8SAN14:00---JFK19:39)
789(7/8SFO14:00---KOA19:30)
1041(7/8BUR14:00---SEA16:37)
1043(7/8SFO14:00---SEA16:05)
512(7/8SFO14:00---AUS17:36)
365(7/8DFW14:00---SEA18:27)
745(7/8DEN14:00---SEA17:00)
324(7/8PDX14:02---ORD18:07)
1193(7/8SJC14:03---SEA16:15)
18(7/8PDX14:20---JFK19:45)
912(7/8SFO14:20---SAN16:02)
249(7/8SFO14:20---BOS20:01)
1074(7/8PDX14:25---SAN17:00)
248(7/8ANC14:30---SEA18:08)
139(7/8ORD14:30---ANC21:15)
1228(7/8AUS14:45---SEA19:12)
292(7/8SFO14:54---EWR20:29)
516(7/8SEA14:55---FLL20:52)
606(7/8SEA14:55---PHX17:52)
867(7/8PDX14:56---KOA20:50)
10(7/8PDX15:00---DCA20:02)
1410(7/8SFO15:00---PDX16:45)
196(7/8ADQ15:00---ANC15:57)
366001(7/8SEA15:02---MKE18:54)
1149(7/8SNA15:02---SEA17:56)
890(7/8SEA15:03---ORD19:13)
26(7/8SEA15:05---JFK20:29)
916(7/8SEA15:08---MCO20:50)
825(7/8SEA15:09---OGG21:20)
233(7/8SAN15:10---EWR20:43)
1255(7/8SMF15:13---SEA17:15)
60(7/8JNU15:14---KTN16:15)
414(7/8SEA15:17---DFW19:19)
165(7/8DEN15:20---ANC20:54)
214(7/8LAX15:20---IAD20:25)
306(7/8SEA15:21---BOS20:45)
305001(7/8SEA15:25---MIA21:20)
313001(7/8SEA15:30---DTW19:50)
613(7/8LAS15:30---SFO17:10)
560(7/8LAX15:30---KOA21:10)
227(7/8JFK15:30---SFO21:48)
388(7/8SEA15:32---STL19:26)
73(7/8JNU15:34---ANC17:24)
4(7/8SEA15:34---DCA20:43)
390(7/8SAN15:40---BOS21:27)
402(7/8SEA15:47---CHS21:00)
572001(7/8SEA15:55---RDU21:01)
1268(7/8PDX16:00---BNA20:19)
294(7/8PDX16:00---EWR21:21)
270(7/8ONT16:00---HNL21:55)
83(7/8SEA16:00---ANC19:35)
1190(7/8SEA16:00---SNA18:49)
320(7/8SAN16:00---MCO21:13)
502(7/8SEA16:03---AUS20:11)
113(7/8SFO16:05---JFK21:47)
418001(7/8SEA16:13---MCI19:39)
406001(7/8SEA16:15---IAD21:13)
1113(7/8SFO16:15---SEA18:30)
568(7/8SEA16:19---MSY20:53)
899(7/8SAN16:19---KOA22:20)
727(7/8SEA16:22---ATL21:11)
326(7/8SEA16:24---TPA21:50)
48001(7/8ANC16:25---SEA20:01)
8(7/8SFO16:45---DCA21:58)
215(7/8GEG16:45---SEA18:00)
426(7/8SEA16:50---DFW20:48)
1051(7/8SEA16:50---BUR19:26)
72(7/8SEA16:55---JNU19:26)
1108(7/8SEA16:58---SAN19:49)
731(7/8PHX17:00---PAE20:03)
875(7/8SEA17:00---LIH23:15)
60001(7/8KTN17:00---SEA19:03)
23(7/8JFK17:00---SEA23:08)
1133(7/8SEA17:03---SMF19:03)
378(7/8SEA17:03---BWI22:10)
450001(7/8SEA17:10---CMH21:32)
477(7/8SEA17:10---EWR22:29)
508001(7/8SEA17:12---CVG21:37)
629(7/8LAS17:14---SEA19:58)
505(7/8SEA17:17---LAX20:10)
522001(7/8SEA17:20---BNA21:44)
1256(7/8SEA17:21---PSP20:15)
887(7/8SEA17:22---HNL23:33)
480001(7/8SEA17:25---MSP20:46)
829(7/8SAN17:29---OGG23:34)
128(7/8PDX17:30---SFO19:24)
1420(7/8PDX17:30---IAH21:50)
1161(7/8PDX17:30---PHX20:16)
300(7/8PDX17:35---MCO23:12)
160(7/8ANC17:35---SEA21:09)
216001(7/8SEA17:37---CLE22:01)
385(7/8PAE17:40---PHX20:43)
775(7/8PDX17:42---ANC21:26)
500001(7/8SEA17:42---IND21:48)
637(7/8PHX17:46---SEA20:53)
1278(7/8SEA17:47---ONT20:26)
322(7/8SAN17:48---IAD22:59)
757(7/8PDX17:50---LAS20:09)
429001(7/8SEA17:52---ORD21:59)
725(7/8PDX17:55---AUS21:56)
818(7/8SEA17:58---BOS23:19)
862(7/8OGG18:00---SEA23:38)
824(7/8HNL18:00---SEA23:50)
822(7/8KOA18:00---SEA23:54)
543(7/8DFW18:00---SEA22:17)
1240(7/8LAX18:02---PDX20:25)
891(7/8ORD18:03---SEA22:42)
474(7/8SAN18:04---ATL22:31)
34(7/8SEA18:06---JFK23:29)
412001(7/8SEA18:06---PIT22:42)
1299(7/8SNA18:10---PDX20:34)
434(7/8SFO18:10---IAD23:19)
104001(7/8ANC18:15---SEA21:49)
1174(7/8SEA18:22---SNA21:14)
392(7/8PDX18:28---DFW22:16)
1328(7/8SEA18:31---OAK20:44)
1112(7/8SEA18:31---SFO20:47)
503(7/8AUS18:36---SEA22:59)
1096(7/8SEA18:41---SAN21:38)
722(7/8SEA18:44---PHX21:47)
438(7/8SEA18:45---IAH23:10)
603(7/8PHX18:52---SEA21:58)
598(7/8SFO18:55---ORD23:18)
817(7/8SEA18:55---OGG01:10)
658(7/8SEA19:00---LAS21:44)
106001(7/8SEA19:00---FAI22:53)
1216(7/8SEA19:01---SMF21:01)
1314(7/8SJC19:02---SEA21:10)
835(7/8SFO19:03---PDX20:50)
325(7/8ORD19:03---PDX23:35)
1137(7/8SAN19:12---SEA22:10)
494001(7/8SEA19:33---SAT23:37)
100(7/8ANC19:41---SEA23:10)
14(7/8SAN19:42---DCA00:59)
740(7/8SNA19:42---SFO21:10)
291(7/8SEA19:46---STL23:35)
475(7/8ATL19:47---SAN00:31)
366(7/8MKE19:50---SEA00:16)
1281(7/8SMF19:57---SEA21:54)
280(7/8EWR20:00---SEA02:12)
25(7/8JFK20:00---SAN01:57)
407(7/8ORD20:09---SEA00:49)
415(7/8DFW20:19---SEA00:34)
1038(7/8BUR20:20---SEA22:59)
20(7/8SFO20:24---JFK02:08)
388001(7/8STL20:24---SEA00:50)
304(7/8BOS20:25---SEA02:48)
266(7/8ANC20:25---SFO01:05)
808(7/8KOA20:30---SEA02:22)
1061(7/8SNA20:30---SEA23:15)
6(7/8LAX20:31---DCA01:42)
418(7/8MCI20:34---SEA00:32)
297(7/8EWR20:34---SAN02:26)
229001(7/8SEA20:35---MSP23:53)
114(7/8JFK20:39---SFO03:02)
419(7/8MCO20:39---SEA02:50)
549(7/8SEA20:40---DFW00:36)
162(7/8ANC20:40---SEA00:13)
95(7/8SEA20:40---JNU23:12)
31(7/8JFK20:45---SEA03:10)
1097(7/8SAN20:45---SEA23:45)
313(7/8DTW20:46---SEA01:45)
840(7/8LIH20:47---SEA02:32)
432(7/8SAN20:52---TPA01:50)
898(7/8OGG20:55---PDX02:19)
2(7/8SEA20:58---DCA01:59)
534(7/8SFO20:59---AUS00:45)
732(7/8PAE21:00---PHX00:03)
3(7/8DCA21:02---SEA03:00)
676(7/8LAS21:04---SEA23:50)
1319(7/8BOS21:06---PDX03:24)
65(7/8JNU21:07---ANC22:53)
1300(7/8SEA21:10---LAX23:58)
1083(7/8LAX21:10---SEA23:54)
582(7/8PSP21:10---SEA00:00)
773(7/8SEA21:10---SNA00:01)
518(7/8AUS21:11---SFO00:57)
756(7/8LAS21:13---PDX23:35)
1238(7/8PHX21:16---PDX23:59)
1269(7/8BNA21:19---PDX02:15)
1242001(7/8ONT21:22---SEA23:59)
507(7/8IAD21:25---SAN02:52)
19(7/8JFK21:29---PDX03:46)
778(7/8PDX21:30---LAS23:49)
462(7/8EWR21:30---SEA03:44)
16(7/8SEA21:37---JFK02:59)
1247(7/8OAK21:38---SEA23:38)
290(7/8EWR21:43---PDX03:50)
9(7/8DCA21:43---PDX03:31)
396(7/8PHX21:43---PAE00:44)
1225(7/8SFO21:45---SEA23:54)
389(7/8BOS21:45---SAN04:00)
646(7/8DFW21:46---PDX01:47)
1287(7/8PDX21:50---BUR00:09)
301(7/8MCO21:50---PDX03:50)
480(7/8MSP21:50---SEA01:49)
894(7/8KOA21:50---SAN03:16)
517(7/8FLL21:52---SEA04:20)
569(7/8MSY21:53---SEA03:00)
1358(7/8SMF21:56---SEA23:54)
131(7/8SEA21:58---ANC01:30)
572(7/8RDU22:01---SEA03:56)
485(7/8CHS22:03---SEA04:00)
929(7/8SFO22:05---PDX23:50)
868(7/8KOA22:10---PDX03:40)
783(7/8ATL22:11---PDX03:35)
406(7/8IAD22:13---SEA04:00)
397(7/8MCO22:13---SAN03:18)
1279(7/8LAX22:16---GEG00:47)
305(7/8MIA22:20---SEA05:07)
226(7/8ANC22:20---SEA01:50)
860(7/8OGG22:20---SEA04:00)
293(7/8EWR22:24---SFO04:49)
450(7/8CMH22:28---SEA03:35)
819(7/8BOS22:32---SEA05:02)
1135(7/8SAN22:35---SEA01:31)
508(7/8CVG22:37---SEA03:35)
1257(7/8SEA22:38---SNA01:26)
634(7/8LAS22:39---SFO00:20)
460(7/8SEA22:43---BOS03:59)
522(7/8BNA22:44---SEA03:48)
1052001(7/8SEA22:48---BUR01:24)
500(7/8IND22:48---SEA03:35)
1421(7/8IAH22:50---PDX03:15)
56(7/8ANC22:50---SEA02:20)
17(7/8JFK22:53---SEA05:22)
420(7/8SEA22:53---MCO04:33)
216(7/8CLE22:55---SEA04:00)
337001(7/8ORD22:55---SEA03:35)
271(7/8HNL22:55---ONT04:27)
326001(7/8TPA22:55---SEA05:07)
7(7/8DCA22:58---SFO04:53)
99(7/8SEA22:58---ANC02:42)
744(7/8SEA22:59---PHX01:57)
348(7/8SEA22:59---IAD03:59)
1396(7/8AUS23:00---PDX03:14)
492(7/8SEA23:09---ATL03:59)
379(7/8BWI23:10---SEA05:07)
317(7/8DFW23:16---SEA03:35)
561(7/8KOA23:20---LAX04:51)
941(7/8SEA23:25---ORD03:30)
287(7/8EWR23:29---LAX05:35)
334(7/8ATL23:31---SEA05:07)
151001(7/8ANC23:40---AKN00:49)
412(7/8PIT23:42---SEA05:07)
590(7/8SEA23:42---SFO01:53)
86(7/8ANC23:45---SCC01:31)
1125(7/8SEA23:47---SLC01:50)
106(7/8FAI23:53---SEA03:35)
435(7/8IAD23:59---SFO05:46)
688(7/8SEA23:59---LAS02:34)
1214(7/9SEA00:04---SJC02:15)
439(7/9IAH00:10---SEA04:53)
369(7/9MCO00:12---SFO05:59)
225(7/9SEA00:15---ANC03:54)
1468(7/9SEA00:15---LAX03:00)
844(7/9LIH00:15---SJC05:24)
821(7/9SAN00:16---LIH06:32)
597(7/9ORD00:18---SFO05:06)
355(7/9BOS00:19---SFO06:59)
213(7/9IAD00:19---LAX05:48)
269(7/9SFO00:22---ANC05:15)
41(7/9JFK00:29---SFO06:59)
134(7/9ANC00:30---SEA04:00)
339(7/9AUS00:30---SEA05:07)
1176(7/9PDX00:30---PHX03:20)
291001(7/9STL00:32---SEA05:00)
896(7/9HNL00:33---SEA06:31)
806(7/9OGG00:34---SAN05:55)
1370(7/9PDX00:35---AUS04:42)
376(7/9PDX00:35---ORD04:39)
494(7/9SAT00:37---SEA04:53)
398(7/9SEA00:40---IAH04:59)
382(7/9SEA00:43---BNA04:59)
599(7/9LAS00:45---SEA03:30)
353(7/9PDX00:46---OGG06:39)
229(7/9MSP00:49---SEA04:45)
538(7/9SEA00:54---ORD04:59)
1295(7/9PDX00:55---SFO02:48)
78(7/9SEA00:55---ANC04:37)
372(7/9SEA00:56---AUS05:05)
1163(7/9SEA00:59---DEN03:47)
730(7/9SEA00:59---LAS03:38)
424(7/9SEA00:59---DFW04:59)
1140(7/9SEA00:59---SFO03:15)
1062(7/9PDX01:04---BUR03:23)
662(7/9PHX01:05---PDX03:48)
564(7/9SEA01:05---MCI04:35)
472(7/9SEA01:06---STL04:59)
241(7/9SEA01:10---MKE04:59)
805(7/9SEA01:25---OGG07:34)
823(7/9SEA01:25---HNL07:33)
550(7/9DFW01:36---SEA05:59)
1310(7/9SEA01:36---SJC03:51)
386(7/9SEA01:37---MSP04:59)
391(7/9PAE01:44---LAS04:17)
839(7/9SEA01:45---LIH07:54)
338(7/9SEA01:48---OMA04:59)
478(7/9SEA01:50---LAS04:26)
939(7/9SEA01:55---SAN04:47)
1054(7/9SEA01:55---LAX04:42)
1028(7/9SAN01:58---OGG07:59)
801(7/9SEA01:59---KOA08:04)
151(7/9AKN01:59---ANC03:10)
1199(7/9SAN02:05---SEA05:07)
87(7/9SCC02:15---ANC04:00)
1052(7/9BUR02:18---SEA05:07)
1288(7/9SEA02:41---SNA05:30)
719(7/9SLC02:44---SEA05:07)
167(7/9SEA02:50---FAI06:36)
827(7/9ANC02:55---HNL08:59)
141(7/9PHX02:57---ANC08:48)
1034(7/9SEA03:14---BOI04:46)
642(7/9SEA03:17---DEN05:59)
228(7/9SEA03:25---ANC07:04)
922(7/9SFO03:49---SEA06:02)
644(7/9SEA03:55---PHX06:54)
1067(7/9SAN03:59---GEG06:44)
1264(7/9SEA04:03---SAN06:59)
444(7/9SEA04:15---PHL09:25)
622(7/9ANC04:20---JFK11:33)
307(7/9SFO04:28---BOS10:10)
1040(7/9SEA04:30---ONT07:15)
314(7/9SEA04:40---EWR09:59)
545(7/9SEA04:45---IND09:00)
1039(7/9SEA04:45---GEG05:58)
919(7/9SEA04:55---RDU10:00)
36(7/9SAN04:56---JFK10:29)
22(7/9SEA05:41---JFK11:02)
259(7/9SAN05:45---BOS11:30)
959(7/9SEA05:52---GEG06:59)
119(7/9SEA05:59---ANC09:39)
340(7/9SEA06:10---PIT10:43)
490(7/9SEA06:16---MSY10:50)
367(7/9SEA06:30---IAD11:27)
423(7/9SEA06:36---SAT10:40)
328(7/9SEA06:40---ORD10:40)
464(7/9SEA06:59---ATL11:49)
172(7/9ANC07:13---PHX12:45)
810(7/9LIH07:32---SEA13:16)
558(7/9OGG07:39---PDX13:00)
828(7/9HNL08:33---ANC14:40)
814(7/9OGG08:34---SEA14:11)
826(7/9LIH08:54---SAN14:33)
1029(7/9OGG08:59---SAN14:18)
