===== Copy Generation Summary =====
#Iter       TotalGen  ind(reg)  mul(reg)  ind(csc)  mul(csc) TotalUsed  ind(reg)  mul(reg)  ind(csc)  mul(csc)            obj
    1            463       344        23        96         0       187       164        11        12         0      3.528e+07
    2            446       357         0        89         0       215       189         0        26         0       3.43e+07
    3            447       365         0        82         0       247       224         0        23         0      2.335e+07
    4            446       344         0       102         0       206       174         0        32         0      2.234e+07
    5            446       351         0        95         0       222       190         0        32         0      2.234e+07
    6            446       413         0        33         0       259       241         0        18         0      2.031e+07
    7            446       410         0        36         0       233       219         0        14         0      1.821e+07
    8            444       351         1        92         0       244       212         0        32         0       1.67e+07
    9            443       359         5        79         0       246       200         4        42         0      1.542e+07
   10            436       359         0        77         0       248       211         0        37         0      1.466e+07
   11            435       373         0        62         0       253       233         0        20         0      1.423e+07
   12            434       358         1        75         0       239       205         0        34         0       1.36e+07
   13            430       371         2        57         0       231       197         2        32         0      1.288e+07
   14            424       371         0        53         0       224       214         0        10         0      1.178e+07
   15            424       384         0        40         0       244       223         0        21         0      1.139e+07
   16            424       352         0        72         0       221       203         0        18         0        1.1e+07
   17            424       351         0        73         0       241       231         0        10         0      1.054e+07
   18            424       358         0        66         0       235       218         0        17         0      9.909e+06
   19            424       396         0        28         0       229       224         0         5         0      9.251e+06
   20            424       381         0        43         0       239       227         0        12         0       8.16e+06
   21            424       382         0        42         0       247       232         0        15         0      7.634e+06
   22            424       382         0        42         0       244       223         0        21         0      6.974e+06
   23            424       396         0        28         0       251       238         0        13         0      6.606e+06
   24            424       352         0        72         0       220       191         0        29         0      6.228e+06
   25            424       367         0        57         0       242       235         0         7         0      5.904e+06
   26            424       370         0        54         0       193       185         0         8         0      5.696e+06
   27            424       406         0        18         0       236       227         0         9         0       4.81e+06
   28            424       404         0        20         0       272       269         0         3         0      4.597e+06
   29            424       383         0        41         0       253       249         0         4         0      4.259e+06
   30            428       377         6        45         0       256       246         5         5         0      4.191e+06
   31            432       363        12        57         0       241       203         9        29         0      4.033e+06
   32            425       381         3        41         0       242       224         2        16         0      3.866e+06
   33            425       365         3        57         0       265       238         2        25         0      3.855e+06
   34            433       375        15        43         0       234       212        10        12         0      3.815e+06
   35            422       329         7        86         0       209       173         5        31         0      3.765e+06
   36            433       353        21        59         0       211       173        16        22         0       3.72e+06
   37            421       314        16        91         0       257       199        12        46         0      3.655e+06
   38            412       374         1        37         0       197       194         0         3         0      3.598e+06
   39            406       354         0        52         0       198       196         0         2         0      3.574e+06
   40            416       341        23        52         0       247       212        18        17         0      3.511e+06
   41            409       358        16        35         0       220       204        11         5         0      3.431e+06
   42            406       316         0        90         0       197       180         0        17         0      3.283e+06
   43            423       264        45       114         0       218       146        30        42         0      3.236e+06
   44            397       320        17        60         0       214       194         8        12         0      2.946e+06
   45            400       283        33        84         0       241       209        18        14         0      2.816e+06
   46            385       346        15        24         0       190       183         6         1         0      2.729e+06
   47            371       316         7        48         0       223       208         0        15         0      2.664e+06
   48            378       294        17        67         0       195       168        10        17         0       2.58e+06
   49            389       300        10        79         0       188       165         5        18         0      2.519e+06
   50            367       312         7        48         0       189       158         0        31         0      2.492e+06
   51            370       248        11       111         0       220       172         4        44         0      2.482e+06
   52            366       292         9        65         0       192       184         0         8         0      2.439e+06
   53            363       308         6        49         0       232       217         0        15         0      2.408e+06
   54            367       241         9       117         0       175       118         3        54         0      2.386e+06
   55            362       261         7        94         0       151       149         0         2         0      2.337e+06
   56            354       251        10        93         0       164       151         6         7         0      2.319e+06
   57            360       286        14        60         0       179       160         5        14         0      2.294e+06
   58            335       232         6        97         0       131       127         2         2         0      2.256e+06
   59            348       258         5        85         0       144       129         0        15         0      2.244e+06
   60            334       251         8        75         0       142       141         0         1         0      2.224e+06
   61            307       235         8        64         0       160       156         2         2         0      2.206e+06
   62            299       190        11        98         0       122        91         5        26         0      2.166e+06
   63            279       250         4        25         0       147       147         0         0         0      2.157e+06
   64            285       171         5       109         0        91        72         0        19         0      2.156e+06
   65            285       235        12        38         0       145       142         2         1         0      2.105e+06
   66            268       229         7        32         0       136       134         0         2         0      2.099e+06
   67            263       216         4        43         0       153       142         0        11         0      2.087e+06
   68            261       188         4        69         0       132        90         0        42         0       2.08e+06
   69            305       214         5        86         0       148       145         0         3         0      2.076e+06
   70            262       178         7        77         0       116       106         0        10         0      2.073e+06
   71            264       201         7        56         0       128       117         0        11         0      2.057e+06
   72            261       209         5        47         0        94        92         0         2         0      2.053e+06
   73            263       217         6        40         0       125       122         0         3         0       2.05e+06
   74            264       183         6        75         0        91        88         0         3         0      2.038e+06
   75            258       220         4        34         0       163       150         0        13         0      1.998e+06
   76            258       224         4        30         0       130       121         0         9         0       1.99e+06
   77            258       188         4        66         0       111       100         0        11         0       1.98e+06
   78            258       217         4        37         0       133       132         0         1         0      1.971e+06
   79            260       207         6        47         0       177       161         0        16         0      1.954e+06
   80            260       199         6        55         0       135       118         0        17         0      1.938e+06
   81            256       187         4        65         0       100        87         0        13         0      1.919e+06
   82            260       198         6        56         0       126       119         0         7         0      1.899e+06
   83            258       187         4        67         0       101        89         0        12         0      1.891e+06
   84            264       158         6       100         0        85        74         0        11         0      1.868e+06
   85            258       170         5        83         0        75        72         0         3         0      1.854e+06
   86            260       196         6        58         0       101        98         0         3         0      1.848e+06
   87            252       195         6        51         0        79        73         0         6         0       1.83e+06
   88            256       147         7       102         0        81        63         0        18         0      1.815e+06
   89            235       188         9        38         0       108       106         2         0         0      1.787e+06
   90            231       197         6        28         0        92        90         0         2         0      1.783e+06
   91            223       166         7        50         0       121       117         0         4         0      1.782e+06
   92            237       161         6        70         0       110       106         0         4         0      1.776e+06
   93            267       176         7        84         0       103       103         0         0         0      1.776e+06
   94            215       164         7        44         0        87        84         0         3         0      1.775e+06
   95            268       160        13        95         0       100        79         5        16         0      1.752e+06
   96            233       138         6        89         0        60        50         0        10         0      1.751e+06
   97            259       173         6        80         0       107       101         0         6         0      1.751e+06
   98            260       195         6        59         0       114       113         0         1         0      1.749e+06
   99            197       148         7        42         0        84        84         0         0         0      1.748e+06
  100            196       153         6        37         0        75        73         0         2         0      1.688e+06
  101            211       133         6        72         0        65        65         0         0         0      1.674e+06
  102            198       109         9        80         0        66        63         0         3         0      1.669e+06
  103            200       147         8        45         0        90        89         0         1         0      1.641e+06
  104            183       114         9        60         0        90        73         2        15         0      1.639e+06
  105            183       159        10        14         0        84        81         3         0         0      1.637e+06
  106            176       125         6        45         0        80        71         0         9         0      1.636e+06
  107            182       124         6        52         0        78        51         0        27         0      1.634e+06
  108            171       107         6        58         0        75        67         0         8         0      1.634e+06
  109            446       382         0        64         0       228       227         0         1         0      1.634e+06
  110            446       389         0        57         0       220       220         0         0         0      1.634e+06
  111            417       341         0        76         0       187       181         0         6         0      1.634e+06
  112            363       234         7       122         0        84        80         0         4         0      1.634e+06
  113            362       224         6       132         0        62        59         0         3         0      1.634e+06
  114            360       252         6       102         0       134       133         0         1         0      1.634e+06
  115            360       262         6        92         0       148       124         0        24         0      1.633e+06
  116            343       263         6        74         0       100        99         0         1         0      1.632e+06
  117            446       384         0        62         0       164       163         0         1         0      1.631e+06
  118            360       255         6        99         0       125       125         0         0         0      1.631e+06
  119            304       246         6        52         0       139       138         0         1         0      1.631e+06
  120            262       215         6        41         0       140       135         0         5         0       1.63e+06
  121            261       176         6        79         0       102        85         0        17         0       1.63e+06
  122            223       175         7        41         0       152       147         0         5         0       1.63e+06
  123            180       126         6        48         0        68        63         0         5         0       1.63e+06
  124            171       126         7        38         0        99        70         0        29         0      1.629e+06
  125            176       130        13        33         0        75        68         7         0         0      1.629e+06
  126            216        89        13       114         0        43        38         5         0         0      1.629e+06
  127            170       157         7         6         0       131       131         0         0         0      1.628e+06
  128            164       104         6        54         0        63        58         0         5         0      1.628e+06
  129            164        82         6        76         0        62        28         0        34         0      1.627e+06
  130            162       140         6        16         0        77        75         0         2         0      1.627e+06
  131            165        73         6        86         0        70        46         0        24         0      1.626e+06
  132            162        93         6        63         0        46        43         0         3         0      1.626e+06
  133            163       111         6        46         0        74        70         0         4         0      1.625e+06
  134            162       111         6        45         0        95        74         0        21         0      1.625e+06
  135            162        51         6       105         0        31        21         0        10         0      1.625e+06
  136            162       105         6        51         0        85        74         0        11         0      1.623e+06
  137            162       155         6         1         0       123       123         0         0         0      1.618e+06
  138            166       108         8        50         0        40        38         0         2         0      1.614e+06
  139            162       150         6         6         0        81        81         0         0         0      1.612e+06
  140            173        89         7        77         0        61        57         0         4         0      1.612e+06
  141            163       102         6        55         0        50        50         0         0         0      1.611e+06
  142            162       106         6        50         0        80        52         0        28         0      1.611e+06
  143            166       104         6        56         0        75        74         0         1         0      1.611e+06
  144            166       110         6        50         0        67        60         0         7         0      1.609e+06
  145            166       113        10        43         0        45        39         4         2         0      1.609e+06
  146            162        91         7        64         0        43        42         0         1         0      1.608e+06
  147            167       108        16        43         0        55        45         8         2         0      1.598e+06
  148            170       126         8        36         0        42        41         0         1         0      1.594e+06
  149            156       103         6        47         0        49        48         0         1         0      1.587e+06
  150            143        85        20        38         0        39        33         5         1         0      1.587e+06
  151            169        80         6        83         0        22        22         0         0         0      1.587e+06
  152            127        72         7        48         0        27        24         0         3         0      1.587e+06
  153            127        66        13        48         0        22        21         0         1         0      1.574e+06
  154            120        62        19        39         0        28        22         5         1         0      1.574e+06
  155            119        61         8        50         0        14        11         2         1         0      1.574e+06
  156            104        46        15        43         0         8         5         3         0         0      1.574e+06
  157             83        31        20        32         0        11         8         3         0         0      1.573e+06
  158             50        21        15        14         0         9         6         3         0         0      1.562e+06
  159             67        42         6        19         0         9         8         0         1         0      1.562e+06
  160             57        18        14        25         0        10         6         0         4         0      1.562e+06
  161             57        25        10        22         0         2         2         0         0         0      1.562e+06
  162             52        26         9        17         0        13        13         0         0         0      1.562e+06
  163             40        16         6        18         0         1         1         0         0         0      1.562e+06
  164             63        26        10        27         0         6         3         3         0         0      1.562e+06
  165             26         8         6        12         0         1         1         0         0         0      1.562e+06
  166             27        11        10         6         0         6         6         0         0         0      1.562e+06
  167             28         2        15        11         0         6         0         6         0         0      1.562e+06
  168             15         3         5         7         0         0         0         0         0         0      1.562e+06
  169             20         8         5         7         0         2         1         0         1         0      1.562e+06
  170             11         5         5         1         0         1         1         0         0         0      1.562e+06
  171             19        11         4         4         0         3         3         0         0         0      1.562e+06
  172              7         1         4         2         0         0         0         0         0         0      1.562e+06
  173             10         0         9         1         0         2         0         2         0         0      1.562e+06
  174              8         2         6         0         0         0         0         0         0         0      1.562e+06
  175             14         4         9         1         0         0         0         0         0         0      1.562e+06
  176             11         2         7         2         0         1         1         0         0         0      1.562e+06
  177              6         0         5         1         0         0         0         0         0         0      1.562e+06
  178             33        17         4        12         0         4         4         0         0         0      1.562e+06
  179             17         6         6         5         0         0         0         0         0         0      1.562e+06
  180             12         1         8         3         0         0         0         0         0         0      1.562e+06
  181             14         4         6         4         0         1         1         0         0         0      1.562e+06
  182             32        16         7         9         0         6         6         0         0         0      1.562e+06
  183             19         4         6         9         0         0         0         0         0         0      1.562e+06
  184             12         1         6         5         0         0         0         0         0         0      1.562e+06
  185             22         5         6        11         0         1         1         0         0         0      1.562e+06
  186              8         0         6         2         0         0         0         0         0         0      1.562e+06
  187             16         6         6         4         0         0         0         0         0         0      1.562e+06
  188             80        44        15        21         0        16        14         2         0         0      1.562e+06
