===== Copy Generation Summary =====
#Iter       TotalGen  ind(reg)  mul(reg)  ind(csc)  mul(csc) TotalUsed  ind(reg)  mul(reg)  ind(csc)  mul(csc)            obj
    1            463       349        23        91         0       198       174        11        13         0      3.152e+07
    2            444       353         0        91         0       209       173         0        36         0      3.055e+07
    3            447       390         0        57         0       222       202         0        20         0      2.662e+07
    4            446       349         0        97         0       236       191         0        45         0      2.561e+07
    5            446       409         0        37         0       264       247         0        17         0      2.561e+07
    6            445       371         0        74         0       258       235         0        23         0      2.521e+07
    7            440       394         0        46         0       244       223         0        21         0      1.946e+07
    8            443       357         0        86         0       230       192         0        38         0      1.813e+07
    9            440       326         0       114         0       251       205         0        46         0      1.758e+07
   10            427       365         3        59         0       240       213         3        24         0      1.684e+07
   11            424       367         0        57         0       229       212         0        17         0      1.607e+07
   12            424       382         0        42         0       253       235         0        18         0      1.528e+07
   13            424       411         0        13         0       250       247         0         3         0      1.463e+07
   14            424       379         0        45         0       254       235         0        19         0      1.421e+07
   15            424       377         0        47         0       241       216         0        25         0      1.362e+07
   16            424       392         0        32         0       238       232         0         6         0       1.28e+07
   17            424       357         0        67         0       232       201         0        31         0      1.242e+07
   18            424       388         0        36         0       223       216         0         7         0      1.203e+07
   19            424       397         0        27         0       200       199         0         1         0      1.157e+07
   20            424       408         0        16         0       266       261         0         5         0      1.124e+07
   21            424       318         0       106         0       208       170         0        38         0      1.085e+07
   22            424       393         0        31         0       251       241         0        10         0      1.041e+07
   23            424       391         0        33         0       239       234         0         5         0       9.32e+06
   24            424       397         0        27         0       216       214         0         2         0      8.654e+06
   25            424       397         0        27         0       240       231         0         9         0      7.912e+06
   26            424       375         0        49         0       228       219         0         9         0      7.625e+06
   27            424       375         0        49         0       245       236         0         9         0      7.371e+06
   28            424       385         0        39         0       239       232         0         7         0      6.722e+06
   29            424       384         0        40         0       200       190         0        10         0      5.793e+06
   30            424       372         0        52         0       237       233         0         4         0      4.976e+06
   31            426       333         3        90         0       208       183         3        22         0      4.722e+06
   32            425       336         3        86         0       245       195         2        48         0      4.549e+06
   33            423       371         0        52         0       223       204         0        19         0      4.392e+06
   34            425       362         9        54         0       248       208         7        33         0       4.28e+06
   35            425       330         7        88         0       224       194         6        24         0      4.151e+06
   36            426       342         4        80         0       198       181         3        14         0      4.026e+06
   37            430       378        14        38         0       248       227        11        10         0      3.883e+06
   38            428       320        14        94         0       198       154        12        32         0      3.811e+06
   39            444       307        43        94         0       191       153        27        11         0      3.719e+06
   40            439       342        36        61         0       273       233        28        12         0      3.596e+06
   41            420       319        15        86         0       205       170        10        25         0      3.541e+06
   42            422       338        18        66         0       210       183        14        13         0      3.465e+06
   43            418       361        30        27         0       232       205        21         6         0      3.349e+06
   44            408       348        16        44         0       230       212        10         8         0      3.273e+06
   45            389       327        19        43         0       250       234         7         9         0      3.226e+06
   46            393       300        22        71         0       230       206        20         4         0      3.153e+06
   47            372       258         8       106         0       155       148         6         1         0       3.11e+06
   48            369       272         3        94         0       168       148         0        20         0      3.065e+06
   49            385       301         3        81         0       196       175         2        19         0      2.999e+06
   50            387       323         0        64         0       235       231         0         4         0      2.968e+06
   51            362       299         4        59         0       150       143         0         7         0      2.942e+06
   52            363       253         7       103         0       166       144         7        15         0      2.904e+06
   53            360       303         3        54         0       202       180         0        22         0      2.831e+06
   54            356       262         0        94         0       192       184         0         8         0      2.788e+06
   55            356       281         0        75         0       163       132         0        31         0      2.732e+06
   56            357       284         0        73         0       189       184         0         5         0      2.645e+06
   57            356       303         0        53         0       198       194         0         4         0      2.625e+06
   58            359       292         3        64         0       225       194         0        31         0      2.576e+06
   59            365       348         5        12         0       213       206         5         2         0      2.561e+06
   60            361       293         3        65         0       195       185         0        10         0      2.549e+06
   61            359       261         3        95         0       165       165         0         0         0      2.526e+06
   62            356       271         0        85         0       187       171         0        16         0       2.51e+06
   63            356       266         0        90         0       195       187         0         8         0      2.494e+06
   64            359       315         3        41         0       184       175         0         9         0      2.426e+06
   65            356       315         0        41         0       240       226         0        14         0      2.415e+06
   66            359       229         3       127         0       141       125         0        16         0      2.401e+06
   67            356       274         0        82         0       143       140         0         3         0      2.361e+06
   68            357       287        10        60         0       194       186         4         4         0      2.348e+06
   69            354       245         7       102         0       154       140         2        12         0      2.343e+06
   70            347       215         3       129         0       161       117         0        44         0      2.317e+06
   71            353       244         8       101         0       137       128         4         5         0       2.31e+06
   72            357       254         5        98         0       160       150         0        10         0      2.241e+06
   73            341       238        15        88         0       137       118         5        14         0       2.23e+06
   74            325       228         4        93         0       130       122         0         8         0      2.221e+06
   75            319       257         6        56         0       179       171         2         6         0      2.193e+06
   76            285       150         7       128         0        92        65         4        23         0      2.187e+06
   77            278       214         6        58         0       152       144         2         6         0      2.161e+06
   78            300       236         1        63         0       124       102         0        22         0      2.117e+06
   79            277       232         3        42         0       159       156         0         3         0      2.099e+06
   80            263       147         3       113         0        95        94         0         1         0       2.08e+06
   81            262       214         1        47         0       140       135         0         5         0      2.073e+06
   82            264       187         3        74         0        96        95         0         1         0      2.056e+06
   83            259       133         3       123         0        82        67         0        15         0      2.045e+06
   84            261       214         4        43         0       155       141         0        14         0      2.009e+06
   85            257       204         3        50         0       153       134         0        19         0      1.985e+06
   86            256       188         0        68         0       103        92         0        11         0      1.983e+06
   87            256       222         6        28         0       121       114         2         5         0      1.962e+06
   88            257       169         3        85         0       104       103         0         1         0      1.961e+06
   89            254       174         1        79         0        89        89         0         0         0      1.953e+06
   90            261       196         5        60         0       115       106         2         7         0      1.942e+06
   91            253       165         4        84         0        95        85         0        10         0       1.93e+06
   92            240       163         6        71         0       115        98         3        14         0      1.905e+06
   93            218       150         5        63         0        91        90         0         1         0      1.904e+06
   94            259       210         6        43         0       111       105         0         6         0      1.902e+06
   95            211       120         6        85         0        38        36         0         2         0      1.901e+06
   96            250       131         3       116         0        82        73         0         9         0      1.876e+06
   97            207       157         4        46         0        95        89         3         3         0      1.874e+06
   98            221       154         5        62         0        89        82         0         7         0      1.861e+06
   99            209       147         4        58         0        85        80         0         5         0       1.86e+06
  100            192       140        10        42         0        83        78         3         2         0      1.858e+06
  101            221       129         3        89         0        45        45         0         0         0      1.858e+06
  102            180       125         2        53         0        70        69         0         1         0      1.858e+06
  103            222       137         0        85         0        82        69         0        13         0      1.857e+06
  104            236       164         6        66         0        81        75         0         6         0      1.794e+06
  105            172       109         5        58         0        73        61         0        12         0      1.794e+06
  106            178       114        18        46         0        83        62        12         9         0      1.794e+06
  107            169       119         6        44         0        73        71         2         0         0      1.794e+06
  108            170       101        26        43         0        74        58        11         5         0      1.794e+06
  109            160        98         6        56         0        38        34         2         2         0      1.791e+06
  110            164        74        39        51         0        66        31        20        15         0      1.791e+06
  111            148       125         9        14         0        75        75         0         0         0      1.791e+06
  112            163        93         3        67         0        35        35         0         0         0      1.791e+06
  113            156       101         5        50         0        56        51         2         3         0      1.791e+06
  114            135        60        10        65         0        21        16         2         3         0      1.791e+06
  115            157        73        19        65         0        45        17        12        16         0      1.787e+06
  116            159        79         6        74         0        32        23         0         9         0      1.787e+06
  117            143        81         7        55         0        28        24         2         2         0      1.787e+06
  118            140        74        14        52         0        36        25         4         7         0      1.783e+06
  119            108        48        18        42         0        22        14         7         1         0      1.783e+06
  120             88        46         8        34         0        18        18         0         0         0      1.783e+06
  121             87        30        10        47         0         7         7         0         0         0      1.783e+06
  122            112        51        29        32         0        46        28        16         2         0      1.771e+06
  123             67        31         6        30         0        20        18         0         2         0      1.771e+06
  124             90        56         7        27         0        11        11         0         0         0      1.771e+06
  125             65        31         9        25         0        10         7         3         0         0      1.771e+06
  126             68        12        38        18         0        29         3        25         1         0      1.771e+06
  127             54        25         7        22         0         9         7         2         0         0       1.77e+06
  128             57        25         4        28         0         3         3         0         0         0       1.77e+06
  129            109        49        27        33         0        36        20        16         0         0       1.77e+06
  130             22        13         5         4         0         3         3         0         0         0       1.77e+06
  131             19         6         3        10         0         3         3         0         0         0       1.77e+06
  132             15         6         3         6         0         2         2         0         0         0       1.77e+06
  133             14         6         4         4         0         1         1         0         0         0       1.77e+06
  134             26        12         8         6         0         5         3         2         0         0       1.77e+06
  135             21        10         0        11         0         1         1         0         0         0       1.77e+06
  136             14         4         7         3         0         7         3         4         0         0       1.77e+06
  137              9         1         3         5         0         0         0         0         0         0       1.77e+06
