===== Copy Generation Summary =====
#Iter       TotalGen  ind(reg)  mul(reg)  ind(csc)  mul(csc) TotalUsed  ind(reg)  mul(reg)  ind(csc)  mul(csc)            obj
    1           1978      1399       297       282         0       219       149        60        10         0       3.35e+06
    2           1870      1376        79       415         0       186       146        24        16         0      2.362e+06
    3           1923      1532        64       327         0       180       146        16        18         0      1.355e+06
    4           1959      1695        59       205         0       277       253        14        10         0      1.355e+06
    5           1909      1576        14       319         0       244       221         3        20         0      1.355e+06
    6           1874      1602         6       266         0       242       225         3        14         0      1.355e+06
    7           1879      1577         0       302         0       225       210         0        15         0      1.355e+06
    8           1855      1608         7       240         0       220       191         4        25         0      1.355e+06
    9           1836      1483        27       326         0       220       192        10        18         0      1.355e+06
   10           1747      1335        42       370         0       191       157        14        20         0      1.355e+06
   11           1630      1299        19       312         0       163       150         4         9         0      1.355e+06
   12           1475      1260        23       192         0       164       151        11         2         0      1.355e+06
   13           1440      1084        43       313         0       142       125        15         2         0      1.355e+06
   14           1440      1112        22       306         0       156       139        12         5         0      1.355e+06
   15           1311       991        39       281         0       138       118        18         2         0      1.355e+06
   16           1141       860        37       244         0       123       106        11         6         0      1.355e+06
   17           1077       768        44       265         0       114        99        13         2         0      1.354e+06
   18            978       662        57       259         0        97        85        12         0         0      1.354e+06
   19            751       555        37       159         0        70        58         8         4         0      1.354e+06
   20            569       391        20       158         0        52        44         7         1         0      1.349e+06
   21            516       315        69       132         0        75        43        27         5         0      1.347e+06
   22            498       334        22       142         0        41        37         4         0         0      1.347e+06
   23            564       330        11       223         0        88        79         0         9         0      1.335e+06
   24            438       290        37       111         0        40        30        10         0         0      1.335e+06
   25            387       259        50        78         0        40        31         8         1         0      1.335e+06
   26            337       206        47        84         0        33        23         8         2         0      1.334e+06
   27            208       128        38        42         0        37        28         8         1         0      1.334e+06
   28            149        97        20        32         0        16         6         9         1         0      1.334e+06
   29             93        49        16        28         0         7         5         2         0         0      1.334e+06
   30             43        31         7         5         0         2         2         0         0         0      1.334e+06
   31             95        46        32        17         0        19        11         8         0         0      1.334e+06
   32             22        11         8         3         0         1         1         0         0         0      1.334e+06
   33             94         8         8         1        77        76         2         0         0        74      1.334e+06
   34             63         9        40         1        13        41         3        32         0         6      1.323e+06
   35             20         4        10         1         5         0         0         0         0         0      1.323e+06
   36            116       101        10         2         3        65        63         2         0         0      1.323e+06
   37             23         7        13         3         0         2         0         2         0         0      1.323e+06
