Run time(sec):            642
IP gap:inf
======================= COST =======================
======================= COST =======================
Total:              6.236e+08
Cancel:              6.04e+08
Delay:              1.067e+07
Swaps:              7.416e+06
PosViol:            1.525e+06
CSC:                        0

===================== DISRUPTION ===================
# Cancelled:              604
# Delayed:                499
# Swaps:                  618
# CSCs:                     0
Ttl delay(min):	    1.067e+05
Avg delay(min):	          213
Min delay(min):	           30
Max delay(min):	          360

================= AIRPORT CAPACITY =================
SEA 2025-Jul-07 17:00:00 2025-Jul-07 21:00:00 1 0(1)
SEA 2025-Jul-07 17:00:00 2025-Jul-07 21:00:00 2 0(2)

================= AIRCRAFT LOCATION ================
Aircraft     PlannedEnd      ActualEnd
N214AK            AUS            SEA
N224AK            ANC            PHX
N236AK            IAD            SAN
N237AK            SEA            SEA
N238AK            IAD            SAN
N247AK            SEA            AUS
N248AK            SEA            SEA
N251AK            EUG            SFO
N253AK            IND            SEA
N260AK            PDX            PDX
N264AK            OMA            SEA
N265AK            SFO            SFO
N267AK            PDX            SFO
N268AK            PDX            JFK
N270AK            SEA            ABQ
N272AK            ORD            SEA
N273AK            JNU            PHX
N274AK            MKE            CMH
N275AK            LAS            RDM
N277AK            CMH            SEA
N280AK            PDX            PDX
N281AK            ABQ            PDX
N282AK            JFK            PDX
N283AK            PDX            AUS
N284AK            SJC            SJC
N285AK            SMF            SEA
N287AK            RDM            SMF
N288AK            ORD            LAS
N290AK            BNA            BNA
N291BT            SEA            SEA
N292AK            LAS            LAS
N293AK            ANC            JFK
N294AK            LAX            SEA
N296AK            PHX            JNU
N297AK            SFO            ANC
N298AK            LAX            SEA
N307AS            SEA            SEA
N309AS            JNU            JNU
N318AS            SEA            SEA
N402AS            LAS            SEA
N403AS            SAN            SEA
N408AS            ANC            PDX
N409AS            SFO            LAX
N413AS            SEA            MCO
N419AS            BOS            SEA
N423AS            LAX            ANC
N431AS            MCO            EWR
N433AS            CLE            SFO
N434AS            ANC            ORD
N435AS            GEG            SEA
N440AS            LAX            SEA
N442AS            SEA            SEA
N448AS            SEA            TPA
N453AS            JNU            JNU
N457AS            DFW            PHX
N459AS            SFO            IAD
N462AS            SFO            IND
N464AS            ANC            ANC
N467AS            MCI            SEA
N469AS            GEG            LAX
N471AS            SEA            SEA
N472AS            SJC            SAN
N474AS            SEA            SEA
N477AS            TPA            SEA
N478AS            ANC            PHL
N481AS            PDX            JFK
N483AS            PDX            SEA
N486AS            SEA            SMF
N487AS            BNA            SEA
N491AS            PDX            SEA
N492AS            PDX            PDX
N493AS            PHL            SLC
N494AS            ANC            SEA
N495AS            HNL            SAN
N506AS            BOS            SEA
N508AS            DCA            SEA
N512AS            SNA            LAX
N513AS            SEA            SEA
N514AS            SFO            ANC
N516AS            LAX            SNA
N517AS            SAN            SEA
N518AS            LAX            KOA
N519AS            SNA            SEA
N520AS            ANC            SEA
N523AS            SEA            PDX
N525AS            ANC            SEA
N526AS            SEA            SEA
N527AS            BWI            SEA
N529AS            SIT            SIT
N530AS            SJC            MSP
N531AS            SEA            DEN
N532AS            PDX            SAN
N535AS            SAN            SEA
N536AS            SEA            SEA
N537AS            DCA            PDX
N538AS            SEA            SAN
N546AS            SEA            SNA
N548AS            DEN            ANC
N549AS            ADQ            ADQ
N551AS            SEA            SEA
N552AS            SNA            BOS
N553AS            SEA            OAK
N556AS            SMF            ANC
N557AS            SAN            SEA
N560AS            SEA            PDX
N562AS            MSP            KOA
N564AS            ANC            SEA
N565AS            SEA            ANC
N568AS            LAX            SAN
N569AS            SAN            LIH
N570AS            SAN            SEA
N577AS            SEA            SAN
N579AS            KOA            BWI
N581AS            BOS            SFO
N586AS            PDX            GEG
N587AS            PHX            SNA
N589AS            JFK            LAX
N590AS            DCA            SEA
N592AS            ORD            ADQ
N593AS            LAS            PAE
N594AS            OAK            DEN
N596AS            SEA            SMF
N597AS            OGG            SAN
N607AS            ANC            SEA
N609AS            SIT            SEA
N611AS            SEA            ANC
N612AS            ANC            ANC
N613AS            RNO            SEA
N615AS            JNU            JNU
N618AS            ANC            PDX
N619AS            ANC            ANC
N622AS            SEA            JNU
N703AL            SEA            OGG
N705AL            LAX            SEA
N706AL            EWR            SEA
N707AL            EWR            DFW
N708AL            ORD            SFO
N709AL            TPA            SEA
N710AL            MSP            SEA
N712AL            LAX            SEA
N713AL            PDX            BOS
N716AL            MCO            MCO
N719AL            SEA            SFO
N720AL            BOS            SEA
N722AL            SEA            SEA
N723AL            DFW            SAN
N724AL            AUS            SEA
N725AL            SFO            IAH
N729AL            LAX            SEA
N731AL            MCO            SEA
N732AL            SEA            PDX
N733AL            PDX            SFO
N734AL            JFK            SEA
N738AL            SEA            FAI
N801AK            ANC            ANC
N803AK            JFK            JFK
N804AK            SEA            SEA
N805AK            LAX            LAX
N806AK            LAX            LAX
N809AK            SEA            SEA
N812AK            SFO            SFO
N813AK            SEA            SEA
N903AK            PDX            PDX
N912AK            SAN            CVG
N913AK            GEG            LAS
N915AK            SEA            PHX
N917AK            ONT            HNL
N918AK            RDU            ORD
N919AK            PHX            SEA
N920AK            ATL            SEA
N921AK            AUS            SEA
N924AK            EWR            ANC
N926AK            MSY            MSY
N928AK            DEN            EWR
N929AK            SEA            SEA
N931AK            PDX            SFO
N932AK            SFO            IAD
N933AK            ORD            JFK
N934AK            ANC            LAX
N935AK            SAN            DEN
N936AK            SEA            SEA
N938AK            LAX            SEA
N941AK            IAH            SEA
N942AK            ORD            SEA
N947AK            FAI            FAI
N948AK            LAX            LAX
N949AK            FAI            SEA
N952AK            SEA            BOS
N953AK            CVG            GEG
N954AK            PDX            SJC
N955AK            SFO            ONT
N956AK            PIT            PIT
N958AK            SAT            SAT
N960AK            BOS            SEA
N961AK            PHX            PDX
N962AK            SFO            LAX
N963AK            LAX            ORD
N964AK            IAH            LAX
N966AK            SFO            JFK
N967AK            LAX            PDX
N968AK            JFK            SEA
N969AK            PDX            JFK
N972AK            SFO            SEA
N973AK            ONT            SEA
N974AK            BOI            EWR
N975AK            LAS            ATL
N976AK            STL            SEA
N977AK            SEA            SEA
N978AK            IAD            ATL
N982AK            SEA            SAN
N983AK            ATL            SEA
N984AK            FAI            SEA
N985AK            DEN            LAX
N990AK            LAX            LAX
N407AS            SEA            SEA
N428AS            LAX            CLE
N468AS            DTW            DTW
N479AS            SEA            BNA
N563AS            GEG            SEA
N566AS            SFO            SFO
N588AS            ANC            LAX
N614AS            ANC            SEA
N946AK            BUR            LAX
N971AK            BUR            SAN
N979AK            SAN            SEA
