Objective:	6.23609e+08
Total CPU time:	00:10:42
================== Aircraft Recovery Schedule ==================
N214AK[30]
375(7/7IAD13:00---SEA18:47)
2025-Jul-07 19:17:00
2025-Jul-09 15:30:00
--------------------------------------------------------
N224AK[45]
2025-Jul-07 15:00:00
2025-Jul-09 15:45:00
--------------------------------------------------------
N236AK[55]
1258(7/7SEA14:00---SAN16:50)
2025-Jul-07 17:45:00
2025-Jul-09 15:55:00
--------------------------------------------------------
N237AK[55]
2025-Jul-07 15:00:00
2025-Jul-09 15:55:00
--------------------------------------------------------
N238AK[40]
1074(7/7PDX14:25---SAN17:00)
2025-Jul-07 17:40:00
2025-Jul-09 15:40:00
--------------------------------------------------------
N247AK[50]
512(7/7SFO14:00---AUS17:36)
2025-Jul-07 18:26:00
2025-Jul-09 15:50:00
--------------------------------------------------------
N248AK[30]
537(7/7BOS13:20---SEA19:35)
2025-Jul-07 20:05:00
2025-Jul-09 15:30:00
--------------------------------------------------------
N251AK[50]
2025-Jul-07 15:00:00
2025-Jul-09 15:50:00
--------------------------------------------------------
N253AK[35]
2025-Jul-07 15:00:00
2025-Jul-09 15:35:00
--------------------------------------------------------
N260AK[60]
2025-Jul-07 15:00:00
2025-Jul-09 16:00:00
--------------------------------------------------------
N264AK[30]
2025-Jul-07 15:00:00
2025-Jul-09 15:30:00
--------------------------------------------------------
N265AK[55]
541(7/7AUS12:37---PDX16:50)
2025-Jul-07 17:45:00
121-d0(7/7PDX17:53---BUR20:12)
122-d0(7/7BUR21:07---PDX23:25)
1455-d0(7/8PDX00:49---ANC04:40)
134-d330(7/8ANC06:00---SEA09:30)
959-d300(7/8SEA10:52---GEG11:59)
215-d0(7/8GEG16:45---SEA18:00)
1150001-d0(7/8SEA19:48---BUR22:19)
1150-d0(7/8BUR23:14---SEA01:54)
1140-d120(7/9SEA02:59---SFO05:15)
2025-Jul-09 15:55:00
--------------------------------------------------------
N267AK[60]
2025-Jul-07 15:00:00
57-d0(7/7ANC16:00---FAI17:05)
234-d0(7/7FAI18:05---SEA21:43)
352-d210(7/7SEA22:48---AUS03:00)
339-d210(7/8AUS04:00---SEA08:37)
161-d240(7/8SEA09:47---EUG11:01)
132-d0(7/8EUG13:00---SEA14:15)
1166-d30(7/8SEA15:40---SFO17:59)
912-d300(7/8SFO19:20---SAN21:02)
322-d270(7/8SAN22:18---IAD03:29)
435-d270(7/9IAD04:29---SFO10:16)
2025-Jul-09 16:00:00
--------------------------------------------------------
N268AK[55]
413(7/7ORD12:00---PDX16:25)
2025-Jul-07 17:20:00
1296-d0(7/7PDX17:40---SAN20:15)
1297-d0(7/7SAN21:15---PDX23:49)
1370-d30(7/8PDX01:05---AUS05:12)
513-d270(7/8AUS06:15---SFO09:59)
368-d0(7/8SFO14:00---MCO19:34)
419-d0(7/8MCO20:39---SEA02:50)
22-d0(7/9SEA05:41---JFK11:02)
2025-Jul-09 15:55:00
--------------------------------------------------------
N270AK[45]
2025-Jul-07 15:00:00
572001-d0(7/7SEA15:55---RDU21:01)
572-d0(7/7RDU22:01---SEA03:56)
919-d0(7/8SEA04:55---RDU10:00)
920-d0(7/8RDU11:36---SEA17:30)
414-d180(7/8SEA18:17---DFW22:19)
415-d180(7/8DFW23:19---SEA03:34)
960-d240(7/9SEA04:43---GEG05:50)
965-d240(7/9GEG06:44---SEA08:00)
780-d360(7/9SEA08:59---ABQ11:59)
2025-Jul-09 15:45:00
--------------------------------------------------------
N272AK[50]
2025-Jul-07 15:00:00
2025-Jul-09 15:50:00
--------------------------------------------------------
N273AK[45]
289(7/7EWR11:52---LAX17:46)
2025-Jul-07 18:31:00
193-d0(7/9LAX02:45---ANC08:08)
172-d120(7/9ANC09:13---PHX14:45)
2025-Jul-09 15:45:00
--------------------------------------------------------
N274AK[50]
2025-Jul-07 15:00:00
329-d90(7/7ORD16:30---SEA21:04)
1198-d60(7/7SEA22:05---SAN00:55)
735-d60(7/8SAN01:51---SEA04:50)
105-d240(7/8SEA05:59---ANC09:38)
54-d60(7/8ANC10:29---SEA14:00)
79-d0(7/8SEA15:00---ANC18:36)
100-d0(7/8ANC19:41---SEA23:10)
932-d330(7/9SEA00:06---ABQ03:07)
933-d330(7/9ABQ04:01---SEA07:11)
315-d210(7/9SEA08:15---CMH12:43)
2025-Jul-09 15:50:00
--------------------------------------------------------
N275AK[55]
683(7/7ORD13:00---SEA17:39)
2025-Jul-07 18:34:00
438-d150(7/7SEA21:15---IAH01:40)
439-d150(7/8IAH02:40---SEA07:23)
780-d330(7/8SEA08:29---ABQ11:29)
618-d0(7/8ABQ14:00---SEA17:15)
516-d210(7/8SEA18:25---FLL00:22)
517-d210(7/9FLL01:22---SEA07:50)
924-d180(7/9SEA08:48---RDM09:59)
2025-Jul-09 15:55:00
--------------------------------------------------------
N277AK[45]
2025-Jul-07 15:00:00
2025-Jul-09 15:45:00
--------------------------------------------------------
N280AK[55]
1089(7/7LAS14:05---PDX16:24)
2025-Jul-07 17:19:00
2025-Jul-09 15:55:00
--------------------------------------------------------
N281AK[30]
2025-Jul-07 15:00:00
1254-d0(7/7SEA15:27---ONT18:05)
1111-d0(7/7ONT19:00---SEA21:38)
71-d210(7/7SEA22:13---JNU00:49)
176-d210(7/8JNU01:45---SEA04:12)
460-d360(7/8SEA04:43---BOS09:59)
336-d30(7/8BOS10:30---PDX16:47)
1420-d0(7/8PDX17:30---IAH21:50)
1421-d0(7/8IAH22:50---PDX03:15)
1204-d360(7/9PDX03:49---SAN06:22)
1294-d360(7/9SAN07:18---PDX09:50)
2025-Jul-09 15:30:00
--------------------------------------------------------
N282AK[60]
2025-Jul-07 15:00:00
90-d210(7/7SIT18:45---SEA21:09)
700-d120(7/7SEA22:35---PHX01:29)
611-d120(7/8PHX02:29---SEA05:35)
1039-d120(7/8SEA06:45---GEG07:58)
963-d0(7/8GEG14:00---SEA15:14)
535001-d0(7/8SEA17:20---DEN20:07)
535-d30(7/8DEN21:33---SEA00:30)
1092-d150(7/9SEA01:48---LAX04:35)
1397-d270(7/9LAX05:37---PDX08:00)
2025-Jul-09 16:00:00
--------------------------------------------------------
N283AK[50]
2025-Jul-07 15:00:00
1314-d0(7/7SJC19:02---SEA21:10)
602-d0(7/7SEA22:49---DEN01:32)
615-d0(7/8DEN02:32---SEA05:42)
1004-d240(7/8SEA06:59---GEG08:09)
966-d0(7/8GEG13:00---SEA14:15)
648-d30(7/8SEA15:30---TUS18:40)
641-d30(7/8TUS19:36---SEA22:50)
372-d0(7/9SEA00:56---AUS05:05)
2025-Jul-09 15:50:00
--------------------------------------------------------
N284AK[40]
943(7/7RDM13:00---SEA14:14)
516(7/7SEA14:55---FLL20:52)
2025-Jul-07 21:32:00
517-d0(7/7FLL21:52---SEA04:20)
380-d30(7/8SEA05:15---DTW09:35)
381-d0(7/8DTW11:00---SEA15:57)
1258-d180(7/8SEA17:00---SAN19:50)
1259-d210(7/8SAN20:30---SEA23:30)
733-d360(7/9SEA00:38---SLC02:44)
734-d360(7/9SLC03:39---SEA05:54)
1310-d300(7/9SEA06:36---SJC08:51)
2025-Jul-09 15:40:00
--------------------------------------------------------
N285AK[30]
383(7/7BNA12:00---SEA17:06)
2025-Jul-07 17:36:00
2025-Jul-09 15:30:00
--------------------------------------------------------
N287AK[55]
139(7/7ORD14:30---ANC21:15)
2025-Jul-07 22:10:00
56-d0(7/7ANC22:50---SEA02:20)
1098-d150(7/8SEA03:29---SAN06:24)
1020-d150(7/8SAN07:20---MCO12:30)
395-d150(7/8MCO13:50---SEA20:00)
313001-d330(7/8SEA21:00---DTW01:20)
313-d330(7/9DTW02:16---SEA07:15)
1194-d330(7/9SEA08:24---SMF10:22)
2025-Jul-09 15:55:00
--------------------------------------------------------
N288AK[55]
2025-Jul-07 15:00:00
2025-Jul-09 15:55:00
--------------------------------------------------------
N290AK[30]
358(7/7PDX14:00---BOS19:25)
2025-Jul-07 19:55:00
304-d0(7/7BOS20:25---SEA02:48)
1086-d300(7/8SEA03:25---ONT06:04)
1087-d300(7/8ONT06:58---SEA09:37)
547-d330(7/8SEA10:10---CLE14:41)
548-d270(7/8CLE15:30---SEA20:39)
405001-d360(7/8SEA21:11---OKC00:48)
405-d360(7/9OKC01:44---SEA05:38)
382-d330(7/9SEA06:13---BNA10:29)
2025-Jul-09 15:30:00
--------------------------------------------------------
N291BT[30]
627(7/7TPA11:00---SEA17:06)
2025-Jul-07 17:36:00
2025-Jul-09 15:30:00
--------------------------------------------------------
N292AK[45]
473(7/7STL11:41---SEA16:10)
2025-Jul-07 16:55:00
1108-d0(7/7SEA16:58---SAN19:49)
1097-d0(7/7SAN20:45---SEA23:45)
658-d330(7/8SEA00:30---LAS03:14)
634-d330(7/8LAS04:09---SFO05:50)
776-d300(7/8SFO06:40---LAS08:25)
393-d0(7/8LAS14:00---PAE16:40)
385-d0(7/8PAE17:40---PHX20:43)
396-d0(7/8PHX21:43---PAE00:44)
391-d0(7/9PAE01:44---LAS04:17)
2025-Jul-09 15:45:00
--------------------------------------------------------
N293AK[60]
2025-Jul-07 15:00:00
2025-Jul-09 16:00:00
--------------------------------------------------------
N294AK[50]
281(7/7BNA14:00---SEA19:03)
2025-Jul-07 19:53:00
2025-Jul-09 15:50:00
--------------------------------------------------------
N296AK[50]
2025-Jul-07 15:00:00
1290001-d0(7/7SEA15:00---BUR17:36)
1290-d0(7/7BUR18:30---SEA21:08)
738-d270(7/7SEA22:10---LAS00:49)
756-d270(7/8LAS01:43---PDX04:05)
1176-d270(7/8PDX05:00---PHX07:50)
141-d360(7/8PHX08:57---ANC14:48)
198-d0(7/8ANC17:05---PDX20:44)
757-d240(7/8PDX21:50---LAS00:09)
676-d240(7/9LAS01:04---SEA03:50)
69001-d210(7/9SEA05:05---KTN07:14)
69-d240(7/9KTN08:29---JNU09:30)
2025-Jul-09 15:50:00
--------------------------------------------------------
N297AK[35]
2025-Jul-07 15:00:00
2025-Jul-09 15:35:00
--------------------------------------------------------
N298AK[55]
533(7/7ATL13:30---SEA18:51)
2025-Jul-07 19:46:00
2025-Jul-09 15:55:00
--------------------------------------------------------
N307AS[60]
168(7/7FAI08:14---SEA12:00)
2025-Jul-07 15:00:00
722-d150(7/7SEA21:14---PHX00:17)
975-d150(7/8PHX01:17---SEA04:22)
2025-Jul-09 16:00:00
--------------------------------------------------------
N309AS[30]
2025-Jul-07 15:00:00
612-d0(7/7SEA15:26---LAS18:05)
785-d0(7/7LAS19:00---SEA21:44)
1284-d0(7/7SEA22:44---SFO00:57)
1065-d0(7/8SFO01:53---SEA04:11)
185-d0(7/8SEA05:55---JNU08:25)
42-d0(7/8JNU09:55---SEA12:23)
1306-d0(7/8SEA15:00---LAX17:49)
1305-d0(7/8LAX18:55---SEA21:39)
962-d0(7/8SEA23:03---GEG00:13)
964-d0(7/9GEG01:07---SEA02:21)
205-d30(7/9SEA03:06---JNU05:35)
2025-Jul-09 15:30:00
--------------------------------------------------------
N318AS[40]
2025-Jul-07 15:00:00
215-d180(7/7GEG19:45---SEA21:00)
1194-d0(7/8SEA02:54---SMF04:52)
1217-d0(7/8SMF13:15---SEA15:15)
2025-Jul-09 15:40:00
--------------------------------------------------------
N402AS[60]
1041(7/7BUR14:00---SEA16:37)
2025-Jul-07 17:37:00
2025-Jul-09 16:00:00
--------------------------------------------------------
N403AS[50]
188(7/7ANC13:00---SEA16:30)
2025-Jul-07 17:20:00
2025-Jul-09 15:50:00
--------------------------------------------------------
N408AS[55]
2025-Jul-07 15:00:00
2025-Jul-09 15:55:00
--------------------------------------------------------
N409AS[55]
150(7/7ANC08:34---LAX13:55)
2025-Jul-07 15:00:00
2025-Jul-09 15:55:00
--------------------------------------------------------
N413AS[40]
324(7/7PDX14:02---ORD18:07)
2025-Jul-07 18:47:00
891-d60(7/7ORD19:03---SEA23:42)
357001-d240(7/8SEA00:35---MCI04:01)
357-d240(7/8MCI04:56---SEA08:56)
112-d180(7/8SEA09:50---FAI13:36)
210-d30(7/8FAI14:22---SEA18:10)
904-d30(7/8SEA18:53---BZN20:36)
905-d30(7/8BZN21:30---SEA23:29)
600-d90(7/9SEA00:12---LAS02:46)
779-d120(7/9LAS03:31---PDX05:50)
1122-d360(7/9PDX06:30---SAN09:03)
1020-d300(7/9SAN09:50---MCO15:00)
2025-Jul-09 15:40:00
--------------------------------------------------------
N419AS[60]
2025-Jul-07 15:00:00
2025-Jul-09 16:00:00
--------------------------------------------------------
N423AS[30]
446(7/7PHL10:45---SEA16:42)
2025-Jul-07 17:12:00
549-d30(7/7SEA21:10---DFW01:06)
550-d0(7/8DFW01:36---SEA05:59)
241-d330(7/8SEA06:40---MKE10:29)
242-d0(7/8MKE11:30---SEA15:53)
83-d30(7/8SEA16:30---ANC20:05)
162-d0(7/8ANC20:40---SEA00:13)
494001-d330(7/9SEA01:03---SAT05:07)
494-d300(7/9SAT05:37---SEA09:53)
119-d270(7/9SEA10:29---ANC14:09)
2025-Jul-09 15:30:00
--------------------------------------------------------
N431AS[55]
292(7/7SFO14:54---EWR20:29)
2025-Jul-07 21:24:00
2025-Jul-09 15:55:00
--------------------------------------------------------
N433AS[45]
2025-Jul-07 15:00:00
2025-Jul-09 15:45:00
--------------------------------------------------------
N434AS[40]
408(7/7SEA13:00---ORD17:07)
2025-Jul-07 17:47:00
2025-Jul-09 15:40:00
--------------------------------------------------------
N435AS[55]
920(7/7RDU11:36---SEA17:30)
2025-Jul-07 18:25:00
2025-Jul-09 15:55:00
--------------------------------------------------------
N440AS[30]
459(7/7BOS11:20---SEA17:38)
2025-Jul-07 18:08:00
2025-Jul-09 15:30:00
--------------------------------------------------------
N442AS[55]
542(7/7SEA07:25---DFW11:20)
365(7/7DFW14:00---SEA18:27)
2025-Jul-07 19:22:00
2025-Jul-09 15:55:00
--------------------------------------------------------
N448AS[45]
242(7/7MKE11:30---SEA15:53)
2025-Jul-07 16:38:00
568-d30(7/7SEA16:49---MSY21:23)
569-d30(7/7MSY22:23---SEA03:30)
980-d0(7/8SEA04:40---SFO06:59)
922-d240(7/8SFO07:49---SEA10:02)
423-d270(7/8SEA11:06---SAT15:10)
495-d240(7/8SAT16:00---SEA20:24)
1112-d180(7/8SEA21:31---SFO23:47)
591-d60(7/9SFO00:44---SEA02:54)
445-d300(7/9SEA04:08---RNO05:59)
523-d300(7/9RNO06:47---SEA08:42)
360-d210(7/9SEA09:28---TPA14:55)
2025-Jul-09 15:45:00
--------------------------------------------------------
N453AS[50]
42(7/7JNU09:55---SEA12:23)
2025-Jul-07 15:00:00
101-d0(7/7SEA16:53---KTN18:58)
102-d0(7/7KTN19:52---SEA21:54)
1010-d270(7/7SEA22:50---GEG23:59)
1011-d270(7/8GEG00:53---SEA02:07)
744-d240(7/8SEA02:59---PHX05:57)
662-d360(7/8PHX07:05---PDX09:48)
1239-d0(7/8PDX14:00---PHX16:46)
637-d0(7/8PHX17:46---SEA20:53)
1046-d0(7/8SEA22:08---SJC00:17)
1047-d0(7/9SJC01:11---SEA03:18)
1086-d360(7/9SEA04:25---ONT07:04)
1087-d360(7/9ONT07:58---SEA10:37)
185-d360(7/9SEA11:55---JNU14:25)
2025-Jul-09 15:50:00
--------------------------------------------------------
N457AS[45]
606(7/7SEA14:55---PHX17:52)
2025-Jul-07 18:37:00
2025-Jul-09 15:45:00
--------------------------------------------------------
N459AS[50]
1063(7/7BUR14:20---PDX16:37)
2025-Jul-07 17:27:00
1268-d90(7/7PDX17:30---BNA21:49)
522-d0(7/7BNA22:44---SEA03:48)
99-d360(7/8SEA04:58---ANC08:42)
70-d360(7/8ANC09:45---JNU11:27)
73-d0(7/8JNU15:34---ANC17:24)
108-d0(7/8ANC18:22---FAI19:27)
140-d0(7/8FAI20:17---SEA00:00)
697001-d300(7/9SEA00:52---MSO02:17)
697-d300(7/9MSO03:13---SEA04:51)
590-d360(7/9SEA05:42---SFO07:53)
455-d180(7/9SFO08:43---IAD13:50)
2025-Jul-09 15:50:00
--------------------------------------------------------
N462AS[30]
2025-Jul-07 15:00:00
142-d210(7/7JNU18:38---SEA21:06)
733-d180(7/7SEA21:38---SLC23:44)
734-d180(7/8SLC00:39---SEA02:54)
N462AS_SEA-03:34/06:34-d0(7/8SEA03:34---7/8 06:34)
924-d60(7/8SEA06:48---RDM07:59)
943-d0(7/8RDM13:00---SEA14:14)
682001-d0(7/8SEA15:06---DEN17:53)
682-d0(7/8DEN18:49---SEA21:48)
1010-d240(7/8SEA22:20---GEG23:29)
1011-d240(7/9GEG00:23---SEA01:37)
131-d270(7/9SEA02:28---ANC06:00)
134-d360(7/9ANC06:30---SEA10:00)
545-d360(7/9SEA10:45---IND15:00)
2025-Jul-09 15:30:00
--------------------------------------------------------
N464AS[55]
453(7/7IAH11:00---SEA15:40)
2025-Jul-07 16:35:00
N464AS_SEA-15:40/18:40-d0(7/7SEA15:40---7/7 18:40)
494001-d90(7/7SEA21:03---SAT01:07)
494-d90(7/8SAT02:07---SEA06:23)
427-d30(7/8SEA07:19---CVG11:37)
428-d0(7/8CVG12:40---SEA17:39)
1133-d120(7/8SEA19:03---SMF21:03)
1281-d150(7/8SMF22:27---SEA00:24)
1048001-d30(7/9SEA01:29---LAX04:20)
1215-d180(7/9LAX05:25---SEA08:17)
228-d360(7/9SEA09:25---ANC13:04)
2025-Jul-09 15:55:00
--------------------------------------------------------
N467AS[40]
132(7/7EUG13:00---SEA14:15)
2025-Jul-07 15:00:00
2025-Jul-09 15:40:00
--------------------------------------------------------
N469AS[30]
1130(7/7GEG14:00---SAN16:47)
2025-Jul-07 17:17:00
1073-d0(7/7SAN17:50---PDX20:28)
1420-d210(7/7PDX21:00---IAH01:20)
1421-d180(7/8IAH01:50---PDX06:15)
1062-d360(7/8PDX07:04---BUR09:23)
1063-d0(7/8BUR14:20---PDX16:37)
1161-d0(7/8PDX17:30---PHX20:16)
1238-d0(7/8PHX21:16---PDX23:59)
836-d180(7/9PDX00:30---SFO02:22)
1225-d330(7/9SFO03:15---SEA05:24)
1004-d180(7/9SEA05:59---GEG07:09)
1280-d360(7/9GEG07:49---LAX10:35)
2025-Jul-09 15:30:00
--------------------------------------------------------
N471AS[60]
643(7/7DEN12:00---SEA15:01)
2025-Jul-07 16:01:00
2025-Jul-09 16:00:00
--------------------------------------------------------
N472AS[50]
35(7/7JFK14:00---SAN19:52)
2025-Jul-07 20:42:00
2025-Jul-09 15:50:00
--------------------------------------------------------
N474AS[40]
942(7/7ORD11:00---SEA15:37)
2025-Jul-07 16:17:00
2025-Jul-09 15:40:00
--------------------------------------------------------
N477AS[60]
963(7/7GEG14:00---SEA15:14)
2025-Jul-07 16:14:00
2025-Jul-09 16:00:00
--------------------------------------------------------
N478AS[40]
2025-Jul-07 15:00:00
47-d150(7/7ANC17:45---SEA21:22)
1256-d300(7/7SEA22:21---PSP01:15)
582-d300(7/8PSP02:10---SEA05:00)
315-d60(7/8SEA05:45---CMH10:13)
316-d0(7/8CMH11:00---SEA16:05)
1108-d0(7/8SEA16:58---SAN19:49)
1097-d0(7/8SAN20:45---SEA23:45)
1096-d360(7/9SEA00:41---SAN03:38)
1005-d90(7/9SAN04:27---SFO06:07)
922-d180(7/9SFO06:49---SEA09:02)
444-d330(7/9SEA09:45---PHL14:55)
2025-Jul-09 15:40:00
--------------------------------------------------------
N481AS[60]
18(7/7PDX14:20---JFK19:45)
2025-Jul-07 20:45:00
2025-Jul-09 16:00:00
--------------------------------------------------------
N483AS[60]
54(7/7ANC09:29---SEA13:00)
2025-Jul-07 15:00:00
2025-Jul-09 16:00:00
--------------------------------------------------------
N486AS[50]
2025-Jul-07 15:00:00
2025-Jul-09 15:50:00
--------------------------------------------------------
N487AS[55]
546(7/7IND10:30---SEA15:19)
2025-Jul-07 16:14:00
2025-Jul-09 15:55:00
--------------------------------------------------------
N491AS[45]
316(7/7CMH11:00---SEA16:05)
2025-Jul-07 16:50:00
2025-Jul-09 15:45:00
--------------------------------------------------------
N492AS[60]
974(7/7SAN14:00---PDX16:35)
2025-Jul-07 17:35:00
2025-Jul-09 16:00:00
--------------------------------------------------------
N493AS[55]
430(7/7SEA14:14---SLC16:16)
2025-Jul-07 17:11:00
2025-Jul-09 15:55:00
--------------------------------------------------------
N494AS[45]
2025-Jul-07 15:00:00
2025-Jul-09 15:45:00
--------------------------------------------------------
N495AS[60]
2025-Jul-07 15:00:00
2025-Jul-09 16:00:00
--------------------------------------------------------
N506AS[45]
799(7/7PHX13:00---SEA16:04)
2025-Jul-07 16:49:00
2025-Jul-09 15:45:00
--------------------------------------------------------
N508AS[50]
2025-Jul-07 15:00:00
2025-Jul-09 15:50:00
--------------------------------------------------------
N512AS[55]
2025-Jul-07 15:00:00
2025-Jul-09 15:55:00
--------------------------------------------------------
N513AS[55]
2025-Jul-07 15:00:00
2025-Jul-09 15:55:00
--------------------------------------------------------
N514AS[50]
1293(7/7LAX13:00---SEA15:50)
2025-Jul-07 16:40:00
149-d0(7/7SEA16:50---ANC20:26)
137-d270(7/7ANC21:25---OTZ23:02)
137001-d270(7/7OTZ23:54---ANC01:24)
272-d0(7/8ANC04:10---SEA07:45)
N514AS_SEA-07:45/11:45-d0(7/8SEA07:45---7/8 11:45)
542-d270(7/8SEA11:55---DFW15:50)
303-d270(7/8DFW16:55---PDX20:58)
1100-d0(7/8PDX21:55---SNA00:27)
1159-d270(7/9SNA01:21---PDX03:45)
197001-d0(7/9PDX04:40---ANC08:24)
2025-Jul-09 15:50:00
--------------------------------------------------------
N516AS[55]
1148(7/7SEA14:20---SNA17:15)
2025-Jul-07 18:10:00
2025-Jul-09 15:55:00
--------------------------------------------------------
N517AS[55]
2025-Jul-07 15:00:00
2025-Jul-09 15:55:00
--------------------------------------------------------
N518AS[60]
302(7/7ANC09:44---PDX13:20)
867(7/7PDX14:56---KOA20:50)
2025-Jul-07 21:50:00
2025-Jul-09 16:00:00
--------------------------------------------------------
N519AS[40]
349(7/7BWI11:51---SEA17:40)
2025-Jul-07 18:20:00
2025-Jul-09 15:40:00
--------------------------------------------------------
N520AS[50]
645(7/7PHX14:05---SEA17:09)
2025-Jul-07 17:59:00
2025-Jul-09 15:50:00
--------------------------------------------------------
N523AS[50]
15(7/7DCA12:59---SAN18:20)
2025-Jul-07 19:10:00
1137-d0(7/7SAN19:12---SEA22:10)
1042001-d0(7/7SEA23:17---SBP01:43)
1042-d0(7/8SBP02:35---SEA05:07)
1321-d360(7/8SEA06:08---STS08:09)
1321001-d360(7/8STS09:01---SEA11:07)
1254-d0(7/8SEA15:27---ONT18:05)
1111-d0(7/8ONT19:00---SEA21:38)
1257-d0(7/8SEA22:38---SNA01:26)
1191-d270(7/9SNA02:32---SEA05:18)
1321-d360(7/9SEA06:08---STS08:09)
1321001-d360(7/9STS09:01---SEA11:07)
498-d360(7/9SEA12:03---PDX12:59)
2025-Jul-09 15:50:00
--------------------------------------------------------
N525AS[40]
21(7/7JFK11:00---SEA17:13)
2025-Jul-07 17:53:00
2025-Jul-09 15:40:00
--------------------------------------------------------
N526AS[50]
210(7/7FAI13:52---SEA17:40)
2025-Jul-07 18:30:00
2025-Jul-09 15:50:00
--------------------------------------------------------
N527AS[50]
2025-Jul-07 15:00:00
2025-Jul-09 15:50:00
--------------------------------------------------------
N529AS[60]
869(7/7SJC14:00---KOA19:30)
2025-Jul-07 20:30:00
808-d0(7/7KOA20:30---SEA02:22)
228-d0(7/8SEA03:25---ANC07:04)
148-d0(7/8ANC08:29---SEA12:00)
1109-d0(7/8SEA13:00---SAN15:53)
1071-d120(7/8SAN17:15---SEA20:18)
908-d180(7/8SEA21:30---PSC22:39)
909-d210(7/9PSC00:00---SEA01:08)
1042001-d180(7/9SEA02:17---SBP04:43)
1042-d210(7/9SBP06:05---SEA08:37)
91-d330(7/9SEA09:45---SIT12:14)
2025-Jul-09 16:00:00
--------------------------------------------------------
N530AS[60]
2025-Jul-07 15:00:00
1169-d210(7/7SFO18:50---SEA21:00)
154001-d210(7/7SEA22:02---RDM23:14)
154-d240(7/8RDM00:38---SEA01:58)
67002-d270(7/8SEA03:03---KTN05:10)
67001-d300(7/8KTN06:25---SIT07:20)
67003-d330(7/8SIT08:38---JNU09:22)
67-d360(7/8JNU10:40---ANC12:28)
593-d30(7/8ANC13:35---PDX17:12)
775-d30(7/8PDX18:12---ANC21:56)
181-d0(7/8ANC23:06---DLG00:21)
182001-d30(7/9DLG01:45---ANC02:52)
45-d150(7/9ANC04:19---BET05:39)
46-d180(7/9BET06:59---ANC08:18)
59-d180(7/9ANC09:35---MSP15:00)
2025-Jul-09 16:00:00
--------------------------------------------------------
N531AS[45]
2025-Jul-07 15:00:00
2025-Jul-09 15:45:00
--------------------------------------------------------
N532AS[60]
1109(7/7SEA13:00---SAN15:53)
2025-Jul-07 16:53:00
1071-d180(7/7SAN18:15---SEA21:18)
49-d270(7/7SEA22:25---ANC02:05)
151001-d210(7/8ANC03:10---AKN04:19)
151-d210(7/8AKN05:29---ANC06:40)
164-d30(7/8ANC07:48---DEN13:05)
745-d30(7/8DEN14:30---SEA17:30)
1174-d30(7/8SEA18:52---SNA21:44)
1277-d330(7/8SNA22:51---SEA01:36)
1125-d180(7/9SEA02:47---SLC04:50)
719-d210(7/9SLC06:14---SEA08:37)
1264-d360(7/9SEA10:03---SAN12:59)
2025-Jul-09 16:00:00
--------------------------------------------------------
N535AS[50]
1151(7/7OAK14:00---SEA16:07)
2025-Jul-07 16:57:00
2025-Jul-09 15:50:00
--------------------------------------------------------
N536AS[45]
1(7/7DCA12:00---SEA17:56)
2025-Jul-07 18:41:00
2025-Jul-09 15:45:00
--------------------------------------------------------
N537AS[50]
1124(7/7LAX14:00---PDX16:23)
2025-Jul-07 17:13:00
2025-Jul-09 15:50:00
--------------------------------------------------------
N538AS[55]
2025-Jul-07 15:00:00
2025-Jul-09 15:55:00
--------------------------------------------------------
N546AS[45]
2025-Jul-07 15:00:00
48-d30(7/7ANC17:30---SEA21:03)
908-d210(7/7SEA22:00---PSC23:09)
909-d210(7/8PSC00:00---SEA01:08)
N546AS_SEA-02:35/05:35-d0(7/8SEA02:35---7/8 05:35)
498-d0(7/8SEA06:03---PDX06:59)
1158-d300(7/8PDX07:48---SNA10:18)
1325-d0(7/8SNA13:45---SEA16:42)
1256-d30(7/8SEA17:51---PSP20:45)
582-d30(7/8PSP21:40---SEA00:30)
1163-d30(7/9SEA01:29---DEN04:17)
1131-d240(7/9DEN05:06---PDX07:50)
1158-d360(7/9PDX08:48---SNA11:18)
2025-Jul-09 15:45:00
--------------------------------------------------------
N548AS[35]
2025-Jul-07 15:00:00
1190-d0(7/7SEA16:00---SNA18:49)
1149-d270(7/7SNA19:32---SEA22:26)
1018-d210(7/7SEA23:01---BOI00:34)
947-d210(7/8BOI01:30---PDX02:51)
1235-d360(7/8PDX03:34---DEN06:10)
1131-d360(7/8DEN07:06---PDX09:50)
728-d360(7/8PDX10:40---LAS12:59)
1089-d0(7/8LAS14:05---PDX16:24)
1298-d180(7/8PDX17:00---SNA19:31)
740-d30(7/8SNA20:12---SFO21:40)
739-d270(7/8SFO22:30---SNA00:10)
1061-d270(7/9SNA01:00---SEA03:45)
67002-d360(7/9SEA04:33---KTN06:40)
67001-d360(7/9KTN07:25---SIT08:20)
67003-d360(7/9SIT09:08---JNU09:52)
67-d360(7/9JNU10:40---ANC12:28)
2025-Jul-09 15:35:00
--------------------------------------------------------
N549AS[50]
2025-Jul-07 15:00:00
231-d0(7/7ANC15:10---ADQ16:11)
232-d0(7/7ADQ17:03---ANC18:01)
43-d0(7/7ANC18:59---BET20:21)
44-d0(7/7BET21:11---ANC22:34)
155-d0(7/7ANC23:32---OME01:09)
155001-d0(7/8OME01:59---ANC03:33)
47-d0(7/8ANC15:15---SEA18:52)
175-d0(7/8SEA19:55---ANC23:27)
177-d0(7/9ANC02:30---ADQ03:30)
2025-Jul-09 15:50:00
--------------------------------------------------------
N551AS[55]
2025-Jul-07 15:00:00
2025-Jul-09 15:55:00
--------------------------------------------------------
N552AS[30]
981(7/7SFO13:00---SEA15:04)
2025-Jul-07 15:34:00
174-d0(7/7SEA16:57---FAI20:40)
103-d0(7/7FAI21:35---ANC22:40)
183-d60(7/7ANC23:10---DLG00:25)
182-d60(7/8DLG01:20---ANC02:30)
177-d30(7/8ANC03:00---ADQ04:00)
88-d300(7/8ADQ04:49---ANC05:49)
45-d270(7/8ANC06:19---BET07:39)
46-d270(7/8BET08:29---ANC09:48)
110-d90(7/8ANC10:25---SEA13:56)
1226-d30(7/8SEA14:30---SJC16:38)
1311001-d30(7/8SJC17:30---SEA19:43)
1018-d60(7/8SEA20:31---BOI22:04)
947-d60(7/8BOI23:00---PDX00:21)
1295-d0(7/9PDX00:55---SFO02:48)
929-d330(7/9SFO03:35---PDX05:20)
1162-d90(7/9PDX06:00---SAN08:35)
259-d210(7/9SAN09:15---BOS15:00)
2025-Jul-09 15:30:00
--------------------------------------------------------
N553AS[45]
1298(7/7PDX14:00---SNA16:31)
2025-Jul-07 17:16:00
1277-d60(7/7SNA18:21---SEA21:06)
1216-d180(7/7SEA22:01---SMF00:01)
1358-d180(7/8SMF00:56---SEA02:54)
1288-d60(7/8SEA03:41---SNA06:30)
1085-d360(7/8SNA07:17---PDX09:39)
1101-d0(7/8PDX14:00---LAS16:19)
629-d0(7/8LAS17:14---SEA19:58)
1118-d120(7/8SEA21:00---ONT23:46)
1119-d120(7/9ONT01:00---SEA03:40)
1030-d360(7/9SEA04:48---BZN06:31)
1031-d360(7/9BZN07:25---SEA09:35)
1152-d360(7/9SEA10:44---OAK13:01)
2025-Jul-09 15:45:00
--------------------------------------------------------
N556AS[45]
1181(7/7SNA14:00---PDX16:30)
2025-Jul-07 17:15:00
1084-d0(7/7PDX17:30---SNA20:03)
1159-d0(7/7SNA20:51---PDX23:15)
278-d0(7/8PDX00:40---LAX03:15)
1289-d60(7/8LAX04:10---SEA07:06)
N556AS_SEA-07:06/11:06-d0(7/8SEA07:06---7/8 11:06)
1148-d0(7/8SEA14:20---SNA17:15)
1181-d240(7/8SNA18:00---PDX20:30)
863-d240(7/8PDX21:30---GEG22:41)
864-d240(7/8GEG23:36---PDX00:48)
1235-d240(7/9PDX01:34---DEN04:10)
620-d330(7/9DEN05:20---SEA08:20)
144-d150(7/9SEA09:29---ANC13:09)
2025-Jul-09 15:45:00
--------------------------------------------------------
N557AS[60]
701(7/7LAS13:00---SEA15:45)
2025-Jul-07 16:45:00
2025-Jul-09 16:00:00
--------------------------------------------------------
N560AS[60]
2025-Jul-07 15:00:00
2025-Jul-09 16:00:00
--------------------------------------------------------
N562AS[50]
2025-Jul-07 15:00:00
2025-Jul-09 15:50:00
--------------------------------------------------------
N564AS[45]
1325(7/7SNA13:45---SEA16:42)
2025-Jul-07 17:27:00
2025-Jul-09 15:45:00
--------------------------------------------------------
N565AS[45]
173(7/7SEA13:00---ANC16:40)
2025-Jul-07 17:25:00
2025-Jul-09 15:45:00
--------------------------------------------------------
N568AS[60]
2025-Jul-07 15:00:00
2025-Jul-09 16:00:00
--------------------------------------------------------
N569AS[40]
790(7/7SFO14:00---LIH19:47)
2025-Jul-07 20:27:00
2025-Jul-09 15:40:00
--------------------------------------------------------
N570AS[60]
2025-Jul-07 15:00:00
2025-Jul-09 16:00:00
--------------------------------------------------------
N577AS[50]
260(7/7BOS12:40---SAN18:50)
2025-Jul-07 19:40:00
2025-Jul-09 15:50:00
--------------------------------------------------------
N579AS[50]
1316(7/7SEA13:00---LAX15:50)
2025-Jul-07 16:40:00
560-d90(7/7LAX17:00---KOA22:40)
561-d30(7/7KOA23:50---LAX05:21)
1055-d120(7/8LAX06:15---SEA09:06)
119-d240(7/8SEA09:59---ANC13:39)
62-d0(7/8ANC14:45---JNU16:28)
62001-d0(7/8JNU17:20---SIT18:05)
62003-d0(7/8SIT18:57---KTN19:58)
62002-d0(7/8KTN20:48---SEA22:47)
N579AS_SEA-22:47/01:47-d0(7/8SEA22:47---7/9 01:47)
1104-d0(7/9SEA01:50---SNA04:39)
1203-d210(7/9SNA05:44---SEA08:37)
344-d270(7/9SEA09:50---BWI14:51)
2025-Jul-09 15:50:00
--------------------------------------------------------
N581AS[50]
526(7/7PDX14:04---SFO15:53)
2025-Jul-07 16:43:00
2025-Jul-09 15:50:00
--------------------------------------------------------
N586AS[50]
62(7/7ANC14:45---JNU16:28)
2025-Jul-07 17:18:00
62001-d0(7/7JNU17:20---SIT18:05)
62003-d0(7/7SIT18:57---KTN19:58)
62002-d0(7/7KTN20:48---SEA22:47)
1138-d60(7/8SEA00:04---SBA02:40)
1139-d60(7/8SBA03:30---SEA06:07)
386-d330(7/8SEA07:07---MSP10:29)
387-d0(7/8MSP11:40---SEA15:44)
1190-d60(7/8SEA17:00---SNA19:49)
1299-d150(7/8SNA20:40---PDX23:04)
392-d330(7/8PDX23:58---DFW03:46)
317-d330(7/9DFW04:46---SEA09:05)
959-d270(7/9SEA10:22---GEG11:29)
2025-Jul-09 15:50:00
--------------------------------------------------------
N587AS[45]
2025-Jul-07 15:00:00
2025-Jul-09 15:45:00
--------------------------------------------------------
N589AS[60]
2025-Jul-07 15:00:00
2025-Jul-09 16:00:00
--------------------------------------------------------
N590AS[55]
5(7/7DCA13:59---LAX19:33)
2025-Jul-07 20:28:00
6-d0(7/7LAX20:31---DCA01:42)
3-d360(7/8DCA03:02---SEA09:00)
1292-d360(7/8SEA10:07---LAX12:59)
504-d0(7/8LAX14:00---SEA16:47)
174-d60(7/8SEA17:57---FAI21:40)
103-d60(7/8FAI22:35---ANC23:40)
66-d210(7/9ANC00:56---CDV01:51)
66001-d240(7/9CDV03:13---YAK04:13)
66003-d270(7/9YAK05:35---JNU06:33)
66002-d300(7/9JNU07:55---SEA10:23)
2025-Jul-09 15:55:00
--------------------------------------------------------
N592AS[45]
2025-Jul-07 15:00:00
2025-Jul-09 15:45:00
--------------------------------------------------------
N593AS[50]
393(7/7LAS14:00---PAE16:40)
2025-Jul-07 17:30:00
2025-Jul-09 15:50:00
--------------------------------------------------------
N594AS[55]
1136001(7/7PDX14:00---DEN16:37)
2025-Jul-07 17:32:00
2025-Jul-09 15:55:00
--------------------------------------------------------
N596AS[45]
966(7/7GEG13:00---SEA14:15)
2025-Jul-07 15:00:00
79-d0(7/7SEA15:00---ANC18:36)
66-d0(7/7ANC21:26---CDV22:21)
66001-d0(7/7CDV23:13---YAK00:13)
66003-d0(7/8YAK01:05---JNU02:03)
66002-d0(7/8JNU02:55---SEA05:23)
1202-d360(7/8SEA06:35---SNA09:25)
774-d360(7/8SNA10:15---SEA13:05)
366001-d0(7/8SEA15:02---MKE18:54)
366-d0(7/8MKE19:50---SEA00:16)
357001-d270(7/9SEA01:05---MCI04:31)
357-d270(7/9MCI05:26---SEA09:26)
1230-d330(7/9SEA10:15---SMF12:15)
2025-Jul-09 15:45:00
--------------------------------------------------------
N597AS[55]
2025-Jul-07 15:00:00
2025-Jul-09 15:55:00
--------------------------------------------------------
N607AS[40]
186(7/7JNU13:00---SEA15:28)
2025-Jul-07 16:08:00
2025-Jul-09 15:40:00
--------------------------------------------------------
N609AS[40]
931(7/7RNO14:00---SEA15:56)
2025-Jul-07 16:36:00
2025-Jul-09 15:40:00
--------------------------------------------------------
N611AS[40]
55(7/7ANC13:45---SCC15:30)
2025-Jul-07 16:10:00
55001-d0(7/7SCC16:14---ANC17:58)
64-d0(7/7ANC18:50---JNU20:33)
65-d30(7/7JNU21:37---ANC23:23)
86-d30(7/8ANC00:15---SCC02:01)
87-d30(7/8SCC02:45---ANC04:30)
201-d360(7/8ANC05:15---JNU06:58)
84-d360(7/8JNU07:55---ANC09:43)
55-d0(7/8ANC13:45---SCC15:30)
55001-d0(7/8SCC16:14---ANC17:58)
82-d300(7/8ANC19:00---SEA22:31)
720-d0(7/8SEA23:46---FAT01:58)
721-d0(7/9FAT02:40---SEA05:07)
97-d330(7/9SEA06:10---FAI09:55)
192-d330(7/9FAI10:55---ANC12:02)
2025-Jul-09 15:40:00
--------------------------------------------------------
N612AS[50]
2025-Jul-07 15:00:00
2025-Jul-09 15:50:00
--------------------------------------------------------
N613AS[40]
148(7/7ANC08:29---SEA12:00)
65003(7/7SEA14:00---KTN16:04)
2025-Jul-07 16:44:00
60001-d120(7/7KTN19:00---SEA21:03)
1051-d300(7/7SEA21:50---BUR00:26)
1038-d300(7/8BUR01:20---SEA03:59)
720-d300(7/8SEA04:46---FAT06:58)
721-d300(7/8FAT07:40---SEA10:07)
61002-d0(7/8SEA14:00---JNU16:29)
61001-d0(7/8JNU17:19---YAK18:18)
61003-d0(7/8YAK19:08---CDV20:09)
61-d0(7/8CDV20:59---ANC22:00)
64-d240(7/8ANC22:50---JNU00:33)
64001-d240(7/9JNU01:21---PSG02:07)
64003-d240(7/9PSG02:52---WRG03:25)
64004-d240(7/9WRG04:10---KTN04:55)
64002-d240(7/9KTN05:40---SEA07:35)
2025-Jul-09 15:40:00
--------------------------------------------------------
N615AS[45]
2025-Jul-07 15:00:00
60-d0(7/7JNU15:14---KTN16:15)
65001-d30(7/7KTN17:19---WRG17:58)
65004-d30(7/7WRG18:43---PSG19:14)
65002-d30(7/7PSG19:59---JNU20:49)
73-d360(7/7JNU21:34---ANC23:24)
108-d360(7/8ANC00:22---FAI01:27)
140-d360(7/8FAI02:17---SEA06:00)
736-d150(7/8SEA07:10---RNO09:05)
931-d0(7/8RNO14:00---SEA15:56)
65003-d180(7/8SEA17:00---KTN19:04)
60001-d180(7/8KTN20:00---SEA22:03)
99-d0(7/8SEA22:58---ANC02:42)
89-d360(7/9ANC03:54---ADQ04:57)
88-d360(7/9ADQ05:49---ANC06:49)
70-d240(7/9ANC07:45---JNU09:27)
2025-Jul-09 15:45:00
--------------------------------------------------------
N618AS[50]
593(7/7ANC13:05---PDX16:42)
2025-Jul-07 17:32:00
2025-Jul-09 15:50:00
--------------------------------------------------------
N619AS[40]
61002(7/7SEA14:00---JNU16:29)
2025-Jul-07 17:09:00
61001-d0(7/7JNU17:19---YAK18:18)
61003-d0(7/7YAK19:08---CDV20:09)
61-d0(7/7CDV20:59---ANC22:00)
198-d360(7/7ANC23:05---PDX02:44)
1204-d360(7/8PDX03:49---SAN06:22)
1294-d360(7/8SAN07:18---PDX09:50)
197-d360(7/8PDX10:50---ANC14:34)
231-d30(7/8ANC15:40---ADQ16:41)
232-d30(7/8ADQ17:33---ANC18:31)
43-d30(7/8ANC19:29---BET20:51)
44-d30(7/8BET21:41---ANC23:04)
155-d30(7/9ANC00:02---OME01:39)
155001-d30(7/9OME02:29---ANC04:03)
86-d300(7/9ANC04:45---SCC06:31)
87-d300(7/9SCC07:15---ANC09:00)
2025-Jul-09 15:40:00
--------------------------------------------------------
N622AS[45]
73001(7/7SIT14:00---JNU14:44)
2025-Jul-07 15:29:00
2025-Jul-09 15:45:00
--------------------------------------------------------
N703AL[40]
2025-Jul-07 15:00:00
2025-Jul-09 15:40:00
--------------------------------------------------------
N705AL[50]
618(7/7ABQ14:00---SEA17:15)
2025-Jul-07 18:05:00
2025-Jul-09 15:50:00
--------------------------------------------------------
N706AL[55]
2025-Jul-07 15:00:00
2025-Jul-09 15:55:00
--------------------------------------------------------
N707AL[55]
2025-Jul-07 15:00:00
1166-d0(7/7SEA15:10---SFO17:29)
835-d0(7/7SFO19:03---PDX20:50)
1016-d90(7/7PDX21:55---SEA22:55)
697001-d240(7/7SEA23:52---MSO01:17)
697-d240(7/8MSO02:13---SEA03:51)
962-d360(7/8SEA05:03---GEG06:13)
965-d270(7/8GEG07:14---SEA08:30)
144-d150(7/8SEA09:29---ANC13:09)
248-d0(7/8ANC14:30---SEA18:08)
1114-d0(7/8SEA19:09---SJC21:29)
1175-d0(7/8SJC22:24---SEA00:34)
N707AL_SEA-00:34/04:34-d0(7/9SEA00:34---7/9 04:34)
980-d0(7/9SEA04:40---SFO06:59)
525-d360(7/9SFO08:05---PDX09:50)
1057-d300(7/9PDX10:52---DFW14:40)
2025-Jul-09 15:55:00
--------------------------------------------------------
N708AL[60]
373(7/7EWR13:00---SFO19:13)
2025-Jul-07 20:13:00
2025-Jul-09 16:00:00
--------------------------------------------------------
N709AL[55]
2025-Jul-07 15:00:00
2025-Jul-09 15:55:00
--------------------------------------------------------
N710AL[50]
341(7/7PIT12:03---SEA17:28)
2025-Jul-07 18:18:00
2025-Jul-09 15:50:00
--------------------------------------------------------
N712AL[50]
563(7/7MCI11:45---SEA15:47)
2025-Jul-07 16:37:00
2025-Jul-09 15:50:00
--------------------------------------------------------
N713AL[60]
249(7/7SFO14:20---BOS20:01)
2025-Jul-07 21:01:00
2025-Jul-09 16:00:00
--------------------------------------------------------
N716AL[55]
368(7/7SFO14:00---MCO19:34)
2025-Jul-07 20:29:00
419-d0(7/7MCO20:39---SEA02:50)
688-d240(7/8SEA03:59---LAS06:34)
779-d360(7/8LAS07:31---PDX09:50)
526-d0(7/8PDX14:04---SFO15:53)
718-d60(7/8SFO16:50---LAS18:32)
479-d270(7/8LAS19:30---SEA22:10)
700-d150(7/8SEA23:05---PHX01:59)
975-d270(7/9PHX03:17---SEA06:22)
394-d90(7/9SEA07:35---MCO13:10)
2025-Jul-09 15:55:00
--------------------------------------------------------
N719AL[60]
458(7/7IAD12:10---SFO17:55)
2025-Jul-07 18:55:00
2025-Jul-09 16:00:00
--------------------------------------------------------
N720AL[60]
917(7/7MCO14:00---SEA20:10)
2025-Jul-07 21:10:00
2025-Jul-09 16:00:00
--------------------------------------------------------
N722AL[30]
2025-Jul-07 15:00:00
2025-Jul-09 15:30:00
--------------------------------------------------------
N723AL[60]
1021(7/7MCO11:00---SAN16:04)
2025-Jul-07 17:04:00
2025-Jul-09 16:00:00
--------------------------------------------------------
N724AL[30]
377(7/7ATL10:30---SEA15:57)
2025-Jul-07 16:27:00
2025-Jul-09 15:30:00
--------------------------------------------------------
N725AL[55]
2025-Jul-07 15:00:00
718-d0(7/7SFO15:50---LAS17:32)
1467-d0(7/7LAS18:27---PDX20:48)
836-d30(7/7PDX22:00---SFO23:52)
571-d120(7/8SFO00:48---LAS02:31)
403-d60(7/8LAS03:45---SEA06:37)
478-d360(7/8SEA07:50---LAS10:26)
570-d360(7/8LAS11:21---SFO12:59)
1169-d0(7/8SFO15:20---SEA17:30)
71-d0(7/8SEA18:43---JNU21:19)
176-d0(7/8JNU22:15---SEA00:42)
478-d0(7/9SEA01:50---LAS04:26)
599-d300(7/9LAS05:45---SEA08:30)
452-d150(7/9SEA09:29---IAH13:50)
2025-Jul-09 15:55:00
--------------------------------------------------------
N729AL[55]
428(7/7CVG12:40---SEA17:39)
2025-Jul-07 18:34:00
2025-Jul-09 15:55:00
--------------------------------------------------------
N731AL[45]
111(7/7ORD05:59---ANC12:37)
82(7/7ANC14:00---SEA17:31)
2025-Jul-07 18:16:00
2025-Jul-09 15:45:00
--------------------------------------------------------
N732AL[60]
2025-Jul-07 15:00:00
1242-d0(7/7ONT21:21---SEA23:58)
131-d180(7/8SEA00:58---ANC04:30)
143-d240(7/8ANC05:30---SEA09:07)
1152-d330(7/8SEA10:14---OAK12:31)
1151-d0(7/8OAK14:00---SEA16:07)
480001-d0(7/8SEA17:25---MSP20:46)
480-d0(7/8MSP21:50---SEA01:49)
1168-d30(7/9SEA02:55---BUR05:29)
1107-d330(7/9BUR06:34---PDX08:51)
2025-Jul-09 16:00:00
--------------------------------------------------------
N733AL[30]
308(7/7BOS11:30---SFO18:07)
2025-Jul-07 18:37:00
2025-Jul-09 15:30:00
--------------------------------------------------------
N734AL[60]
548(7/7CLE11:00---SEA16:09)
2025-Jul-07 17:09:00
2025-Jul-09 16:00:00
--------------------------------------------------------
N738AL[45]
1043(7/7SFO14:00---SEA16:05)
2025-Jul-07 16:50:00
1007-d0(7/7SEA16:54---PHX19:55)
637-d180(7/7PHX20:46---SEA23:53)
1096-d360(7/8SEA00:41---SAN03:38)
1135-d360(7/8SAN04:35---SEA07:31)
644-d270(7/8SEA08:25---PHX11:24)
799-d0(7/8PHX13:00---SEA16:04)
505-d0(7/8SEA17:17---LAX20:10)
798-d270(7/8LAX21:20---SEA00:05)
106001-d360(7/9SEA01:00---FAI04:53)
106-d360(7/9FAI05:53---SEA09:35)
112-d210(7/9SEA10:20---FAI14:06)
2025-Jul-09 15:45:00
--------------------------------------------------------
N801AK[50]
2025-Jul-07 15:00:00
622-d0(7/8ANC04:20---JFK11:33)
623-d0(7/8JFK13:45---ANC21:26)
226-d0(7/8ANC22:20---SEA01:50)
136-d0(7/9SEA02:55---ANC06:38)
2025-Jul-09 15:50:00
--------------------------------------------------------
N803AK[50]
623(7/7JFK13:45---ANC21:26)
2025-Jul-07 22:16:00
51-d0(7/7ANC22:26---BRW00:25)
50-d0(7/8BRW01:15---ANC03:05)
137-d0(7/8ANC16:55---OTZ18:32)
137001-d0(7/8OTZ19:24---ANC20:54)
51-d0(7/8ANC22:26---BRW00:25)
50-d0(7/9BRW01:15---ANC03:05)
622-d0(7/9ANC04:20---JFK11:33)
2025-Jul-09 15:50:00
--------------------------------------------------------
N804AK[50]
2025-Jul-07 15:00:00
4-d0(7/7SEA15:34---DCA20:43)
9-d0(7/7DCA21:43---PDX03:31)
1162-d0(7/8PDX04:30---SAN07:05)
1154-d0(7/8SAN14:15---SEA17:22)
154001-d0(7/8SEA18:32---RDM19:44)
154-d0(7/8RDM20:38---SEA21:58)
1138-d0(7/8SEA23:04---SBA01:40)
1139-d0(7/9SBA02:30---SEA05:07)
2025-Jul-09 15:50:00
--------------------------------------------------------
N805AK[60]
2025-Jul-07 15:00:00
1179-d210(7/7LAX18:30---SEA21:23)
1144-d210(7/7SEA22:30---LAX01:24)
1179-d0(7/8LAX15:00---SEA17:53)
1144-d0(7/8SEA19:00---LAX21:54)
1167-d0(7/8LAX23:05---PDX01:26)
579-d0(7/9PDX02:35---LAX05:05)
2025-Jul-09 16:00:00
--------------------------------------------------------
N806AK[55]
511(7/7PHX14:00---PDX16:43)
2025-Jul-07 17:38:00
757-d0(7/7PDX17:50---LAS20:09)
676-d0(7/7LAS21:04---SEA23:50)
1048-d0(7/8SEA01:09---LAX04:00)
578-d0(7/8LAX16:05---PDX18:31)
330-d0(7/8PDX19:31---LAX21:59)
2025-Jul-09 15:55:00
--------------------------------------------------------
N809AK[60]
491(7/7SEA13:00---DFW17:00)
2025-Jul-07 18:00:00
543-d0(7/7DFW18:00---SEA22:17)
91-d0(7/8SEA04:15---SIT06:44)
90-d0(7/8SIT15:15---SEA17:39)
843-d0(7/8SEA19:05---KOA01:19)
880-d0(7/9KOA07:30---SEA13:19)
2025-Jul-09 16:00:00
--------------------------------------------------------
N812AK[30]
110(7/7ANC08:55---SEA12:26)
1082(7/7SEA14:00---SFO16:11)
2025-Jul-07 16:41:00
739-d0(7/7SFO18:00---SNA19:40)
1061-d0(7/7SNA20:30---SEA23:15)
1125-d0(7/7SEA23:47---SLC01:50)
719-d0(7/8SLC02:44---SEA05:07)
807-d0(7/8SEA17:31---KOA23:40)
788-d0(7/9KOA00:40---SFO06:00)
2025-Jul-09 15:30:00
--------------------------------------------------------
N813AK[40]
912(7/7SFO14:20---SAN16:02)
2025-Jul-07 16:42:00
1259-d60(7/7SAN18:00---SEA21:00)
2-d60(7/7SEA21:58---DCA02:59)
1-d0(7/8DCA12:00---SEA17:56)
900-d0(7/8SEA18:40---RNO20:38)
601-d0(7/8RNO21:32---SEA23:29)
1202-d0(7/9SEA00:35---SNA03:25)
774-d0(7/9SNA04:15---SEA07:05)
2025-Jul-09 15:40:00
--------------------------------------------------------
N903AK[60]
2025-Jul-07 15:00:00
2025-Jul-09 16:00:00
--------------------------------------------------------
N912AK[60]
284(7/7LAX14:00---EWR19:34)
2025-Jul-07 20:34:00
280-d60(7/7EWR21:00---SEA03:12)
1030-d330(7/8SEA04:18---BZN06:01)
1031-d360(7/8BZN07:25---SEA09:35)
1230-d360(7/8SEA10:45---SMF12:45)
1255-d0(7/8SMF15:13---SEA17:15)
101-d90(7/8SEA18:23---KTN20:28)
102-d120(7/8KTN21:52---SEA23:54)
632-d0(7/9SEA00:59---PHX04:00)
611-d300(7/9PHX05:29---SEA08:35)
427-d180(7/9SEA09:49---CVG14:07)
2025-Jul-09 16:00:00
--------------------------------------------------------
N913AK[50]
1101(7/7PDX14:00---LAS16:19)
2025-Jul-07 17:09:00
2025-Jul-09 15:50:00
--------------------------------------------------------
N915AK[60]
1239(7/7PDX14:00---PHX16:46)
2025-Jul-07 17:46:00
2025-Jul-09 16:00:00
--------------------------------------------------------
N917AK[30]
2025-Jul-07 15:00:00
2025-Jul-09 15:30:00
--------------------------------------------------------
N918AK[60]
2025-Jul-07 15:00:00
613-d0(7/7LAS15:30---SFO17:10)
1075-d30(7/7SFO18:55---SEA21:07)
1052001-d0(7/7SEA22:48---BUR01:24)
1107-d90(7/8BUR02:34---PDX04:51)
1057-d0(7/8PDX05:52---DFW09:40)
573-d0(7/8DFW11:00---SEA15:17)
173-d210(7/8SEA16:30---ANC20:10)
104001-d180(7/8ANC21:15---SEA00:49)
1198-d300(7/9SEA02:05---SAN04:55)
735-d330(7/9SAN06:21---SEA09:20)
328-d240(7/9SEA10:40---ORD14:40)
2025-Jul-09 16:00:00
--------------------------------------------------------
N919AK[30]
248(7/7ANC14:30---SEA18:08)
2025-Jul-07 18:38:00
2025-Jul-09 15:30:00
--------------------------------------------------------
N920AK[45]
1091(7/7ONT13:00---SEA15:42)
2025-Jul-07 16:27:00
2025-Jul-09 15:45:00
--------------------------------------------------------
N921AK[30]
745(7/7DEN14:00---SEA17:00)
2025-Jul-07 17:30:00
2025-Jul-09 15:30:00
--------------------------------------------------------
N924AK[45]
85(7/7SEA14:00---ANC17:35)
2025-Jul-07 18:20:00
2025-Jul-09 15:45:00
--------------------------------------------------------
N926AK[60]
351(7/7IAD10:30---SEA16:17)
2025-Jul-07 17:17:00
1133-d240(7/7SEA21:03---SMF23:03)
1281-d270(7/8SMF00:27---SEA02:24)
1318-d90(7/8SEA03:43---SFO05:52)
455-d90(7/8SFO07:13---IAD12:20)
458-d90(7/8IAD13:40---SFO19:25)
835-d90(7/8SFO20:33---PDX22:20)
1296-d360(7/8PDX23:40---SAN02:15)
1199-d90(7/9SAN03:35---SEA06:37)
490-d90(7/9SEA07:46---MSY12:20)
2025-Jul-09 16:00:00
--------------------------------------------------------
N928AK[40]
499(7/7PDX13:05---SEA14:09)
2025-Jul-07 15:00:00
1306-d0(7/7SEA15:00---LAX17:49)
1305-d0(7/7LAX18:55---SEA21:39)
934001-d240(7/7SEA22:20---EUG23:36)
934-d240(7/8EUG00:30---SEA01:48)
445-d210(7/8SEA02:38---RNO04:29)
523-d210(7/8RNO05:17---SEA07:12)
1034-d300(7/8SEA08:14---BOI09:46)
737-d0(7/8BOI12:25---SEA14:05)
555001-d0(7/8SEA15:05---MSP18:29)
555-d0(7/8MSP19:25---SEA23:15)
92-d150(7/9SEA00:03---KTN02:11)
94-d150(7/9KTN03:05---SEA05:05)
1468-d330(7/9SEA05:45---LAX08:30)
282-d300(7/9LAX09:26---EWR14:59)
2025-Jul-09 15:40:00
--------------------------------------------------------
N929AK[60]
504(7/7LAX14:00---SEA16:47)
2025-Jul-07 17:47:00
2025-Jul-09 16:00:00
--------------------------------------------------------
N931AK[30]
2025-Jul-07 15:00:00
2025-Jul-09 15:30:00
--------------------------------------------------------
N932AK[60]
2025-Jul-07 15:00:00
390-d0(7/7SAN15:40---BOS21:27)
389-d60(7/7BOS22:45---SAN05:00)
729-d150(7/8SAN06:07---PDX08:44)
1291-d330(7/8PDX10:00---LAX12:29)
1124-d0(7/8LAX14:00---PDX16:23)
1143-d0(7/8PDX17:30---LAX20:00)
1315-d0(7/8LAX21:05---PDX23:25)
278-d0(7/9PDX00:40---LAX03:15)
1093-d180(7/9LAX04:15---SEA07:00)
367-d90(7/9SEA08:00---IAD12:57)
2025-Jul-09 16:00:00
--------------------------------------------------------
N933AK[55]
2025-Jul-07 15:00:00
2025-Jul-09 15:55:00
--------------------------------------------------------
N934AK[60]
1076(7/7PDX14:00---LAX16:39)
2025-Jul-07 17:39:00
2025-Jul-09 16:00:00
--------------------------------------------------------
N935AK[55]
156(7/7FAI10:09---SEA13:44)
2025-Jul-07 15:00:00
N935AK_SEA-15:00/03:00-d0(7/7SEA15:00---7/8 03:00)
509-d300(7/8SEA03:15---SLC05:18)
510-d330(7/8SLC06:42---SEA09:00)
133-d360(7/8SEA09:55---ANC13:34)
57-d0(7/8ANC16:00---FAI17:05)
234-d0(7/8FAI18:05---SEA21:43)
49-d300(7/8SEA22:55---ANC02:35)
201-d270(7/9ANC03:45---JNU05:28)
84-d270(7/9JNU06:25---ANC08:13)
164-d120(7/9ANC09:18---DEN14:35)
2025-Jul-09 15:55:00
--------------------------------------------------------
N936AK[60]
1193(7/7SJC14:03---SEA16:15)
2025-Jul-07 17:15:00
2025-Jul-09 16:00:00
--------------------------------------------------------
N938AK[45]
573(7/7DFW11:00---SEA15:17)
2025-Jul-07 16:02:00
2025-Jul-09 15:45:00
--------------------------------------------------------
N941AK[60]
1154(7/7SAN14:15---SEA17:22)
2025-Jul-07 18:22:00
2025-Jul-09 16:00:00
--------------------------------------------------------
N942AK[60]
2025-Jul-07 15:00:00
2025-Jul-09 16:00:00
--------------------------------------------------------
N947AK[30]
1217(7/7SMF13:15---SEA15:15)
2025-Jul-07 15:45:00
312001-d0(7/7SEA16:06---OMA19:17)
312-d0(7/7OMA20:14---SEA23:54)
1310-d0(7/8SEA01:36---SJC03:51)
1175-d360(7/8SJC04:24---SEA06:34)
642-d240(7/8SEA07:17---DEN09:59)
643-d0(7/8DEN12:00---SEA15:01)
388-d0(7/8SEA15:32---STL19:26)
388001-d0(7/8STL20:24---SEA00:50)
549-d300(7/9SEA01:40---DFW05:36)
550-d270(7/9DFW06:06---SEA10:29)
115-d360(7/9SEA10:59---FAI14:49)
2025-Jul-09 15:30:00
--------------------------------------------------------
N948AK[60]
2025-Jul-07 15:00:00
2025-Jul-09 16:00:00
--------------------------------------------------------
N949AK[60]
2025-Jul-07 15:00:00
2025-Jul-09 16:00:00
--------------------------------------------------------
N952AK[50]
381(7/7DTW11:00---SEA15:57)
2025-Jul-07 16:47:00
1080-d0(7/7SEA16:55---SJC19:10)
1311-d180(7/7SJC20:03---SEA22:14)
1092-d0(7/7SEA23:18---LAX02:05)
1083-d360(7/8LAX03:10---SEA05:54)
360-d60(7/8SEA06:58---TPA12:25)
433-d30(7/8TPA13:30---SAN18:20)
974-d330(7/8SAN19:30---PDX22:05)
778-d90(7/8PDX23:00---LAS01:19)
756-d300(7/9LAS02:13---PDX04:35)
436-d60(7/9PDX05:37---BOS11:00)
2025-Jul-09 15:50:00
--------------------------------------------------------
N953AK[60]
68(7/7MSP13:20---ANC19:20)
2025-Jul-07 20:20:00
266-d0(7/7ANC20:25---SFO01:05)
525-d0(7/8SFO02:05---PDX03:50)
N953AK_PDX-03:50/06:50-d0(7/8PDX03:50---7/8 06:50)
579-d270(7/8PDX07:05---LAX09:35)
803-d360(7/8LAX10:36---PDX12:59)
324-d0(7/8PDX14:02---ORD18:07)
329-d270(7/8ORD19:30---SEA00:04)
229001-d270(7/9SEA01:05---MSP04:23)
229-d300(7/9MSP05:49---SEA09:45)
1039-d360(7/9SEA10:45---GEG11:58)
2025-Jul-09 16:00:00
--------------------------------------------------------
N954AK[50]
1226(7/7SEA14:00---SJC16:08)
2025-Jul-07 16:58:00
2025-Jul-09 15:50:00
--------------------------------------------------------
N955AK[55]
2025-Jul-07 15:00:00
104-d0(7/7ANC18:35---SEA22:04)
63-d300(7/7SEA23:20---SIT01:44)
58-d300(7/8SIT02:40---SEA05:00)
1192-d150(7/8SEA06:07---SJC08:19)
1201-d270(7/8SJC09:16---SEA11:29)
408-d0(7/8SEA13:00---ORD17:07)
891-d0(7/8ORD18:03---SEA22:42)
500001-d360(7/8SEA23:42---IND03:48)
500-d360(7/9IND04:48---SEA09:35)
1040-d360(7/9SEA10:30---ONT13:15)
2025-Jul-09 15:55:00
--------------------------------------------------------
N956AK[60]
1265(7/7SAN13:15---SEA16:16)
2025-Jul-07 17:16:00
904-d180(7/7SEA21:23---BZN23:06)
905-d210(7/8BZN00:30---SEA02:29)
1264-d0(7/8SEA04:03---SAN06:59)
1199-d360(7/8SAN08:05---SEA11:07)
491-d0(7/8SEA13:00---DFW17:00)
543-d0(7/8DFW18:00---SEA22:17)
352-d240(7/8SEA23:18---AUS03:30)
339-d240(7/9AUS04:30---SEA09:07)
340-d240(7/9SEA10:10---PIT14:43)
2025-Jul-09 16:00:00
--------------------------------------------------------
N958AK[30]
361(7/7OMA11:05---SEA14:47)
2025-Jul-07 15:17:00
682001-d30(7/7SEA15:36---DEN18:23)
682-d30(7/7DEN19:19---SEA22:18)
1017-d270(7/7SEA22:50---PDX23:53)
1160-d180(7/8PDX00:50---LAX03:15)
1093-d150(7/8LAX03:45---SEA06:30)
328-d30(7/8SEA07:10---ORD11:10)
413-d0(7/8ORD12:00---PDX16:25)
121-d0(7/8PDX17:53---BUR20:12)
122-d0(7/8BUR21:07---PDX23:25)
376-d0(7/9PDX00:35---ORD04:39)
409-d210(7/9ORD05:12---SEA09:54)
423-d240(7/9SEA10:36---SAT14:40)
2025-Jul-09 15:30:00
--------------------------------------------------------
N960AK[30]
387(7/7MSP11:40---SEA15:44)
2025-Jul-07 16:14:00
2025-Jul-09 15:30:00
--------------------------------------------------------
N961AK[30]
336(7/7BOS10:00---PDX16:17)
2025-Jul-07 16:47:00
2025-Jul-09 15:30:00
--------------------------------------------------------
N962AK[60]
2025-Jul-07 15:00:00
2025-Jul-09 16:00:00
--------------------------------------------------------
N963AK[60]
831(7/7PDX14:00---OGG19:55)
2025-Jul-07 20:55:00
898-d0(7/7OGG20:55---PDX02:19)
N963AK_PDX-02:19/05:19-d0(7/8PDX02:19---7/8 05:19)
1122-d300(7/8PDX05:30---SAN08:03)
1067-d330(7/8SAN09:29---GEG12:14)
1130-d0(7/8GEG14:00---SAN16:47)
1073-d0(7/8SAN17:50---PDX20:28)
946-d0(7/8PDX21:30---BOI22:48)
1019-d30(7/9BOI00:13---SEA01:50)
225-d180(7/9SEA03:15---ANC06:54)
138-d180(7/9ANC08:08---ORD14:24)
2025-Jul-09 16:00:00
--------------------------------------------------------
N964AK[60]
797(7/7SEA14:00---LAX16:50)
2025-Jul-07 17:50:00
2025-Jul-09 16:00:00
--------------------------------------------------------
N966AK[60]
30(7/7SFO13:18---JFK19:00)
2025-Jul-07 20:00:00
2025-Jul-09 16:00:00
--------------------------------------------------------
N967AK[60]
303(7/7DFW12:25---PDX16:28)
2025-Jul-07 17:28:00
2025-Jul-09 16:00:00
--------------------------------------------------------
N968AK[50]
737(7/7BOI12:25---SEA14:05)
2025-Jul-07 15:00:00
2025-Jul-09 15:50:00
--------------------------------------------------------
N969AK[55]
24(7/7SAN14:00---JFK19:39)
2025-Jul-07 20:34:00
2025-Jul-09 15:55:00
--------------------------------------------------------
N972AK[30]
399(7/7IAH14:00---SEA18:45)
2025-Jul-07 19:15:00
2025-Jul-09 15:30:00
--------------------------------------------------------
N973AK[30]
595(7/7AUS12:15---SEA16:40)
2025-Jul-07 17:10:00
2025-Jul-09 15:30:00
--------------------------------------------------------
N974AK[30]
298(7/7SEA13:41---EWR19:00)
2025-Jul-07 19:30:00
2025-Jul-09 15:30:00
--------------------------------------------------------
N975AK[60]
299(7/7EWR11:19---SEA17:31)
2025-Jul-07 18:31:00
N975AK_SEA-17:31/20:31-d0(7/7SEA17:31---7/7 20:31)
1300-d0(7/7SEA21:10---LAX23:58)
1279-d180(7/8LAX01:16---GEG03:47)
964-d240(7/8GEG05:07---SEA06:21)
338-d360(7/8SEA07:48---OMA10:59)
361-d60(7/8OMA12:05---SEA15:47)
738-d0(7/8SEA17:40---LAS20:19)
1467-d180(7/8LAS21:27---PDX23:48)
1062-d0(7/9PDX01:04---BUR03:23)
1052-d150(7/9BUR04:48---SEA07:37)
464-d120(7/9SEA08:59---ATL13:49)
2025-Jul-09 16:00:00
--------------------------------------------------------
N976AK[40]
1228(7/7AUS14:45---SEA19:12)
2025-Jul-07 19:52:00
2025-Jul-09 15:40:00
--------------------------------------------------------
N977AK[55]
451(7/7MSY12:10---SEA17:16)
2025-Jul-07 18:11:00
2025-Jul-09 15:55:00
--------------------------------------------------------
N978AK[60]
784(7/7PDX14:00---ATL18:46)
2025-Jul-07 19:46:00
2025-Jul-09 16:00:00
--------------------------------------------------------
N982AK[55]
433(7/7TPA13:00---SAN17:50)
2025-Jul-07 18:45:00
2025-Jul-09 15:55:00
--------------------------------------------------------
N983AK[50]
495(7/7SAT12:00---SEA16:24)
2025-Jul-07 17:14:00
2025-Jul-09 15:50:00
--------------------------------------------------------
N984AK[35]
395(7/7MCO11:20---SEA17:30)
2025-Jul-07 18:05:00
2025-Jul-09 15:35:00
--------------------------------------------------------
N985AK[60]
2025-Jul-07 15:00:00
2025-Jul-09 16:00:00
--------------------------------------------------------
N990AK[60]
2025-Jul-07 15:00:00
2025-Jul-09 16:00:00
--------------------------------------------------------
N407AS[60]
2025-Jul-07 15:00:00
2025-Jul-09 16:00:00
--------------------------------------------------------
N428AS[60]
2025-Jul-07 15:00:00
798-d90(7/7LAX18:20---SEA21:05)
1132-d90(7/7SEA22:05---SFO00:18)
591-d120(7/8SFO01:44---SEA03:54)
205-d150(7/8SEA05:06---JNU07:35)
70001-d150(7/8JNU08:45---SIT09:29)
73001-d0(7/8SIT14:00---JNU14:44)
142-d60(7/8JNU16:08---SEA18:36)
1216-d60(7/8SEA20:01---SMF22:01)
1358-d90(7/8SMF23:26---SEA01:24)
1054-d30(7/9SEA02:25---LAX05:12)
1301-d360(7/9LAX06:15---SEA09:00)
547-d330(7/9SEA10:10---CLE14:41)
2025-Jul-09 16:00:00
--------------------------------------------------------
N468AS[45]
2025-Jul-07 15:00:00
648-d0(7/7SEA15:00---TUS18:10)
641-d0(7/7TUS19:06---SEA22:20)
590-d0(7/7SEA23:42---SFO01:53)
1327-d0(7/8SFO02:49---SEA05:05)
115-d60(7/8SEA05:59---FAI09:49)
156-d30(7/8FAI10:39---SEA14:14)
1290001-d0(7/8SEA15:00---BUR17:36)
1290-d0(7/8BUR18:30---SEA21:08)
1017-d240(7/8SEA22:20---PDX23:23)
1016-d240(7/9PDX00:25---SEA01:25)
509-d240(7/9SEA02:15---SLC04:18)
510-d240(7/9SLC05:12---SEA07:30)
380-d210(7/9SEA08:15---DTW12:35)
2025-Jul-09 15:45:00
--------------------------------------------------------
N479AS[60]
2025-Jul-07 15:00:00
1410-d0(7/7SFO15:00---PDX16:45)
1161-d30(7/7PDX18:00---PHX20:46)
1238-d30(7/7PHX21:46---PDX00:29)
946-d240(7/8PDX01:30---BOI02:48)
1019-d270(7/8BOI04:13---SEA05:50)
1227-d0(7/8SEA06:59---AUS11:07)
595-d0(7/8AUS12:15---SEA16:40)
934001-d0(7/8SEA18:20---EUG19:36)
934-d30(7/8EUG21:00---SEA22:18)
1132-d180(7/8SEA23:35---SFO01:48)
571-d240(7/9SFO02:48---LAS04:31)
403-d180(7/9LAS05:45---SEA08:37)
400-d210(7/9SEA09:48---BNA14:10)
2025-Jul-09 16:00:00
--------------------------------------------------------
N563AS[45]
2025-Jul-07 15:00:00
2025-Jul-09 15:45:00
--------------------------------------------------------
N566AS[60]
2025-Jul-07 15:00:00
2025-Jul-09 16:00:00
--------------------------------------------------------
N588AS[60]
2025-Jul-07 15:00:00
2025-Jul-09 16:00:00
--------------------------------------------------------
N614AS[50]
2025-Jul-07 15:00:00
72-d0(7/7SEA16:55---JNU19:26)
64001-d0(7/7JNU21:21---PSG22:07)
64003-d30(7/7PSG23:22---WRG23:55)
64004-d60(7/8WRG01:10---KTN01:55)
64002-d90(7/8KTN03:10---SEA05:05)
69001-d270(7/8SEA06:05---KTN08:14)
69-d300(7/8KTN09:29---JNU10:30)
186-d0(7/8JNU13:00---SEA15:28)
1051-d0(7/8SEA16:50---BUR19:26)
1038-d0(7/8BUR20:20---SEA22:59)
1328-d330(7/9SEA00:01---OAK02:14)
1247-d330(7/9OAK03:08---SEA05:08)
1146-d360(7/9SEA05:59---SAN08:49)
1110-d360(7/9SAN09:45---SEA12:51)
2025-Jul-09 15:50:00
--------------------------------------------------------
N946AK[55]
2025-Jul-07 15:00:00
2025-Jul-09 15:55:00
--------------------------------------------------------
N971AK[55]
2025-Jul-07 15:00:00
578-d0(7/7LAX16:05---PDX18:31)
330-d0(7/7PDX19:31---LAX21:59)
1315-d120(7/7LAX23:05---PDX01:25)
1287-d270(7/8PDX02:20---BUR04:39)
1052-d210(7/8BUR05:48---SEA08:37)
1040-d330(7/8SEA10:00---ONT12:45)
1091-d60(7/8ONT14:00---SEA16:42)
1007-d60(7/8SEA17:54---PHX20:55)
1006-d60(7/8PHX21:55---SEA01:00)
805-d30(7/9SEA01:55---OGG08:04)
1029-d0(7/9OGG08:59---SAN14:18)
2025-Jul-09 15:55:00
--------------------------------------------------------
N979AK[55]
2025-Jul-07 15:00:00
2025-Jul-09 15:55:00
--------------------------------------------------------
================== Unassigned Flights ==================
196(7/7ADQ15:00---ANC15:57)
10(7/7PDX15:00---DCA20:02)
479(7/7LAS15:00---SEA17:40)
366001(7/7SEA15:02---MKE18:54)
890(7/7SEA15:03---ORD19:13)
555001(7/7SEA15:05---MSP18:29)
26(7/7SEA15:05---JFK20:29)
916(7/7SEA15:08---MCO20:50)
825(7/7SEA15:09---OGG21:20)
233(7/7SAN15:10---EWR20:43)
405001(7/7SEA15:11---OKC18:48)
1255(7/7SMF15:13---SEA17:15)
414(7/7SEA15:17---DFW19:19)
214(7/7LAX15:20---IAD20:25)
165(7/7DEN15:20---ANC20:54)
306(7/7SEA15:21---BOS20:45)
305001(7/7SEA15:25---MIA21:20)
227(7/7JFK15:30---SFO21:48)
313001(7/7SEA15:30---DTW19:50)
388(7/7SEA15:32---STL19:26)
402(7/7SEA15:47---CHS21:00)
294(7/7PDX16:00---EWR21:21)
83(7/7SEA16:00---ANC19:35)
320(7/7SAN16:00---MCO21:13)
270(7/7ONT16:00---HNL21:55)
502(7/7SEA16:03---AUS20:11)
113(7/7SFO16:05---JFK21:47)
418001(7/7SEA16:13---MCI19:39)
406001(7/7SEA16:15---IAD21:13)
1113(7/7SFO16:15---SEA18:30)
899(7/7SAN16:19---KOA22:20)
727(7/7SEA16:22---ATL21:11)
326(7/7SEA16:24---TPA21:50)
442(7/7SEA16:42---PHL21:47)
8(7/7SFO16:45---DCA21:58)
426(7/7SEA16:50---DFW20:48)
875(7/7SEA17:00---LIH23:15)
23(7/7JFK17:00---SEA23:08)
731(7/7PHX17:00---PAE20:03)
378(7/7SEA17:03---BWI22:10)
477(7/7SEA17:10---EWR22:29)
450001(7/7SEA17:10---CMH21:32)
796(7/7SLC17:12---SEA19:28)
508001(7/7SEA17:12---CVG21:37)
629(7/7LAS17:14---SEA19:58)
505(7/7SEA17:17---LAX20:10)
522001(7/7SEA17:20---BNA21:44)
535001(7/7SEA17:20---DEN20:07)
887(7/7SEA17:22---HNL23:33)
480001(7/7SEA17:25---MSP20:46)
829(7/7SAN17:29---OGG23:34)
1143(7/7PDX17:30---LAX20:00)
863(7/7PDX17:30---GEG18:41)
128(7/7PDX17:30---SFO19:24)
807(7/7SEA17:31---KOA23:40)
1136(7/7DEN17:33---PDX20:20)
160(7/7ANC17:35---SEA21:09)
300(7/7PDX17:35---MCO23:12)
216001(7/7SEA17:37---CLE22:01)
385(7/7PAE17:40---PHX20:43)
500001(7/7SEA17:42---IND21:48)
775(7/7PDX17:42---ANC21:26)
1278(7/7SEA17:47---ONT20:26)
322(7/7SAN17:48---IAD22:59)
429(7/7SEA17:50---ORD21:57)
725(7/7PDX17:55---AUS21:56)
818(7/7SEA17:58---BOS23:19)
822(7/7KOA18:00---SEA23:54)
862(7/7OGG18:00---SEA23:38)
824(7/7HNL18:00---SEA23:50)
1240(7/7LAX18:02---PDX20:25)
474(7/7SAN18:04---ATL22:31)
412001(7/7SEA18:06---PIT22:42)
34(7/7SEA18:06---JFK23:29)
1299(7/7SNA18:10---PDX20:34)
434(7/7SFO18:10---IAD23:19)
1174(7/7SEA18:22---SNA21:14)
392(7/7PDX18:28---DFW22:16)
1112(7/7SEA18:31---SFO20:47)
1328(7/7SEA18:31---OAK20:44)
932(7/7SEA18:36---ABQ21:37)
503(7/7AUS18:36---SEA22:59)
900(7/7SEA18:40---RNO20:38)
603(7/7PHX18:52---SEA21:58)
598(7/7SFO18:55---ORD23:18)
817(7/7SEA18:55---OGG01:10)
106001(7/7SEA19:00---FAI22:53)
1118(7/7SEA19:00---ONT21:46)
325(7/7ORD19:03---PDX23:35)
843(7/7SEA19:05---KOA01:19)
1114(7/7SEA19:09---SJC21:29)
555(7/7MSP19:25---SEA23:15)
864(7/7GEG19:36---PDX20:48)
100(7/7ANC19:41---SEA23:10)
740(7/7SNA19:42---SFO21:10)
14(7/7SAN19:42---DCA00:59)
405(7/7OKC19:44---SEA23:38)
291(7/7SEA19:46---STL23:35)
475(7/7ATL19:47---SAN00:31)
1150001(7/7SEA19:48---BUR22:19)
366(7/7MKE19:50---SEA00:16)
175(7/7SEA19:55---ANC23:27)
25(7/7JFK20:00---SAN01:57)
1081(7/7SJC20:04---SEA22:12)
407(7/7ORD20:09---SEA00:49)
620001(7/7SEA20:13---DEN22:54)
415(7/7DFW20:19---SEA00:34)
74(7/7JNU20:22---SEA22:45)
20(7/7SFO20:24---JFK02:08)
388001(7/7STL20:24---SEA00:50)
418(7/7MCI20:34---SEA00:32)
297(7/7EWR20:34---SAN02:26)
229001(7/7SEA20:35---MSP23:53)
114(7/7JFK20:39---SFO03:02)
162(7/7ANC20:40---SEA00:13)
95(7/7SEA20:40---JNU23:12)
410(7/7SEA20:45---ORD00:42)
31(7/7JFK20:45---SEA03:10)
313(7/7DTW20:46---SEA01:45)
840(7/7LIH20:47---SEA02:32)
189(7/7SEA20:49---ANC00:25)
432(7/7SAN20:52---TPA01:50)
1006(7/7PHX20:55---SEA00:00)
534(7/7SFO20:59---AUS00:45)
732(7/7PAE21:00---PHX00:03)
535(7/7DEN21:03---SEA00:00)
1319(7/7BOS21:06---PDX03:24)
773(7/7SEA21:10---SNA00:01)
518(7/7AUS21:11---SFO00:57)
1269(7/7BNA21:19---PDX02:15)
507(7/7IAD21:25---SAN02:52)
19(7/7JFK21:29---PDX03:46)
778(7/7PDX21:30---LAS23:49)
462(7/7EWR21:30---SEA03:44)
601(7/7RNO21:32---SEA23:29)
92(7/7SEA21:33---KTN23:41)
16(7/7SEA21:37---JFK02:59)
1247(7/7OAK21:38---SEA23:38)
107(7/7ANC21:40---SEA01:08)
290(7/7EWR21:43---PDX03:50)
396(7/7PHX21:43---PAE00:44)
1225(7/7SFO21:45---SEA23:54)
646(7/7DFW21:46---PDX01:47)
894(7/7KOA21:50---SAN03:16)
301(7/7MCO21:50---PDX03:50)
480(7/7MSP21:50---SEA01:49)
89(7/7ANC21:54---ADQ22:57)
1100(7/7PDX21:55---SNA00:27)
1191(7/7SNA22:02---SEA00:48)
485(7/7CHS22:03---SEA04:00)
929(7/7SFO22:05---PDX23:50)
1046(7/7SEA22:08---SJC00:17)
868(7/7KOA22:10---PDX03:40)
783(7/7ATL22:11---PDX03:35)
406(7/7IAD22:13---SEA04:00)
397(7/7MCO22:13---SAN03:18)
860(7/7OGG22:20---SEA04:00)
305(7/7MIA22:20---SEA05:07)
226(7/7ANC22:20---SEA01:50)
293(7/7EWR22:24---SFO04:49)
450(7/7CMH22:28---SEA03:35)
933(7/7ABQ22:31---SEA01:41)
819(7/7BOS22:32---SEA05:02)
508(7/7CVG22:37---SEA03:35)
1257(7/7SEA22:38---SNA01:26)
600(7/7SEA22:42---LAS01:16)
500(7/7IND22:48---SEA03:35)
443(7/7PHL22:52---SEA04:57)
420(7/7SEA22:53---MCO04:33)
17(7/7JFK22:53---SEA05:22)
337(7/7ORD22:54---SEA03:34)
326001(7/7TPA22:55---SEA05:07)
216(7/7CLE22:55---SEA04:00)
271(7/7HNL22:55---ONT04:27)
7(7/7DCA22:58---SFO04:53)
348(7/7SEA22:59---IAD03:59)
1119(7/7ONT23:00---SEA01:40)
1396(7/7AUS23:00---PDX03:14)
1167(7/7LAX23:05---PDX01:26)
492(7/7SEA23:09---ATL03:59)
379(7/7BWI23:10---SEA05:07)
1150(7/7BUR23:14---SEA01:54)
317(7/7DFW23:16---SEA03:35)
941(7/7SEA23:25---ORD03:30)
287(7/7EWR23:29---LAX05:35)
334(7/7ATL23:31---SEA05:07)
412(7/7PIT23:42---SEA05:07)
620(7/7DEN23:50---SEA02:50)
106(7/7FAI23:53---SEA03:35)
1146(7/7SEA23:59---SAN02:49)
435(7/7IAD23:59---SFO05:46)
157(7/8JNU00:02---GST00:41)
1214(7/8SEA00:04---SJC02:15)
369(7/8MCO00:12---SFO05:59)
791(7/8LIH00:15---SFO05:29)
225(7/8SEA00:15---ANC03:54)
1301(7/8LAX00:15---SEA03:00)
1468(7/8SEA00:15---LAX03:00)
821(7/8SAN00:16---LIH06:32)
597(7/8ORD00:18---SFO05:06)
213(7/8IAD00:19---LAX05:48)
355(7/8BOS00:19---SFO06:59)
269(7/8SFO00:22---ANC05:15)
41(7/8JFK00:29---SFO06:59)
291001(7/8STL00:32---SEA05:00)
896(7/8HNL00:33---SEA06:31)
806(7/8OGG00:34---SAN05:55)
94(7/8KTN00:35---SEA02:35)
376(7/8PDX00:35---ORD04:39)
398(7/8SEA00:40---IAH04:59)
856(7/8KOA00:40---SJC05:45)
97(7/8SEA00:40---FAI04:25)
382(7/8SEA00:43---BNA04:59)
960(7/8SEA00:43---GEG01:50)
599(7/8LAS00:45---SEA03:30)
353(7/8PDX00:46---OGG06:39)
1229(7/8SNA00:49---SEA03:35)
229(7/8MSP00:49---SEA04:45)
538(7/8SEA00:54---ORD04:59)
78(7/8SEA00:55---ANC04:37)
1295(7/8PDX00:55---SFO02:48)
372(7/8SEA00:56---AUS05:05)
632(7/8SEA00:59---PHX04:00)
1163(7/8SEA00:59---DEN03:47)
730(7/8SEA00:59---LAS03:38)
424(7/8SEA00:59---DFW04:59)
1140(7/8SEA00:59---SFO03:15)
564(7/8SEA01:05---MCI04:35)
472(7/8SEA01:06---STL04:59)
1397(7/8LAX01:07---PDX03:30)
1047(7/8SJC01:11---SEA03:18)
823(7/8SEA01:25---HNL07:33)
805(7/8SEA01:25---OGG07:34)
77(7/8GST01:35---JNU02:14)
409(7/8ORD01:42---SEA06:24)
391(7/8PAE01:44---LAS04:17)
839(7/8SEA01:45---LIH07:54)
1280(7/8GEG01:49---LAX04:35)
1104(7/8SEA01:50---SNA04:39)
939(7/8SEA01:55---SAN04:47)
1028(7/8SAN01:58---OGG07:59)
801(7/8SEA01:59---KOA08:04)
1203(7/8SNA02:14---SEA05:07)
1215(7/8LAX02:25---SEA05:17)
1168(7/8SEA02:25---BUR04:59)
193(7/8LAX02:45---ANC08:08)
167(7/8SEA02:50---FAI06:36)
136(7/8SEA02:55---ANC06:38)
827(7/8ANC02:55---HNL08:59)
1224(7/8SEA02:55---LAX05:46)
1005(7/8SAN02:57---SFO04:37)
1156(7/8SEA02:59---SAN06:00)
1050(7/8SEA03:26---SFO05:40)
1110(7/8SAN03:45---SEA06:51)
444(7/8SEA04:15---PHL09:25)
636(7/8SEA04:18---LAS07:01)
749(7/8LAS04:19---SEA07:06)
282(7/8LAX04:26---EWR09:59)
307(7/8SFO04:28---BOS10:10)
436(7/8PDX04:37---BOS10:00)
314(7/8SEA04:40---EWR09:59)
545(7/8SEA04:45---IND09:00)
36(7/8SAN04:56---JFK10:29)
138(7/8ANC05:08---ORD11:24)
374(7/8SFO05:19---EWR10:54)
344(7/8SEA05:20---BWI10:21)
192(7/8FAI05:25---ANC06:32)
22(7/8SEA05:41---JFK11:02)
259(7/8SAN05:45---BOS11:30)
111(7/8ORD05:59---ANC12:37)
394(7/8SEA06:05---MCO11:40)
340(7/8SEA06:10---PIT10:43)
490(7/8SEA06:16---MSY10:50)
400(7/8SEA06:18---BNA10:40)
367(7/8SEA06:30---IAD11:27)
59(7/8ANC06:35---MSP12:00)
536(7/8SEA06:40---BOS12:00)
452(7/8SEA06:59---IAH11:20)
464(7/8SEA06:59---ATL11:49)
172(7/8ANC07:13---PHX12:45)
109(7/8ANC07:26---ORD13:40)
880(7/8KOA07:30---SEA13:19)
810(7/8LIH07:32---SEA13:16)
558(7/8OGG07:39---PDX13:00)
168(7/8FAI08:14---SEA12:00)
828(7/8HNL08:33---ANC14:40)
150(7/8ANC08:34---LAX13:55)
814(7/8OGG08:34---SEA14:11)
826(7/8LIH08:54---SAN14:33)
1029(7/8OGG08:59---SAN14:18)
302(7/8ANC09:44---PDX13:20)
546(7/8IND10:30---SEA15:19)
351(7/8IAD10:30---SEA16:17)
377(7/8ATL10:30---SEA15:57)
446(7/8PHL10:45---SEA16:42)
21(7/8JFK11:00---SEA17:13)
627(7/8TPA11:00---SEA17:06)
1021(7/8MCO11:00---SAN16:04)
942(7/8ORD11:00---SEA15:37)
453(7/8IAH11:00---SEA15:40)
299(7/8EWR11:19---SEA17:31)
459(7/8BOS11:20---SEA17:38)
308(7/8BOS11:30---SFO18:07)
473(7/8STL11:41---SEA16:10)
563(7/8MCI11:45---SEA15:47)
349(7/8BWI11:51---SEA17:40)
289(7/8EWR11:52---LAX17:46)
383(7/8BNA12:00---SEA17:06)
341(7/8PIT12:03---SEA17:28)
451(7/8MSY12:10---SEA17:16)
541(7/8AUS12:37---PDX16:50)
260(7/8BOS12:40---SAN18:50)
15(7/8DCA12:59---SAN18:20)
373(7/8EWR13:00---SFO19:13)
683(7/8ORD13:00---SEA17:39)
1316(7/8SEA13:00---LAX15:50)
701(7/8LAS13:00---SEA15:45)
188(7/8ANC13:00---SEA16:30)
981(7/8SFO13:00---SEA15:04)
375(7/8IAD13:00---SEA18:47)
499(7/8PDX13:05---SEA14:09)
1265(7/8SAN13:15---SEA16:16)
30(7/8SFO13:18---JFK19:00)
537(7/8BOS13:20---SEA19:35)
68(7/8MSP13:20---ANC19:20)
533(7/8ATL13:30---SEA18:51)
298(7/8SEA13:41---EWR19:00)
5(7/8DCA13:59---LAX19:33)
512(7/8SFO14:00---AUS17:36)
284(7/8LAX14:00---EWR19:34)
35(7/8JFK14:00---SAN19:52)
1136001(7/8PDX14:00---DEN16:37)
24(7/8SAN14:00---JFK19:39)
399(7/8IAH14:00---SEA18:45)
358(7/8PDX14:00---BOS19:25)
365(7/8DFW14:00---SEA18:27)
85(7/8SEA14:00---ANC17:35)
1041(7/8BUR14:00---SEA16:37)
281(7/8BNA14:00---SEA19:03)
1082(7/8SEA14:00---SFO16:11)
859(7/8SJC14:00---LIH19:44)
511(7/8PHX14:00---PDX16:43)
1076(7/8PDX14:00---LAX16:39)
784(7/8PDX14:00---ATL18:46)
789(7/8SFO14:00---KOA19:30)
917(7/8MCO14:00---SEA20:10)
1043(7/8SFO14:00---SEA16:05)
831(7/8PDX14:00---OGG19:55)
1193(7/8SJC14:03---SEA16:15)
645(7/8PHX14:05---SEA17:09)
249(7/8SFO14:20---BOS20:01)
18(7/8PDX14:20---JFK19:45)
1074(7/8PDX14:25---SAN17:00)
139(7/8ORD14:30---ANC21:15)
1228(7/8AUS14:45---SEA19:12)
292(7/8SFO14:54---EWR20:29)
606(7/8SEA14:55---PHX17:52)
867(7/8PDX14:56---KOA20:50)
10(7/8PDX15:00---DCA20:02)
1410(7/8SFO15:00---PDX16:45)
196(7/8ADQ15:00---ANC15:57)
1149(7/8SNA15:02---SEA17:56)
890(7/8SEA15:03---ORD19:13)
26(7/8SEA15:05---JFK20:29)
916(7/8SEA15:08---MCO20:50)
825(7/8SEA15:09---OGG21:20)
233(7/8SAN15:10---EWR20:43)
60(7/8JNU15:14---KTN16:15)
165(7/8DEN15:20---ANC20:54)
214(7/8LAX15:20---IAD20:25)
306(7/8SEA15:21---BOS20:45)
305001(7/8SEA15:25---MIA21:20)
227(7/8JFK15:30---SFO21:48)
560(7/8LAX15:30---KOA21:10)
613(7/8LAS15:30---SFO17:10)
4(7/8SEA15:34---DCA20:43)
390(7/8SAN15:40---BOS21:27)
402(7/8SEA15:47---CHS21:00)
572001(7/8SEA15:55---RDU21:01)
320(7/8SAN16:00---MCO21:13)
270(7/8ONT16:00---HNL21:55)
1268(7/8PDX16:00---BNA20:19)
294(7/8PDX16:00---EWR21:21)
502(7/8SEA16:03---AUS20:11)
113(7/8SFO16:05---JFK21:47)
312001(7/8SEA16:06---OMA19:17)
418001(7/8SEA16:13---MCI19:39)
1113(7/8SFO16:15---SEA18:30)
406001(7/8SEA16:15---IAD21:13)
568(7/8SEA16:19---MSY20:53)
899(7/8SAN16:19---KOA22:20)
727(7/8SEA16:22---ATL21:11)
326(7/8SEA16:24---TPA21:50)
48001(7/8ANC16:25---SEA20:01)
442(7/8SEA16:42---PHL21:47)
8(7/8SFO16:45---DCA21:58)
65001(7/8KTN16:49---WRG17:28)
426(7/8SEA16:50---DFW20:48)
149(7/8SEA16:50---ANC20:26)
72(7/8SEA16:55---JNU19:26)
23(7/8JFK17:00---SEA23:08)
731(7/8PHX17:00---PAE20:03)
875(7/8SEA17:00---LIH23:15)
378(7/8SEA17:03---BWI22:10)
450001(7/8SEA17:10---CMH21:32)
477(7/8SEA17:10---EWR22:29)
508001(7/8SEA17:12---CVG21:37)
522001(7/8SEA17:20---BNA21:44)
887(7/8SEA17:22---HNL23:33)
829(7/8SAN17:29---OGG23:34)
128(7/8PDX17:30---SFO19:24)
1084(7/8PDX17:30---SNA20:03)
1136(7/8DEN17:33---PDX20:20)
160(7/8ANC17:35---SEA21:09)
300(7/8PDX17:35---MCO23:12)
216001(7/8SEA17:37---CLE22:01)
1278(7/8SEA17:47---ONT20:26)
429001(7/8SEA17:52---ORD21:59)
725(7/8PDX17:55---AUS21:56)
818(7/8SEA17:58---BOS23:19)
824(7/8HNL18:00---SEA23:50)
822(7/8KOA18:00---SEA23:54)
862(7/8OGG18:00---SEA23:38)
1240(7/8LAX18:02---PDX20:25)
474(7/8SAN18:04---ATL22:31)
412001(7/8SEA18:06---PIT22:42)
34(7/8SEA18:06---JFK23:29)
434(7/8SFO18:10---IAD23:19)
65004(7/8WRG18:13---PSG18:44)
63(7/8SEA18:20---SIT20:44)
1075(7/8SFO18:25---SEA20:37)
503(7/8AUS18:36---SEA22:59)
722(7/8SEA18:44---PHX21:47)
438(7/8SEA18:45---IAH23:10)
603(7/8PHX18:52---SEA21:58)
817(7/8SEA18:55---OGG01:10)
598(7/8SFO18:55---ORD23:18)
658(7/8SEA19:00---LAS21:44)
1314(7/8SJC19:02---SEA21:10)
325(7/8ORD19:03---PDX23:35)
1137(7/8SAN19:12---SEA22:10)
65002(7/8PSG19:29---JNU20:19)
14(7/8SAN19:42---DCA00:59)
291(7/8SEA19:46---STL23:35)
475(7/8ATL19:47---SAN00:31)
280(7/8EWR20:00---SEA02:12)
25(7/8JFK20:00---SAN01:57)
407(7/8ORD20:09---SEA00:49)
620001(7/8SEA20:13---DEN22:54)
312(7/8OMA20:14---SEA23:54)
74(7/8JNU20:22---SEA22:45)
20(7/8SFO20:24---JFK02:08)
266(7/8ANC20:25---SFO01:05)
304(7/8BOS20:25---SEA02:48)
808(7/8KOA20:30---SEA02:22)
6(7/8LAX20:31---DCA01:42)
297(7/8EWR20:34---SAN02:26)
418(7/8MCI20:34---SEA00:32)
114(7/8JFK20:39---SFO03:02)
95(7/8SEA20:40---JNU23:12)
410(7/8SEA20:45---ORD00:42)
31(7/8JFK20:45---SEA03:10)
840(7/8LIH20:47---SEA02:32)
432(7/8SAN20:52---TPA01:50)
898(7/8OGG20:55---PDX02:19)
2(7/8SEA20:58---DCA01:59)
534(7/8SFO20:59---AUS00:45)
732(7/8PAE21:00---PHX00:03)
3(7/8DCA21:02---SEA03:00)
1319(7/8BOS21:06---PDX03:24)
65(7/8JNU21:07---ANC22:53)
773(7/8SEA21:10---SNA00:01)
1300(7/8SEA21:10---LAX23:58)
1083(7/8LAX21:10---SEA23:54)
518(7/8AUS21:11---SFO00:57)
1297(7/8SAN21:15---PDX23:49)
1269(7/8BNA21:19---PDX02:15)
1242001(7/8ONT21:22---SEA23:59)
507(7/8IAD21:25---SAN02:52)
19(7/8JFK21:29---PDX03:46)
462(7/8EWR21:30---SEA03:44)
16(7/8SEA21:37---JFK02:59)
58(7/8SIT21:40---SEA00:00)
9(7/8DCA21:43---PDX03:31)
290(7/8EWR21:43---PDX03:50)
389(7/8BOS21:45---SAN04:00)
646(7/8DFW21:46---PDX01:47)
1160(7/8PDX21:50---LAX00:15)
301(7/8MCO21:50---PDX03:50)
1287(7/8PDX21:50---BUR00:09)
894(7/8KOA21:50---SAN03:16)
569(7/8MSY21:53---SEA03:00)
572(7/8RDU22:01---SEA03:56)
485(7/8CHS22:03---SEA04:00)
1147(7/8LAX22:10---SEA00:54)
868(7/8KOA22:10---PDX03:40)
783(7/8ATL22:11---PDX03:35)
406(7/8IAD22:13---SEA04:00)
397(7/8MCO22:13---SAN03:18)
1279(7/8LAX22:16---GEG00:47)
860(7/8OGG22:20---SEA04:00)
305(7/8MIA22:20---SEA05:07)
293(7/8EWR22:24---SFO04:49)
450(7/8CMH22:28---SEA03:35)
819(7/8BOS22:32---SEA05:02)
1135(7/8SAN22:35---SEA01:31)
508(7/8CVG22:37---SEA03:35)
634(7/8LAS22:39---SFO00:20)
460(7/8SEA22:43---BOS03:59)
522(7/8BNA22:44---SEA03:48)
1052001(7/8SEA22:48---BUR01:24)
56(7/8ANC22:50---SEA02:20)
443(7/8PHL22:52---SEA04:57)
420(7/8SEA22:53---MCO04:33)
17(7/8JFK22:53---SEA05:22)
216(7/8CLE22:55---SEA04:00)
337001(7/8ORD22:55---SEA03:35)
271(7/8HNL22:55---ONT04:27)
326001(7/8TPA22:55---SEA05:07)
7(7/8DCA22:58---SFO04:53)
348(7/8SEA22:59---IAD03:59)
744(7/8SEA22:59---PHX01:57)
1396(7/8AUS23:00---PDX03:14)
492(7/8SEA23:09---ATL03:59)
379(7/8BWI23:10---SEA05:07)
561(7/8KOA23:20---LAX04:51)
941(7/8SEA23:25---ORD03:30)
287(7/8EWR23:29---LAX05:35)
334(7/8ATL23:31---SEA05:07)
151001(7/8ANC23:40---AKN00:49)
412(7/8PIT23:42---SEA05:07)
688(7/8SEA23:59---LAS02:34)
157(7/9JNU00:02---GST00:41)
1214(7/9SEA00:04---SJC02:15)
439(7/9IAH00:10---SEA04:53)
369(7/9MCO00:12---SFO05:59)
844(7/9LIH00:15---SJC05:24)
821(7/9SAN00:16---LIH06:32)
597(7/9ORD00:18---SFO05:06)
355(7/9BOS00:19---SFO06:59)
213(7/9IAD00:19---LAX05:48)
269(7/9SFO00:22---ANC05:15)
41(7/9JFK00:29---SFO06:59)
1176(7/9PDX00:30---PHX03:20)
291001(7/9STL00:32---SEA05:00)
896(7/9HNL00:33---SEA06:31)
806(7/9OGG00:34---SAN05:55)
1370(7/9PDX00:35---AUS04:42)
398(7/9SEA00:40---IAH04:59)
353(7/9PDX00:46---OGG06:39)
1229(7/9SNA00:49---SEA03:35)
1455(7/9PDX00:49---ANC04:40)
538(7/9SEA00:54---ORD04:59)
78(7/9SEA00:55---ANC04:37)
424(7/9SEA00:59---DFW04:59)
730(7/9SEA00:59---LAS03:38)
1098(7/9SEA00:59---SAN03:54)
564(7/9SEA01:05---MCI04:35)
662(7/9PHX01:05---PDX03:48)
472(7/9SEA01:06---STL04:59)
241(7/9SEA01:10---MKE04:59)
1085(7/9SNA01:17---PDX03:39)
823(7/9SEA01:25---HNL07:33)
77(7/9GST01:35---JNU02:14)
386(7/9SEA01:37---MSP04:59)
513(7/9AUS01:45---SFO05:29)
839(7/9SEA01:45---LIH07:54)
338(7/9SEA01:48---OMA04:59)
939(7/9SEA01:55---SAN04:47)
1028(7/9SAN01:58---OGG07:59)
1318001(7/9SEA01:59---SFO04:12)
801(7/9SEA01:59---KOA08:04)
151(7/9AKN01:59---ANC03:10)
1288(7/9SEA02:41---SNA05:30)
1327(7/9SFO02:49---SEA05:05)
167(7/9SEA02:50---FAI06:36)
827(7/9ANC02:55---HNL08:59)
1224(7/9SEA02:55---LAX05:46)
141(7/9PHX02:57---ANC08:48)
1156(7/9SEA02:59---SAN06:00)
1034(7/9SEA03:14---BOI04:46)
642(7/9SEA03:17---DEN05:59)
268(7/9ANC03:25---SEA07:06)
729(7/9SAN03:37---PDX06:14)
644(7/9SEA03:55---PHX06:54)
133(7/9SEA03:55---ANC07:34)
1067(7/9SAN03:59---GEG06:44)
307(7/9SFO04:28---BOS10:10)
736(7/9SEA04:40---RNO06:35)
314(7/9SEA04:40---EWR09:59)
728(7/9PDX04:40---LAS06:59)
919(7/9SEA04:55---RDU10:00)
36(7/9SAN04:56---JFK10:29)
374(7/9SFO05:19---EWR10:54)
161(7/9SEA05:47---EUG07:01)
70001(7/9JNU06:15---SIT06:59)
536(7/9SEA06:40---BOS12:00)
1227(7/9SEA06:59---AUS11:07)
109(7/9ANC07:26---ORD13:40)
810(7/9LIH07:32---SEA13:16)
558(7/9OGG07:39---PDX13:00)
828(7/9HNL08:33---ANC14:40)
814(7/9OGG08:34---SEA14:11)
826(7/9LIH08:54---SAN14:33)
