111-7/7	N731AL	N731AL	-NA-
542-7/7	N442AS	N442AS	-NA-
168-7/7	N307AS	N307AS	-NA-
148-7/7	N613AS	N613AS	-NA-
150-7/7	N409AS	N409AS	-NA-
110-7/7	N812AK	N812AK	-NA-
54-7/7	N483AS	N483AS	-NA-
302-7/7	N518AS	N518AS	-NA-
42-7/7	N453AS	N453AS	-NA-
336-7/7	N961AK	N961AK	-NA-
156-7/7	N935AK	N935AK	-NA-
351-7/7	N926AK	N926AK	-NA-
546-7/7	N487AS	N487AS	-NA-
377-7/7	N724AL	N724AL	-NA-
446-7/7	N423AS	N423AS	-NA-
316-7/7	N491AS	N491AS	-NA-
21-7/7	N525AS	N525AS	-NA-
573-7/7	N938AK	N938AK	-NA-
1021-7/7	N723AL	N723AL	-NA-
381-7/7	N952AK	N952AK	-NA-
627-7/7	N291BT	N291BT	-NA-
942-7/7	N474AS	N474AS	-NA-
548-7/7	N734AL	N734AL	-NA-
453-7/7	N464AS	N464AS	-NA-
361-7/7	N958AK	N958AK	-NA-
299-7/7	N975AK	N975AK	-NA-
395-7/7	N984AK	N984AK	-NA-
459-7/7	N440AS	N440AS	-NA-
242-7/7	N448AS	N448AS	-NA-
308-7/7	N733AL	N733AL	-NA-
920-7/7	N435AS	N435AS	-NA-
387-7/7	N960AK	N960AK	-NA-
473-7/7	N292AK	N292AK	-NA-
563-7/7	N712AL	N712AL	-NA-
349-7/7	N519AS	N519AS	-NA-
289-7/7	N273AK	N273AK	-NA-
495-7/7	N983AK	N983AK	-NA-
1-7/7	N536AS	N536AS	-NA-
413-7/7	N268AK	N268AK	-NA-
383-7/7	N285AK	N285AK	-NA-
643-7/7	N471AS	N471AS	-NA-
341-7/7	N710AL	N710AL	-NA-
458-7/7	N719AL	N719AL	-NA-
451-7/7	N977AK	N977AK	-NA-
595-7/7	N973AK	N973AK	-NA-
303-7/7	N967AK	N967AK	-NA-
737-7/7	N968AK	N968AK	-NA-
541-7/7	N265AK	N265AK	-NA-
428-7/7	N729AL	N729AL	-NA-
260-7/7	N577AS	N577AS	-NA-
15-7/7	N523AS	N523AS	-NA-
701-7/7	N557AS	N557AS	-NA-
188-7/7	N403AS	N403AS	-NA-
373-7/7	N708AL	N708AL	-NA-
981-7/7	N552AS	N552AS	-NA-
408-7/7	N434AS	N434AS	-NA-
491-7/7	N809AK	N809AK	-NA-
1316-7/7	N579AS	N579AS	-NA-
173-7/7	N565AS	N565AS	-NA-
132-7/7	N467AS	N467AS	-NA-
433-7/7	N982AK	N982AK	-NA-
1109-7/7	N532AS	N532AS	-NA-
1293-7/7	N514AS	N514AS	-NA-
375-7/7	N214AK	N214AK	-NA-
799-7/7	N506AS	N506AS	-NA-
1091-7/7	N920AK	N920AK	-NA-
943-7/7	N284AK	N284AK	-NA-
186-7/7	N607AS	N607AS	-NA-
966-7/7	N596AS	N596AS	-NA-
683-7/7	N275AK	N275AK	-NA-
593-7/7	N618AS	N618AS	-NA-
499-7/7	N928AK	N928AK	-NA-
1265-7/7	N956AK	N956AK	-NA-
1217-7/7	N947AK	N947AK	-NA-
30-7/7	N966AK	N966AK	-NA-
68-7/7	N953AK	N953AK	-NA-
537-7/7	N248AK	N248AK	-NA-
533-7/7	N298AK	N298AK	-NA-
298-7/7	N974AK	N974AK	-NA-
623-7/7	N803AK	N803AK	-NA-
1325-7/7	N564AS	N564AS	-NA-
55-7/7	N611AS	N611AS	-NA-
210-7/7	N526AS	N526AS	-NA-
5-7/7	N590AS	N590AS	-NA-
1082-7/7	N812AK	N812AK	-NA-
368-7/7	N716AL	N716AL	-NA-
281-7/7	N294AK	N294AK	-NA-
393-7/7	N593AS	N593AS	-NA-
1239-7/7	N915AK	N915AK	-NA-
869-7/7	N529AS	N529AS	-NA-
1124-7/7	N537AS	N537AS	-NA-
1101-7/7	N913AK	N913AK	-NA-
284-7/7	N912AK	N912AK	-NA-
618-7/7	N705AL	N705AL	-NA-
73001-7/7	N622AS	N622AS	-NA-
1151-7/7	N535AS	N535AS	-NA-
1258-7/7	N236AK	N236AK	-NA-
61002-7/7	N619AS	N619AS	-NA-
358-7/7	N290AK	N290AK	-NA-
24-7/7	N969AK	N969AK	-NA-
931-7/7	N609AS	N609AS	-NA-
399-7/7	N972AK	N972AK	-NA-
511-7/7	N806AK	N806AK	-NA-
1041-7/7	N402AS	N402AS	-NA-
784-7/7	N978AK	N978AK	-NA-
512-7/7	N247AK	N247AK	-NA-
1298-7/7	N553AS	N553AS	-NA-
1136001-7/7	N594AS	N594AS	-NA-
1043-7/7	N738AL	N738AL	-NA-
963-7/7	N477AS	N477AS	-NA-
365-7/7	N442AS	N442AS	-NA-
1226-7/7	N954AK	N954AK	-NA-
1181-7/7	N556AS	N556AS	-NA-
790-7/7	N569AS	N569AS	-NA-
82-7/7	N731AL	N731AL	-NA-
35-7/7	N472AS	N472AS	-NA-
1076-7/7	N934AK	N934AK	-NA-
65003-7/7	N613AS	N613AS	-NA-
1130-7/7	N469AS	N469AS	-NA-
974-7/7	N492AS	N492AS	-NA-
504-7/7	N929AK	N929AK	-NA-
85-7/7	N924AK	N924AK	-NA-
745-7/7	N921AK	N921AK	-NA-
831-7/7	N963AK	N963AK	-NA-
917-7/7	N720AL	N720AL	-NA-
797-7/7	N964AK	N964AK	-NA-
324-7/7	N413AS	N413AS	-NA-
1193-7/7	N936AK	N936AK	-NA-
526-7/7	N581AS	N581AS	-NA-
645-7/7	N520AS	N520AS	-NA-
1089-7/7	N280AK	N280AK	-NA-
430-7/7	N493AS	N493AS	-NA-
1154-7/7	N941AK	N941AK	-NA-
912-7/7	N813AK	N813AK	-NA-
18-7/7	N481AS	N481AS	-NA-
1148-7/7	N516AS	N516AS	-NA-
1063-7/7	N459AS	N459AS	-NA-
249-7/7	N713AL	N713AL	-NA-
1074-7/7	N238AK	N238AK	-NA-
139-7/7	N287AK	N287AK	-NA-
248-7/7	N919AK	N919AK	-NA-
1228-7/7	N976AK	N976AK	-NA-
62-7/7	N586AS	N586AS	-NA-
292-7/7	N431AS	N431AS	-NA-
516-7/7	N284AK	N284AK	-NA-
606-7/7	N457AS	N457AS	-NA-
867-7/7	N518AS	N518AS	-NA-
196-7/7	N592AS	---	Unassigned
1306-7/7	N968AK	N928AK	0
1179-7/7	N805AK	N805AK	210
1410-7/7	N433AS	N479AS	0
10-7/7	N560AS	---	Unassigned
1290001-7/7	N272AK	N296AK	0
329-7/7	N274AK	N274AK	90
648-7/7	N453AS	N468AS	0
79-7/7	N596AS	N596AS	0
479-7/7	N288AK	---	Unassigned
N935AK_SEA-15:00/03:00	N935AK	N935AK	0
366001-7/7	N517AS	---	Unassigned
1149-7/7	N587AS	N548AS	270
890-7/7	N508AS	---	Unassigned
555001-7/7	N707AL	---	Unassigned
26-7/7	N419AS	---	Unassigned
682001-7/7	N935AK	N958AK	30
142-7/7	N462AS	N462AS	210
916-7/7	N942AK	---	Unassigned
825-7/7	N706AL	---	Unassigned
231-7/7	N549AS	N549AS	0
1166-7/7	N928AK	N707AL	0
233-7/7	N495AS	---	Unassigned
405001-7/7	N513AS	---	Unassigned
1255-7/7	N486AS	---	Unassigned
60-7/7	N615AS	N615AS	0
90-7/7	N282AK	N282AK	210
1071-7/7	N538AS	N532AS	180
47-7/7	N478AS	N478AS	150
414-7/7	N958AK	---	Unassigned
214-7/7	N962AK	---	Unassigned
165-7/7	N531AS	---	Unassigned
1169-7/7	N530AS	N530AS	210
306-7/7	N709AL	---	Unassigned
305001-7/7	N467AS	---	Unassigned
612-7/7	N309AS	N309AS	0
1254-7/7	N277AK	N281AK	0
227-7/7	N933AK	---	Unassigned
313001-7/7	N253AK	---	Unassigned
613-7/7	N918AK	N918AK	0
560-7/7	N512AS	N579AS	90
388-7/7	N947AK	---	Unassigned
4-7/7	N804AK	N804AK	0
73-7/7	N622AS	N615AS	360
N464AS_SEA-15:40/18:40	N464AS	N464AS	0
390-7/7	N932AK	N932AK	0
402-7/7	N494AS	---	Unassigned
718-7/7	N725AL	N725AL	0
572001-7/7	N270AK	N270AK	0
1190-7/7	N527AS	N548AS	0
1268-7/7	N408AS	N459AS	90
294-7/7	N260AK	---	Unassigned
83-7/7	N237AK	---	Unassigned
320-7/7	N597AS	---	Unassigned
57-7/7	N267AK	N267AK	0
270-7/7	N732AL	---	Unassigned
502-7/7	N471AS	---	Unassigned
113-7/7	N251AK	---	Unassigned
578-7/7	N990AK	N971AK	0
312001-7/7	N938AK	N947AK	0
418001-7/7	N552AS	---	Unassigned
55001-7/7	N611AS	N611AS	0
406001-7/7	N724AL	---	Unassigned
1113-7/7	N931AK	---	Unassigned
899-7/7	N568AS	---	Unassigned
568-7/7	N474AS	N448AS	30
727-7/7	N477AS	---	Unassigned
326-7/7	N487AS	---	Unassigned
442-7/7	N448AS	---	Unassigned
215-7/7	N318AS	N318AS	180
8-7/7	N581AS	---	Unassigned
65001-7/7	N613AS	N615AS	30
798-7/7	N409AS	N428AS	90
1051-7/7	N607AS	N613AS	300
149-7/7	N506AS	N514AS	0
426-7/7	N548AS	---	Unassigned
101-7/7	N491AS	N453AS	0
1007-7/7	N738AL	N738AL	0
72-7/7	N609AS	N614AS	0
137-7/7	N592AS	N514AS	270
1080-7/7	N712AL	N952AK	0
174-7/7	N514AS	N552AS	0
1108-7/7	N292AK	N292AK	0
1259-7/7	N813AK	N813AK	60
875-7/7	N535AS	---	Unassigned
23-7/7	N293AK	---	Unassigned
48-7/7	N546AS	N546AS	30
731-7/7	N224AK	---	Unassigned
60001-7/7	N615AS	N613AS	120
1311-7/7	N954AK	N952AK	180
232-7/7	N549AS	N549AS	0
1133-7/7	N920AK	N926AK	240
378-7/7	N952AK	---	Unassigned
198-7/7	N612AS	N619AS	360
477-7/7	N734AL	---	Unassigned
450001-7/7	N960AK	---	Unassigned
796-7/7	N493AS	---	Unassigned
508001-7/7	N722AL	---	Unassigned
629-7/7	N913AK	---	Unassigned
505-7/7	N956AK	---	Unassigned
61001-7/7	N619AS	N619AS	0
522001-7/7	N423AS	---	Unassigned
535001-7/7	N291BT	---	Unassigned
62001-7/7	N586AS	N586AS	0
1256-7/7	N435AS	N478AS	300
1277-7/7	N553AS	N553AS	60
887-7/7	N926AK	---	Unassigned
480001-7/7	N921AK	---	Unassigned
829-7/7	N723AL	---	Unassigned
1143-7/7	N961AK	---	Unassigned
863-7/7	N537AS	---	Unassigned
1084-7/7	N556AS	N556AS	0
1420-7/7	N433AS	N469AS	210
128-7/7	N280AK	---	Unassigned
1161-7/7	N459AS	N479AS	30
807-7/7	N570AS	---	Unassigned
N975AK_SEA-17:31/20:31	N975AK	N975AK	0
1136-7/7	N594AS	---	Unassigned
160-7/7	N565AS	---	Unassigned
300-7/7	N492AS	---	Unassigned
216001-7/7	N403AS	---	Unassigned
385-7/7	N593AS	---	Unassigned
1296-7/7	N268AK	N268AK	0
738-7/7	N296AK	N296AK	270
500001-7/7	N402AS	---	Unassigned
775-7/7	N618AS	---	Unassigned
637-7/7	N915AK	N738AL	180
1278-7/7	N973AK	---	Unassigned
322-7/7	N236AK	---	Unassigned
429-7/7	N462AS	---	Unassigned
1073-7/7	N469AS	N469AS	0
757-7/7	N806AK	N806AK	0
121-7/7	N265AK	N265AK	0
725-7/7	N903AK	---	Unassigned
49-7/7	N557AS	N532AS	270
818-7/7	N936AK	---	Unassigned
822-7/7	N562AS	---	Unassigned
739-7/7	N812AK	N812AK	0
543-7/7	N809AK	N809AK	0
862-7/7	N703AL	---	Unassigned
824-7/7	N917AK	---	Unassigned
1240-7/7	N964AK	---	Unassigned
891-7/7	N434AS	N413AS	60
474-7/7	N238AK	---	Unassigned
234-7/7	N267AK	N267AK	0
412001-7/7	N984AK	---	Unassigned
34-7/7	N285AK	---	Unassigned
1299-7/7	N516AS	---	Unassigned
434-7/7	N918AK	---	Unassigned
65004-7/7	N613AS	N615AS	30
934001-7/7	N731AL	N928AK	240
1017-7/7	N710AL	N958AK	270
63-7/7	N977AK	N955AK	300
1010-7/7	N486AS	N453AS	270
108-7/7	N622AS	N615AS	360
1174-7/7	N519AS	---	Unassigned
904-7/7	N983AK	N956AK	180
1075-7/7	N928AK	N918AK	30
1467-7/7	N725AL	N725AL	0
392-7/7	N967AK	---	Unassigned
908-7/7	N564AS	N546AS	210
1290-7/7	N272AK	N296AK	0
1112-7/7	N525AS	---	Unassigned
1328-7/7	N705AL	---	Unassigned
154001-7/7	N526AS	N530AS	210
104-7/7	N924AK	N955AK	0
932-7/7	N919AK	---	Unassigned
503-7/7	N247AK	---	Unassigned
733-7/7	N440AS	N462AS	180
900-7/7	N520AS	---	Unassigned
1096-7/7	N729AL	N738AL	360
71-7/7	N288AK	N281AK	210
722-7/7	N318AS	N307AS	150
438-7/7	N282AK	N275AK	150
682-7/7	N935AK	N958AK	30
64-7/7	N611AS	N611AS	0
603-7/7	N457AS	---	Unassigned
1305-7/7	N968AK	N928AK	0
598-7/7	N719AL	---	Unassigned
817-7/7	N941AK	---	Unassigned
62003-7/7	N586AS	N586AS	0
43-7/7	N549AS	N549AS	0
106001-7/7	N929AK	---	Unassigned
658-7/7	N275AK	N292AK	330
1111-7/7	N277AK	N281AK	0
1118-7/7	N587AS	---	Unassigned
1144-7/7	N805AK	N805AK	210
785-7/7	N309AS	N309AS	0
1216-7/7	N536AS	N553AS	180
1314-7/7	N283AK	N283AK	0
835-7/7	N733AL	N707AL	0
325-7/7	N413AS	---	Unassigned
843-7/7	N530AS	---	Unassigned
641-7/7	N453AS	N468AS	0
61003-7/7	N619AS	N619AS	0
1114-7/7	N931AK	---	Unassigned
1137-7/7	N523AS	N523AS	0
352-7/7	N214AK	N267AK	210
137001-7/7	N592AS	N514AS	270
555-7/7	N707AL	---	Unassigned
65002-7/7	N613AS	N615AS	30
1018-7/7	N538AS	N548AS	210
330-7/7	N990AK	N971AK	0
494001-7/7	N478AS	N464AS	90
864-7/7	N537AS	---	Unassigned
100-7/7	N596AS	---	Unassigned
740-7/7	N527AS	---	Unassigned
14-7/7	N577AS	---	Unassigned
405-7/7	N513AS	---	Unassigned
291-7/7	N972AK	---	Unassigned
475-7/7	N978AK	---	Unassigned
1150001-7/7	N442AS	---	Unassigned
366-7/7	N517AS	---	Unassigned
102-7/7	N491AS	N453AS	0
697001-7/7	N976AK	N707AL	240
175-7/7	N294AK	---	Unassigned
1281-7/7	N920AK	N926AK	270
280-7/7	N974AK	N912AK	60
25-7/7	N966AK	---	Unassigned
1081-7/7	N712AL	---	Unassigned
407-7/7	N508AS	---	Unassigned
620001-7/7	N281AK	---	Unassigned
312-7/7	N938AK	N947AK	0
140-7/7	N622AS	N615AS	360
415-7/7	N958AK	---	Unassigned
1038-7/7	N607AS	N613AS	300
74-7/7	N609AS	---	Unassigned
1011-7/7	N486AS	N453AS	270
20-7/7	N708AL	---	Unassigned
388001-7/7	N947AK	---	Unassigned
1016-7/7	N710AL	N707AL	90
266-7/7	N953AK	N953AK	0
304-7/7	N290AK	N290AK	0
1061-7/7	N812AK	N812AK	0
909-7/7	N564AS	N546AS	210
808-7/7	N529AS	N529AS	0
934-7/7	N731AL	N928AK	240
6-7/7	N590AS	N590AS	0
418-7/7	N552AS	---	Unassigned
297-7/7	N912AK	---	Unassigned
1132-7/7	N409AS	N428AS	90
357001-7/7	N248AK	N413AS	240
229001-7/7	N551AS	---	Unassigned
700-7/7	N298AK	N282AK	120
154-7/7	N526AS	N530AS	240
419-7/7	N716AL	N716AL	0
114-7/7	N969AK	---	Unassigned
549-7/7	N464AS	N423AS	30
162-7/7	N237AK	---	Unassigned
95-7/7	N615AS	---	Unassigned
410-7/7	N493AS	---	Unassigned
1097-7/7	N292AK	N292AK	0
31-7/7	N481AS	---	Unassigned
313-7/7	N253AK	---	Unassigned
840-7/7	N569AS	---	Unassigned
62002-7/7	N586AS	N586AS	0
189-7/7	N913AK	---	Unassigned
1159-7/7	N556AS	N556AS	0
432-7/7	N472AS	---	Unassigned
898-7/7	N963AK	N963AK	0
1006-7/7	N738AL	---	Unassigned
2-7/7	N813AK	N813AK	60
61-7/7	N619AS	N619AS	0
534-7/7	N280AK	---	Unassigned
732-7/7	N224AK	---	Unassigned
905-7/7	N983AK	N956AK	210
3-7/7	N560AS	N590AS	360
535-7/7	N291BT	---	Unassigned
676-7/7	N806AK	N806AK	0
1315-7/7	N961AK	N971AK	120
1198-7/7	N274AK	N274AK	60
1319-7/7	N713AL	---	Unassigned
122-7/7	N265AK	N265AK	0
65-7/7	N613AS	N611AS	30
1300-7/7	N720AL	N975AK	0
773-7/7	N553AS	---	Unassigned
1083-7/7	N956AK	N952AK	360
582-7/7	N435AS	N478AS	300
44-7/7	N549AS	N549AS	0
518-7/7	N471AS	---	Unassigned
756-7/7	N296AK	N296AK	270
1297-7/7	N268AK	N268AK	0
1238-7/7	N459AS	N479AS	30
1269-7/7	N408AS	---	Unassigned
64001-7/7	N611AS	N614AS	0
1242-7/7	N973AK	N732AL	0
507-7/7	N962AK	---	Unassigned
66-7/7	N506AS	N596AS	0
19-7/7	N419AS	---	Unassigned
778-7/7	N594AS	---	Unassigned
462-7/7	N431AS	---	Unassigned
836-7/7	N964AK	N725AL	30
946-7/7	N469AS	N479AS	240
601-7/7	N520AS	---	Unassigned
92-7/7	N546AS	---	Unassigned
1235-7/7	N516AS	N548AS	360
103-7/7	N514AS	N552AS	0
16-7/7	N928AK	---	Unassigned
1247-7/7	N705AL	---	Unassigned
734-7/7	N440AS	N462AS	180
107-7/7	N955AK	---	Unassigned
58-7/7	N977AK	N955AK	300
290-7/7	N495AS	---	Unassigned
9-7/7	N804AK	N804AK	0
396-7/7	N593AS	---	Unassigned
1225-7/7	N525AS	---	Unassigned
389-7/7	N709AL	N932AK	60
646-7/7	N548AS	---	Unassigned
1204-7/7	N612AS	N619AS	360
894-7/7	N518AS	---	Unassigned
1287-7/7	N725AL	N971AK	270
301-7/7	N942AK	---	Unassigned
1160-7/7	N733AL	N958AK	180
480-7/7	N921AK	---	Unassigned
517-7/7	N284AK	N284AK	0
569-7/7	N474AS	N448AS	30
89-7/7	N592AS	---	Unassigned
1100-7/7	N537AS	---	Unassigned
1358-7/7	N536AS	N553AS	180
131-7/7	N915AK	N732AL	180
947-7/7	N538AS	N548AS	210
572-7/7	N270AK	N270AK	0
1191-7/7	N519AS	---	Unassigned
485-7/7	N494AS	---	Unassigned
929-7/7	N527AS	---	Unassigned
1046-7/7	N272AK	---	Unassigned
868-7/7	N512AS	---	Unassigned
183-7/7	N531AS	N552AS	60
783-7/7	N477AS	---	Unassigned
406-7/7	N724AL	---	Unassigned
697-7/7	N976AK	N707AL	240
397-7/7	N597AS	---	Unassigned
509-7/7	N710AL	N935AK	300
176-7/7	N288AK	N281AK	210
1279-7/7	N948AK	N975AK	180
860-7/7	N706AL	---	Unassigned
305-7/7	N467AS	---	Unassigned
226-7/7	N287AK	---	Unassigned
1175-7/7	N931AK	N947AK	360
293-7/7	N260AK	---	Unassigned
1086-7/7	N283AK	N290AK	300
51-7/7	N803AK	N803AK	0
450-7/7	N960AK	---	Unassigned
933-7/7	N919AK	---	Unassigned
819-7/7	N932AK	---	Unassigned
67002-7/7	N564AS	N530AS	270
1135-7/7	N729AL	N738AL	360
508-7/7	N722AL	---	Unassigned
1257-7/7	N565AS	---	Unassigned
634-7/7	N275AK	N292AK	330
600-7/7	N920AK	---	Unassigned
460-7/7	N267AK	N281AK	360
522-7/7	N423AS	N459AS	0
1284-7/7	N309AS	N309AS	0
975-7/7	N318AS	N307AS	150
1052001-7/7	N731AL	N918AK	0
500-7/7	N402AS	---	Unassigned
1030-7/7	N968AK	N912AK	330
571-7/7	N933AK	N725AL	120
602-7/7	N277AK	N283AK	0
1421-7/7	N433AS	N469AS	180
56-7/7	N297AK	N287AK	0
64003-7/7	N611AS	N614AS	30
443-7/7	N448AS	---	Unassigned
420-7/7	N935AK	---	Unassigned
17-7/7	N251AK	---	Unassigned
337-7/7	N462AS	---	Unassigned
326001-7/7	N487AS	---	Unassigned
216-7/7	N403AS	---	Unassigned
271-7/7	N732AL	---	Unassigned
7-7/7	N581AS	---	Unassigned
99-7/7	N457AS	N459AS	360
348-7/7	N486AS	---	Unassigned
744-7/7	N491AS	N453AS	240
1119-7/7	N587AS	---	Unassigned
1396-7/7	N903AK	---	Unassigned
962-7/7	N954AK	N707AL	360
1138-7/7	N526AS	N586AS	60
1167-7/7	N990AK	---	Unassigned
445-7/7	N924AK	N928AK	210
492-7/7	N975AK	---	Unassigned
379-7/7	N952AK	---	Unassigned
66001-7/7	N506AS	N596AS	0
1150-7/7	N442AS	---	Unassigned
201-7/7	N618AS	N611AS	360
317-7/7	N967AK	---	Unassigned
1042001-7/7	N523AS	N523AS	0
1092-7/7	N712AL	N952AK	0
561-7/7	N568AS	N579AS	30
941-7/7	N434AS	---	Unassigned
287-7/7	N734AL	---	Unassigned
334-7/7	N238AK	---	Unassigned
155-7/7	N549AS	N549AS	0
151001-7/7	N514AS	N532AS	210
590-7/7	N453AS	N468AS	0
412-7/7	N984AK	---	Unassigned
1019-7/7	N469AS	N479AS	270
591-7/7	N409AS	N428AS	120
86-7/7	N613AS	N611AS	30
720-7/7	N609AS	N613AS	300
1125-7/7	N812AK	N812AK	0
88-7/7	N592AS	N552AS	300
620-7/7	N281AK	---	Unassigned
106-7/7	N929AK	---	Unassigned
1146-7/7	N607AS	---	Unassigned
435-7/7	N236AK	---	Unassigned
688-7/7	N983AK	N716AL	240
157-7/8	N615AS	---	Unassigned
1214-7/8	N247AK	---	Unassigned
1321-7/8	N596AS	N523AS	360
64004-7/8	N611AS	N614AS	60
439-7/8	N282AK	N275AK	150
369-7/8	N492AS	---	Unassigned
791-7/8	N535AS	---	Unassigned
225-7/8	N707AL	---	Unassigned
1301-7/8	N483AS	---	Unassigned
1468-7/8	N293AK	---	Unassigned
821-7/8	N532AS	---	Unassigned
597-7/8	N719AL	---	Unassigned
213-7/8	N918AK	---	Unassigned
355-7/8	N936AK	---	Unassigned
182-7/8	N531AS	N552AS	60
269-7/8	N964AK	---	Unassigned
41-7/8	N285AK	---	Unassigned
611-7/8	N298AK	N282AK	120
1122-7/8	N961AK	N963AK	300
1176-7/8	N296AK	N296AK	270
134-7/8	N294AK	N265AK	330
339-7/8	N214AK	N267AK	210
291001-7/8	N972AK	---	Unassigned
896-7/8	N926AK	---	Unassigned
806-7/8	N723AL	---	Unassigned
94-7/8	N546AS	---	Unassigned
376-7/8	N413AS	---	Unassigned
1202-7/8	N525AS	N596AS	360
1370-7/8	N265AK	N268AK	30
494-7/8	N478AS	N464AS	90
278-7/8	N556AS	N556AS	0
398-7/8	N703AL	---	Unassigned
856-7/8	N570AS	---	Unassigned
97-7/8	N705AL	---	Unassigned
382-7/8	N586AS	---	Unassigned
960-7/8	N917AK	---	Unassigned
599-7/8	N594AS	---	Unassigned
353-7/8	N538AS	---	Unassigned
1455-7/8	N268AK	N265AK	0
1229-7/8	N553AS	---	Unassigned
229-7/8	N551AS	---	Unassigned
735-7/8	N274AK	N274AK	60
538-7/8	N956AK	---	Unassigned
78-7/8	N931AK	---	Unassigned
1295-7/8	N527AS	---	Unassigned
372-7/8	N435AS	---	Unassigned
357-7/8	N248AK	N413AS	240
632-7/8	N513AS	---	Unassigned
1163-7/8	N520AS	---	Unassigned
730-7/8	N973AK	---	Unassigned
1098-7/8	N292AK	N287AK	150
424-7/8	N440AS	---	Unassigned
1140-7/8	N536AS	---	Unassigned
1107-7/8	N725AL	N918AK	90
1062-7/8	N459AS	N469AS	360
66003-7/8	N506AS	N596AS	0
564-7/8	N291BT	---	Unassigned
662-7/8	N224AK	N453AS	360
1131-7/8	N516AS	N548AS	360
472-7/8	N976AK	---	Unassigned
1397-7/8	N720AL	---	Unassigned
964-7/8	N954AK	N975AK	240
1048-7/8	N806AK	N806AK	0
241-7/8	N237AK	N423AS	330
1047-7/8	N272AK	---	Unassigned
510-7/8	N710AL	N935AK	330
1093-7/8	N733AL	N958AK	150
50-7/8	N803AK	N803AK	0
1085-7/8	N537AS	N553AS	360
1294-7/8	N612AS	N619AS	360
823-7/8	N947AK	---	Unassigned
805-7/8	N738AL	---	Unassigned
1031-7/8	N968AK	N912AK	360
67001-7/8	N564AS	N530AS	300
143-7/8	N913AK	N732AL	240
779-7/8	N933AK	N716AL	360
69001-7/8	N622AS	N614AS	270
77-7/8	N615AS	---	Unassigned
550-7/8	N464AS	N423AS	0
1310-7/8	N958AK	N947AK	0
386-7/8	N562AS	N586AS	330
776-7/8	N275AK	N292AK	300
64002-7/8	N611AS	N614AS	90
409-7/8	N493AS	---	Unassigned
391-7/8	N593AS	---	Unassigned
513-7/8	N280AK	N268AK	270
839-7/8	N517AS	---	Unassigned
523-7/8	N924AK	N928AK	210
338-7/8	N977AK	N975AK	360
45-7/8	N592AS	N552AS	270
1280-7/8	N948AK	---	Unassigned
1104-7/8	N552AS	---	Unassigned
478-7/8	N938AK	N725AL	360
1065-7/8	N309AS	N309AS	0
939-7/8	N508AS	---	Unassigned
84-7/8	N618AS	N611AS	360
1087-7/8	N283AK	N290AK	300
1028-7/8	N978AK	---	Unassigned
801-7/8	N519AS	---	Unassigned
105-7/8	N288AK	N274AK	240
155001-7/8	N549AS	N549AS	0
151-7/8	N514AS	N532AS	210
1199-7/8	N982AK	N956AK	360
525-7/8	N953AK	N953AK	0
1318-7/8	N955AK	N926AK	90
1203-7/8	N565AS	---	Unassigned
87-7/8	N613AS	N611AS	30
1052-7/8	N731AL	N971AK	210
N963AK_PDX-02:19/05:19	N963AK	N963AK	0
1215-7/8	N934AK	---	Unassigned
1168-7/8	N469AS	---	Unassigned
1139-7/8	N526AS	N586AS	60
177-7/8	N531AS	N552AS	30
615-7/8	N277AK	N283AK	0
579-7/8	N990AK	N953AK	270
1042-7/8	N523AS	N523AS	0
N546AS_SEA-02:35/05:35	N546AS	N546AS	0
205-7/8	N253AK	N428AS	150
721-7/8	N609AS	N613AS	300
1288-7/8	N587AS	N553AS	60
719-7/8	N812AK	N812AK	0
965-7/8	N917AK	N707AL	270
403-7/8	N920AK	N725AL	60
193-7/8	N579AS	---	Unassigned
1158-7/8	N548AS	N546AS	300
1327-7/8	N471AS	N468AS	0
167-7/8	N442AS	---	Unassigned
1194-7/8	N318AS	N318AS	0
66002-7/8	N506AS	N596AS	0
136-7/8	N297AK	---	Unassigned
827-7/8	N915AK	---	Unassigned
1224-7/8	N729AL	---	Unassigned
1005-7/8	N966AK	---	Unassigned
141-7/8	N296AK	N296AK	360
780-7/8	N290AK	N275AK	330
1004-7/8	N281AK	N283AK	240
1156-7/8	N409AS	---	Unassigned
1321001-7/8	N596AS	N523AS	360
67003-7/8	N564AS	N530AS	330
1289-7/8	N589AS	N556AS	60
1034-7/8	N954AK	N928AK	300
642-7/8	N949AK	N947AK	240
228-7/8	N569AS	N529AS	0
1050-7/8	N529AS	---	Unassigned
N462AS_SEA-03:34/06:34	N462AS	N462AS	0
729-7/8	N912AK	N932AK	150
1192-7/8	N974AK	N955AK	150
1110-7/8	N607AS	---	Unassigned
70-7/8	N457AS	N459AS	360
922-7/8	N453AS	N448AS	240
N953AK_PDX-03:50/06:50	N953AK	N953AK	0
133-7/8	N722AL	N935AK	360
644-7/8	N716AL	N738AL	270
46-7/8	N592AS	N552AS	270
1067-7/8	N961AK	N963AK	330
1264-7/8	N960AK	N956AK	0
1292-7/8	N551AS	N590AS	360
272-7/8	N514AS	N514AS	0
774-7/8	N525AS	N596AS	360
1055-7/8	N556AS	N579AS	120
444-7/8	N474AS	---	Unassigned
91-7/8	N809AK	N809AK	0
636-7/8	N733AL	---	Unassigned
749-7/8	N983AK	---	Unassigned
622-7/8	N801AK	N801AK	0
282-7/8	N985AK	---	Unassigned
307-7/8	N969AK	---	Unassigned
69-7/8	N622AS	N614AS	300
1040-7/8	N917AK	N971AK	330
1291-7/8	N713AL	N932AK	330
1162-7/8	N804AK	N804AK	0
803-7/8	N712AL	N953AK	360
436-7/8	N224AK	---	Unassigned
67-7/8	N564AS	N530AS	360
980-7/8	N402AS	N448AS	0
314-7/8	N967AK	---	Unassigned
736-7/8	N611AS	N615AS	150
547-7/8	N274AK	N290AK	330
728-7/8	N512AS	N548AS	360
1152-7/8	N929AK	N732AL	330
315-7/8	N494AS	N478AS	60
380-7/8	N270AK	N284AK	30
1230-7/8	N710AL	N912AK	360
1039-7/8	N273AK	N282AK	120
545-7/8	N483AS	---	Unassigned
1201-7/8	N958AK	N955AK	270
1020-7/8	N292AK	N287AK	150
197-7/8	N612AS	N619AS	360
919-7/8	N294AK	N270AK	0
36-7/8	N709AL	---	Unassigned
115-7/8	N403AS	N468AS	60
138-7/8	N707AL	---	Unassigned
374-7/8	N955AK	---	Unassigned
344-7/8	N423AS	---	Unassigned
570-7/8	N973AK	N725AL	360
192-7/8	N705AL	---	Unassigned
22-7/8	N481AS	---	Unassigned
455-7/8	N966AK	N926AK	90
259-7/8	N508AS	---	Unassigned
161-7/8	N283AK	N267AK	240
924-7/8	N467AS	N462AS	60
1057-7/8	N963AK	N918AK	0
959-7/8	N284AK	N265AK	300
185-7/8	N309AS	N309AS	0
360-7/8	N952AK	N952AK	60
111-7/8	N956AK	---	Unassigned
119-7/8	N553AS	N579AS	240
498-7/8	N546AS	N546AS	0
394-7/8	N724AL	---	Unassigned
340-7/8	N471AS	---	Unassigned
70001-7/8	N457AS	N428AS	150
490-7/8	N478AS	---	Unassigned
400-7/8	N932AK	---	Unassigned
367-7/8	N972AK	---	Unassigned
59-7/8	N931AK	---	Unassigned
423-7/8	N264AK	N448AS	270
328-7/8	N934AK	N958AK	30
536-7/8	N982AK	---	Unassigned
427-7/8	N462AS	N464AS	30
112-7/8	N238AK	N413AS	180
452-7/8	N487AS	---	Unassigned
1227-7/8	N248AK	N479AS	0
144-7/8	N913AK	N707AL	150
464-7/8	N464AS	---	Unassigned
N556AS_SEA-07:06/11:06	N556AS	N556AS	0
172-7/8	N288AK	---	Unassigned
164-7/8	N592AS	N532AS	30
542-7/8	N589AS	N514AS	270
109-7/8	N964AK	---	Unassigned
880-7/8	N530AS	---	Unassigned
810-7/8	N532AS	---	Unassigned
558-7/8	N538AS	---	Unassigned
N514AS_SEA-07:45/11:45	N514AS	N514AS	0
168-7/8	N442AS	---	Unassigned
148-7/8	N569AS	N529AS	0
828-7/8	N947AK	---	Unassigned
150-7/8	N705AL	---	Unassigned
814-7/8	N738AL	---	Unassigned
826-7/8	N517AS	---	Unassigned
110-7/8	N564AS	N552AS	90
1029-7/8	N978AK	---	Unassigned
54-7/8	N297AK	N274AK	60
302-7/8	N557AS	---	Unassigned
42-7/8	N309AS	N309AS	0
336-7/8	N267AK	N281AK	30
156-7/8	N403AS	N468AS	30
546-7/8	N483AS	---	Unassigned
351-7/8	N486AS	---	Unassigned
377-7/8	N975AK	---	Unassigned
446-7/8	N474AS	---	Unassigned
21-7/8	N928AK	---	Unassigned
573-7/8	N963AK	N918AK	0
627-7/8	N472AS	---	Unassigned
548-7/8	N274AK	N290AK	270
381-7/8	N270AK	N284AK	0
316-7/8	N494AS	N478AS	0
1021-7/8	N935AK	---	Unassigned
942-7/8	N413AS	---	Unassigned
453-7/8	N703AL	---	Unassigned
361-7/8	N977AK	N975AK	60
299-7/8	N431AS	---	Unassigned
459-7/8	N224AK	---	Unassigned
395-7/8	N292AK	N287AK	150
242-7/8	N237AK	N423AS	0
308-7/8	N969AK	---	Unassigned
920-7/8	N294AK	N270AK	0
387-7/8	N562AS	N586AS	0
473-7/8	N976AK	---	Unassigned
563-7/8	N291BT	---	Unassigned
349-7/8	N423AS	---	Unassigned
289-7/8	N967AK	---	Unassigned
1-7/8	N813AK	N813AK	0
495-7/8	N264AK	N448AS	240
643-7/8	N949AK	N947AK	0
383-7/8	N932AK	---	Unassigned
413-7/8	N934AK	N958AK	0
341-7/8	N471AS	---	Unassigned
451-7/8	N478AS	---	Unassigned
458-7/8	N966AK	N926AK	90
595-7/8	N248AK	N479AS	0
303-7/8	N589AS	N514AS	270
737-7/8	N954AK	N928AK	0
541-7/8	N265AK	---	Unassigned
428-7/8	N462AS	N464AS	0
260-7/8	N508AS	---	Unassigned
15-7/8	N577AS	---	Unassigned
1109-7/8	N560AS	N529AS	0
373-7/8	N955AK	---	Unassigned
186-7/8	N622AS	N614AS	0
1091-7/8	N732AL	N971AK	60
683-7/8	N707AL	---	Unassigned
1316-7/8	N448AS	---	Unassigned
701-7/8	N512AS	---	Unassigned
966-7/8	N273AK	N283AK	0
433-7/8	N952AK	N952AK	30
173-7/8	N731AL	N918AK	210
491-7/8	N983AK	N956AK	0
188-7/8	N913AK	---	Unassigned
132-7/8	N283AK	N267AK	0
943-7/8	N467AS	N462AS	0
408-7/8	N958AK	N955AK	0
799-7/8	N716AL	N738AL	0
981-7/8	N535AS	---	Unassigned
375-7/8	N972AK	---	Unassigned
593-7/8	N553AS	N530AS	30
499-7/8	N433AS	---	Unassigned
1217-7/8	N318AS	N318AS	0
1265-7/8	N960AK	---	Unassigned
30-7/8	N236AK	---	Unassigned
537-7/8	N982AK	---	Unassigned
68-7/8	N931AK	---	Unassigned
533-7/8	N464AS	---	Unassigned
298-7/8	N431AS	---	Unassigned
623-7/8	N801AK	N801AK	0
1325-7/8	N548AS	N546AS	0
55-7/8	N613AS	N611AS	0
210-7/8	N238AK	N413AS	30
5-7/8	N590AS	---	Unassigned
512-7/8	N402AS	---	Unassigned
974-7/8	N962AK	N952AK	330
284-7/8	N713AL	---	Unassigned
1130-7/8	N961AK	N963AK	0
35-7/8	N709AL	---	Unassigned
1298-7/8	N546AS	N548AS	180
1136001-7/8	N408AS	---	Unassigned
24-7/8	N409AS	---	Unassigned
399-7/8	N487AS	---	Unassigned
504-7/8	N551AS	N590AS	0
82-7/8	N618AS	N611AS	300
61002-7/8	N614AS	N613AS	0
358-7/8	N953AK	---	Unassigned
931-7/8	N611AS	N615AS	0
365-7/8	N440AS	---	Unassigned
65003-7/8	N607AS	N615AS	180
85-7/8	N442AS	---	Unassigned
1124-7/8	N946AK	N932AK	0
745-7/8	N592AS	N532AS	30
73001-7/8	N457AS	N428AS	0
1239-7/8	N495AS	N453AS	0
1041-7/8	N459AS	---	Unassigned
1181-7/8	N587AS	N556AS	240
281-7/8	N586AS	---	Unassigned
1082-7/8	N564AS	---	Unassigned
859-7/8	N570AS	---	Unassigned
1151-7/8	N929AK	N732AL	0
368-7/8	N285AK	N268AK	0
511-7/8	N513AS	---	Unassigned
1076-7/8	N516AS	---	Unassigned
393-7/8	N275AK	N292AK	0
784-7/8	N912AK	---	Unassigned
1226-7/8	N525AS	N552AS	30
963-7/8	N284AK	N282AK	0
789-7/8	N529AS	---	Unassigned
618-7/8	N290AK	N275AK	0
917-7/8	N724AL	---	Unassigned
1258-7/8	N297AK	N284AK	180
1043-7/8	N536AS	---	Unassigned
831-7/8	N720AL	---	Unassigned
1101-7/8	N537AS	N553AS	0
324-7/8	N933AK	N953AK	0
1193-7/8	N247AK	---	Unassigned
526-7/8	N725AL	N716AL	0
645-7/8	N288AK	---	Unassigned
1089-7/8	N593AS	N548AS	0
1154-7/8	N804AK	N804AK	0
1063-7/8	N469AS	N469AS	0
912-7/8	N280AK	N267AK	300
249-7/8	N492AS	---	Unassigned
1148-7/8	N569AS	N556AS	0
18-7/8	N477AS	---	Unassigned
1074-7/8	N942AK	---	Unassigned
248-7/8	N956AK	N707AL	0
139-7/8	N434AS	---	Unassigned
1228-7/8	N435AS	---	Unassigned
62-7/8	N579AS	N579AS	0
292-7/8	N527AS	---	Unassigned
516-7/8	N282AK	N275AK	210
606-7/8	N609AS	---	Unassigned
867-7/8	N557AS	---	Unassigned
10-7/8	N538AS	---	Unassigned
1410-7/8	N260AK	---	Unassigned
479-7/8	N733AL	N716AL	270
1306-7/8	N309AS	N309AS	0
329-7/8	N964AK	N953AK	270
648-7/8	N298AK	N283AK	30
196-7/8	N531AS	---	Unassigned
79-7/8	N277AK	N274AK	0
1290001-7/8	N453AS	N468AS	0
1179-7/8	N805AK	N805AK	0
366001-7/8	N596AS	N596AS	0
1149-7/8	N552AS	---	Unassigned
890-7/8	N979AK	---	Unassigned
555001-7/8	N924AK	N928AK	0
26-7/8	N283AK	---	Unassigned
682001-7/8	N433AS	N462AS	0
916-7/8	N954AK	---	Unassigned
142-7/8	N253AK	N428AS	60
825-7/8	N926AK	---	Unassigned
231-7/8	N612AS	N619AS	30
233-7/8	N723AL	---	Unassigned
1166-7/8	N214AK	N267AK	30
405001-7/8	N272AK	N290AK	360
1255-7/8	N710AL	N912AK	0
60-7/8	N615AS	---	Unassigned
47-7/8	N549AS	N549AS	0
90-7/8	N809AK	N809AK	0
1071-7/8	N597AS	N529AS	120
414-7/8	N273AK	N270AK	180
165-7/8	N520AS	---	Unassigned
214-7/8	N734AL	---	Unassigned
1169-7/8	N719AL	N725AL	0
306-7/8	N403AS	---	Unassigned
305001-7/8	N738AL	---	Unassigned
1254-7/8	N556AS	N523AS	0
313001-7/8	N287AK	N287AK	330
227-7/8	N481AS	---	Unassigned
560-7/8	N588AS	---	Unassigned
613-7/8	N938AK	---	Unassigned
388-7/8	N706AL	N947AK	0
4-7/8	N532AS	---	Unassigned
73-7/8	N457AS	N459AS	0
390-7/8	N978AK	---	Unassigned
402-7/8	N468AS	---	Unassigned
718-7/8	N973AK	N716AL	60
572001-7/8	N565AS	---	Unassigned
320-7/8	N517AS	---	Unassigned
83-7/8	N467AS	N423AS	30
1190-7/8	N514AS	N586AS	60
57-7/8	N722AL	N935AK	0
270-7/8	N917AK	---	Unassigned
1268-7/8	N903AK	---	Unassigned
294-7/8	N419AS	---	Unassigned
502-7/8	N949AK	---	Unassigned
113-7/8	N936AK	---	Unassigned
578-7/8	N806AK	N806AK	0
312001-7/8	N284AK	---	Unassigned
418001-7/8	N535AS	---	Unassigned
55001-7/8	N613AS	N611AS	0
1113-7/8	N479AS	---	Unassigned
406001-7/8	N291BT	---	Unassigned
568-7/8	N413AS	---	Unassigned
899-7/8	N518AS	---	Unassigned
727-7/8	N483AS	---	Unassigned
326-7/8	N703AL	---	Unassigned
48001-7/8	N947AK	---	Unassigned
442-7/8	N270AK	---	Unassigned
8-7/8	N566AS	---	Unassigned
215-7/8	N281AK	N265AK	0
65001-7/8	N607AS	---	Unassigned
798-7/8	N918AK	N738AL	270
426-7/8	N512AS	---	Unassigned
1051-7/8	N622AS	N614AS	0
149-7/8	N536AS	---	Unassigned
101-7/8	N960AK	N912AK	90
1007-7/8	N976AK	N971AK	60
72-7/8	N611AS	---	Unassigned
137-7/8	N803AK	N803AK	0
174-7/8	N562AS	N590AS	60
1108-7/8	N264AK	N478AS	0
1259-7/8	N280AK	N284AK	210
60001-7/8	N615AS	N615AS	180
23-7/8	N708AL	---	Unassigned
731-7/8	N491AS	---	Unassigned
875-7/8	N530AS	---	Unassigned
1311001-7/8	N525AS	N552AS	30
1133-7/8	N494AS	N464AS	120
378-7/8	N237AK	---	Unassigned
232-7/8	N612AS	N619AS	30
198-7/8	N268AK	N296AK	0
450001-7/8	N716AL	---	Unassigned
477-7/8	N963AK	---	Unassigned
508001-7/8	N248AK	---	Unassigned
629-7/8	N537AS	N553AS	0
505-7/8	N975AK	N738AL	0
61001-7/8	N614AS	N613AS	0
535001-7/8	N274AK	N282AK	0
62001-7/8	N579AS	N579AS	0
522001-7/8	N929AK	---	Unassigned
1256-7/8	N548AS	N546AS	30
1277-7/8	N546AS	N532AS	330
887-7/8	N732AL	---	Unassigned
480001-7/8	N977AK	N732AL	0
829-7/8	N935AK	---	Unassigned
1161-7/8	N469AS	N469AS	0
863-7/8	N593AS	N556AS	240
128-7/8	N589AS	---	Unassigned
1143-7/8	N712AL	N932AK	0
1420-7/8	N267AK	N281AK	0
1084-7/8	N587AS	---	Unassigned
807-7/8	N812AK	N812AK	0
1136-7/8	N408AS	---	Unassigned
160-7/8	N531AS	---	Unassigned
300-7/8	N962AK	---	Unassigned
216001-7/8	N474AS	---	Unassigned
385-7/8	N275AK	N292AK	0
1296-7/8	N934AK	N926AK	360
738-7/8	N921AK	N975AK	0
775-7/8	N553AS	N530AS	30
500001-7/8	N913AK	N955AK	360
637-7/8	N495AS	N453AS	0
1278-7/8	N431AS	---	Unassigned
322-7/8	N297AK	N267AK	270
1073-7/8	N961AK	N963AK	0
757-7/8	N265AK	N296AK	240
429001-7/8	N551AS	---	Unassigned
121-7/8	N946AK	N958AK	0
49-7/8	N928AK	N935AK	300
725-7/8	N260AK	---	Unassigned
818-7/8	N459AS	---	Unassigned
824-7/8	N915AK	---	Unassigned
822-7/8	N519AS	---	Unassigned
543-7/8	N983AK	N956AK	0
739-7/8	N564AS	N548AS	270
862-7/8	N941AK	---	Unassigned
1240-7/8	N971AK	---	Unassigned
891-7/8	N958AK	N955AK	0
474-7/8	N942AK	---	Unassigned
234-7/8	N722AL	N935AK	0
412001-7/8	N486AS	---	Unassigned
34-7/8	N932AK	---	Unassigned
1299-7/8	N569AS	N586AS	150
434-7/8	N938AK	---	Unassigned
65004-7/8	N607AS	---	Unassigned
104001-7/8	N731AL	N918AK	180
1010-7/8	N253AK	N462AS	240
1017-7/8	N238AK	N468AS	240
934001-7/8	N247AK	N479AS	0
63-7/8	N290AK	---	Unassigned
1174-7/8	N552AS	N532AS	30
108-7/8	N457AS	N459AS	0
904-7/8	N472AS	N413AS	30
1075-7/8	N214AK	---	Unassigned
1467-7/8	N973AK	N975AK	180
392-7/8	N513AS	N586AS	330
908-7/8	N592AS	N529AS	180
1290-7/8	N453AS	N468AS	0
1328-7/8	N618AS	N614AS	330
1112-7/8	N478AS	N448AS	180
154001-7/8	N804AK	N804AK	0
932-7/8	N281AK	N274AK	330
503-7/8	N402AS	---	Unassigned
733-7/8	N292AK	N284AK	360
900-7/8	N813AK	N813AK	0
1096-7/8	N423AS	N478AS	360
71-7/8	N710AL	N725AL	0
722-7/8	N719AL	---	Unassigned
438-7/8	N224AK	---	Unassigned
682-7/8	N433AS	N462AS	0
64-7/8	N613AS	N613AS	240
603-7/8	N609AS	---	Unassigned
817-7/8	N733AL	---	Unassigned
598-7/8	N966AK	---	Unassigned
1305-7/8	N309AS	N309AS	0
62003-7/8	N579AS	N579AS	0
43-7/8	N612AS	N619AS	30
106001-7/8	N972AK	N738AL	360
1111-7/8	N556AS	N523AS	0
1144-7/8	N805AK	N805AK	0
658-7/8	N462AS	---	Unassigned
1118-7/8	N526AS	N553AS	120
1216-7/8	N440AS	N428AS	60
1314-7/8	N974AK	---	Unassigned
325-7/8	N933AK	---	Unassigned
835-7/8	N969AK	N926AK	90
843-7/8	N809AK	N809AK	0
641-7/8	N298AK	N283AK	30
61003-7/8	N614AS	N613AS	0
1114-7/8	N707AL	N707AL	0
1137-7/8	N577AS	---	Unassigned
352-7/8	N956AK	N956AK	240
137001-7/8	N803AK	N803AK	0
555-7/8	N924AK	N928AK	0
65002-7/8	N607AS	---	Unassigned
1018-7/8	N597AS	N552AS	60
330-7/8	N806AK	N806AK	0
494001-7/8	N479AS	N423AS	330
864-7/8	N593AS	N556AS	240
100-7/8	N277AK	N274AK	0
740-7/8	N514AS	N548AS	30
14-7/8	N508AS	---	Unassigned
405-7/8	N272AK	N290AK	360
291-7/8	N487AS	---	Unassigned
475-7/8	N912AK	---	Unassigned
1150001-7/8	N294AK	N265AK	0
366-7/8	N596AS	N596AS	0
102-7/8	N960AK	N912AK	120
697001-7/8	N464AS	N459AS	300
175-7/8	N549AS	N549AS	0
1281-7/8	N494AS	N464AS	150
280-7/8	N985AK	---	Unassigned
25-7/8	N236AK	---	Unassigned
407-7/8	N979AK	---	Unassigned
620001-7/8	N525AS	---	Unassigned
312-7/8	N284AK	---	Unassigned
140-7/8	N457AS	N459AS	0
415-7/8	N273AK	N270AK	180
1038-7/8	N622AS	N614AS	0
74-7/8	N611AS	---	Unassigned
1011-7/8	N253AK	N462AS	240
20-7/8	N589AS	---	Unassigned
388001-7/8	N706AL	N947AK	0
266-7/8	N931AK	---	Unassigned
1016-7/8	N238AK	N468AS	240
304-7/8	N953AK	---	Unassigned
808-7/8	N529AS	---	Unassigned
1061-7/8	N564AS	N548AS	270
909-7/8	N592AS	N529AS	210
934-7/8	N247AK	N479AS	30
6-7/8	N590AS	---	Unassigned
297-7/8	N713AL	---	Unassigned
418-7/8	N535AS	---	Unassigned
700-7/8	N918AK	N716AL	150
1132-7/8	N435AS	N479AS	180
357001-7/8	N586AS	N596AS	270
229001-7/8	N982AK	N953AK	270
154-7/8	N804AK	N804AK	0
114-7/8	N409AS	---	Unassigned
419-7/8	N285AK	N268AK	0
549-7/8	N964AK	N947AK	300
95-7/8	N615AS	---	Unassigned
162-7/8	N467AS	N423AS	0
410-7/8	N724AL	---	Unassigned
1097-7/8	N264AK	N478AS	0
31-7/8	N477AS	---	Unassigned
313-7/8	N287AK	N287AK	330
840-7/8	N570AS	---	Unassigned
62002-7/8	N579AS	N579AS	0
1159-7/8	N587AS	N514AS	270
432-7/8	N709AL	---	Unassigned
898-7/8	N720AL	---	Unassigned
1006-7/8	N976AK	N971AK	60
2-7/8	N537AS	---	Unassigned
61-7/8	N614AS	N613AS	0
534-7/8	N955AK	---	Unassigned
905-7/8	N472AS	N413AS	30
732-7/8	N491AS	---	Unassigned
3-7/8	N538AS	---	Unassigned
535-7/8	N274AK	N282AK	30
676-7/8	N265AK	N296AK	240
1198-7/8	N947AK	N918AK	300
1315-7/8	N712AL	N932AK	0
1319-7/8	N492AS	---	Unassigned
122-7/8	N946AK	N958AK	0
65-7/8	N607AS	---	Unassigned
773-7/8	N546AS	---	Unassigned
1300-7/8	N280AK	---	Unassigned
1083-7/8	N975AK	---	Unassigned
582-7/8	N548AS	N546AS	30
518-7/8	N949AK	---	Unassigned
44-7/8	N612AS	N619AS	30
756-7/8	N921AK	N952AK	300
1297-7/8	N934AK	---	Unassigned
1238-7/8	N469AS	N469AS	0
1269-7/8	N903AK	---	Unassigned
64001-7/8	N613AS	N613AS	240
1242001-7/8	N431AS	---	Unassigned
507-7/8	N734AL	---	Unassigned
66-7/8	N536AS	N590AS	210
19-7/8	N283AK	---	Unassigned
778-7/8	N961AK	N952AK	90
462-7/8	N527AS	---	Unassigned
836-7/8	N408AS	N469AS	180
946-7/8	N971AK	N963AK	0
601-7/8	N813AK	N813AK	0
92-7/8	N974AK	N928AK	150
1235-7/8	N569AS	N556AS	240
103-7/8	N562AS	N590AS	60
16-7/8	N968AK	---	Unassigned
1247-7/8	N618AS	N614AS	330
734-7/8	N292AK	N284AK	360
58-7/8	N290AK	---	Unassigned
396-7/8	N275AK	N292AK	0
9-7/8	N532AS	---	Unassigned
290-7/8	N723AL	---	Unassigned
1225-7/8	N478AS	N469AS	330
389-7/8	N403AS	---	Unassigned
646-7/8	N512AS	---	Unassigned
1204-7/8	N268AK	N281AK	360
1160-7/8	N973AK	---	Unassigned
301-7/8	N954AK	---	Unassigned
1287-7/8	N969AK	---	Unassigned
894-7/8	N557AS	---	Unassigned
480-7/8	N977AK	N732AL	0
517-7/8	N282AK	N275AK	210
569-7/8	N413AS	---	Unassigned
89-7/8	N619AS	N615AS	360
1100-7/8	N593AS	N514AS	0
1358-7/8	N440AS	N428AS	90
131-7/8	N495AS	N462AS	270
947-7/8	N597AS	N552AS	60
572-7/8	N565AS	---	Unassigned
1191-7/8	N552AS	N523AS	270
485-7/8	N468AS	---	Unassigned
929-7/8	N514AS	N552AS	330
1046-7/8	N251AK	N453AS	0
1147-7/8	N581AS	---	Unassigned
868-7/8	N588AS	---	Unassigned
783-7/8	N483AS	---	Unassigned
406-7/8	N291BT	---	Unassigned
697-7/8	N464AS	N459AS	300
397-7/8	N517AS	---	Unassigned
176-7/8	N710AL	N725AL	0
509-7/8	N253AK	N468AS	240
1279-7/8	N428AS	---	Unassigned
860-7/8	N926AK	---	Unassigned
226-7/8	N801AK	N801AK	0
305-7/8	N738AL	---	Unassigned
1175-7/8	N707AL	N707AL	0
293-7/8	N419AS	---	Unassigned
1086-7/8	N453AS	N453AS	360
51-7/8	N803AK	N803AK	0
450-7/8	N716AL	---	Unassigned
933-7/8	N281AK	N274AK	330
819-7/8	N978AK	---	Unassigned
67002-7/8	N592AS	N548AS	360
1135-7/8	N423AS	---	Unassigned
508-7/8	N248AK	---	Unassigned
1257-7/8	N531AS	N523AS	0
634-7/8	N462AS	---	Unassigned
600-7/8	N407AS	N413AS	90
460-7/8	N960AK	---	Unassigned
522-7/8	N929AK	---	Unassigned
N579AS_SEA-22:47/01:47	N579AS	N579AS	0
975-7/8	N719AL	N716AL	270
1052001-7/8	N958AK	---	Unassigned
1030-7/8	N556AS	N553AS	360
500-7/8	N913AK	N955AK	360
571-7/8	N481AS	N479AS	240
56-7/8	N434AS	---	Unassigned
1421-7/8	N267AK	N281AK	0
64003-7/8	N613AS	N613AS	240
443-7/8	N270AK	---	Unassigned
420-7/8	N731AL	---	Unassigned
17-7/8	N936AK	---	Unassigned
216-7/8	N474AS	---	Unassigned
337001-7/8	N551AS	---	Unassigned
271-7/8	N917AK	---	Unassigned
326001-7/8	N703AL	---	Unassigned
99-7/8	N609AS	N615AS	0
7-7/8	N566AS	---	Unassigned
348-7/8	N238AK	---	Unassigned
744-7/8	N494AS	---	Unassigned
1396-7/8	N260AK	---	Unassigned
1119-7/8	N526AS	N553AS	120
962-7/8	N309AS	N309AS	0
1138-7/8	N804AK	N804AK	0
1167-7/8	N805AK	N805AK	0
181-7/8	N553AS	N530AS	0
445-7/8	N433AS	N448AS	300
492-7/8	N983AK	---	Unassigned
379-7/8	N237AK	---	Unassigned
66001-7/8	N536AS	N590AS	240
1150-7/8	N294AK	N265AK	0
201-7/8	N928AK	N935AK	270
317-7/8	N513AS	N586AS	330
1042001-7/8	N577AS	N529AS	180
1092-7/8	N298AK	N282AK	150
561-7/8	N518AS	---	Unassigned
941-7/8	N288AK	---	Unassigned
287-7/8	N963AK	---	Unassigned
334-7/8	N942AK	---	Unassigned
155-7/8	N612AS	N619AS	30
151001-7/8	N619AS	---	Unassigned
412-7/8	N486AS	---	Unassigned
590-7/8	N247AK	N459AS	360
1019-7/8	N971AK	N963AK	30
591-7/8	N435AS	N448AS	60
86-7/8	N607AS	N619AS	300
720-7/8	N611AS	N611AS	0
1125-7/8	N563AS	N532AS	180
88-7/8	N619AS	N615AS	360
620-7/8	N525AS	N556AS	330
106-7/8	N972AK	N738AL	360
435-7/8	N297AK	N267AK	270
688-7/8	N402AS	---	Unassigned
1146-7/8	N622AS	N614AS	360
157-7/9	N615AS	---	Unassigned
1214-7/9	N472AS	---	Unassigned
1321-7/9	N564AS	N523AS	360
439-7/9	N224AK	---	Unassigned
64004-7/9	N613AS	N613AS	240
369-7/9	N962AK	---	Unassigned
844-7/9	N530AS	---	Unassigned
225-7/9	N708AL	N963AK	180
1468-7/9	N924AK	N928AK	330
1301-7/9	N493AS	N428AS	360
821-7/9	N560AS	---	Unassigned
597-7/9	N966AK	---	Unassigned
355-7/9	N459AS	---	Unassigned
213-7/9	N938AK	---	Unassigned
269-7/9	N408AS	---	Unassigned
41-7/9	N932AK	---	Unassigned
611-7/9	N918AK	N912AK	300
134-7/9	N442AS	N462AS	360
339-7/9	N956AK	N956AK	240
1122-7/9	N469AS	N413AS	360
1176-7/9	N587AS	---	Unassigned
291001-7/9	N487AS	---	Unassigned
896-7/9	N732AL	---	Unassigned
N707AL_SEA-00:34/04:34	N707AL	N707AL	0
806-7/9	N935AK	---	Unassigned
376-7/9	N933AK	N958AK	0
1370-7/9	N921AK	---	Unassigned
1202-7/9	N813AK	N813AK	0
94-7/9	N974AK	N928AK	150
494-7/9	N479AS	N423AS	300
278-7/9	N712AL	N932AK	0
398-7/9	N941AK	---	Unassigned
97-7/9	N618AS	N611AS	330
788-7/9	N812AK	N812AK	0
382-7/9	N290AK	N290AK	330
960-7/9	N277AK	N270AK	240
599-7/9	N961AK	N725AL	300
353-7/9	N597AS	---	Unassigned
1229-7/9	N546AS	---	Unassigned
1455-7/9	N934AK	---	Unassigned
229-7/9	N982AK	N953AK	300
735-7/9	N947AK	N918AK	330
538-7/9	N272AK	---	Unassigned
78-7/9	N478AS	---	Unassigned
1295-7/9	N514AS	N552AS	0
372-7/9	N214AK	N283AK	0
357-7/9	N586AS	N596AS	270
1048001-7/9	N440AS	N464AS	30
424-7/9	N457AS	---	Unassigned
730-7/9	N292AK	---	Unassigned
1140-7/9	N265AK	N265AK	120
1163-7/9	N548AS	N546AS	30
632-7/9	N919AK	N912AK	0
1098-7/9	N431AS	---	Unassigned
1107-7/9	N969AK	N732AL	330
1062-7/9	N946AK	N975AK	0
564-7/9	N467AS	---	Unassigned
66003-7/9	N536AS	N590AS	270
662-7/9	N491AS	---	Unassigned
472-7/9	N976AK	---	Unassigned
1131-7/9	N569AS	N546AS	240
964-7/9	N309AS	N309AS	0
1397-7/9	N280AK	N282AK	270
241-7/9	N274AK	---	Unassigned
1047-7/9	N251AK	N453AS	0
510-7/9	N253AK	N468AS	240
1093-7/9	N973AK	N932AK	180
50-7/9	N803AK	N803AK	0
182001-7/9	N553AS	N530AS	30
1085-7/9	N593AS	---	Unassigned
1294-7/9	N268AK	N281AK	360
67001-7/9	N592AS	N548AS	360
823-7/9	N464AS	---	Unassigned
1031-7/9	N556AS	N553AS	360
805-7/9	N719AL	N971AK	30
779-7/9	N481AS	N413AS	120
77-7/9	N615AS	---	Unassigned
69001-7/9	N273AK	N296AK	210
1310-7/9	N284AK	N284AK	300
550-7/9	N964AK	N947AK	270
386-7/9	N710AL	---	Unassigned
64002-7/9	N613AS	N613AS	240
409-7/9	N724AL	N958AK	210
391-7/9	N275AK	N292AK	0
513-7/9	N955AK	---	Unassigned
839-7/9	N535AS	---	Unassigned
523-7/9	N433AS	N448AS	300
338-7/9	N264AK	---	Unassigned
45-7/9	N562AS	N530AS	150
1280-7/9	N428AS	N469AS	360
478-7/9	N975AK	N725AL	0
1104-7/9	N552AS	N579AS	0
84-7/9	N928AK	N935AK	270
1054-7/9	N423AS	N428AS	30
939-7/9	N581AS	---	Unassigned
1028-7/9	N912AK	---	Unassigned
1087-7/9	N453AS	N453AS	360
155001-7/9	N612AS	N619AS	30
1318001-7/9	N706AL	---	Unassigned
801-7/9	N579AS	---	Unassigned
151-7/9	N619AS	---	Unassigned
525-7/9	N931AK	N707AL	360
1199-7/9	N952AK	N926AK	90
1203-7/9	N531AS	N579AS	210
87-7/9	N607AS	N619AS	300
1052-7/9	N958AK	N975AK	150
1168-7/9	N971AK	N732AL	30
1215-7/9	N448AS	N464AS	180
1139-7/9	N804AK	N804AK	0
177-7/9	N549AS	N549AS	0
579-7/9	N805AK	N805AK	0
1042-7/9	N577AS	N529AS	210
205-7/9	N309AS	N309AS	30
721-7/9	N611AS	N611AS	0
1288-7/9	N519AS	---	Unassigned
719-7/9	N563AS	N532AS	210
965-7/9	N277AK	N270AK	240
403-7/9	N407AS	N479AS	180
193-7/9	N293AK	N273AK	0
1158-7/9	N512AS	N546AS	360
1327-7/9	N949AK	---	Unassigned
167-7/9	N984AK	---	Unassigned
1194-7/9	N285AK	N287AK	330
66002-7/9	N536AS	N590AS	300
136-7/9	N801AK	N801AK	0
827-7/9	N495AS	---	Unassigned
1224-7/9	N294AK	---	Unassigned
1005-7/9	N236AK	N478AS	90
141-7/9	N494AS	---	Unassigned
1004-7/9	N435AS	N469AS	180
780-7/9	N281AK	N270AK	360
1156-7/9	N979AK	---	Unassigned
1321001-7/9	N564AS	N523AS	360
67003-7/9	N592AS	N548AS	360
1034-7/9	N974AK	---	Unassigned
642-7/9	N985AK	---	Unassigned
268-7/9	N553AS	---	Unassigned
228-7/9	N434AS	N464AS	360
729-7/9	N713AL	---	Unassigned
1110-7/9	N622AS	N614AS	360
70-7/9	N609AS	N615AS	240
922-7/9	N247AK	N478AS	180
644-7/9	N961AK	---	Unassigned
133-7/9	N525AS	---	Unassigned
1067-7/9	N469AS	---	Unassigned
46-7/9	N562AS	N530AS	180
1264-7/9	N570AS	N532AS	360
774-7/9	N813AK	N813AK	0
444-7/9	N493AS	N478AS	330
91-7/9	N529AS	N529AS	330
622-7/9	N803AK	N803AK	0
282-7/9	N924AK	N928AK	300
307-7/9	N419AS	---	Unassigned
69-7/9	N273AK	N296AK	240
1040-7/9	N973AK	N955AK	360
1162-7/9	N569AS	N552AS	90
436-7/9	N720AL	N952AK	60
197001-7/9	N588AS	N514AS	0
67-7/9	N592AS	N548AS	360
980-7/9	N972AK	N707AL	0
736-7/9	N613AS	---	Unassigned
314-7/9	N707AL	---	Unassigned
547-7/9	N433AS	N428AS	330
728-7/9	N593AS	---	Unassigned
1152-7/9	N594AS	N553AS	360
1039-7/9	N913AK	N953AK	360
315-7/9	N277AK	N274AK	210
545-7/9	N253AK	N462AS	360
380-7/9	N468AS	N468AS	210
1230-7/9	N556AS	N596AS	330
1020-7/9	N431AS	N413AS	300
919-7/9	N918AK	---	Unassigned
36-7/9	N734AL	---	Unassigned
115-7/9	N947AK	N947AK	360
138-7/9	N708AL	N963AK	180
374-7/9	N706AL	---	Unassigned
344-7/9	N527AS	N579AS	270
192-7/9	N618AS	N611AS	330
22-7/9	N282AK	N268AK	0
455-7/9	N236AK	N459AS	180
259-7/9	N581AS	N552AS	210
161-7/9	N251AK	---	Unassigned
924-7/9	N287AK	N275AK	180
959-7/9	N563AS	N586AS	270
1057-7/9	N723AL	N707AL	300
185-7/9	N453AS	N453AS	360
360-7/9	N477AS	N448AS	210
119-7/9	N224AK	N423AS	270
498-7/9	N586AS	N523AS	360
394-7/9	N716AL	N716AL	90
340-7/9	N956AK	N956AK	240
70001-7/9	N609AS	---	Unassigned
490-7/9	N926AK	N926AK	90
400-7/9	N487AS	N479AS	210
367-7/9	N978AK	N932AK	90
59-7/9	N562AS	N530AS	180
423-7/9	N958AK	N958AK	240
328-7/9	N942AK	N918AK	240
536-7/9	N506AS	---	Unassigned
427-7/9	N953AK	N912AK	180
112-7/9	N949AK	N738AL	210
452-7/9	N964AK	N725AL	150
464-7/9	N920AK	N975AK	120
144-7/9	N564AS	N556AS	150
1227-7/9	N724AL	---	Unassigned
172-7/9	N296AK	N273AK	120
164-7/9	N928AK	N935AK	120
109-7/9	N592AS	---	Unassigned
880-7/9	N809AK	N809AK	0
810-7/9	N560AS	---	Unassigned
558-7/9	N733AL	---	Unassigned
828-7/9	N464AS	---	Unassigned
814-7/9	N719AL	---	Unassigned
826-7/9	N535AS	---	Unassigned
1029-7/9	N912AK	N971AK	0
