===== Copy Generation Summary =====
#Iter       TotalGen  ind(reg)  mul(reg)  ind(csc)  mul(csc) TotalUsed  ind(reg)  mul(reg)  ind(csc)  mul(csc)            obj
    1            443       359         0        84         0       186       166         0        20         0      9.891e+08
    2            448       342         0       106         0       229       192         0        37         0      8.473e+08
    3            446       407         0        39         0       228       211         0        17         0      5.569e+08
    4            446       399         0        47         0       250       232         0        18         0      5.015e+08
    5            446       401         0        45         0       248       235         0        13         0       4.48e+08
    6            446       386         0        60         0       239       202         0        37         0      4.067e+08
    7            446       411         0        35         0       257       245         0        12         0      3.765e+08
    8            446       391         0        55         0       252       242         0        10         0      3.532e+08
    9            446       402         0        44         0       266       252         0        14         0      3.327e+08
   10            446       412         0        34         0       256       248         0         8         0      3.077e+08
   11            446       398         0        48         0       229       221         0         8         0      2.818e+08
   12            446       380         0        66         0       264       239         0        25         0      2.642e+08
   13            444       386         0        58         0       239       224         0        15         0      2.448e+08
   14            443       382         0        61         0       243       224         0        19         0      2.301e+08
   15            440       373         0        67         0       236       206         0        30         0      2.157e+08
   16            445       404         0        41         0       252       228         0        24         0      2.008e+08
   17            441       363         0        78         0       235       201         0        34         0      1.857e+08
   18            442       394         0        48         0       245       232         0        13         0      1.781e+08
   19            443       400         0        43         0       239       231         0         8         0      1.637e+08
   20            440       392         0        48         0       226       215         0        11         0      1.525e+08
   21            434       363         0        71         0       241       234         0         7         0      1.446e+08
   22            438       390         0        48         0       249       219         0        30         0      1.384e+08
   23            432       376         0        56         0       195       186         0         9         0      1.308e+08
   24            436       403         0        33         0       236       218         0        18         0       1.23e+08
   25            436       372         0        64         0       225       202         0        23         0      1.186e+08
   26            434       396         0        38         0       251       239         0        12         0       1.12e+08
   27            428       394         0        34         0       237       225         0        12         0      1.083e+08
   28            428       405         0        23         0       255       247         0         8         0      1.029e+08
   29            424       413         0        11         0       256       252         0         4         0      1.002e+08
   30            424       404         0        20         0       294       286         0         8         0      9.771e+07
   31            424       387         0        37         0       246       224         0        22         0      9.705e+07
   32            426       408         0        18         0       271       264         0         7         0      9.577e+07
   33            427       389         0        38         0       232       224         0         8         0      9.417e+07
   34            425       402         0        23         0       232       228         0         4         0      9.223e+07
   35            427       395         0        32         0       278       271         0         7         0      9.003e+07
   36            424       396         0        28         0       228       224         0         4         0      8.876e+07
   37            424       380         0        44         0       210       206         0         4         0      8.829e+07
   38            424       354         0        70         0       232       225         0         7         0       8.76e+07
   39            424       380         0        44         0       214       200         0        14         0      8.567e+07
   40            423       383         0        40         0       232       218         0        14         0      8.387e+07
   41            423       383         0        40         0       236       224         0        12         0      8.313e+07
   42            422       388         0        34         0       239       231         0         8         0      8.192e+07
   43            424       373         0        51         0       219       203         0        16         0       8.12e+07
   44            424       376         0        48         0       216       205         0        11         0      8.059e+07
   45            422       369         0        53         0       212       201         0        11         0      8.024e+07
   46            420       336         0        84         0       217       181         0        36         0      7.993e+07
   47            422       372         0        50         0       229       224         0         5         0      7.963e+07
   48            418       355         0        63         0       193       171         0        22         0      7.924e+07
   49            442       358         0        84         0       178       178         0         0         0      7.906e+07
   50            423       324         0        99         0       185       179         0         6         0      7.906e+07
   51            419       357         0        62         0       199       187         0        12         0      7.906e+07
   52            423       338         0        85         0       202       194         0         8         0      7.902e+07
   53            419       309         0       110         0       175       168         0         7         0      7.882e+07
   54            412       293         0       119         0       178       150         0        28         0      7.854e+07
   55            416       346         0        70         0       208       187         0        21         0      7.807e+07
   56            411       359         0        52         0       218       211         0         7         0      7.787e+07
   57            409       296         0       113         0       184       171         0        13         0      7.755e+07
   58            413       338         0        75         0       208       189         0        19         0      7.722e+07
   59            405       291         0       114         0       189       156         0        33         0      7.689e+07
   60            401       315         0        86         0       170       162         0         8         0      7.665e+07
   61            404       336         0        68         0       163       157         0         6         0       7.64e+07
   62            398       269         0       129         0       192       156         0        36         0       7.63e+07
   63            393       322         0        71         0       178       169         0         9         0      7.611e+07
   64            396       348         0        48         0       177       162         0        15         0        7.6e+07
   65            388       278         0       110         0       150       141         0         9         0      7.587e+07
   66            386       301         0        85         0       191       172         0        19         0      7.571e+07
   67            377       276         0       101         0       137       119         0        18         0      7.551e+07
   68            380       326         0        54         0       163       155         0         8         0      7.531e+07
   69            379       305         0        74         0       158       147         0        11         0      7.519e+07
   70            389       321         0        68         0       187       180         0         7         0      7.509e+07
   71            368       309         0        59         0       163       159         0         4         0      7.497e+07
   72            373       276         0        97         0       141       131         0        10         0      7.481e+07
   73            365       254         0       111         0       154       140         0        14         0      7.464e+07
   74            370       323         0        47         0       199       194         0         5         0      7.447e+07
   75            364       292         0        72         0       168       159         0         9         0      7.441e+07
   76            371       249         0       122         0       118       111         0         7         0      7.434e+07
   77            362       231         0       131         0       116       103         0        13         0      7.423e+07
   78            363       280         0        83         0       193       175         0        18         0      7.401e+07
   79            348       253         0        95         0       159       145         0        14         0      7.397e+07
   80            353       238         0       115         0       121       114         0         7         0      7.389e+07
   81            353       259         0        94         0       125       119         0         6         0      7.382e+07
   82            334       228         0       106         0       116       106         0        10         0      7.377e+07
   83            332       232         0       100         0       115       108         0         7         0      7.372e+07
   84            325       226         0        99         0       152       140         0        12         0      7.369e+07
   85            336       233         0       103         0       113        99         0        14         0      7.365e+07
   86            328       225         0       103         0       108       101         0         7         0      7.358e+07
   87            312       229         0        83         0       114       105         0         9         0      7.352e+07
   88            291       199         0        92         0        92        77         0        15         0      7.346e+07
   89            306       214         0        92         0        98        97         0         1         0       7.34e+07
   90            313       199         0       114         0        71        67         0         4         0      7.329e+07
   91            302       200         0       102         0        77        71         0         6         0      7.321e+07
   92            282       150         0       132         0        68        52         0        16         0      7.313e+07
   93            262       165         0        97         0        72        62         0        10         0      7.299e+07
   94            234       160         0        74         0        62        57         0         5         0       7.29e+07
   95            204       150         0        54         0        63        54         0         9         0      7.283e+07
   96            211       149         0        62         0        50        42         0         8         0      7.272e+07
   97            220       148         0        72         0        39        36         0         3         0       7.27e+07
   98            190       116         0        74         0        53        50         0         3         0      7.261e+07
   99            196       137         0        59         0        65        62         0         3         0      7.256e+07
  100            163       107         0        56         0        44        35         0         9         0      7.253e+07
  101            141        87         0        54         0        25        22         0         3         0      7.251e+07
  102            142       100         0        42         0        31        27         0         4         0      7.245e+07
  103            153       132         0        21         0        70        70         0         0         0      7.244e+07
  104            110        68         0        42         0        15        13         0         2         0      7.244e+07
  105            146        96         0        50         0        25        22         0         3         0       7.24e+07
  106             90        54         0        36         0        18        16         0         2         0      7.237e+07
  107             91        59         0        32         0        15        14         0         1         0      7.235e+07
  108             95        65         0        30         0        19        17         0         2         0      7.235e+07
  109             79        45         0        34         0         2         2         0         0         0      7.233e+07
  110             62        41         0        21         0        10        10         0         0         0      7.232e+07
  111             56        33         0        23         0         5         3         0         2         0      7.229e+07
