===== Copy Generation Summary =====
#Iter       TotalGen  ind(reg)  mul(reg)  ind(csc)  mul(csc) TotalUsed  ind(reg)  mul(reg)  ind(csc)  mul(csc)            obj
    1            442       341         0       101         0       200       180         0        20         0      6.143e+08
    2            446       410         0        36         0       227       214         0        13         0      4.687e+08
    3            446       363         0        83         0       243       197         0        46         0      4.083e+08
    4            446       397         0        49         0       231       207         0        24         0      3.738e+08
    5            445       388         0        57         0       246       225         0        21         0      3.354e+08
    6            446       387         0        59         0       232       207         0        25         0       3.08e+08
    7            446       344         0       102         0       232       204         0        28         0      2.929e+08
    8            443       404         0        39         0       241       232         0         9         0      2.712e+08
    9            444       413         0        31         0       233       227         0         6         0      2.477e+08
   10            446       423         0        23         0       246       240         0         6         0      2.275e+08
   11            445       418         0        27         0       235       224         0        11         0      2.082e+08
   12            441       375         0        66         0       249       231         0        18         0      1.905e+08
   13            438       395         0        43         0       244       225         0        19         0       1.76e+08
   14            431       344         0        87         0       235       186         0        49         0      1.604e+08
   15            429       411         0        18         0       229       223         0         6         0      1.494e+08
   16            430       402         0        28         0       260       245         0        15         0      1.323e+08
   17            428       403         0        25         0       246       235         0        11         0      1.197e+08
   18            429       409         0        20         0       234       228         0         6         0      1.092e+08
   19            428       346         0        82         0       215       176         0        39         0      1.005e+08
   20            428       396         0        32         0       231       222         0         9         0      9.297e+07
   21            426       372         0        54         0       227       212         0        15         0      8.797e+07
   22            429       402         0        27         0       277       269         0         8         0      8.187e+07
   23            427       412         0        15         0       242       239         0         3         0      7.528e+07
   24            425       380         0        45         0       235       229         0         6         0      6.641e+07
   25            425       388         0        37         0       248       231         0        17         0      5.948e+07
   26            429       410         0        19         0       237       230         0         7         0      5.443e+07
   27            425       380         0        45         0       242       229         0        13         0      4.786e+07
   28            425       389         0        36         0       232       213         0        19         0      4.211e+07
   29            428       382         0        46         0       231       206         0        25         0      3.683e+07
   30            428       387         0        41         0       250       232         0        18         0      3.196e+07
   31            424       370         0        54         0       230       214         0        16         0       2.78e+07
   32            424       379         0        45         0       213       205         0         8         0      2.577e+07
   33            425       398         0        27         0       235       226         0         9         0      2.416e+07
   34            424       381         0        43         0       182       175         0         7         0      2.205e+07
   35            424       394         0        30         0       241       237         0         4         0      2.083e+07
   36            424       391         0        33         0       236       216         0        20         0      1.934e+07
   37            425       374         0        51         0       227       216         0        11         0      1.874e+07
   38            424       360         0        64         0       205       180         0        25         0       1.79e+07
   39            426       370         0        56         0       209       203         0         6         0      1.716e+07
   40            422       387         0        35         0       205       198         0         7         0       1.65e+07
   41            424       351         0        73         0       214       210         0         4         0      1.601e+07
   42            424       320         0       104         0       178       164         0        14         0      1.573e+07
   43            423       364         0        59         0       238       214         0        24         0      1.528e+07
   44            426       385         0        41         0       194       189         0         5         0      1.488e+07
   45            418       375         0        43         0       222       208         0        14         0      1.469e+07
   46            419       351         0        68         0       192       182         0        10         0      1.444e+07
   47            418       372         0        46         0       198       191         0         7         0      1.425e+07
   48            409       356         0        53         0       194       186         0         8         0      1.401e+07
   49            412       330         0        82         0       181       167         0        14         0      1.364e+07
   50            406       351         0        55         0       222       211         0        11         0      1.327e+07
   51            399       280         0       119         0       167       142         0        25         0      1.294e+07
   52            404       332         0        72         0       174       165         0         9         0      1.274e+07
   53            402       356         0        46         0       158       152         0         6         0      1.247e+07
   54            398       306         0        92         0       139       120         0        19         0      1.243e+07
   55            398       334         0        64         0       216       210         0         6         0      1.223e+07
   56            384       318         0        66         0       140       136         0         4         0      1.211e+07
   57            389       322         0        67         0       179       170         0         9         0      1.183e+07
   58            383       354         0        29         0       218       212         0         6         0       1.17e+07
   59            380       314         0        66         0       182       177         0         5         0      1.158e+07
   60            380       304         0        76         0       170       157         0        13         0       1.14e+07
   61            375       327         0        48         0       197       194         0         3         0      1.119e+07
   62            367       309         0        58         0       151       140         0        11         0      1.101e+07
   63            371       277         0        94         0       126       122         0         4         0      1.095e+07
   64            373       289         0        84         0       148       140         0         8         0      1.078e+07
   65            367       296         0        71         0       142       131         0        11         0      1.066e+07
   66            368       254         0       114         0       159       133         0        26         0      1.048e+07
   67            366       256         0       110         0       118       108         0        10         0      1.037e+07
   68            368       286         0        82         0       133       126         0         7         0      1.019e+07
   69            367       262         0       105         0       132       118         0        14         0      1.009e+07
   70            372       265         0       107         0       157       142         0        15         0      9.888e+06
   71            372       274         0        98         0       159       141         0        18         0      9.722e+06
   72            368       269         0        99         0        93        86         0         7         0      9.631e+06
   73            366       289         0        77         0       149       141         0         8         0      9.524e+06
   74            366       265         0       101         0       155       146         0         9         0      9.402e+06
   75            374       291         0        83         0       157       152         0         5         0      9.286e+06
   76            374       258         0       116         0       127       121         0         6         0      9.245e+06
   77            367       287         0        80         0       107        98         0         9         0      9.083e+06
   78            365       293         0        72         0       122       120         0         2         0      8.909e+06
   79            357       264         0        93         0       143       139         0         4         0      8.815e+06
   80            373       299         0        74         0       162       149         0        13         0        8.7e+06
   81            357       286         0        71         0       135       134         0         1         0      8.647e+06
   82            365       238         0       127         0        93        78         0        15         0      8.602e+06
   83            370       339         0        31         0       187       178         0         9         0      8.508e+06
   84            351       239         0       112         0       113        89         0        24         0      8.458e+06
   85            350       247         0       103         0       131       112         0        19         0      8.379e+06
   86            361       263         0        98         0       130       117         0        13         0      8.234e+06
   87            359       245         0       114         0        90        76         0        14         0      8.214e+06
   88            372       286         0        86         0       115       109         0         6         0      8.077e+06
   89            340       255         0        85         0        93        84         0         9         0      7.975e+06
   90            329       253         0        76         0       111        94         0        17         0      7.892e+06
   91            316       237         0        79         0        86        77         0         9         0      7.833e+06
   92            290       188         0       102         0        71        62         0         9         0      7.783e+06
   93            272       178         0        94         0        72        66         0         6         0      7.709e+06
   94            251       185         0        66         0        55        44         0        11         0       7.64e+06
   95            266       186         0        80         0        55        51         0         4         0       7.57e+06
   96            242       184         0        58         0       106       100         0         6         0      7.494e+06
   97            274       203         0        71         0        65        63         0         2         0      7.486e+06
   98            328       242         0        86         0        75        73         0         2         0       7.42e+06
   99            228       162         0        66         0        76        75         0         1         0      7.387e+06
  100            223       179         0        44         0        70        61         0         9         0      7.385e+06
  101            219       166         0        53         0        62        52         0        10         0       7.37e+06
  102            210       161         0        49         0        56        53         0         3         0      7.328e+06
  103            207       149         0        58         0        51        45         0         6         0      7.305e+06
  104            201       156         0        45         0        74        67         0         7         0       7.24e+06
  105            186       151         0        35         0        66        66         0         0         0      7.183e+06
  106            186       150         0        36         0        72        71         0         1         0      7.154e+06
  107            195       167         0        28         0        88        87         0         1         0       7.14e+06
  108            171       150         0        21         0        50        49         0         1         0      7.134e+06
  109            174       141         0        33         0        36        36         0         0         0      7.104e+06
  110            181       139         0        42         0        78        78         0         0         0      7.075e+06
  111            170       132         0        38         0        59        59         0         0         0      7.075e+06
  112            172       137         0        35         0        47        40         0         7         0      7.069e+06
  113            162       132         0        30         0        68        65         0         3         0       7.06e+06
  114            160       131         0        29         0        54        54         0         0         0       7.05e+06
  115            161       132         0        29         0        39        39         0         0         0      7.028e+06
  116            154       101         0        53         0        38        31         0         7         0      6.982e+06
  117            156       107         0        49         0        45        42         0         3         0      6.968e+06
  118            155       107         0        48         0        42        33         0         9         0      6.935e+06
  119            152       105         0        47         0        19        18         0         1         0      6.916e+06
  120            149       101         0        48         0        45        37         0         8         0      6.856e+06
  121            144       106         0        38         0        29        28         0         1         0      6.849e+06
  122            153       120         0        33         0        21        18         0         3         0      6.762e+06
  123            137        98         0        39         0        16        12         0         4         0      6.732e+06
  124            123        86         0        37         0        22        21         0         1         0       6.71e+06
  125            104        69         0        35         0        23        19         0         4         0      6.669e+06
  126            166       144         0        22         0        45        45         0         0         0      6.663e+06
  127             86        64         0        22         0        10         9         0         1         0      6.663e+06
  128            117        86         0        31         0        17        16         0         1         0       6.63e+06
  129             96        68         0        28         0         8         8         0         0         0      6.612e+06
  130             71        52         0        19         0         8         4         0         4         0      6.584e+06
  131            164       153         0        11         0        73        72         0         1         0      6.574e+06
  132             62        42         0        20         0         8         8         0         0         0      6.574e+06
  133             54        42         0        12         0         5         4         0         1         0      6.573e+06
  134             43        38         0         5         0         1         1         0         0         0      6.559e+06
  135             48        42         0         6         0         4         4         0         0         0      6.551e+06
  136             42        36         0         6         0         4         4         0         0         0       6.55e+06
  137             43        36         0         7         0         4         4         0         0         0       6.55e+06
  138             47        38         0         9         0         7         6         0         1         0      6.539e+06
  139             40        33         0         7         0         1         1         0         0         0      6.539e+06
  140             38        33         0         5         0         1         1         0         0         0      6.538e+06
  141             37        31         0         6         0         2         2         0         0         0      6.538e+06
  142             35        29         0         6         0         0         0         0         0         0      6.538e+06
