111-7/7	N731AL	N731AL	-NA-
542-7/7	N442AS	N442AS	-NA-
168-7/7	N307AS	N307AS	-NA-
148-7/7	N613AS	N613AS	-NA-
150-7/7	N409AS	N409AS	-NA-
110-7/7	N812AK	N812AK	-NA-
54-7/7	N483AS	N483AS	-NA-
302-7/7	N518AS	N518AS	-NA-
42-7/7	N453AS	N453AS	-NA-
336-7/7	N961AK	N961AK	-NA-
156-7/7	N935AK	N935AK	-NA-
377-7/7	N724AL	N724AL	-NA-
546-7/7	N487AS	N487AS	-NA-
351-7/7	N926AK	N926AK	-NA-
446-7/7	N423AS	N423AS	-NA-
942-7/7	N474AS	N474AS	-NA-
627-7/7	N291BT	N291BT	-NA-
21-7/7	N525AS	N525AS	-NA-
381-7/7	N952AK	N952AK	-NA-
1021-7/7	N723AL	N723AL	-NA-
573-7/7	N938AK	N938AK	-NA-
548-7/7	N734AL	N734AL	-NA-
453-7/7	N464AS	N464AS	-NA-
316-7/7	N491AS	N491AS	-NA-
361-7/7	N958AK	N958AK	-NA-
299-7/7	N975AK	N975AK	-NA-
395-7/7	N984AK	N984AK	-NA-
459-7/7	N440AS	N440AS	-NA-
242-7/7	N448AS	N448AS	-NA-
308-7/7	N733AL	N733AL	-NA-
920-7/7	N435AS	N435AS	-NA-
387-7/7	N960AK	N960AK	-NA-
473-7/7	N292AK	N292AK	-NA-
563-7/7	N712AL	N712AL	-NA-
349-7/7	N519AS	N519AS	-NA-
289-7/7	N273AK	N273AK	-NA-
1-7/7	N536AS	N536AS	-NA-
495-7/7	N983AK	N983AK	-NA-
413-7/7	N268AK	N268AK	-NA-
643-7/7	N471AS	N471AS	-NA-
383-7/7	N285AK	N285AK	-NA-
341-7/7	N710AL	N710AL	-NA-
451-7/7	N977AK	N977AK	-NA-
458-7/7	N719AL	N719AL	-NA-
595-7/7	N973AK	N973AK	-NA-
737-7/7	N968AK	N968AK	-NA-
303-7/7	N967AK	N967AK	-NA-
541-7/7	N265AK	N265AK	-NA-
428-7/7	N729AL	N729AL	-NA-
260-7/7	N577AS	N577AS	-NA-
15-7/7	N523AS	N523AS	-NA-
1091-7/7	N920AK	N920AK	-NA-
491-7/7	N809AK	N809AK	-NA-
981-7/7	N552AS	N552AS	-NA-
188-7/7	N403AS	N403AS	-NA-
373-7/7	N708AL	N708AL	-NA-
966-7/7	N596AS	N596AS	-NA-
799-7/7	N506AS	N506AS	-NA-
408-7/7	N434AS	N434AS	-NA-
701-7/7	N557AS	N557AS	-NA-
1109-7/7	N532AS	N532AS	-NA-
1316-7/7	N579AS	N579AS	-NA-
186-7/7	N607AS	N607AS	-NA-
683-7/7	N275AK	N275AK	-NA-
132-7/7	N467AS	N467AS	-NA-
173-7/7	N565AS	N565AS	-NA-
375-7/7	N214AK	N214AK	-NA-
1293-7/7	N514AS	N514AS	-NA-
N483AS_SEA-13:00/17:00	N483AS	N483AS	-NA-
433-7/7	N982AK	N982AK	-NA-
943-7/7	N284AK	N284AK	-NA-
499-7/7	N928AK	N928AK	-NA-
593-7/7	N618AS	N618AS	-NA-
1217-7/7	N947AK	N947AK	-NA-
1265-7/7	N956AK	N956AK	-NA-
30-7/7	N966AK	N966AK	-NA-
68-7/7	N953AK	N953AK	-NA-
537-7/7	N248AK	N248AK	-NA-
533-7/7	N298AK	N298AK	-NA-
298-7/7	N974AK	N974AK	-NA-
1325-7/7	N564AS	N564AS	-NA-
623-7/7	N803AK	N803AK	-NA-
55-7/7	N611AS	N611AS	-NA-
210-7/7	N526AS	N526AS	-NA-
5-7/7	N590AS	N590AS	-NA-
65003-7/7	N613AS	N613AS	-NA-
1082-7/7	N812AK	N812AK	-NA-
963-7/7	N477AS	N477AS	-NA-
1181-7/7	N556AS	N556AS	-NA-
35-7/7	N472AS	N472AS	-NA-
931-7/7	N609AS	N609AS	-NA-
82-7/7	N731AL	N731AL	-NA-
1298-7/7	N553AS	N553AS	-NA-
790-7/7	N569AS	N569AS	-NA-
618-7/7	N705AL	N705AL	-NA-
1130-7/7	N469AS	N469AS	-NA-
61002-7/7	N619AS	N619AS	-NA-
73001-7/7	N622AS	N622AS	-NA-
1136001-7/7	N594AS	N594AS	-NA-
358-7/7	N290AK	N290AK	-NA-
917-7/7	N720AL	N720AL	-NA-
365-7/7	N442AS	N442AS	-NA-
1124-7/7	N537AS	N537AS	-NA-
281-7/7	N294AK	N294AK	-NA-
368-7/7	N716AL	N716AL	-NA-
1151-7/7	N535AS	N535AS	-NA-
1041-7/7	N402AS	N402AS	-NA-
869-7/7	N529AS	N529AS	-NA-
393-7/7	N593AS	N593AS	-NA-
85-7/7	N924AK	N924AK	-NA-
504-7/7	N929AK	N929AK	-NA-
1076-7/7	N934AK	N934AK	-NA-
1226-7/7	N954AK	N954AK	-NA-
831-7/7	N963AK	N963AK	-NA-
797-7/7	N964AK	N964AK	-NA-
745-7/7	N921AK	N921AK	-NA-
511-7/7	N806AK	N806AK	-NA-
974-7/7	N492AS	N492AS	-NA-
24-7/7	N969AK	N969AK	-NA-
399-7/7	N972AK	N972AK	-NA-
1239-7/7	N915AK	N915AK	-NA-
1101-7/7	N913AK	N913AK	-NA-
1258-7/7	N236AK	N236AK	-NA-
284-7/7	N912AK	N912AK	-NA-
784-7/7	N978AK	N978AK	-NA-
1043-7/7	N738AL	N738AL	-NA-
512-7/7	N247AK	N247AK	-NA-
324-7/7	N413AS	N413AS	-NA-
1193-7/7	N936AK	N936AK	-NA-
526-7/7	N581AS	N581AS	-NA-
1089-7/7	N280AK	N280AK	-NA-
645-7/7	N520AS	N520AS	-NA-
430-7/7	N493AS	N493AS	-NA-
1154-7/7	N941AK	N941AK	-NA-
249-7/7	N713AL	N713AL	-NA-
18-7/7	N481AS	N481AS	-NA-
1148-7/7	N516AS	N516AS	-NA-
1063-7/7	N459AS	N459AS	-NA-
912-7/7	N813AK	N813AK	-NA-
1074-7/7	N238AK	N238AK	-NA-
248-7/7	N919AK	N919AK	-NA-
139-7/7	N287AK	N287AK	-NA-
1228-7/7	N976AK	N976AK	-NA-
62-7/7	N586AS	N586AS	-NA-
292-7/7	N431AS	N431AS	-NA-
606-7/7	N457AS	N457AS	-NA-
516-7/7	N284AK	N284AK	-NA-
867-7/7	N518AS	N518AS	-NA-
329-7/7	N274AK	N274AK	0
1290001-7/7	N272AK	N272AK	0
1306-7/7	N968AK	N968AK	0
10-7/7	N560AS	N560AS	0
1410-7/7	N433AS	N433AS	0
79-7/7	N596AS	N596AS	0
196-7/7	N592AS	N592AS	0
479-7/7	N288AK	N288AK	0
1179-7/7	N805AK	N805AK	0
648-7/7	N453AS	N453AS	0
1149-7/7	N587AS	N587AS	0
366001-7/7	N517AS	N517AS	0
890-7/7	N508AS	N508AS	0
26-7/7	N419AS	N419AS	0
555001-7/7	N707AL	N707AL	0
682001-7/7	N935AK	N935AK	0
142-7/7	N462AS	N462AS	0
916-7/7	N942AK	N942AK	0
825-7/7	N706AL	N706AL	0
231-7/7	N549AS	N549AS	0
1166-7/7	N928AK	N928AK	0
233-7/7	N495AS	N495AS	0
405001-7/7	N513AS	N513AS	0
1255-7/7	N486AS	N486AS	0
60-7/7	N615AS	N615AS	0
47-7/7	N478AS	N478AS	0
90-7/7	N282AK	N282AK	0
1071-7/7	N538AS	N538AS	0
414-7/7	N958AK	N958AK	0
165-7/7	N531AS	N531AS	0
1169-7/7	N530AS	N530AS	0
214-7/7	N962AK	N962AK	0
306-7/7	N709AL	N709AL	0
305001-7/7	N467AS	N467AS	0
612-7/7	N309AS	N309AS	0
1254-7/7	N277AK	N277AK	0
227-7/7	N933AK	N933AK	0
313001-7/7	N253AK	N253AK	0
560-7/7	N512AS	N512AS	0
613-7/7	N918AK	N918AK	0
388-7/7	N947AK	N947AK	13
4-7/7	N804AK	N804AK	0
73-7/7	N622AS	N622AS	0
N464AS_SEA-15:40/18:40	N464AS	N464AS	0
390-7/7	N932AK	N932AK	0
402-7/7	N494AS	N494AS	0
718-7/7	N725AL	N725AL	0
572001-7/7	N270AK	N270AK	0
294-7/7	N260AK	N260AK	0
320-7/7	N597AS	N597AS	0
83-7/7	N237AK	N237AK	0
57-7/7	N267AK	N267AK	0
270-7/7	N732AL	N732AL	0
1190-7/7	N527AS	N527AS	0
1268-7/7	N408AS	N408AS	0
502-7/7	N471AS	N471AS	0
113-7/7	N251AK	N251AK	0
578-7/7	N990AK	N990AK	0
312001-7/7	N938AK	N938AK	0
418001-7/7	N552AS	N552AS	0
55001-7/7	N611AS	N611AS	0
1113-7/7	N931AK	N931AK	0
406001-7/7	N724AL	N724AL	12
899-7/7	N568AS	N568AS	0
568-7/7	N474AS	N474AS	0
727-7/7	N477AS	N477AS	0
326-7/7	N487AS	N487AS	0
442-7/7	N448AS	N448AS	0
215-7/7	N318AS	N318AS	0
8-7/7	N581AS	N581AS	0
65001-7/7	N613AS	N613AS	0
426-7/7	N548AS	N548AS	0
149-7/7	N506AS	N506AS	0
798-7/7	N409AS	N409AS	0
1051-7/7	N607AS	N607AS	0
101-7/7	N491AS	N491AS	0
1007-7/7	N738AL	N738AL	0
137-7/7	N592AS	N592AS	0
72-7/7	N609AS	N614AS	0
1080-7/7	N712AL	N712AL	0
174-7/7	N514AS	N514AS	0
1108-7/7	N292AK	N292AK	0
731-7/7	N224AK	N224AK	0
1259-7/7	N813AK	N813AK	0
60001-7/7	N615AS	N615AS	0
23-7/7	N293AK	N293AK	352
48-7/7	N546AS	N546AS	0
875-7/7	N535AS	N535AS	0
1311-7/7	N954AK	N954AK	0
378-7/7	N952AK	N952AK	0
232-7/7	N549AS	N549AS	0
1133-7/7	N920AK	N920AK	0
198-7/7	N612AS	N612AS	0
450001-7/7	N960AK	N960AK	0
477-7/7	N734AL	N734AL	0
796-7/7	N493AS	N493AS	0
508001-7/7	N722AL	N722AL	0
629-7/7	N913AK	N913AK	0
505-7/7	N956AK	N949AK	0
61001-7/7	N619AS	N619AS	0
62001-7/7	N586AS	N586AS	0
522001-7/7	N423AS	N423AS	0
535001-7/7	N291BT	N291BT	16
1277-7/7	N553AS	N553AS	0
1256-7/7	N435AS	N435AS	64
887-7/7	N926AK	N926AK	0
480001-7/7	N921AK	N921AK	5
829-7/7	N723AL	N723AL	0
1161-7/7	N459AS	N459AS	0
128-7/7	N280AK	N280AK	0
863-7/7	N537AS	N537AS	0
1084-7/7	N556AS	N556AS	0
1143-7/7	N961AK	N961AK	0
1420-7/7	N433AS	N433AS	0
807-7/7	N570AS	N570AS	0
1136-7/7	N594AS	N594AS	0
160-7/7	N565AS	N565AS	0
300-7/7	N492AS	N492AS	0
216001-7/7	N403AS	N403AS	0
738-7/7	N296AK	N296AK	0
385-7/7	N593AS	N593AS	0
1296-7/7	N268AK	N268AK	0
775-7/7	N618AS	N618AS	0
500001-7/7	N402AS	N402AS	0
637-7/7	N915AK	N915AK	0
1278-7/7	N973AK	N973AK	0
322-7/7	N236AK	N236AK	0
429-7/7	N462AS	N407AS	0
1073-7/7	N469AS	N469AS	0
757-7/7	N806AK	N806AK	0
121-7/7	N265AK	N265AK	0
49-7/7	N557AS	N557AS	0
725-7/7	N903AK	N903AK	0
818-7/7	N936AK	N936AK	0
543-7/7	N809AK	N809AK	0
824-7/7	N917AK	N917AK	310
862-7/7	N703AL	N703AL	322
739-7/7	N812AK	N812AK	0
822-7/7	N562AS	N562AS	306
1240-7/7	N964AK	N964AK	0
891-7/7	N434AS	N434AS	318
474-7/7	N238AK	N238AK	0
234-7/7	N267AK	N267AK	317
412001-7/7	N984AK	N984AK	0
34-7/7	N285AK	N285AK	0
434-7/7	N918AK	N918AK	0
1299-7/7	N516AS	N516AS	0
65004-7/7	N613AS	N613AS	0
1010-7/7	N486AS	N486AS	0
1017-7/7	N710AL	N710AL	0
934001-7/7	N731AL	N731AL	0
63-7/7	N977AK	N977AK	0
1174-7/7	N519AS	N519AS	0
108-7/7	N622AS	N622AS	0
904-7/7	N983AK	N983AK	0
1075-7/7	N928AK	N928AK	0
1467-7/7	N725AL	N725AL	0
392-7/7	N967AK	N967AK	0
908-7/7	N564AS	N563AS	0
1290-7/7	N272AK	N272AK	0
1112-7/7	N525AS	N525AS	0
1328-7/7	N705AL	N705AL	0
154001-7/7	N526AS	N526AS	0
104-7/7	N924AK	N924AK	296
503-7/7	N247AK	N247AK	301
932-7/7	N919AK	N919AK	2
733-7/7	N440AS	N440AS	0
900-7/7	N520AS	N520AS	0
1096-7/7	N729AL	N729AL	0
71-7/7	N288AK	N288AK	0
722-7/7	N318AS	N318AS	0
438-7/7	N282AK	N282AK	0
682-7/7	N935AK	N935AK	312
64-7/7	N611AS	N611AS	0
603-7/7	N457AS	N457AS	242
817-7/7	N941AK	N941AK	0
1305-7/7	N968AK	N968AK	261
598-7/7	N719AL	N719AL	0
62003-7/7	N586AS	N586AS	0
43-7/7	N549AS	N549AS	0
785-7/7	N309AS	N309AS	316
1111-7/7	N277AK	N277AK	142
106001-7/7	N929AK	N929AK	0
1118-7/7	N587AS	N587AS	0
658-7/7	N275AK	N275AK	0
1144-7/7	N805AK	N805AK	0
1216-7/7	N536AS	N536AS	0
1314-7/7	N283AK	N283AK	230
325-7/7	N413AS	N413AS	0
835-7/7	N733AL	N733AL	0
843-7/7	N530AS	N530AS	0
641-7/7	N453AS	N453AS	280
61003-7/7	N619AS	N619AS	0
1114-7/7	N931AK	N931AK	0
1137-7/7	N523AS	N523AS	350
352-7/7	N214AK	N214AK	0
137001-7/7	N592AS	N592AS	0
555-7/7	N707AL	N707AL	165
65002-7/7	N613AS	N613AS	0
330-7/7	N990AK	N990AK	0
1018-7/7	N538AS	N538AS	0
494001-7/7	N478AS	N478AS	0
864-7/7	N537AS	N537AS	0
100-7/7	N596AS	N596AS	350
740-7/7	N527AS	N527AS	0
14-7/7	N577AS	N577AS	0
405-7/7	N513AS	N513AS	322
291-7/7	N972AK	N972AK	0
475-7/7	N978AK	N978AK	0
1150001-7/7	N442AS	N442AS	0
366-7/7	N517AS	N517AS	0
102-7/7	N491AS	N491AS	306
697001-7/7	N976AK	N976AK	0
175-7/7	N294AK	N294AK	0
1281-7/7	N920AK	N920AK	306
25-7/7	N966AK	N966AK	0
280-7/7	N974AK	N974AK	168
1081-7/7	N712AL	N712AL	348
407-7/7	N508AS	N508AS	11
620001-7/7	N281AK	N281AK	0
312-7/7	N938AK	N938AK	306
140-7/7	N622AS	N622AS	0
415-7/7	N958AK	N958AK	266
1038-7/7	N607AS	N607AS	181
74-7/7	N609AS	N614AS	315
1011-7/7	N486AS	N486AS	323
388001-7/7	N947AK	N947AK	70
20-7/7	N708AL	N708AL	0
1016-7/7	N710AL	N710AL	95
304-7/7	N290AK	N290AK	132
266-7/7	N953AK	N953AK	0
934-7/7	N731AL	N731AL	0
808-7/7	N529AS	N529AS	158
1061-7/7	N812AK	N812AK	345
909-7/7	N564AS	N563AS	262
6-7/7	N590AS	N590AS	0
297-7/7	N912AK	N912AK	0
418-7/7	N552AS	N552AS	268
229001-7/7	N551AS	N551AS	0
700-7/7	N298AK	N274AK	0
357001-7/7	N248AK	N248AK	0
1132-7/7	N409AS	N409AS	0
154-7/7	N526AS	N526AS	182
114-7/7	N969AK	N969AK	0
419-7/7	N716AL	N716AL	130
162-7/7	N237AK	N237AK	287
95-7/7	N615AS	N615AS	0
549-7/7	N464AS	N464AS	0
1097-7/7	N292AK	N292AK	15
31-7/7	N481AS	N481AS	110
410-7/7	N493AS	N493AS	0
313-7/7	N253AK	N253AK	195
840-7/7	N569AS	N569AS	148
62002-7/7	N586AS	N586AS	313
189-7/7	N913AK	N913AK	0
1159-7/7	N556AS	N556AS	0
432-7/7	N472AS	N472AS	0
898-7/7	N963AK	N963AK	0
1006-7/7	N738AL	N738AL	300
2-7/7	N813AK	N813AK	0
61-7/7	N619AS	N619AS	0
534-7/7	N280AK	N280AK	0
732-7/7	N224AK	N224AK	0
905-7/7	N983AK	N983AK	301
3-7/7	N560AS	N560AS	120
535-7/7	N291BT	N291BT	300
676-7/7	N806AK	N806AK	310
1315-7/7	N961AK	N961AK	0
1198-7/7	N274AK	N272AK	295
1319-7/7	N713AL	N713AL	0
122-7/7	N265AK	N265AK	0
65-7/7	N613AS	N613AS	0
1300-7/7	N720AL	N720AL	350
582-7/7	N435AS	N435AS	300
1083-7/7	N956AK	N949AK	306
773-7/7	N553AS	N553AS	0
44-7/7	N549AS	N549AS	0
518-7/7	N471AS	N471AS	0
756-7/7	N296AK	N296AK	0
1297-7/7	N268AK	N268AK	0
1238-7/7	N459AS	N459AS	0
1269-7/7	N408AS	N408AS	0
64001-7/7	N611AS	N611AS	0
1242-7/7	N973AK	N973AK	302
507-7/7	N962AK	N962AK	0
66-7/7	N506AS	N506AS	0
19-7/7	N419AS	N419AS	0
836-7/7	N964AK	N964AK	0
462-7/7	N431AS	N431AS	76
946-7/7	N469AS	N469AS	0
778-7/7	N594AS	N594AS	0
601-7/7	N520AS	N520AS	331
92-7/7	N546AS	N546AS	0
1235-7/7	N516AS	N516AS	0
103-7/7	N514AS	N514AS	0
16-7/7	N928AK	N928AK	323
1247-7/7	N705AL	N705AL	322
734-7/7	N440AS	N440AS	306
107-7/7	N955AK	N955AK	0
58-7/7	N977AK	N977AK	300
290-7/7	N495AS	N495AS	0
9-7/7	N804AK	N804AK	0
396-7/7	N593AS	N593AS	0
389-7/7	N709AL	N709AL	0
1225-7/7	N525AS	N525AS	306
646-7/7	N548AS	N548AS	0
1204-7/7	N612AS	N612AS	0
480-7/7	N921AK	N921AK	191
894-7/7	N518AS	N518AS	0
1160-7/7	N733AL	N733AL	10
1287-7/7	N725AL	N725AL	0
301-7/7	N942AK	N942AK	0
517-7/7	N284AK	N284AK	40
569-7/7	N474AS	N474AS	60
89-7/7	N592AS	N592AS	0
1100-7/7	N537AS	N537AS	5
1358-7/7	N536AS	N536AS	306
131-7/7	N915AK	N915AK	242
947-7/7	N538AS	N538AS	0
572-7/7	N270AK	N270AK	64
1191-7/7	N519AS	N519AS	252
485-7/7	N494AS	N494AS	60
929-7/7	N527AS	N527AS	0
1046-7/7	N272AK	N277AK	232
868-7/7	N512AS	N512AS	0
183-7/7	N531AS	N531AS	0
783-7/7	N477AS	N477AS	0
397-7/7	N597AS	N597AS	0
697-7/7	N976AK	N976AK	309
406-7/7	N724AL	N724AL	60
509-7/7	N710AL	N710AL	95
176-7/7	N288AK	N288AK	258
1279-7/7	N948AK	N948AK	0
N809AK_SEA-22:17/03:17	N809AK	N809AK	0
305-7/7	N467AS	N467AS	0
226-7/7	N287AK	N287AK	190
860-7/7	N706AL	N706AL	60
1175-7/7	N931AK	N931AK	86
293-7/7	N260AK	N260AK	0
1086-7/7	N283AK	N283AK	215
51-7/7	N803AK	N803AK	0
450-7/7	N960AK	N960AK	85
933-7/7	N919AK	N919AK	199
819-7/7	N932AK	N932AK	0
67002-7/7	N564AS	N564AS	0
1135-7/7	N729AL	N729AL	209
508-7/7	N722AL	N722AL	85
1257-7/7	N565AS	N563AS	262
634-7/7	N275AK	N275AK	0
600-7/7	N920AK	N920AK	318
460-7/7	N267AK	N267AK	317
522-7/7	N423AS	N423AS	72
1284-7/7	N309AS	N307AS	196
975-7/7	N318AS	N318AS	188
1030-7/7	N968AK	N968AK	252
571-7/7	N933AK	N933AK	0
1052001-7/7	N731AL	N731AL	0
500-7/7	N402AS	N402AS	85
602-7/7	N277AK	N298AK	191
56-7/7	N297AK	N297AK	160
1421-7/7	N433AS	N433AS	0
443-7/7	N448AS	N448AS	3
64003-7/7	N611AS	N611AS	0
17-7/7	N251AK	N251AK	0
420-7/7	N935AK	N935AK	307
337-7/7	N462AS	N407AS	86
271-7/7	N732AL	N732AL	0
216-7/7	N403AS	N403AS	60
326001-7/7	N487AS	N487AS	0
99-7/7	N457AS	N457AS	242
7-7/7	N581AS	N581AS	0
348-7/7	N486AS	N486AS	301
744-7/7	N491AS	N491AS	301
1396-7/7	N903AK	N903AK	0
1119-7/7	N587AS	N587AS	200
962-7/7	N954AK	N979AK	357
1138-7/7	N526AS	N526AS	176
1167-7/7	N990AK	N990AK	0
445-7/7	N924AK	N954AK	52
492-7/7	N975AK	N975AK	291
379-7/7	N952AK	N952AK	0
66001-7/7	N506AS	N506AS	0
1150-7/7	N442AS	N442AS	186
201-7/7	N618AS	N618AS	0
317-7/7	N967AK	N967AK	85
1042001-7/7	N523AS	N523AS	343
1092-7/7	N712AL	N712AL	342
561-7/7	N568AS	N568AS	0
941-7/7	N434AS	N434AS	335
287-7/7	N734AL	N734AL	0
334-7/7	N238AK	N238AK	0
155-7/7	N549AS	N549AS	0
151001-7/7	N514AS	N514AS	0
412-7/7	N984AK	N984AK	0
590-7/7	N453AS	N453AS	258
1019-7/7	N469AS	N469AS	220
591-7/7	N409AS	N409AS	186
86-7/7	N613AS	N613AS	0
720-7/7	N609AS	N609AS	0
1125-7/7	N812AK	N812AK	343
88-7/7	N592AS	N592AS	0
620-7/7	N281AK	N281AK	130
106-7/7	N929AK	N929AK	85
1146-7/7	N607AS	N607AS	181
435-7/7	N236AK	N236AK	0
688-7/7	N983AK	N924AK	241
157-7/8	N615AS	N615AS	0
1214-7/8	N247AK	N247AK	296
1321-7/8	N596AS	N565AS	172
64004-7/8	N611AS	N611AS	0
439-7/8	N282AK	N282AK	7
369-7/8	N492AS	N492AS	0
1301-7/8	N483AS	N428AS	120
791-7/8	N535AS	N535AS	0
1468-7/8	N293AK	N293AK	345
225-7/8	N707AL	N707AL	165
821-7/8	N532AS	N532AS	0
597-7/8	N719AL	N719AL	0
213-7/8	N918AK	N918AK	0
355-7/8	N936AK	N936AK	0
182-7/8	N531AS	N531AS	0
269-7/8	N964AK	N964AK	0
41-7/8	N285AK	N285AK	0
611-7/8	N298AK	N274AK	85
1122-7/8	N961AK	N961AK	0
339-7/8	N214AK	N214AK	0
1176-7/8	N296AK	N268AK	5
134-7/8	N294AK	N294AK	60
291001-7/8	N972AK	N972AK	0
896-7/8	N926AK	N926AK	0
806-7/8	N723AL	N723AL	0
376-7/8	N413AS	N413AS	0
94-7/8	N546AS	N546AS	0
1370-7/8	N265AK	N265AK	0
1202-7/8	N525AS	N594AS	320
494-7/8	N478AS	N478AS	7
97-7/8	N705AL	N705AL	310
278-7/8	N556AS	N556AS	0
398-7/8	N703AL	N703AL	300
856-7/8	N570AS	N570AS	0
382-7/8	N586AS	N586AS	257
960-7/8	N917AK	N917AK	287
599-7/8	N594AS	N594AS	90
353-7/8	N538AS	N538AS	0
229-7/8	N551AS	N551AS	15
1455-7/8	N268AK	N296AK	0
1229-7/8	N553AS	N553AS	85
735-7/8	N274AK	N272AK	289
538-7/8	N956AK	N956AK	0
1295-7/8	N527AS	N527AS	0
78-7/8	N931AK	N931AK	125
372-7/8	N435AS	N435AS	299
357-7/8	N248AK	N248AK	4
1098-7/8	N292AK	N292AK	1
632-7/8	N513AS	N513AS	296
1163-7/8	N520AS	N520AS	291
730-7/8	N973AK	N973AK	271
1140-7/8	N536AS	N536AS	286
424-7/8	N440AS	N440AS	271
1107-7/8	N725AL	N725AL	0
1062-7/8	N459AS	N459AS	0
66003-7/8	N506AS	N506AS	0
662-7/8	N224AK	N224AK	0
564-7/8	N291BT	N291BT	265
1131-7/8	N516AS	N516AS	0
472-7/8	N976AK	N976AK	274
1397-7/8	N720AL	N946AK	0
964-7/8	N954AK	N979AK	358
1048-7/8	N806AK	N806AK	286
241-7/8	N237AK	N237AK	285
1047-7/8	N272AK	N277AK	223
510-7/8	N710AL	N710AL	90
50-7/8	N803AK	N803AK	0
1093-7/8	N733AL	N733AL	60
1085-7/8	N537AS	N537AS	5
1294-7/8	N612AS	N612AS	0
67001-7/8	N564AS	N564AS	0
1031-7/8	N968AK	N968AK	248
823-7/8	N947AK	N947AK	95
805-7/8	N738AL	N919AK	245
143-7/8	N913AK	N913AK	0
779-7/8	N933AK	N933AK	0
69001-7/8	N622AS	N622AS	0
77-7/8	N615AS	N615AS	0
550-7/8	N464AS	N464AS	0
1310-7/8	N958AK	N958AK	234
386-7/8	N562AS	N562AS	253
776-7/8	N275AK	N275AK	0
64002-7/8	N611AS	N611AS	85
409-7/8	N493AS	N493AS	0
391-7/8	N593AS	N593AS	0
839-7/8	N517AS	N517AS	15
513-7/8	N280AK	N280AK	0
523-7/8	N924AK	N954AK	78
338-7/8	N977AK	N977AK	247
45-7/8	N592AS	N592AS	0
1280-7/8	N948AK	N948AK	0
478-7/8	N938AK	N938AK	235
1104-7/8	N552AS	N552AS	220
1065-7/8	N309AS	N307AS	200
939-7/8	N508AS	N508AS	5
84-7/8	N618AS	N618AS	0
1087-7/8	N283AK	N283AK	211
1028-7/8	N978AK	N978AK	0
155001-7/8	N549AS	N549AS	0
801-7/8	N519AS	N519AS	221
151-7/8	N514AS	N514AS	0
105-7/8	N288AK	N288AK	236
525-7/8	N953AK	N953AK	0
1199-7/8	N982AK	N982AK	0
1318-7/8	N955AK	N955AK	0
1203-7/8	N565AS	N563AS	259
87-7/8	N613AS	N613AS	0
1052-7/8	N731AL	N731AL	0
N963AK_PDX-02:19/05:19	N963AK	N963AK	0
1215-7/8	N934AK	N934AK	0
1168-7/8	N469AS	N469AS	185
177-7/8	N531AS	N531AS	0
1139-7/8	N526AS	N526AS	176
615-7/8	N277AK	N298AK	186
1042-7/8	N523AS	N523AS	341
579-7/8	N990AK	N990AK	0
N546AS_SEA-02:35/05:35	N546AS	N546AS	0
205-7/8	N253AK	N253AK	179
721-7/8	N609AS	N609AS	0
1288-7/8	N587AS	N587AS	184
965-7/8	N917AK	N917AK	263
719-7/8	N812AK	N812AK	319
193-7/8	N579AS	N579AS	0
403-7/8	N920AK	N920AK	274
1158-7/8	N548AS	N548AS	0
1327-7/8	N471AS	N471AS	0
167-7/8	N442AS	N468AS	70
1194-7/8	N318AS	N318AS	166
66002-7/8	N506AS	N506AS	0
136-7/8	N297AK	N297AK	160
1224-7/8	N729AL	N729AL	180
827-7/8	N915AK	N915AK	217
141-7/8	N296AK	N268AK	78
1005-7/8	N966AK	N966AK	0
1156-7/8	N409AS	N409AS	176
1004-7/8	N281AK	N281AK	151
780-7/8	N290AK	N290AK	151
1321001-7/8	N596AS	N565AS	165
67003-7/8	N564AS	N564AS	0
1289-7/8	N589AS	N589AS	0
1034-7/8	N954AK	N954AK	156
642-7/8	N949AK	N949AK	163
228-7/8	N569AS	N569AS	135
1050-7/8	N529AS	N529AS	154
N462AS_SEA-03:34/06:34	N462AS	N462AS	0
729-7/8	N912AK	N912AK	0
1192-7/8	N974AK	N974AK	113
70-7/8	N457AS	N457AS	224
1110-7/8	N607AS	N607AS	165
922-7/8	N453AS	N453AS	192
644-7/8	N716AL	N716AL	120
133-7/8	N722AL	N722AL	95
46-7/8	N592AS	N592AS	0
1067-7/8	N961AK	N961AK	0
1264-7/8	N960AK	N960AK	87
1292-7/8	N551AS	N551AS	108
272-7/8	N514AS	N514AS	0
774-7/8	N525AS	N548AS	98
444-7/8	N474AS	N474AS	45
1055-7/8	N556AS	N556AS	0
91-7/8	N809AK	N809AK	0
636-7/8	N733AL	N733AL	72
749-7/8	N983AK	N924AK	180
622-7/8	N801AK	N801AK	0
282-7/8	N985AK	N985AK	0
307-7/8	N969AK	N969AK	0
69-7/8	N622AS	N622AS	0
1040-7/8	N917AK	N917AK	263
1291-7/8	N713AL	N713AL	0
1162-7/8	N804AK	N804AK	0
803-7/8	N712AL	N720AL	132
436-7/8	N224AK	N224AK	0
728-7/8	N512AS	N512AS	0
980-7/8	N402AS	N402AS	80
736-7/8	N611AS	N611AS	60
67-7/8	N564AS	N564AS	0
547-7/8	N274AK	N274AK	70
314-7/8	N967AK	N967AK	80
1152-7/8	N929AK	N929AK	76
1039-7/8	N273AK	N287AK	70
315-7/8	N494AS	N494AS	60
545-7/8	N483AS	N483AS	15
1230-7/8	N710AL	N710AL	65
380-7/8	N270AK	N270AK	60
1201-7/8	N958AK	N958AK	209
1020-7/8	N292AK	N292AK	0
197-7/8	N612AS	N612AS	0
919-7/8	N294AK	N294AK	55
36-7/8	N709AL	N709AL	0
115-7/8	N403AS	N403AS	51
N214AK_SEA-05:07/11:07	N214AK	N214AK	0
138-7/8	N707AL	N707AL	139
374-7/8	N955AK	N955AK	0
344-7/8	N423AS	N423AS	10
570-7/8	N973AK	N973AK	198
192-7/8	N705AL	N705AL	300
22-7/8	N481AS	N481AS	19
455-7/8	N966AK	N966AK	0
259-7/8	N508AS	N508AS	0
161-7/8	N283AK	N283AK	191
924-7/8	N467AS	N467AS	0
959-7/8	N284AK	N284AK	0
1057-7/8	N963AK	N963AK	0
185-7/8	N309AS	N309AS	0
360-7/8	N952AK	N952AK	0
119-7/8	N553AS	N553AS	0
111-7/8	N956AK	N956AK	0
498-7/8	N546AS	N546AS	0
394-7/8	N724AL	N724AL	0
340-7/8	N471AS	N471AS	0
70001-7/8	N457AS	N457AS	221
490-7/8	N478AS	N478AS	0
400-7/8	N932AK	N932AK	0
367-7/8	N972AK	N972AK	0
59-7/8	N931AK	N931AK	27
423-7/8	N264AK	N264AK	0
328-7/8	N934AK	N934AK	0
536-7/8	N982AK	N982AK	0
427-7/8	N462AS	N462AS	0
112-7/8	N238AK	N238AK	0
464-7/8	N464AS	N464AS	0
1227-7/8	N248AK	N248AK	0
144-7/8	N913AK	N913AK	0
452-7/8	N487AS	N487AS	0
N525AS_SEA-07:05/13:05	N525AS	N525AS	0
N983AK_SEA-07:06/11:06	N983AK	N983AK	0
172-7/8	N288AK	N296AK	0
164-7/8	N592AS	N592AS	0
542-7/8	N589AS	N589AS	0
109-7/8	N964AK	N964AK	0
880-7/8	N530AS	N530AS	0
810-7/8	N532AS	N532AS	0
558-7/8	N538AS	N538AS	0
168-7/8	N442AS	N468AS	0
148-7/8	N569AS	N569AS	90
828-7/8	N947AK	N947AK	56
150-7/8	N705AL	N705AL	228
814-7/8	N738AL	N941AK	0
826-7/8	N517AS	N517AS	0
110-7/8	N564AS	N564AS	0
1029-7/8	N978AK	N978AK	0
54-7/8	N297AK	N297AK	20
302-7/8	N557AS	N557AS	0
42-7/8	N309AS	N309AS	0
336-7/8	N267AK	N267AK	0
156-7/8	N403AS	N403AS	21
351-7/8	N486AS	N486AS	0
377-7/8	N975AK	N975AK	0
546-7/8	N483AS	N483AS	0
446-7/8	N474AS	N474AS	0
573-7/8	N963AK	N963AK	0
453-7/8	N703AL	N703AL	0
1021-7/8	N935AK	N935AK	0
548-7/8	N274AK	N274AK	0
942-7/8	N413AS	N413AS	0
21-7/8	N928AK	N928AK	0
381-7/8	N270AK	N270AK	0
316-7/8	N494AS	N494AS	0
627-7/8	N472AS	N472AS	0
361-7/8	N977AK	N977AK	0
299-7/8	N431AS	---	Unassigned
459-7/8	N224AK	N224AK	0
395-7/8	N292AK	N292AK	0
242-7/8	N237AK	N237AK	0
308-7/8	N969AK	N969AK	0
920-7/8	N294AK	N294AK	0
387-7/8	N562AS	N562AS	0
473-7/8	N976AK	N976AK	0
563-7/8	N291BT	N291BT	0
349-7/8	N423AS	N423AS	0
289-7/8	N967AK	N967AK	27
643-7/8	N949AK	N949AK	0
1-7/8	N813AK	N813AK	0
495-7/8	N264AK	N264AK	0
413-7/8	N934AK	N934AK	0
383-7/8	N932AK	N932AK	0
341-7/8	N471AS	N471AS	0
458-7/8	N966AK	N966AK	0
451-7/8	N478AS	N478AS	0
595-7/8	N248AK	N248AK	0
303-7/8	N589AS	N589AS	0
737-7/8	N954AK	N954AK	0
541-7/8	N265AK	N265AK	0
260-7/8	N508AS	N508AS	0
428-7/8	N462AS	N462AS	0
15-7/8	N577AS	N577AS	0
373-7/8	N955AK	N955AK	0
433-7/8	N952AK	N952AK	0
799-7/8	N716AL	N716AL	0
188-7/8	N913AK	N913AK	0
186-7/8	N622AS	N622AS	0
132-7/8	N283AK	N283AK	0
1109-7/8	N560AS	N560AS	0
408-7/8	N958AK	N958AK	0
701-7/8	N512AS	N512AS	0
981-7/8	N535AS	N535AS	0
1316-7/8	N448AS	N428AS	0
966-7/8	N273AK	N287AK	0
683-7/8	N707AL	N707AL	98
491-7/8	N983AK	N983AK	0
1091-7/8	N732AL	N732AL	0
173-7/8	N731AL	N731AL	0
375-7/8	N972AK	N972AK	0
943-7/8	N467AS	N467AS	0
593-7/8	N553AS	N553AS	0
499-7/8	N433AS	N433AS	0
1265-7/8	N960AK	N960AK	0
1217-7/8	N318AS	N318AS	0
30-7/8	N236AK	N236AK	0
N530AS_SEA-13:19/16:19	N530AS	N530AS	0
537-7/8	N982AK	N982AK	0
68-7/8	N931AK	N931AK	0
533-7/8	N464AS	N464AS	0
298-7/8	N431AS	N448AS	0
623-7/8	N801AK	N801AK	0
1325-7/8	N548AS	N594AS	0
55-7/8	N613AS	N613AS	0
210-7/8	N238AK	N238AK	0
5-7/8	N590AS	N590AS	0
974-7/8	N962AK	N962AK	0
393-7/8	N275AK	N275AK	0
1151-7/8	N929AK	N929AK	0
831-7/8	N720AL	N720AL	0
399-7/8	N487AS	N487AS	0
65003-7/8	N607AS	N607AS	0
859-7/8	N570AS	N570AS	0
1239-7/8	N495AS	N495AS	0
1124-7/8	N946AK	N712AL	0
1082-7/8	N564AS	N564AS	0
963-7/8	N284AK	N284AK	0
368-7/8	N285AK	N285AK	0
284-7/8	N713AL	N713AL	0
281-7/8	N586AS	N586AS	0
358-7/8	N953AK	N953AK	0
618-7/8	N290AK	N290AK	0
931-7/8	N611AS	N611AS	0
511-7/8	N513AS	N513AS	0
504-7/8	N551AS	N551AS	0
1076-7/8	N516AS	N516AS	0
61002-7/8	N614AS	N614AS	0
917-7/8	N724AL	N724AL	0
1258-7/8	N297AK	N297AK	0
35-7/8	N709AL	N709AL	0
82-7/8	N618AS	N618AS	0
73001-7/8	N457AS	N457AS	0
1136001-7/8	N408AS	N408AS	0
1226-7/8	N525AS	N525AS	0
1101-7/8	N537AS	N537AS	0
784-7/8	N912AK	N912AK	0
24-7/8	N409AS	N409AS	0
789-7/8	N529AS	N529AS	0
1298-7/8	N546AS	N546AS	0
85-7/8	N442AS	N442AS	0
1041-7/8	N459AS	N459AS	0
1043-7/8	N536AS	N536AS	0
512-7/8	N402AS	N402AS	0
1181-7/8	N587AS	N587AS	0
1130-7/8	N961AK	N961AK	0
365-7/8	N440AS	N440AS	0
745-7/8	N592AS	N592AS	0
324-7/8	N933AK	N933AK	0
1193-7/8	N247AK	N247AK	0
526-7/8	N725AL	N725AL	0
645-7/8	N288AK	N296AK	0
1089-7/8	N593AS	N593AS	0
1154-7/8	N804AK	N804AK	0
18-7/8	N477AS	N477AS	0
912-7/8	N280AK	N280AK	0
1148-7/8	N569AS	N569AS	0
1063-7/8	N469AS	N469AS	0
249-7/8	N492AS	N492AS	0
1074-7/8	N942AK	N942AK	0
248-7/8	N956AK	N956AK	0
139-7/8	N434AS	N434AS	0
1228-7/8	N435AS	N435AS	0
62-7/8	N579AS	N579AS	0
292-7/8	N527AS	N527AS	0
516-7/8	N282AK	N282AK	0
606-7/8	N609AS	N609AS	0
867-7/8	N557AS	N557AS	0
1179-7/8	N805AK	N805AK	0
648-7/8	N298AK	N298AK	0
1290001-7/8	N453AS	N453AS	0
1306-7/8	N309AS	N309AS	0
329-7/8	N964AK	N964AK	0
10-7/8	N538AS	N538AS	0
479-7/8	N733AL	N733AL	0
1410-7/8	N260AK	N260AK	0
196-7/8	N531AS	N531AS	0
79-7/8	N277AK	N296AK	179
366001-7/8	N596AS	N596AS	0
1149-7/8	N552AS	N552AS	0
890-7/8	N979AK	N979AK	0
26-7/8	N283AK	N283AK	0
555001-7/8	N924AK	N924AK	0
682001-7/8	N433AS	N433AS	0
916-7/8	N954AK	N954AK	0
142-7/8	N253AK	N253AK	0
825-7/8	N926AK	N926AK	0
233-7/8	N723AL	N723AL	0
231-7/8	N612AS	N612AS	0
1166-7/8	N214AK	N214AK	0
405001-7/8	N272AK	N272AK	0
1255-7/8	N710AL	N710AL	0
60-7/8	N615AS	N615AS	0
90-7/8	N809AK	N809AK	0
1071-7/8	N597AS	N597AS	0
47-7/8	N549AS	N549AS	0
414-7/8	N273AK	N277AK	0
165-7/8	N520AS	N520AS	0
1169-7/8	N719AL	N719AL	0
214-7/8	N734AL	N734AL	0
306-7/8	N403AS	N403AS	0
305001-7/8	N738AL	N738AL	0
1254-7/8	N556AS	N556AS	0
313001-7/8	N287AK	N287AK	0
613-7/8	N938AK	N938AK	0
560-7/8	N588AS	N588AS	0
227-7/8	N481AS	N481AS	0
388-7/8	N706AL	N706AL	0
73-7/8	N457AS	N457AS	0
4-7/8	N532AS	N532AS	0
390-7/8	N978AK	N978AK	0
402-7/8	N468AS	N468AS	0
718-7/8	N973AK	N973AK	0
572001-7/8	N565AS	N565AS	0
1268-7/8	N903AK	N903AK	0
294-7/8	N419AS	N419AS	0
270-7/8	N917AK	N917AK	0
83-7/8	N467AS	N467AS	0
1190-7/8	N514AS	N514AS	0
57-7/8	N722AL	N722AL	0
320-7/8	N517AS	N517AS	0
502-7/8	N949AK	N949AK	0
578-7/8	N806AK	N806AK	0
113-7/8	N936AK	N936AK	0
312001-7/8	N284AK	N284AK	0
418001-7/8	N535AS	N535AS	0
55001-7/8	N613AS	N613AS	0
406001-7/8	N291BT	N291BT	2
1113-7/8	N479AS	N479AS	0
568-7/8	N413AS	N413AS	0
899-7/8	N518AS	N518AS	0
727-7/8	N483AS	N483AS	0
326-7/8	N703AL	N703AL	0
48001-7/8	N947AK	N947AK	0
442-7/8	N270AK	N270AK	0
8-7/8	N566AS	N566AS	0
215-7/8	N281AK	N281AK	0
65001-7/8	N607AS	N607AS	0
149-7/8	N536AS	N536AS	0
798-7/8	N918AK	N918AK	0
426-7/8	N512AS	N512AS	0
1051-7/8	N622AS	N622AS	0
101-7/8	N960AK	N960AK	0
1007-7/8	N976AK	N976AK	0
72-7/8	N611AS	N611AS	0
137-7/8	N803AK	N803AK	0
174-7/8	N562AS	N562AS	0
1108-7/8	N264AK	N264AK	0
731-7/8	N491AS	N491AS	0
875-7/8	N530AS	N530AS	0
60001-7/8	N615AS	N615AS	0
1311001-7/8	N525AS	N525AS	0
23-7/8	N708AL	N708AL	0
1259-7/8	N280AK	N280AK	0
1133-7/8	N494AS	N494AS	0
378-7/8	N237AK	N237AK	0
232-7/8	N612AS	N612AS	0
198-7/8	N268AK	N268AK	0
450001-7/8	N716AL	N716AL	0
477-7/8	N963AK	N963AK	0
508001-7/8	N248AK	N248AK	0
629-7/8	N537AS	N537AS	0
505-7/8	N975AK	N975AK	0
61001-7/8	N614AS	N614AS	0
62001-7/8	N579AS	N579AS	0
535001-7/8	N274AK	N274AK	0
522001-7/8	N929AK	N929AK	0
1277-7/8	N546AS	N546AS	0
1256-7/8	N548AS	N548AS	0
887-7/8	N732AL	N732AL	0
480001-7/8	N977AK	N977AK	0
829-7/8	N935AK	N935AK	0
863-7/8	N593AS	N593AS	0
1084-7/8	N587AS	N587AS	0
128-7/8	N589AS	N589AS	0
1143-7/8	N712AL	N712AL	0
1420-7/8	N267AK	N267AK	0
1161-7/8	N469AS	N469AS	0
807-7/8	N812AK	N812AK	0
1136-7/8	N408AS	N408AS	0
300-7/8	N962AK	N962AK	0
160-7/8	N531AS	N531AS	0
216001-7/8	N474AS	N474AS	0
738-7/8	N921AK	N921AK	0
1296-7/8	N934AK	N934AK	0
385-7/8	N275AK	N275AK	0
775-7/8	N553AS	N553AS	0
500001-7/8	N913AK	N913AK	0
637-7/8	N495AS	N495AS	0
1278-7/8	N431AS	N431AS	0
322-7/8	N297AK	N297AK	0
757-7/8	N265AK	N265AK	0
1073-7/8	N961AK	N961AK	0
429001-7/8	N551AS	N551AS	0
121-7/8	N946AK	N946AK	0
725-7/8	N260AK	N260AK	0
49-7/8	N928AK	N928AK	0
818-7/8	N459AS	N459AS	0
862-7/8	N941AK	N919AK	0
824-7/8	N915AK	N915AK	0
822-7/8	N519AS	N519AS	0
543-7/8	N983AK	N983AK	0
739-7/8	N564AS	N564AS	0
1240-7/8	N971AK	N971AK	0
891-7/8	N958AK	N958AK	0
474-7/8	N942AK	N942AK	0
234-7/8	N722AL	N722AL	0
34-7/8	N932AK	N932AK	0
412001-7/8	N486AS	N486AS	0
1299-7/8	N569AS	N569AS	0
434-7/8	N938AK	N938AK	0
65004-7/8	N607AS	N607AS	0
104001-7/8	N731AL	N731AL	0
63-7/8	N290AK	N290AK	0
934001-7/8	N247AK	N247AK	0
1017-7/8	N238AK	N238AK	0
1010-7/8	N253AK	N253AK	0
1174-7/8	N552AS	N552AS	4
108-7/8	N457AS	N457AS	0
904-7/8	N472AS	N472AS	0
1075-7/8	N214AK	N214AK	0
1467-7/8	N973AK	N973AK	0
392-7/8	N513AS	N513AS	0
1290-7/8	N453AS	N453AS	0
908-7/8	N592AS	N592AS	0
1328-7/8	N618AS	N618AS	0
1112-7/8	N478AS	N478AS	0
154001-7/8	N804AK	N804AK	0
503-7/8	N402AS	N402AS	0
932-7/8	N281AK	N281AK	0
733-7/8	N292AK	N292AK	0
900-7/8	N813AK	N813AK	0
1096-7/8	N423AS	N423AS	0
71-7/8	N710AL	N710AL	0
722-7/8	N719AL	N920AK	0
438-7/8	N224AK	N224AK	0
682-7/8	N433AS	N433AS	0
64-7/8	N613AS	N613AS	0
603-7/8	N609AS	N609AS	0
598-7/8	N966AK	N966AK	0
1305-7/8	N309AS	N309AS	0
817-7/8	N733AL	N733AL	0
62003-7/8	N579AS	N579AS	0
43-7/8	N612AS	N612AS	0
1111-7/8	N556AS	N556AS	0
658-7/8	N462AS	N462AS	0
1144-7/8	N805AK	N805AK	0
1118-7/8	N526AS	N526AS	0
106001-7/8	N972AK	N972AK	17
1216-7/8	N440AS	N440AS	0
1314-7/8	N974AK	N974AK	0
835-7/8	N969AK	N969AK	0
325-7/8	N933AK	N933AK	0
843-7/8	N809AK	N809AK	0
641-7/8	N298AK	N298AK	0
61003-7/8	N614AS	N614AS	0
1114-7/8	N707AL	N984AK	0
1137-7/8	N577AS	N577AS	0
352-7/8	N956AK	N956AK	0
137001-7/8	N803AK	N803AK	0
555-7/8	N924AK	N924AK	0
65002-7/8	N607AS	N607AS	0
330-7/8	N806AK	N806AK	0
1018-7/8	N597AS	N597AS	0
494001-7/8	N479AS	N479AS	0
864-7/8	N593AS	N593AS	0
100-7/8	N277AK	N288AK	0
14-7/8	N508AS	N508AS	0
740-7/8	N514AS	N514AS	0
405-7/8	N272AK	N272AK	0
291-7/8	N487AS	N487AS	0
475-7/8	N912AK	N912AK	0
1150001-7/8	N294AK	N294AK	0
366-7/8	N596AS	N596AS	0
697001-7/8	N464AS	N464AS	0
102-7/8	N960AK	N960AK	0
175-7/8	N549AS	N549AS	0
1281-7/8	N494AS	N494AS	0
280-7/8	N985AK	N985AK	0
25-7/8	N236AK	N236AK	0
407-7/8	N979AK	N979AK	0
620001-7/8	N525AS	N525AS	0
312-7/8	N284AK	N284AK	0
140-7/8	N457AS	N457AS	0
415-7/8	N273AK	N277AK	0
1038-7/8	N622AS	N622AS	0
74-7/8	N611AS	N611AS	0
1011-7/8	N253AK	N253AK	0
20-7/8	N589AS	N589AS	0
388001-7/8	N706AL	N706AL	0
304-7/8	N953AK	N953AK	0
1016-7/8	N238AK	N238AK	0
266-7/8	N931AK	N931AK	0
934-7/8	N247AK	N247AK	0
808-7/8	N529AS	N529AS	0
909-7/8	N592AS	N592AS	0
1061-7/8	N564AS	N564AS	0
6-7/8	N590AS	N590AS	0
418-7/8	N535AS	N535AS	0
297-7/8	N713AL	N713AL	0
1132-7/8	N435AS	N435AS	0
357001-7/8	N586AS	N586AS	0
700-7/8	N918AK	N918AK	0
229001-7/8	N982AK	N982AK	0
154-7/8	N804AK	N804AK	0
114-7/8	N409AS	N409AS	0
419-7/8	N285AK	N285AK	0
549-7/8	N964AK	N964AK	0
162-7/8	N467AS	N467AS	0
95-7/8	N615AS	N615AS	0
31-7/8	N477AS	N477AS	0
410-7/8	N724AL	N724AL	0
1097-7/8	N264AK	N264AK	0
313-7/8	N287AK	N287AK	0
840-7/8	N570AS	N570AS	0
62002-7/8	N579AS	N579AS	0
1159-7/8	N587AS	N587AS	0
432-7/8	N709AL	N709AL	0
898-7/8	N720AL	N720AL	0
1006-7/8	N976AK	N976AK	0
2-7/8	N537AS	N537AS	0
534-7/8	N955AK	N955AK	0
61-7/8	N614AS	N614AS	0
732-7/8	N491AS	N491AS	0
905-7/8	N472AS	N472AS	0
3-7/8	N538AS	N538AS	0
535-7/8	N274AK	N274AK	0
676-7/8	N265AK	N265AK	0
1315-7/8	N712AL	N712AL	0
1198-7/8	N947AK	N947AK	0
1319-7/8	N492AS	N492AS	0
65-7/8	N607AS	N607AS	0
122-7/8	N946AK	N946AK	0
1300-7/8	N280AK	N280AK	0
1083-7/8	N975AK	N975AK	0
582-7/8	N548AS	N548AS	0
773-7/8	N546AS	N546AS	0
518-7/8	N949AK	N949AK	0
44-7/8	N612AS	N612AS	0
756-7/8	N921AK	N921AK	0
1297-7/8	N934AK	N934AK	0
1238-7/8	N469AS	N469AS	0
1269-7/8	N903AK	N903AK	0
64001-7/8	N613AS	N613AS	0
1242001-7/8	N431AS	N431AS	0
507-7/8	N734AL	N734AL	0
66-7/8	N536AS	N536AS	0
19-7/8	N283AK	N283AK	0
778-7/8	N961AK	N961AK	0
462-7/8	N527AS	N527AS	0
836-7/8	N408AS	N408AS	0
946-7/8	N971AK	N971AK	0
601-7/8	N813AK	N813AK	0
92-7/8	N974AK	N974AK	7
1235-7/8	N569AS	N569AS	0
103-7/8	N562AS	N562AS	0
16-7/8	N968AK	N968AK	0
1247-7/8	N618AS	N618AS	0
734-7/8	N292AK	N292AK	0
58-7/8	N290AK	N290AK	0
290-7/8	N723AL	N723AL	0
9-7/8	N532AS	N532AS	0
396-7/8	N275AK	N275AK	0
1225-7/8	N478AS	N478AS	0
389-7/8	N403AS	N403AS	0
646-7/8	N512AS	N512AS	0
1204-7/8	N268AK	N268AK	0
1287-7/8	N969AK	N969AK	0
1160-7/8	N973AK	N973AK	0
301-7/8	N954AK	N954AK	0
480-7/8	N977AK	N977AK	0
894-7/8	N557AS	N557AS	0
517-7/8	N282AK	N282AK	0
569-7/8	N413AS	N413AS	0
89-7/8	N619AS	N619AS	0
1100-7/8	N593AS	N593AS	0
1358-7/8	N440AS	N440AS	0
131-7/8	N495AS	N495AS	0
947-7/8	N597AS	N597AS	0
572-7/8	N565AS	N565AS	0
1191-7/8	N552AS	N552AS	0
485-7/8	N468AS	N468AS	0
929-7/8	N514AS	N514AS	0
1046-7/8	N251AK	N251AK	0
868-7/8	N588AS	N588AS	0
1147-7/8	N581AS	N516AS	0
783-7/8	N483AS	N483AS	0
406-7/8	N291BT	N291BT	0
397-7/8	N517AS	N517AS	0
697-7/8	N464AS	N464AS	0
509-7/8	N253AK	N253AK	0
176-7/8	N710AL	N710AL	0
1279-7/8	N428AS	N428AS	0
305-7/8	N738AL	N738AL	0
226-7/8	N801AK	N801AK	0
860-7/8	N926AK	N926AK	0
1175-7/8	N707AL	N984AK	0
293-7/8	N419AS	N419AS	0
1086-7/8	N453AS	N453AS	0
51-7/8	N803AK	N803AK	0
450-7/8	N716AL	N716AL	0
933-7/8	N281AK	N281AK	0
819-7/8	N978AK	N978AK	0
67002-7/8	N592AS	N592AS	0
1135-7/8	N423AS	N423AS	0
508-7/8	N248AK	N248AK	0
1257-7/8	N531AS	N531AS	0
634-7/8	N462AS	N462AS	0
600-7/8	N407AS	N407AS	0
460-7/8	N960AK	N960AK	0
522-7/8	N929AK	N929AK	0
975-7/8	N719AL	N920AK	0
571-7/8	N481AS	N481AS	0
1052001-7/8	N958AK	N958AK	24
1030-7/8	N556AS	N556AS	0
500-7/8	N913AK	N913AK	0
1421-7/8	N267AK	N267AK	0
56-7/8	N434AS	N434AS	0
64003-7/8	N613AS	N613AS	0
443-7/8	N270AK	N270AK	0
17-7/8	N936AK	N936AK	0
420-7/8	N731AL	N731AL	0
216-7/8	N474AS	N474AS	0
337001-7/8	N551AS	N551AS	0
271-7/8	N917AK	N917AK	0
326001-7/8	N703AL	N703AL	0
7-7/8	N566AS	N566AS	0
99-7/8	N609AS	N609AS	0
744-7/8	N494AS	N494AS	0
348-7/8	N238AK	N238AK	0
1396-7/8	N260AK	N260AK	0
1119-7/8	N526AS	N526AS	0
962-7/8	N309AS	N309AS	0
1138-7/8	N804AK	N804AK	0
1167-7/8	N805AK	N805AK	0
181-7/8	N553AS	N553AS	0
445-7/8	N433AS	N433AS	0
492-7/8	N983AK	N983AK	0
379-7/8	N237AK	N237AK	0
66001-7/8	N536AS	N536AS	0
1150-7/8	N294AK	N294AK	0
201-7/8	N928AK	N928AK	0
317-7/8	N513AS	N513AS	0
1042001-7/8	N577AS	N577AS	0
1092-7/8	N298AK	N298AK	0
561-7/8	N518AS	N518AS	0
941-7/8	N288AK	N288AK	40
287-7/8	N963AK	N963AK	0
334-7/8	N942AK	N942AK	0
155-7/8	N612AS	N612AS	0
151001-7/8	N619AS	N614AS	0
412-7/8	N486AS	N486AS	0
590-7/8	N247AK	N247AK	0
1019-7/8	N971AK	N971AK	0
591-7/8	N435AS	N435AS	0
86-7/8	N607AS	N607AS	0
720-7/8	N611AS	N611AS	0
1125-7/8	N563AS	N563AS	0
88-7/8	N619AS	N619AS	0
620-7/8	N525AS	N525AS	0
106-7/8	N972AK	N972AK	0
435-7/8	N297AK	N297AK	0
1146-7/8	N622AS	N622AS	0
688-7/8	N402AS	N402AS	0
157-7/9	N615AS	N615AS	0
1214-7/9	N472AS	N472AS	0
1321-7/9	N564AS	N564AS	0
64004-7/9	N613AS	N613AS	0
439-7/9	N224AK	N224AK	0
369-7/9	N962AK	N962AK	0
225-7/9	N708AL	N708AL	0
1468-7/9	N924AK	N924AK	0
1301-7/9	N493AS	N440AS	245
844-7/9	N530AS	N530AS	0
821-7/9	N560AS	N560AS	0
597-7/9	N966AK	N966AK	0
355-7/9	N459AS	N459AS	0
213-7/9	N938AK	N938AK	0
269-7/9	N408AS	N408AS	0
611-7/9	N918AK	N918AK	0
41-7/9	N932AK	N932AK	0
1122-7/9	N469AS	N469AS	0
134-7/9	N442AS	N442AS	0
339-7/9	N956AK	N956AK	0
1176-7/9	N587AS	N587AS	0
291001-7/9	N487AS	N487AS	0
896-7/9	N732AL	N732AL	0
806-7/9	N935AK	N935AK	0
1202-7/9	N813AK	N813AK	0
1370-7/9	N921AK	N921AK	0
376-7/9	N933AK	N933AK	0
94-7/9	N974AK	N974AK	0
494-7/9	N479AS	N479AS	0
398-7/9	N941AK	N941AK	0
788-7/9	N812AK	N812AK	0
97-7/9	N618AS	N618AS	0
278-7/9	N712AL	N712AL	0
960-7/9	N277AK	N277AK	36
382-7/9	N290AK	N290AK	0
599-7/9	N961AK	N961AK	0
353-7/9	N597AS	N597AS	0
1229-7/9	N546AS	N546AS	0
1455-7/9	N934AK	N934AK	0
229-7/9	N982AK	N982AK	0
735-7/9	N947AK	N947AK	0
538-7/9	N272AK	N272AK	0
1295-7/9	N514AS	N514AS	0
78-7/9	N478AS	N478AS	0
372-7/9	N214AK	N214AK	0
357-7/9	N586AS	N586AS	0
1163-7/9	N548AS	N548AS	0
1048001-7/9	N440AS	N440AS	0
730-7/9	N292AK	N292AK	0
632-7/9	N919AK	N919AK	0
1098-7/9	N431AS	N431AS	0
424-7/9	N457AS	N457AS	0
1140-7/9	N265AK	N265AK	0
1062-7/9	N946AK	N946AK	0
1107-7/9	N969AK	N969AK	0
66003-7/9	N536AS	N536AS	0
662-7/9	N491AS	N491AS	0
564-7/9	N467AS	N467AS	0
1131-7/9	N569AS	N569AS	0
472-7/9	N976AK	N976AK	0
1397-7/9	N280AK	N280AK	0
964-7/9	N309AS	N309AS	0
241-7/9	N274AK	N274AK	0
1047-7/9	N251AK	N251AK	0
510-7/9	N253AK	N253AK	0
182001-7/9	N553AS	N553AS	0
50-7/9	N803AK	N803AK	0
1093-7/9	N973AK	N973AK	0
1085-7/9	N593AS	N593AS	0
1294-7/9	N268AK	N268AK	0
805-7/9	N719AL	N719AL	0
67001-7/9	N592AS	N592AS	0
1031-7/9	N556AS	N556AS	0
823-7/9	N464AS	N464AS	0
779-7/9	N481AS	N481AS	0
69001-7/9	N273AK	N284AK	0
77-7/9	N615AS	N615AS	0
550-7/9	N964AK	N964AK	0
1310-7/9	N284AK	N287AK	64
386-7/9	N710AL	N710AL	0
64002-7/9	N613AS	N613AS	0
409-7/9	N724AL	N724AL	0
391-7/9	N275AK	N275AK	0
513-7/9	N955AK	N955AK	0
839-7/9	N535AS	N535AS	0
523-7/9	N433AS	N433AS	0
338-7/9	N264AK	N264AK	0
45-7/9	N562AS	N562AS	0
1280-7/9	N428AS	N428AS	0
1104-7/9	N552AS	N552AS	0
478-7/9	N975AK	N975AK	0
84-7/9	N928AK	N928AK	0
939-7/9	N581AS	N516AS	0
1054-7/9	N423AS	N423AS	0
1087-7/9	N453AS	N453AS	0
1028-7/9	N912AK	N912AK	0
801-7/9	N579AS	N579AS	0
1318001-7/9	N706AL	N706AL	0
155001-7/9	N612AS	N612AS	0
151-7/9	N619AS	N614AS	0
1199-7/9	N952AK	N952AK	0
525-7/9	N931AK	N931AK	0
1203-7/9	N531AS	N531AS	0
87-7/9	N607AS	N607AS	0
1052-7/9	N958AK	N958AK	0
1168-7/9	N971AK	N971AK	0
1215-7/9	N448AS	N423AS	167
1139-7/9	N804AK	N804AK	0
177-7/9	N549AS	N549AS	0
579-7/9	N805AK	N805AK	0
1042-7/9	N577AS	N577AS	0
205-7/9	N309AS	N309AS	15
721-7/9	N611AS	N611AS	0
1288-7/9	N519AS	N519AS	0
719-7/9	N563AS	N563AS	0
965-7/9	N277AK	N277AK	27
193-7/9	N293AK	N293AK	0
403-7/9	N407AS	N407AS	0
1158-7/9	N512AS	N512AS	0
1327-7/9	N949AK	N949AK	0
167-7/9	N984AK	N984AK	0
1194-7/9	N285AK	N285AK	26
136-7/9	N801AK	N801AK	0
827-7/9	N495AS	N495AS	0
66002-7/9	N536AS	N536AS	0
1224-7/9	N294AK	N294AK	0
141-7/9	N494AS	N494AS	0
1005-7/9	N236AK	N236AK	0
780-7/9	N281AK	N281AK	0
1156-7/9	N979AK	N979AK	0
1004-7/9	N435AS	N435AS	0
1321001-7/9	N564AS	N564AS	0
67003-7/9	N592AS	N592AS	0
1034-7/9	N974AK	N974AK	0
642-7/9	N985AK	N985AK	0
268-7/9	N553AS	N553AS	0
228-7/9	N434AS	N434AS	0
729-7/9	N713AL	N713AL	0
70-7/9	N609AS	N609AS	0
1110-7/9	N622AS	N622AS	0
922-7/9	N247AK	N247AK	0
133-7/9	N525AS	N525AS	0
644-7/9	N961AK	N961AK	5
46-7/9	N562AS	N562AS	0
1067-7/9	N469AS	N469AS	0
1264-7/9	N570AS	N570AS	0
444-7/9	N493AS	N493AS	0
91-7/9	N529AS	N529AS	0
774-7/9	N813AK	N813AK	0
622-7/9	N803AK	N803AK	0
282-7/9	N924AK	N924AK	0
307-7/9	N419AS	N419AS	81
69-7/9	N273AK	N284AK	0
1040-7/9	N973AK	N973AK	0
1162-7/9	N569AS	N569AS	0
436-7/9	N720AL	N720AL	0
547-7/9	N433AS	N433AS	0
980-7/9	N972AK	N972AK	0
67-7/9	N592AS	N592AS	0
728-7/9	N593AS	N593AS	0
197001-7/9	N588AS	N588AS	0
314-7/9	N707AL	N707AL	0
736-7/9	N613AS	N613AS	0
1152-7/9	N594AS	N594AS	0
545-7/9	N253AK	N253AK	0
315-7/9	N277AK	N277AK	27
1039-7/9	N913AK	N913AK	0
380-7/9	N468AS	N468AS	0
1230-7/9	N556AS	N556AS	0
1020-7/9	N431AS	N431AS	0
919-7/9	N918AK	N918AK	0
36-7/9	N734AL	N734AL	0
115-7/9	N947AK	N947AK	0
138-7/9	N708AL	N708AL	0
374-7/9	N706AL	N706AL	0
344-7/9	N527AS	N527AS	0
192-7/9	N618AS	N618AS	0
22-7/9	N282AK	N282AK	0
455-7/9	N236AK	N236AK	0
259-7/9	N581AS	N557AS	0
161-7/9	N251AK	N251AK	0
924-7/9	N287AK	N270AK	0
959-7/9	N563AS	N563AS	0
1057-7/9	N723AL	N723AL	0
185-7/9	N453AS	N453AS	0
360-7/9	N477AS	N477AS	0
119-7/9	N224AK	N224AK	0
498-7/9	N586AS	N586AS	0
394-7/9	N716AL	N716AL	0
340-7/9	N956AK	N956AK	0
70001-7/9	N609AS	N609AS	0
490-7/9	N926AK	N926AK	0
400-7/9	N487AS	N487AS	0
367-7/9	N978AK	N978AK	0
59-7/9	N562AS	N562AS	0
423-7/9	N958AK	N958AK	0
536-7/9	N506AS	N506AS	0
328-7/9	N942AK	N942AK	0
427-7/9	N953AK	N953AK	0
112-7/9	N949AK	N949AK	0
144-7/9	N564AS	N564AS	0
452-7/9	N964AK	N964AK	0
1227-7/9	N724AL	N724AL	0
464-7/9	N920AK	N920AK	0
172-7/9	N296AK	N296AK	0
164-7/9	N928AK	N928AK	0
109-7/9	N592AS	N592AS	0
880-7/9	N809AK	N809AK	0
810-7/9	N560AS	N560AS	0
558-7/9	N733AL	N733AL	0
828-7/9	N464AS	N464AS	0
814-7/9	N719AL	N719AL	0
826-7/9	N535AS	N535AS	0
1029-7/9	N912AK	N912AK	0
