===== Copy Generation Summary =====
#Iter     Gen     Ind     Mul     CSC   CSC-Mul    Used            Obj
    1     463     440      23       0         0     194      3.152e+07
    2     444     444       0       0         0     216      3.055e+07
    3     447     447       0       0         0     220      2.662e+07
    4     446     446       0       0         0     230      2.561e+07
    5     443     443       0       0         0     233      2.472e+07
    6     443     443       0       0         0     244      1.977e+07
    7     439     439       0       0         0     222      1.833e+07
    8     440     440       0       0         0     237      1.782e+07
    9     435     435       0       0         0     243      1.656e+07
   10     432     427       5       0         0     247      1.577e+07
   11     433     427       6       0         0     236      1.486e+07
   12     426     426       0       0         0     223      1.414e+07
   13     424     424       0       0         0     237      1.342e+07
   14     424     424       0       0         0     238      1.279e+07
   15     424     424       0       0         0     229      1.232e+07
   16     426     424       2       0         0     265       1.09e+07
   17     424     424       0       0         0     243      1.004e+07
   18     424     424       0       0         0     218      9.516e+06
   19     424     424       0       0         0     243      9.111e+06
   20     424     424       0       0         0     243      8.535e+06
   21     424     424       0       0         0     297      7.994e+06
   22     424     424       0       0         0     238      7.707e+06
   23     424     424       0       0         0     242      7.252e+06
   24     424     424       0       0         0     295      6.608e+06
   25     424     424       0       0         0     222      6.073e+06
   26     424     424       0       0         0     234       5.65e+06
   27     424     424       0       0         0     202      5.593e+06
   28     424     424       0       0         0     223       5.48e+06
   29     424     424       0       0         0     236      5.391e+06
   30     424     424       0       0         0     207      5.261e+06
   31     423     423       0       0         0     256      4.962e+06
   32     424     424       0       0         0     231      4.878e+06
   33     426     422       4       0         0     202      4.791e+06
   34     423     423       0       0         0     276      4.567e+06
   35     424     424       0       0         0     204       4.44e+06
   36     424     424       0       0         0     189      4.239e+06
   37     423     419       4       0         0     247      4.129e+06
   38     426     417       9       0         0     204      4.012e+06
   39     419     413       6       0         0     227      3.852e+06
   40     416     409       7       0         0     208      3.719e+06
   41     416     410       6       0         0     209       3.56e+06
   42     403     397       6       0         0     211      3.419e+06
   43     390     387       3       0         0     191      3.358e+06
   44     403     392      11       0         0     240      3.339e+06
   45     403     383      20       0         0     247      3.205e+06
   46     384     373      11       0         0     183      3.062e+06
   47     380     365      15       0         0     202       2.97e+06
   48     374     359      15       0         0     214      2.928e+06
   49     370     362       8       0         0     171       2.82e+06
   50     361     358       3       0         0     188       2.77e+06
   51     367     359       8       0         0     173      2.721e+06
   52     364     358       6       0         0     146      2.634e+06
   53     356     356       0       0         0     169      2.612e+06
   54     372     372       0       0         0     179      2.583e+06
   55     358     358       0       0         0     178      2.566e+06
   56     358     356       2       0         0     233      2.544e+06
   57     363     356       7       0         0     216      2.531e+06
   58     358     356       2       0         0     153      2.499e+06
   59     361     356       5       0         0     153       2.49e+06
   60     358     356       2       0         0     176      2.477e+06
   61     358     356       2       0         0     170      2.454e+06
   62     358     356       2       0         0     179       2.44e+06
   63     361     356       5       0         0     141       2.39e+06
   64     358     356       2       0         0     175      2.383e+06
   65     358     356       2       0         0     187      2.325e+06
   66     358     356       2       0         0     167      2.303e+06
   67     358     356       2       0         0     188      2.277e+06
   68     358     356       2       0         0     152       2.26e+06
   69     357     355       2       0         0     131      2.254e+06
   70     355     353       2       0         0     128      2.238e+06
   71     358     356       2       0         0     176      2.232e+06
   72     362     357       5       0         0     178      2.131e+06
   73     357     355       2       0         0     176      2.119e+06
   74     358     356       2       0         0     180      2.114e+06
   75     356     354       2       0         0     156      2.112e+06
   76     358     356       2       0         0     175      2.089e+06
   77     356     354       2       0         0      92      2.085e+06
   78     358     356       2       0         0     121       2.07e+06
   79     351     345       6       0         0     140      2.064e+06
   80     340     338       2       0         0     143      2.063e+06
   81     338     334       4       0         0      96      2.053e+06
   82     340     333       7       0         0     143      2.052e+06
   83     336     331       5       0         0     106      1.978e+06
   84     278     274       4       0         0      60      1.978e+06
   85     289     285       4       0         0      98      1.976e+06
   86     287     285       2       0         0      61       1.91e+06
   87     261     259       2       0         0      69      1.907e+06
   88     281     276       5       0         0      63      1.892e+06
   89     231     227       4       0         0      50       1.89e+06
   90     277     275       2       0         0     126      1.889e+06
   91     205     199       6       0         0      45      1.888e+06
   92     200     198       2       0         0      81      1.886e+06
   93     233     231       2       0         0      96      1.885e+06
   94     183     181       2       0         0      85      1.882e+06
   95     268     266       2       0         0      67      1.882e+06
   96     229     227       2       0         0      88      1.879e+06
   97     203     199       4       0         0      95      1.875e+06
   98     170     168       2       0         0      72      1.873e+06
   99     248     239       9       0         0      99      1.873e+06
  100     182     178       4       0         0      88      1.872e+06
  101     175     169       6       0         0      72      1.872e+06
  102     166     164       2       0         0      61      1.866e+06
  103     165     163       2       0         0      78      1.865e+06
  104     163     161       2       0         0      74      1.863e+06
  105     161     159       2       0         0      63      1.863e+06
  106     162     160       2       0         0      78      1.863e+06
  107     162     160       2       0         0      52      1.861e+06
  108     164     162       2       0         0      77      1.855e+06
  109     160     158       2       0         0      85      1.827e+06
  110     162     160       2       0         0      55      1.827e+06
  111     163     161       2       0         0      78      1.827e+06
  112     158     156       2       0         0      63      1.827e+06
  113     157     155       2       0         0      66      1.827e+06
  114     158     152       6       0         0      60      1.824e+06
  115     162     154       8       0         0      92      1.793e+06
  116     160     158       2       0         0      94      1.793e+06
  117     161     159       2       0         0      37      1.793e+06
  118     157     155       2       0         0      59      1.793e+06
  119     161     159       2       0         0      73      1.793e+06
  120     147     140       7       0         0      53      1.793e+06
  121     133     125       8       0         0      31      1.781e+06
  122     141     126      15       0         0      38      1.781e+06
  123     127     122       5       0         0      52      1.781e+06
  124      93      87       6       0         0      22      1.781e+06
  125      98      96       2       0         0      36      1.781e+06
  126     159     154       5       0         0      23      1.781e+06
  127      99      92       7       0         0      27      1.781e+06
  128      88      86       2       0         0      17      1.781e+06
  129      57      49       8       0         0      12      1.781e+06
  130      45      42       3       0         0       6      1.781e+06
  131     148     145       3       0         0      31      1.781e+06
  132      64      59       5       0         0       9      1.781e+06
  133      48      43       5       0         0       8      1.781e+06
  134      44      36       8       0         0       2      1.781e+06
  135      30      25       5       0         0       0      1.781e+06
  136      24      21       3       0         0       8      1.781e+06
  137      36      29       7       0         0      12      1.781e+06
  138      16      14       2       0         0       0      1.781e+06
  139      23      18       5       0         0       7      1.781e+06
  140      31      23       8       0         0       6      1.781e+06
  141      26      21       5       0         0       3      1.781e+06
  142      26      23       3       0         0       1      1.781e+06
  143      11       8       3       0         0       1      1.781e+06
  144       9       4       5       0         0       2      1.781e+06
  145      16       7       9       0         0       4      1.781e+06
  146      20      14       6       0         0       2      1.781e+06
  147      14       8       6       0         0       0      1.781e+06
  148      10       4       6       0         0       1      1.781e+06
  149      13       7       6       0         0       2      1.781e+06
  150       8       5       3       0         0       0      1.781e+06
  151       9       4       5       0         0       2      1.781e+06
  152       8       8       0       0         0       0      1.781e+06
  153       6       1       5       0         0       0      1.781e+06
  154       4       1       3       0         0       1      1.781e+06
