Run time(sec):             21993
IP gap:499.7
======================= COST =======================
======================= COST =======================
Total:              1556450
Cancel:             1.825e+09
Delay:               1.99e+04
Swaps:              2.028e+06
PosViol:            4.425e+06
CSC:                3.713e+06

===================== DISRUPTION ===================
# Cancelled:             1033
# Delayed:                  3
# Swaps:                  169
# CSCs:                   172
Ttl delay(min):	          199
Avg delay(min):	           66
Min delay(min):	           15
Max delay(min):	          107

================= AIRPORT CAPACITY =================

================= AIRCRAFT LOCATION ================
Aircraft     PlannedEnd      ActualEnd
N214AK            AUS            SAN
N224AK            ANC            PHX
N236AK            IAD            JFK
N237AK            SEA            LAS
N238AK            IAD            GEG
N247AK            SEA            SEA
N248AK            SEA            DEN
N251AK            EUG            SEA
N253AK            IND            LAS
N260AK            PDX            AUS
N264AK            OMA            ONT
N265AK            SFO            AUS
N267AK            PDX            SEA
N268AK            PDX            SAN
N270AK            SEA            ORD
N272AK            ORD            BOS
N273AK            JNU            PDX
N274AK            MKE            SEA
N275AK            LAS            GEG
N277AK            CMH            LAX
N280AK            PDX            LAS
N281AK            ABQ            ABQ
N282AK            JFK            SEA
N283AK            PDX            SEA
N284AK            SJC            SEA
N285AK            SMF            DFW
N287AK            RDM            SEA
N288AK            ORD            PAE
N290AK            BNA            SEA
N291BT            SEA            LAX
N292AK            LAS            ANC
N293AK            ANC            SFO
N294AK            LAX            DTW
N296AK            PHX            SAN
N297AK            SFO            FAI
N298AK            LAX            BUR
N307AS            SEA            SEA
N309AS            JNU            JNU
N318AS            SEA            SEA
N402AS            LAS            ANC
N403AS            SAN            ATL
N408AS            ANC            JFK
N409AS            SFO            GEG
N413AS            SEA            SEA
N419AS            BOS            SFO
N423AS            LAX            BNA
N431AS            MCO            SFO
N433AS            CLE            SFO
N434AS            ANC            ORD
N435AS            GEG            CLE
N440AS            LAX            ATL
N442AS            SEA            IND
N448AS            SEA            MCI
N453AS            JNU            HNL
N457AS            DFW            PDX
N459AS            SFO            DEN
N462AS            SFO            SEA
N464AS            ANC            CHS
N467AS            MCI            TPA
N469AS            GEG            IAD
N471AS            SEA            ANC
N472AS            SJC            SAN
N474AS            SEA            ANC
N477AS            TPA            SFO
N478AS            ANC            ANC
N481AS            PDX            PDX
N483AS            PDX            SFO
N486AS            SEA            SEA
N487AS            BNA            RDM
N491AS            PDX            STL
N492AS            PDX            SEA
N493AS            PHL            SEA
N494AS            ANC            RNO
N495AS            HNL            PDX
N506AS            BOS            ANC
N508AS            DCA            PHX
N512AS            SNA            LAX
N513AS            SEA            SAN
N514AS            SFO            RDM
N516AS            LAX            SEA
N517AS            SAN            SMF
N518AS            LAX            KOA
N519AS            SNA            SNA
N520AS            ANC            ANC
N523AS            SEA            SAN
N525AS            ANC            SNA
N526AS            SEA            DEN
N527AS            BWI            RNO
N529AS            SIT            SAN
N530AS            SJC            SEA
N531AS            SEA            SEA
N532AS            PDX            SEA
N535AS            SAN            KOA
N536AS            SEA            SNA
N537AS            DCA            LAS
N538AS            SEA            DCA
N546AS            SEA            DEN
N548AS            DEN            SNA
N549AS            ADQ            ADQ
N551AS            SEA            SNA
N552AS            SNA            ANC
N553AS            SEA            PDX
N556AS            SMF            LAX
N557AS            SAN            SAN
N560AS            SEA            SNA
N562AS            MSP            SEA
N564AS            ANC            PSC
N565AS            SEA            JNU
N568AS            LAX            LIH
N569AS            SAN            SAN
N570AS            SAN            STS
N577AS            SEA            DCA
N579AS            KOA            SEA
N581AS            BOS            EWR
N586AS            PDX            KTN
N587AS            PHX            SEA
N589AS            JFK            KOA
N590AS            DCA            KOA
N592AS            ORD            ANC
N593AS            LAS            LAS
N594AS            OAK            PDX
N596AS            SEA            OKC
N597AS            OGG            KOA
N607AS            ANC            ANC
N609AS            SIT            SIT
N611AS            SEA            SEA
N612AS            ANC            ANC
N613AS            RNO            RNO
N615AS            JNU            JNU
N618AS            ANC            ANC
N619AS            ANC            ANC
N622AS            SEA            SEA
N703AL            SEA            SAN
N705AL            LAX            OGG
N706AL            EWR            MCO
N707AL            EWR            SJC
N708AL            ORD            SFO
N709AL            TPA            ONT
N710AL            MSP            OGG
N712AL            LAX            MSY
N713AL            PDX            SFO
N716AL            MCO            SEA
N719AL            SEA            JFK
N720AL            BOS            ANC
N722AL            SEA            IAH
N723AL            DFW            EWR
N724AL            AUS            EUG
N725AL            SFO            ORD
N729AL            LAX            ANC
N731AL            MCO            LAS
N732AL            SEA            ONT
N733AL            PDX            IAD
N734AL            JFK            TPA
N738AL            SEA            BUR
N801AK            ANC            ANC
N803AK            JFK            JFK
N804AK            SEA            SEA
N805AK            LAX            LAX
N806AK            LAX            LAX
N809AK            SEA            SEA
N812AK            SFO            SFO
N813AK            SEA            SEA
N903AK            PDX            BUR
N912AK            SAN            LAX
N913AK            GEG            PDX
N915AK            SEA            SEA
N917AK            ONT            SEA
N918AK            RDU            PDX
N919AK            PHX            LAS
N920AK            ATL            MSP
N921AK            AUS            MCO
N924AK            EWR            ORD
N926AK            MSY            LAS
N928AK            DEN            STL
N929AK            SEA            ATL
N931AK            PDX            ORD
N932AK            SFO            SEA
N933AK            ORD            JFK
N934AK            ANC            PDX
N935AK            SAN            MCO
N936AK            SEA            ONT
N938AK            LAX            SFO
N941AK            IAH            FAI
N942AK            ORD            SMF
N947AK            FAI            DFW
N948AK            LAX            PDX
N949AK            FAI            PHX
N952AK            SEA            ATL
N953AK            CVG            JNU
N954AK            PDX            SEA
N955AK            SFO            SEA
N956AK            PIT            ORD
N958AK            SAT            SAN
N960AK            BOS            LAX
N961AK            PHX            SAN
N962AK            SFO            GEG
N963AK            LAX            SEA
N964AK            IAH            PDX
N966AK            SFO            SFO
N967AK            LAX            SAN
N968AK            JFK            AUS
N969AK            PDX            SAN
N972AK            SFO            SFO
N973AK            ONT            GEG
N974AK            BOI            LAX
N975AK            LAS            MCO
N976AK            STL            SJC
N977AK            SEA            ANC
N978AK            IAD            SEA
N982AK            SEA            SEA
N983AK            ATL            JFK
N984AK            FAI            PDX
N985AK            DEN            SEA
N990AK            LAX            PDX
N407AS            SEA            CLE
N428AS            LAX            SEA
N468AS            DTW            SEA
N479AS            SEA            SEA
N563AS            GEG            ANC
N566AS            SFO            SEA
N588AS            ANC            DCA
N614AS            ANC            ANC
N946AK            BUR            EWR
N971AK            BUR            SEA
N979AK            SAN            TPA
