===== Copy Generation Summary =====
#Iter       TotalGen  ind(reg)  mul(reg)  ind(csc)  mul(csc) TotalUsed  ind(reg)  mul(reg)  ind(csc)  mul(csc)            obj
    1            463       350        23        90         0       197       173        11        13         0      2.375e+08
    2            444       307         0       137         0       179       150         0        29         0      6.373e+07
    3            447       386         0        61         0       230       217         0        13         0      4.989e+07
    4            446       337         0       109         0       247       203         0        44         0      3.995e+07
    5            445       396         2        47         0       271       244         0        27         0      3.834e+07
    6            444       390         0        54         0       279       258         0        21         0      2.927e+07
    7            442       399         0        43         0       256       229         0        27         0      2.738e+07
    8            441       363         0        78         0       246       218         0        28         0      2.477e+07
    9            438       382         0        56         0       240       216         0        24         0      2.149e+07
   10            437       342         0        95         0       262       210         0        52         0      1.911e+07
   11            436       377         0        59         0       255       220         0        35         0      1.768e+07
   12            432       372         0        60         0       223       208         0        15         0      1.673e+07
   13            425       367         0        58         0       247       227         0        20         0      1.559e+07
   14            426       384         0        42         0       261       252         0         9         0       1.48e+07
   15            424       348         0        76         0       228       216         0        12         0      1.393e+07
   16            424       365         0        59         0       242       199         0        43         0      1.331e+07
   17            424       393         0        31         0       240       228         0        12         0      1.246e+07
   18            424       349         0        75         0       192       156         0        36         0      1.168e+07
   19            424       357         0        67         0       263       247         0        16         0      1.015e+07
   20            424       404         0        20         0       240       229         0        11         0      8.915e+06
   21            424       395         0        29         0       264       258         0         6         0      8.291e+06
   22            424       398         0        26         0       217       215         0         2         0      7.779e+06
   23            424       406         0        18         0       255       246         0         9         0      7.458e+06
   24            424       376         0        48         0       198       190         0         8         0      7.171e+06
   25            424       372         0        52         0       271       236         0        35         0      6.259e+06
   26            424       369         0        55         0       235       232         0         3         0      5.681e+06
   27            424       370         0        54         0       222       214         0         8         0      5.398e+06
   28            424       364         0        60         0       232       210         0        22         0      5.122e+06
   29            424       360         0        64         0       238       220         0        18         0      4.871e+06
   30            426       383         4        39         0       209       197         3         9         0      4.664e+06
   31            426       367         4        55         0       198       187         3         8         0      4.461e+06
   32            427       347         7        73         0       222       206         6        10         0      4.342e+06
   33            423       379         0        44         0       210       184         0        26         0      4.187e+06
   34            430       344         9        77         0       271       232         7        32         0      4.109e+06
   35            418       372         2        44         0       248       237         2         9         0      4.013e+06
   36            420       318         7        95         0       206       184         5        17         0      3.897e+06
   37            429       293         6       130         0       211       184         6        21         0      3.855e+06
   38            424       365         0        59         0       204       203         0         1         0      3.798e+06
   39            422       326        16        80         0       184       172        12         0         0       3.73e+06
   40            420       290        28       102         0       173       156        10         7         0      3.667e+06
   41            418       285        44        89         0       182       147        15        20         0      3.574e+06
   42            413       312        32        69         0       228       199        23         6         0        3.5e+06
   43            383       321        17        45         0       232       207         5        20         0      3.391e+06
   44            417       328        44        45         0       221       190        24         7         0       3.35e+06
   45            389       351        26        12         0       228       224         3         1         0      3.294e+06
   46            371       321         9        41         0       257       243         0        14         0      3.242e+06
   47            379       348        15        16         0       209       195         0        14         0      3.214e+06
   48            385       301        25        59         0       181       174         3         4         0      3.193e+06
   49            368       309         9        50         0       182       169         0        13         0      3.144e+06
   50            376       302        13        61         0       186       177         3         6         0      3.093e+06
   51            381       326        22        33         0       247       234         2        11         0      3.031e+06
   52            366       254         7       105         0       160       149         0        11         0      2.993e+06
   53            362       308         5        49         0       219       210         0         9         0      2.931e+06
   54            362       273         5        84         0       187       171         0        16         0      2.898e+06
   55            363       280         7        76         0       174       163         0        11         0      2.857e+06
   56            362       287         5        70         0       183       174         0         9         0       2.76e+06
   57            362       267         5        90         0       175       148         0        27         0      2.667e+06
   58            362       265         5        92         0       155       144         0        11         0      2.642e+06
   59            362       264         5        93         0       156       123         0        33         0      2.619e+06
   60            360       266         5        89         0       161       139         0        22         0      2.596e+06
   61            363       258         8        97         0       148       123         2        23         0       2.51e+06
   62            360       249         6       105         0       198       173         0        25         0      2.503e+06
   63            357       281         5        71         0       181       176         0         5         0      2.466e+06
   64            362       263         5        94         0       165       160         0         5         0      2.455e+06
   65            360       254         6       100         0       141       131         0        10         0      2.431e+06
   66            361       227         8       126         0       145       108         2        35         0      2.406e+06
   67            362       249         5       108         0       177       164         0        13         0      2.394e+06
   68            362       258         5        99         0       176       168         0         8         0      2.372e+06
   69            367       230         9       128         0       136       111         1        24         0      2.304e+06
   70            362       306         5        51         0       181       181         0         0         0      2.279e+06
   71            370       222        21       127         0       166       117         7        42         0      2.241e+06
   72            354       275         5        74         0       167       151         0        16         0      2.186e+06
   73            355       253         9        93         0       170       159         3         8         0       2.17e+06
   74            352       236         6       110         0       163       130         0        33         0      2.159e+06
   75            338       260        10        68         0       131       124         5         2         0      2.126e+06
   76            357       244        15        98         0       120       111         5         4         0      2.117e+06
   77            332       242         7        83         0       114       112         0         2         0      2.098e+06
   78            328       191        22       115         0       129        98        10        21         0      2.074e+06
   79            315       196        12       107         0       128       125         0         3         0      2.044e+06
   80            284       197         6        81         0        69        61         0         8         0       2.04e+06
   81            300       191         9       100         0       126       111         4        11         0       1.99e+06
   82            258       176         6        76         0        98        91         0         7         0      1.988e+06
   83            229       154        10        65         0        84        78         4         2         0      1.966e+06
   84            271       194        27        50         0       107        90        15         2         0      1.939e+06
   85            299       170         9       120         0        99        81         4        14         0      1.935e+06
   86            297       178         8       111         0       134        88         3        43         0      1.898e+06
   87            242       189         9        44         0       125       124         0         1         0      1.895e+06
   88            217       153        13        51         0       103       103         0         0         0      1.888e+06
   89            188       112         8        68         0        58        51         3         4         0      1.885e+06
   90            176       117         4        55         0        76        71         0         5         0      1.881e+06
   91            227       173         5        49         0        97        90         0         7         0      1.878e+06
   92            176        90         9        77         0        47        45         0         2         0      1.875e+06
   93            306       224        21        61         0       135       125         8         2         0      1.873e+06
   94            175       141         8        26         0        74        67         0         7         0      1.872e+06
   95            178       136         9        33         0        57        54         2         1         0      1.871e+06
   96            264       197         5        62         0        94        92         0         2         0      1.869e+06
   97            183       149         9        25         0        88        87         0         1         0      1.867e+06
   98            189       133        10        46         0        75        66         0         9         0      1.855e+06
   99            181       124        13        44         0        72        66         5         1         0      1.854e+06
  100            186        89        15        82         0        76        39         4        33         0      1.797e+06
  101            171       145         9        17         0        74        74         0         0         0      1.797e+06
  102            162       112         3        47         0        73        66         0         7         0      1.797e+06
  103            168       115        15        38         0        66        56         9         1         0      1.797e+06
  104            161       151         4         6         0       116       116         0         0         0      1.797e+06
  105            157        95         3        59         0        45        36         3         6         0      1.797e+06
  106            155       104         7        44         0        48        44         0         4         0      1.797e+06
  107            159       144         3        12         0        92        92         0         0         0      1.793e+06
  108            159       103         2        54         0        52        52         0         0         0      1.793e+06
  109            156       102        11        43         0        60        56         3         1         0      1.793e+06
  110            158        84        14        60         0        49        43         5         1         0      1.791e+06
  111            152       127         4        21         0        84        83         0         1         0      1.789e+06
  112            136        76         7        53         0        35        33         0         2         0      1.789e+06
  113            150        76        35        39         0        64        36        27         1         0      1.775e+06
  114            152        82         2        68         0        33        31         0         2         0      1.775e+06
  115            136       100         6        30         0        51        51         0         0         0      1.775e+06
  116            128        55        18        55         0        28        25         2         1         0      1.775e+06
  117             95        52         8        35         0        23        19         2         2         0      1.763e+06
  118             76        40         7        29         0        17        14         2         1         0      1.763e+06
  119             59        12        12        35         0         4         3         0         1         0      1.763e+06
  120             58        28         7        23         0         7         7         0         0         0      1.763e+06
  121             36        14        11        11         0         4         4         0         0         0      1.763e+06
  122             25        10         8         7         0         7         5         2         0         0      1.763e+06
  123             36        12         7        17         0         2         2         0         0         0      1.763e+06
  124             36        12        15         9         0         5         5         0         0         0      1.763e+06
  125             76        35        10        31         0        13        13         0         0         0      1.763e+06
  126             29         7        15         7         0         3         1         2         0         0      1.763e+06
  127            117        42        13        62         0         5         4         0         1         0      1.763e+06
  128             49        19        13        17         0         4         4         0         0         0      1.763e+06
  129             35         6        15        14         0         5         4         0         1         0      1.763e+06
  130             25         6        14         5         0         1         1         0         0         0      1.763e+06
  131             16         5         6         5         0         0         0         0         0         0      1.763e+06
  132              9         2         6         1         0         0         0         0         0         0      1.763e+06
  133             15         4         6         5         0         0         0         0         0         0      1.763e+06
