===== Copy Generation Summary =====
#Iter       TotalGen  ind(reg)  mul(reg)  ind(csc)  mul(csc) TotalUsed  ind(reg)  mul(reg)  ind(csc)  mul(csc)            obj
    1            457       328        80        49         0       167       124        36         7         0      2.091e+08
    2            430       291        52        87         0       174       118        38        18         0      1.131e+08
    3            425       309        19        97         0       175       151        15         9         0      1.416e+07
    4            414       333        14        67         0       189       159        10        20         0      8.231e+06
    5            415       357        15        43         0       209       168        10        31         0      4.949e+06
    6            408       378         4        26         0       192       178         3        11         0      2.442e+06
    7            401       376         4        21         0       209       201         3         5         0      2.442e+06
    8            397       361         3        33         0       199       176         2        21         0      2.442e+06
    9            399       359        14        26         0       179       167        11         1         0      2.274e+06
   10            400       341        25        34         0       196       174        18         4         0      2.274e+06
   11            395       320        37        38         0       178       148        24         6         0      2.274e+06
   12            363       291        39        33         0       187       158        28         1         0      2.259e+06
   13            376       278        71        27         0       207       152        52         3         0      2.243e+06
   14            313       223        63        27         0       162       111        44         7         0      2.229e+06
   15            309       191        96        22         0       156        91        62         3         0      2.216e+06
   16            276       187        73        16         0       142        97        42         3         0      2.154e+06
   17            189       148        24        17         0        86        74         8         4         0      2.139e+06
   18            194       148        21        25         0        90        67         9        14         0      2.138e+06
   19            171       142        24         5         0       118       103        15         0         0      2.138e+06
   20            147       126        18         3         0        77        61        14         2         0      2.138e+06
   21            137       100        13        24         0        60        47         4         9         0      2.138e+06
   22            138        86         9        43         0        49        37         4         8         0      2.128e+06
   23            113        78        20        15         0        43        30        10         3         0      2.128e+06
   24            118        65        37        16         0        53        28        24         1         0      2.104e+06
   25            102        38        44        20         0        40        16        24         0         0      2.104e+06
   26            115       103         1        11         0        63        63         0         0         0      2.097e+06
   27             89        46        22        21         0        34        18        14         2         0      2.097e+06
   28             37        20        12         5         0        11         4         6         1         0      2.096e+06
   29             27        12         9         6         0         8         5         3         0         0      2.096e+06
   30             12         3         7         2         0         6         0         6         0         0      2.096e+06
   31             15         8         3         4         0         3         1         2         0         0      2.095e+06
   32             11         6         5         0         0         6         3         3         0         0      2.095e+06
   33             93        43        49         1         0        76        38        38         0         0      2.095e+06
   34             31        13        16         2         0        16         5        10         1         0      2.095e+06
   35             11         8         1         2         0         3         3         0         0         0      2.095e+06
   36              6         3         1         2         0         0         0         0         0         0      2.095e+06
   37              5         3         2         0         0         2         0         2         0         0      2.095e+06
   38              4         4         0         0         0         1         1         0         0         0      2.095e+06
   39              5         3         2         0         0         2         0         2         0         0      2.095e+06
   40              4         4         0         0         0         1         1         0         0         0      2.095e+06
   41              4         3         0         1         0         1         1         0         0         0      2.095e+06
